2025-12-23:11:19:48,432 WARNING  [psi4.optking:38] Some dependencies such as QCElemental have not yet finished migration to pydantic v2. If issues are encountered please downgrade pydantic or upgrade QCElemental as appropriate
2025-12-23:11:19:48,591 INFO     [psi4.optking.optwrapper:234] Creating a UserComputer
2025-12-23:11:19:48,591 INFO     [psi4.optking.optwrapper:242] 
    			-----------------------------------------

    			 OPTKING 3.0: for geometry optimizations 

    			     By R.A. King, Bethel University     

    			        with contributions from          

    			    A.V. Copan, J. Cayton, A. Heide      

    			-----------------------------------------

    
2025-12-23:11:19:48,591 INFO     [psi4.optking.optwrapper:272] 
		 -- Optimization Parameters --
	GEOM_MAXITER                   =             500
	ALG_GEOM_MAXITER               =              50
	PRINT                          =               1
	OPT_TYPE                       =             MIN
	STEP_TYPE                      =             RFO
	PROGRAM                        =            PSI4
	STEEPEST_DESCENT_TYPE          =         OVERLAP
	CONJUGATE_GRADIENT_TYPE        =        FLETCHER
	OPT_COORDINATES                =        INTERNAL
	RFO_FOLLOW_ROOT                =           False
	RFO_ROOT                       =               0
	ACCEPT_SYMMETRY_BREAKING       =           False
	DYNAMIC_LVL                    =               0
	DYNAMIC_LVL_MAX                =               0
	IRC_STEP_SIZE                  =             0.2
	IRC_DIRECTION                  =         FORWARD
	IRC_POINTS                     =              20
	IRC_MODE                       =          NORMAL
	IRC_CONVERGENCE                =            -0.7
	INTRAFRAG_STEP_LIMIT           =             0.5
	INTRAFRAG_STEP_LIMIT_MIN       =           0.001
	INTRAFRAG_STEP_LIMIT_MAX       =             1.0
	INTERFRAG_STEP_LIMIT           =             0.5
	INTERFRAG_STEP_LIMIT_MIN       =           0.001
	INTERFRAG_STEP_LIMIT_MAX       =             1.0
	ENSURE_BT_CONVERGENCE          =           False
	SIMPLE_STEP_SCALING            =           False
	CONSECUTIVE_BACKSTEPS          =               0
	RFO_NORMALIZATION_MAX          =             100
	RSRFO_ALPHA_MAX                =     100000000.0
	PRINT_TRAJECTORY_XYZ_FILE      =           False
	WRITE_TRAJECTORY               =           False
	FROZEN_DISTANCE                =                
	FROZEN_BEND                    =                
	FROZEN_DIHEDRAL                =                
	FROZEN_OOFP                    =                
	FROZEN_CARTESIAN               =                
	FREEZE_ALL_DIHEDRALS           =           False
	UNFREEZE_DIHEDRALS             =                
	RANGED_DISTANCE                =                
	RANGED_BEND                    =                
	RANGED_DIHEDRAL                =                
	RANGED_OOFP                    =                
	RANGED_CARTESIAN               =                
	EXT_FORCE_DISTANCE             =                
	EXT_FORCE_BEND                 =                
	EXT_FORCE_DIHEDRAL             =                
	EXT_FORCE_OOFP                 =                
	EXT_FORCE_CARTESIAN            =                
	G_CONVERGENCE                  =           QCHEM
	MAX_FORCE_G_CONVERGENCE        =          0.0003
	RMS_FORCE_G_CONVERGENCE        =          0.0003
	MAX_ENERGY_G_CONVERGENCE       =           1e-06
	MAX_DISP_G_CONVERGENCE         =          0.0012
	RMS_DISP_G_CONVERGENCE         =          0.0012
	FLEXIBLE_G_CONVERGENCE         =           False
	HESS_UPDATE                    =            BFGS
	HESS_UPDATE_USE_LAST           =               4
	HESS_UPDATE_LIMIT              =            True
	HESS_UPDATE_LIMIT_MAX          =             1.0
	HESS_UPDATE_LIMIT_SCALE        =             0.5
	HESS_UPDATE_DEN_TOL            =           1e-07
	HESS_UPDATE_DQ_TOL             =             0.5
	CART_HESS_READ                 =           False
	HESSIAN_FILE                   =               .
	FULL_HESS_EVERY                =              -1
	INTRAFRAG_HESS                 =        SCHLEGEL
	H_GUESS_EVERY                  =           False
	BT_MAX_ITER                    =              25
	BT_DX_CONV                     =           1e-07
	BT_DX_RMS_CHANGE_CONV          =           1e-12
	BT_PINV_RCOND                  =           1e-06
	FRAG_MODE                      =          SINGLE
	FRAG_REF_ATOMS                 =              []
	FREEZE_INTRAFRAG               =           False
	INTERFRAG_MODE                 =           FIXED
	ADD_AUXILIARY_BONDS            =           False
	AUXILIARY_BOND_FACTOR          =             2.5
	INTERFRAG_DIST_INV             =           False
	INTERFRAG_COLLINEAR_TOL        =            0.01
	INTERFRAG_COORDS               =              []
	INTERFRAG_HESS                 =         DEFAULT
	COVALENT_CONNECT               =             1.3
	INTERFRAGMENT_CONNECT          =             1.8
	H_BOND_CONNECT                 =             4.3
	INCLUDE_OOFP                   =           False
	TEST_B                         =           False
	TEST_DERIVATIVE_B              =           False
	LINESEARCH_STEP                =             0.1
	LINESEARCH                     =           False
	SD_HESSIAN                     =             1.0
	FIX_VAL_NEAR_PI                =            1.57
	V3D_TORS_ANGLE_LIM             =           0.017
	V3D_TORS_COS_TOL               =           1e-10
	LINEAR_BEND_THRESHOLD          =            3.05
	SMALL_BEND_FIX_THRESHOLD       =            0.35
	REDUNDANT_EVAL_TOL             =           1e-10
	LINEAR_ALGEBRA_TOL             =           1e-10


2025-12-23:11:19:48,728 INFO     [psi4.optking.opt_helper:164] Molsys:

	                            ===> Fragment 1 <== 

	 Z (Atomic Numbers)          Masses                          Geom                  
	      10.000000            19.992440         -0.00000000  1.13383568  0.00000000   
	      10.000000            19.992440          0.00000000 -1.13383568  0.00000000   

	 - Coordinate -           - BOHR/RAD -       - ANG/DEG -
	 R(1,2)           =         2.267671           1.200000

2025-12-23:11:19:48,739 INFO     [psi4.driver.task_planner:259] PLANNING Atomic:  keywords={'DAMPING_PERCENTAGE': 1.0, 'GEOM_MAXITER': 500, 'GUESS': 'SAP', 'MAXITER': 500, 'REFERENCE': 'UKS', 'function_kwargs': {}}
2025-12-23:11:19:48,741 INFO     [psi4.driver.driver:638] Compute gradient(): method=b3lyp, basis=cc-pvdz, molecule=default, nre=44.09810088916667
2025-12-23:11:19:49,94 INFO     [psi4.driver.driver:641] Return gradient(): -256.8752599563799
2025-12-23:11:19:49,94 INFO     [psi4.driver.driver:642] [[ 0.00000000 -0.83486146 -0.00000000]
 [-0.00000000  0.83486146 -0.00000000]]
2025-12-23:11:19:49,96 INFO     [psi4.optking.molsys:944] Projected (PHP) Hessian matrix
	   1.048231

2025-12-23:11:19:49,96 INFO     [psi4.optking.opt_helper:182] 
	         Geometry (au)                                       Gradient (au)
  -0.0000000000   1.1338356753   0.0000000000		   0.0000000000  -0.8348614562  -0.0000000000
   0.0000000000  -1.1338356753   0.0000000000		  -0.0000000000   0.8348614562  -0.0000000000

2025-12-23:11:19:49,96 INFO     [psi4.optking.stepAlgorithms:929] 	Using RFO solution 1.
2025-12-23:11:19:49,97 INFO     [psi4.optking.displace:100] 	Determining Cartesian step for fragment 1.
2025-12-23:11:19:49,97 INFO     [psi4.optking.displace:415] 	Successfully converged to displaced geometry.
2025-12-23:11:19:49,97 INFO     [psi4.optking.displace:416] 	RMS(dx):  0.000e+00 	Max(dx):  0.000e+00 	RMS(dq):  0.000e+00
2025-12-23:11:19:49,97 INFO     [psi4.optking.displace:172] 

	        --- Internal Coordinate Step in ANG or DEG, aJ/ANG or AJ/DEG ---
	-------------------------------------------------------------------------------
	           Coordinate      Previous         Force          Change          New 
	           ----------      --------        ------          ------        ------
	               R(1,2)       1.20000        6.87819        0.26459       1.46459
	-------------------------------------------------------------------------------

2025-12-23:11:19:49,97 INFO     [psi4.optking.stepAlgorithms:113] 	|target step| :    0.5000001185
2025-12-23:11:19:49,97 INFO     [psi4.optking.stepAlgorithms:114] 	gradient     :   -0.8348614562
2025-12-23:11:19:49,97 INFO     [psi4.optking.stepAlgorithms:115] 	hessian      :    1.0482306732
2025-12-23:11:19:49,97 INFO     [psi4.optking.stepAlgorithms:113] 	|target step| :    0.5000001185
2025-12-23:11:19:49,97 INFO     [psi4.optking.stepAlgorithms:114] 	gradient     :   -0.8348614562
2025-12-23:11:19:49,97 INFO     [psi4.optking.stepAlgorithms:115] 	hessian      :    1.0482306732
2025-12-23:11:19:49,97 INFO     [psi4.optking.stepAlgorithms:206] 	Norm of achieved step-size    0.5000001185
2025-12-23:11:19:49,97 INFO     [psi4.optking.stepAlgorithms:208] 	Norm of achieved step-size (cart):    0.3535534744
2025-12-23:11:19:49,97 INFO     [psi4.optking.opt_helper:164] Molsys:

	                            ===> Fragment 1 <== 

	 Z (Atomic Numbers)          Masses                          Geom                  
	      10.000000            19.992440         -0.00000000  1.38383573  0.00000000   
	      10.000000            19.992440          0.00000000 -1.38383573  0.00000000   

	 - Coordinate -           - BOHR/RAD -       - ANG/DEG -
	 R(1,2)           =         2.767671           1.464589

2025-12-23:11:19:49,97 INFO     [psi4.optking.convcheck:76] Performing convergence check.
2025-12-23:11:19:49,98 INFO     [psi4.optking.convcheck:282] 
	                                 ==> Convergence Check <==                                  
    
	Measures of convergence in internal coordinates in au.
    
	Criteria marked as inactive (o), active & met (*), and active & unmet ( ).

	----------------------------------------------------------------------------------------------~
	   Step    Total Energy     Delta E     Max Force     RMS Force      Max Disp      RMS Disp   ~
	----------------------------------------------------------------------------------------------~
	  Convergence Criteria     1.00e-06 *    3.00e-04 *             o    1.20e-03 *             o~
	----------------------------------------------------------------------------------------------~
	     1    -256.87525996   -2.57e+02      8.35e-01      8.35e-01 o    5.00e-01      5.00e-01 o  ~
	----------------------------------------------------------------------------------------------


2025-12-23:11:19:49,98 INFO     [psi4.optking.stepAlgorithms:296] 	Convergence check returned False
2025-12-23:11:19:49,108 INFO     [psi4.driver.task_planner:259] PLANNING Atomic:  keywords={'DAMPING_PERCENTAGE': 1.0, 'GEOM_MAXITER': 500, 'SCF__GUESS': 'READ', 'GUESS': 'SAP', 'MAXITER': 500, 'REFERENCE': 'UKS', 'function_kwargs': {}}
2025-12-23:11:19:49,110 INFO     [psi4.driver.driver:638] Compute gradient(): method=b3lyp, basis=cc-pvdz, molecule=default, nre=36.13145603378852
2025-12-23:11:19:49,435 INFO     [psi4.driver.driver:641] Return gradient(): -257.0971590956651
2025-12-23:11:19:49,435 INFO     [psi4.driver.driver:642] [[ 0.00000000 -0.19028668 -0.00000000]
 [-0.00000000  0.19028668  0.00000000]]
2025-12-23:11:19:49,437 INFO     [psi4.optking.history:269] 	Performing BFGS update.
2025-12-23:11:19:49,437 INFO     [psi4.optking.history:280] 	Using 1 previous steps for update.
2025-12-23:11:19:49,437 INFO     [psi4.optking.history:317] 	Steps to be used in Hessian update:  1

2025-12-23:11:19:49,437 INFO     [psi4.optking.history:418] 	Updated Hessian (in au) 
 	   1.289149

2025-12-23:11:19:49,437 INFO     [psi4.optking.molsys:944] Projected (PHP) Hessian matrix
	   1.289149

2025-12-23:11:19:49,437 INFO     [psi4.optking.opt_helper:182] 
	         Geometry (au)                                       Gradient (au)
  -0.0000000000   1.3838357345   0.0000000000		   0.0000000000  -0.1902866764  -0.0000000000
   0.0000000000  -1.3838357345   0.0000000000		  -0.0000000000   0.1902866764   0.0000000000

2025-12-23:11:19:49,437 INFO     [psi4.optking.stepAlgorithms:368] 	Current Step Report 
 
	Current energy:      -257.0971590957
	Energy change for the previous step:
		Actual       :        -0.2218991393
		Projected    :        -0.2291215229

2025-12-23:11:19:49,437 INFO     [psi4.optking.stepAlgorithms:371] 	Energy ratio =    0.96848
2025-12-23:11:19:49,437 INFO     [psi4.optking.stepAlgorithms:399] 	Energy ratio indicates good step.
2025-12-23:11:19:49,437 INFO     [psi4.optking.stepAlgorithms:400] 	Intrafrag trust radius increased to      1.
2025-12-23:11:19:49,437 INFO     [psi4.optking.stepAlgorithms:929] 	Using RFO solution 1.
2025-12-23:11:19:49,437 INFO     [psi4.optking.displace:100] 	Determining Cartesian step for fragment 1.
2025-12-23:11:19:49,438 INFO     [psi4.optking.displace:415] 	Successfully converged to displaced geometry.
2025-12-23:11:19:49,438 INFO     [psi4.optking.displace:416] 	RMS(dx):  0.000e+00 	Max(dx):  0.000e+00 	RMS(dq):  0.000e+00
2025-12-23:11:19:49,438 INFO     [psi4.optking.displace:172] 

	        --- Internal Coordinate Step in ANG or DEG, aJ/ANG or AJ/DEG ---
	-------------------------------------------------------------------------------
	           Coordinate      Previous         Force          Change          New 
	           ----------      --------        ------          ------        ------
	               R(1,2)       1.46459        1.56772        0.07648       1.54107
	-------------------------------------------------------------------------------

2025-12-23:11:19:49,438 INFO     [psi4.optking.stepAlgorithms:113] 	|target step| :    0.1445233426
2025-12-23:11:19:49,438 INFO     [psi4.optking.stepAlgorithms:114] 	gradient     :   -0.1902866764
2025-12-23:11:19:49,438 INFO     [psi4.optking.stepAlgorithms:115] 	hessian      :    1.2891492541
2025-12-23:11:19:49,438 INFO     [psi4.optking.stepAlgorithms:113] 	|target step| :    0.1445233426
2025-12-23:11:19:49,438 INFO     [psi4.optking.stepAlgorithms:114] 	gradient     :   -0.1902866764
2025-12-23:11:19:49,438 INFO     [psi4.optking.stepAlgorithms:115] 	hessian      :    1.2891492541
2025-12-23:11:19:49,438 INFO     [psi4.optking.stepAlgorithms:206] 	Norm of achieved step-size    0.1445233426
2025-12-23:11:19:49,438 INFO     [psi4.optking.stepAlgorithms:208] 	Norm of achieved step-size (cart):    0.1021934356
2025-12-23:11:19:49,438 INFO     [psi4.optking.opt_helper:164] Molsys:

	                            ===> Fragment 1 <== 

	 Z (Atomic Numbers)          Masses                          Geom                  
	      10.000000            19.992440         -0.00000000  1.45609741  0.00000000   
	      10.000000            19.992440          0.00000000 -1.45609741  0.00000000   

	 - Coordinate -           - BOHR/RAD -       - ANG/DEG -
	 R(1,2)           =         2.912195           1.541067

2025-12-23:11:19:49,438 INFO     [psi4.optking.convcheck:76] Performing convergence check.
2025-12-23:11:19:49,438 INFO     [psi4.optking.convcheck:282] 
	                                 ==> Convergence Check <==                                  
    
	Measures of convergence in internal coordinates in au.
    
	Criteria marked as inactive (o), active & met (*), and active & unmet ( ).

	----------------------------------------------------------------------------------------------
	   Step    Total Energy     Delta E     Max Force     RMS Force      Max Disp      RMS Disp   
	----------------------------------------------------------------------------------------------
	  Convergence Criteria     1.00e-06 *    3.00e-04 *             o    1.20e-03 *             o
	----------------------------------------------------------------------------------------------
	     2    -257.09715910   -2.22e-01      1.90e-01      1.90e-01 o    1.45e-01      1.45e-01 o  ~
	----------------------------------------------------------------------------------------------


2025-12-23:11:19:49,438 INFO     [psi4.optking.stepAlgorithms:296] 	Convergence check returned False
2025-12-23:11:19:49,449 INFO     [psi4.driver.task_planner:259] PLANNING Atomic:  keywords={'DAMPING_PERCENTAGE': 1.0, 'GEOM_MAXITER': 500, 'SCF__GUESS': 'READ', 'GUESS': 'SAP', 'MAXITER': 500, 'REFERENCE': 'UKS', 'function_kwargs': {}}
2025-12-23:11:19:49,450 INFO     [psi4.driver.driver:638] Compute gradient(): method=b3lyp, basis=cc-pvdz, molecule=default, nre=34.33836211815616
2025-12-23:11:19:49,735 INFO     [psi4.driver.driver:641] Return gradient(): -257.118913085751
2025-12-23:11:19:49,735 INFO     [psi4.driver.driver:642] [[ 0.00000000 -0.11564725 -0.00000000]
 [-0.00000000  0.11564725  0.00000000]]
2025-12-23:11:19:49,736 INFO     [psi4.optking.history:269] 	Performing BFGS update.
2025-12-23:11:19:49,736 INFO     [psi4.optking.history:280] 	Using 2 previous steps for update.
2025-12-23:11:19:49,736 WARNING  [psi4.optking.history:301] 	Change in internal coordinate of 6.45e-01 exceeds limit of 5.00e-01.
2025-12-23:11:19:49,736 WARNING  [psi4.optking.history:306] 	Skipping Hessian update for step 1.
2025-12-23:11:19:49,736 INFO     [psi4.optking.history:317] 	Steps to be used in Hessian update:  2

2025-12-23:11:19:49,736 INFO     [psi4.optking.history:418] 	Updated Hessian (in au) 
 	   0.516452

2025-12-23:11:19:49,737 INFO     [psi4.optking.molsys:944] Projected (PHP) Hessian matrix
	   0.516452

2025-12-23:11:19:49,737 INFO     [psi4.optking.opt_helper:182] 
	         Geometry (au)                                       Gradient (au)
  -0.0000000000   1.4560974058   0.0000000000		   0.0000000000  -0.1156472505  -0.0000000000
   0.0000000000  -1.4560974058   0.0000000000		  -0.0000000000   0.1156472505   0.0000000000

2025-12-23:11:19:49,737 INFO     [psi4.optking.stepAlgorithms:368] 	Current Step Report 
 
	Current energy:      -257.1189130858
	Energy change for the previous step:
		Actual       :        -0.0217539901
		Projected    :        -0.0137504333

2025-12-23:11:19:49,737 INFO     [psi4.optking.stepAlgorithms:371] 	Energy ratio =    1.58206
2025-12-23:11:19:49,737 INFO     [psi4.optking.stepAlgorithms:929] 	Using RFO solution 1.
2025-12-23:11:19:49,737 INFO     [psi4.optking.displace:100] 	Determining Cartesian step for fragment 1.
2025-12-23:11:19:49,737 INFO     [psi4.optking.displace:415] 	Successfully converged to displaced geometry.
2025-12-23:11:19:49,737 INFO     [psi4.optking.displace:416] 	RMS(dx):  0.000e+00 	Max(dx):  0.000e+00 	RMS(dq):  0.000e+00
2025-12-23:11:19:49,737 INFO     [psi4.optking.displace:172] 

	        --- Internal Coordinate Step in ANG or DEG, aJ/ANG or AJ/DEG ---
	-------------------------------------------------------------------------------
	           Coordinate      Previous         Force          Change          New 
	           ----------      --------        ------          ------        ------
	               R(1,2)       1.54107        0.95279        0.11309       1.65415
	-------------------------------------------------------------------------------

2025-12-23:11:19:49,737 INFO     [psi4.optking.stepAlgorithms:113] 	|target step| :    0.2137000559
2025-12-23:11:19:49,737 INFO     [psi4.optking.stepAlgorithms:114] 	gradient     :   -0.1156472505
2025-12-23:11:19:49,737 INFO     [psi4.optking.stepAlgorithms:115] 	hessian      :    0.5164523917
2025-12-23:11:19:49,737 INFO     [psi4.optking.stepAlgorithms:113] 	|target step| :    0.2137000559
2025-12-23:11:19:49,737 INFO     [psi4.optking.stepAlgorithms:114] 	gradient     :   -0.1156472505
2025-12-23:11:19:49,737 INFO     [psi4.optking.stepAlgorithms:115] 	hessian      :    0.5164523917
2025-12-23:11:19:49,737 INFO     [psi4.optking.stepAlgorithms:206] 	Norm of achieved step-size    0.2137000559
2025-12-23:11:19:49,737 INFO     [psi4.optking.stepAlgorithms:208] 	Norm of achieved step-size (cart):    0.1511087586
2025-12-23:11:19:49,737 INFO     [psi4.optking.opt_helper:164] Molsys:

	                            ===> Fragment 1 <== 

	 Z (Atomic Numbers)          Masses                          Geom                  
	      10.000000            19.992440         -0.00000000  1.56294743  0.00000000   
	      10.000000            19.992440          0.00000000 -1.56294743  0.00000000   

	 - Coordinate -           - BOHR/RAD -       - ANG/DEG -
	 R(1,2)           =         3.125895           1.654152

2025-12-23:11:19:49,738 INFO     [psi4.optking.convcheck:76] Performing convergence check.
2025-12-23:11:19:49,738 INFO     [psi4.optking.convcheck:282] 
	                                 ==> Convergence Check <==                                  
    
	Measures of convergence in internal coordinates in au.
    
	Criteria marked as inactive (o), active & met (*), and active & unmet ( ).

	----------------------------------------------------------------------------------------------
	   Step    Total Energy     Delta E     Max Force     RMS Force      Max Disp      RMS Disp   
	----------------------------------------------------------------------------------------------
	  Convergence Criteria     1.00e-06 *    3.00e-04 *             o    1.20e-03 *             o
	----------------------------------------------------------------------------------------------
	     3    -257.11891309   -2.18e-02      1.16e-01      1.16e-01 o    2.14e-01      2.14e-01 o  ~
	----------------------------------------------------------------------------------------------


2025-12-23:11:19:49,738 INFO     [psi4.optking.stepAlgorithms:296] 	Convergence check returned False
2025-12-23:11:19:49,748 INFO     [psi4.driver.task_planner:259] PLANNING Atomic:  keywords={'DAMPING_PERCENTAGE': 1.0, 'GEOM_MAXITER': 500, 'SCF__GUESS': 'READ', 'GUESS': 'SAP', 'MAXITER': 500, 'REFERENCE': 'UKS', 'function_kwargs': {}}
2025-12-23:11:19:49,749 INFO     [psi4.driver.driver:638] Compute gradient(): method=b3lyp, basis=cc-pvdz, molecule=default, nre=31.990839180300334
2025-12-23:11:19:50,42 INFO     [psi4.driver.driver:641] Return gradient(): -257.13565733290136
2025-12-23:11:19:50,43 INFO     [psi4.driver.driver:642] [[ 0.00000000 -0.04794394  0.00000000]
 [-0.00000000  0.04794394 -0.00000000]]
2025-12-23:11:19:50,44 INFO     [psi4.optking.history:269] 	Performing BFGS update.
2025-12-23:11:19:50,44 INFO     [psi4.optking.history:280] 	Using 3 previous steps for update.
2025-12-23:11:19:50,44 WARNING  [psi4.optking.history:301] 	Change in internal coordinate of 8.58e-01 exceeds limit of 5.00e-01.
2025-12-23:11:19:50,44 WARNING  [psi4.optking.history:306] 	Skipping Hessian update for step 1.
2025-12-23:11:19:50,44 INFO     [psi4.optking.history:317] 	Steps to be used in Hessian update:  3 2

2025-12-23:11:19:50,45 INFO     [psi4.optking.history:418] 	Updated Hessian (in au) 
 	   0.397357

2025-12-23:11:19:50,45 INFO     [psi4.optking.molsys:944] Projected (PHP) Hessian matrix
	   0.397357

2025-12-23:11:19:50,45 INFO     [psi4.optking.opt_helper:182] 
	         Geometry (au)                                       Gradient (au)
  -0.0000000000   1.5629474337   0.0000000000		   0.0000000000  -0.0479439399   0.0000000000
   0.0000000000  -1.5629474337   0.0000000000		  -0.0000000000   0.0479439399  -0.0000000000

2025-12-23:11:19:50,45 INFO     [psi4.optking.stepAlgorithms:368] 	Current Step Report 
 
	Current energy:      -257.1356573329
	Energy change for the previous step:
		Actual       :        -0.0167442472
		Projected    :        -0.0123569119

2025-12-23:11:19:50,45 INFO     [psi4.optking.stepAlgorithms:371] 	Energy ratio =    1.35505
2025-12-23:11:19:50,45 INFO     [psi4.optking.stepAlgorithms:929] 	Using RFO solution 1.
2025-12-23:11:19:50,45 INFO     [psi4.optking.displace:100] 	Determining Cartesian step for fragment 1.
2025-12-23:11:19:50,45 INFO     [psi4.optking.displace:415] 	Successfully converged to displaced geometry.
2025-12-23:11:19:50,45 INFO     [psi4.optking.displace:416] 	RMS(dx):  0.000e+00 	Max(dx):  0.000e+00 	RMS(dq):  0.000e+00
2025-12-23:11:19:50,45 INFO     [psi4.optking.displace:172] 

	        --- Internal Coordinate Step in ANG or DEG, aJ/ANG or AJ/DEG ---
	-------------------------------------------------------------------------------
	           Coordinate      Previous         Force          Change          New 
	           ----------      --------        ------          ------        ------
	               R(1,2)       1.65415        0.39500        0.06295       1.71710
	-------------------------------------------------------------------------------

2025-12-23:11:19:50,45 INFO     [psi4.optking.stepAlgorithms:113] 	|target step| :    0.1189497732
2025-12-23:11:19:50,45 INFO     [psi4.optking.stepAlgorithms:114] 	gradient     :   -0.0479439399
2025-12-23:11:19:50,45 INFO     [psi4.optking.stepAlgorithms:115] 	hessian      :    0.3973574512
2025-12-23:11:19:50,45 INFO     [psi4.optking.stepAlgorithms:113] 	|target step| :    0.1189497732
2025-12-23:11:19:50,45 INFO     [psi4.optking.stepAlgorithms:114] 	gradient     :   -0.0479439399
2025-12-23:11:19:50,45 INFO     [psi4.optking.stepAlgorithms:115] 	hessian      :    0.3973574512
2025-12-23:11:19:50,45 INFO     [psi4.optking.stepAlgorithms:206] 	Norm of achieved step-size    0.1189497732
2025-12-23:11:19:50,45 INFO     [psi4.optking.stepAlgorithms:208] 	Norm of achieved step-size (cart):    0.0841101913
2025-12-23:11:19:50,46 INFO     [psi4.optking.opt_helper:164] Molsys:

	                            ===> Fragment 1 <== 

	 Z (Atomic Numbers)          Masses                          Geom                  
	      10.000000            19.992440         -0.00000000  1.62242232  0.00000000   
	      10.000000            19.992440          0.00000000 -1.62242232  0.00000000   

	 - Coordinate -           - BOHR/RAD -       - ANG/DEG -
	 R(1,2)           =         3.244845           1.717098

2025-12-23:11:19:50,46 INFO     [psi4.optking.convcheck:76] Performing convergence check.
2025-12-23:11:19:50,46 INFO     [psi4.optking.convcheck:282] 
	                                 ==> Convergence Check <==                                  
    
	Measures of convergence in internal coordinates in au.
    
	Criteria marked as inactive (o), active & met (*), and active & unmet ( ).

	----------------------------------------------------------------------------------------------
	   Step    Total Energy     Delta E     Max Force     RMS Force      Max Disp      RMS Disp   
	----------------------------------------------------------------------------------------------
	  Convergence Criteria     1.00e-06 *    3.00e-04 *             o    1.20e-03 *             o
	----------------------------------------------------------------------------------------------
	     4    -257.13565733   -1.67e-02      4.79e-02      4.79e-02 o    1.19e-01      1.19e-01 o  ~
	----------------------------------------------------------------------------------------------


2025-12-23:11:19:50,46 INFO     [psi4.optking.stepAlgorithms:296] 	Convergence check returned False
2025-12-23:11:19:50,56 INFO     [psi4.driver.task_planner:259] PLANNING Atomic:  keywords={'DAMPING_PERCENTAGE': 1.0, 'GEOM_MAXITER': 500, 'SCF__GUESS': 'READ', 'GUESS': 'SAP', 'MAXITER': 500, 'REFERENCE': 'UKS', 'function_kwargs': {}}
2025-12-23:11:19:50,57 INFO     [psi4.driver.driver:638] Compute gradient(): method=b3lyp, basis=cc-pvdz, molecule=default, nre=30.81811645004704
2025-12-23:11:19:50,328 INFO     [psi4.driver.driver:641] Return gradient(): -257.1399207395348
2025-12-23:11:19:50,329 INFO     [psi4.driver.driver:642] [[ 0.00000000 -0.02512664  0.00000000]
 [-0.00000000  0.02512664  0.00000000]]
2025-12-23:11:19:50,330 INFO     [psi4.optking.history:269] 	Performing BFGS update.
2025-12-23:11:19:50,330 INFO     [psi4.optking.history:280] 	Using 4 previous steps for update.
2025-12-23:11:19:50,330 WARNING  [psi4.optking.history:301] 	Change in internal coordinate of 9.77e-01 exceeds limit of 5.00e-01.
2025-12-23:11:19:50,330 WARNING  [psi4.optking.history:306] 	Skipping Hessian update for step 1.
2025-12-23:11:19:50,330 INFO     [psi4.optking.history:317] 	Steps to be used in Hessian update:  4 3 2

2025-12-23:11:19:50,331 INFO     [psi4.optking.history:418] 	Updated Hessian (in au) 
 	   0.346122

2025-12-23:11:19:50,331 INFO     [psi4.optking.molsys:944] Projected (PHP) Hessian matrix
	   0.346122

2025-12-23:11:19:50,331 INFO     [psi4.optking.opt_helper:182] 
	         Geometry (au)                                       Gradient (au)
  -0.0000000000   1.6224223204   0.0000000000		   0.0000000000  -0.0251266354   0.0000000000
   0.0000000000  -1.6224223204   0.0000000000		  -0.0000000000   0.0251266354   0.0000000000

2025-12-23:11:19:50,331 INFO     [psi4.optking.stepAlgorithms:368] 	Current Step Report 
 
	Current energy:      -257.1399207395
	Energy change for the previous step:
		Actual       :        -0.0042634066
		Projected    :        -0.0028514604

2025-12-23:11:19:50,331 INFO     [psi4.optking.stepAlgorithms:371] 	Energy ratio =    1.49517
2025-12-23:11:19:50,331 INFO     [psi4.optking.stepAlgorithms:929] 	Using RFO solution 1.
2025-12-23:11:19:50,331 INFO     [psi4.optking.displace:100] 	Determining Cartesian step for fragment 1.
2025-12-23:11:19:50,331 INFO     [psi4.optking.displace:415] 	Successfully converged to displaced geometry.
2025-12-23:11:19:50,331 INFO     [psi4.optking.displace:416] 	RMS(dx):  0.000e+00 	Max(dx):  0.000e+00 	RMS(dq):  0.000e+00
2025-12-23:11:19:50,331 INFO     [psi4.optking.displace:172] 

	        --- Internal Coordinate Step in ANG or DEG, aJ/ANG or AJ/DEG ---
	-------------------------------------------------------------------------------
	           Coordinate      Previous         Force          Change          New 
	           ----------      --------        ------          ------        ------
	               R(1,2)       1.71710        0.20701        0.03822       1.75531
	-------------------------------------------------------------------------------

2025-12-23:11:19:50,331 INFO     [psi4.optking.stepAlgorithms:113] 	|target step| :    0.0722161822
2025-12-23:11:19:50,331 INFO     [psi4.optking.stepAlgorithms:114] 	gradient     :   -0.0251266354
2025-12-23:11:19:50,331 INFO     [psi4.optking.stepAlgorithms:115] 	hessian      :    0.3461218082
2025-12-23:11:19:50,331 INFO     [psi4.optking.stepAlgorithms:113] 	|target step| :    0.0722161822
2025-12-23:11:19:50,331 INFO     [psi4.optking.stepAlgorithms:114] 	gradient     :   -0.0251266354
2025-12-23:11:19:50,331 INFO     [psi4.optking.stepAlgorithms:115] 	hessian      :    0.3461218082
2025-12-23:11:19:50,331 INFO     [psi4.optking.stepAlgorithms:206] 	Norm of achieved step-size    0.0722161822
2025-12-23:11:19:50,331 INFO     [psi4.optking.stepAlgorithms:208] 	Norm of achieved step-size (cart):    0.0510645522
2025-12-23:11:19:50,332 INFO     [psi4.optking.opt_helper:164] Molsys:

	                            ===> Fragment 1 <== 

	 Z (Atomic Numbers)          Masses                          Geom                  
	      10.000000            19.992440         -0.00000000  1.65853041  0.00000000   
	      10.000000            19.992440          0.00000000 -1.65853041  0.00000000   

	 - Coordinate -           - BOHR/RAD -       - ANG/DEG -
	 R(1,2)           =         3.317061           1.755313

2025-12-23:11:19:50,332 INFO     [psi4.optking.convcheck:76] Performing convergence check.
2025-12-23:11:19:50,332 INFO     [psi4.optking.convcheck:282] 
	                                 ==> Convergence Check <==                                  
    
	Measures of convergence in internal coordinates in au.
    
	Criteria marked as inactive (o), active & met (*), and active & unmet ( ).

	----------------------------------------------------------------------------------------------
	   Step    Total Energy     Delta E     Max Force     RMS Force      Max Disp      RMS Disp   
	----------------------------------------------------------------------------------------------
	  Convergence Criteria     1.00e-06 *    3.00e-04 *             o    1.20e-03 *             o
	----------------------------------------------------------------------------------------------
	     5    -257.13992074   -4.26e-03      2.51e-02      2.51e-02 o    7.22e-02      7.22e-02 o  ~
	----------------------------------------------------------------------------------------------


2025-12-23:11:19:50,332 INFO     [psi4.optking.stepAlgorithms:296] 	Convergence check returned False
2025-12-23:11:19:50,342 INFO     [psi4.driver.task_planner:259] PLANNING Atomic:  keywords={'DAMPING_PERCENTAGE': 1.0, 'GEOM_MAXITER': 500, 'SCF__GUESS': 'READ', 'GUESS': 'SAP', 'MAXITER': 500, 'REFERENCE': 'UKS', 'function_kwargs': {}}
2025-12-23:11:19:50,343 INFO     [psi4.driver.driver:638] Compute gradient(): method=b3lyp, basis=cc-pvdz, molecule=default, nre=30.147171046112575
2025-12-23:11:19:50,646 INFO     [psi4.driver.driver:641] Return gradient(): -257.14135274085214
2025-12-23:11:19:50,646 INFO     [psi4.driver.driver:642] [[ 0.00000000 -0.01491178 -0.00000000]
 [-0.00000000  0.01491178  0.00000000]]
2025-12-23:11:19:50,648 INFO     [psi4.optking.history:269] 	Performing BFGS update.
2025-12-23:11:19:50,648 INFO     [psi4.optking.history:280] 	Using 4 previous steps for update.
2025-12-23:11:19:50,648 WARNING  [psi4.optking.history:301] 	Change in internal coordinate of 5.49e-01 exceeds limit of 5.00e-01.
2025-12-23:11:19:50,648 WARNING  [psi4.optking.history:306] 	Skipping Hessian update for step 2.
2025-12-23:11:19:50,648 WARNING  [psi4.optking.history:301] 	Change in internal coordinate of 1.05e+00 exceeds limit of 5.00e-01.
2025-12-23:11:19:50,648 WARNING  [psi4.optking.history:306] 	Skipping Hessian update for step 1.
2025-12-23:11:19:50,648 INFO     [psi4.optking.history:317] 	Steps to be used in Hessian update:  5 4 3

2025-12-23:11:19:50,648 INFO     [psi4.optking.history:418] 	Updated Hessian (in au) 
 	   0.248812

2025-12-23:11:19:50,649 INFO     [psi4.optking.molsys:944] Projected (PHP) Hessian matrix
	   0.248812

2025-12-23:11:19:50,649 INFO     [psi4.optking.opt_helper:182] 
	         Geometry (au)                                       Gradient (au)
  -0.0000000000   1.6585304115   0.0000000000		   0.0000000000  -0.0149117808  -0.0000000000
   0.0000000000  -1.6585304115   0.0000000000		  -0.0000000000   0.0149117808   0.0000000000

2025-12-23:11:19:50,649 INFO     [psi4.optking.stepAlgorithms:368] 	Current Step Report 
 
	Current energy:      -257.1413527409
	Energy change for the previous step:
		Actual       :        -0.0014320013
		Projected    :        -0.0009072748

2025-12-23:11:19:50,649 INFO     [psi4.optking.stepAlgorithms:371] 	Energy ratio =    1.57835
2025-12-23:11:19:50,649 INFO     [psi4.optking.stepAlgorithms:929] 	Using RFO solution 1.
2025-12-23:11:19:50,649 INFO     [psi4.optking.displace:100] 	Determining Cartesian step for fragment 1.
2025-12-23:11:19:50,649 INFO     [psi4.optking.displace:415] 	Successfully converged to displaced geometry.
2025-12-23:11:19:50,649 INFO     [psi4.optking.displace:416] 	RMS(dx):  0.000e+00 	Max(dx):  0.000e+00 	RMS(dq):  0.000e+00
2025-12-23:11:19:50,649 INFO     [psi4.optking.displace:172] 

	        --- Internal Coordinate Step in ANG or DEG, aJ/ANG or AJ/DEG ---
	-------------------------------------------------------------------------------
	           Coordinate      Previous         Force          Change          New 
	           ----------      --------        ------          ------        ------
	               R(1,2)       1.75531        0.12285        0.03160       1.78691
	-------------------------------------------------------------------------------

2025-12-23:11:19:50,649 INFO     [psi4.optking.stepAlgorithms:113] 	|target step| :    0.0597182176
2025-12-23:11:19:50,649 INFO     [psi4.optking.stepAlgorithms:114] 	gradient     :   -0.0149117808
2025-12-23:11:19:50,649 INFO     [psi4.optking.stepAlgorithms:115] 	hessian      :    0.2488118708
2025-12-23:11:19:50,649 INFO     [psi4.optking.stepAlgorithms:113] 	|target step| :    0.0597182176
2025-12-23:11:19:50,649 INFO     [psi4.optking.stepAlgorithms:114] 	gradient     :   -0.0149117808
2025-12-23:11:19:50,649 INFO     [psi4.optking.stepAlgorithms:115] 	hessian      :    0.2488118708
2025-12-23:11:19:50,649 INFO     [psi4.optking.stepAlgorithms:206] 	Norm of achieved step-size    0.0597182176
2025-12-23:11:19:50,649 INFO     [psi4.optking.stepAlgorithms:208] 	Norm of achieved step-size (cart):    0.0422271566
2025-12-23:11:19:50,649 INFO     [psi4.optking.opt_helper:164] Molsys:

	                            ===> Fragment 1 <== 

	 Z (Atomic Numbers)          Masses                          Geom                  
	      10.000000            19.992440         -0.00000000  1.68838952  0.00000000   
	      10.000000            19.992440          0.00000000 -1.68838952  0.00000000   

	 - Coordinate -           - BOHR/RAD -       - ANG/DEG -
	 R(1,2)           =         3.376779           1.786915

2025-12-23:11:19:50,650 INFO     [psi4.optking.convcheck:76] Performing convergence check.
2025-12-23:11:19:50,650 INFO     [psi4.optking.convcheck:282] 
	                                 ==> Convergence Check <==                                  
    
	Measures of convergence in internal coordinates in au.
    
	Criteria marked as inactive (o), active & met (*), and active & unmet ( ).

	----------------------------------------------------------------------------------------------
	   Step    Total Energy     Delta E     Max Force     RMS Force      Max Disp      RMS Disp   
	----------------------------------------------------------------------------------------------
	  Convergence Criteria     1.00e-06 *    3.00e-04 *             o    1.20e-03 *             o
	----------------------------------------------------------------------------------------------
	     6    -257.14135274   -1.43e-03      1.49e-02      1.49e-02 o    5.97e-02      5.97e-02 o  ~
	----------------------------------------------------------------------------------------------


2025-12-23:11:19:50,650 INFO     [psi4.optking.stepAlgorithms:296] 	Convergence check returned False
2025-12-23:11:19:50,660 INFO     [psi4.driver.task_planner:259] PLANNING Atomic:  keywords={'DAMPING_PERCENTAGE': 1.0, 'GEOM_MAXITER': 500, 'SCF__GUESS': 'READ', 'GUESS': 'SAP', 'MAXITER': 500, 'REFERENCE': 'UKS', 'function_kwargs': {}}
2025-12-23:11:19:50,661 INFO     [psi4.driver.driver:638] Compute gradient(): method=b3lyp, basis=cc-pvdz, molecule=default, nre=29.61401939525723
2025-12-23:11:19:50,967 INFO     [psi4.driver.driver:641] Return gradient(): -257.1420348424933
2025-12-23:11:19:50,967 INFO     [psi4.driver.driver:642] [[ 0.00000000 -0.00812631  0.00000000]
 [-0.00000000  0.00812631  0.00000000]]
2025-12-23:11:19:50,969 INFO     [psi4.optking.history:269] 	Performing BFGS update.
2025-12-23:11:19:50,969 INFO     [psi4.optking.history:280] 	Using 4 previous steps for update.
2025-12-23:11:19:50,969 INFO     [psi4.optking.history:317] 	Steps to be used in Hessian update:  6 5 4 3

2025-12-23:11:19:50,969 INFO     [psi4.optking.history:418] 	Updated Hessian (in au) 
 	   0.231435

2025-12-23:11:19:50,969 INFO     [psi4.optking.molsys:944] Projected (PHP) Hessian matrix
	   0.231435

2025-12-23:11:19:50,969 INFO     [psi4.optking.opt_helper:182] 
	         Geometry (au)                                       Gradient (au)
  -0.0000000000   1.6883895203   0.0000000000		   0.0000000000  -0.0081263113   0.0000000000
   0.0000000000  -1.6883895203   0.0000000000		  -0.0000000000   0.0081263113   0.0000000000

2025-12-23:11:19:50,970 INFO     [psi4.optking.stepAlgorithms:368] 	Current Step Report 
 
	Current energy:      -257.1420348425
	Energy change for the previous step:
		Actual       :        -0.0006821016
		Projected    :        -0.0004452525

2025-12-23:11:19:50,970 INFO     [psi4.optking.stepAlgorithms:371] 	Energy ratio =    1.53194
2025-12-23:11:19:50,970 INFO     [psi4.optking.stepAlgorithms:929] 	Using RFO solution 1.
2025-12-23:11:19:50,970 INFO     [psi4.optking.displace:100] 	Determining Cartesian step for fragment 1.
2025-12-23:11:19:50,970 INFO     [psi4.optking.displace:415] 	Successfully converged to displaced geometry.
2025-12-23:11:19:50,970 INFO     [psi4.optking.displace:416] 	RMS(dx):  0.000e+00 	Max(dx):  0.000e+00 	RMS(dq):  0.000e+00
2025-12-23:11:19:50,970 INFO     [psi4.optking.displace:172] 

	        --- Internal Coordinate Step in ANG or DEG, aJ/ANG or AJ/DEG ---
	-------------------------------------------------------------------------------
	           Coordinate      Previous         Force          Change          New 
	           ----------      --------        ------          ------        ------
	               R(1,2)       1.78691        0.06695        0.01856       1.80547
	-------------------------------------------------------------------------------

2025-12-23:11:19:50,970 INFO     [psi4.optking.stepAlgorithms:113] 	|target step| :    0.0350695679
2025-12-23:11:19:50,970 INFO     [psi4.optking.stepAlgorithms:114] 	gradient     :   -0.0081263113
2025-12-23:11:19:50,970 INFO     [psi4.optking.stepAlgorithms:115] 	hessian      :    0.2314347592
2025-12-23:11:19:50,970 INFO     [psi4.optking.stepAlgorithms:113] 	|target step| :    0.0350695679
2025-12-23:11:19:50,970 INFO     [psi4.optking.stepAlgorithms:114] 	gradient     :   -0.0081263113
2025-12-23:11:19:50,970 INFO     [psi4.optking.stepAlgorithms:115] 	hessian      :    0.2314347592
2025-12-23:11:19:50,970 INFO     [psi4.optking.stepAlgorithms:206] 	Norm of achieved step-size    0.0350695679
2025-12-23:11:19:50,970 INFO     [psi4.optking.stepAlgorithms:208] 	Norm of achieved step-size (cart):    0.0247979293
2025-12-23:11:19:50,970 INFO     [psi4.optking.opt_helper:164] Molsys:

	                            ===> Fragment 1 <== 

	 Z (Atomic Numbers)          Masses                          Geom                  
	      10.000000            19.992440         -0.00000000  1.70592430  0.00000000   
	      10.000000            19.992440          0.00000000 -1.70592430  0.00000000   

	 - Coordinate -           - BOHR/RAD -       - ANG/DEG -
	 R(1,2)           =         3.411849           1.805473

2025-12-23:11:19:50,971 INFO     [psi4.optking.convcheck:76] Performing convergence check.
2025-12-23:11:19:50,971 INFO     [psi4.optking.convcheck:282] 
	                                 ==> Convergence Check <==                                  
    
	Measures of convergence in internal coordinates in au.
    
	Criteria marked as inactive (o), active & met (*), and active & unmet ( ).

	----------------------------------------------------------------------------------------------
	   Step    Total Energy     Delta E     Max Force     RMS Force      Max Disp      RMS Disp   
	----------------------------------------------------------------------------------------------
	  Convergence Criteria     1.00e-06 *    3.00e-04 *             o    1.20e-03 *             o
	----------------------------------------------------------------------------------------------
	     7    -257.14203484   -6.82e-04      8.13e-03      8.13e-03 o    3.51e-02      3.51e-02 o  ~
	----------------------------------------------------------------------------------------------


2025-12-23:11:19:50,971 INFO     [psi4.optking.stepAlgorithms:296] 	Convergence check returned False
2025-12-23:11:19:50,981 INFO     [psi4.driver.task_planner:259] PLANNING Atomic:  keywords={'DAMPING_PERCENTAGE': 1.0, 'GEOM_MAXITER': 500, 'SCF__GUESS': 'READ', 'GUESS': 'SAP', 'MAXITER': 500, 'REFERENCE': 'UKS', 'function_kwargs': {}}
2025-12-23:11:19:50,982 INFO     [psi4.driver.driver:638] Compute gradient(): method=b3lyp, basis=cc-pvdz, molecule=default, nre=29.30962404157854
2025-12-23:11:19:51,240 INFO     [psi4.driver.driver:641] Return gradient(): -257.14226002904275
2025-12-23:11:19:51,240 INFO     [psi4.driver.driver:642] [[ 0.00000000 -0.00474578  0.00000000]
 [-0.00000000  0.00474578  0.00000000]]
2025-12-23:11:19:51,242 INFO     [psi4.optking.history:269] 	Performing BFGS update.
2025-12-23:11:19:51,242 INFO     [psi4.optking.history:280] 	Using 4 previous steps for update.
2025-12-23:11:19:51,242 INFO     [psi4.optking.history:317] 	Steps to be used in Hessian update:  7 6 5 4

2025-12-23:11:19:51,242 INFO     [psi4.optking.history:418] 	Updated Hessian (in au) 
 	   0.151067

2025-12-23:11:19:51,242 INFO     [psi4.optking.molsys:944] Projected (PHP) Hessian matrix
	   0.151067

2025-12-23:11:19:51,242 INFO     [psi4.optking.opt_helper:182] 
	         Geometry (au)                                       Gradient (au)
  -0.0000000000   1.7059243042   0.0000000000		   0.0000000000  -0.0047457842   0.0000000000
   0.0000000000  -1.7059243042   0.0000000000		  -0.0000000000   0.0047457842   0.0000000000

2025-12-23:11:19:51,242 INFO     [psi4.optking.stepAlgorithms:368] 	Current Step Report 
 
	Current energy:      -257.1422600290
	Energy change for the previous step:
		Actual       :        -0.0002251865
		Projected    :        -0.0001424931

2025-12-23:11:19:51,242 INFO     [psi4.optking.stepAlgorithms:371] 	Energy ratio =    1.58033
2025-12-23:11:19:51,243 INFO     [psi4.optking.stepAlgorithms:929] 	Using RFO solution 1.
2025-12-23:11:19:51,243 INFO     [psi4.optking.displace:100] 	Determining Cartesian step for fragment 1.
2025-12-23:11:19:51,243 INFO     [psi4.optking.displace:415] 	Successfully converged to displaced geometry.
2025-12-23:11:19:51,243 INFO     [psi4.optking.displace:416] 	RMS(dx):  0.000e+00 	Max(dx):  0.000e+00 	RMS(dq):  0.000e+00
2025-12-23:11:19:51,243 INFO     [psi4.optking.displace:172] 

	        --- Internal Coordinate Step in ANG or DEG, aJ/ANG or AJ/DEG ---
	-------------------------------------------------------------------------------
	           Coordinate      Previous         Force          Change          New 
	           ----------      --------        ------          ------        ------
	               R(1,2)       1.80547        0.03910        0.01661       1.82208
	-------------------------------------------------------------------------------

2025-12-23:11:19:51,243 INFO     [psi4.optking.stepAlgorithms:113] 	|target step| :    0.0313841658
2025-12-23:11:19:51,243 INFO     [psi4.optking.stepAlgorithms:114] 	gradient     :   -0.0047457842
2025-12-23:11:19:51,243 INFO     [psi4.optking.stepAlgorithms:115] 	hessian      :    0.1510669365
2025-12-23:11:19:51,243 INFO     [psi4.optking.stepAlgorithms:113] 	|target step| :    0.0313841658
2025-12-23:11:19:51,243 INFO     [psi4.optking.stepAlgorithms:114] 	gradient     :   -0.0047457842
2025-12-23:11:19:51,243 INFO     [psi4.optking.stepAlgorithms:115] 	hessian      :    0.1510669365
2025-12-23:11:19:51,243 INFO     [psi4.optking.stepAlgorithms:206] 	Norm of achieved step-size    0.0313841658
2025-12-23:11:19:51,243 INFO     [psi4.optking.stepAlgorithms:208] 	Norm of achieved step-size (cart):    0.0221919564
2025-12-23:11:19:51,243 INFO     [psi4.optking.opt_helper:164] Molsys:

	                            ===> Fragment 1 <== 

	 Z (Atomic Numbers)          Masses                          Geom                  
	      10.000000            19.992440         -0.00000000  1.72161639  0.00000000   
	      10.000000            19.992440          0.00000000 -1.72161639  0.00000000   

	 - Coordinate -           - BOHR/RAD -       - ANG/DEG -
	 R(1,2)           =         3.443233           1.822080

2025-12-23:11:19:51,243 INFO     [psi4.optking.convcheck:76] Performing convergence check.
2025-12-23:11:19:51,243 INFO     [psi4.optking.convcheck:282] 
	                                 ==> Convergence Check <==                                  
    
	Measures of convergence in internal coordinates in au.
    
	Criteria marked as inactive (o), active & met (*), and active & unmet ( ).

	----------------------------------------------------------------------------------------------
	   Step    Total Energy     Delta E     Max Force     RMS Force      Max Disp      RMS Disp   
	----------------------------------------------------------------------------------------------
	  Convergence Criteria     1.00e-06 *    3.00e-04 *             o    1.20e-03 *             o
	----------------------------------------------------------------------------------------------
	     8    -257.14226003   -2.25e-04      4.75e-03      4.75e-03 o    3.14e-02      3.14e-02 o  ~
	----------------------------------------------------------------------------------------------


2025-12-23:11:19:51,243 INFO     [psi4.optking.stepAlgorithms:296] 	Convergence check returned False
2025-12-23:11:19:51,254 INFO     [psi4.driver.task_planner:259] PLANNING Atomic:  keywords={'DAMPING_PERCENTAGE': 1.0, 'GEOM_MAXITER': 500, 'SCF__GUESS': 'READ', 'GUESS': 'SAP', 'MAXITER': 500, 'REFERENCE': 'UKS', 'function_kwargs': {}}
2025-12-23:11:19:51,255 INFO     [psi4.driver.driver:638] Compute gradient(): method=b3lyp, basis=cc-pvdz, molecule=default, nre=29.042474487551754
2025-12-23:11:19:51,562 INFO     [psi4.driver.driver:641] Return gradient(): -257.14236665052255
2025-12-23:11:19:51,562 INFO     [psi4.driver.driver:642] [[ 0.00000000 -0.00205928 -0.00000000]
 [-0.00000000  0.00205928 -0.00000000]]
2025-12-23:11:19:51,563 INFO     [psi4.optking.history:269] 	Performing BFGS update.
2025-12-23:11:19:51,563 INFO     [psi4.optking.history:280] 	Using 4 previous steps for update.
2025-12-23:11:19:51,564 INFO     [psi4.optking.history:317] 	Steps to be used in Hessian update:  8 7 6 5

2025-12-23:11:19:51,564 INFO     [psi4.optking.history:418] 	Updated Hessian (in au) 
 	   0.116274

2025-12-23:11:19:51,564 INFO     [psi4.optking.molsys:944] Projected (PHP) Hessian matrix
	   0.116274

2025-12-23:11:19:51,564 INFO     [psi4.optking.opt_helper:182] 
	         Geometry (au)                                       Gradient (au)
  -0.0000000000   1.7216163871   0.0000000000		   0.0000000000  -0.0020592765  -0.0000000000
   0.0000000000  -1.7216163871   0.0000000000		  -0.0000000000   0.0020592765  -0.0000000000

2025-12-23:11:19:51,564 INFO     [psi4.optking.stepAlgorithms:368] 	Current Step Report 
 
	Current energy:      -257.1423666505
	Energy change for the previous step:
		Actual       :        -0.0001066215
		Projected    :        -0.0000744712

2025-12-23:11:19:51,564 INFO     [psi4.optking.stepAlgorithms:371] 	Energy ratio =    1.43171
2025-12-23:11:19:51,564 INFO     [psi4.optking.stepAlgorithms:929] 	Using RFO solution 1.
2025-12-23:11:19:51,564 INFO     [psi4.optking.displace:100] 	Determining Cartesian step for fragment 1.
2025-12-23:11:19:51,564 INFO     [psi4.optking.displace:415] 	Successfully converged to displaced geometry.
2025-12-23:11:19:51,564 INFO     [psi4.optking.displace:416] 	RMS(dx):  0.000e+00 	Max(dx):  0.000e+00 	RMS(dq):  0.000e+00
2025-12-23:11:19:51,564 INFO     [psi4.optking.displace:172] 

	        --- Internal Coordinate Step in ANG or DEG, aJ/ANG or AJ/DEG ---
	-------------------------------------------------------------------------------
	           Coordinate      Previous         Force          Change          New 
	           ----------      --------        ------          ------        ------
	               R(1,2)       1.82208        0.01697        0.00937       1.83145
	-------------------------------------------------------------------------------

2025-12-23:11:19:51,564 INFO     [psi4.optking.stepAlgorithms:113] 	|target step| :    0.0177050160
2025-12-23:11:19:51,565 INFO     [psi4.optking.stepAlgorithms:114] 	gradient     :   -0.0020592765
2025-12-23:11:19:51,565 INFO     [psi4.optking.stepAlgorithms:115] 	hessian      :    0.1162738845
2025-12-23:11:19:51,565 INFO     [psi4.optking.stepAlgorithms:113] 	|target step| :    0.0177050160
2025-12-23:11:19:51,565 INFO     [psi4.optking.stepAlgorithms:114] 	gradient     :   -0.0020592765
2025-12-23:11:19:51,565 INFO     [psi4.optking.stepAlgorithms:115] 	hessian      :    0.1162738845
2025-12-23:11:19:51,565 INFO     [psi4.optking.stepAlgorithms:206] 	Norm of achieved step-size    0.0177050160
2025-12-23:11:19:51,565 INFO     [psi4.optking.stepAlgorithms:208] 	Norm of achieved step-size (cart):    0.0125193369
2025-12-23:11:19:51,565 INFO     [psi4.optking.opt_helper:164] Molsys:

	                            ===> Fragment 1 <== 

	 Z (Atomic Numbers)          Masses                          Geom                  
	      10.000000            19.992440         -0.00000000  1.73046890  0.00000000   
	      10.000000            19.992440          0.00000000 -1.73046890  0.00000000   

	 - Coordinate -           - BOHR/RAD -       - ANG/DEG -
	 R(1,2)           =         3.460938           1.831449

2025-12-23:11:19:51,565 INFO     [psi4.optking.convcheck:76] Performing convergence check.
2025-12-23:11:19:51,565 INFO     [psi4.optking.convcheck:282] 
	                                 ==> Convergence Check <==                                  
    
	Measures of convergence in internal coordinates in au.
    
	Criteria marked as inactive (o), active & met (*), and active & unmet ( ).

	----------------------------------------------------------------------------------------------
	   Step    Total Energy     Delta E     Max Force     RMS Force      Max Disp      RMS Disp   
	----------------------------------------------------------------------------------------------
	  Convergence Criteria     1.00e-06 *    3.00e-04 *             o    1.20e-03 *             o
	----------------------------------------------------------------------------------------------
	     9    -257.14236665   -1.07e-04      2.06e-03      2.06e-03 o    1.77e-02      1.77e-02 o  ~
	----------------------------------------------------------------------------------------------


2025-12-23:11:19:51,565 INFO     [psi4.optking.stepAlgorithms:296] 	Convergence check returned False
2025-12-23:11:19:51,575 INFO     [psi4.driver.task_planner:259] PLANNING Atomic:  keywords={'DAMPING_PERCENTAGE': 1.0, 'GEOM_MAXITER': 500, 'SCF__GUESS': 'READ', 'GUESS': 'SAP', 'MAXITER': 500, 'REFERENCE': 'UKS', 'function_kwargs': {}}
2025-12-23:11:19:51,577 INFO     [psi4.driver.driver:638] Compute gradient(): method=b3lyp, basis=cc-pvdz, molecule=default, nre=28.893902769228674
2025-12-23:11:19:51,868 INFO     [psi4.driver.driver:641] Return gradient(): -257.1423910766814
2025-12-23:11:19:51,868 INFO     [psi4.driver.driver:642] [[ 0.00000000 -0.00067465  0.00000000]
 [-0.00000000  0.00067465 -0.00000000]]
2025-12-23:11:19:51,870 INFO     [psi4.optking.history:269] 	Performing BFGS update.
2025-12-23:11:19:51,870 INFO     [psi4.optking.history:280] 	Using 4 previous steps for update.
2025-12-23:11:19:51,870 INFO     [psi4.optking.history:317] 	Steps to be used in Hessian update:  9 8 7 6

2025-12-23:11:19:51,870 INFO     [psi4.optking.history:418] 	Updated Hessian (in au) 
 	   0.098954

2025-12-23:11:19:51,870 INFO     [psi4.optking.molsys:944] Projected (PHP) Hessian matrix
	   0.098954

2025-12-23:11:19:51,870 INFO     [psi4.optking.opt_helper:182] 
	         Geometry (au)                                       Gradient (au)
  -0.0000000000   1.7304688951   0.0000000000		   0.0000000000  -0.0006746450   0.0000000000
   0.0000000000  -1.7304688951   0.0000000000		  -0.0000000000   0.0006746450  -0.0000000000

2025-12-23:11:19:51,870 INFO     [psi4.optking.stepAlgorithms:368] 	Current Step Report 
 
	Current energy:      -257.1423910767
	Energy change for the previous step:
		Actual       :        -0.0000244262
		Projected    :        -0.0000182298

2025-12-23:11:19:51,870 INFO     [psi4.optking.stepAlgorithms:371] 	Energy ratio =    1.33991
2025-12-23:11:19:51,870 INFO     [psi4.optking.stepAlgorithms:929] 	Using RFO solution 1.
2025-12-23:11:19:51,870 INFO     [psi4.optking.displace:100] 	Determining Cartesian step for fragment 1.
2025-12-23:11:19:51,871 INFO     [psi4.optking.displace:415] 	Successfully converged to displaced geometry.
2025-12-23:11:19:51,871 INFO     [psi4.optking.displace:416] 	RMS(dx):  0.000e+00 	Max(dx):  0.000e+00 	RMS(dq):  0.000e+00
2025-12-23:11:19:51,871 INFO     [psi4.optking.displace:172] 

	        --- Internal Coordinate Step in ANG or DEG, aJ/ANG or AJ/DEG ---
	-------------------------------------------------------------------------------
	           Coordinate      Previous         Force          Change          New 
	           ----------      --------        ------          ------        ------
	               R(1,2)       1.83145        0.00556        0.00361       1.83506
	-------------------------------------------------------------------------------

2025-12-23:11:19:51,871 INFO     [psi4.optking.stepAlgorithms:113] 	|target step| :    0.0068174785
2025-12-23:11:19:51,871 INFO     [psi4.optking.stepAlgorithms:114] 	gradient     :   -0.0006746450
2025-12-23:11:19:51,871 INFO     [psi4.optking.stepAlgorithms:115] 	hessian      :    0.0989535439
2025-12-23:11:19:51,871 INFO     [psi4.optking.stepAlgorithms:113] 	|target step| :    0.0068174785
2025-12-23:11:19:51,871 INFO     [psi4.optking.stepAlgorithms:114] 	gradient     :   -0.0006746450
2025-12-23:11:19:51,871 INFO     [psi4.optking.stepAlgorithms:115] 	hessian      :    0.0989535439
2025-12-23:11:19:51,871 INFO     [psi4.optking.stepAlgorithms:206] 	Norm of achieved step-size    0.0068174785
2025-12-23:11:19:51,871 INFO     [psi4.optking.stepAlgorithms:208] 	Norm of achieved step-size (cart):    0.0048206853
2025-12-23:11:19:51,871 INFO     [psi4.optking.opt_helper:164] Molsys:

	                            ===> Fragment 1 <== 

	 Z (Atomic Numbers)          Masses                          Geom                  
	      10.000000            19.992440         -0.00000000  1.73387763  0.00000000   
	      10.000000            19.992440          0.00000000 -1.73387763  0.00000000   

	 - Coordinate -           - BOHR/RAD -       - ANG/DEG -
	 R(1,2)           =         3.467755           1.835057

2025-12-23:11:19:51,871 INFO     [psi4.optking.convcheck:76] Performing convergence check.
2025-12-23:11:19:51,871 INFO     [psi4.optking.convcheck:282] 
	                                 ==> Convergence Check <==                                  
    
	Measures of convergence in internal coordinates in au.
    
	Criteria marked as inactive (o), active & met (*), and active & unmet ( ).

	----------------------------------------------------------------------------------------------
	   Step    Total Energy     Delta E     Max Force     RMS Force      Max Disp      RMS Disp   
	----------------------------------------------------------------------------------------------
	  Convergence Criteria     1.00e-06 *    3.00e-04 *             o    1.20e-03 *             o
	----------------------------------------------------------------------------------------------
	    10    -257.14239108   -2.44e-05      6.75e-04      6.75e-04 o    6.82e-03      6.82e-03 o  ~
	----------------------------------------------------------------------------------------------


2025-12-23:11:19:51,871 INFO     [psi4.optking.stepAlgorithms:296] 	Convergence check returned False
2025-12-23:11:19:51,882 INFO     [psi4.driver.task_planner:259] PLANNING Atomic:  keywords={'DAMPING_PERCENTAGE': 1.0, 'GEOM_MAXITER': 500, 'SCF__GUESS': 'READ', 'GUESS': 'SAP', 'MAXITER': 500, 'REFERENCE': 'UKS', 'function_kwargs': {}}
2025-12-23:11:19:51,883 INFO     [psi4.driver.driver:638] Compute gradient(): method=b3lyp, basis=cc-pvdz, molecule=default, nre=28.837098425851227
2025-12-23:11:19:52,133 INFO     [psi4.driver.driver:641] Return gradient(): -257.1423940698028
2025-12-23:11:19:52,133 INFO     [psi4.driver.driver:642] [[ 0.00000000 -0.00016543  0.00000000]
 [-0.00000000  0.00016543  0.00000000]]
2025-12-23:11:19:52,135 INFO     [psi4.optking.history:269] 	Performing BFGS update.
2025-12-23:11:19:52,135 INFO     [psi4.optking.history:280] 	Using 4 previous steps for update.
2025-12-23:11:19:52,135 INFO     [psi4.optking.history:317] 	Steps to be used in Hessian update:  10 9 8 7

2025-12-23:11:19:52,135 INFO     [psi4.optking.history:418] 	Updated Hessian (in au) 
 	   0.087505

2025-12-23:11:19:52,135 INFO     [psi4.optking.molsys:944] Projected (PHP) Hessian matrix
	   0.087505

2025-12-23:11:19:52,135 INFO     [psi4.optking.opt_helper:182] 
	         Geometry (au)                                       Gradient (au)
  -0.0000000000   1.7338776343   0.0000000000		   0.0000000000  -0.0001654277   0.0000000000
   0.0000000000  -1.7338776343   0.0000000000		  -0.0000000000   0.0001654277   0.0000000000

2025-12-23:11:19:52,135 INFO     [psi4.optking.stepAlgorithms:368] 	Current Step Report 
 
	Current energy:      -257.1423940698
	Energy change for the previous step:
		Actual       :        -0.0000029931
		Projected    :        -0.0000022997

2025-12-23:11:19:52,135 INFO     [psi4.optking.stepAlgorithms:371] 	Energy ratio =    1.30153
2025-12-23:11:19:52,135 INFO     [psi4.optking.stepAlgorithms:929] 	Using RFO solution 1.
2025-12-23:11:19:52,135 INFO     [psi4.optking.displace:100] 	Determining Cartesian step for fragment 1.
2025-12-23:11:19:52,136 INFO     [psi4.optking.displace:415] 	Successfully converged to displaced geometry.
2025-12-23:11:19:52,136 INFO     [psi4.optking.displace:416] 	RMS(dx):  0.000e+00 	Max(dx):  0.000e+00 	RMS(dq):  0.000e+00
2025-12-23:11:19:52,136 INFO     [psi4.optking.displace:172] 

	        --- Internal Coordinate Step in ANG or DEG, aJ/ANG or AJ/DEG ---
	-------------------------------------------------------------------------------
	           Coordinate      Previous         Force          Change          New 
	           ----------      --------        ------          ------        ------
	               R(1,2)       1.83506        0.00136        0.00100       1.83606
	-------------------------------------------------------------------------------

2025-12-23:11:19:52,136 INFO     [psi4.optking.stepAlgorithms:113] 	|target step| :    0.0018904857
2025-12-23:11:19:52,136 INFO     [psi4.optking.stepAlgorithms:114] 	gradient     :   -0.0001654277
2025-12-23:11:19:52,136 INFO     [psi4.optking.stepAlgorithms:115] 	hessian      :    0.0875050965
2025-12-23:11:19:52,136 INFO     [psi4.optking.stepAlgorithms:113] 	|target step| :    0.0018904857
2025-12-23:11:19:52,136 INFO     [psi4.optking.stepAlgorithms:114] 	gradient     :   -0.0001654277
2025-12-23:11:19:52,136 INFO     [psi4.optking.stepAlgorithms:115] 	hessian      :    0.0875050965
2025-12-23:11:19:52,136 INFO     [psi4.optking.stepAlgorithms:206] 	Norm of achieved step-size    0.0018904857
2025-12-23:11:19:52,136 INFO     [psi4.optking.stepAlgorithms:208] 	Norm of achieved step-size (cart):    0.0013367753
2025-12-23:11:19:52,136 INFO     [psi4.optking.opt_helper:164] Molsys:

	                            ===> Fragment 1 <== 

	 Z (Atomic Numbers)          Masses                          Geom                  
	      10.000000            19.992440         -0.00000000  1.73482288  0.00000000   
	      10.000000            19.992440          0.00000000 -1.73482288  0.00000000   

	 - Coordinate -           - BOHR/RAD -       - ANG/DEG -
	 R(1,2)           =         3.469646           1.836057

2025-12-23:11:19:52,136 INFO     [psi4.optking.convcheck:76] Performing convergence check.
2025-12-23:11:19:52,136 INFO     [psi4.optking.convcheck:282] 
	                                 ==> Convergence Check <==                                  
    
	Measures of convergence in internal coordinates in au.
    
	Criteria marked as inactive (o), active & met (*), and active & unmet ( ).

	----------------------------------------------------------------------------------------------
	   Step    Total Energy     Delta E     Max Force     RMS Force      Max Disp      RMS Disp   
	----------------------------------------------------------------------------------------------
	  Convergence Criteria     1.00e-06 *    3.00e-04 *             o    1.20e-03 *             o
	----------------------------------------------------------------------------------------------
	    11    -257.14239407   -2.99e-06      1.65e-04 *    1.65e-04 o    1.89e-03      1.89e-03 o  ~
	----------------------------------------------------------------------------------------------


2025-12-23:11:19:52,136 INFO     [psi4.optking.stepAlgorithms:296] 	Convergence check returned False
2025-12-23:11:19:52,146 INFO     [psi4.driver.task_planner:259] PLANNING Atomic:  keywords={'DAMPING_PERCENTAGE': 1.0, 'GEOM_MAXITER': 500, 'SCF__GUESS': 'READ', 'GUESS': 'SAP', 'MAXITER': 500, 'REFERENCE': 'UKS', 'function_kwargs': {}}
2025-12-23:11:19:52,147 INFO     [psi4.driver.driver:638] Compute gradient(): method=b3lyp, basis=cc-pvdz, molecule=default, nre=28.821386123847148
2025-12-23:11:19:52,431 INFO     [psi4.driver.driver:641] Return gradient(): -257.14239429036445
2025-12-23:11:19:52,431 INFO     [psi4.driver.driver:642] [[ 0.00000000 -0.00002652  0.00000000]
 [-0.00000000  0.00002652  0.00000000]]
2025-12-23:11:19:52,432 INFO     [psi4.optking.history:269] 	Performing BFGS update.
2025-12-23:11:19:52,432 INFO     [psi4.optking.history:280] 	Using 4 previous steps for update.
2025-12-23:11:19:52,433 INFO     [psi4.optking.history:317] 	Steps to be used in Hessian update:  11 10 9 8

2025-12-23:11:19:52,433 INFO     [psi4.optking.history:418] 	Updated Hessian (in au) 
 	   0.081652

2025-12-23:11:19:52,433 INFO     [psi4.optking.molsys:944] Projected (PHP) Hessian matrix
	   0.081652

2025-12-23:11:19:52,433 INFO     [psi4.optking.opt_helper:182] 
	         Geometry (au)                                       Gradient (au)
  -0.0000000000   1.7348228772   0.0000000000		   0.0000000000  -0.0000265243   0.0000000000
   0.0000000000  -1.7348228772   0.0000000000		  -0.0000000000   0.0000265243   0.0000000000

2025-12-23:11:19:52,433 INFO     [psi4.optking.stepAlgorithms:368] 	Current Step Report 
 
	Current energy:      -257.1423942904
	Energy change for the previous step:
		Actual       :        -0.0000002206
		Projected    :        -0.0000001564

2025-12-23:11:19:52,433 INFO     [psi4.optking.stepAlgorithms:371] 	Energy ratio =    1.41052
2025-12-23:11:19:52,433 INFO     [psi4.optking.stepAlgorithms:929] 	Using RFO solution 1.
2025-12-23:11:19:52,433 INFO     [psi4.optking.displace:100] 	Determining Cartesian step for fragment 1.
2025-12-23:11:19:52,434 INFO     [psi4.optking.displace:415] 	Successfully converged to displaced geometry.
2025-12-23:11:19:52,434 INFO     [psi4.optking.displace:416] 	RMS(dx):  0.000e+00 	Max(dx):  0.000e+00 	RMS(dq):  0.000e+00
2025-12-23:11:19:52,434 INFO     [psi4.optking.displace:172] 

	        --- Internal Coordinate Step in ANG or DEG, aJ/ANG or AJ/DEG ---
	-------------------------------------------------------------------------------
	           Coordinate      Previous         Force          Change          New 
	           ----------      --------        ------          ------        ------
	               R(1,2)       1.83606        0.00022        0.00017       1.83623
	-------------------------------------------------------------------------------

2025-12-23:11:19:52,434 INFO     [psi4.optking.stepAlgorithms:113] 	|target step| :    0.0003248455
2025-12-23:11:19:52,434 INFO     [psi4.optking.stepAlgorithms:114] 	gradient     :   -0.0000265243
2025-12-23:11:19:52,434 INFO     [psi4.optking.stepAlgorithms:115] 	hessian      :    0.0816521267
2025-12-23:11:19:52,434 INFO     [psi4.optking.stepAlgorithms:113] 	|target step| :    0.0003248455
2025-12-23:11:19:52,434 INFO     [psi4.optking.stepAlgorithms:114] 	gradient     :   -0.0000265243
2025-12-23:11:19:52,434 INFO     [psi4.optking.stepAlgorithms:115] 	hessian      :    0.0816521267
2025-12-23:11:19:52,434 INFO     [psi4.optking.stepAlgorithms:206] 	Norm of achieved step-size    0.0003248455
2025-12-23:11:19:52,434 INFO     [psi4.optking.stepAlgorithms:208] 	Norm of achieved step-size (cart):    0.0002297005
2025-12-23:11:19:52,434 INFO     [psi4.optking.opt_helper:164] Molsys:

	                            ===> Fragment 1 <== 

	 Z (Atomic Numbers)          Masses                          Geom                  
	      10.000000            19.992440         -0.00000000  1.73498530  0.00000000   
	      10.000000            19.992440          0.00000000 -1.73498530  0.00000000   

	 - Coordinate -           - BOHR/RAD -       - ANG/DEG -
	 R(1,2)           =         3.469971           1.836229

2025-12-23:11:19:52,434 INFO     [psi4.optking.convcheck:76] Performing convergence check.
2025-12-23:11:19:52,434 INFO     [psi4.optking.convcheck:282] 
	                                 ==> Convergence Check <==                                  
    
	Measures of convergence in internal coordinates in au.
    
	Criteria marked as inactive (o), active & met (*), and active & unmet ( ).

	----------------------------------------------------------------------------------------------
	   Step    Total Energy     Delta E     Max Force     RMS Force      Max Disp      RMS Disp   
	----------------------------------------------------------------------------------------------
	  Convergence Criteria     1.00e-06 *    3.00e-04 *             o    1.20e-03 *             o
	----------------------------------------------------------------------------------------------
	    12    -257.14239429   -2.21e-07 *    2.65e-05 *    2.65e-05 o    3.25e-04 *    3.25e-04 o  ~
	----------------------------------------------------------------------------------------------


2025-12-23:11:19:52,434 INFO     [psi4.optking.convcheck:206] 
	                      ===> Final Convergence Report <===                     

	----------------------------------------------------------------------------
	|   Required Criteria    |  One or More Criteria  |   Alternate Criteria   |
	----------------------------------------------------------------------------
	| [x]     max_force      | [x]       max_DE       |                        |
	|                        | [x]      max_disp      |                        |
	----------------------------------------------------------------------------


2025-12-23:11:19:52,434 INFO     [psi4.optking.stepAlgorithms:296] 	Convergence check returned True
2025-12-23:11:19:52,434 INFO     [psi4.optking.optimize:332] 	Converged in 12 steps!
2025-12-23:11:19:52,434 INFO     [psi4.optking.optimize:333] 	Final energy is   -257.1423942903645
2025-12-23:11:19:52,434 INFO     [psi4.optking.optimize:334] 	Final structure (Angstroms): 
	Fragment 1 (Ang)

	   Ne  -0.0000000000   0.9181146816   0.0000000000
	   Ne   0.0000000000  -0.9181146816   0.0000000000


2025-12-23:11:19:52,435 INFO     [psi4.optking.optimize:562] 	Optimization Finished

	==> Optimization Summary <==

        
	Measures of convergence in internal coordinates in au. (Any backward steps not shown.)
        
	---------------------------------------------------------------------------------------------------------------  ~
        
	 Step         Total Energy             Delta E       MAX Force       RMS Force        MAX Disp        RMS Disp   ~
        
	---------------------------------------------------------------------------------------------------------------  ~
        
	     1    -256.875259956380   -256.875259956380      0.83486146      0.83486146      0.50000012      0.50000012  ~
	     2    -257.097159095665     -0.221899139285      0.19028668      0.19028668      0.14452334      0.14452334  ~
	     3    -257.118913085751     -0.021753990086      0.11564725      0.11564725      0.21370006      0.21370006  ~
	     4    -257.135657332901     -0.016744247150      0.04794394      0.04794394      0.11894977      0.11894977  ~
	     5    -257.139920739535     -0.004263406633      0.02512664      0.02512664      0.07221618      0.07221618  ~
	     6    -257.141352740852     -0.001432001317      0.01491178      0.01491178      0.05971822      0.05971822  ~
	     7    -257.142034842493     -0.000682101641      0.00812631      0.00812631      0.03506957      0.03506957  ~
	     8    -257.142260029043     -0.000225186549      0.00474578      0.00474578      0.03138417      0.03138417  ~
	     9    -257.142366650523     -0.000106621480      0.00205928      0.00205928      0.01770502      0.01770502  ~
	    10    -257.142391076681     -0.000024426159      0.00067465      0.00067465      0.00681748      0.00681748  ~
	    11    -257.142394069803     -0.000002993121      0.00016543      0.00016543      0.00189049      0.00189049  ~
	    12    -257.142394290364     -0.000000220562      0.00002652      0.00002652      0.00032485      0.00032485  ~
	----------------------------------------------------------------------------------------------------------------


2025-12-23:11:19:52,435 INFO     [psi4.optking.optimize:806] Preparing OptimizationResult
