2025-12-23:10:29:51,26 WARNING  [psi4.optking:38] Some dependencies such as QCElemental have not yet finished migration to pydantic v2. If issues are encountered please downgrade pydantic or upgrade QCElemental as appropriate
2025-12-23:10:29:51,188 INFO     [psi4.optking.optwrapper:234] Creating a UserComputer
2025-12-23:10:29:51,188 INFO     [psi4.optking.optwrapper:242] 
    			-----------------------------------------

    			 OPTKING 3.0: for geometry optimizations 

    			     By R.A. King, Bethel University     

    			        with contributions from          

    			    A.V. Copan, J. Cayton, A. Heide      

    			-----------------------------------------

    
2025-12-23:10:29:51,188 INFO     [psi4.optking.optwrapper:272] 
		 -- Optimization Parameters --
	GEOM_MAXITER                   =             500
	ALG_GEOM_MAXITER               =              50
	PRINT                          =               1
	OPT_TYPE                       =             MIN
	STEP_TYPE                      =             RFO
	PROGRAM                        =            PSI4
	STEEPEST_DESCENT_TYPE          =         OVERLAP
	CONJUGATE_GRADIENT_TYPE        =        FLETCHER
	OPT_COORDINATES                =        INTERNAL
	RFO_FOLLOW_ROOT                =           False
	RFO_ROOT                       =               0
	ACCEPT_SYMMETRY_BREAKING       =           False
	DYNAMIC_LVL                    =               0
	DYNAMIC_LVL_MAX                =               0
	IRC_STEP_SIZE                  =             0.2
	IRC_DIRECTION                  =         FORWARD
	IRC_POINTS                     =              20
	IRC_MODE                       =          NORMAL
	IRC_CONVERGENCE                =            -0.7
	INTRAFRAG_STEP_LIMIT           =             0.5
	INTRAFRAG_STEP_LIMIT_MIN       =           0.001
	INTRAFRAG_STEP_LIMIT_MAX       =             1.0
	INTERFRAG_STEP_LIMIT           =             0.5
	INTERFRAG_STEP_LIMIT_MIN       =           0.001
	INTERFRAG_STEP_LIMIT_MAX       =             1.0
	ENSURE_BT_CONVERGENCE          =           False
	SIMPLE_STEP_SCALING            =           False
	CONSECUTIVE_BACKSTEPS          =               0
	RFO_NORMALIZATION_MAX          =             100
	RSRFO_ALPHA_MAX                =     100000000.0
	PRINT_TRAJECTORY_XYZ_FILE      =           False
	WRITE_TRAJECTORY               =           False
	FROZEN_DISTANCE                =                
	FROZEN_BEND                    =                
	FROZEN_DIHEDRAL                =                
	FROZEN_OOFP                    =                
	FROZEN_CARTESIAN               =                
	FREEZE_ALL_DIHEDRALS           =           False
	UNFREEZE_DIHEDRALS             =                
	RANGED_DISTANCE                =                
	RANGED_BEND                    =                
	RANGED_DIHEDRAL                =                
	RANGED_OOFP                    =                
	RANGED_CARTESIAN               =                
	EXT_FORCE_DISTANCE             =                
	EXT_FORCE_BEND                 =                
	EXT_FORCE_DIHEDRAL             =                
	EXT_FORCE_OOFP                 =                
	EXT_FORCE_CARTESIAN            =                
	G_CONVERGENCE                  =           QCHEM
	MAX_FORCE_G_CONVERGENCE        =          0.0003
	RMS_FORCE_G_CONVERGENCE        =          0.0003
	MAX_ENERGY_G_CONVERGENCE       =           1e-06
	MAX_DISP_G_CONVERGENCE         =          0.0012
	RMS_DISP_G_CONVERGENCE         =          0.0012
	FLEXIBLE_G_CONVERGENCE         =           False
	HESS_UPDATE                    =            BFGS
	HESS_UPDATE_USE_LAST           =               4
	HESS_UPDATE_LIMIT              =            True
	HESS_UPDATE_LIMIT_MAX          =             1.0
	HESS_UPDATE_LIMIT_SCALE        =             0.5
	HESS_UPDATE_DEN_TOL            =           1e-07
	HESS_UPDATE_DQ_TOL             =             0.5
	CART_HESS_READ                 =           False
	HESSIAN_FILE                   =               .
	FULL_HESS_EVERY                =              -1
	INTRAFRAG_HESS                 =        SCHLEGEL
	H_GUESS_EVERY                  =           False
	BT_MAX_ITER                    =              25
	BT_DX_CONV                     =           1e-07
	BT_DX_RMS_CHANGE_CONV          =           1e-12
	BT_PINV_RCOND                  =           1e-06
	FRAG_MODE                      =          SINGLE
	FRAG_REF_ATOMS                 =              []
	FREEZE_INTRAFRAG               =           False
	INTERFRAG_MODE                 =           FIXED
	ADD_AUXILIARY_BONDS            =           False
	AUXILIARY_BOND_FACTOR          =             2.5
	INTERFRAG_DIST_INV             =           False
	INTERFRAG_COLLINEAR_TOL        =            0.01
	INTERFRAG_COORDS               =              []
	INTERFRAG_HESS                 =         DEFAULT
	COVALENT_CONNECT               =             1.3
	INTERFRAGMENT_CONNECT          =             1.8
	H_BOND_CONNECT                 =             4.3
	INCLUDE_OOFP                   =           False
	TEST_B                         =           False
	TEST_DERIVATIVE_B              =           False
	LINESEARCH_STEP                =             0.1
	LINESEARCH                     =           False
	SD_HESSIAN                     =             1.0
	FIX_VAL_NEAR_PI                =            1.57
	V3D_TORS_ANGLE_LIM             =           0.017
	V3D_TORS_COS_TOL               =           1e-10
	LINEAR_BEND_THRESHOLD          =            3.05
	SMALL_BEND_FIX_THRESHOLD       =            0.35
	REDUNDANT_EVAL_TOL             =           1e-10
	LINEAR_ALGEBRA_TOL             =           1e-10


2025-12-23:10:29:51,321 INFO     [psi4.optking.opt_helper:164] Molsys:

	                            ===> Fragment 1 <== 

	 Z (Atomic Numbers)          Masses                          Geom                  
	       1.000000             1.007825          0.00000000  0.00000000  2.18601833   
	      13.000000            26.981539          0.00000000  0.00000000 -0.08165302   

	 - Coordinate -           - BOHR/RAD -       - ANG/DEG -
	 R(1,2)           =         2.267671           1.200000

2025-12-23:10:29:51,331 INFO     [psi4.driver.task_planner:259] PLANNING Atomic:  keywords={'DAMPING_PERCENTAGE': 1.0, 'GEOM_MAXITER': 500, 'GUESS': 'SAP', 'MAXITER': 500, 'REFERENCE': 'UKS', 'function_kwargs': {}}
2025-12-23:10:29:51,333 INFO     [psi4.driver.driver:638] Compute gradient(): method=b3lyp, basis=cc-pvdz, molecule=default, nre=5.732753115591667
2025-12-23:10:29:51,860 INFO     [psi4.driver.driver:641] Return gradient(): -242.62872727566636
2025-12-23:10:29:51,860 INFO     [psi4.driver.driver:642] [[ 0.00000000  0.00000000 -0.22614397]
 [-0.00000000  0.00000000  0.22613825]]
2025-12-23:10:29:51,862 INFO     [psi4.optking.molsys:944] Projected (PHP) Hessian matrix
	   0.417309

2025-12-23:10:29:51,862 INFO     [psi4.optking.opt_helper:182] 
	         Geometry (au)                                       Gradient (au)
   0.0000000000   0.0000000000   2.1860183345		   0.0000000000   0.0000000000  -0.2261439657
   0.0000000000   0.0000000000  -0.0816530160		  -0.0000000000   0.0000000000   0.2261382541

2025-12-23:10:29:51,862 INFO     [psi4.optking.stepAlgorithms:929] 	Using RFO solution 1.
2025-12-23:10:29:51,862 INFO     [psi4.optking.displace:100] 	Determining Cartesian step for fragment 1.
2025-12-23:10:29:51,863 INFO     [psi4.optking.displace:415] 	Successfully converged to displaced geometry.
2025-12-23:10:29:51,863 INFO     [psi4.optking.displace:416] 	RMS(dx):  0.000e+00 	Max(dx):  0.000e+00 	RMS(dq):  0.000e+00
2025-12-23:10:29:51,863 INFO     [psi4.optking.displace:172] 

	        --- Internal Coordinate Step in ANG or DEG, aJ/ANG or AJ/DEG ---
	-------------------------------------------------------------------------------
	           Coordinate      Previous         Force          Change          New 
	           ----------      --------        ------          ------        ------
	               R(1,2)       1.20000        1.86311        0.23176       1.43176
	-------------------------------------------------------------------------------

2025-12-23:10:29:51,863 INFO     [psi4.optking.stepAlgorithms:113] 	|target step| :    0.4379612495
2025-12-23:10:29:51,863 INFO     [psi4.optking.stepAlgorithms:114] 	gradient     :   -0.2261411099
2025-12-23:10:29:51,863 INFO     [psi4.optking.stepAlgorithms:115] 	hessian      :    0.4173085431
2025-12-23:10:29:51,863 INFO     [psi4.optking.stepAlgorithms:113] 	|target step| :    0.4379612495
2025-12-23:10:29:51,863 INFO     [psi4.optking.stepAlgorithms:114] 	gradient     :   -0.2261411099
2025-12-23:10:29:51,863 INFO     [psi4.optking.stepAlgorithms:115] 	hessian      :    0.4173085431
2025-12-23:10:29:51,863 INFO     [psi4.optking.stepAlgorithms:206] 	Norm of achieved step-size    0.4379612495
2025-12-23:10:29:51,863 INFO     [psi4.optking.stepAlgorithms:208] 	Norm of achieved step-size (cart):    0.3096853694
2025-12-23:10:29:51,863 INFO     [psi4.optking.opt_helper:164] Molsys:

	                            ===> Fragment 1 <== 

	 Z (Atomic Numbers)          Masses                          Geom                  
	       1.000000             1.007825          0.00000000  0.00000000  2.40499896   
	      13.000000            26.981539          0.00000000  0.00000000 -0.30063364   

	 - Coordinate -           - BOHR/RAD -       - ANG/DEG -
	 R(1,2)           =         2.705633           1.431759

2025-12-23:10:29:51,863 INFO     [psi4.optking.convcheck:76] Performing convergence check.
2025-12-23:10:29:51,863 INFO     [psi4.optking.convcheck:282] 
	                                 ==> Convergence Check <==                                  
    
	Measures of convergence in internal coordinates in au.
    
	Criteria marked as inactive (o), active & met (*), and active & unmet ( ).

	----------------------------------------------------------------------------------------------~
	   Step    Total Energy     Delta E     Max Force     RMS Force      Max Disp      RMS Disp   ~
	----------------------------------------------------------------------------------------------~
	  Convergence Criteria     1.00e-06 *    3.00e-04 *             o    1.20e-03 *             o~
	----------------------------------------------------------------------------------------------~
	     1    -242.62872728   -2.43e+02      2.26e-01      2.26e-01 o    4.38e-01      4.38e-01 o  ~
	----------------------------------------------------------------------------------------------


2025-12-23:10:29:51,863 INFO     [psi4.optking.stepAlgorithms:296] 	Convergence check returned False
2025-12-23:10:29:51,874 INFO     [psi4.driver.task_planner:259] PLANNING Atomic:  keywords={'DAMPING_PERCENTAGE': 1.0, 'GEOM_MAXITER': 500, 'SCF__GUESS': 'READ', 'GUESS': 'SAP', 'MAXITER': 500, 'REFERENCE': 'UKS', 'function_kwargs': {}}
2025-12-23:10:29:51,875 INFO     [psi4.driver.driver:638] Compute gradient(): method=b3lyp, basis=cc-pvdz, molecule=default, nre=4.804791308255824
2025-12-23:10:29:52,290 INFO     [psi4.driver.driver:641] Return gradient(): -242.68553784818468
2025-12-23:10:29:52,291 INFO     [psi4.driver.driver:642] [[-0.00000000  0.00000000 -0.05933479]
 [ 0.00000000  0.00000000  0.05933413]]
2025-12-23:10:29:52,293 INFO     [psi4.optking.history:269] 	Performing BFGS update.
2025-12-23:10:29:52,293 INFO     [psi4.optking.history:280] 	Using 1 previous steps for update.
2025-12-23:10:29:52,293 INFO     [psi4.optking.history:317] 	Steps to be used in Hessian update:  1

2025-12-23:10:29:52,293 INFO     [psi4.optking.history:418] 	Updated Hessian (in au) 
 	   0.380871

2025-12-23:10:29:52,293 INFO     [psi4.optking.molsys:944] Projected (PHP) Hessian matrix
	   0.380871

2025-12-23:10:29:52,293 INFO     [psi4.optking.opt_helper:182] 
	         Geometry (au)                                       Gradient (au)
   0.0000000000   0.0000000000   2.6082097252		  -0.0000000000   0.0000000000  -0.0593347867
   0.0000000000   0.0000000000  -0.0974228748		   0.0000000000   0.0000000000   0.0593341260

2025-12-23:10:29:52,293 INFO     [psi4.optking.stepAlgorithms:368] 	Current Step Report 
 
	Current energy:      -242.6855378482
	Energy change for the previous step:
		Actual       :        -0.0568105725
		Projected    :        -0.0495205215

2025-12-23:10:29:52,293 INFO     [psi4.optking.stepAlgorithms:371] 	Energy ratio =    1.14721
2025-12-23:10:29:52,293 INFO     [psi4.optking.stepAlgorithms:399] 	Energy ratio indicates good step.
2025-12-23:10:29:52,293 INFO     [psi4.optking.stepAlgorithms:400] 	Intrafrag trust radius increased to      1.
2025-12-23:10:29:52,294 INFO     [psi4.optking.stepAlgorithms:929] 	Using RFO solution 1.
2025-12-23:10:29:52,294 INFO     [psi4.optking.displace:100] 	Determining Cartesian step for fragment 1.
2025-12-23:10:29:52,294 INFO     [psi4.optking.displace:415] 	Successfully converged to displaced geometry.
2025-12-23:10:29:52,294 INFO     [psi4.optking.displace:416] 	RMS(dx):  1.282e-16 	Max(dx):  2.220e-16 	RMS(dq):  4.441e-16
2025-12-23:10:29:52,294 INFO     [psi4.optking.displace:172] 

	        --- Internal Coordinate Step in ANG or DEG, aJ/ANG or AJ/DEG ---
	-------------------------------------------------------------------------------
	           Coordinate      Previous         Force          Change          New 
	           ----------      --------        ------          ------        ------
	               R(1,2)       1.43176        0.48884        0.08053       1.51229
	-------------------------------------------------------------------------------

2025-12-23:10:29:52,294 INFO     [psi4.optking.stepAlgorithms:113] 	|target step| :    0.1521785593
2025-12-23:10:29:52,294 INFO     [psi4.optking.stepAlgorithms:114] 	gradient     :   -0.0593344563
2025-12-23:10:29:52,294 INFO     [psi4.optking.stepAlgorithms:115] 	hessian      :    0.3808708049
2025-12-23:10:29:52,294 INFO     [psi4.optking.stepAlgorithms:113] 	|target step| :    0.1521785593
2025-12-23:10:29:52,294 INFO     [psi4.optking.stepAlgorithms:114] 	gradient     :   -0.0593344563
2025-12-23:10:29:52,294 INFO     [psi4.optking.stepAlgorithms:115] 	hessian      :    0.3808708049
2025-12-23:10:29:52,294 INFO     [psi4.optking.stepAlgorithms:206] 	Norm of achieved step-size    0.1521785593
2025-12-23:10:29:52,294 INFO     [psi4.optking.stepAlgorithms:208] 	Norm of achieved step-size (cart):    0.1076064912
2025-12-23:10:29:52,294 INFO     [psi4.optking.opt_helper:164] Molsys:

	                            ===> Fragment 1 <== 

	 Z (Atomic Numbers)          Masses                          Geom                  
	       1.000000             1.007825          0.00000000  0.00000000  2.68429900   
	      13.000000            26.981539          0.00000000  0.00000000 -0.17351215   

	 - Coordinate -           - BOHR/RAD -       - ANG/DEG -
	 R(1,2)           =         2.857811           1.512289

2025-12-23:10:29:52,295 INFO     [psi4.optking.convcheck:76] Performing convergence check.
2025-12-23:10:29:52,295 INFO     [psi4.optking.convcheck:282] 
	                                 ==> Convergence Check <==                                  
    
	Measures of convergence in internal coordinates in au.
    
	Criteria marked as inactive (o), active & met (*), and active & unmet ( ).

	----------------------------------------------------------------------------------------------
	   Step    Total Energy     Delta E     Max Force     RMS Force      Max Disp      RMS Disp   
	----------------------------------------------------------------------------------------------
	  Convergence Criteria     1.00e-06 *    3.00e-04 *             o    1.20e-03 *             o
	----------------------------------------------------------------------------------------------
	     2    -242.68553785   -5.68e-02      5.93e-02      5.93e-02 o    1.52e-01      1.52e-01 o  ~
	----------------------------------------------------------------------------------------------


2025-12-23:10:29:52,295 INFO     [psi4.optking.stepAlgorithms:296] 	Convergence check returned False
2025-12-23:10:29:52,305 INFO     [psi4.driver.task_planner:259] PLANNING Atomic:  keywords={'DAMPING_PERCENTAGE': 1.0, 'GEOM_MAXITER': 500, 'SCF__GUESS': 'READ', 'GUESS': 'SAP', 'MAXITER': 500, 'REFERENCE': 'UKS', 'function_kwargs': {}}
2025-12-23:10:29:52,306 INFO     [psi4.driver.driver:638] Compute gradient(): method=b3lyp, basis=cc-pvdz, molecule=default, nre=4.548935977684146
2025-12-23:10:29:52,717 INFO     [psi4.driver.driver:641] Return gradient(): -242.6921901438781
2025-12-23:10:29:52,717 INFO     [psi4.driver.driver:642] [[ 0.00000000 -0.00000000 -0.02974474]
 [ 0.00000000  0.00000000  0.02974463]]
2025-12-23:10:29:52,718 INFO     [psi4.optking.history:269] 	Performing BFGS update.
2025-12-23:10:29:52,718 INFO     [psi4.optking.history:280] 	Using 2 previous steps for update.
2025-12-23:10:29:52,719 WARNING  [psi4.optking.history:301] 	Change in internal coordinate of 5.90e-01 exceeds limit of 5.00e-01.
2025-12-23:10:29:52,719 WARNING  [psi4.optking.history:306] 	Skipping Hessian update for step 1.
2025-12-23:10:29:52,719 INFO     [psi4.optking.history:317] 	Steps to be used in Hessian update:  2

2025-12-23:10:29:52,719 INFO     [psi4.optking.history:418] 	Updated Hessian (in au) 
 	   0.194441

2025-12-23:10:29:52,719 INFO     [psi4.optking.molsys:944] Projected (PHP) Hessian matrix
	   0.194441

2025-12-23:10:29:52,719 INFO     [psi4.optking.opt_helper:182] 
	         Geometry (au)                                       Gradient (au)
   0.0000000000   0.0000000000   2.7549087258		   0.0000000000  -0.0000000000  -0.0297447374
   0.0000000000   0.0000000000  -0.1029024335		   0.0000000000   0.0000000000   0.0297446253

2025-12-23:10:29:52,719 INFO     [psi4.optking.stepAlgorithms:368] 	Current Step Report 
 
	Current energy:      -242.6921901439
	Energy change for the previous step:
		Actual       :        -0.0066522957
		Projected    :        -0.0045147160

2025-12-23:10:29:52,719 INFO     [psi4.optking.stepAlgorithms:371] 	Energy ratio =    1.47347
2025-12-23:10:29:52,719 INFO     [psi4.optking.stepAlgorithms:929] 	Using RFO solution 1.
2025-12-23:10:29:52,719 INFO     [psi4.optking.displace:100] 	Determining Cartesian step for fragment 1.
2025-12-23:10:29:52,719 INFO     [psi4.optking.displace:415] 	Successfully converged to displaced geometry.
2025-12-23:10:29:52,719 INFO     [psi4.optking.displace:416] 	RMS(dx):  0.000e+00 	Max(dx):  0.000e+00 	RMS(dq):  0.000e+00
2025-12-23:10:29:52,719 INFO     [psi4.optking.displace:172] 

	        --- Internal Coordinate Step in ANG or DEG, aJ/ANG or AJ/DEG ---
	-------------------------------------------------------------------------------
	           Coordinate      Previous         Force          Change          New 
	           ----------      --------        ------          ------        ------
	               R(1,2)       1.51229        0.24506        0.07914       1.59143
	-------------------------------------------------------------------------------

2025-12-23:10:29:52,719 INFO     [psi4.optking.stepAlgorithms:113] 	|target step| :    0.1495537408
2025-12-23:10:29:52,719 INFO     [psi4.optking.stepAlgorithms:114] 	gradient     :   -0.0297446813
2025-12-23:10:29:52,719 INFO     [psi4.optking.stepAlgorithms:115] 	hessian      :    0.1944411560
2025-12-23:10:29:52,719 INFO     [psi4.optking.stepAlgorithms:113] 	|target step| :    0.1495537408
2025-12-23:10:29:52,719 INFO     [psi4.optking.stepAlgorithms:114] 	gradient     :   -0.0297446813
2025-12-23:10:29:52,719 INFO     [psi4.optking.stepAlgorithms:115] 	hessian      :    0.1944411560
2025-12-23:10:29:52,719 INFO     [psi4.optking.stepAlgorithms:206] 	Norm of achieved step-size    0.1495537408
2025-12-23:10:29:52,719 INFO     [psi4.optking.stepAlgorithms:208] 	Norm of achieved step-size (cart):    0.1057504643
2025-12-23:10:29:52,720 INFO     [psi4.optking.opt_helper:164] Molsys:

	                            ===> Fragment 1 <== 

	 Z (Atomic Numbers)          Masses                          Geom                  
	       1.000000             1.007825          0.00000000  0.00000000  2.82968560   
	      13.000000            26.981539          0.00000000  0.00000000 -0.17767930   

	 - Coordinate -           - BOHR/RAD -       - ANG/DEG -
	 R(1,2)           =         3.007365           1.591429

2025-12-23:10:29:52,720 INFO     [psi4.optking.convcheck:76] Performing convergence check.
2025-12-23:10:29:52,720 INFO     [psi4.optking.convcheck:282] 
	                                 ==> Convergence Check <==                                  
    
	Measures of convergence in internal coordinates in au.
    
	Criteria marked as inactive (o), active & met (*), and active & unmet ( ).

	----------------------------------------------------------------------------------------------
	   Step    Total Energy     Delta E     Max Force     RMS Force      Max Disp      RMS Disp   
	----------------------------------------------------------------------------------------------
	  Convergence Criteria     1.00e-06 *    3.00e-04 *             o    1.20e-03 *             o
	----------------------------------------------------------------------------------------------
	     3    -242.69219014   -6.65e-03      2.97e-02      2.97e-02 o    1.50e-01      1.50e-01 o  ~
	----------------------------------------------------------------------------------------------


2025-12-23:10:29:52,720 INFO     [psi4.optking.stepAlgorithms:296] 	Convergence check returned False
2025-12-23:10:29:52,730 INFO     [psi4.driver.task_planner:259] PLANNING Atomic:  keywords={'DAMPING_PERCENTAGE': 1.0, 'GEOM_MAXITER': 500, 'SCF__GUESS': 'READ', 'GUESS': 'SAP', 'MAXITER': 500, 'REFERENCE': 'UKS', 'function_kwargs': {}}
2025-12-23:10:29:52,731 INFO     [psi4.driver.driver:638] Compute gradient(): method=b3lyp, basis=cc-pvdz, molecule=default, nre=4.322721196700738
2025-12-23:10:29:53,214 INFO     [psi4.driver.driver:641] Return gradient(): -242.6950070576437
2025-12-23:10:29:53,214 INFO     [psi4.driver.driver:642] [[-0.00000000  0.00000000 -0.00914478]
 [-0.00000000  0.00000000  0.00914650]]
2025-12-23:10:29:53,216 INFO     [psi4.optking.history:269] 	Performing BFGS update.
2025-12-23:10:29:53,216 INFO     [psi4.optking.history:280] 	Using 3 previous steps for update.
2025-12-23:10:29:53,216 WARNING  [psi4.optking.history:301] 	Change in internal coordinate of 7.40e-01 exceeds limit of 5.00e-01.
2025-12-23:10:29:53,216 WARNING  [psi4.optking.history:306] 	Skipping Hessian update for step 1.
2025-12-23:10:29:53,216 INFO     [psi4.optking.history:317] 	Steps to be used in Hessian update:  3 2

2025-12-23:10:29:53,216 INFO     [psi4.optking.history:418] 	Updated Hessian (in au) 
 	   0.166336

2025-12-23:10:29:53,216 INFO     [psi4.optking.molsys:944] Projected (PHP) Hessian matrix
	   0.166336

2025-12-23:10:29:53,216 INFO     [psi4.optking.opt_helper:182] 
	         Geometry (au)                                       Gradient (au)
   0.0000000000   0.0000000000   2.8990774208		  -0.0000000000   0.0000000000  -0.0091447778
   0.0000000000   0.0000000000  -0.1082874793		  -0.0000000000   0.0000000000   0.0091464988

2025-12-23:10:29:53,216 INFO     [psi4.optking.stepAlgorithms:368] 	Current Step Report 
 
	Current energy:      -242.6950070576
	Energy change for the previous step:
		Actual       :        -0.0028169138
		Projected    :        -0.0022242142

2025-12-23:10:29:53,216 INFO     [psi4.optking.stepAlgorithms:371] 	Energy ratio =    1.26648
2025-12-23:10:29:53,216 INFO     [psi4.optking.stepAlgorithms:929] 	Using RFO solution 1.
2025-12-23:10:29:53,216 INFO     [psi4.optking.displace:100] 	Determining Cartesian step for fragment 1.
2025-12-23:10:29:53,217 INFO     [psi4.optking.displace:415] 	Successfully converged to displaced geometry.
2025-12-23:10:29:53,217 INFO     [psi4.optking.displace:416] 	RMS(dx):  0.000e+00 	Max(dx):  0.000e+00 	RMS(dq):  0.000e+00
2025-12-23:10:29:53,217 INFO     [psi4.optking.displace:172] 

	        --- Internal Coordinate Step in ANG or DEG, aJ/ANG or AJ/DEG ---
	-------------------------------------------------------------------------------
	           Coordinate      Previous         Force          Change          New 
	           ----------      --------        ------          ------        ------
	               R(1,2)       1.59143        0.07535        0.02901       1.62044
	-------------------------------------------------------------------------------

2025-12-23:10:29:53,217 INFO     [psi4.optking.stepAlgorithms:113] 	|target step| :    0.0548178299
2025-12-23:10:29:53,217 INFO     [psi4.optking.stepAlgorithms:114] 	gradient     :   -0.0091456383
2025-12-23:10:29:53,217 INFO     [psi4.optking.stepAlgorithms:115] 	hessian      :    0.1663355829
2025-12-23:10:29:53,217 INFO     [psi4.optking.stepAlgorithms:113] 	|target step| :    0.0548178299
2025-12-23:10:29:53,217 INFO     [psi4.optking.stepAlgorithms:114] 	gradient     :   -0.0091456383
2025-12-23:10:29:53,217 INFO     [psi4.optking.stepAlgorithms:115] 	hessian      :    0.1663355829
2025-12-23:10:29:53,217 INFO     [psi4.optking.stepAlgorithms:206] 	Norm of achieved step-size    0.0548178299
2025-12-23:10:29:53,217 INFO     [psi4.optking.stepAlgorithms:208] 	Norm of achieved step-size (cart):    0.0387620593
2025-12-23:10:29:53,217 INFO     [psi4.optking.opt_helper:164] Molsys:

	                            ===> Fragment 1 <== 

	 Z (Atomic Numbers)          Masses                          Geom                  
	       1.000000             1.007825          0.00000000  0.00000000  2.92648634   
	      13.000000            26.981539          0.00000000  0.00000000 -0.13569639   

	 - Coordinate -           - BOHR/RAD -       - ANG/DEG -
	 R(1,2)           =         3.062183           1.620437

2025-12-23:10:29:53,217 INFO     [psi4.optking.convcheck:76] Performing convergence check.
2025-12-23:10:29:53,217 INFO     [psi4.optking.convcheck:282] 
	                                 ==> Convergence Check <==                                  
    
	Measures of convergence in internal coordinates in au.
    
	Criteria marked as inactive (o), active & met (*), and active & unmet ( ).

	----------------------------------------------------------------------------------------------
	   Step    Total Energy     Delta E     Max Force     RMS Force      Max Disp      RMS Disp   
	----------------------------------------------------------------------------------------------
	  Convergence Criteria     1.00e-06 *    3.00e-04 *             o    1.20e-03 *             o
	----------------------------------------------------------------------------------------------
	     4    -242.69500706   -2.82e-03      9.15e-03      9.15e-03 o    5.48e-02      5.48e-02 o  ~
	----------------------------------------------------------------------------------------------


2025-12-23:10:29:53,217 INFO     [psi4.optking.stepAlgorithms:296] 	Convergence check returned False
2025-12-23:10:29:53,228 INFO     [psi4.driver.task_planner:259] PLANNING Atomic:  keywords={'DAMPING_PERCENTAGE': 1.0, 'GEOM_MAXITER': 500, 'SCF__GUESS': 'READ', 'GUESS': 'SAP', 'MAXITER': 500, 'REFERENCE': 'UKS', 'function_kwargs': {}}
2025-12-23:10:29:53,229 INFO     [psi4.driver.driver:638] Compute gradient(): method=b3lyp, basis=cc-pvdz, molecule=default, nre=4.245337769154725
2025-12-23:10:29:53,675 INFO     [psi4.driver.driver:641] Return gradient(): -242.6953444888604
2025-12-23:10:29:53,676 INFO     [psi4.driver.driver:642] [[-0.00000000  0.00000000 -0.00330268]
 [ 0.00000000 -0.00000000  0.00330434]]
2025-12-23:10:29:53,677 INFO     [psi4.optking.history:269] 	Performing BFGS update.
2025-12-23:10:29:53,677 INFO     [psi4.optking.history:280] 	Using 4 previous steps for update.
2025-12-23:10:29:53,678 WARNING  [psi4.optking.history:301] 	Change in internal coordinate of 7.95e-01 exceeds limit of 5.00e-01.
2025-12-23:10:29:53,678 WARNING  [psi4.optking.history:306] 	Skipping Hessian update for step 1.
2025-12-23:10:29:53,678 INFO     [psi4.optking.history:317] 	Steps to be used in Hessian update:  4 3 2

2025-12-23:10:29:53,678 INFO     [psi4.optking.history:418] 	Updated Hessian (in au) 
 	   0.157147

2025-12-23:10:29:53,678 INFO     [psi4.optking.molsys:944] Projected (PHP) Hessian matrix
	   0.157147

2025-12-23:10:29:53,678 INFO     [psi4.optking.opt_helper:182] 
	         Geometry (au)                                       Gradient (au)
   0.0000000000   0.0000000000   2.9519214016		  -0.0000000000   0.0000000000  -0.0033026777
   0.0000000000   0.0000000000  -0.1102613284		   0.0000000000  -0.0000000000   0.0033043384

2025-12-23:10:29:53,678 INFO     [psi4.optking.stepAlgorithms:368] 	Current Step Report 
 
	Current energy:      -242.6953444889
	Energy change for the previous step:
		Actual       :        -0.0003374312
		Projected    :        -0.0002506720

2025-12-23:10:29:53,678 INFO     [psi4.optking.stepAlgorithms:371] 	Energy ratio =    1.34611
2025-12-23:10:29:53,678 INFO     [psi4.optking.stepAlgorithms:929] 	Using RFO solution 1.
2025-12-23:10:29:53,678 INFO     [psi4.optking.displace:100] 	Determining Cartesian step for fragment 1.
2025-12-23:10:29:53,678 INFO     [psi4.optking.displace:415] 	Successfully converged to displaced geometry.
2025-12-23:10:29:53,678 INFO     [psi4.optking.displace:416] 	RMS(dx):  0.000e+00 	Max(dx):  0.000e+00 	RMS(dq):  0.000e+00
2025-12-23:10:29:53,679 INFO     [psi4.optking.displace:172] 

	        --- Internal Coordinate Step in ANG or DEG, aJ/ANG or AJ/DEG ---
	-------------------------------------------------------------------------------
	           Coordinate      Previous         Force          Change          New 
	           ----------      --------        ------          ------        ------
	               R(1,2)       1.62044        0.02722        0.01112       1.63156
	-------------------------------------------------------------------------------

2025-12-23:10:29:53,679 INFO     [psi4.optking.stepAlgorithms:113] 	|target step| :    0.0210124261
2025-12-23:10:29:53,679 INFO     [psi4.optking.stepAlgorithms:114] 	gradient     :   -0.0033035080
2025-12-23:10:29:53,679 INFO     [psi4.optking.stepAlgorithms:115] 	hessian      :    0.1571474628
2025-12-23:10:29:53,679 INFO     [psi4.optking.stepAlgorithms:113] 	|target step| :    0.0210124261
2025-12-23:10:29:53,679 INFO     [psi4.optking.stepAlgorithms:114] 	gradient     :   -0.0033035080
2025-12-23:10:29:53,679 INFO     [psi4.optking.stepAlgorithms:115] 	hessian      :    0.1571474628
2025-12-23:10:29:53,679 INFO     [psi4.optking.stepAlgorithms:206] 	Norm of achieved step-size    0.0210124261
2025-12-23:10:29:53,679 INFO     [psi4.optking.stepAlgorithms:208] 	Norm of achieved step-size (cart):    0.0148580290
2025-12-23:10:29:53,679 INFO     [psi4.optking.opt_helper:164] Molsys:

	                            ===> Fragment 1 <== 

	 Z (Atomic Numbers)          Masses                          Geom                  
	       1.000000             1.007825          0.00000000  0.00000000  2.96242761   
	      13.000000            26.981539          0.00000000  0.00000000 -0.12076754   

	 - Coordinate -           - BOHR/RAD -       - ANG/DEG -
	 R(1,2)           =         3.083195           1.631557

2025-12-23:10:29:53,679 INFO     [psi4.optking.convcheck:76] Performing convergence check.
2025-12-23:10:29:53,679 INFO     [psi4.optking.convcheck:282] 
	                                 ==> Convergence Check <==                                  
    
	Measures of convergence in internal coordinates in au.
    
	Criteria marked as inactive (o), active & met (*), and active & unmet ( ).

	----------------------------------------------------------------------------------------------
	   Step    Total Energy     Delta E     Max Force     RMS Force      Max Disp      RMS Disp   
	----------------------------------------------------------------------------------------------
	  Convergence Criteria     1.00e-06 *    3.00e-04 *             o    1.20e-03 *             o
	----------------------------------------------------------------------------------------------
	     5    -242.69534449   -3.37e-04      3.30e-03      3.30e-03 o    2.10e-02      2.10e-02 o  ~
	----------------------------------------------------------------------------------------------


2025-12-23:10:29:53,679 INFO     [psi4.optking.stepAlgorithms:296] 	Convergence check returned False
2025-12-23:10:29:53,690 INFO     [psi4.driver.task_planner:259] PLANNING Atomic:  keywords={'DAMPING_PERCENTAGE': 1.0, 'GEOM_MAXITER': 500, 'SCF__GUESS': 'READ', 'GUESS': 'SAP', 'MAXITER': 500, 'REFERENCE': 'UKS', 'function_kwargs': {}}
2025-12-23:10:29:53,692 INFO     [psi4.driver.driver:638] Compute gradient(): method=b3lyp, basis=cc-pvdz, molecule=default, nre=4.2164051710952
2025-12-23:10:29:54,114 INFO     [psi4.driver.driver:641] Return gradient(): -242.69539242561814
2025-12-23:10:29:54,115 INFO     [psi4.driver.driver:642] [[ 0.00000000  0.00000000 -0.00127740]
 [-0.00000000  0.00000000  0.00127896]]
2025-12-23:10:29:54,116 INFO     [psi4.optking.history:269] 	Performing BFGS update.
2025-12-23:10:29:54,116 INFO     [psi4.optking.history:280] 	Using 4 previous steps for update.
2025-12-23:10:29:54,116 INFO     [psi4.optking.history:317] 	Steps to be used in Hessian update:  5 4 3 2

2025-12-23:10:29:54,117 INFO     [psi4.optking.history:418] 	Updated Hessian (in au) 
 	   0.153766

2025-12-23:10:29:54,117 INFO     [psi4.optking.molsys:944] Projected (PHP) Hessian matrix
	   0.153766

2025-12-23:10:29:54,117 INFO     [psi4.optking.opt_helper:182] 
	         Geometry (au)                                       Gradient (au)
   0.0000000000   0.0000000000   2.9721772243		   0.0000000000   0.0000000000  -0.0012774027
   0.0000000000   0.0000000000  -0.1110179319		  -0.0000000000   0.0000000000   0.0012789613

2025-12-23:10:29:54,117 INFO     [psi4.optking.stepAlgorithms:368] 	Current Step Report 
 
	Current energy:      -242.6953924256
	Energy change for the previous step:
		Actual       :        -0.0000479368
		Projected    :        -0.0000347074

2025-12-23:10:29:54,117 INFO     [psi4.optking.stepAlgorithms:371] 	Energy ratio =    1.38117
2025-12-23:10:29:54,117 INFO     [psi4.optking.stepAlgorithms:929] 	Using RFO solution 1.
2025-12-23:10:29:54,117 INFO     [psi4.optking.displace:100] 	Determining Cartesian step for fragment 1.
2025-12-23:10:29:54,117 INFO     [psi4.optking.displace:415] 	Successfully converged to displaced geometry.
2025-12-23:10:29:54,117 INFO     [psi4.optking.displace:416] 	RMS(dx):  0.000e+00 	Max(dx):  0.000e+00 	RMS(dq):  0.000e+00
2025-12-23:10:29:54,117 INFO     [psi4.optking.displace:172] 

	        --- Internal Coordinate Step in ANG or DEG, aJ/ANG or AJ/DEG ---
	-------------------------------------------------------------------------------
	           Coordinate      Previous         Force          Change          New 
	           ----------      --------        ------          ------        ------
	               R(1,2)       1.63156        0.01053        0.00440       1.63596
	-------------------------------------------------------------------------------

2025-12-23:10:29:54,117 INFO     [psi4.optking.stepAlgorithms:113] 	|target step| :    0.0083119407
2025-12-23:10:29:54,117 INFO     [psi4.optking.stepAlgorithms:114] 	gradient     :   -0.0012781820
2025-12-23:10:29:54,117 INFO     [psi4.optking.stepAlgorithms:115] 	hessian      :    0.1537659744
2025-12-23:10:29:54,117 INFO     [psi4.optking.stepAlgorithms:113] 	|target step| :    0.0083119407
2025-12-23:10:29:54,117 INFO     [psi4.optking.stepAlgorithms:114] 	gradient     :   -0.0012781820
2025-12-23:10:29:54,117 INFO     [psi4.optking.stepAlgorithms:115] 	hessian      :    0.1537659744
2025-12-23:10:29:54,117 INFO     [psi4.optking.stepAlgorithms:206] 	Norm of achieved step-size    0.0083119407
2025-12-23:10:29:54,117 INFO     [psi4.optking.stepAlgorithms:208] 	Norm of achieved step-size (cart):    0.0058774297
2025-12-23:10:29:54,118 INFO     [psi4.optking.opt_helper:164] Molsys:

	                            ===> Fragment 1 <== 

	 Z (Atomic Numbers)          Masses                          Geom                  
	       1.000000             1.007825          0.00000000  0.00000000  2.97633319   
	      13.000000            26.981539          0.00000000  0.00000000 -0.11517390   

	 - Coordinate -           - BOHR/RAD -       - ANG/DEG -
	 R(1,2)           =         3.091507           1.635955

2025-12-23:10:29:54,118 INFO     [psi4.optking.convcheck:76] Performing convergence check.
2025-12-23:10:29:54,118 INFO     [psi4.optking.convcheck:282] 
	                                 ==> Convergence Check <==                                  
    
	Measures of convergence in internal coordinates in au.
    
	Criteria marked as inactive (o), active & met (*), and active & unmet ( ).

	----------------------------------------------------------------------------------------------
	   Step    Total Energy     Delta E     Max Force     RMS Force      Max Disp      RMS Disp   
	----------------------------------------------------------------------------------------------
	  Convergence Criteria     1.00e-06 *    3.00e-04 *             o    1.20e-03 *             o
	----------------------------------------------------------------------------------------------
	     6    -242.69539243   -4.79e-05      1.28e-03      1.28e-03 o    8.31e-03      8.31e-03 o  ~
	----------------------------------------------------------------------------------------------


2025-12-23:10:29:54,118 INFO     [psi4.optking.stepAlgorithms:296] 	Convergence check returned False
2025-12-23:10:29:54,128 INFO     [psi4.driver.task_planner:259] PLANNING Atomic:  keywords={'DAMPING_PERCENTAGE': 1.0, 'GEOM_MAXITER': 500, 'SCF__GUESS': 'READ', 'GUESS': 'SAP', 'MAXITER': 500, 'REFERENCE': 'UKS', 'function_kwargs': {}}
2025-12-23:10:29:54,129 INFO     [psi4.driver.driver:638] Compute gradient(): method=b3lyp, basis=cc-pvdz, molecule=default, nre=4.205068787633847
2025-12-23:10:29:54,586 INFO     [psi4.driver.driver:641] Return gradient(): -242.69539983888055
2025-12-23:10:29:54,586 INFO     [psi4.driver.driver:642] [[ 0.00000000  0.00000000 -0.00050753]
 [ 0.00000000  0.00000000  0.00050904]]
2025-12-23:10:29:54,587 INFO     [psi4.optking.history:269] 	Performing BFGS update.
2025-12-23:10:29:54,587 INFO     [psi4.optking.history:280] 	Using 4 previous steps for update.
2025-12-23:10:29:54,587 INFO     [psi4.optking.history:317] 	Steps to be used in Hessian update:  6 5 4 3

2025-12-23:10:29:54,588 INFO     [psi4.optking.history:418] 	Updated Hessian (in au) 
 	   0.125104

2025-12-23:10:29:54,588 INFO     [psi4.optking.molsys:944] Projected (PHP) Hessian matrix
	   0.125104

2025-12-23:10:29:54,588 INFO     [psi4.optking.opt_helper:182] 
	         Geometry (au)                                       Gradient (au)
   0.0000000000   0.0000000000   2.9801898734		   0.0000000000   0.0000000000  -0.0005075330
   0.0000000000   0.0000000000  -0.1113172235		   0.0000000000   0.0000000000   0.0005090427

2025-12-23:10:29:54,588 INFO     [psi4.optking.stepAlgorithms:368] 	Current Step Report 
 
	Current energy:      -242.6953998389
	Energy change for the previous step:
		Actual       :        -0.0000074133
		Projected    :        -0.0000053121

2025-12-23:10:29:54,588 INFO     [psi4.optking.stepAlgorithms:371] 	Energy ratio =    1.39555
2025-12-23:10:29:54,588 INFO     [psi4.optking.stepAlgorithms:929] 	Using RFO solution 1.
2025-12-23:10:29:54,588 INFO     [psi4.optking.displace:100] 	Determining Cartesian step for fragment 1.
2025-12-23:10:29:54,588 INFO     [psi4.optking.displace:415] 	Successfully converged to displaced geometry.
2025-12-23:10:29:54,588 INFO     [psi4.optking.displace:416] 	RMS(dx):  0.000e+00 	Max(dx):  0.000e+00 	RMS(dq):  0.000e+00
2025-12-23:10:29:54,588 INFO     [psi4.optking.displace:172] 

	        --- Internal Coordinate Step in ANG or DEG, aJ/ANG or AJ/DEG ---
	-------------------------------------------------------------------------------
	           Coordinate      Previous         Force          Change          New 
	           ----------      --------        ------          ------        ------
	               R(1,2)       1.63596        0.00419        0.00215       1.63811
	-------------------------------------------------------------------------------

2025-12-23:10:29:54,588 INFO     [psi4.optking.stepAlgorithms:113] 	|target step| :    0.0040628419
2025-12-23:10:29:54,588 INFO     [psi4.optking.stepAlgorithms:114] 	gradient     :   -0.0005082879
2025-12-23:10:29:54,588 INFO     [psi4.optking.stepAlgorithms:115] 	hessian      :    0.1251044147
2025-12-23:10:29:54,588 INFO     [psi4.optking.stepAlgorithms:113] 	|target step| :    0.0040628419
2025-12-23:10:29:54,588 INFO     [psi4.optking.stepAlgorithms:114] 	gradient     :   -0.0005082879
2025-12-23:10:29:54,588 INFO     [psi4.optking.stepAlgorithms:115] 	hessian      :    0.1251044147
2025-12-23:10:29:54,588 INFO     [psi4.optking.stepAlgorithms:206] 	Norm of achieved step-size    0.0040628419
2025-12-23:10:29:54,588 INFO     [psi4.optking.stepAlgorithms:208] 	Norm of achieved step-size (cart):    0.0028728631
2025-12-23:10:29:54,589 INFO     [psi4.optking.opt_helper:164] Molsys:

	                            ===> Fragment 1 <== 

	 Z (Atomic Numbers)          Masses                          Geom                  
	       1.000000             1.007825          0.00000000  0.00000000  2.98222129   
	      13.000000            26.981539          0.00000000  0.00000000 -0.11334864   

	 - Coordinate -           - BOHR/RAD -       - ANG/DEG -
	 R(1,2)           =         3.095570           1.638105

2025-12-23:10:29:54,589 INFO     [psi4.optking.convcheck:76] Performing convergence check.
2025-12-23:10:29:54,589 INFO     [psi4.optking.convcheck:282] 
	                                 ==> Convergence Check <==                                  
    
	Measures of convergence in internal coordinates in au.
    
	Criteria marked as inactive (o), active & met (*), and active & unmet ( ).

	----------------------------------------------------------------------------------------------
	   Step    Total Energy     Delta E     Max Force     RMS Force      Max Disp      RMS Disp   
	----------------------------------------------------------------------------------------------
	  Convergence Criteria     1.00e-06 *    3.00e-04 *             o    1.20e-03 *             o
	----------------------------------------------------------------------------------------------
	     7    -242.69539984   -7.41e-06      5.08e-04      5.08e-04 o    4.06e-03      4.06e-03 o  ~
	----------------------------------------------------------------------------------------------


2025-12-23:10:29:54,589 INFO     [psi4.optking.stepAlgorithms:296] 	Convergence check returned False
2025-12-23:10:29:54,599 INFO     [psi4.driver.task_planner:259] PLANNING Atomic:  keywords={'DAMPING_PERCENTAGE': 1.0, 'GEOM_MAXITER': 500, 'SCF__GUESS': 'READ', 'GUESS': 'SAP', 'MAXITER': 500, 'REFERENCE': 'UKS', 'function_kwargs': {}}
2025-12-23:10:29:54,600 INFO     [psi4.driver.driver:638] Compute gradient(): method=b3lyp, basis=cc-pvdz, molecule=default, nre=4.199549762024156
2025-12-23:10:29:55,22 INFO     [psi4.driver.driver:641] Return gradient(): -242.6954011509011
2025-12-23:10:29:55,22 INFO     [psi4.driver.driver:642] [[ 0.00000000  0.00000000 -0.00013756]
 [ 0.00000000  0.00000000  0.00013904]]
2025-12-23:10:29:55,24 INFO     [psi4.optking.history:269] 	Performing BFGS update.
2025-12-23:10:29:55,24 INFO     [psi4.optking.history:280] 	Using 4 previous steps for update.
2025-12-23:10:29:55,24 INFO     [psi4.optking.history:317] 	Steps to be used in Hessian update:  7 6 5 4

2025-12-23:10:29:55,24 INFO     [psi4.optking.history:418] 	Updated Hessian (in au) 
 	   0.102118

2025-12-23:10:29:55,24 INFO     [psi4.optking.molsys:944] Projected (PHP) Hessian matrix
	   0.102118

2025-12-23:10:29:55,24 INFO     [psi4.optking.opt_helper:182] 
	         Geometry (au)                                       Gradient (au)
   0.0000000000   0.0000000000   2.9841064228		   0.0000000000   0.0000000000  -0.0001375588
   0.0000000000   0.0000000000  -0.1114635160		   0.0000000000   0.0000000000   0.0001390430

2025-12-23:10:29:55,24 INFO     [psi4.optking.stepAlgorithms:368] 	Current Step Report 
 
	Current energy:      -242.6954011509
	Energy change for the previous step:
		Actual       :        -0.0000013120
		Projected    :        -0.0000010325

2025-12-23:10:29:55,24 INFO     [psi4.optking.stepAlgorithms:371] 	Energy ratio =    1.27066
2025-12-23:10:29:55,24 INFO     [psi4.optking.stepAlgorithms:929] 	Using RFO solution 1.
2025-12-23:10:29:55,24 INFO     [psi4.optking.displace:100] 	Determining Cartesian step for fragment 1.
2025-12-23:10:29:55,25 INFO     [psi4.optking.displace:415] 	Successfully converged to displaced geometry.
2025-12-23:10:29:55,25 INFO     [psi4.optking.displace:416] 	RMS(dx):  0.000e+00 	Max(dx):  0.000e+00 	RMS(dq):  0.000e+00
2025-12-23:10:29:55,25 INFO     [psi4.optking.displace:172] 

	        --- Internal Coordinate Step in ANG or DEG, aJ/ANG or AJ/DEG ---
	-------------------------------------------------------------------------------
	           Coordinate      Previous         Force          Change          New 
	           ----------      --------        ------          ------        ------
	               R(1,2)       1.63811        0.00114        0.00072       1.63882
	-------------------------------------------------------------------------------

2025-12-23:10:29:55,25 INFO     [psi4.optking.stepAlgorithms:113] 	|target step| :    0.0013543192
2025-12-23:10:29:55,25 INFO     [psi4.optking.stepAlgorithms:114] 	gradient     :   -0.0001383009
2025-12-23:10:29:55,25 INFO     [psi4.optking.stepAlgorithms:115] 	hessian      :    0.1021181733
2025-12-23:10:29:55,25 INFO     [psi4.optking.stepAlgorithms:113] 	|target step| :    0.0013543192
2025-12-23:10:29:55,25 INFO     [psi4.optking.stepAlgorithms:114] 	gradient     :   -0.0001383009
2025-12-23:10:29:55,25 INFO     [psi4.optking.stepAlgorithms:115] 	hessian      :    0.1021181733
2025-12-23:10:29:55,25 INFO     [psi4.optking.stepAlgorithms:206] 	Norm of achieved step-size    0.0013543192
2025-12-23:10:29:55,25 INFO     [psi4.optking.stepAlgorithms:208] 	Norm of achieved step-size (cart):    0.0009576483
2025-12-23:10:29:55,25 INFO     [psi4.optking.opt_helper:164] Molsys:

	                            ===> Fragment 1 <== 

	 Z (Atomic Numbers)          Masses                          Geom                  
	       1.000000             1.007825          0.00000000  0.00000000  2.98478358   
	      13.000000            26.981539          0.00000000  0.00000000 -0.11214068   

	 - Coordinate -           - BOHR/RAD -       - ANG/DEG -
	 R(1,2)           =         3.096924           1.638822

2025-12-23:10:29:55,25 INFO     [psi4.optking.convcheck:76] Performing convergence check.
2025-12-23:10:29:55,25 INFO     [psi4.optking.convcheck:282] 
	                                 ==> Convergence Check <==                                  
    
	Measures of convergence in internal coordinates in au.
    
	Criteria marked as inactive (o), active & met (*), and active & unmet ( ).

	----------------------------------------------------------------------------------------------
	   Step    Total Energy     Delta E     Max Force     RMS Force      Max Disp      RMS Disp   
	----------------------------------------------------------------------------------------------
	  Convergence Criteria     1.00e-06 *    3.00e-04 *             o    1.20e-03 *             o
	----------------------------------------------------------------------------------------------
	     8    -242.69540115   -1.31e-06      1.38e-04 *    1.38e-04 o    1.35e-03      1.35e-03 o  ~
	----------------------------------------------------------------------------------------------


2025-12-23:10:29:55,25 INFO     [psi4.optking.stepAlgorithms:296] 	Convergence check returned False
2025-12-23:10:29:55,36 INFO     [psi4.driver.task_planner:259] PLANNING Atomic:  keywords={'DAMPING_PERCENTAGE': 1.0, 'GEOM_MAXITER': 500, 'SCF__GUESS': 'READ', 'GUESS': 'SAP', 'MAXITER': 500, 'REFERENCE': 'UKS', 'function_kwargs': {}}
2025-12-23:10:29:55,37 INFO     [psi4.driver.driver:638] Compute gradient(): method=b3lyp, basis=cc-pvdz, molecule=default, nre=4.197713252456567
2025-12-23:10:29:55,440 INFO     [psi4.driver.driver:641] Return gradient(): -242.695401255869
2025-12-23:10:29:55,441 INFO     [psi4.driver.driver:642] [[ 0.00000000  0.00000000 -0.00001515]
 [ 0.00000000 -0.00000000  0.00001662]]
2025-12-23:10:29:55,442 INFO     [psi4.optking.history:269] 	Performing BFGS update.
2025-12-23:10:29:55,442 INFO     [psi4.optking.history:280] 	Using 4 previous steps for update.
2025-12-23:10:29:55,442 INFO     [psi4.optking.history:317] 	Steps to be used in Hessian update:  8 7 6 5

2025-12-23:10:29:55,442 INFO     [psi4.optking.history:418] 	Updated Hessian (in au) 
 	   0.094631

2025-12-23:10:29:55,443 INFO     [psi4.optking.molsys:944] Projected (PHP) Hessian matrix
	   0.094631

2025-12-23:10:29:55,443 INFO     [psi4.optking.opt_helper:182] 
	         Geometry (au)                                       Gradient (au)
   0.0000000000   0.0000000000   2.9854119765		   0.0000000000   0.0000000000  -0.0000151481
   0.0000000000   0.0000000000  -0.1115122816		   0.0000000000  -0.0000000000   0.0000166236

2025-12-23:10:29:55,443 INFO     [psi4.optking.stepAlgorithms:368] 	Current Step Report 
 
	Current energy:      -242.6954012559
	Energy change for the previous step:
		Actual       :        -0.0000001050
		Projected    :        -0.0000000937

2025-12-23:10:29:55,443 INFO     [psi4.optking.stepAlgorithms:371] 	Energy ratio =    1.12083
2025-12-23:10:29:55,443 INFO     [psi4.optking.stepAlgorithms:929] 	Using RFO solution 1.
2025-12-23:10:29:55,443 INFO     [psi4.optking.displace:100] 	Determining Cartesian step for fragment 1.
2025-12-23:10:29:55,443 INFO     [psi4.optking.displace:415] 	Successfully converged to displaced geometry.
2025-12-23:10:29:55,443 INFO     [psi4.optking.displace:416] 	RMS(dx):  0.000e+00 	Max(dx):  0.000e+00 	RMS(dq):  0.000e+00
2025-12-23:10:29:55,443 INFO     [psi4.optking.displace:172] 

	        --- Internal Coordinate Step in ANG or DEG, aJ/ANG or AJ/DEG ---
	-------------------------------------------------------------------------------
	           Coordinate      Previous         Force          Change          New 
	           ----------      --------        ------          ------        ------
	               R(1,2)       1.63882        0.00013        0.00009       1.63891
	-------------------------------------------------------------------------------

2025-12-23:10:29:55,443 INFO     [psi4.optking.stepAlgorithms:113] 	|target step| :    0.0001678716
2025-12-23:10:29:55,443 INFO     [psi4.optking.stepAlgorithms:114] 	gradient     :   -0.0000158858
2025-12-23:10:29:55,443 INFO     [psi4.optking.stepAlgorithms:115] 	hessian      :    0.0946309034
2025-12-23:10:29:55,443 INFO     [psi4.optking.stepAlgorithms:113] 	|target step| :    0.0001678716
2025-12-23:10:29:55,443 INFO     [psi4.optking.stepAlgorithms:114] 	gradient     :   -0.0000158858
2025-12-23:10:29:55,443 INFO     [psi4.optking.stepAlgorithms:115] 	hessian      :    0.0946309034
2025-12-23:10:29:55,443 INFO     [psi4.optking.stepAlgorithms:206] 	Norm of achieved step-size    0.0001678716
2025-12-23:10:29:55,443 INFO     [psi4.optking.stepAlgorithms:208] 	Norm of achieved step-size (cart):    0.0001187031
2025-12-23:10:29:55,443 INFO     [psi4.optking.opt_helper:164] Molsys:

	                            ===> Fragment 1 <== 

	 Z (Atomic Numbers)          Masses                          Geom                  
	       1.000000             1.007825          0.00000000  0.00000000  2.98549591   
	      13.000000            26.981539          0.00000000  0.00000000 -0.11159622   

	 - Coordinate -           - BOHR/RAD -       - ANG/DEG -
	 R(1,2)           =         3.097092           1.638911

2025-12-23:10:29:55,444 INFO     [psi4.optking.convcheck:76] Performing convergence check.
2025-12-23:10:29:55,444 INFO     [psi4.optking.convcheck:282] 
	                                 ==> Convergence Check <==                                  
    
	Measures of convergence in internal coordinates in au.
    
	Criteria marked as inactive (o), active & met (*), and active & unmet ( ).

	----------------------------------------------------------------------------------------------
	   Step    Total Energy     Delta E     Max Force     RMS Force      Max Disp      RMS Disp   
	----------------------------------------------------------------------------------------------
	  Convergence Criteria     1.00e-06 *    3.00e-04 *             o    1.20e-03 *             o
	----------------------------------------------------------------------------------------------
	     9    -242.69540126   -1.05e-07 *    1.59e-05 *    1.59e-05 o    1.68e-04 *    1.68e-04 o  ~
	----------------------------------------------------------------------------------------------


2025-12-23:10:29:55,444 INFO     [psi4.optking.convcheck:206] 
	                      ===> Final Convergence Report <===                     

	----------------------------------------------------------------------------
	|   Required Criteria    |  One or More Criteria  |   Alternate Criteria   |
	----------------------------------------------------------------------------
	| [x]     max_force      | [x]       max_DE       |                        |
	|                        | [x]      max_disp      |                        |
	----------------------------------------------------------------------------


2025-12-23:10:29:55,444 INFO     [psi4.optking.stepAlgorithms:296] 	Convergence check returned True
2025-12-23:10:29:55,444 INFO     [psi4.optking.optimize:332] 	Converged in 9 steps!
2025-12-23:10:29:55,444 INFO     [psi4.optking.optimize:333] 	Final energy is   -242.6954012558690
2025-12-23:10:29:55,444 INFO     [psi4.optking.optimize:334] 	Final structure (Angstroms): 
	Fragment 1 (Ang)

	    H   0.0000000000   0.0000000000   1.5798563993
	   Al   0.0000000000   0.0000000000  -0.0590541750


2025-12-23:10:29:55,445 INFO     [psi4.optking.optimize:562] 	Optimization Finished

	==> Optimization Summary <==

        
	Measures of convergence in internal coordinates in au. (Any backward steps not shown.)
        
	---------------------------------------------------------------------------------------------------------------  ~
        
	 Step         Total Energy             Delta E       MAX Force       RMS Force        MAX Disp        RMS Disp   ~
        
	---------------------------------------------------------------------------------------------------------------  ~
        
	     1    -242.628727275666   -242.628727275666      0.22614111      0.22614111      0.43796125      0.43796125  ~
	     2    -242.685537848185     -0.056810572518      0.05933446      0.05933446      0.15217856      0.15217856  ~
	     3    -242.692190143878     -0.006652295693      0.02974468      0.02974468      0.14955374      0.14955374  ~
	     4    -242.695007057644     -0.002816913766      0.00914564      0.00914564      0.05481783      0.05481783  ~
	     5    -242.695344488860     -0.000337431217      0.00330351      0.00330351      0.02101243      0.02101243  ~
	     6    -242.695392425618     -0.000047936758      0.00127818      0.00127818      0.00831194      0.00831194  ~
	     7    -242.695399838881     -0.000007413262      0.00050829      0.00050829      0.00406284      0.00406284  ~
	     8    -242.695401150901     -0.000001312021      0.00013830      0.00013830      0.00135432      0.00135432  ~
	     9    -242.695401255869     -0.000000104968      0.00001589      0.00001589      0.00016787      0.00016787  ~
	----------------------------------------------------------------------------------------------------------------


2025-12-23:10:29:55,445 INFO     [psi4.optking.optimize:806] Preparing OptimizationResult
