2025-12-23:10:35:00,693 WARNING  [psi4.optking:38] Some dependencies such as QCElemental have not yet finished migration to pydantic v2. If issues are encountered please downgrade pydantic or upgrade QCElemental as appropriate
2025-12-23:10:35:00,852 INFO     [psi4.optking.optwrapper:234] Creating a UserComputer
2025-12-23:10:35:00,852 INFO     [psi4.optking.optwrapper:242] 
    			-----------------------------------------

    			 OPTKING 3.0: for geometry optimizations 

    			     By R.A. King, Bethel University     

    			        with contributions from          

    			    A.V. Copan, J. Cayton, A. Heide      

    			-----------------------------------------

    
2025-12-23:10:35:00,852 INFO     [psi4.optking.optwrapper:272] 
		 -- Optimization Parameters --
	GEOM_MAXITER                   =             500
	ALG_GEOM_MAXITER               =              50
	PRINT                          =               1
	OPT_TYPE                       =             MIN
	STEP_TYPE                      =             RFO
	PROGRAM                        =            PSI4
	STEEPEST_DESCENT_TYPE          =         OVERLAP
	CONJUGATE_GRADIENT_TYPE        =        FLETCHER
	OPT_COORDINATES                =        INTERNAL
	RFO_FOLLOW_ROOT                =           False
	RFO_ROOT                       =               0
	ACCEPT_SYMMETRY_BREAKING       =           False
	DYNAMIC_LVL                    =               0
	DYNAMIC_LVL_MAX                =               0
	IRC_STEP_SIZE                  =             0.2
	IRC_DIRECTION                  =         FORWARD
	IRC_POINTS                     =              20
	IRC_MODE                       =          NORMAL
	IRC_CONVERGENCE                =            -0.7
	INTRAFRAG_STEP_LIMIT           =             0.5
	INTRAFRAG_STEP_LIMIT_MIN       =           0.001
	INTRAFRAG_STEP_LIMIT_MAX       =             1.0
	INTERFRAG_STEP_LIMIT           =             0.5
	INTERFRAG_STEP_LIMIT_MIN       =           0.001
	INTERFRAG_STEP_LIMIT_MAX       =             1.0
	ENSURE_BT_CONVERGENCE          =           False
	SIMPLE_STEP_SCALING            =           False
	CONSECUTIVE_BACKSTEPS          =               0
	RFO_NORMALIZATION_MAX          =             100
	RSRFO_ALPHA_MAX                =     100000000.0
	PRINT_TRAJECTORY_XYZ_FILE      =           False
	WRITE_TRAJECTORY               =           False
	FROZEN_DISTANCE                =                
	FROZEN_BEND                    =                
	FROZEN_DIHEDRAL                =                
	FROZEN_OOFP                    =                
	FROZEN_CARTESIAN               =                
	FREEZE_ALL_DIHEDRALS           =           False
	UNFREEZE_DIHEDRALS             =                
	RANGED_DISTANCE                =                
	RANGED_BEND                    =                
	RANGED_DIHEDRAL                =                
	RANGED_OOFP                    =                
	RANGED_CARTESIAN               =                
	EXT_FORCE_DISTANCE             =                
	EXT_FORCE_BEND                 =                
	EXT_FORCE_DIHEDRAL             =                
	EXT_FORCE_OOFP                 =                
	EXT_FORCE_CARTESIAN            =                
	G_CONVERGENCE                  =           QCHEM
	MAX_FORCE_G_CONVERGENCE        =          0.0003
	RMS_FORCE_G_CONVERGENCE        =          0.0003
	MAX_ENERGY_G_CONVERGENCE       =           1e-06
	MAX_DISP_G_CONVERGENCE         =          0.0012
	RMS_DISP_G_CONVERGENCE         =          0.0012
	FLEXIBLE_G_CONVERGENCE         =           False
	HESS_UPDATE                    =            BFGS
	HESS_UPDATE_USE_LAST           =               4
	HESS_UPDATE_LIMIT              =            True
	HESS_UPDATE_LIMIT_MAX          =             1.0
	HESS_UPDATE_LIMIT_SCALE        =             0.5
	HESS_UPDATE_DEN_TOL            =           1e-07
	HESS_UPDATE_DQ_TOL             =             0.5
	CART_HESS_READ                 =           False
	HESSIAN_FILE                   =               .
	FULL_HESS_EVERY                =              -1
	INTRAFRAG_HESS                 =        SCHLEGEL
	H_GUESS_EVERY                  =           False
	BT_MAX_ITER                    =              25
	BT_DX_CONV                     =           1e-07
	BT_DX_RMS_CHANGE_CONV          =           1e-12
	BT_PINV_RCOND                  =           1e-06
	FRAG_MODE                      =          SINGLE
	FRAG_REF_ATOMS                 =              []
	FREEZE_INTRAFRAG               =           False
	INTERFRAG_MODE                 =           FIXED
	ADD_AUXILIARY_BONDS            =           False
	AUXILIARY_BOND_FACTOR          =             2.5
	INTERFRAG_DIST_INV             =           False
	INTERFRAG_COLLINEAR_TOL        =            0.01
	INTERFRAG_COORDS               =              []
	INTERFRAG_HESS                 =         DEFAULT
	COVALENT_CONNECT               =             1.3
	INTERFRAGMENT_CONNECT          =             1.8
	H_BOND_CONNECT                 =             4.3
	INCLUDE_OOFP                   =           False
	TEST_B                         =           False
	TEST_DERIVATIVE_B              =           False
	LINESEARCH_STEP                =             0.1
	LINESEARCH                     =           False
	SD_HESSIAN                     =             1.0
	FIX_VAL_NEAR_PI                =            1.57
	V3D_TORS_ANGLE_LIM             =           0.017
	V3D_TORS_COS_TOL               =           1e-10
	LINEAR_BEND_THRESHOLD          =            3.05
	SMALL_BEND_FIX_THRESHOLD       =            0.35
	REDUNDANT_EVAL_TOL             =           1e-10
	LINEAR_ALGEBRA_TOL             =           1e-10


2025-12-23:10:35:00,993 INFO     [psi4.optking.opt_helper:164] Molsys:

	                            ===> Fragment 1 <== 

	 Z (Atomic Numbers)          Masses                          Geom                  
	       2.000000             4.002603          0.00000000  0.00000000  1.98384639   
	      14.000000            27.976927          0.00000000  0.00000000 -0.28382496   

	 - Coordinate -           - BOHR/RAD -       - ANG/DEG -
	 R(1,2)           =         2.267671           1.200000

2025-12-23:10:35:01,3 INFO     [psi4.driver.task_planner:259] PLANNING Atomic:  keywords={'DAMPING_PERCENTAGE': 1.0, 'GEOM_MAXITER': 500, 'GUESS': 'SAP', 'MAXITER': 500, 'REFERENCE': 'UKS', 'function_kwargs': {}}
2025-12-23:10:35:01,4 INFO     [psi4.driver.driver:638] Compute gradient(): method=b3lyp, basis=cc-pvdz, molecule=default, nre=12.34746824896667
2025-12-23:10:35:01,504 INFO     [psi4.driver.driver:641] Return gradient(): -291.83721847945344
2025-12-23:10:35:01,504 INFO     [psi4.driver.driver:642] [[ 0.00000000  0.00000000 -0.34251525]
 [-0.00000000 -0.00000000  0.34253791]]
2025-12-23:10:35:01,506 INFO     [psi4.optking.molsys:944] Projected (PHP) Hessian matrix
	   0.417309

2025-12-23:10:35:01,506 INFO     [psi4.optking.opt_helper:182] 
	         Geometry (au)                                       Gradient (au)
   0.0000000000   0.0000000000   1.9838463917		   0.0000000000   0.0000000000  -0.3425152475
   0.0000000000   0.0000000000  -0.2838249589		  -0.0000000000  -0.0000000000   0.3425379096

2025-12-23:10:35:01,506 INFO     [psi4.optking.stepAlgorithms:929] 	Using RFO solution 1.
2025-12-23:10:35:01,506 INFO     [psi4.optking.displace:100] 	Determining Cartesian step for fragment 1.
2025-12-23:10:35:01,507 INFO     [psi4.optking.displace:415] 	Successfully converged to displaced geometry.
2025-12-23:10:35:01,507 INFO     [psi4.optking.displace:416] 	RMS(dx):  0.000e+00 	Max(dx):  0.000e+00 	RMS(dq):  0.000e+00
2025-12-23:10:35:01,507 INFO     [psi4.optking.displace:172] 

	        --- Internal Coordinate Step in ANG or DEG, aJ/ANG or AJ/DEG ---
	-------------------------------------------------------------------------------
	           Coordinate      Previous         Force          Change          New 
	           ----------      --------        ------          ------        ------
	               R(1,2)       1.20000        2.82198        0.26459       1.46459
	-------------------------------------------------------------------------------

2025-12-23:10:35:01,507 INFO     [psi4.optking.stepAlgorithms:113] 	|target step| :    0.5000003297
2025-12-23:10:35:01,507 INFO     [psi4.optking.stepAlgorithms:114] 	gradient     :   -0.3425265785
2025-12-23:10:35:01,507 INFO     [psi4.optking.stepAlgorithms:115] 	hessian      :    0.4173085431
2025-12-23:10:35:01,507 INFO     [psi4.optking.stepAlgorithms:113] 	|target step| :    0.5000003297
2025-12-23:10:35:01,507 INFO     [psi4.optking.stepAlgorithms:114] 	gradient     :   -0.3425265785
2025-12-23:10:35:01,507 INFO     [psi4.optking.stepAlgorithms:115] 	hessian      :    0.4173085431
2025-12-23:10:35:01,507 INFO     [psi4.optking.stepAlgorithms:206] 	Norm of achieved step-size    0.5000003297
2025-12-23:10:35:01,507 INFO     [psi4.optking.stepAlgorithms:208] 	Norm of achieved step-size (cart):    0.3535536237
2025-12-23:10:35:01,507 INFO     [psi4.optking.opt_helper:164] Molsys:

	                            ===> Fragment 1 <== 

	 Z (Atomic Numbers)          Masses                          Geom                  
	       2.000000             4.002603          0.00000000  0.00000000  2.23384656   
	      14.000000            27.976927          0.00000000  0.00000000 -0.53382512   

	 - Coordinate -           - BOHR/RAD -       - ANG/DEG -
	 R(1,2)           =         2.767672           1.464589

2025-12-23:10:35:01,507 INFO     [psi4.optking.convcheck:76] Performing convergence check.
2025-12-23:10:35:01,507 INFO     [psi4.optking.convcheck:282] 
	                                 ==> Convergence Check <==                                  
    
	Measures of convergence in internal coordinates in au.
    
	Criteria marked as inactive (o), active & met (*), and active & unmet ( ).

	----------------------------------------------------------------------------------------------~
	   Step    Total Energy     Delta E     Max Force     RMS Force      Max Disp      RMS Disp   ~
	----------------------------------------------------------------------------------------------~
	  Convergence Criteria     1.00e-06 *    3.00e-04 *             o    1.20e-03 *             o~
	----------------------------------------------------------------------------------------------~
	     1    -291.83721848   -2.92e+02      3.43e-01      3.43e-01 o    5.00e-01      5.00e-01 o  ~
	----------------------------------------------------------------------------------------------


2025-12-23:10:35:01,507 INFO     [psi4.optking.stepAlgorithms:296] 	Convergence check returned False
2025-12-23:10:35:01,518 INFO     [psi4.driver.task_planner:259] PLANNING Atomic:  keywords={'DAMPING_PERCENTAGE': 1.0, 'GEOM_MAXITER': 500, 'SCF__GUESS': 'READ', 'GUESS': 'SAP', 'MAXITER': 500, 'REFERENCE': 'UKS', 'function_kwargs': {}}
2025-12-23:10:35:01,519 INFO     [psi4.driver.driver:638] Compute gradient(): method=b3lyp, basis=cc-pvdz, molecule=default, nre=10.116806917362172
2025-12-23:10:35:01,979 INFO     [psi4.driver.driver:641] Return gradient(): -291.9417427913327
2025-12-23:10:35:01,980 INFO     [psi4.driver.driver:642] [[ 0.00000000  0.00000000 -0.11882572]
 [-0.00000000  0.00000000  0.11881628]]
2025-12-23:10:35:01,981 INFO     [psi4.optking.history:269] 	Performing BFGS update.
2025-12-23:10:35:01,981 INFO     [psi4.optking.history:280] 	Using 1 previous steps for update.
2025-12-23:10:35:01,981 INFO     [psi4.optking.history:317] 	Steps to be used in Hessian update:  1

2025-12-23:10:35:01,981 INFO     [psi4.optking.history:418] 	Updated Hessian (in au) 
 	   0.447411

2025-12-23:10:35:01,982 INFO     [psi4.optking.molsys:944] Projected (PHP) Hessian matrix
	   0.447411

2025-12-23:10:35:01,982 INFO     [psi4.optking.opt_helper:182] 
	         Geometry (au)                                       Gradient (au)
   0.0000000000   0.0000000000   2.4212659718		   0.0000000000   0.0000000000  -0.1188257183
   0.0000000000   0.0000000000  -0.3464057085		  -0.0000000000   0.0000000000   0.1188162756

2025-12-23:10:35:01,982 INFO     [psi4.optking.stepAlgorithms:368] 	Current Step Report 
 
	Current energy:      -291.9417427913
	Energy change for the previous step:
		Actual       :        -0.1045243119
		Projected    :        -0.0952797873

2025-12-23:10:35:01,982 INFO     [psi4.optking.stepAlgorithms:371] 	Energy ratio =    1.09703
2025-12-23:10:35:01,982 INFO     [psi4.optking.stepAlgorithms:399] 	Energy ratio indicates good step.
2025-12-23:10:35:01,982 INFO     [psi4.optking.stepAlgorithms:400] 	Intrafrag trust radius increased to      1.
2025-12-23:10:35:01,982 INFO     [psi4.optking.stepAlgorithms:929] 	Using RFO solution 1.
2025-12-23:10:35:01,982 INFO     [psi4.optking.displace:100] 	Determining Cartesian step for fragment 1.
2025-12-23:10:35:01,982 INFO     [psi4.optking.displace:415] 	Successfully converged to displaced geometry.
2025-12-23:10:35:01,982 INFO     [psi4.optking.displace:416] 	RMS(dx):  0.000e+00 	Max(dx):  0.000e+00 	RMS(dq):  0.000e+00
2025-12-23:10:35:01,982 INFO     [psi4.optking.displace:172] 

	        --- Internal Coordinate Step in ANG or DEG, aJ/ANG or AJ/DEG ---
	-------------------------------------------------------------------------------
	           Coordinate      Previous         Force          Change          New 
	           ----------      --------        ------          ------        ------
	               R(1,2)       1.46459        0.97893        0.13182       1.59640
	-------------------------------------------------------------------------------

2025-12-23:10:35:01,982 INFO     [psi4.optking.stepAlgorithms:113] 	|target step| :    0.2490960731
2025-12-23:10:35:01,982 INFO     [psi4.optking.stepAlgorithms:114] 	gradient     :   -0.1188209970
2025-12-23:10:35:01,982 INFO     [psi4.optking.stepAlgorithms:115] 	hessian      :    0.4474108681
2025-12-23:10:35:01,982 INFO     [psi4.optking.stepAlgorithms:113] 	|target step| :    0.2490960731
2025-12-23:10:35:01,982 INFO     [psi4.optking.stepAlgorithms:114] 	gradient     :   -0.1188209970
2025-12-23:10:35:01,982 INFO     [psi4.optking.stepAlgorithms:115] 	hessian      :    0.4474108681
2025-12-23:10:35:01,982 INFO     [psi4.optking.stepAlgorithms:206] 	Norm of achieved step-size    0.2490960731
2025-12-23:10:35:01,982 INFO     [psi4.optking.stepAlgorithms:208] 	Norm of achieved step-size (cart):    0.1761375225
2025-12-23:10:35:01,983 INFO     [psi4.optking.opt_helper:164] Molsys:

	                            ===> Fragment 1 <== 

	 Z (Atomic Numbers)          Masses                          Geom                  
	       2.000000             4.002603          0.00000000  0.00000000  2.54581401   
	      14.000000            27.976927          0.00000000  0.00000000 -0.47095375   

	 - Coordinate -           - BOHR/RAD -       - ANG/DEG -
	 R(1,2)           =         3.016768           1.596405

2025-12-23:10:35:01,983 INFO     [psi4.optking.convcheck:76] Performing convergence check.
2025-12-23:10:35:01,983 INFO     [psi4.optking.convcheck:282] 
	                                 ==> Convergence Check <==                                  
    
	Measures of convergence in internal coordinates in au.
    
	Criteria marked as inactive (o), active & met (*), and active & unmet ( ).

	----------------------------------------------------------------------------------------------
	   Step    Total Energy     Delta E     Max Force     RMS Force      Max Disp      RMS Disp   
	----------------------------------------------------------------------------------------------
	  Convergence Criteria     1.00e-06 *    3.00e-04 *             o    1.20e-03 *             o
	----------------------------------------------------------------------------------------------
	     2    -291.94174279   -1.05e-01      1.19e-01      1.19e-01 o    2.49e-01      2.49e-01 o  ~
	----------------------------------------------------------------------------------------------


2025-12-23:10:35:01,983 INFO     [psi4.optking.stepAlgorithms:296] 	Convergence check returned False
2025-12-23:10:35:01,993 INFO     [psi4.driver.task_planner:259] PLANNING Atomic:  keywords={'DAMPING_PERCENTAGE': 1.0, 'GEOM_MAXITER': 500, 'SCF__GUESS': 'READ', 'GUESS': 'SAP', 'MAXITER': 500, 'REFERENCE': 'UKS', 'function_kwargs': {}}
2025-12-23:10:35:01,994 INFO     [psi4.driver.driver:638] Compute gradient(): method=b3lyp, basis=cc-pvdz, molecule=default, nre=9.281456939659568
2025-12-23:10:35:02,483 INFO     [psi4.driver.driver:641] Return gradient(): -291.96508763363136
2025-12-23:10:35:02,484 INFO     [psi4.driver.driver:642] [[ 0.00000000  0.00000000 -0.07258832]
 [-0.00000000  0.00000000  0.07258508]]
2025-12-23:10:35:02,485 INFO     [psi4.optking.history:269] 	Performing BFGS update.
2025-12-23:10:35:02,485 INFO     [psi4.optking.history:280] 	Using 2 previous steps for update.
2025-12-23:10:35:02,485 WARNING  [psi4.optking.history:301] 	Change in internal coordinate of 7.49e-01 exceeds limit of 5.00e-01.
2025-12-23:10:35:02,485 WARNING  [psi4.optking.history:306] 	Skipping Hessian update for step 1.
2025-12-23:10:35:02,485 INFO     [psi4.optking.history:317] 	Steps to be used in Hessian update:  2

2025-12-23:10:35:02,485 INFO     [psi4.optking.history:418] 	Updated Hessian (in au) 
 	   0.185608

2025-12-23:10:35:02,485 INFO     [psi4.optking.molsys:944] Projected (PHP) Hessian matrix
	   0.185608

2025-12-23:10:35:02,486 INFO     [psi4.optking.opt_helper:182] 
	         Geometry (au)                                       Gradient (au)
   0.0000000000   0.0000000000   2.6391848275		   0.0000000000   0.0000000000  -0.0725883209
   0.0000000000   0.0000000000  -0.3775829259		  -0.0000000000   0.0000000000   0.0725850845

2025-12-23:10:35:02,486 INFO     [psi4.optking.stepAlgorithms:368] 	Current Step Report 
 
	Current energy:      -291.9650876336
	Energy change for the previous step:
		Actual       :        -0.0233448423
		Projected    :        -0.0147989219

2025-12-23:10:35:02,486 INFO     [psi4.optking.stepAlgorithms:371] 	Energy ratio =    1.57747
2025-12-23:10:35:02,486 INFO     [psi4.optking.stepAlgorithms:929] 	Using RFO solution 1.
2025-12-23:10:35:02,486 INFO     [psi4.optking.displace:100] 	Determining Cartesian step for fragment 1.
2025-12-23:10:35:02,486 INFO     [psi4.optking.displace:415] 	Successfully converged to displaced geometry.
2025-12-23:10:35:02,486 INFO     [psi4.optking.displace:416] 	RMS(dx):  1.282e-16 	Max(dx):  2.220e-16 	RMS(dq):  4.441e-16
2025-12-23:10:35:02,486 INFO     [psi4.optking.displace:172] 

	        --- Internal Coordinate Step in ANG or DEG, aJ/ANG or AJ/DEG ---
	-------------------------------------------------------------------------------
	           Coordinate      Previous         Force          Change          New 
	           ----------      --------        ------          ------        ------
	               R(1,2)       1.59640        0.59802        0.18237       1.77877
	-------------------------------------------------------------------------------

2025-12-23:10:35:02,486 INFO     [psi4.optking.stepAlgorithms:113] 	|target step| :    0.3446274939
2025-12-23:10:35:02,486 INFO     [psi4.optking.stepAlgorithms:114] 	gradient     :   -0.0725867027
2025-12-23:10:35:02,486 INFO     [psi4.optking.stepAlgorithms:115] 	hessian      :    0.1856082824
2025-12-23:10:35:02,486 INFO     [psi4.optking.stepAlgorithms:113] 	|target step| :    0.3446274939
2025-12-23:10:35:02,486 INFO     [psi4.optking.stepAlgorithms:114] 	gradient     :   -0.0725867027
2025-12-23:10:35:02,486 INFO     [psi4.optking.stepAlgorithms:115] 	hessian      :    0.1856082824
2025-12-23:10:35:02,486 INFO     [psi4.optking.stepAlgorithms:206] 	Norm of achieved step-size    0.3446274939
2025-12-23:10:35:02,486 INFO     [psi4.optking.stepAlgorithms:208] 	Norm of achieved step-size (cart):    0.2436884379
2025-12-23:10:35:02,486 INFO     [psi4.optking.opt_helper:164] Molsys:

	                            ===> Fragment 1 <== 

	 Z (Atomic Numbers)          Masses                          Geom                  
	       2.000000             4.002603          0.00000000  0.00000000  2.81149857   
	      14.000000            27.976927          0.00000000  0.00000000 -0.54989667   

	 - Coordinate -           - BOHR/RAD -       - ANG/DEG -
	 R(1,2)           =         3.361395           1.778774

2025-12-23:10:35:02,487 INFO     [psi4.optking.convcheck:76] Performing convergence check.
2025-12-23:10:35:02,487 INFO     [psi4.optking.convcheck:282] 
	                                 ==> Convergence Check <==                                  
    
	Measures of convergence in internal coordinates in au.
    
	Criteria marked as inactive (o), active & met (*), and active & unmet ( ).

	----------------------------------------------------------------------------------------------
	   Step    Total Energy     Delta E     Max Force     RMS Force      Max Disp      RMS Disp   
	----------------------------------------------------------------------------------------------
	  Convergence Criteria     1.00e-06 *    3.00e-04 *             o    1.20e-03 *             o
	----------------------------------------------------------------------------------------------
	     3    -291.96508763   -2.33e-02      7.26e-02      7.26e-02 o    3.45e-01      3.45e-01 o  ~
	----------------------------------------------------------------------------------------------


2025-12-23:10:35:02,487 INFO     [psi4.optking.stepAlgorithms:296] 	Convergence check returned False
2025-12-23:10:35:02,497 INFO     [psi4.driver.task_planner:259] PLANNING Atomic:  keywords={'DAMPING_PERCENTAGE': 1.0, 'GEOM_MAXITER': 500, 'SCF__GUESS': 'READ', 'GUESS': 'SAP', 'MAXITER': 500, 'REFERENCE': 'UKS', 'function_kwargs': {}}
2025-12-23:10:35:02,498 INFO     [psi4.driver.driver:638] Compute gradient(): method=b3lyp, basis=cc-pvdz, molecule=default, nre=8.329874334922936
2025-12-23:10:35:02,982 INFO     [psi4.driver.driver:641] Return gradient(): -291.98328069860236
2025-12-23:10:35:02,982 INFO     [psi4.driver.driver:642] [[-0.00000000  0.00000000 -0.03689092]
 [ 0.00000000  0.00000000  0.03689900]]
2025-12-23:10:35:02,984 INFO     [psi4.optking.history:269] 	Performing BFGS update.
2025-12-23:10:35:02,984 INFO     [psi4.optking.history:280] 	Using 3 previous steps for update.
2025-12-23:10:35:02,984 WARNING  [psi4.optking.history:301] 	Change in internal coordinate of 5.94e-01 exceeds limit of 5.00e-01.
2025-12-23:10:35:02,984 WARNING  [psi4.optking.history:306] 	Skipping Hessian update for step 2.
2025-12-23:10:35:02,984 WARNING  [psi4.optking.history:301] 	Change in internal coordinate of 1.09e+00 exceeds limit of 5.00e-01.
2025-12-23:10:35:02,984 WARNING  [psi4.optking.history:306] 	Skipping Hessian update for step 1.
2025-12-23:10:35:02,984 INFO     [psi4.optking.history:317] 	Steps to be used in Hessian update:  3

2025-12-23:10:35:02,984 INFO     [psi4.optking.history:418] 	Updated Hessian (in au) 
 	   0.103566

2025-12-23:10:35:02,984 INFO     [psi4.optking.molsys:944] Projected (PHP) Hessian matrix
	   0.103566

2025-12-23:10:35:02,984 INFO     [psi4.optking.opt_helper:182] 
	         Geometry (au)                                       Gradient (au)
   0.0000000000   0.0000000000   2.9406782560		  -0.0000000000   0.0000000000  -0.0368909194
   0.0000000000   0.0000000000  -0.4207169913		   0.0000000000   0.0000000000   0.0368989962

2025-12-23:10:35:02,984 INFO     [psi4.optking.stepAlgorithms:368] 	Current Step Report 
 
	Current energy:      -291.9832806986
	Energy change for the previous step:
		Actual       :        -0.0181930650
		Projected    :        -0.0125076867

2025-12-23:10:35:02,984 INFO     [psi4.optking.stepAlgorithms:371] 	Energy ratio =    1.45455
2025-12-23:10:35:02,984 INFO     [psi4.optking.stepAlgorithms:929] 	Using RFO solution 1.
2025-12-23:10:35:02,984 INFO     [psi4.optking.displace:100] 	Determining Cartesian step for fragment 1.
2025-12-23:10:35:02,985 INFO     [psi4.optking.displace:415] 	Successfully converged to displaced geometry.
2025-12-23:10:35:02,985 INFO     [psi4.optking.displace:416] 	RMS(dx):  0.000e+00 	Max(dx):  0.000e+00 	RMS(dq):  0.000e+00
2025-12-23:10:35:02,985 INFO     [psi4.optking.displace:172] 

	        --- Internal Coordinate Step in ANG or DEG, aJ/ANG or AJ/DEG ---
	-------------------------------------------------------------------------------
	           Coordinate      Previous         Force          Change          New 
	           ----------      --------        ------          ------        ------
	               R(1,2)       1.77877        0.30397        0.16924       1.94801
	-------------------------------------------------------------------------------

2025-12-23:10:35:02,985 INFO     [psi4.optking.stepAlgorithms:113] 	|target step| :    0.3198092675
2025-12-23:10:35:02,985 INFO     [psi4.optking.stepAlgorithms:114] 	gradient     :   -0.0368949578
2025-12-23:10:35:02,985 INFO     [psi4.optking.stepAlgorithms:115] 	hessian      :    0.1035661561
2025-12-23:10:35:02,985 INFO     [psi4.optking.stepAlgorithms:113] 	|target step| :    0.3198092675
2025-12-23:10:35:02,985 INFO     [psi4.optking.stepAlgorithms:114] 	gradient     :   -0.0368949578
2025-12-23:10:35:02,985 INFO     [psi4.optking.stepAlgorithms:115] 	hessian      :    0.1035661561
2025-12-23:10:35:02,985 INFO     [psi4.optking.stepAlgorithms:206] 	Norm of achieved step-size    0.3198092675
2025-12-23:10:35:02,985 INFO     [psi4.optking.stepAlgorithms:208] 	Norm of achieved step-size (cart):    0.2261393018
2025-12-23:10:35:02,985 INFO     [psi4.optking.opt_helper:164] Molsys:

	                            ===> Fragment 1 <== 

	 Z (Atomic Numbers)          Masses                          Geom                  
	       2.000000             4.002603          0.00000000  0.00000000  3.10058289   
	      14.000000            27.976927          0.00000000  0.00000000 -0.58062163   

	 - Coordinate -           - BOHR/RAD -       - ANG/DEG -
	 R(1,2)           =         3.681205           1.948010

2025-12-23:10:35:02,985 INFO     [psi4.optking.convcheck:76] Performing convergence check.
2025-12-23:10:35:02,985 INFO     [psi4.optking.convcheck:282] 
	                                 ==> Convergence Check <==                                  
    
	Measures of convergence in internal coordinates in au.
    
	Criteria marked as inactive (o), active & met (*), and active & unmet ( ).

	----------------------------------------------------------------------------------------------
	   Step    Total Energy     Delta E     Max Force     RMS Force      Max Disp      RMS Disp   
	----------------------------------------------------------------------------------------------
	  Convergence Criteria     1.00e-06 *    3.00e-04 *             o    1.20e-03 *             o
	----------------------------------------------------------------------------------------------
	     4    -291.98328070   -1.82e-02      3.69e-02      3.69e-02 o    3.20e-01      3.20e-01 o  ~
	----------------------------------------------------------------------------------------------


2025-12-23:10:35:02,985 INFO     [psi4.optking.stepAlgorithms:296] 	Convergence check returned False
2025-12-23:10:35:02,996 INFO     [psi4.driver.task_planner:259] PLANNING Atomic:  keywords={'DAMPING_PERCENTAGE': 1.0, 'GEOM_MAXITER': 500, 'SCF__GUESS': 'READ', 'GUESS': 'SAP', 'MAXITER': 500, 'REFERENCE': 'UKS', 'function_kwargs': {}}
2025-12-23:10:35:02,997 INFO     [psi4.driver.driver:638] Compute gradient(): method=b3lyp, basis=cc-pvdz, molecule=default, nre=7.6062060358792865
2025-12-23:10:35:03,440 INFO     [psi4.driver.driver:641] Return gradient(): -291.99198247964466
2025-12-23:10:35:03,440 INFO     [psi4.driver.driver:642] [[ 0.00000000 -0.00000000 -0.01922764]
 [-0.00000000  0.00000000  0.01924197]]
2025-12-23:10:35:03,442 INFO     [psi4.optking.history:269] 	Performing BFGS update.
2025-12-23:10:35:03,442 INFO     [psi4.optking.history:280] 	Using 4 previous steps for update.
2025-12-23:10:35:03,442 WARNING  [psi4.optking.history:301] 	Change in internal coordinate of 6.64e-01 exceeds limit of 5.00e-01.
2025-12-23:10:35:03,442 WARNING  [psi4.optking.history:306] 	Skipping Hessian update for step 3.
2025-12-23:10:35:03,442 WARNING  [psi4.optking.history:301] 	Change in internal coordinate of 9.14e-01 exceeds limit of 5.00e-01.
2025-12-23:10:35:03,442 WARNING  [psi4.optking.history:306] 	Skipping Hessian update for step 2.
2025-12-23:10:35:03,442 WARNING  [psi4.optking.history:301] 	Change in internal coordinate of 1.41e+00 exceeds limit of 5.00e-01.
2025-12-23:10:35:03,442 WARNING  [psi4.optking.history:306] 	Skipping Hessian update for step 1.
2025-12-23:10:35:03,442 INFO     [psi4.optking.history:317] 	Steps to be used in Hessian update:  4

2025-12-23:10:35:03,442 INFO     [psi4.optking.history:418] 	Updated Hessian (in au) 
 	   0.055221

2025-12-23:10:35:03,443 INFO     [psi4.optking.molsys:944] Projected (PHP) Hessian matrix
	   0.055221

2025-12-23:10:35:03,443 INFO     [psi4.optking.opt_helper:182] 
	         Geometry (au)                                       Gradient (au)
   0.0000000000   0.0000000000   3.2204597425		   0.0000000000  -0.0000000000  -0.0192276418
   0.0000000000   0.0000000000  -0.4607447723		  -0.0000000000   0.0000000000   0.0192419668

2025-12-23:10:35:03,443 INFO     [psi4.optking.stepAlgorithms:368] 	Current Step Report 
 
	Current energy:      -291.9919824796
	Energy change for the previous step:
		Actual       :        -0.0087017810
		Projected    :        -0.0058996747

2025-12-23:10:35:03,443 INFO     [psi4.optking.stepAlgorithms:371] 	Energy ratio =    1.47496
2025-12-23:10:35:03,443 INFO     [psi4.optking.stepAlgorithms:929] 	Using RFO solution 1.
2025-12-23:10:35:03,443 INFO     [psi4.optking.displace:100] 	Determining Cartesian step for fragment 1.
2025-12-23:10:35:03,443 INFO     [psi4.optking.displace:415] 	Successfully converged to displaced geometry.
2025-12-23:10:35:03,443 INFO     [psi4.optking.displace:416] 	RMS(dx):  1.282e-16 	Max(dx):  2.220e-16 	RMS(dq):  4.441e-16
2025-12-23:10:35:03,443 INFO     [psi4.optking.displace:172] 

	        --- Internal Coordinate Step in ANG or DEG, aJ/ANG or AJ/DEG ---
	-------------------------------------------------------------------------------
	           Coordinate      Previous         Force          Change          New 
	           ----------      --------        ------          ------        ------
	               R(1,2)       1.94801        0.15847        0.16615       2.11416
	-------------------------------------------------------------------------------

2025-12-23:10:35:03,443 INFO     [psi4.optking.stepAlgorithms:113] 	|target step| :    0.3139846797
2025-12-23:10:35:03,443 INFO     [psi4.optking.stepAlgorithms:114] 	gradient     :   -0.0192348043
2025-12-23:10:35:03,443 INFO     [psi4.optking.stepAlgorithms:115] 	hessian      :    0.0552208936
2025-12-23:10:35:03,443 INFO     [psi4.optking.stepAlgorithms:113] 	|target step| :    0.3139846797
2025-12-23:10:35:03,443 INFO     [psi4.optking.stepAlgorithms:114] 	gradient     :   -0.0192348043
2025-12-23:10:35:03,443 INFO     [psi4.optking.stepAlgorithms:115] 	hessian      :    0.0552208936
2025-12-23:10:35:03,443 INFO     [psi4.optking.stepAlgorithms:206] 	Norm of achieved step-size    0.3139846797
2025-12-23:10:35:03,443 INFO     [psi4.optking.stepAlgorithms:208] 	Norm of achieved step-size (cart):    0.2220206962
2025-12-23:10:35:03,443 INFO     [psi4.optking.opt_helper:164] Molsys:

	                            ===> Fragment 1 <== 

	 Z (Atomic Numbers)          Masses                          Geom                  
	       2.000000             4.002603          0.00000000  0.00000000  3.37745208   
	      14.000000            27.976927          0.00000000  0.00000000 -0.61773711   

	 - Coordinate -           - BOHR/RAD -       - ANG/DEG -
	 R(1,2)           =         3.995189           2.114163

2025-12-23:10:35:03,444 INFO     [psi4.optking.convcheck:76] Performing convergence check.
2025-12-23:10:35:03,444 INFO     [psi4.optking.convcheck:282] 
	                                 ==> Convergence Check <==                                  
    
	Measures of convergence in internal coordinates in au.
    
	Criteria marked as inactive (o), active & met (*), and active & unmet ( ).

	----------------------------------------------------------------------------------------------
	   Step    Total Energy     Delta E     Max Force     RMS Force      Max Disp      RMS Disp   
	----------------------------------------------------------------------------------------------
	  Convergence Criteria     1.00e-06 *    3.00e-04 *             o    1.20e-03 *             o
	----------------------------------------------------------------------------------------------
	     5    -291.99198248   -8.70e-03      1.92e-02      1.92e-02 o    3.14e-01      3.14e-01 o  ~
	----------------------------------------------------------------------------------------------


2025-12-23:10:35:03,444 INFO     [psi4.optking.stepAlgorithms:296] 	Convergence check returned False
2025-12-23:10:35:03,454 INFO     [psi4.driver.task_planner:259] PLANNING Atomic:  keywords={'DAMPING_PERCENTAGE': 1.0, 'GEOM_MAXITER': 500, 'SCF__GUESS': 'READ', 'GUESS': 'SAP', 'MAXITER': 500, 'REFERENCE': 'UKS', 'function_kwargs': {}}
2025-12-23:10:35:03,455 INFO     [psi4.driver.driver:638] Compute gradient(): method=b3lyp, basis=cc-pvdz, molecule=default, nre=7.008429047234881
2025-12-23:10:35:03,929 INFO     [psi4.driver.driver:641] Return gradient(): -291.9963690734451
2025-12-23:10:35:03,930 INFO     [psi4.driver.driver:642] [[-0.00000000  0.00000000 -0.00962571]
 [ 0.00000000  0.00000000  0.00963670]]
2025-12-23:10:35:03,931 INFO     [psi4.optking.history:269] 	Performing BFGS update.
2025-12-23:10:35:03,931 INFO     [psi4.optking.history:280] 	Using 4 previous steps for update.
2025-12-23:10:35:03,931 WARNING  [psi4.optking.history:301] 	Change in internal coordinate of 6.34e-01 exceeds limit of 5.00e-01.
2025-12-23:10:35:03,931 WARNING  [psi4.optking.history:306] 	Skipping Hessian update for step 4.
2025-12-23:10:35:03,931 WARNING  [psi4.optking.history:301] 	Change in internal coordinate of 9.78e-01 exceeds limit of 5.00e-01.
2025-12-23:10:35:03,931 WARNING  [psi4.optking.history:306] 	Skipping Hessian update for step 3.
2025-12-23:10:35:03,931 WARNING  [psi4.optking.history:301] 	Change in internal coordinate of 1.23e+00 exceeds limit of 5.00e-01.
2025-12-23:10:35:03,931 WARNING  [psi4.optking.history:306] 	Skipping Hessian update for step 2.
2025-12-23:10:35:03,932 WARNING  [psi4.optking.history:301] 	Change in internal coordinate of 1.73e+00 exceeds limit of 5.00e-01.
2025-12-23:10:35:03,932 WARNING  [psi4.optking.history:306] 	Skipping Hessian update for step 1.
2025-12-23:10:35:03,932 INFO     [psi4.optking.history:317] 	Steps to be used in Hessian update:  5

2025-12-23:10:35:03,932 INFO     [psi4.optking.history:418] 	Updated Hessian (in au) 
 	   0.030586

2025-12-23:10:35:03,932 INFO     [psi4.optking.molsys:944] Projected (PHP) Hessian matrix
	   0.030586

2025-12-23:10:35:03,932 INFO     [psi4.optking.opt_helper:182] 
	         Geometry (au)                                       Gradient (au)
   0.0000000000   0.0000000000   3.4951456549		  -0.0000000000   0.0000000000  -0.0096257085
   0.0000000000   0.0000000000  -0.5000435396		   0.0000000000   0.0000000000   0.0096367019

2025-12-23:10:35:03,932 INFO     [psi4.optking.stepAlgorithms:368] 	Current Step Report 
 
	Current energy:      -291.9963690734
	Energy change for the previous step:
		Actual       :        -0.0043865938
		Projected    :        -0.0030197169

2025-12-23:10:35:03,932 INFO     [psi4.optking.stepAlgorithms:371] 	Energy ratio =    1.45265
2025-12-23:10:35:03,932 INFO     [psi4.optking.stepAlgorithms:929] 	Using RFO solution 1.
2025-12-23:10:35:03,932 INFO     [psi4.optking.displace:100] 	Determining Cartesian step for fragment 1.
2025-12-23:10:35:03,932 INFO     [psi4.optking.displace:415] 	Successfully converged to displaced geometry.
2025-12-23:10:35:03,932 INFO     [psi4.optking.displace:416] 	RMS(dx):  0.000e+00 	Max(dx):  0.000e+00 	RMS(dq):  0.000e+00
2025-12-23:10:35:03,932 INFO     [psi4.optking.displace:172] 

	        --- Internal Coordinate Step in ANG or DEG, aJ/ANG or AJ/DEG ---
	-------------------------------------------------------------------------------
	           Coordinate      Previous         Force          Change          New 
	           ----------      --------        ------          ------        ------
	               R(1,2)       2.11416        0.07935        0.15275       2.26691
	-------------------------------------------------------------------------------

2025-12-23:10:35:03,932 INFO     [psi4.optking.stepAlgorithms:113] 	|target step| :    0.2886510262
2025-12-23:10:35:03,932 INFO     [psi4.optking.stepAlgorithms:114] 	gradient     :   -0.0096312052
2025-12-23:10:35:03,932 INFO     [psi4.optking.stepAlgorithms:115] 	hessian      :    0.0305862028
2025-12-23:10:35:03,932 INFO     [psi4.optking.stepAlgorithms:113] 	|target step| :    0.2886510262
2025-12-23:10:35:03,932 INFO     [psi4.optking.stepAlgorithms:114] 	gradient     :   -0.0096312052
2025-12-23:10:35:03,932 INFO     [psi4.optking.stepAlgorithms:115] 	hessian      :    0.0305862028
2025-12-23:10:35:03,932 INFO     [psi4.optking.stepAlgorithms:206] 	Norm of achieved step-size    0.2886510262
2025-12-23:10:35:03,932 INFO     [psi4.optking.stepAlgorithms:208] 	Norm of achieved step-size (cart):    0.2041070980
2025-12-23:10:35:03,933 INFO     [psi4.optking.opt_helper:164] Molsys:

	                            ===> Fragment 1 <== 

	 Z (Atomic Numbers)          Masses                          Geom                  
	       2.000000             4.002603          0.00000000  0.00000000  3.63947117   
	      14.000000            27.976927          0.00000000  0.00000000 -0.64436905   

	 - Coordinate -           - BOHR/RAD -       - ANG/DEG -
	 R(1,2)           =         4.283840           2.266911

2025-12-23:10:35:03,933 INFO     [psi4.optking.convcheck:76] Performing convergence check.
2025-12-23:10:35:03,933 INFO     [psi4.optking.convcheck:282] 
	                                 ==> Convergence Check <==                                  
    
	Measures of convergence in internal coordinates in au.
    
	Criteria marked as inactive (o), active & met (*), and active & unmet ( ).

	----------------------------------------------------------------------------------------------
	   Step    Total Energy     Delta E     Max Force     RMS Force      Max Disp      RMS Disp   
	----------------------------------------------------------------------------------------------
	  Convergence Criteria     1.00e-06 *    3.00e-04 *             o    1.20e-03 *             o
	----------------------------------------------------------------------------------------------
	     6    -291.99636907   -4.39e-03      9.63e-03      9.63e-03 o    2.89e-01      2.89e-01 o  ~
	----------------------------------------------------------------------------------------------


2025-12-23:10:35:03,933 INFO     [psi4.optking.stepAlgorithms:296] 	Convergence check returned False
2025-12-23:10:35:03,943 INFO     [psi4.driver.task_planner:259] PLANNING Atomic:  keywords={'DAMPING_PERCENTAGE': 1.0, 'GEOM_MAXITER': 500, 'SCF__GUESS': 'READ', 'GUESS': 'SAP', 'MAXITER': 500, 'REFERENCE': 'UKS', 'function_kwargs': {}}
2025-12-23:10:35:03,944 INFO     [psi4.driver.driver:638] Compute gradient(): method=b3lyp, basis=cc-pvdz, molecule=default, nre=6.53619149112889
2025-12-23:10:35:04,390 INFO     [psi4.driver.driver:641] Return gradient(): -291.998365951751
2025-12-23:10:35:04,390 INFO     [psi4.driver.driver:642] [[-0.00000000  0.00000000 -0.00466666]
 [ 0.00000000  0.00000000  0.00466896]]
2025-12-23:10:35:04,391 INFO     [psi4.optking.history:269] 	Performing BFGS update.
2025-12-23:10:35:04,392 INFO     [psi4.optking.history:280] 	Using 4 previous steps for update.
2025-12-23:10:35:04,392 WARNING  [psi4.optking.history:301] 	Change in internal coordinate of 6.03e-01 exceeds limit of 5.00e-01.
2025-12-23:10:35:04,392 WARNING  [psi4.optking.history:306] 	Skipping Hessian update for step 5.
2025-12-23:10:35:04,392 WARNING  [psi4.optking.history:301] 	Change in internal coordinate of 9.22e-01 exceeds limit of 5.00e-01.
2025-12-23:10:35:04,392 WARNING  [psi4.optking.history:306] 	Skipping Hessian update for step 4.
2025-12-23:10:35:04,392 WARNING  [psi4.optking.history:301] 	Change in internal coordinate of 1.27e+00 exceeds limit of 5.00e-01.
2025-12-23:10:35:04,392 WARNING  [psi4.optking.history:306] 	Skipping Hessian update for step 3.
2025-12-23:10:35:04,392 WARNING  [psi4.optking.history:301] 	Change in internal coordinate of 1.52e+00 exceeds limit of 5.00e-01.
2025-12-23:10:35:04,392 WARNING  [psi4.optking.history:306] 	Skipping Hessian update for step 2.
2025-12-23:10:35:04,392 WARNING  [psi4.optking.history:301] 	Change in internal coordinate of 2.02e+00 exceeds limit of 5.00e-01.
2025-12-23:10:35:04,392 WARNING  [psi4.optking.history:306] 	Skipping Hessian update for step 1.
2025-12-23:10:35:04,392 INFO     [psi4.optking.history:317] 	Steps to be used in Hessian update:  6

2025-12-23:10:35:04,392 INFO     [psi4.optking.history:418] 	Updated Hessian (in au) 
 	   0.017195

2025-12-23:10:35:04,392 INFO     [psi4.optking.molsys:944] Projected (PHP) Hessian matrix
	   0.017195

2025-12-23:10:35:04,392 INFO     [psi4.optking.opt_helper:182] 
	         Geometry (au)                                       Gradient (au)
   0.0000000000   0.0000000000   3.7476687097		  -0.0000000000   0.0000000000  -0.0046666566
   0.0000000000   0.0000000000  -0.5361715110		   0.0000000000   0.0000000000   0.0046689613

2025-12-23:10:35:04,392 INFO     [psi4.optking.stepAlgorithms:368] 	Current Step Report 
 
	Current energy:      -291.9983659518
	Energy change for the previous step:
		Actual       :        -0.0019968783
		Projected    :        -0.0013900286

2025-12-23:10:35:04,392 INFO     [psi4.optking.stepAlgorithms:371] 	Energy ratio =    1.43657
2025-12-23:10:35:04,392 INFO     [psi4.optking.stepAlgorithms:929] 	Using RFO solution 1.
2025-12-23:10:35:04,392 INFO     [psi4.optking.displace:100] 	Determining Cartesian step for fragment 1.
2025-12-23:10:35:04,393 INFO     [psi4.optking.displace:415] 	Successfully converged to displaced geometry.
2025-12-23:10:35:04,393 INFO     [psi4.optking.displace:416] 	RMS(dx):  0.000e+00 	Max(dx):  0.000e+00 	RMS(dq):  0.000e+00
2025-12-23:10:35:04,393 INFO     [psi4.optking.displace:172] 

	        --- Internal Coordinate Step in ANG or DEG, aJ/ANG or AJ/DEG ---
	-------------------------------------------------------------------------------
	           Coordinate      Previous         Force          Change          New 
	           ----------      --------        ------          ------        ------
	               R(1,2)       2.26691        0.03846        0.13439       2.40130
	-------------------------------------------------------------------------------

2025-12-23:10:35:04,393 INFO     [psi4.optking.stepAlgorithms:113] 	|target step| :    0.2539536811
2025-12-23:10:35:04,393 INFO     [psi4.optking.stepAlgorithms:114] 	gradient     :   -0.0046678089
2025-12-23:10:35:04,393 INFO     [psi4.optking.stepAlgorithms:115] 	hessian      :    0.0171951451
2025-12-23:10:35:04,393 INFO     [psi4.optking.stepAlgorithms:113] 	|target step| :    0.2539536811
2025-12-23:10:35:04,393 INFO     [psi4.optking.stepAlgorithms:114] 	gradient     :   -0.0046678089
2025-12-23:10:35:04,393 INFO     [psi4.optking.stepAlgorithms:115] 	hessian      :    0.0171951451
2025-12-23:10:35:04,393 INFO     [psi4.optking.stepAlgorithms:206] 	Norm of achieved step-size    0.2539536811
2025-12-23:10:35:04,393 INFO     [psi4.optking.stepAlgorithms:208] 	Norm of achieved step-size (cart):    0.1795723700
2025-12-23:10:35:04,393 INFO     [psi4.optking.opt_helper:164] Molsys:

	                            ===> Fragment 1 <== 

	 Z (Atomic Numbers)          Masses                          Geom                  
	       2.000000             4.002603          0.00000000  0.00000000  3.87464555   
	      14.000000            27.976927          0.00000000  0.00000000 -0.66314835   

	 - Coordinate -           - BOHR/RAD -       - ANG/DEG -
	 R(1,2)           =         4.537794           2.401297

2025-12-23:10:35:04,393 INFO     [psi4.optking.convcheck:76] Performing convergence check.
2025-12-23:10:35:04,393 INFO     [psi4.optking.convcheck:282] 
	                                 ==> Convergence Check <==                                  
    
	Measures of convergence in internal coordinates in au.
    
	Criteria marked as inactive (o), active & met (*), and active & unmet ( ).

	----------------------------------------------------------------------------------------------
	   Step    Total Energy     Delta E     Max Force     RMS Force      Max Disp      RMS Disp   
	----------------------------------------------------------------------------------------------
	  Convergence Criteria     1.00e-06 *    3.00e-04 *             o    1.20e-03 *             o
	----------------------------------------------------------------------------------------------
	     7    -291.99836595   -2.00e-03      4.67e-03      4.67e-03 o    2.54e-01      2.54e-01 o  ~
	----------------------------------------------------------------------------------------------


2025-12-23:10:35:04,393 INFO     [psi4.optking.stepAlgorithms:296] 	Convergence check returned False
2025-12-23:10:35:04,403 INFO     [psi4.driver.task_planner:259] PLANNING Atomic:  keywords={'DAMPING_PERCENTAGE': 1.0, 'GEOM_MAXITER': 500, 'SCF__GUESS': 'READ', 'GUESS': 'SAP', 'MAXITER': 500, 'REFERENCE': 'UKS', 'function_kwargs': {}}
2025-12-23:10:35:04,404 INFO     [psi4.driver.driver:638] Compute gradient(): method=b3lyp, basis=cc-pvdz, molecule=default, nre=6.170399230454941
2025-12-23:10:35:04,866 INFO     [psi4.driver.driver:641] Return gradient(): -291.9991979592927
2025-12-23:10:35:04,866 INFO     [psi4.driver.driver:642] [[ 0.00000000 -0.00000000 -0.00211815]
 [ 0.00000000 -0.00000000  0.00211484]]
2025-12-23:10:35:04,867 INFO     [psi4.optking.history:269] 	Performing BFGS update.
2025-12-23:10:35:04,868 INFO     [psi4.optking.history:280] 	Using 4 previous steps for update.
2025-12-23:10:35:04,868 WARNING  [psi4.optking.history:301] 	Change in internal coordinate of 5.43e-01 exceeds limit of 5.00e-01.
2025-12-23:10:35:04,868 WARNING  [psi4.optking.history:306] 	Skipping Hessian update for step 6.
2025-12-23:10:35:04,868 WARNING  [psi4.optking.history:301] 	Change in internal coordinate of 8.57e-01 exceeds limit of 5.00e-01.
2025-12-23:10:35:04,868 WARNING  [psi4.optking.history:306] 	Skipping Hessian update for step 5.
2025-12-23:10:35:04,868 WARNING  [psi4.optking.history:301] 	Change in internal coordinate of 1.18e+00 exceeds limit of 5.00e-01.
2025-12-23:10:35:04,868 WARNING  [psi4.optking.history:306] 	Skipping Hessian update for step 4.
2025-12-23:10:35:04,868 WARNING  [psi4.optking.history:301] 	Change in internal coordinate of 1.52e+00 exceeds limit of 5.00e-01.
2025-12-23:10:35:04,868 WARNING  [psi4.optking.history:306] 	Skipping Hessian update for step 3.
2025-12-23:10:35:04,868 WARNING  [psi4.optking.history:301] 	Change in internal coordinate of 1.77e+00 exceeds limit of 5.00e-01.
2025-12-23:10:35:04,868 WARNING  [psi4.optking.history:306] 	Skipping Hessian update for step 2.
2025-12-23:10:35:04,868 WARNING  [psi4.optking.history:301] 	Change in internal coordinate of 2.27e+00 exceeds limit of 5.00e-01.
2025-12-23:10:35:04,868 WARNING  [psi4.optking.history:306] 	Skipping Hessian update for step 1.
2025-12-23:10:35:04,868 INFO     [psi4.optking.history:317] 	Steps to be used in Hessian update:  7

2025-12-23:10:35:04,868 INFO     [psi4.optking.history:418] 	Updated Hessian (in au) 
 	   0.010046

2025-12-23:10:35:04,868 INFO     [psi4.optking.molsys:944] Projected (PHP) Hessian matrix
	   0.010046

2025-12-23:10:35:04,868 INFO     [psi4.optking.opt_helper:182] 
	         Geometry (au)                                       Gradient (au)
   0.0000000000   0.0000000000   3.9698371884		   0.0000000000  -0.0000000000  -0.0021181537
   0.0000000000   0.0000000000  -0.5679567135		   0.0000000000  -0.0000000000   0.0021148351

2025-12-23:10:35:04,868 INFO     [psi4.optking.stepAlgorithms:368] 	Current Step Report 
 
	Current energy:      -291.9991979593
	Energy change for the previous step:
		Actual       :        -0.0008320075
		Projected    :        -0.0005927036

2025-12-23:10:35:04,868 INFO     [psi4.optking.stepAlgorithms:371] 	Energy ratio =    1.40375
2025-12-23:10:35:04,868 INFO     [psi4.optking.stepAlgorithms:929] 	Using RFO solution 1.
2025-12-23:10:35:04,869 INFO     [psi4.optking.displace:100] 	Determining Cartesian step for fragment 1.
2025-12-23:10:35:04,869 INFO     [psi4.optking.displace:415] 	Successfully converged to displaced geometry.
2025-12-23:10:35:04,869 INFO     [psi4.optking.displace:416] 	RMS(dx):  0.000e+00 	Max(dx):  0.000e+00 	RMS(dq):  0.000e+00
2025-12-23:10:35:04,869 INFO     [psi4.optking.displace:172] 

	        --- Internal Coordinate Step in ANG or DEG, aJ/ANG or AJ/DEG ---
	-------------------------------------------------------------------------------
	           Coordinate      Previous         Force          Change          New 
	           ----------      --------        ------          ------        ------
	               R(1,2)       2.40130        0.01744        0.10693       2.50823
	-------------------------------------------------------------------------------

2025-12-23:10:35:04,869 INFO     [psi4.optking.stepAlgorithms:113] 	|target step| :    0.2020701484
2025-12-23:10:35:04,869 INFO     [psi4.optking.stepAlgorithms:114] 	gradient     :   -0.0021164944
2025-12-23:10:35:04,869 INFO     [psi4.optking.stepAlgorithms:115] 	hessian      :    0.0100463774
2025-12-23:10:35:04,869 INFO     [psi4.optking.stepAlgorithms:113] 	|target step| :    0.2020701484
2025-12-23:10:35:04,869 INFO     [psi4.optking.stepAlgorithms:114] 	gradient     :   -0.0021164944
2025-12-23:10:35:04,869 INFO     [psi4.optking.stepAlgorithms:115] 	hessian      :    0.0100463774
2025-12-23:10:35:04,869 INFO     [psi4.optking.stepAlgorithms:206] 	Norm of achieved step-size    0.2020701484
2025-12-23:10:35:04,869 INFO     [psi4.optking.stepAlgorithms:208] 	Norm of achieved step-size (cart):    0.1428851722
2025-12-23:10:35:04,869 INFO     [psi4.optking.opt_helper:164] Molsys:

	                            ===> Fragment 1 <== 

	 Z (Atomic Numbers)          Masses                          Geom                  
	       2.000000             4.002603          0.00000000  0.00000000  4.07087226   
	      14.000000            27.976927          0.00000000  0.00000000 -0.66899179   

	 - Coordinate -           - BOHR/RAD -       - ANG/DEG -
	 R(1,2)           =         4.739864           2.508228

2025-12-23:10:35:04,869 INFO     [psi4.optking.convcheck:76] Performing convergence check.
2025-12-23:10:35:04,869 INFO     [psi4.optking.convcheck:282] 
	                                 ==> Convergence Check <==                                  
    
	Measures of convergence in internal coordinates in au.
    
	Criteria marked as inactive (o), active & met (*), and active & unmet ( ).

	----------------------------------------------------------------------------------------------
	   Step    Total Energy     Delta E     Max Force     RMS Force      Max Disp      RMS Disp   
	----------------------------------------------------------------------------------------------
	  Convergence Criteria     1.00e-06 *    3.00e-04 *             o    1.20e-03 *             o
	----------------------------------------------------------------------------------------------
	     8    -291.99919796   -8.32e-04      2.12e-03      2.12e-03 o    2.02e-01      2.02e-01 o  ~
	----------------------------------------------------------------------------------------------


2025-12-23:10:35:04,869 INFO     [psi4.optking.stepAlgorithms:296] 	Convergence check returned False
2025-12-23:10:35:04,880 INFO     [psi4.driver.task_planner:259] PLANNING Atomic:  keywords={'DAMPING_PERCENTAGE': 1.0, 'GEOM_MAXITER': 500, 'SCF__GUESS': 'READ', 'GUESS': 'SAP', 'MAXITER': 500, 'REFERENCE': 'UKS', 'function_kwargs': {}}
2025-12-23:10:35:04,881 INFO     [psi4.driver.driver:638] Compute gradient(): method=b3lyp, basis=cc-pvdz, molecule=default, nre=5.907342426541347
2025-12-23:10:35:05,324 INFO     [psi4.driver.driver:641] Return gradient(): -291.99948690138075
2025-12-23:10:35:05,324 INFO     [psi4.driver.driver:642] [[ 0.00000000  0.00000000 -0.00085724]
 [ 0.00000000 -0.00000000  0.00084700]]
2025-12-23:10:35:05,326 INFO     [psi4.optking.history:269] 	Performing BFGS update.
2025-12-23:10:35:05,326 INFO     [psi4.optking.history:280] 	Using 4 previous steps for update.
2025-12-23:10:35:05,326 WARNING  [psi4.optking.history:301] 	Change in internal coordinate of 7.45e-01 exceeds limit of 5.00e-01.
2025-12-23:10:35:05,326 WARNING  [psi4.optking.history:306] 	Skipping Hessian update for step 6.
2025-12-23:10:35:05,326 WARNING  [psi4.optking.history:301] 	Change in internal coordinate of 1.06e+00 exceeds limit of 5.00e-01.
2025-12-23:10:35:05,326 WARNING  [psi4.optking.history:306] 	Skipping Hessian update for step 5.
2025-12-23:10:35:05,326 WARNING  [psi4.optking.history:301] 	Change in internal coordinate of 1.38e+00 exceeds limit of 5.00e-01.
2025-12-23:10:35:05,326 WARNING  [psi4.optking.history:306] 	Skipping Hessian update for step 4.
2025-12-23:10:35:05,326 WARNING  [psi4.optking.history:301] 	Change in internal coordinate of 1.72e+00 exceeds limit of 5.00e-01.
2025-12-23:10:35:05,326 WARNING  [psi4.optking.history:306] 	Skipping Hessian update for step 3.
2025-12-23:10:35:05,326 WARNING  [psi4.optking.history:301] 	Change in internal coordinate of 1.97e+00 exceeds limit of 5.00e-01.
2025-12-23:10:35:05,326 WARNING  [psi4.optking.history:306] 	Skipping Hessian update for step 2.
2025-12-23:10:35:05,326 WARNING  [psi4.optking.history:301] 	Change in internal coordinate of 2.47e+00 exceeds limit of 5.00e-01.
2025-12-23:10:35:05,326 WARNING  [psi4.optking.history:306] 	Skipping Hessian update for step 1.
2025-12-23:10:35:05,326 INFO     [psi4.optking.history:317] 	Steps to be used in Hessian update:  8 7

2025-12-23:10:35:05,326 INFO     [psi4.optking.history:418] 	Updated Hessian (in au) 
 	   0.008367

2025-12-23:10:35:05,326 INFO     [psi4.optking.molsys:944] Projected (PHP) Hessian matrix
	   0.008367

2025-12-23:10:35:05,326 INFO     [psi4.optking.opt_helper:182] 
	         Geometry (au)                                       Gradient (au)
   0.0000000000   0.0000000000   4.1466159507		   0.0000000000   0.0000000000  -0.0008572370
   0.0000000000   0.0000000000  -0.5932480995		   0.0000000000  -0.0000000000   0.0008470036

2025-12-23:10:35:05,326 INFO     [psi4.optking.stepAlgorithms:368] 	Current Step Report 
 
	Current energy:      -291.9994869014
	Energy change for the previous step:
		Actual       :        -0.0002889421
		Projected    :        -0.0002138402

2025-12-23:10:35:05,326 INFO     [psi4.optking.stepAlgorithms:371] 	Energy ratio =    1.35121
2025-12-23:10:35:05,327 INFO     [psi4.optking.stepAlgorithms:929] 	Using RFO solution 1.
2025-12-23:10:35:05,327 INFO     [psi4.optking.displace:100] 	Determining Cartesian step for fragment 1.
2025-12-23:10:35:05,327 INFO     [psi4.optking.displace:415] 	Successfully converged to displaced geometry.
2025-12-23:10:35:05,327 INFO     [psi4.optking.displace:416] 	RMS(dx):  0.000e+00 	Max(dx):  0.000e+00 	RMS(dq):  0.000e+00
2025-12-23:10:35:05,327 INFO     [psi4.optking.displace:172] 

	        --- Internal Coordinate Step in ANG or DEG, aJ/ANG or AJ/DEG ---
	-------------------------------------------------------------------------------
	           Coordinate      Previous         Force          Change          New 
	           ----------      --------        ------          ------        ------
	               R(1,2)       2.50823        0.00702        0.05334       2.56157
	-------------------------------------------------------------------------------

2025-12-23:10:35:05,327 INFO     [psi4.optking.stepAlgorithms:113] 	|target step| :    0.1008044852
2025-12-23:10:35:05,327 INFO     [psi4.optking.stepAlgorithms:114] 	gradient     :   -0.0008521203
2025-12-23:10:35:05,327 INFO     [psi4.optking.stepAlgorithms:115] 	hessian      :    0.0083673009
2025-12-23:10:35:05,327 INFO     [psi4.optking.stepAlgorithms:113] 	|target step| :    0.1008044852
2025-12-23:10:35:05,327 INFO     [psi4.optking.stepAlgorithms:114] 	gradient     :   -0.0008521203
2025-12-23:10:35:05,327 INFO     [psi4.optking.stepAlgorithms:115] 	hessian      :    0.0083673009
2025-12-23:10:35:05,327 INFO     [psi4.optking.stepAlgorithms:206] 	Norm of achieved step-size    0.1008044852
2025-12-23:10:35:05,327 INFO     [psi4.optking.stepAlgorithms:208] 	Norm of achieved step-size (cart):    0.0712795350
2025-12-23:10:35:05,327 INFO     [psi4.optking.opt_helper:164] Molsys:

	                            ===> Fragment 1 <== 

	 Z (Atomic Numbers)          Masses                          Geom                  
	       2.000000             4.002603          0.00000000  0.00000000  4.19701819   
	      14.000000            27.976927          0.00000000  0.00000000 -0.64365034   

	 - Coordinate -           - BOHR/RAD -       - ANG/DEG -
	 R(1,2)           =         4.840669           2.561571

2025-12-23:10:35:05,327 INFO     [psi4.optking.convcheck:76] Performing convergence check.
2025-12-23:10:35:05,327 INFO     [psi4.optking.convcheck:282] 
	                                 ==> Convergence Check <==                                  
    
	Measures of convergence in internal coordinates in au.
    
	Criteria marked as inactive (o), active & met (*), and active & unmet ( ).

	----------------------------------------------------------------------------------------------
	   Step    Total Energy     Delta E     Max Force     RMS Force      Max Disp      RMS Disp   
	----------------------------------------------------------------------------------------------
	  Convergence Criteria     1.00e-06 *    3.00e-04 *             o    1.20e-03 *             o
	----------------------------------------------------------------------------------------------
	     9    -291.99948690   -2.89e-04      8.52e-04      8.52e-04 o    1.01e-01      1.01e-01 o  ~
	----------------------------------------------------------------------------------------------


2025-12-23:10:35:05,327 INFO     [psi4.optking.stepAlgorithms:296] 	Convergence check returned False
2025-12-23:10:35:05,338 INFO     [psi4.driver.task_planner:259] PLANNING Atomic:  keywords={'DAMPING_PERCENTAGE': 1.0, 'GEOM_MAXITER': 500, 'SCF__GUESS': 'READ', 'GUESS': 'SAP', 'MAXITER': 500, 'REFERENCE': 'UKS', 'function_kwargs': {}}
2025-12-23:10:35:05,339 INFO     [psi4.driver.driver:638] Compute gradient(): method=b3lyp, basis=cc-pvdz, molecule=default, nre=5.784324994600872
2025-12-23:10:35:05,759 INFO     [psi4.driver.driver:641] Return gradient(): -291.9995479027775
2025-12-23:10:35:05,759 INFO     [psi4.driver.driver:642] [[ 0.00000000  0.00000000 -0.00040506]
 [ 0.00000000 -0.00000000  0.00039613]]
2025-12-23:10:35:05,761 INFO     [psi4.optking.history:269] 	Performing BFGS update.
2025-12-23:10:35:05,761 INFO     [psi4.optking.history:280] 	Using 4 previous steps for update.
2025-12-23:10:35:05,761 WARNING  [psi4.optking.history:301] 	Change in internal coordinate of 5.57e-01 exceeds limit of 5.00e-01.
2025-12-23:10:35:05,761 WARNING  [psi4.optking.history:306] 	Skipping Hessian update for step 7.
2025-12-23:10:35:05,761 WARNING  [psi4.optking.history:301] 	Change in internal coordinate of 8.45e-01 exceeds limit of 5.00e-01.
2025-12-23:10:35:05,761 WARNING  [psi4.optking.history:306] 	Skipping Hessian update for step 6.
2025-12-23:10:35:05,761 WARNING  [psi4.optking.history:301] 	Change in internal coordinate of 1.16e+00 exceeds limit of 5.00e-01.
2025-12-23:10:35:05,761 WARNING  [psi4.optking.history:306] 	Skipping Hessian update for step 5.
2025-12-23:10:35:05,761 WARNING  [psi4.optking.history:301] 	Change in internal coordinate of 1.48e+00 exceeds limit of 5.00e-01.
2025-12-23:10:35:05,761 WARNING  [psi4.optking.history:306] 	Skipping Hessian update for step 4.
2025-12-23:10:35:05,761 WARNING  [psi4.optking.history:301] 	Change in internal coordinate of 1.82e+00 exceeds limit of 5.00e-01.
2025-12-23:10:35:05,761 WARNING  [psi4.optking.history:306] 	Skipping Hessian update for step 3.
2025-12-23:10:35:05,761 WARNING  [psi4.optking.history:301] 	Change in internal coordinate of 2.07e+00 exceeds limit of 5.00e-01.
2025-12-23:10:35:05,761 WARNING  [psi4.optking.history:306] 	Skipping Hessian update for step 2.
2025-12-23:10:35:05,761 WARNING  [psi4.optking.history:301] 	Change in internal coordinate of 2.57e+00 exceeds limit of 5.00e-01.
2025-12-23:10:35:05,761 WARNING  [psi4.optking.history:306] 	Skipping Hessian update for step 1.
2025-12-23:10:35:05,761 INFO     [psi4.optking.history:317] 	Steps to be used in Hessian update:  9 8

2025-12-23:10:35:05,761 INFO     [psi4.optking.history:418] 	Updated Hessian (in au) 
 	   0.005665

2025-12-23:10:35:05,761 INFO     [psi4.optking.molsys:944] Projected (PHP) Hessian matrix
	   0.005665

2025-12-23:10:35:05,761 INFO     [psi4.optking.opt_helper:182] 
	         Geometry (au)                                       Gradient (au)
   0.0000000000   0.0000000000   4.2348036037		   0.0000000000   0.0000000000  -0.0004050589
   0.0000000000   0.0000000000  -0.6058649317		   0.0000000000  -0.0000000000   0.0003961313

2025-12-23:10:35:05,761 INFO     [psi4.optking.stepAlgorithms:368] 	Current Step Report 
 
	Current energy:      -291.9995479028
	Energy change for the previous step:
		Actual       :        -0.0000610014
		Projected    :        -0.0000429488

2025-12-23:10:35:05,761 INFO     [psi4.optking.stepAlgorithms:371] 	Energy ratio =    1.42033
2025-12-23:10:35:05,762 INFO     [psi4.optking.stepAlgorithms:929] 	Using RFO solution 1.
2025-12-23:10:35:05,762 INFO     [psi4.optking.displace:100] 	Determining Cartesian step for fragment 1.
2025-12-23:10:35:05,762 INFO     [psi4.optking.displace:415] 	Successfully converged to displaced geometry.
2025-12-23:10:35:05,762 INFO     [psi4.optking.displace:416] 	RMS(dx):  2.564e-16 	Max(dx):  4.441e-16 	RMS(dq):  0.000e+00
2025-12-23:10:35:05,762 INFO     [psi4.optking.displace:172] 

	        --- Internal Coordinate Step in ANG or DEG, aJ/ANG or AJ/DEG ---
	-------------------------------------------------------------------------------
	           Coordinate      Previous         Force          Change          New 
	           ----------      --------        ------          ------        ------
	               R(1,2)       2.56157        0.00330        0.03723       2.59880
	-------------------------------------------------------------------------------

2025-12-23:10:35:05,762 INFO     [psi4.optking.stepAlgorithms:113] 	|target step| :    0.0703592957
2025-12-23:10:35:05,762 INFO     [psi4.optking.stepAlgorithms:114] 	gradient     :   -0.0004005951
2025-12-23:10:35:05,762 INFO     [psi4.optking.stepAlgorithms:115] 	hessian      :    0.0056653780
2025-12-23:10:35:05,762 INFO     [psi4.optking.stepAlgorithms:113] 	|target step| :    0.0703592957
2025-12-23:10:35:05,762 INFO     [psi4.optking.stepAlgorithms:114] 	gradient     :   -0.0004005951
2025-12-23:10:35:05,762 INFO     [psi4.optking.stepAlgorithms:115] 	hessian      :    0.0056653780
2025-12-23:10:35:05,762 INFO     [psi4.optking.stepAlgorithms:206] 	Norm of achieved step-size    0.0703592957
2025-12-23:10:35:05,762 INFO     [psi4.optking.stepAlgorithms:208] 	Norm of achieved step-size (cart):    0.0497515351
2025-12-23:10:35:05,762 INFO     [psi4.optking.opt_helper:164] Molsys:

	                            ===> Fragment 1 <== 

	 Z (Atomic Numbers)          Masses                          Geom                  
	       2.000000             4.002603          0.00000000  0.00000000  4.26998325   
	      14.000000            27.976927          0.00000000  0.00000000 -0.64104458   

	 - Coordinate -           - BOHR/RAD -       - ANG/DEG -
	 R(1,2)           =         4.911028           2.598804

2025-12-23:10:35:05,763 INFO     [psi4.optking.convcheck:76] Performing convergence check.
2025-12-23:10:35:05,763 INFO     [psi4.optking.convcheck:282] 
	                                 ==> Convergence Check <==                                  
    
	Measures of convergence in internal coordinates in au.
    
	Criteria marked as inactive (o), active & met (*), and active & unmet ( ).

	----------------------------------------------------------------------------------------------
	   Step    Total Energy     Delta E     Max Force     RMS Force      Max Disp      RMS Disp   
	----------------------------------------------------------------------------------------------
	  Convergence Criteria     1.00e-06 *    3.00e-04 *             o    1.20e-03 *             o
	----------------------------------------------------------------------------------------------
	    10    -291.99954790   -6.10e-05      4.01e-04      4.01e-04 o    7.04e-02      7.04e-02 o  ~
	----------------------------------------------------------------------------------------------


2025-12-23:10:35:05,763 INFO     [psi4.optking.stepAlgorithms:296] 	Convergence check returned False
2025-12-23:10:35:05,773 INFO     [psi4.driver.task_planner:259] PLANNING Atomic:  keywords={'DAMPING_PERCENTAGE': 1.0, 'GEOM_MAXITER': 500, 'SCF__GUESS': 'READ', 'GUESS': 'SAP', 'MAXITER': 500, 'REFERENCE': 'UKS', 'function_kwargs': {}}
2025-12-23:10:35:05,774 INFO     [psi4.driver.driver:638] Compute gradient(): method=b3lyp, basis=cc-pvdz, molecule=default, nre=5.701454148276466
2025-12-23:10:35:06,225 INFO     [psi4.driver.driver:641] Return gradient(): -291.9995658488039
2025-12-23:10:35:06,225 INFO     [psi4.driver.driver:642] [[ 0.00000000  0.00000000 -0.00014629]
 [-0.00000000 -0.00000000  0.00013583]]
2025-12-23:10:35:06,227 INFO     [psi4.optking.history:269] 	Performing BFGS update.
2025-12-23:10:35:06,227 INFO     [psi4.optking.history:280] 	Using 4 previous steps for update.
2025-12-23:10:35:06,227 WARNING  [psi4.optking.history:301] 	Change in internal coordinate of 6.27e-01 exceeds limit of 5.00e-01.
2025-12-23:10:35:06,227 WARNING  [psi4.optking.history:306] 	Skipping Hessian update for step 7.
2025-12-23:10:35:06,227 WARNING  [psi4.optking.history:301] 	Change in internal coordinate of 9.16e-01 exceeds limit of 5.00e-01.
2025-12-23:10:35:06,227 WARNING  [psi4.optking.history:306] 	Skipping Hessian update for step 6.
2025-12-23:10:35:06,227 WARNING  [psi4.optking.history:301] 	Change in internal coordinate of 1.23e+00 exceeds limit of 5.00e-01.
2025-12-23:10:35:06,227 WARNING  [psi4.optking.history:306] 	Skipping Hessian update for step 5.
2025-12-23:10:35:06,227 WARNING  [psi4.optking.history:301] 	Change in internal coordinate of 1.55e+00 exceeds limit of 5.00e-01.
2025-12-23:10:35:06,227 WARNING  [psi4.optking.history:306] 	Skipping Hessian update for step 4.
2025-12-23:10:35:06,227 WARNING  [psi4.optking.history:301] 	Change in internal coordinate of 1.89e+00 exceeds limit of 5.00e-01.
2025-12-23:10:35:06,227 WARNING  [psi4.optking.history:306] 	Skipping Hessian update for step 3.
2025-12-23:10:35:06,227 WARNING  [psi4.optking.history:301] 	Change in internal coordinate of 2.14e+00 exceeds limit of 5.00e-01.
2025-12-23:10:35:06,227 WARNING  [psi4.optking.history:306] 	Skipping Hessian update for step 2.
2025-12-23:10:35:06,227 WARNING  [psi4.optking.history:301] 	Change in internal coordinate of 2.64e+00 exceeds limit of 5.00e-01.
2025-12-23:10:35:06,227 WARNING  [psi4.optking.history:306] 	Skipping Hessian update for step 1.
2025-12-23:10:35:06,227 INFO     [psi4.optking.history:317] 	Steps to be used in Hessian update:  10 9 8

2025-12-23:10:35:06,227 INFO     [psi4.optking.history:418] 	Updated Hessian (in au) 
 	   0.005293

2025-12-23:10:35:06,228 INFO     [psi4.optking.molsys:944] Projected (PHP) Hessian matrix
	   0.005293

2025-12-23:10:35:06,228 INFO     [psi4.optking.opt_helper:182] 
	         Geometry (au)                                       Gradient (au)
   0.0000000000   0.0000000000   4.2963566303		   0.0000000000   0.0000000000  -0.0001462917
   0.0000000000   0.0000000000  -0.6146712009		  -0.0000000000  -0.0000000000   0.0001358302

2025-12-23:10:35:06,228 INFO     [psi4.optking.stepAlgorithms:368] 	Current Step Report 
 
	Current energy:      -291.9995658488
	Energy change for the previous step:
		Actual       :        -0.0000179460
		Projected    :        -0.0000140928

2025-12-23:10:35:06,228 INFO     [psi4.optking.stepAlgorithms:371] 	Energy ratio =    1.27342
2025-12-23:10:35:06,228 INFO     [psi4.optking.stepAlgorithms:929] 	Using RFO solution 1.
2025-12-23:10:35:06,228 INFO     [psi4.optking.displace:100] 	Determining Cartesian step for fragment 1.
2025-12-23:10:35:06,228 INFO     [psi4.optking.displace:415] 	Successfully converged to displaced geometry.
2025-12-23:10:35:06,228 INFO     [psi4.optking.displace:416] 	RMS(dx):  2.564e-16 	Max(dx):  4.441e-16 	RMS(dq):  0.000e+00
2025-12-23:10:35:06,228 INFO     [psi4.optking.displace:172] 

	        --- Internal Coordinate Step in ANG or DEG, aJ/ANG or AJ/DEG ---
	-------------------------------------------------------------------------------
	           Coordinate      Previous         Force          Change          New 
	           ----------      --------        ------          ------        ------
	               R(1,2)       2.59880        0.00116        0.01409       2.61290
	-------------------------------------------------------------------------------

2025-12-23:10:35:06,228 INFO     [psi4.optking.stepAlgorithms:113] 	|target step| :    0.0266328269
2025-12-23:10:35:06,228 INFO     [psi4.optking.stepAlgorithms:114] 	gradient     :   -0.0001410609
2025-12-23:10:35:06,228 INFO     [psi4.optking.stepAlgorithms:115] 	hessian      :    0.0052927489
2025-12-23:10:35:06,228 INFO     [psi4.optking.stepAlgorithms:113] 	|target step| :    0.0266328269
2025-12-23:10:35:06,228 INFO     [psi4.optking.stepAlgorithms:114] 	gradient     :   -0.0001410609
2025-12-23:10:35:06,228 INFO     [psi4.optking.stepAlgorithms:115] 	hessian      :    0.0052927489
2025-12-23:10:35:06,228 INFO     [psi4.optking.stepAlgorithms:206] 	Norm of achieved step-size    0.0266328269
2025-12-23:10:35:06,228 INFO     [psi4.optking.stepAlgorithms:208] 	Norm of achieved step-size (cart):    0.0188322525
2025-12-23:10:35:06,228 INFO     [psi4.optking.opt_helper:164] Molsys:

	                            ===> Fragment 1 <== 

	 Z (Atomic Numbers)          Masses                          Geom                  
	       2.000000             4.002603          0.00000000  0.00000000  4.30967304   
	      14.000000            27.976927          0.00000000  0.00000000 -0.62798761   

	 - Coordinate -           - BOHR/RAD -       - ANG/DEG -
	 R(1,2)           =         4.937661           2.612897

2025-12-23:10:35:06,229 INFO     [psi4.optking.convcheck:76] Performing convergence check.
2025-12-23:10:35:06,229 INFO     [psi4.optking.convcheck:282] 
	                                 ==> Convergence Check <==                                  
    
	Measures of convergence in internal coordinates in au.
    
	Criteria marked as inactive (o), active & met (*), and active & unmet ( ).

	----------------------------------------------------------------------------------------------
	   Step    Total Energy     Delta E     Max Force     RMS Force      Max Disp      RMS Disp   
	----------------------------------------------------------------------------------------------
	  Convergence Criteria     1.00e-06 *    3.00e-04 *             o    1.20e-03 *             o
	----------------------------------------------------------------------------------------------
	    11    -291.99956585   -1.79e-05      1.41e-04 *    1.41e-04 o    2.66e-02      2.66e-02 o  ~
	----------------------------------------------------------------------------------------------


2025-12-23:10:35:06,229 INFO     [psi4.optking.stepAlgorithms:296] 	Convergence check returned False
2025-12-23:10:35:06,239 INFO     [psi4.driver.task_planner:259] PLANNING Atomic:  keywords={'DAMPING_PERCENTAGE': 1.0, 'GEOM_MAXITER': 500, 'SCF__GUESS': 'READ', 'GUESS': 'SAP', 'MAXITER': 500, 'REFERENCE': 'UKS', 'function_kwargs': {}}
2025-12-23:10:35:06,240 INFO     [psi4.driver.driver:638] Compute gradient(): method=b3lyp, basis=cc-pvdz, molecule=default, nre=5.67070156079223
2025-12-23:10:35:06,723 INFO     [psi4.driver.driver:641] Return gradient(): -291.9995681306994
2025-12-23:10:35:06,723 INFO     [psi4.driver.driver:642] [[ 0.00000000  0.00000000 -0.00005920]
 [ 0.00000000  0.00000000  0.00004748]]
2025-12-23:10:35:06,725 INFO     [psi4.optking.history:269] 	Performing BFGS update.
2025-12-23:10:35:06,725 INFO     [psi4.optking.history:280] 	Using 4 previous steps for update.
2025-12-23:10:35:06,725 INFO     [psi4.optking.history:317] 	Steps to be used in Hessian update:  11 10 9 8

2025-12-23:10:35:06,726 INFO     [psi4.optking.history:418] 	Updated Hessian (in au) 
 	   0.005160

2025-12-23:10:35:06,726 INFO     [psi4.optking.molsys:944] Projected (PHP) Hessian matrix
	   0.005160

2025-12-23:10:35:06,726 INFO     [psi4.optking.opt_helper:182] 
	         Geometry (au)                                       Gradient (au)
   0.0000000000   0.0000000000   4.3196560548		   0.0000000000   0.0000000000  -0.0000592014
   0.0000000000   0.0000000000  -0.6180046032		   0.0000000000   0.0000000000   0.0000474838

2025-12-23:10:35:06,726 INFO     [psi4.optking.stepAlgorithms:368] 	Current Step Report 
 
	Current energy:      -291.9995681307
	Energy change for the previous step:
		Actual       :        -0.0000022819
		Projected    :        -0.0000018784

2025-12-23:10:35:06,726 INFO     [psi4.optking.stepAlgorithms:371] 	Energy ratio =    1.21479
2025-12-23:10:35:06,726 INFO     [psi4.optking.stepAlgorithms:929] 	Using RFO solution 1.
2025-12-23:10:35:06,726 INFO     [psi4.optking.displace:100] 	Determining Cartesian step for fragment 1.
2025-12-23:10:35:06,726 INFO     [psi4.optking.displace:415] 	Successfully converged to displaced geometry.
2025-12-23:10:35:06,726 INFO     [psi4.optking.displace:416] 	RMS(dx):  0.000e+00 	Max(dx):  0.000e+00 	RMS(dq):  0.000e+00
2025-12-23:10:35:06,726 INFO     [psi4.optking.displace:172] 

	        --- Internal Coordinate Step in ANG or DEG, aJ/ANG or AJ/DEG ---
	-------------------------------------------------------------------------------
	           Coordinate      Previous         Force          Change          New 
	           ----------      --------        ------          ------        ------
	               R(1,2)       2.61290        0.00044        0.00547       2.61837
	-------------------------------------------------------------------------------

2025-12-23:10:35:06,726 INFO     [psi4.optking.stepAlgorithms:113] 	|target step| :    0.0103374140
2025-12-23:10:35:06,726 INFO     [psi4.optking.stepAlgorithms:114] 	gradient     :   -0.0000533426
2025-12-23:10:35:06,726 INFO     [psi4.optking.stepAlgorithms:115] 	hessian      :    0.0051595982
2025-12-23:10:35:06,726 INFO     [psi4.optking.stepAlgorithms:113] 	|target step| :    0.0103374140
2025-12-23:10:35:06,726 INFO     [psi4.optking.stepAlgorithms:114] 	gradient     :   -0.0000533426
2025-12-23:10:35:06,726 INFO     [psi4.optking.stepAlgorithms:115] 	hessian      :    0.0051595982
2025-12-23:10:35:06,726 INFO     [psi4.optking.stepAlgorithms:206] 	Norm of achieved step-size    0.0103374140
2025-12-23:10:35:06,726 INFO     [psi4.optking.stepAlgorithms:208] 	Norm of achieved step-size (cart):    0.0073096555
2025-12-23:10:35:06,727 INFO     [psi4.optking.opt_helper:164] Molsys:

	                            ===> Fragment 1 <== 

	 Z (Atomic Numbers)          Masses                          Geom                  
	       2.000000             4.002603          0.00000000  0.00000000  4.32482476   
	      14.000000            27.976927          0.00000000  0.00000000 -0.62317331   

	 - Coordinate -           - BOHR/RAD -       - ANG/DEG -
	 R(1,2)           =         4.947998           2.618368

2025-12-23:10:35:06,727 INFO     [psi4.optking.convcheck:76] Performing convergence check.
2025-12-23:10:35:06,727 INFO     [psi4.optking.convcheck:282] 
	                                 ==> Convergence Check <==                                  
    
	Measures of convergence in internal coordinates in au.
    
	Criteria marked as inactive (o), active & met (*), and active & unmet ( ).

	----------------------------------------------------------------------------------------------
	   Step    Total Energy     Delta E     Max Force     RMS Force      Max Disp      RMS Disp   
	----------------------------------------------------------------------------------------------
	  Convergence Criteria     1.00e-06 *    3.00e-04 *             o    1.20e-03 *             o
	----------------------------------------------------------------------------------------------
	    12    -291.99956813   -2.28e-06      5.33e-05 *    5.33e-05 o    1.03e-02      1.03e-02 o  ~
	----------------------------------------------------------------------------------------------


2025-12-23:10:35:06,727 INFO     [psi4.optking.stepAlgorithms:296] 	Convergence check returned False
2025-12-23:10:35:06,737 INFO     [psi4.driver.task_planner:259] PLANNING Atomic:  keywords={'DAMPING_PERCENTAGE': 1.0, 'GEOM_MAXITER': 500, 'SCF__GUESS': 'READ', 'GUESS': 'SAP', 'MAXITER': 500, 'REFERENCE': 'UKS', 'function_kwargs': {}}
2025-12-23:10:35:06,739 INFO     [psi4.driver.driver:638] Compute gradient(): method=b3lyp, basis=cc-pvdz, molecule=default, nre=5.6588542664295165
2025-12-23:10:35:07,208 INFO     [psi4.driver.driver:641] Return gradient(): -291.9995683989873
2025-12-23:10:35:07,208 INFO     [psi4.driver.driver:642] [[ 0.00000000  0.00000000 -0.00002689]
 [ 0.00000000 -0.00000000  0.00001463]]
2025-12-23:10:35:07,210 INFO     [psi4.optking.history:269] 	Performing BFGS update.
2025-12-23:10:35:07,210 INFO     [psi4.optking.history:280] 	Using 4 previous steps for update.
2025-12-23:10:35:07,210 INFO     [psi4.optking.history:317] 	Steps to be used in Hessian update:  12 11 10 9

2025-12-23:10:35:07,210 INFO     [psi4.optking.history:418] 	Updated Hessian (in au) 
 	   0.003994

2025-12-23:10:35:07,210 INFO     [psi4.optking.molsys:944] Projected (PHP) Hessian matrix
	   0.003994

2025-12-23:10:35:07,210 INFO     [psi4.optking.opt_helper:182] 
	         Geometry (au)                                       Gradient (au)
   0.0000000000   0.0000000000   4.3286996234		   0.0000000000   0.0000000000  -0.0000268877
   0.0000000000   0.0000000000  -0.6192984486		   0.0000000000  -0.0000000000   0.0000146267

2025-12-23:10:35:07,211 INFO     [psi4.optking.stepAlgorithms:368] 	Current Step Report 
 
	Current energy:      -291.9995683990
	Energy change for the previous step:
		Actual       :        -0.0000002683
		Projected    :        -0.0000002757

2025-12-23:10:35:07,211 INFO     [psi4.optking.stepAlgorithms:371] 	Energy ratio =    0.97307
2025-12-23:10:35:07,211 INFO     [psi4.optking.stepAlgorithms:929] 	Using RFO solution 1.
2025-12-23:10:35:07,211 INFO     [psi4.optking.displace:100] 	Determining Cartesian step for fragment 1.
2025-12-23:10:35:07,211 INFO     [psi4.optking.displace:415] 	Successfully converged to displaced geometry.
2025-12-23:10:35:07,211 INFO     [psi4.optking.displace:416] 	RMS(dx):  0.000e+00 	Max(dx):  0.000e+00 	RMS(dq):  0.000e+00
2025-12-23:10:35:07,211 INFO     [psi4.optking.displace:172] 

	        --- Internal Coordinate Step in ANG or DEG, aJ/ANG or AJ/DEG ---
	-------------------------------------------------------------------------------
	           Coordinate      Previous         Force          Change          New 
	           ----------      --------        ------          ------        ------
	               R(1,2)       2.61837        0.00017        0.00275       2.62112
	-------------------------------------------------------------------------------

2025-12-23:10:35:07,211 INFO     [psi4.optking.stepAlgorithms:113] 	|target step| :    0.0051964774
2025-12-23:10:35:07,211 INFO     [psi4.optking.stepAlgorithms:114] 	gradient     :   -0.0000207572
2025-12-23:10:35:07,211 INFO     [psi4.optking.stepAlgorithms:115] 	hessian      :    0.0039943644
2025-12-23:10:35:07,211 INFO     [psi4.optking.stepAlgorithms:113] 	|target step| :    0.0051964774
2025-12-23:10:35:07,211 INFO     [psi4.optking.stepAlgorithms:114] 	gradient     :   -0.0000207572
2025-12-23:10:35:07,211 INFO     [psi4.optking.stepAlgorithms:115] 	hessian      :    0.0039943644
2025-12-23:10:35:07,211 INFO     [psi4.optking.stepAlgorithms:206] 	Norm of achieved step-size    0.0051964774
2025-12-23:10:35:07,211 INFO     [psi4.optking.stepAlgorithms:208] 	Norm of achieved step-size (cart):    0.0036744644
2025-12-23:10:35:07,211 INFO     [psi4.optking.opt_helper:164] Molsys:

	                            ===> Fragment 1 <== 

	 Z (Atomic Numbers)          Masses                          Geom                  
	       2.000000             4.002603          0.00000000  0.00000000  4.33129786   
	      14.000000            27.976927          0.00000000  0.00000000 -0.62189669   

	 - Coordinate -           - BOHR/RAD -       - ANG/DEG -
	 R(1,2)           =         4.953195           2.621118

2025-12-23:10:35:07,212 INFO     [psi4.optking.convcheck:76] Performing convergence check.
2025-12-23:10:35:07,212 INFO     [psi4.optking.convcheck:282] 
	                                 ==> Convergence Check <==                                  
    
	Measures of convergence in internal coordinates in au.
    
	Criteria marked as inactive (o), active & met (*), and active & unmet ( ).

	----------------------------------------------------------------------------------------------
	   Step    Total Energy     Delta E     Max Force     RMS Force      Max Disp      RMS Disp   
	----------------------------------------------------------------------------------------------
	  Convergence Criteria     1.00e-06 *    3.00e-04 *             o    1.20e-03 *             o
	----------------------------------------------------------------------------------------------
	    13    -291.99956840   -2.68e-07 *    2.08e-05 *    2.08e-05 o    5.20e-03      5.20e-03 o  ~
	----------------------------------------------------------------------------------------------


2025-12-23:10:35:07,212 INFO     [psi4.optking.convcheck:206] 
	                      ===> Final Convergence Report <===                     

	----------------------------------------------------------------------------
	|   Required Criteria    |  One or More Criteria  |   Alternate Criteria   |
	----------------------------------------------------------------------------
	| [x]     max_force      | [x]       max_DE       |                        |
	|                        | [ ]      max_disp      |                        |
	----------------------------------------------------------------------------


2025-12-23:10:35:07,212 INFO     [psi4.optking.stepAlgorithms:296] 	Convergence check returned True
2025-12-23:10:35:07,212 INFO     [psi4.optking.optimize:332] 	Converged in 13 steps!
2025-12-23:10:35:07,212 INFO     [psi4.optking.optimize:333] 	Final energy is   -291.9995683989873
2025-12-23:10:35:07,212 INFO     [psi4.optking.optimize:334] 	Final structure (Angstroms): 
	Fragment 1 (Ang)

	   He   0.0000000000   0.0000000000   2.2920241213
	   Si   0.0000000000   0.0000000000  -0.3290935543


2025-12-23:10:35:07,212 INFO     [psi4.optking.optimize:562] 	Optimization Finished

	==> Optimization Summary <==

        
	Measures of convergence in internal coordinates in au. (Any backward steps not shown.)
        
	---------------------------------------------------------------------------------------------------------------  ~
        
	 Step         Total Energy             Delta E       MAX Force       RMS Force        MAX Disp        RMS Disp   ~
        
	---------------------------------------------------------------------------------------------------------------  ~
        
	     1    -291.837218479453   -291.837218479453      0.34252658      0.34252658      0.50000033      0.50000033  ~
	     2    -291.941742791333     -0.104524311879      0.11882100      0.11882100      0.24909607      0.24909607  ~
	     3    -291.965087633631     -0.023344842299      0.07258670      0.07258670      0.34462749      0.34462749  ~
	     4    -291.983280698602     -0.018193064971      0.03689496      0.03689496      0.31980927      0.31980927  ~
	     5    -291.991982479645     -0.008701781042      0.01923480      0.01923480      0.31398468      0.31398468  ~
	     6    -291.996369073445     -0.004386593800      0.00963121      0.00963121      0.28865103      0.28865103  ~
	     7    -291.998365951751     -0.001996878306      0.00466781      0.00466781      0.25395368      0.25395368  ~
	     8    -291.999197959293     -0.000832007542      0.00211649      0.00211649      0.20207015      0.20207015  ~
	     9    -291.999486901381     -0.000288942088      0.00085212      0.00085212      0.10080449      0.10080449  ~
	    10    -291.999547902778     -0.000061001397      0.00040060      0.00040060      0.07035930      0.07035930  ~
	    11    -291.999565848804     -0.000017946026      0.00014106      0.00014106      0.02663283      0.02663283  ~
	    12    -291.999568130699     -0.000002281895      0.00005334      0.00005334      0.01033741      0.01033741  ~
	    13    -291.999568398987     -0.000000268288      0.00002076      0.00002076      0.00519648      0.00519648  ~
	----------------------------------------------------------------------------------------------------------------


2025-12-23:10:35:07,212 INFO     [psi4.optking.optimize:806] Preparing OptimizationResult
