2025-12-23:11:35:34,811 WARNING  [psi4.optking:38] Some dependencies such as QCElemental have not yet finished migration to pydantic v2. If issues are encountered please downgrade pydantic or upgrade QCElemental as appropriate
2025-12-23:11:35:34,969 INFO     [psi4.optking.optwrapper:234] Creating a UserComputer
2025-12-23:11:35:34,969 INFO     [psi4.optking.optwrapper:242] 
    			-----------------------------------------

    			 OPTKING 3.0: for geometry optimizations 

    			     By R.A. King, Bethel University     

    			        with contributions from          

    			    A.V. Copan, J. Cayton, A. Heide      

    			-----------------------------------------

    
2025-12-23:11:35:34,969 INFO     [psi4.optking.optwrapper:272] 
		 -- Optimization Parameters --
	GEOM_MAXITER                   =             500
	ALG_GEOM_MAXITER               =              50
	PRINT                          =               1
	OPT_TYPE                       =             MIN
	STEP_TYPE                      =             RFO
	PROGRAM                        =            PSI4
	STEEPEST_DESCENT_TYPE          =         OVERLAP
	CONJUGATE_GRADIENT_TYPE        =        FLETCHER
	OPT_COORDINATES                =        INTERNAL
	RFO_FOLLOW_ROOT                =           False
	RFO_ROOT                       =               0
	ACCEPT_SYMMETRY_BREAKING       =           False
	DYNAMIC_LVL                    =               0
	DYNAMIC_LVL_MAX                =               0
	IRC_STEP_SIZE                  =             0.2
	IRC_DIRECTION                  =         FORWARD
	IRC_POINTS                     =              20
	IRC_MODE                       =          NORMAL
	IRC_CONVERGENCE                =            -0.7
	INTRAFRAG_STEP_LIMIT           =             0.5
	INTRAFRAG_STEP_LIMIT_MIN       =           0.001
	INTRAFRAG_STEP_LIMIT_MAX       =             1.0
	INTERFRAG_STEP_LIMIT           =             0.5
	INTERFRAG_STEP_LIMIT_MIN       =           0.001
	INTERFRAG_STEP_LIMIT_MAX       =             1.0
	ENSURE_BT_CONVERGENCE          =           False
	SIMPLE_STEP_SCALING            =           False
	CONSECUTIVE_BACKSTEPS          =               0
	RFO_NORMALIZATION_MAX          =             100
	RSRFO_ALPHA_MAX                =     100000000.0
	PRINT_TRAJECTORY_XYZ_FILE      =           False
	WRITE_TRAJECTORY               =           False
	FROZEN_DISTANCE                =                
	FROZEN_BEND                    =                
	FROZEN_DIHEDRAL                =                
	FROZEN_OOFP                    =                
	FROZEN_CARTESIAN               =                
	FREEZE_ALL_DIHEDRALS           =           False
	UNFREEZE_DIHEDRALS             =                
	RANGED_DISTANCE                =                
	RANGED_BEND                    =                
	RANGED_DIHEDRAL                =                
	RANGED_OOFP                    =                
	RANGED_CARTESIAN               =                
	EXT_FORCE_DISTANCE             =                
	EXT_FORCE_BEND                 =                
	EXT_FORCE_DIHEDRAL             =                
	EXT_FORCE_OOFP                 =                
	EXT_FORCE_CARTESIAN            =                
	G_CONVERGENCE                  =           QCHEM
	MAX_FORCE_G_CONVERGENCE        =          0.0003
	RMS_FORCE_G_CONVERGENCE        =          0.0003
	MAX_ENERGY_G_CONVERGENCE       =           1e-06
	MAX_DISP_G_CONVERGENCE         =          0.0012
	RMS_DISP_G_CONVERGENCE         =          0.0012
	FLEXIBLE_G_CONVERGENCE         =           False
	HESS_UPDATE                    =            BFGS
	HESS_UPDATE_USE_LAST           =               4
	HESS_UPDATE_LIMIT              =            True
	HESS_UPDATE_LIMIT_MAX          =             1.0
	HESS_UPDATE_LIMIT_SCALE        =             0.5
	HESS_UPDATE_DEN_TOL            =           1e-07
	HESS_UPDATE_DQ_TOL             =             0.5
	CART_HESS_READ                 =           False
	HESSIAN_FILE                   =               .
	FULL_HESS_EVERY                =              -1
	INTRAFRAG_HESS                 =        SCHLEGEL
	H_GUESS_EVERY                  =           False
	BT_MAX_ITER                    =              25
	BT_DX_CONV                     =           1e-07
	BT_DX_RMS_CHANGE_CONV          =           1e-12
	BT_PINV_RCOND                  =           1e-06
	FRAG_MODE                      =          SINGLE
	FRAG_REF_ATOMS                 =              []
	FREEZE_INTRAFRAG               =           False
	INTERFRAG_MODE                 =           FIXED
	ADD_AUXILIARY_BONDS            =           False
	AUXILIARY_BOND_FACTOR          =             2.5
	INTERFRAG_DIST_INV             =           False
	INTERFRAG_COLLINEAR_TOL        =            0.01
	INTERFRAG_COORDS               =              []
	INTERFRAG_HESS                 =         DEFAULT
	COVALENT_CONNECT               =             1.3
	INTERFRAGMENT_CONNECT          =             1.8
	H_BOND_CONNECT                 =             4.3
	INCLUDE_OOFP                   =           False
	TEST_B                         =           False
	TEST_DERIVATIVE_B              =           False
	LINESEARCH_STEP                =             0.1
	LINESEARCH                     =           False
	SD_HESSIAN                     =             1.0
	FIX_VAL_NEAR_PI                =            1.57
	V3D_TORS_ANGLE_LIM             =           0.017
	V3D_TORS_COS_TOL               =           1e-10
	LINEAR_BEND_THRESHOLD          =            3.05
	SMALL_BEND_FIX_THRESHOLD       =            0.35
	REDUNDANT_EVAL_TOL             =           1e-10
	LINEAR_ALGEBRA_TOL             =           1e-10


2025-12-23:11:35:35,104 INFO     [psi4.optking.opt_helper:164] Molsys:

	                            ===> Fragment 1 <== 

	 Z (Atomic Numbers)          Masses                          Geom                  
	      12.000000            23.985042          0.00000000  0.00000000  1.29567353   
	      16.000000            31.972071          0.00000000  0.00000000 -0.97199782   

	 - Coordinate -           - BOHR/RAD -       - ANG/DEG -
	 R(1,2)           =         2.267671           1.200000

2025-12-23:11:35:35,115 INFO     [psi4.driver.task_planner:259] PLANNING Atomic:  keywords={'DAMPING_PERCENTAGE': 1.0, 'GEOM_MAXITER': 500, 'GUESS': 'SAP', 'MAXITER': 500, 'REFERENCE': 'UKS', 'function_kwargs': {}}
2025-12-23:11:35:35,117 INFO     [psi4.driver.driver:638] Compute gradient(): method=b3lyp, basis=cc-pvdz, molecule=default, nre=84.6683537072
2025-12-23:11:35:35,948 INFO     [psi4.driver.driver:641] Return gradient(): -596.9480605558726
2025-12-23:11:35:35,948 INFO     [psi4.driver.driver:642] [[-0.00000000 -0.00000000 -1.93841426]
 [ 0.00000000  0.00000000  1.93855643]]
2025-12-23:11:35:35,949 INFO     [psi4.optking.molsys:944] Projected (PHP) Hessian matrix
	 217.822043

2025-12-23:11:35:35,949 INFO     [psi4.optking.opt_helper:182] 
	         Geometry (au)                                       Gradient (au)
   0.0000000000   0.0000000000   1.2956735274		  -0.0000000000  -0.0000000000  -1.9384142568
   0.0000000000   0.0000000000  -0.9719978231		   0.0000000000   0.0000000000   1.9385564307

2025-12-23:11:35:35,950 INFO     [psi4.optking.stepAlgorithms:929] 	Using RFO solution 1.
2025-12-23:11:35:35,950 INFO     [psi4.optking.displace:100] 	Determining Cartesian step for fragment 1.
2025-12-23:11:35:35,950 INFO     [psi4.optking.displace:415] 	Successfully converged to displaced geometry.
2025-12-23:11:35:35,950 INFO     [psi4.optking.displace:416] 	RMS(dx):  1.282e-16 	Max(dx):  2.220e-16 	RMS(dq):  4.441e-16
2025-12-23:11:35:35,950 INFO     [psi4.optking.displace:172] 

	        --- Internal Coordinate Step in ANG or DEG, aJ/ANG or AJ/DEG ---
	-------------------------------------------------------------------------------
	           Coordinate      Previous         Force          Change          New 
	           ----------      --------        ------          ------        ------
	               R(1,2)       1.20000       15.97064        0.00471       1.20471
	-------------------------------------------------------------------------------

2025-12-23:11:35:35,951 INFO     [psi4.optking.stepAlgorithms:113] 	|target step| :    0.0088986946
2025-12-23:11:35:35,951 INFO     [psi4.optking.stepAlgorithms:114] 	gradient     :   -1.9384853438
2025-12-23:11:35:35,951 INFO     [psi4.optking.stepAlgorithms:115] 	hessian      :  217.8220428578
2025-12-23:11:35:35,951 INFO     [psi4.optking.stepAlgorithms:113] 	|target step| :    0.0088986946
2025-12-23:11:35:35,951 INFO     [psi4.optking.stepAlgorithms:114] 	gradient     :   -1.9384853438
2025-12-23:11:35:35,951 INFO     [psi4.optking.stepAlgorithms:115] 	hessian      :  217.8220428578
2025-12-23:11:35:35,951 INFO     [psi4.optking.stepAlgorithms:206] 	Norm of achieved step-size    0.0088986946
2025-12-23:11:35:35,951 INFO     [psi4.optking.stepAlgorithms:208] 	Norm of achieved step-size (cart):    0.0062923273
2025-12-23:11:35:35,951 INFO     [psi4.optking.opt_helper:164] Molsys:

	                            ===> Fragment 1 <== 

	 Z (Atomic Numbers)          Masses                          Geom                  
	      12.000000            23.985042          0.00000000  0.00000000  1.30012287   
	      16.000000            31.972071          0.00000000  0.00000000 -0.97644717   

	 - Coordinate -           - BOHR/RAD -       - ANG/DEG -
	 R(1,2)           =         2.276570           1.204709

2025-12-23:11:35:35,951 INFO     [psi4.optking.convcheck:76] Performing convergence check.
2025-12-23:11:35:35,951 INFO     [psi4.optking.convcheck:282] 
	                                 ==> Convergence Check <==                                  
    
	Measures of convergence in internal coordinates in au.
    
	Criteria marked as inactive (o), active & met (*), and active & unmet ( ).

	----------------------------------------------------------------------------------------------~
	   Step    Total Energy     Delta E     Max Force     RMS Force      Max Disp      RMS Disp   ~
	----------------------------------------------------------------------------------------------~
	  Convergence Criteria     1.00e-06 *    3.00e-04 *             o    1.20e-03 *             o~
	----------------------------------------------------------------------------------------------~
	     1    -596.94806056   -5.97e+02      1.94e+00      1.94e+00 o    8.90e-03      8.90e-03 o  ~
	----------------------------------------------------------------------------------------------


2025-12-23:11:35:35,951 INFO     [psi4.optking.stepAlgorithms:296] 	Convergence check returned False
2025-12-23:11:35:35,962 INFO     [psi4.driver.task_planner:259] PLANNING Atomic:  keywords={'DAMPING_PERCENTAGE': 1.0, 'GEOM_MAXITER': 500, 'SCF__GUESS': 'READ', 'GUESS': 'SAP', 'MAXITER': 500, 'REFERENCE': 'UKS', 'function_kwargs': {}}
2025-12-23:11:35:35,964 INFO     [psi4.driver.driver:638] Compute gradient(): method=b3lyp, basis=cc-pvdz, molecule=default, nre=84.33740064673441
2025-12-23:11:35:36,648 INFO     [psi4.driver.driver:641] Return gradient(): -596.9651770460149
2025-12-23:11:35:36,648 INFO     [psi4.driver.driver:642] [[ 0.00000000 -0.00000000 -1.90844662]
 [ 0.00000000 -0.00000000  1.90857965]]
2025-12-23:11:35:36,650 INFO     [psi4.optking.history:269] 	Performing BFGS update.
2025-12-23:11:35:36,650 INFO     [psi4.optking.history:280] 	Using 1 previous steps for update.
2025-12-23:11:35:36,650 INFO     [psi4.optking.history:317] 	Steps to be used in Hessian update:  1

2025-12-23:11:35:36,650 INFO     [psi4.optking.history:418] 	Updated Hessian (in au) 
 	 108.911021

2025-12-23:11:35:36,651 INFO     [psi4.optking.molsys:944] Projected (PHP) Hessian matrix
	 108.911021

2025-12-23:11:35:36,651 INFO     [psi4.optking.opt_helper:182] 
	         Geometry (au)                                       Gradient (au)
   0.0000000000   0.0000000000   1.3007579516		   0.0000000000  -0.0000000000  -1.9084466212
   0.0000000000   0.0000000000  -0.9758120935		   0.0000000000  -0.0000000000   1.9085796504

2025-12-23:11:35:36,651 INFO     [psi4.optking.stepAlgorithms:368] 	Current Step Report 
 
	Current energy:      -596.9651770460
	Energy change for the previous step:
		Actual       :        -0.0171164901
		Projected    :        -0.0086249946

2025-12-23:11:35:36,651 INFO     [psi4.optking.stepAlgorithms:371] 	Energy ratio =    1.98452
2025-12-23:11:35:36,651 INFO     [psi4.optking.stepAlgorithms:399] 	Energy ratio indicates good step.
2025-12-23:11:35:36,651 INFO     [psi4.optking.stepAlgorithms:400] 	Intrafrag trust radius increased to      1.
2025-12-23:11:35:36,651 INFO     [psi4.optking.stepAlgorithms:929] 	Using RFO solution 1.
2025-12-23:11:35:36,651 INFO     [psi4.optking.displace:100] 	Determining Cartesian step for fragment 1.
2025-12-23:11:35:36,651 INFO     [psi4.optking.displace:415] 	Successfully converged to displaced geometry.
2025-12-23:11:35:36,651 INFO     [psi4.optking.displace:416] 	RMS(dx):  0.000e+00 	Max(dx):  0.000e+00 	RMS(dq):  0.000e+00
2025-12-23:11:35:36,651 INFO     [psi4.optking.displace:172] 

	        --- Internal Coordinate Step in ANG or DEG, aJ/ANG or AJ/DEG ---
	-------------------------------------------------------------------------------
	           Coordinate      Previous         Force          Change          New 
	           ----------      --------        ------          ------        ------
	               R(1,2)       1.20471       15.72371        0.00927       1.21398
	-------------------------------------------------------------------------------

2025-12-23:11:35:36,652 INFO     [psi4.optking.stepAlgorithms:113] 	|target step| :    0.0175182219
2025-12-23:11:35:36,652 INFO     [psi4.optking.stepAlgorithms:114] 	gradient     :   -1.9085131358
2025-12-23:11:35:36,652 INFO     [psi4.optking.stepAlgorithms:115] 	hessian      :  108.9110214289
2025-12-23:11:35:36,652 INFO     [psi4.optking.stepAlgorithms:113] 	|target step| :    0.0175182219
2025-12-23:11:35:36,652 INFO     [psi4.optking.stepAlgorithms:114] 	gradient     :   -1.9085131358
2025-12-23:11:35:36,652 INFO     [psi4.optking.stepAlgorithms:115] 	hessian      :  108.9110214289
2025-12-23:11:35:36,652 INFO     [psi4.optking.stepAlgorithms:206] 	Norm of achieved step-size    0.0175182219
2025-12-23:11:35:36,652 INFO     [psi4.optking.stepAlgorithms:208] 	Norm of achieved step-size (cart):    0.0123872535
2025-12-23:11:35:36,652 INFO     [psi4.optking.opt_helper:164] Molsys:

	                            ===> Fragment 1 <== 

	 Z (Atomic Numbers)          Masses                          Geom                  
	      12.000000            23.985042          0.00000000  0.00000000  1.30951706   
	      16.000000            31.972071          0.00000000  0.00000000 -0.98457120   

	 - Coordinate -           - BOHR/RAD -       - ANG/DEG -
	 R(1,2)           =         2.294088           1.213979

2025-12-23:11:35:36,652 INFO     [psi4.optking.convcheck:76] Performing convergence check.
2025-12-23:11:35:36,652 INFO     [psi4.optking.convcheck:282] 
	                                 ==> Convergence Check <==                                  
    
	Measures of convergence in internal coordinates in au.
    
	Criteria marked as inactive (o), active & met (*), and active & unmet ( ).

	----------------------------------------------------------------------------------------------
	   Step    Total Energy     Delta E     Max Force     RMS Force      Max Disp      RMS Disp   
	----------------------------------------------------------------------------------------------
	  Convergence Criteria     1.00e-06 *    3.00e-04 *             o    1.20e-03 *             o
	----------------------------------------------------------------------------------------------
	     2    -596.96517705   -1.71e-02      1.91e+00      1.91e+00 o    1.75e-02      1.75e-02 o  ~
	----------------------------------------------------------------------------------------------


2025-12-23:11:35:36,652 INFO     [psi4.optking.stepAlgorithms:296] 	Convergence check returned False
2025-12-23:11:35:36,663 INFO     [psi4.driver.task_planner:259] PLANNING Atomic:  keywords={'DAMPING_PERCENTAGE': 1.0, 'GEOM_MAXITER': 500, 'SCF__GUESS': 'READ', 'GUESS': 'SAP', 'MAXITER': 500, 'REFERENCE': 'UKS', 'function_kwargs': {}}
2025-12-23:11:35:36,664 INFO     [psi4.driver.driver:638] Compute gradient(): method=b3lyp, basis=cc-pvdz, molecule=default, nre=83.69337952669024
2025-12-23:11:35:37,374 INFO     [psi4.driver.driver:641] Return gradient(): -596.9981058786435
2025-12-23:11:35:37,375 INFO     [psi4.driver.driver:642] [[ 0.00000000  0.00000000 -1.85106807]
 [-0.00000000  0.00000000  1.85118159]]
2025-12-23:11:35:37,376 INFO     [psi4.optking.history:269] 	Performing BFGS update.
2025-12-23:11:35:37,376 INFO     [psi4.optking.history:280] 	Using 2 previous steps for update.
2025-12-23:11:35:37,376 INFO     [psi4.optking.history:317] 	Steps to be used in Hessian update:  2 1

2025-12-23:11:35:37,376 INFO     [psi4.optking.history:418] 	Updated Hessian (in au) 
 	  27.227755

2025-12-23:11:35:37,377 INFO     [psi4.optking.molsys:944] Projected (PHP) Hessian matrix
	  27.227755

2025-12-23:11:35:37,377 INFO     [psi4.optking.opt_helper:182] 
	         Geometry (au)                                       Gradient (au)
   0.0000000000   0.0000000000   1.3107672928		   0.0000000000   0.0000000000  -1.8510680709
   0.0000000000   0.0000000000  -0.9833209742		  -0.0000000000   0.0000000000   1.8511815865

2025-12-23:11:35:37,377 INFO     [psi4.optking.stepAlgorithms:368] 	Current Step Report 
 
	Current energy:      -596.9981058786
	Energy change for the previous step:
		Actual       :        -0.0329288326
		Projected    :        -0.0167168783

2025-12-23:11:35:37,377 INFO     [psi4.optking.stepAlgorithms:371] 	Energy ratio =    1.96980
2025-12-23:11:35:37,377 INFO     [psi4.optking.stepAlgorithms:929] 	Using RFO solution 1.
2025-12-23:11:35:37,377 INFO     [psi4.optking.displace:100] 	Determining Cartesian step for fragment 1.
2025-12-23:11:35:37,377 INFO     [psi4.optking.displace:415] 	Successfully converged to displaced geometry.
2025-12-23:11:35:37,377 INFO     [psi4.optking.displace:416] 	RMS(dx):  1.282e-16 	Max(dx):  2.220e-16 	RMS(dq):  4.441e-16
2025-12-23:11:35:37,377 INFO     [psi4.optking.displace:172] 

	        --- Internal Coordinate Step in ANG or DEG, aJ/ANG or AJ/DEG ---
	-------------------------------------------------------------------------------
	           Coordinate      Previous         Force          Change          New 
	           ----------      --------        ------          ------        ------
	               R(1,2)       1.21398       15.25091        0.03581       1.24979
	-------------------------------------------------------------------------------

2025-12-23:11:35:37,377 INFO     [psi4.optking.stepAlgorithms:113] 	|target step| :    0.0676753096
2025-12-23:11:35:37,377 INFO     [psi4.optking.stepAlgorithms:114] 	gradient     :   -1.8511248287
2025-12-23:11:35:37,377 INFO     [psi4.optking.stepAlgorithms:115] 	hessian      :   27.2277553572
2025-12-23:11:35:37,377 INFO     [psi4.optking.stepAlgorithms:113] 	|target step| :    0.0676753096
2025-12-23:11:35:37,377 INFO     [psi4.optking.stepAlgorithms:114] 	gradient     :   -1.8511248287
2025-12-23:11:35:37,377 INFO     [psi4.optking.stepAlgorithms:115] 	hessian      :   27.2277553572
2025-12-23:11:35:37,377 INFO     [psi4.optking.stepAlgorithms:206] 	Norm of achieved step-size    0.0676753096
2025-12-23:11:35:37,377 INFO     [psi4.optking.stepAlgorithms:208] 	Norm of achieved step-size (cart):    0.0478536704
2025-12-23:11:35:37,378 INFO     [psi4.optking.opt_helper:164] Molsys:

	                            ===> Fragment 1 <== 

	 Z (Atomic Numbers)          Masses                          Geom                  
	      12.000000            23.985042          0.00000000  0.00000000  1.34460495   
	      16.000000            31.972071          0.00000000  0.00000000 -1.01715863   

	 - Coordinate -           - BOHR/RAD -       - ANG/DEG -
	 R(1,2)           =         2.361764           1.249791

2025-12-23:11:35:37,378 INFO     [psi4.optking.convcheck:76] Performing convergence check.
2025-12-23:11:35:37,378 INFO     [psi4.optking.convcheck:282] 
	                                 ==> Convergence Check <==                                  
    
	Measures of convergence in internal coordinates in au.
    
	Criteria marked as inactive (o), active & met (*), and active & unmet ( ).

	----------------------------------------------------------------------------------------------
	   Step    Total Energy     Delta E     Max Force     RMS Force      Max Disp      RMS Disp   
	----------------------------------------------------------------------------------------------
	  Convergence Criteria     1.00e-06 *    3.00e-04 *             o    1.20e-03 *             o
	----------------------------------------------------------------------------------------------
	     3    -596.99810588   -3.29e-02      1.85e+00      1.85e+00 o    6.77e-02      6.77e-02 o  ~
	----------------------------------------------------------------------------------------------


2025-12-23:11:35:37,378 INFO     [psi4.optking.stepAlgorithms:296] 	Convergence check returned False
2025-12-23:11:35:37,388 INFO     [psi4.driver.task_planner:259] PLANNING Atomic:  keywords={'DAMPING_PERCENTAGE': 1.0, 'GEOM_MAXITER': 500, 'SCF__GUESS': 'READ', 'GUESS': 'SAP', 'MAXITER': 500, 'REFERENCE': 'UKS', 'function_kwargs': {}}
2025-12-23:11:35:37,390 INFO     [psi4.driver.driver:638] Compute gradient(): method=b3lyp, basis=cc-pvdz, molecule=default, nre=81.29518208272162
2025-12-23:11:35:38,136 INFO     [psi4.driver.driver:641] Return gradient(): -597.1163407872916
2025-12-23:11:35:38,136 INFO     [psi4.driver.driver:642] [[ 0.00000000  0.00000000 -1.64737097]
 [ 0.00000000 -0.00000000  1.64742215]]
2025-12-23:11:35:38,137 INFO     [psi4.optking.history:269] 	Performing BFGS update.
2025-12-23:11:35:38,137 INFO     [psi4.optking.history:280] 	Using 3 previous steps for update.
2025-12-23:11:35:38,138 INFO     [psi4.optking.history:317] 	Steps to be used in Hessian update:  3 2 1

2025-12-23:11:35:38,138 INFO     [psi4.optking.history:418] 	Updated Hessian (in au) 
 	   3.403469

2025-12-23:11:35:38,138 INFO     [psi4.optking.molsys:944] Projected (PHP) Hessian matrix
	   3.403469

2025-12-23:11:35:38,138 INFO     [psi4.optking.opt_helper:182] 
	         Geometry (au)                                       Gradient (au)
   0.0000000000   0.0000000000   1.3494347599		   0.0000000000   0.0000000000  -1.6473709728
   0.0000000000   0.0000000000  -1.0123288168		   0.0000000000  -0.0000000000   1.6474221463

2025-12-23:11:35:38,138 INFO     [psi4.optking.stepAlgorithms:368] 	Current Step Report 
 
	Current energy:      -597.1163407873
	Energy change for the previous step:
		Actual       :        -0.1182349086
		Projected    :        -0.0626377230

2025-12-23:11:35:38,138 INFO     [psi4.optking.stepAlgorithms:371] 	Energy ratio =    1.88760
2025-12-23:11:35:38,138 INFO     [psi4.optking.stepAlgorithms:929] 	Using RFO solution 1.
2025-12-23:11:35:38,138 INFO     [psi4.optking.displace:100] 	Determining Cartesian step for fragment 1.
2025-12-23:11:35:38,138 INFO     [psi4.optking.displace:415] 	Successfully converged to displaced geometry.
2025-12-23:11:35:38,138 INFO     [psi4.optking.displace:416] 	RMS(dx):  1.282e-16 	Max(dx):  2.220e-16 	RMS(dq):  4.441e-16
2025-12-23:11:35:38,139 INFO     [psi4.optking.displace:172] 

	        --- Internal Coordinate Step in ANG or DEG, aJ/ANG or AJ/DEG ---
	-------------------------------------------------------------------------------
	           Coordinate      Previous         Force          Change          New 
	           ----------      --------        ------          ------        ------
	               R(1,2)       1.24979       13.57244        0.21418       1.46397
	-------------------------------------------------------------------------------

2025-12-23:11:35:38,139 INFO     [psi4.optking.stepAlgorithms:113] 	|target step| :    0.4047418907
2025-12-23:11:35:38,139 INFO     [psi4.optking.stepAlgorithms:114] 	gradient     :   -1.6473965596
2025-12-23:11:35:38,139 INFO     [psi4.optking.stepAlgorithms:115] 	hessian      :    3.4034694197
2025-12-23:11:35:38,139 INFO     [psi4.optking.stepAlgorithms:113] 	|target step| :    0.4047418907
2025-12-23:11:35:38,139 INFO     [psi4.optking.stepAlgorithms:114] 	gradient     :   -1.6473965596
2025-12-23:11:35:38,139 INFO     [psi4.optking.stepAlgorithms:115] 	hessian      :    3.4034694197
2025-12-23:11:35:38,139 INFO     [psi4.optking.stepAlgorithms:206] 	Norm of achieved step-size    0.4047418907
2025-12-23:11:35:38,139 INFO     [psi4.optking.stepAlgorithms:208] 	Norm of achieved step-size (cart):    0.2861957356
2025-12-23:11:35:38,139 INFO     [psi4.optking.opt_helper:164] Molsys:

	                            ===> Fragment 1 <== 

	 Z (Atomic Numbers)          Masses                          Geom                  
	      12.000000            23.985042          0.00000000  0.00000000  1.55180571   
	      16.000000            31.972071          0.00000000  0.00000000 -1.21469976   

	 - Coordinate -           - BOHR/RAD -       - ANG/DEG -
	 R(1,2)           =         2.766505           1.463972

2025-12-23:11:35:38,139 INFO     [psi4.optking.convcheck:76] Performing convergence check.
2025-12-23:11:35:38,139 INFO     [psi4.optking.convcheck:282] 
	                                 ==> Convergence Check <==                                  
    
	Measures of convergence in internal coordinates in au.
    
	Criteria marked as inactive (o), active & met (*), and active & unmet ( ).

	----------------------------------------------------------------------------------------------
	   Step    Total Energy     Delta E     Max Force     RMS Force      Max Disp      RMS Disp   
	----------------------------------------------------------------------------------------------
	  Convergence Criteria     1.00e-06 *    3.00e-04 *             o    1.20e-03 *             o
	----------------------------------------------------------------------------------------------
	     4    -597.11634079   -1.18e-01      1.65e+00      1.65e+00 o    4.05e-01      4.05e-01 o  ~
	----------------------------------------------------------------------------------------------


2025-12-23:11:35:38,139 INFO     [psi4.optking.stepAlgorithms:296] 	Convergence check returned False
2025-12-23:11:35:38,149 INFO     [psi4.driver.task_planner:259] PLANNING Atomic:  keywords={'DAMPING_PERCENTAGE': 1.0, 'GEOM_MAXITER': 500, 'SCF__GUESS': 'READ', 'GUESS': 'SAP', 'MAXITER': 500, 'REFERENCE': 'UKS', 'function_kwargs': {}}
2025-12-23:11:35:38,151 INFO     [psi4.driver.driver:638] Compute gradient(): method=b3lyp, basis=cc-pvdz, molecule=default, nre=69.40163403438996
2025-12-23:11:35:38,899 INFO     [psi4.driver.driver:641] Return gradient(): -597.5954440134544
2025-12-23:11:35:38,899 INFO     [psi4.driver.driver:642] [[ 0.00000000 -0.00000000 -0.80453827]
 [ 0.00000000 -0.00000000  0.80437949]]
2025-12-23:11:35:38,901 INFO     [psi4.optking.history:269] 	Performing BFGS update.
2025-12-23:11:35:38,901 INFO     [psi4.optking.history:280] 	Using 4 previous steps for update.
2025-12-23:11:35:38,901 INFO     [psi4.optking.history:317] 	Steps to be used in Hessian update:  4 3 2 1

2025-12-23:11:35:38,901 INFO     [psi4.optking.history:418] 	Updated Hessian (in au) 
 	   2.273354

2025-12-23:11:35:38,901 INFO     [psi4.optking.molsys:944] Projected (PHP) Hessian matrix
	   2.273354

2025-12-23:11:35:38,901 INFO     [psi4.optking.opt_helper:182] 
	         Geometry (au)                                       Gradient (au)
   0.0000000000   0.0000000000   1.5806910894		   0.0000000000  -0.0000000000  -0.8045382663
   0.0000000000   0.0000000000  -1.1858143779		   0.0000000000  -0.0000000000   0.8043794870

2025-12-23:11:35:38,901 INFO     [psi4.optking.stepAlgorithms:368] 	Current Step Report 
 
	Current energy:      -597.5954440135
	Energy change for the previous step:
		Actual       :        -0.4791032262
		Projected    :        -0.3333851991

2025-12-23:11:35:38,901 INFO     [psi4.optking.stepAlgorithms:371] 	Energy ratio =    1.43709
2025-12-23:11:35:38,902 INFO     [psi4.optking.stepAlgorithms:929] 	Using RFO solution 1.
2025-12-23:11:35:38,902 INFO     [psi4.optking.displace:100] 	Determining Cartesian step for fragment 1.
2025-12-23:11:35:38,902 INFO     [psi4.optking.displace:415] 	Successfully converged to displaced geometry.
2025-12-23:11:35:38,902 INFO     [psi4.optking.displace:416] 	RMS(dx):  0.000e+00 	Max(dx):  0.000e+00 	RMS(dq):  0.000e+00
2025-12-23:11:35:38,902 INFO     [psi4.optking.displace:172] 

	        --- Internal Coordinate Step in ANG or DEG, aJ/ANG or AJ/DEG ---
	-------------------------------------------------------------------------------
	           Coordinate      Previous         Force          Change          New 
	           ----------      --------        ------          ------        ------
	               R(1,2)       1.46397        6.62771        0.16831       1.63228
	-------------------------------------------------------------------------------

2025-12-23:11:35:38,902 INFO     [psi4.optking.stepAlgorithms:113] 	|target step| :    0.3180654383
2025-12-23:11:35:38,902 INFO     [psi4.optking.stepAlgorithms:114] 	gradient     :   -0.8044588767
2025-12-23:11:35:38,902 INFO     [psi4.optking.stepAlgorithms:115] 	hessian      :    2.2733538643
2025-12-23:11:35:38,902 INFO     [psi4.optking.stepAlgorithms:113] 	|target step| :    0.3180654383
2025-12-23:11:35:38,902 INFO     [psi4.optking.stepAlgorithms:114] 	gradient     :   -0.8044588767
2025-12-23:11:35:38,902 INFO     [psi4.optking.stepAlgorithms:115] 	hessian      :    2.2733538643
2025-12-23:11:35:38,902 INFO     [psi4.optking.stepAlgorithms:206] 	Norm of achieved step-size    0.3180654383
2025-12-23:11:35:38,902 INFO     [psi4.optking.stepAlgorithms:208] 	Norm of achieved step-size (cart):    0.2249062283
2025-12-23:11:35:38,902 INFO     [psi4.optking.opt_helper:164] Molsys:

	                            ===> Fragment 1 <== 

	 Z (Atomic Numbers)          Masses                          Geom                  
	      12.000000            23.985042          0.00000000  0.00000000  1.73972381   
	      16.000000            31.972071          0.00000000  0.00000000 -1.34484710   

	 - Coordinate -           - BOHR/RAD -       - ANG/DEG -
	 R(1,2)           =         3.084571           1.632285

2025-12-23:11:35:38,902 INFO     [psi4.optking.convcheck:76] Performing convergence check.
2025-12-23:11:35:38,902 INFO     [psi4.optking.convcheck:282] 
	                                 ==> Convergence Check <==                                  
    
	Measures of convergence in internal coordinates in au.
    
	Criteria marked as inactive (o), active & met (*), and active & unmet ( ).

	----------------------------------------------------------------------------------------------
	   Step    Total Energy     Delta E     Max Force     RMS Force      Max Disp      RMS Disp   
	----------------------------------------------------------------------------------------------
	  Convergence Criteria     1.00e-06 *    3.00e-04 *             o    1.20e-03 *             o
	----------------------------------------------------------------------------------------------
	     5    -597.59544401   -4.79e-01      8.04e-01      8.04e-01 o    3.18e-01      3.18e-01 o  ~
	----------------------------------------------------------------------------------------------


2025-12-23:11:35:38,902 INFO     [psi4.optking.stepAlgorithms:296] 	Convergence check returned False
2025-12-23:11:35:38,912 INFO     [psi4.driver.task_planner:259] PLANNING Atomic:  keywords={'DAMPING_PERCENTAGE': 1.0, 'GEOM_MAXITER': 500, 'SCF__GUESS': 'READ', 'GUESS': 'SAP', 'MAXITER': 500, 'REFERENCE': 'UKS', 'function_kwargs': {}}
2025-12-23:11:35:38,914 INFO     [psi4.driver.driver:638] Compute gradient(): method=b3lyp, basis=cc-pvdz, molecule=default, nre=62.24528658061851
2025-12-23:11:35:39,680 INFO     [psi4.driver.driver:641] Return gradient(): -597.7853490791658
2025-12-23:11:35:39,680 INFO     [psi4.driver.driver:642] [[ 0.00000000  0.00000000 -0.42219165]
 [ 0.00000000  0.00000000  0.42212119]]
2025-12-23:11:35:39,681 INFO     [psi4.optking.history:269] 	Performing BFGS update.
2025-12-23:11:35:39,681 INFO     [psi4.optking.history:280] 	Using 4 previous steps for update.
2025-12-23:11:35:39,682 WARNING  [psi4.optking.history:301] 	Change in internal coordinate of 7.23e-01 exceeds limit of 5.00e-01.
2025-12-23:11:35:39,682 WARNING  [psi4.optking.history:306] 	Skipping Hessian update for step 4.
2025-12-23:11:35:39,682 WARNING  [psi4.optking.history:301] 	Change in internal coordinate of 7.90e-01 exceeds limit of 5.00e-01.
2025-12-23:11:35:39,682 WARNING  [psi4.optking.history:306] 	Skipping Hessian update for step 3.
2025-12-23:11:35:39,682 WARNING  [psi4.optking.history:301] 	Change in internal coordinate of 8.08e-01 exceeds limit of 5.00e-01.
2025-12-23:11:35:39,682 WARNING  [psi4.optking.history:306] 	Skipping Hessian update for step 2.
2025-12-23:11:35:39,682 WARNING  [psi4.optking.history:301] 	Change in internal coordinate of 8.17e-01 exceeds limit of 5.00e-01.
2025-12-23:11:35:39,682 WARNING  [psi4.optking.history:306] 	Skipping Hessian update for step 1.
2025-12-23:11:35:39,682 INFO     [psi4.optking.history:317] 	Steps to be used in Hessian update:  5

2025-12-23:11:35:39,682 INFO     [psi4.optking.history:418] 	Updated Hessian (in au) 
 	   1.201962

2025-12-23:11:35:39,682 INFO     [psi4.optking.molsys:944] Projected (PHP) Hessian matrix
	   1.201962

2025-12-23:11:35:39,682 INFO     [psi4.optking.opt_helper:182] 
	         Geometry (au)                                       Gradient (au)
   0.0000000000   0.0000000000   1.7624233181		   0.0000000000   0.0000000000  -0.4221916535
   0.0000000000   0.0000000000  -1.3221475876		   0.0000000000   0.0000000000   0.4221211919

2025-12-23:11:35:39,682 INFO     [psi4.optking.stepAlgorithms:368] 	Current Step Report 
 
	Current energy:      -597.7853490792
	Energy change for the previous step:
		Actual       :        -0.1899050657
		Projected    :        -0.1279352826

2025-12-23:11:35:39,682 INFO     [psi4.optking.stepAlgorithms:371] 	Energy ratio =    1.48438
2025-12-23:11:35:39,682 INFO     [psi4.optking.stepAlgorithms:929] 	Using RFO solution 1.
2025-12-23:11:35:39,682 INFO     [psi4.optking.displace:100] 	Determining Cartesian step for fragment 1.
2025-12-23:11:35:39,683 INFO     [psi4.optking.displace:415] 	Successfully converged to displaced geometry.
2025-12-23:11:35:39,683 INFO     [psi4.optking.displace:416] 	RMS(dx):  1.282e-16 	Max(dx):  2.220e-16 	RMS(dq):  4.441e-16
2025-12-23:11:35:39,683 INFO     [psi4.optking.displace:172] 

	        --- Internal Coordinate Step in ANG or DEG, aJ/ANG or AJ/DEG ---
	-------------------------------------------------------------------------------
	           Coordinate      Previous         Force          Change          New 
	           ----------      --------        ------          ------        ------
	               R(1,2)       1.63228        3.47803        0.16729       1.79957
	-------------------------------------------------------------------------------

2025-12-23:11:35:39,683 INFO     [psi4.optking.stepAlgorithms:113] 	|target step| :    0.3161237014
2025-12-23:11:35:39,683 INFO     [psi4.optking.stepAlgorithms:114] 	gradient     :   -0.4221564227
2025-12-23:11:35:39,683 INFO     [psi4.optking.stepAlgorithms:115] 	hessian      :    1.2019616341
2025-12-23:11:35:39,683 INFO     [psi4.optking.stepAlgorithms:113] 	|target step| :    0.3161237014
2025-12-23:11:35:39,683 INFO     [psi4.optking.stepAlgorithms:114] 	gradient     :   -0.4221564227
2025-12-23:11:35:39,683 INFO     [psi4.optking.stepAlgorithms:115] 	hessian      :    1.2019616341
2025-12-23:11:35:39,683 INFO     [psi4.optking.stepAlgorithms:206] 	Norm of achieved step-size    0.3161237014
2025-12-23:11:35:39,683 INFO     [psi4.optking.stepAlgorithms:208] 	Norm of achieved step-size (cart):    0.2235332129
2025-12-23:11:35:39,683 INFO     [psi4.optking.opt_helper:164] Molsys:

	                            ===> Fragment 1 <== 

	 Z (Atomic Numbers)          Masses                          Geom                  
	      12.000000            23.985042          0.00000000  0.00000000  1.92048517   
	      16.000000            31.972071          0.00000000  0.00000000 -1.48020944   

	 - Coordinate -           - BOHR/RAD -       - ANG/DEG -
	 R(1,2)           =         3.400695           1.799570

2025-12-23:11:35:39,683 INFO     [psi4.optking.convcheck:76] Performing convergence check.
2025-12-23:11:35:39,683 INFO     [psi4.optking.convcheck:282] 
	                                 ==> Convergence Check <==                                  
    
	Measures of convergence in internal coordinates in au.
    
	Criteria marked as inactive (o), active & met (*), and active & unmet ( ).

	----------------------------------------------------------------------------------------------
	   Step    Total Energy     Delta E     Max Force     RMS Force      Max Disp      RMS Disp   
	----------------------------------------------------------------------------------------------
	  Convergence Criteria     1.00e-06 *    3.00e-04 *             o    1.20e-03 *             o
	----------------------------------------------------------------------------------------------
	     6    -597.78534908   -1.90e-01      4.22e-01      4.22e-01 o    3.16e-01      3.16e-01 o  ~
	----------------------------------------------------------------------------------------------


2025-12-23:11:35:39,683 INFO     [psi4.optking.stepAlgorithms:296] 	Convergence check returned False
2025-12-23:11:35:39,693 INFO     [psi4.driver.task_planner:259] PLANNING Atomic:  keywords={'DAMPING_PERCENTAGE': 1.0, 'GEOM_MAXITER': 500, 'SCF__GUESS': 'READ', 'GUESS': 'SAP', 'MAXITER': 500, 'REFERENCE': 'UKS', 'function_kwargs': {}}
2025-12-23:11:35:39,695 INFO     [psi4.driver.driver:638] Compute gradient(): method=b3lyp, basis=cc-pvdz, molecule=default, nre=56.45905386654318
2025-12-23:11:35:40,467 INFO     [psi4.driver.driver:641] Return gradient(): -597.8807620355167
2025-12-23:11:35:40,468 INFO     [psi4.driver.driver:642] [[ 0.00000000 -0.00000000 -0.20241788]
 [ 0.00000000  0.00000000  0.20239247]]
2025-12-23:11:35:40,469 INFO     [psi4.optking.history:269] 	Performing BFGS update.
2025-12-23:11:35:40,469 INFO     [psi4.optking.history:280] 	Using 4 previous steps for update.
2025-12-23:11:35:40,469 WARNING  [psi4.optking.history:301] 	Change in internal coordinate of 6.34e-01 exceeds limit of 5.00e-01.
2025-12-23:11:35:40,470 WARNING  [psi4.optking.history:306] 	Skipping Hessian update for step 5.
2025-12-23:11:35:40,470 WARNING  [psi4.optking.history:301] 	Change in internal coordinate of 1.04e+00 exceeds limit of 5.00e-01.
2025-12-23:11:35:40,470 WARNING  [psi4.optking.history:306] 	Skipping Hessian update for step 4.
2025-12-23:11:35:40,470 WARNING  [psi4.optking.history:301] 	Change in internal coordinate of 1.11e+00 exceeds limit of 5.00e-01.
2025-12-23:11:35:40,470 WARNING  [psi4.optking.history:306] 	Skipping Hessian update for step 3.
2025-12-23:11:35:40,470 WARNING  [psi4.optking.history:301] 	Change in internal coordinate of 1.12e+00 exceeds limit of 5.00e-01.
2025-12-23:11:35:40,470 WARNING  [psi4.optking.history:306] 	Skipping Hessian update for step 2.
2025-12-23:11:35:40,470 WARNING  [psi4.optking.history:301] 	Change in internal coordinate of 1.13e+00 exceeds limit of 5.00e-01.
2025-12-23:11:35:40,470 WARNING  [psi4.optking.history:306] 	Skipping Hessian update for step 1.
2025-12-23:11:35:40,470 INFO     [psi4.optking.history:317] 	Steps to be used in Hessian update:  6

2025-12-23:11:35:40,470 INFO     [psi4.optking.history:418] 	Updated Hessian (in au) 
 	   0.695143

2025-12-23:11:35:40,470 INFO     [psi4.optking.molsys:944] Projected (PHP) Hessian matrix
	   0.695143

2025-12-23:11:35:40,470 INFO     [psi4.optking.opt_helper:182] 
	         Geometry (au)                                       Gradient (au)
   0.0000000000   0.0000000000   1.9430461015		   0.0000000000  -0.0000000000  -0.2024178768
   0.0000000000   0.0000000000  -1.4576485055		   0.0000000000   0.0000000000   0.2023924685

2025-12-23:11:35:40,470 INFO     [psi4.optking.stepAlgorithms:368] 	Current Step Report 
 
	Current energy:      -597.8807620355
	Energy change for the previous step:
		Actual       :        -0.0954129564
		Projected    :        -0.0667268255

2025-12-23:11:35:40,470 INFO     [psi4.optking.stepAlgorithms:371] 	Energy ratio =    1.42990
2025-12-23:11:35:40,470 INFO     [psi4.optking.stepAlgorithms:929] 	Using RFO solution 1.
2025-12-23:11:35:40,470 INFO     [psi4.optking.displace:100] 	Determining Cartesian step for fragment 1.
2025-12-23:11:35:40,471 INFO     [psi4.optking.displace:415] 	Successfully converged to displaced geometry.
2025-12-23:11:35:40,471 INFO     [psi4.optking.displace:416] 	RMS(dx):  0.000e+00 	Max(dx):  0.000e+00 	RMS(dq):  0.000e+00
2025-12-23:11:35:40,471 INFO     [psi4.optking.displace:172] 

	        --- Internal Coordinate Step in ANG or DEG, aJ/ANG or AJ/DEG ---
	-------------------------------------------------------------------------------
	           Coordinate      Previous         Force          Change          New 
	           ----------      --------        ------          ------        ------
	               R(1,2)       1.79957        1.66756        0.14285       1.94242
	-------------------------------------------------------------------------------

2025-12-23:11:35:40,471 INFO     [psi4.optking.stepAlgorithms:113] 	|target step| :    0.2699517226
2025-12-23:11:35:40,471 INFO     [psi4.optking.stepAlgorithms:114] 	gradient     :   -0.2024051726
2025-12-23:11:35:40,471 INFO     [psi4.optking.stepAlgorithms:115] 	hessian      :    0.6951432276
2025-12-23:11:35:40,471 INFO     [psi4.optking.stepAlgorithms:113] 	|target step| :    0.2699517226
2025-12-23:11:35:40,471 INFO     [psi4.optking.stepAlgorithms:114] 	gradient     :   -0.2024051726
2025-12-23:11:35:40,471 INFO     [psi4.optking.stepAlgorithms:115] 	hessian      :    0.6951432276
2025-12-23:11:35:40,471 INFO     [psi4.optking.stepAlgorithms:206] 	Norm of achieved step-size    0.2699517226
2025-12-23:11:35:40,471 INFO     [psi4.optking.stepAlgorithms:208] 	Norm of achieved step-size (cart):    0.1908846936
2025-12-23:11:35:40,471 INFO     [psi4.optking.opt_helper:164] Molsys:

	                            ===> Fragment 1 <== 

	 Z (Atomic Numbers)          Masses                          Geom                  
	      12.000000            23.985042          0.00000000  0.00000000  2.07802196   
	      16.000000            31.972071          0.00000000  0.00000000 -1.59262437   

	 - Coordinate -           - BOHR/RAD -       - ANG/DEG -
	 R(1,2)           =         3.670646           1.942422

2025-12-23:11:35:40,471 INFO     [psi4.optking.convcheck:76] Performing convergence check.
2025-12-23:11:35:40,471 INFO     [psi4.optking.convcheck:282] 
	                                 ==> Convergence Check <==                                  
    
	Measures of convergence in internal coordinates in au.
    
	Criteria marked as inactive (o), active & met (*), and active & unmet ( ).

	----------------------------------------------------------------------------------------------
	   Step    Total Energy     Delta E     Max Force     RMS Force      Max Disp      RMS Disp   
	----------------------------------------------------------------------------------------------
	  Convergence Criteria     1.00e-06 *    3.00e-04 *             o    1.20e-03 *             o
	----------------------------------------------------------------------------------------------
	     7    -597.88076204   -9.54e-02      2.02e-01      2.02e-01 o    2.70e-01      2.70e-01 o  ~
	----------------------------------------------------------------------------------------------


2025-12-23:11:35:40,471 INFO     [psi4.optking.stepAlgorithms:296] 	Convergence check returned False
2025-12-23:11:35:40,482 INFO     [psi4.driver.task_planner:259] PLANNING Atomic:  keywords={'DAMPING_PERCENTAGE': 1.0, 'GEOM_MAXITER': 500, 'SCF__GUESS': 'READ', 'GUESS': 'SAP', 'MAXITER': 500, 'REFERENCE': 'UKS', 'function_kwargs': {}}
2025-12-23:11:35:40,483 INFO     [psi4.driver.driver:638] Compute gradient(): method=b3lyp, basis=cc-pvdz, molecule=default, nre=52.30686444829737
2025-12-23:11:35:41,304 INFO     [psi4.driver.driver:641] Return gradient(): -597.9194344475288
2025-12-23:11:35:41,304 INFO     [psi4.driver.driver:642] [[-0.00000000  0.00000000 -0.09315644]
 [ 0.00000000  0.00000000  0.09319363]]
2025-12-23:11:35:41,305 INFO     [psi4.optking.history:269] 	Performing BFGS update.
2025-12-23:11:35:41,305 INFO     [psi4.optking.history:280] 	Using 4 previous steps for update.
2025-12-23:11:35:41,306 WARNING  [psi4.optking.history:301] 	Change in internal coordinate of 5.86e-01 exceeds limit of 5.00e-01.
2025-12-23:11:35:41,306 WARNING  [psi4.optking.history:306] 	Skipping Hessian update for step 6.
2025-12-23:11:35:41,306 WARNING  [psi4.optking.history:301] 	Change in internal coordinate of 9.04e-01 exceeds limit of 5.00e-01.
2025-12-23:11:35:41,306 WARNING  [psi4.optking.history:306] 	Skipping Hessian update for step 5.
2025-12-23:11:35:41,306 WARNING  [psi4.optking.history:301] 	Change in internal coordinate of 1.31e+00 exceeds limit of 5.00e-01.
2025-12-23:11:35:41,306 WARNING  [psi4.optking.history:306] 	Skipping Hessian update for step 4.
2025-12-23:11:35:41,306 WARNING  [psi4.optking.history:301] 	Change in internal coordinate of 1.38e+00 exceeds limit of 5.00e-01.
2025-12-23:11:35:41,306 WARNING  [psi4.optking.history:306] 	Skipping Hessian update for step 3.
2025-12-23:11:35:41,306 WARNING  [psi4.optking.history:301] 	Change in internal coordinate of 1.39e+00 exceeds limit of 5.00e-01.
2025-12-23:11:35:41,306 WARNING  [psi4.optking.history:306] 	Skipping Hessian update for step 2.
2025-12-23:11:35:41,306 WARNING  [psi4.optking.history:301] 	Change in internal coordinate of 1.40e+00 exceeds limit of 5.00e-01.
2025-12-23:11:35:41,306 WARNING  [psi4.optking.history:306] 	Skipping Hessian update for step 1.
2025-12-23:11:35:41,306 INFO     [psi4.optking.history:317] 	Steps to be used in Hessian update:  7

2025-12-23:11:35:41,306 INFO     [psi4.optking.history:418] 	Updated Hessian (in au) 
 	   0.404628

2025-12-23:11:35:41,306 INFO     [psi4.optking.molsys:944] Projected (PHP) Hessian matrix
	   0.404628

2025-12-23:11:35:41,306 INFO     [psi4.optking.opt_helper:182] 
	         Geometry (au)                                       Gradient (au)
   0.0000000000   0.0000000000   2.0972877206		  -0.0000000000   0.0000000000  -0.0931564408
   0.0000000000   0.0000000000  -1.5733586090		   0.0000000000   0.0000000000   0.0931936310

2025-12-23:11:35:41,306 INFO     [psi4.optking.stepAlgorithms:368] 	Current Step Report 
 
	Current energy:      -597.9194344475
	Energy change for the previous step:
		Actual       :        -0.0386724120
		Projected    :        -0.0273198125

2025-12-23:11:35:41,306 INFO     [psi4.optking.stepAlgorithms:371] 	Energy ratio =    1.41554
2025-12-23:11:35:41,306 INFO     [psi4.optking.stepAlgorithms:929] 	Using RFO solution 1.
2025-12-23:11:35:41,306 INFO     [psi4.optking.displace:100] 	Determining Cartesian step for fragment 1.
2025-12-23:11:35:41,307 INFO     [psi4.optking.displace:415] 	Successfully converged to displaced geometry.
2025-12-23:11:35:41,307 INFO     [psi4.optking.displace:416] 	RMS(dx):  0.000e+00 	Max(dx):  0.000e+00 	RMS(dq):  0.000e+00
2025-12-23:11:35:41,307 INFO     [psi4.optking.displace:172] 

	        --- Internal Coordinate Step in ANG or DEG, aJ/ANG or AJ/DEG ---
	-------------------------------------------------------------------------------
	           Coordinate      Previous         Force          Change          New 
	           ----------      --------        ------          ------        ------
	               R(1,2)       1.94242        0.76764        0.11600       2.05842
	-------------------------------------------------------------------------------

2025-12-23:11:35:41,307 INFO     [psi4.optking.stepAlgorithms:113] 	|target step| :    0.2192079786
2025-12-23:11:35:41,307 INFO     [psi4.optking.stepAlgorithms:114] 	gradient     :   -0.0931750359
2025-12-23:11:35:41,307 INFO     [psi4.optking.stepAlgorithms:115] 	hessian      :    0.4046284117
2025-12-23:11:35:41,307 INFO     [psi4.optking.stepAlgorithms:113] 	|target step| :    0.2192079786
2025-12-23:11:35:41,307 INFO     [psi4.optking.stepAlgorithms:114] 	gradient     :   -0.0931750359
2025-12-23:11:35:41,307 INFO     [psi4.optking.stepAlgorithms:115] 	hessian      :    0.4046284117
2025-12-23:11:35:41,307 INFO     [psi4.optking.stepAlgorithms:206] 	Norm of achieved step-size    0.2192079786
2025-12-23:11:35:41,307 INFO     [psi4.optking.stepAlgorithms:208] 	Norm of achieved step-size (cart):    0.1550034481
2025-12-23:11:35:41,307 INFO     [psi4.optking.opt_helper:164] Molsys:

	                            ===> Fragment 1 <== 

	 Z (Atomic Numbers)          Masses                          Geom                  
	      12.000000            23.985042          0.00000000  0.00000000  2.20689171   
	      16.000000            31.972071          0.00000000  0.00000000 -1.68296260   

	 - Coordinate -           - BOHR/RAD -       - ANG/DEG -
	 R(1,2)           =         3.889854           2.058422

2025-12-23:11:35:41,307 INFO     [psi4.optking.convcheck:76] Performing convergence check.
2025-12-23:11:35:41,307 INFO     [psi4.optking.convcheck:282] 
	                                 ==> Convergence Check <==                                  
    
	Measures of convergence in internal coordinates in au.
    
	Criteria marked as inactive (o), active & met (*), and active & unmet ( ).

	----------------------------------------------------------------------------------------------
	   Step    Total Energy     Delta E     Max Force     RMS Force      Max Disp      RMS Disp   
	----------------------------------------------------------------------------------------------
	  Convergence Criteria     1.00e-06 *    3.00e-04 *             o    1.20e-03 *             o
	----------------------------------------------------------------------------------------------
	     8    -597.91943445   -3.87e-02      9.32e-02      9.32e-02 o    2.19e-01      2.19e-01 o  ~
	----------------------------------------------------------------------------------------------


2025-12-23:11:35:41,307 INFO     [psi4.optking.stepAlgorithms:296] 	Convergence check returned False
2025-12-23:11:35:41,318 INFO     [psi4.driver.task_planner:259] PLANNING Atomic:  keywords={'DAMPING_PERCENTAGE': 1.0, 'GEOM_MAXITER': 500, 'SCF__GUESS': 'READ', 'GUESS': 'SAP', 'MAXITER': 500, 'REFERENCE': 'UKS', 'function_kwargs': {}}
2025-12-23:11:35:41,320 INFO     [psi4.driver.driver:638] Compute gradient(): method=b3lyp, basis=cc-pvdz, molecule=default, nre=49.359175122973426
2025-12-23:11:35:42,43 INFO     [psi4.driver.driver:641] Return gradient(): -597.9333087232839
2025-12-23:11:35:42,43 INFO     [psi4.driver.driver:642] [[-0.00000000 -0.00000000 -0.03729526]
 [-0.00000000  0.00000000  0.03732315]]
2025-12-23:11:35:42,45 INFO     [psi4.optking.history:269] 	Performing BFGS update.
2025-12-23:11:35:42,45 INFO     [psi4.optking.history:280] 	Using 4 previous steps for update.
2025-12-23:11:35:42,45 WARNING  [psi4.optking.history:301] 	Change in internal coordinate of 8.05e-01 exceeds limit of 5.00e-01.
2025-12-23:11:35:42,45 WARNING  [psi4.optking.history:306] 	Skipping Hessian update for step 6.
2025-12-23:11:35:42,45 WARNING  [psi4.optking.history:301] 	Change in internal coordinate of 1.12e+00 exceeds limit of 5.00e-01.
2025-12-23:11:35:42,45 WARNING  [psi4.optking.history:306] 	Skipping Hessian update for step 5.
2025-12-23:11:35:42,45 WARNING  [psi4.optking.history:301] 	Change in internal coordinate of 1.53e+00 exceeds limit of 5.00e-01.
2025-12-23:11:35:42,45 WARNING  [psi4.optking.history:306] 	Skipping Hessian update for step 4.
2025-12-23:11:35:42,45 WARNING  [psi4.optking.history:301] 	Change in internal coordinate of 1.60e+00 exceeds limit of 5.00e-01.
2025-12-23:11:35:42,45 WARNING  [psi4.optking.history:306] 	Skipping Hessian update for step 3.
2025-12-23:11:35:42,45 WARNING  [psi4.optking.history:301] 	Change in internal coordinate of 1.61e+00 exceeds limit of 5.00e-01.
2025-12-23:11:35:42,45 WARNING  [psi4.optking.history:306] 	Skipping Hessian update for step 2.
2025-12-23:11:35:42,45 WARNING  [psi4.optking.history:301] 	Change in internal coordinate of 1.62e+00 exceeds limit of 5.00e-01.
2025-12-23:11:35:42,45 WARNING  [psi4.optking.history:306] 	Skipping Hessian update for step 1.
2025-12-23:11:35:42,45 INFO     [psi4.optking.history:317] 	Steps to be used in Hessian update:  8 7

2025-12-23:11:35:42,45 INFO     [psi4.optking.history:418] 	Updated Hessian (in au) 
 	   0.337509

2025-12-23:11:35:42,46 INFO     [psi4.optking.molsys:944] Projected (PHP) Hessian matrix
	   0.337509

2025-12-23:11:35:42,46 INFO     [psi4.optking.opt_helper:182] 
	         Geometry (au)                                       Gradient (au)
   0.0000000000   0.0000000000   2.2225360176		  -0.0000000000  -0.0000000000  -0.0372952634
   0.0000000000   0.0000000000  -1.6673182905		  -0.0000000000   0.0000000000   0.0373231459

2025-12-23:11:35:42,46 INFO     [psi4.optking.stepAlgorithms:368] 	Current Step Report 
 
	Current energy:      -597.9333087233
	Energy change for the previous step:
		Actual       :        -0.0138742758
		Projected    :        -0.0102123556

2025-12-23:11:35:42,46 INFO     [psi4.optking.stepAlgorithms:371] 	Energy ratio =    1.35858
2025-12-23:11:35:42,46 INFO     [psi4.optking.stepAlgorithms:929] 	Using RFO solution 1.
2025-12-23:11:35:42,46 INFO     [psi4.optking.displace:100] 	Determining Cartesian step for fragment 1.
2025-12-23:11:35:42,46 INFO     [psi4.optking.displace:415] 	Successfully converged to displaced geometry.
2025-12-23:11:35:42,46 INFO     [psi4.optking.displace:416] 	RMS(dx):  0.000e+00 	Max(dx):  0.000e+00 	RMS(dq):  0.000e+00
2025-12-23:11:35:42,46 INFO     [psi4.optking.displace:172] 

	        --- Internal Coordinate Step in ANG or DEG, aJ/ANG or AJ/DEG ---
	-------------------------------------------------------------------------------
	           Coordinate      Previous         Force          Change          New 
	           ----------      --------        ------          ------        ------
	               R(1,2)       2.05842        0.30738        0.05780       2.11622
	-------------------------------------------------------------------------------

2025-12-23:11:35:42,46 INFO     [psi4.optking.stepAlgorithms:113] 	|target step| :    0.1092239712
2025-12-23:11:35:42,46 INFO     [psi4.optking.stepAlgorithms:114] 	gradient     :   -0.0373092046
2025-12-23:11:35:42,46 INFO     [psi4.optking.stepAlgorithms:115] 	hessian      :    0.3375093403
2025-12-23:11:35:42,46 INFO     [psi4.optking.stepAlgorithms:113] 	|target step| :    0.1092239712
2025-12-23:11:35:42,46 INFO     [psi4.optking.stepAlgorithms:114] 	gradient     :   -0.0373092046
2025-12-23:11:35:42,46 INFO     [psi4.optking.stepAlgorithms:115] 	hessian      :    0.3375093403
2025-12-23:11:35:42,46 INFO     [psi4.optking.stepAlgorithms:206] 	Norm of achieved step-size    0.1092239712
2025-12-23:11:35:42,46 INFO     [psi4.optking.stepAlgorithms:208] 	Norm of achieved step-size (cart):    0.0772330107
2025-12-23:11:35:42,46 INFO     [psi4.optking.opt_helper:164] Molsys:

	                            ===> Fragment 1 <== 

	 Z (Atomic Numbers)          Masses                          Geom                  
	      12.000000            23.985042          0.00000000  0.00000000  2.27714800   
	      16.000000            31.972071          0.00000000  0.00000000 -1.72193028   

	 - Coordinate -           - BOHR/RAD -       - ANG/DEG -
	 R(1,2)           =         3.999078           2.116221

2025-12-23:11:35:42,47 INFO     [psi4.optking.convcheck:76] Performing convergence check.
2025-12-23:11:35:42,47 INFO     [psi4.optking.convcheck:282] 
	                                 ==> Convergence Check <==                                  
    
	Measures of convergence in internal coordinates in au.
    
	Criteria marked as inactive (o), active & met (*), and active & unmet ( ).

	----------------------------------------------------------------------------------------------
	   Step    Total Energy     Delta E     Max Force     RMS Force      Max Disp      RMS Disp   
	----------------------------------------------------------------------------------------------
	  Convergence Criteria     1.00e-06 *    3.00e-04 *             o    1.20e-03 *             o
	----------------------------------------------------------------------------------------------
	     9    -597.93330872   -1.39e-02      3.73e-02      3.73e-02 o    1.09e-01      1.09e-01 o  ~
	----------------------------------------------------------------------------------------------


2025-12-23:11:35:42,47 INFO     [psi4.optking.stepAlgorithms:296] 	Convergence check returned False
2025-12-23:11:35:42,57 INFO     [psi4.driver.task_planner:259] PLANNING Atomic:  keywords={'DAMPING_PERCENTAGE': 1.0, 'GEOM_MAXITER': 500, 'SCF__GUESS': 'READ', 'GUESS': 'SAP', 'MAXITER': 500, 'REFERENCE': 'UKS', 'function_kwargs': {}}
2025-12-23:11:35:42,59 INFO     [psi4.driver.driver:638] Compute gradient(): method=b3lyp, basis=cc-pvdz, molecule=default, nre=48.0110631972829
2025-12-23:11:35:42,745 INFO     [psi4.driver.driver:641] Return gradient(): -597.9362460193074
2025-12-23:11:35:42,745 INFO     [psi4.driver.driver:642] [[ 0.00000000 -0.00000000 -0.01724502]
 [ 0.00000000  0.00000000  0.01726789]]
2025-12-23:11:35:42,746 INFO     [psi4.optking.history:269] 	Performing BFGS update.
2025-12-23:11:35:42,746 INFO     [psi4.optking.history:280] 	Using 4 previous steps for update.
2025-12-23:11:35:42,747 WARNING  [psi4.optking.history:301] 	Change in internal coordinate of 5.98e-01 exceeds limit of 5.00e-01.
2025-12-23:11:35:42,747 WARNING  [psi4.optking.history:306] 	Skipping Hessian update for step 7.
2025-12-23:11:35:42,747 WARNING  [psi4.optking.history:301] 	Change in internal coordinate of 9.15e-01 exceeds limit of 5.00e-01.
2025-12-23:11:35:42,747 WARNING  [psi4.optking.history:306] 	Skipping Hessian update for step 6.
2025-12-23:11:35:42,747 WARNING  [psi4.optking.history:301] 	Change in internal coordinate of 1.23e+00 exceeds limit of 5.00e-01.
2025-12-23:11:35:42,747 WARNING  [psi4.optking.history:306] 	Skipping Hessian update for step 5.
2025-12-23:11:35:42,747 WARNING  [psi4.optking.history:301] 	Change in internal coordinate of 1.64e+00 exceeds limit of 5.00e-01.
2025-12-23:11:35:42,747 WARNING  [psi4.optking.history:306] 	Skipping Hessian update for step 4.
2025-12-23:11:35:42,747 WARNING  [psi4.optking.history:301] 	Change in internal coordinate of 1.70e+00 exceeds limit of 5.00e-01.
2025-12-23:11:35:42,747 WARNING  [psi4.optking.history:306] 	Skipping Hessian update for step 3.
2025-12-23:11:35:42,747 WARNING  [psi4.optking.history:301] 	Change in internal coordinate of 1.72e+00 exceeds limit of 5.00e-01.
2025-12-23:11:35:42,747 WARNING  [psi4.optking.history:306] 	Skipping Hessian update for step 2.
2025-12-23:11:35:42,747 WARNING  [psi4.optking.history:301] 	Change in internal coordinate of 1.73e+00 exceeds limit of 5.00e-01.
2025-12-23:11:35:42,747 WARNING  [psi4.optking.history:306] 	Skipping Hessian update for step 1.
2025-12-23:11:35:42,747 INFO     [psi4.optking.history:317] 	Steps to be used in Hessian update:  9 8

2025-12-23:11:35:42,747 INFO     [psi4.optking.history:418] 	Updated Hessian (in au) 
 	   0.231155

2025-12-23:11:35:42,747 INFO     [psi4.optking.molsys:944] Projected (PHP) Hessian matrix
	   0.231155

2025-12-23:11:35:42,747 INFO     [psi4.optking.opt_helper:182] 
	         Geometry (au)                                       Gradient (au)
   0.0000000000   0.0000000000   2.2849430362		   0.0000000000  -0.0000000000  -0.0172450164
   0.0000000000   0.0000000000  -1.7141352432		   0.0000000000   0.0000000000   0.0172678915

2025-12-23:11:35:42,747 INFO     [psi4.optking.stepAlgorithms:368] 	Current Step Report 
 
	Current energy:      -597.9362460193
	Energy change for the previous step:
		Actual       :        -0.0029372960
		Projected    :        -0.0020375297

2025-12-23:11:35:42,747 INFO     [psi4.optking.stepAlgorithms:371] 	Energy ratio =    1.44160
2025-12-23:11:35:42,747 INFO     [psi4.optking.stepAlgorithms:929] 	Using RFO solution 1.
2025-12-23:11:35:42,748 INFO     [psi4.optking.displace:100] 	Determining Cartesian step for fragment 1.
2025-12-23:11:35:42,748 INFO     [psi4.optking.displace:415] 	Successfully converged to displaced geometry.
2025-12-23:11:35:42,748 INFO     [psi4.optking.displace:416] 	RMS(dx):  0.000e+00 	Max(dx):  0.000e+00 	RMS(dq):  0.000e+00
2025-12-23:11:35:42,748 INFO     [psi4.optking.displace:172] 

	        --- Internal Coordinate Step in ANG or DEG, aJ/ANG or AJ/DEG ---
	-------------------------------------------------------------------------------
	           Coordinate      Previous         Force          Change          New 
	           ----------      --------        ------          ------        ------
	               R(1,2)       2.11622        0.14217        0.03929       2.15551
	-------------------------------------------------------------------------------

2025-12-23:11:35:42,748 INFO     [psi4.optking.stepAlgorithms:113] 	|target step| :    0.0742417984
2025-12-23:11:35:42,748 INFO     [psi4.optking.stepAlgorithms:114] 	gradient     :   -0.0172564540
2025-12-23:11:35:42,748 INFO     [psi4.optking.stepAlgorithms:115] 	hessian      :    0.2311546790
2025-12-23:11:35:42,748 INFO     [psi4.optking.stepAlgorithms:113] 	|target step| :    0.0742417984
2025-12-23:11:35:42,748 INFO     [psi4.optking.stepAlgorithms:114] 	gradient     :   -0.0172564540
2025-12-23:11:35:42,748 INFO     [psi4.optking.stepAlgorithms:115] 	hessian      :    0.2311546790
2025-12-23:11:35:42,748 INFO     [psi4.optking.stepAlgorithms:206] 	Norm of achieved step-size    0.0742417984
2025-12-23:11:35:42,748 INFO     [psi4.optking.stepAlgorithms:208] 	Norm of achieved step-size (cart):    0.0524968791
2025-12-23:11:35:42,748 INFO     [psi4.optking.opt_helper:164] Molsys:

	                            ===> Fragment 1 <== 

	 Z (Atomic Numbers)          Masses                          Geom                  
	      12.000000            23.985042          0.00000000  0.00000000  2.32206394   
	      16.000000            31.972071          0.00000000  0.00000000 -1.75125614   

	 - Coordinate -           - BOHR/RAD -       - ANG/DEG -
	 R(1,2)           =         4.073320           2.155508

2025-12-23:11:35:42,748 INFO     [psi4.optking.convcheck:76] Performing convergence check.
2025-12-23:11:35:42,748 INFO     [psi4.optking.convcheck:282] 
	                                 ==> Convergence Check <==                                  
    
	Measures of convergence in internal coordinates in au.
    
	Criteria marked as inactive (o), active & met (*), and active & unmet ( ).

	----------------------------------------------------------------------------------------------
	   Step    Total Energy     Delta E     Max Force     RMS Force      Max Disp      RMS Disp   
	----------------------------------------------------------------------------------------------
	  Convergence Criteria     1.00e-06 *    3.00e-04 *             o    1.20e-03 *             o
	----------------------------------------------------------------------------------------------
	    10    -597.93624602   -2.94e-03      1.73e-02      1.73e-02 o    7.42e-02      7.42e-02 o  ~
	----------------------------------------------------------------------------------------------


2025-12-23:11:35:42,748 INFO     [psi4.optking.stepAlgorithms:296] 	Convergence check returned False
2025-12-23:11:35:42,759 INFO     [psi4.driver.task_planner:259] PLANNING Atomic:  keywords={'DAMPING_PERCENTAGE': 1.0, 'GEOM_MAXITER': 500, 'SCF__GUESS': 'READ', 'GUESS': 'SAP', 'MAXITER': 500, 'REFERENCE': 'UKS', 'function_kwargs': {}}
2025-12-23:11:35:42,760 INFO     [psi4.driver.driver:638] Compute gradient(): method=b3lyp, basis=cc-pvdz, molecule=default, nre=47.135996272706755
2025-12-23:11:35:43,531 INFO     [psi4.driver.driver:641] Return gradient(): -597.9370961650377
2025-12-23:11:35:43,531 INFO     [psi4.driver.driver:642] [[-0.00000000  0.00000000 -0.00595034]
 [-0.00000000  0.00000000  0.00596694]]
2025-12-23:11:35:43,533 INFO     [psi4.optking.history:269] 	Performing BFGS update.
2025-12-23:11:35:43,533 INFO     [psi4.optking.history:280] 	Using 4 previous steps for update.
2025-12-23:11:35:43,533 WARNING  [psi4.optking.history:301] 	Change in internal coordinate of 6.73e-01 exceeds limit of 5.00e-01.
2025-12-23:11:35:43,533 WARNING  [psi4.optking.history:306] 	Skipping Hessian update for step 7.
2025-12-23:11:35:43,533 WARNING  [psi4.optking.history:301] 	Change in internal coordinate of 9.89e-01 exceeds limit of 5.00e-01.
2025-12-23:11:35:43,533 WARNING  [psi4.optking.history:306] 	Skipping Hessian update for step 6.
2025-12-23:11:35:43,533 WARNING  [psi4.optking.history:301] 	Change in internal coordinate of 1.31e+00 exceeds limit of 5.00e-01.
2025-12-23:11:35:43,533 WARNING  [psi4.optking.history:306] 	Skipping Hessian update for step 5.
2025-12-23:11:35:43,533 WARNING  [psi4.optking.history:301] 	Change in internal coordinate of 1.71e+00 exceeds limit of 5.00e-01.
2025-12-23:11:35:43,533 WARNING  [psi4.optking.history:306] 	Skipping Hessian update for step 4.
2025-12-23:11:35:43,533 WARNING  [psi4.optking.history:301] 	Change in internal coordinate of 1.78e+00 exceeds limit of 5.00e-01.
2025-12-23:11:35:43,533 WARNING  [psi4.optking.history:306] 	Skipping Hessian update for step 3.
2025-12-23:11:35:43,533 WARNING  [psi4.optking.history:301] 	Change in internal coordinate of 1.80e+00 exceeds limit of 5.00e-01.
2025-12-23:11:35:43,533 WARNING  [psi4.optking.history:306] 	Skipping Hessian update for step 2.
2025-12-23:11:35:43,533 WARNING  [psi4.optking.history:301] 	Change in internal coordinate of 1.81e+00 exceeds limit of 5.00e-01.
2025-12-23:11:35:43,533 WARNING  [psi4.optking.history:306] 	Skipping Hessian update for step 1.
2025-12-23:11:35:43,533 INFO     [psi4.optking.history:317] 	Steps to be used in Hessian update:  10 9 8

2025-12-23:11:35:43,534 INFO     [psi4.optking.history:418] 	Updated Hessian (in au) 
 	   0.216593

2025-12-23:11:35:43,534 INFO     [psi4.optking.molsys:944] Projected (PHP) Hessian matrix
	   0.216593

2025-12-23:11:35:43,534 INFO     [psi4.optking.opt_helper:182] 
	         Geometry (au)                                       Gradient (au)
   0.0000000000   0.0000000000   2.3273623809		  -0.0000000000   0.0000000000  -0.0059503372
   0.0000000000   0.0000000000  -1.7459576968		  -0.0000000000   0.0000000000   0.0059669417

2025-12-23:11:35:43,534 INFO     [psi4.optking.stepAlgorithms:368] 	Current Step Report 
 
	Current energy:      -597.9370961650
	Energy change for the previous step:
		Actual       :        -0.0008501457
		Projected    :        -0.0006405751

2025-12-23:11:35:43,534 INFO     [psi4.optking.stepAlgorithms:371] 	Energy ratio =    1.32716
2025-12-23:11:35:43,534 INFO     [psi4.optking.stepAlgorithms:929] 	Using RFO solution 1.
2025-12-23:11:35:43,534 INFO     [psi4.optking.displace:100] 	Determining Cartesian step for fragment 1.
2025-12-23:11:35:43,534 INFO     [psi4.optking.displace:415] 	Successfully converged to displaced geometry.
2025-12-23:11:35:43,534 INFO     [psi4.optking.displace:416] 	RMS(dx):  2.564e-16 	Max(dx):  4.441e-16 	RMS(dq):  8.882e-16
2025-12-23:11:35:43,534 INFO     [psi4.optking.displace:172] 

	        --- Internal Coordinate Step in ANG or DEG, aJ/ANG or AJ/DEG ---
	-------------------------------------------------------------------------------
	           Coordinate      Previous         Force          Change          New 
	           ----------      --------        ------          ------        ------
	               R(1,2)       2.15551        0.04909        0.01455       2.17006
	-------------------------------------------------------------------------------

2025-12-23:11:35:43,534 INFO     [psi4.optking.stepAlgorithms:113] 	|target step| :    0.0274899510
2025-12-23:11:35:43,534 INFO     [psi4.optking.stepAlgorithms:114] 	gradient     :   -0.0059586394
2025-12-23:11:35:43,534 INFO     [psi4.optking.stepAlgorithms:115] 	hessian      :    0.2165932020
2025-12-23:11:35:43,534 INFO     [psi4.optking.stepAlgorithms:113] 	|target step| :    0.0274899510
2025-12-23:11:35:43,534 INFO     [psi4.optking.stepAlgorithms:114] 	gradient     :   -0.0059586394
2025-12-23:11:35:43,534 INFO     [psi4.optking.stepAlgorithms:115] 	hessian      :    0.2165932020
2025-12-23:11:35:43,534 INFO     [psi4.optking.stepAlgorithms:206] 	Norm of achieved step-size    0.0274899510
2025-12-23:11:35:43,534 INFO     [psi4.optking.stepAlgorithms:208] 	Norm of achieved step-size (cart):    0.0194383308
2025-12-23:11:35:43,535 INFO     [psi4.optking.opt_helper:164] Molsys:

	                            ===> Fragment 1 <== 

	 Z (Atomic Numbers)          Masses                          Geom                  
	      12.000000            23.985042          0.00000000  0.00000000  2.34110736   
	      16.000000            31.972071          0.00000000  0.00000000 -1.75970267   

	 - Coordinate -           - BOHR/RAD -       - ANG/DEG -
	 R(1,2)           =         4.100810           2.170055

2025-12-23:11:35:43,535 INFO     [psi4.optking.convcheck:76] Performing convergence check.
2025-12-23:11:35:43,535 INFO     [psi4.optking.convcheck:282] 
	                                 ==> Convergence Check <==                                  
    
	Measures of convergence in internal coordinates in au.
    
	Criteria marked as inactive (o), active & met (*), and active & unmet ( ).

	----------------------------------------------------------------------------------------------
	   Step    Total Energy     Delta E     Max Force     RMS Force      Max Disp      RMS Disp   
	----------------------------------------------------------------------------------------------
	  Convergence Criteria     1.00e-06 *    3.00e-04 *             o    1.20e-03 *             o
	----------------------------------------------------------------------------------------------
	    11    -597.93709617   -8.50e-04      5.96e-03      5.96e-03 o    2.75e-02      2.75e-02 o  ~
	----------------------------------------------------------------------------------------------


2025-12-23:11:35:43,535 INFO     [psi4.optking.stepAlgorithms:296] 	Convergence check returned False
2025-12-23:11:35:43,545 INFO     [psi4.driver.task_planner:259] PLANNING Atomic:  keywords={'DAMPING_PERCENTAGE': 1.0, 'GEOM_MAXITER': 500, 'SCF__GUESS': 'READ', 'GUESS': 'SAP', 'MAXITER': 500, 'REFERENCE': 'UKS', 'function_kwargs': {}}
2025-12-23:11:35:43,547 INFO     [psi4.driver.driver:638] Compute gradient(): method=b3lyp, basis=cc-pvdz, molecule=default, nre=46.820018156384165
2025-12-23:11:35:44,273 INFO     [psi4.driver.driver:641] Return gradient(): -597.937207300677
2025-12-23:11:35:44,273 INFO     [psi4.driver.driver:642] [[-0.00000000 -0.00000000 -0.00219612]
 [-0.00000000  0.00000000  0.00221239]]
2025-12-23:11:35:44,274 INFO     [psi4.optking.history:269] 	Performing BFGS update.
2025-12-23:11:35:44,274 INFO     [psi4.optking.history:280] 	Using 4 previous steps for update.
2025-12-23:11:35:44,274 INFO     [psi4.optking.history:317] 	Steps to be used in Hessian update:  11 10 9 8

2025-12-23:11:35:44,275 INFO     [psi4.optking.history:418] 	Updated Hessian (in au) 
 	   0.211479

2025-12-23:11:35:44,275 INFO     [psi4.optking.molsys:944] Projected (PHP) Hessian matrix
	   0.211479

2025-12-23:11:35:44,275 INFO     [psi4.optking.opt_helper:182] 
	         Geometry (au)                                       Gradient (au)
   0.0000000000   0.0000000000   2.3430692433		  -0.0000000000  -0.0000000000  -0.0021961212
   0.0000000000   0.0000000000  -1.7577407854		  -0.0000000000   0.0000000000   0.0022123942

2025-12-23:11:35:44,275 INFO     [psi4.optking.stepAlgorithms:368] 	Current Step Report 
 
	Current energy:      -597.9372073007
	Energy change for the previous step:
		Actual       :        -0.0001111356
		Projected    :        -0.0000819014

2025-12-23:11:35:44,275 INFO     [psi4.optking.stepAlgorithms:371] 	Energy ratio =    1.35695
2025-12-23:11:35:44,275 INFO     [psi4.optking.stepAlgorithms:929] 	Using RFO solution 1.
2025-12-23:11:35:44,275 INFO     [psi4.optking.displace:100] 	Determining Cartesian step for fragment 1.
2025-12-23:11:35:44,275 INFO     [psi4.optking.displace:415] 	Successfully converged to displaced geometry.
2025-12-23:11:35:44,275 INFO     [psi4.optking.displace:416] 	RMS(dx):  0.000e+00 	Max(dx):  0.000e+00 	RMS(dq):  0.000e+00
2025-12-23:11:35:44,275 INFO     [psi4.optking.displace:172] 

	        --- Internal Coordinate Step in ANG or DEG, aJ/ANG or AJ/DEG ---
	-------------------------------------------------------------------------------
	           Coordinate      Previous         Force          Change          New 
	           ----------      --------        ------          ------        ------
	               R(1,2)       2.17006        0.01816        0.00552       2.17557
	-------------------------------------------------------------------------------

2025-12-23:11:35:44,275 INFO     [psi4.optking.stepAlgorithms:113] 	|target step| :    0.0104219033
2025-12-23:11:35:44,275 INFO     [psi4.optking.stepAlgorithms:114] 	gradient     :   -0.0022042577
2025-12-23:11:35:44,275 INFO     [psi4.optking.stepAlgorithms:115] 	hessian      :    0.2114794400
2025-12-23:11:35:44,275 INFO     [psi4.optking.stepAlgorithms:113] 	|target step| :    0.0104219033
2025-12-23:11:35:44,276 INFO     [psi4.optking.stepAlgorithms:114] 	gradient     :   -0.0022042577
2025-12-23:11:35:44,276 INFO     [psi4.optking.stepAlgorithms:115] 	hessian      :    0.2114794400
2025-12-23:11:35:44,276 INFO     [psi4.optking.stepAlgorithms:206] 	Norm of achieved step-size    0.0104219033
2025-12-23:11:35:44,276 INFO     [psi4.optking.stepAlgorithms:208] 	Norm of achieved step-size (cart):    0.0073693985
2025-12-23:11:35:44,276 INFO     [psi4.optking.opt_helper:164] Molsys:

	                            ===> Fragment 1 <== 

	 Z (Atomic Numbers)          Masses                          Geom                  
	      12.000000            23.985042          0.00000000  0.00000000  2.34828019   
	      16.000000            31.972071          0.00000000  0.00000000 -1.76295174   

	 - Coordinate -           - BOHR/RAD -       - ANG/DEG -
	 R(1,2)           =         4.111232           2.175570

2025-12-23:11:35:44,276 INFO     [psi4.optking.convcheck:76] Performing convergence check.
2025-12-23:11:35:44,276 INFO     [psi4.optking.convcheck:282] 
	                                 ==> Convergence Check <==                                  
    
	Measures of convergence in internal coordinates in au.
    
	Criteria marked as inactive (o), active & met (*), and active & unmet ( ).

	----------------------------------------------------------------------------------------------
	   Step    Total Energy     Delta E     Max Force     RMS Force      Max Disp      RMS Disp   
	----------------------------------------------------------------------------------------------
	  Convergence Criteria     1.00e-06 *    3.00e-04 *             o    1.20e-03 *             o
	----------------------------------------------------------------------------------------------
	    12    -597.93720730   -1.11e-04      2.20e-03      2.20e-03 o    1.04e-02      1.04e-02 o  ~
	----------------------------------------------------------------------------------------------


2025-12-23:11:35:44,276 INFO     [psi4.optking.stepAlgorithms:296] 	Convergence check returned False
2025-12-23:11:35:44,286 INFO     [psi4.driver.task_planner:259] PLANNING Atomic:  keywords={'DAMPING_PERCENTAGE': 1.0, 'GEOM_MAXITER': 500, 'SCF__GUESS': 'READ', 'GUESS': 'SAP', 'MAXITER': 500, 'REFERENCE': 'UKS', 'function_kwargs': {}}
2025-12-23:11:35:44,287 INFO     [psi4.driver.driver:638] Compute gradient(): method=b3lyp, basis=cc-pvdz, molecule=default, nre=46.70133020376148
2025-12-23:11:35:44,985 INFO     [psi4.driver.driver:641] Return gradient(): -597.9372228589268
2025-12-23:11:35:44,985 INFO     [psi4.driver.driver:642] [[-0.00000000  0.00000000 -0.00082983]
 [-0.00000000  0.00000000  0.00084702]]
2025-12-23:11:35:44,987 INFO     [psi4.optking.history:269] 	Performing BFGS update.
2025-12-23:11:35:44,987 INFO     [psi4.optking.history:280] 	Using 4 previous steps for update.
2025-12-23:11:35:44,987 INFO     [psi4.optking.history:317] 	Steps to be used in Hessian update:  12 11 10 9

2025-12-23:11:35:44,987 INFO     [psi4.optking.history:418] 	Updated Hessian (in au) 
 	   0.164745

2025-12-23:11:35:44,987 INFO     [psi4.optking.molsys:944] Projected (PHP) Hessian matrix
	   0.164745

2025-12-23:11:35:44,987 INFO     [psi4.optking.opt_helper:182] 
	         Geometry (au)                                       Gradient (au)
   0.0000000000   0.0000000000   2.3490239792		  -0.0000000000   0.0000000000  -0.0008298301
   0.0000000000   0.0000000000  -1.7622079527		  -0.0000000000   0.0000000000   0.0008470229

2025-12-23:11:35:44,988 INFO     [psi4.optking.stepAlgorithms:368] 	Current Step Report 
 
	Current energy:      -597.9372228589
	Energy change for the previous step:
		Actual       :        -0.0000155582
		Projected    :        -0.0000114863

2025-12-23:11:35:44,988 INFO     [psi4.optking.stepAlgorithms:371] 	Energy ratio =    1.35451
2025-12-23:11:35:44,988 INFO     [psi4.optking.stepAlgorithms:929] 	Using RFO solution 1.
2025-12-23:11:35:44,988 INFO     [psi4.optking.displace:100] 	Determining Cartesian step for fragment 1.
2025-12-23:11:35:44,988 INFO     [psi4.optking.displace:415] 	Successfully converged to displaced geometry.
2025-12-23:11:35:44,988 INFO     [psi4.optking.displace:416] 	RMS(dx):  0.000e+00 	Max(dx):  0.000e+00 	RMS(dq):  0.000e+00
2025-12-23:11:35:44,988 INFO     [psi4.optking.displace:172] 

	        --- Internal Coordinate Step in ANG or DEG, aJ/ANG or AJ/DEG ---
	-------------------------------------------------------------------------------
	           Coordinate      Previous         Force          Change          New 
	           ----------      --------        ------          ------        ------
	               R(1,2)       2.17557        0.00691        0.00269       2.17826
	-------------------------------------------------------------------------------

2025-12-23:11:35:44,988 INFO     [psi4.optking.stepAlgorithms:113] 	|target step| :    0.0050891170
2025-12-23:11:35:44,988 INFO     [psi4.optking.stepAlgorithms:114] 	gradient     :   -0.0008384265
2025-12-23:11:35:44,988 INFO     [psi4.optking.stepAlgorithms:115] 	hessian      :    0.1647446454
2025-12-23:11:35:44,988 INFO     [psi4.optking.stepAlgorithms:113] 	|target step| :    0.0050891170
2025-12-23:11:35:44,988 INFO     [psi4.optking.stepAlgorithms:114] 	gradient     :   -0.0008384265
2025-12-23:11:35:44,988 INFO     [psi4.optking.stepAlgorithms:115] 	hessian      :    0.1647446454
2025-12-23:11:35:44,988 INFO     [psi4.optking.stepAlgorithms:206] 	Norm of achieved step-size    0.0050891170
2025-12-23:11:35:44,988 INFO     [psi4.optking.stepAlgorithms:208] 	Norm of achieved step-size (cart):    0.0035985492
2025-12-23:11:35:44,988 INFO     [psi4.optking.opt_helper:164] Molsys:

	                            ===> Fragment 1 <== 

	 Z (Atomic Numbers)          Masses                          Geom                  
	      12.000000            23.985042          0.00000000  0.00000000  2.35156854   
	      16.000000            31.972071          0.00000000  0.00000000 -1.76475251   

	 - Coordinate -           - BOHR/RAD -       - ANG/DEG -
	 R(1,2)           =         4.116321           2.178263

2025-12-23:11:35:44,989 INFO     [psi4.optking.convcheck:76] Performing convergence check.
2025-12-23:11:35:44,989 INFO     [psi4.optking.convcheck:282] 
	                                 ==> Convergence Check <==                                  
    
	Measures of convergence in internal coordinates in au.
    
	Criteria marked as inactive (o), active & met (*), and active & unmet ( ).

	----------------------------------------------------------------------------------------------
	   Step    Total Energy     Delta E     Max Force     RMS Force      Max Disp      RMS Disp   
	----------------------------------------------------------------------------------------------
	  Convergence Criteria     1.00e-06 *    3.00e-04 *             o    1.20e-03 *             o
	----------------------------------------------------------------------------------------------
	    13    -597.93722286   -1.56e-05      8.38e-04      8.38e-04 o    5.09e-03      5.09e-03 o  ~
	----------------------------------------------------------------------------------------------


2025-12-23:11:35:44,989 INFO     [psi4.optking.stepAlgorithms:296] 	Convergence check returned False
2025-12-23:11:35:44,999 INFO     [psi4.driver.task_planner:259] PLANNING Atomic:  keywords={'DAMPING_PERCENTAGE': 1.0, 'GEOM_MAXITER': 500, 'SCF__GUESS': 'READ', 'GUESS': 'SAP', 'MAXITER': 500, 'REFERENCE': 'UKS', 'function_kwargs': {}}
2025-12-23:11:35:45,0 INFO     [psi4.driver.driver:638] Compute gradient(): method=b3lyp, basis=cc-pvdz, molecule=default, nre=46.64359210909049
2025-12-23:11:35:45,689 INFO     [psi4.driver.driver:641] Return gradient(): -597.9372253116596
2025-12-23:11:35:45,689 INFO     [psi4.driver.driver:642] [[ 0.00000000 -0.00000000 -0.00017379]
 [ 0.00000000  0.00000000  0.00019167]]
2025-12-23:11:35:45,691 INFO     [psi4.optking.history:269] 	Performing BFGS update.
2025-12-23:11:35:45,691 INFO     [psi4.optking.history:280] 	Using 4 previous steps for update.
2025-12-23:11:35:45,691 INFO     [psi4.optking.history:317] 	Steps to be used in Hessian update:  13 12 11 10

2025-12-23:11:35:45,691 INFO     [psi4.optking.history:418] 	Updated Hessian (in au) 
 	   0.145627

2025-12-23:11:35:45,691 INFO     [psi4.optking.molsys:944] Projected (PHP) Hessian matrix
	   0.145627

2025-12-23:11:35:45,691 INFO     [psi4.optking.opt_helper:182] 
	         Geometry (au)                                       Gradient (au)
   0.0000000000   0.0000000000   2.3519317349		   0.0000000000  -0.0000000000  -0.0001737859
   0.0000000000   0.0000000000  -1.7643893141		   0.0000000000   0.0000000000   0.0001916742

2025-12-23:11:35:45,691 INFO     [psi4.optking.stepAlgorithms:368] 	Current Step Report 
 
	Current energy:      -597.9372253117
	Energy change for the previous step:
		Actual       :        -0.0000024527
		Projected    :        -0.0000021334

2025-12-23:11:35:45,691 INFO     [psi4.optking.stepAlgorithms:371] 	Energy ratio =    1.14967
2025-12-23:11:35:45,691 INFO     [psi4.optking.stepAlgorithms:929] 	Using RFO solution 1.
2025-12-23:11:35:45,691 INFO     [psi4.optking.displace:100] 	Determining Cartesian step for fragment 1.
2025-12-23:11:35:45,692 INFO     [psi4.optking.displace:415] 	Successfully converged to displaced geometry.
2025-12-23:11:35:45,692 INFO     [psi4.optking.displace:416] 	RMS(dx):  0.000e+00 	Max(dx):  0.000e+00 	RMS(dq):  0.000e+00
2025-12-23:11:35:45,692 INFO     [psi4.optking.displace:172] 

	        --- Internal Coordinate Step in ANG or DEG, aJ/ANG or AJ/DEG ---
	-------------------------------------------------------------------------------
	           Coordinate      Previous         Force          Change          New 
	           ----------      --------        ------          ------        ------
	               R(1,2)       2.17826        0.00151        0.00066       2.17893
	-------------------------------------------------------------------------------

2025-12-23:11:35:45,692 INFO     [psi4.optking.stepAlgorithms:113] 	|target step| :    0.0012547785
2025-12-23:11:35:45,692 INFO     [psi4.optking.stepAlgorithms:114] 	gradient     :   -0.0001827300
2025-12-23:11:35:45,692 INFO     [psi4.optking.stepAlgorithms:115] 	hessian      :    0.1456270948
2025-12-23:11:35:45,692 INFO     [psi4.optking.stepAlgorithms:113] 	|target step| :    0.0012547785
2025-12-23:11:35:45,692 INFO     [psi4.optking.stepAlgorithms:114] 	gradient     :   -0.0001827300
2025-12-23:11:35:45,692 INFO     [psi4.optking.stepAlgorithms:115] 	hessian      :    0.1456270948
2025-12-23:11:35:45,692 INFO     [psi4.optking.stepAlgorithms:206] 	Norm of achieved step-size    0.0012547785
2025-12-23:11:35:45,692 INFO     [psi4.optking.stepAlgorithms:208] 	Norm of achieved step-size (cart):    0.0008872624
2025-12-23:11:35:45,692 INFO     [psi4.optking.opt_helper:164] Molsys:

	                            ===> Fragment 1 <== 

	 Z (Atomic Numbers)          Masses                          Geom                  
	      12.000000            23.985042          0.00000000  0.00000000  2.35255912   
	      16.000000            31.972071          0.00000000  0.00000000 -1.76501670   

	 - Coordinate -           - BOHR/RAD -       - ANG/DEG -
	 R(1,2)           =         4.117576           2.178927

2025-12-23:11:35:45,692 INFO     [psi4.optking.convcheck:76] Performing convergence check.
2025-12-23:11:35:45,692 INFO     [psi4.optking.convcheck:282] 
	                                 ==> Convergence Check <==                                  
    
	Measures of convergence in internal coordinates in au.
    
	Criteria marked as inactive (o), active & met (*), and active & unmet ( ).

	----------------------------------------------------------------------------------------------
	   Step    Total Energy     Delta E     Max Force     RMS Force      Max Disp      RMS Disp   
	----------------------------------------------------------------------------------------------
	  Convergence Criteria     1.00e-06 *    3.00e-04 *             o    1.20e-03 *             o
	----------------------------------------------------------------------------------------------
	    14    -597.93722531   -2.45e-06      1.83e-04 *    1.83e-04 o    1.25e-03      1.25e-03 o  ~
	----------------------------------------------------------------------------------------------


2025-12-23:11:35:45,692 INFO     [psi4.optking.stepAlgorithms:296] 	Convergence check returned False
2025-12-23:11:35:45,703 INFO     [psi4.driver.task_planner:259] PLANNING Atomic:  keywords={'DAMPING_PERCENTAGE': 1.0, 'GEOM_MAXITER': 500, 'SCF__GUESS': 'READ', 'GUESS': 'SAP', 'MAXITER': 500, 'REFERENCE': 'UKS', 'function_kwargs': {}}
2025-12-23:11:35:45,704 INFO     [psi4.driver.driver:638] Compute gradient(): method=b3lyp, basis=cc-pvdz, molecule=default, nre=46.62937807222926
2025-12-23:11:35:46,461 INFO     [psi4.driver.driver:641] Return gradient(): -597.9372254033033
2025-12-23:11:35:46,461 INFO     [psi4.driver.driver:642] [[ 0.00000000 -0.00000000 -0.00001314]
 [-0.00000000  0.00000000  0.00003123]]
2025-12-23:11:35:46,463 INFO     [psi4.optking.history:269] 	Performing BFGS update.
2025-12-23:11:35:46,463 INFO     [psi4.optking.history:280] 	Using 4 previous steps for update.
2025-12-23:11:35:46,463 INFO     [psi4.optking.history:317] 	Steps to be used in Hessian update:  14 13 12 11

2025-12-23:11:35:46,463 INFO     [psi4.optking.history:418] 	Updated Hessian (in au) 
 	   0.134140

2025-12-23:11:35:46,463 INFO     [psi4.optking.molsys:944] Projected (PHP) Hessian matrix
	   0.134140

2025-12-23:11:35:46,463 INFO     [psi4.optking.opt_helper:182] 
	         Geometry (au)                                       Gradient (au)
   0.0000000000   0.0000000000   2.3526486744		   0.0000000000  -0.0000000000  -0.0000131396
   0.0000000000   0.0000000000  -1.7649271530		  -0.0000000000   0.0000000000   0.0000312251

2025-12-23:11:35:46,463 INFO     [psi4.optking.stepAlgorithms:368] 	Current Step Report 
 
	Current energy:      -597.9372254033
	Energy change for the previous step:
		Actual       :        -0.0000000916
		Projected    :        -0.0000001146

2025-12-23:11:35:46,463 INFO     [psi4.optking.stepAlgorithms:371] 	Energy ratio =    0.79938
2025-12-23:11:35:46,463 INFO     [psi4.optking.stepAlgorithms:929] 	Using RFO solution 1.
2025-12-23:11:35:46,464 INFO     [psi4.optking.displace:100] 	Determining Cartesian step for fragment 1.
2025-12-23:11:35:46,464 INFO     [psi4.optking.displace:415] 	Successfully converged to displaced geometry.
2025-12-23:11:35:46,464 INFO     [psi4.optking.displace:416] 	RMS(dx):  0.000e+00 	Max(dx):  0.000e+00 	RMS(dq):  0.000e+00
2025-12-23:11:35:46,464 INFO     [psi4.optking.displace:172] 

	        --- Internal Coordinate Step in ANG or DEG, aJ/ANG or AJ/DEG ---
	-------------------------------------------------------------------------------
	           Coordinate      Previous         Force          Change          New 
	           ----------      --------        ------          ------        ------
	               R(1,2)       2.17893        0.00018        0.00009       2.17901
	-------------------------------------------------------------------------------

2025-12-23:11:35:46,464 INFO     [psi4.optking.stepAlgorithms:113] 	|target step| :    0.0001653676
2025-12-23:11:35:46,464 INFO     [psi4.optking.stepAlgorithms:114] 	gradient     :   -0.0000221824
2025-12-23:11:35:46,464 INFO     [psi4.optking.stepAlgorithms:115] 	hessian      :    0.1341397917
2025-12-23:11:35:46,464 INFO     [psi4.optking.stepAlgorithms:113] 	|target step| :    0.0001653676
2025-12-23:11:35:46,464 INFO     [psi4.optking.stepAlgorithms:114] 	gradient     :   -0.0000221824
2025-12-23:11:35:46,464 INFO     [psi4.optking.stepAlgorithms:115] 	hessian      :    0.1341397917
2025-12-23:11:35:46,464 INFO     [psi4.optking.stepAlgorithms:206] 	Norm of achieved step-size    0.0001653676
2025-12-23:11:35:46,464 INFO     [psi4.optking.stepAlgorithms:208] 	Norm of achieved step-size (cart):    0.0001169326
2025-12-23:11:35:46,464 INFO     [psi4.optking.opt_helper:164] Molsys:

	                            ===> Fragment 1 <== 

	 Z (Atomic Numbers)          Masses                          Geom                  
	      12.000000            23.985042          0.00000000  0.00000000  2.35273136   
	      16.000000            31.972071          0.00000000  0.00000000 -1.76500984   

	 - Coordinate -           - BOHR/RAD -       - ANG/DEG -
	 R(1,2)           =         4.117741           2.179015

2025-12-23:11:35:46,464 INFO     [psi4.optking.convcheck:76] Performing convergence check.
2025-12-23:11:35:46,464 INFO     [psi4.optking.convcheck:282] 
	                                 ==> Convergence Check <==                                  
    
	Measures of convergence in internal coordinates in au.
    
	Criteria marked as inactive (o), active & met (*), and active & unmet ( ).

	----------------------------------------------------------------------------------------------
	   Step    Total Energy     Delta E     Max Force     RMS Force      Max Disp      RMS Disp   
	----------------------------------------------------------------------------------------------
	  Convergence Criteria     1.00e-06 *    3.00e-04 *             o    1.20e-03 *             o
	----------------------------------------------------------------------------------------------
	    15    -597.93722540   -9.16e-08 *    2.22e-05 *    2.22e-05 o    1.65e-04 *    1.65e-04 o  ~
	----------------------------------------------------------------------------------------------


2025-12-23:11:35:46,464 INFO     [psi4.optking.convcheck:206] 
	                      ===> Final Convergence Report <===                     

	----------------------------------------------------------------------------
	|   Required Criteria    |  One or More Criteria  |   Alternate Criteria   |
	----------------------------------------------------------------------------
	| [x]     max_force      | [x]       max_DE       |                        |
	|                        | [x]      max_disp      |                        |
	----------------------------------------------------------------------------


2025-12-23:11:35:46,464 INFO     [psi4.optking.stepAlgorithms:296] 	Convergence check returned True
2025-12-23:11:35:46,464 INFO     [psi4.optking.optimize:332] 	Converged in 15 steps!
2025-12-23:11:35:46,464 INFO     [psi4.optking.optimize:333] 	Final energy is   -597.9372254033033
2025-12-23:11:35:46,464 INFO     [psi4.optking.optimize:334] 	Final structure (Angstroms): 
	Fragment 1 (Ang)

	   Mg   0.0000000000   0.0000000000   1.2450118176
	    S   0.0000000000   0.0000000000  -0.9340029823


2025-12-23:11:35:46,465 INFO     [psi4.optking.optimize:562] 	Optimization Finished

	==> Optimization Summary <==

        
	Measures of convergence in internal coordinates in au. (Any backward steps not shown.)
        
	---------------------------------------------------------------------------------------------------------------  ~
        
	 Step         Total Energy             Delta E       MAX Force       RMS Force        MAX Disp        RMS Disp   ~
        
	---------------------------------------------------------------------------------------------------------------  ~
        
	     1    -596.948060555873   -596.948060555873      1.93848534      1.93848534      0.00889869      0.00889869  ~
	     2    -596.965177046015     -0.017116490142      1.90851314      1.90851314      0.01751822      0.01751822  ~
	     3    -596.998105878644     -0.032928832629      1.85112483      1.85112483      0.06767531      0.06767531  ~
	     4    -597.116340787292     -0.118234908648      1.64739656      1.64739656      0.40474189      0.40474189  ~
	     5    -597.595444013454     -0.479103226163      0.80445888      0.80445888      0.31806544      0.31806544  ~
	     6    -597.785349079166     -0.189905065711      0.42215642      0.42215642      0.31612370      0.31612370  ~
	     7    -597.880762035517     -0.095412956351      0.20240517      0.20240517      0.26995172      0.26995172  ~
	     8    -597.919434447529     -0.038672412012      0.09317504      0.09317504      0.21920798      0.21920798  ~
	     9    -597.933308723284     -0.013874275755      0.03730920      0.03730920      0.10922397      0.10922397  ~
	    10    -597.936246019307     -0.002937296024      0.01725645      0.01725645      0.07424180      0.07424180  ~
	    11    -597.937096165038     -0.000850145730      0.00595864      0.00595864      0.02748995      0.02748995  ~
	    12    -597.937207300677     -0.000111135639      0.00220426      0.00220426      0.01042190      0.01042190  ~
	    13    -597.937222858927     -0.000015558250      0.00083843      0.00083843      0.00508912      0.00508912  ~
	    14    -597.937225311660     -0.000002452733      0.00018273      0.00018273      0.00125478      0.00125478  ~
	    15    -597.937225403303     -0.000000091644      0.00002218      0.00002218      0.00016537      0.00016537  ~
	----------------------------------------------------------------------------------------------------------------


2025-12-23:11:35:46,465 INFO     [psi4.optking.optimize:806] Preparing OptimizationResult
