2025-12-23:10:49:49,219 WARNING  [psi4.optking:38] Some dependencies such as QCElemental have not yet finished migration to pydantic v2. If issues are encountered please downgrade pydantic or upgrade QCElemental as appropriate
2025-12-23:10:49:49,374 INFO     [psi4.optking.optwrapper:234] Creating a UserComputer
2025-12-23:10:49:49,374 INFO     [psi4.optking.optwrapper:242] 
    			-----------------------------------------

    			 OPTKING 3.0: for geometry optimizations 

    			     By R.A. King, Bethel University     

    			        with contributions from          

    			    A.V. Copan, J. Cayton, A. Heide      

    			-----------------------------------------

    
2025-12-23:10:49:49,374 INFO     [psi4.optking.optwrapper:272] 
		 -- Optimization Parameters --
	GEOM_MAXITER                   =             500
	ALG_GEOM_MAXITER               =              50
	PRINT                          =               1
	OPT_TYPE                       =             MIN
	STEP_TYPE                      =             RFO
	PROGRAM                        =            PSI4
	STEEPEST_DESCENT_TYPE          =         OVERLAP
	CONJUGATE_GRADIENT_TYPE        =        FLETCHER
	OPT_COORDINATES                =        INTERNAL
	RFO_FOLLOW_ROOT                =           False
	RFO_ROOT                       =               0
	ACCEPT_SYMMETRY_BREAKING       =           False
	DYNAMIC_LVL                    =               0
	DYNAMIC_LVL_MAX                =               0
	IRC_STEP_SIZE                  =             0.2
	IRC_DIRECTION                  =         FORWARD
	IRC_POINTS                     =              20
	IRC_MODE                       =          NORMAL
	IRC_CONVERGENCE                =            -0.7
	INTRAFRAG_STEP_LIMIT           =             0.5
	INTRAFRAG_STEP_LIMIT_MIN       =           0.001
	INTRAFRAG_STEP_LIMIT_MAX       =             1.0
	INTERFRAG_STEP_LIMIT           =             0.5
	INTERFRAG_STEP_LIMIT_MIN       =           0.001
	INTERFRAG_STEP_LIMIT_MAX       =             1.0
	ENSURE_BT_CONVERGENCE          =           False
	SIMPLE_STEP_SCALING            =           False
	CONSECUTIVE_BACKSTEPS          =               0
	RFO_NORMALIZATION_MAX          =             100
	RSRFO_ALPHA_MAX                =     100000000.0
	PRINT_TRAJECTORY_XYZ_FILE      =           False
	WRITE_TRAJECTORY               =           False
	FROZEN_DISTANCE                =                
	FROZEN_BEND                    =                
	FROZEN_DIHEDRAL                =                
	FROZEN_OOFP                    =                
	FROZEN_CARTESIAN               =                
	FREEZE_ALL_DIHEDRALS           =           False
	UNFREEZE_DIHEDRALS             =                
	RANGED_DISTANCE                =                
	RANGED_BEND                    =                
	RANGED_DIHEDRAL                =                
	RANGED_OOFP                    =                
	RANGED_CARTESIAN               =                
	EXT_FORCE_DISTANCE             =                
	EXT_FORCE_BEND                 =                
	EXT_FORCE_DIHEDRAL             =                
	EXT_FORCE_OOFP                 =                
	EXT_FORCE_CARTESIAN            =                
	G_CONVERGENCE                  =           QCHEM
	MAX_FORCE_G_CONVERGENCE        =          0.0003
	RMS_FORCE_G_CONVERGENCE        =          0.0003
	MAX_ENERGY_G_CONVERGENCE       =           1e-06
	MAX_DISP_G_CONVERGENCE         =          0.0012
	RMS_DISP_G_CONVERGENCE         =          0.0012
	FLEXIBLE_G_CONVERGENCE         =           False
	HESS_UPDATE                    =            BFGS
	HESS_UPDATE_USE_LAST           =               4
	HESS_UPDATE_LIMIT              =            True
	HESS_UPDATE_LIMIT_MAX          =             1.0
	HESS_UPDATE_LIMIT_SCALE        =             0.5
	HESS_UPDATE_DEN_TOL            =           1e-07
	HESS_UPDATE_DQ_TOL             =             0.5
	CART_HESS_READ                 =           False
	HESSIAN_FILE                   =               .
	FULL_HESS_EVERY                =              -1
	INTRAFRAG_HESS                 =        SCHLEGEL
	H_GUESS_EVERY                  =           False
	BT_MAX_ITER                    =              25
	BT_DX_CONV                     =           1e-07
	BT_DX_RMS_CHANGE_CONV          =           1e-12
	BT_PINV_RCOND                  =           1e-06
	FRAG_MODE                      =          SINGLE
	FRAG_REF_ATOMS                 =              []
	FREEZE_INTRAFRAG               =           False
	INTERFRAG_MODE                 =           FIXED
	ADD_AUXILIARY_BONDS            =           False
	AUXILIARY_BOND_FACTOR          =             2.5
	INTERFRAG_DIST_INV             =           False
	INTERFRAG_COLLINEAR_TOL        =            0.01
	INTERFRAG_COORDS               =              []
	INTERFRAG_HESS                 =         DEFAULT
	COVALENT_CONNECT               =             1.3
	INTERFRAGMENT_CONNECT          =             1.8
	H_BOND_CONNECT                 =             4.3
	INCLUDE_OOFP                   =           False
	TEST_B                         =           False
	TEST_DERIVATIVE_B              =           False
	LINESEARCH_STEP                =             0.1
	LINESEARCH                     =           False
	SD_HESSIAN                     =             1.0
	FIX_VAL_NEAR_PI                =            1.57
	V3D_TORS_ANGLE_LIM             =           0.017
	V3D_TORS_COS_TOL               =           1e-10
	LINEAR_BEND_THRESHOLD          =            3.05
	SMALL_BEND_FIX_THRESHOLD       =            0.35
	REDUNDANT_EVAL_TOL             =           1e-10
	LINEAR_ALGEBRA_TOL             =           1e-10


2025-12-23:10:49:49,509 INFO     [psi4.optking.opt_helper:164] Molsys:

	                            ===> Fragment 1 <== 

	 Z (Atomic Numbers)          Masses                          Geom                  
	       5.000000            11.009305          0.00000000  0.00000000  1.26954614   
	       7.000000            14.003074          0.00000000  0.00000000 -0.99812521   

	 - Coordinate -           - BOHR/RAD -       - ANG/DEG -
	 R(1,2)           =         2.267671           1.200000

2025-12-23:10:49:49,519 INFO     [psi4.driver.task_planner:259] PLANNING Atomic:  keywords={'DAMPING_PERCENTAGE': 1.0, 'GEOM_MAXITER': 500, 'GUESS': 'SAP', 'MAXITER': 500, 'REFERENCE': 'UKS', 'function_kwargs': {}}
2025-12-23:10:49:49,520 INFO     [psi4.driver.driver:638] Compute gradient(): method=b3lyp, basis=cc-pvdz, molecule=default, nre=15.434335311208336
2025-12-23:10:49:49,864 INFO     [psi4.driver.driver:641] Return gradient(): -78.94821032165889
2025-12-23:10:49:49,864 INFO     [psi4.driver.driver:642] [[ 0.00000000  0.00000000 -0.32506583]
 [ 0.00000000  0.00000000  0.32507720]]
2025-12-23:10:49:49,865 INFO     [psi4.optking.molsys:944] Projected (PHP) Hessian matrix
	   1.048231

2025-12-23:10:49:49,866 INFO     [psi4.optking.opt_helper:182] 
	         Geometry (au)                                       Gradient (au)
   0.0000000000   0.0000000000   1.2695461426		   0.0000000000   0.0000000000  -0.3250658308
   0.0000000000   0.0000000000  -0.9981252079		   0.0000000000   0.0000000000   0.3250772035

2025-12-23:10:49:49,866 INFO     [psi4.optking.stepAlgorithms:929] 	Using RFO solution 1.
2025-12-23:10:49:49,866 INFO     [psi4.optking.displace:100] 	Determining Cartesian step for fragment 1.
2025-12-23:10:49:49,866 INFO     [psi4.optking.displace:415] 	Successfully converged to displaced geometry.
2025-12-23:10:49:49,866 INFO     [psi4.optking.displace:416] 	RMS(dx):  0.000e+00 	Max(dx):  0.000e+00 	RMS(dq):  0.000e+00
2025-12-23:10:49:49,866 INFO     [psi4.optking.displace:172] 

	        --- Internal Coordinate Step in ANG or DEG, aJ/ANG or AJ/DEG ---
	-------------------------------------------------------------------------------
	           Coordinate      Previous         Force          Change          New 
	           ----------      --------        ------          ------        ------
	               R(1,2)       1.20000        2.67817        0.15078       1.35078
	-------------------------------------------------------------------------------

2025-12-23:10:49:49,866 INFO     [psi4.optking.stepAlgorithms:113] 	|target step| :    0.2849366367
2025-12-23:10:49:49,866 INFO     [psi4.optking.stepAlgorithms:114] 	gradient     :   -0.3250715172
2025-12-23:10:49:49,866 INFO     [psi4.optking.stepAlgorithms:115] 	hessian      :    1.0482306732
2025-12-23:10:49:49,866 INFO     [psi4.optking.stepAlgorithms:113] 	|target step| :    0.2849366367
2025-12-23:10:49:49,866 INFO     [psi4.optking.stepAlgorithms:114] 	gradient     :   -0.3250715172
2025-12-23:10:49:49,866 INFO     [psi4.optking.stepAlgorithms:115] 	hessian      :    1.0482306732
2025-12-23:10:49:49,867 INFO     [psi4.optking.stepAlgorithms:206] 	Norm of achieved step-size    0.2849366367
2025-12-23:10:49:49,867 INFO     [psi4.optking.stepAlgorithms:208] 	Norm of achieved step-size (cart):    0.2014806280
2025-12-23:10:49:49,867 INFO     [psi4.optking.opt_helper:164] Molsys:

	                            ===> Fragment 1 <== 

	 Z (Atomic Numbers)          Masses                          Geom                  
	       5.000000            11.009305          0.00000000  0.00000000  1.41201446   
	       7.000000            14.003074          0.00000000  0.00000000 -1.14059353   

	 - Coordinate -           - BOHR/RAD -       - ANG/DEG -
	 R(1,2)           =         2.552608           1.350782

2025-12-23:10:49:49,867 INFO     [psi4.optking.convcheck:76] Performing convergence check.
2025-12-23:10:49:49,867 INFO     [psi4.optking.convcheck:282] 
	                                 ==> Convergence Check <==                                  
    
	Measures of convergence in internal coordinates in au.
    
	Criteria marked as inactive (o), active & met (*), and active & unmet ( ).

	----------------------------------------------------------------------------------------------~
	   Step    Total Energy     Delta E     Max Force     RMS Force      Max Disp      RMS Disp   ~
	----------------------------------------------------------------------------------------------~
	  Convergence Criteria     1.00e-06 *    3.00e-04 *             o    1.20e-03 *             o~
	----------------------------------------------------------------------------------------------~
	     1     -78.94821032   -7.89e+01      3.25e-01      3.25e-01 o    2.85e-01      2.85e-01 o  ~
	----------------------------------------------------------------------------------------------


2025-12-23:10:49:49,867 INFO     [psi4.optking.stepAlgorithms:296] 	Convergence check returned False
2025-12-23:10:49:49,877 INFO     [psi4.driver.task_planner:259] PLANNING Atomic:  keywords={'DAMPING_PERCENTAGE': 1.0, 'GEOM_MAXITER': 500, 'SCF__GUESS': 'READ', 'GUESS': 'SAP', 'MAXITER': 500, 'REFERENCE': 'UKS', 'function_kwargs': {}}
2025-12-23:10:49:49,879 INFO     [psi4.driver.driver:638] Compute gradient(): method=b3lyp, basis=cc-pvdz, molecule=default, nre=13.711466929018583
2025-12-23:10:49:50,211 INFO     [psi4.driver.driver:641] Return gradient(): -79.0004973675851
2025-12-23:10:49:50,211 INFO     [psi4.driver.driver:642] [[ 0.00000000  0.00000000 -0.07657553]
 [-0.00000000 -0.00000000  0.07658654]]
2025-12-23:10:49:50,213 INFO     [psi4.optking.history:269] 	Performing BFGS update.
2025-12-23:10:49:50,213 INFO     [psi4.optking.history:280] 	Using 1 previous steps for update.
2025-12-23:10:49:50,213 INFO     [psi4.optking.history:317] 	Steps to be used in Hessian update:  1

2025-12-23:10:49:50,213 INFO     [psi4.optking.history:418] 	Updated Hessian (in au) 
 	   0.872090

2025-12-23:10:49:50,213 INFO     [psi4.optking.molsys:944] Projected (PHP) Hessian matrix
	   0.872090

2025-12-23:10:49:50,213 INFO     [psi4.optking.opt_helper:182] 
	         Geometry (au)                                       Gradient (au)
   0.0000000000   0.0000000000   1.4290667045		   0.0000000000   0.0000000000  -0.0765755271
   0.0000000000   0.0000000000  -1.1235412828		  -0.0000000000  -0.0000000000   0.0765865426

2025-12-23:10:49:50,213 INFO     [psi4.optking.stepAlgorithms:368] 	Current Step Report 
 
	Current energy:       -79.0004973676
	Energy change for the previous step:
		Actual       :        -0.0522870459
		Projected    :        -0.0463123924

2025-12-23:10:49:50,213 INFO     [psi4.optking.stepAlgorithms:371] 	Energy ratio =    1.12901
2025-12-23:10:49:50,213 INFO     [psi4.optking.stepAlgorithms:399] 	Energy ratio indicates good step.
2025-12-23:10:49:50,213 INFO     [psi4.optking.stepAlgorithms:400] 	Intrafrag trust radius increased to      1.
2025-12-23:10:49:50,213 INFO     [psi4.optking.stepAlgorithms:929] 	Using RFO solution 1.
2025-12-23:10:49:50,213 INFO     [psi4.optking.displace:100] 	Determining Cartesian step for fragment 1.
2025-12-23:10:49:50,214 INFO     [psi4.optking.displace:415] 	Successfully converged to displaced geometry.
2025-12-23:10:49:50,214 INFO     [psi4.optking.displace:416] 	RMS(dx):  0.000e+00 	Max(dx):  0.000e+00 	RMS(dq):  0.000e+00
2025-12-23:10:49:50,214 INFO     [psi4.optking.displace:172] 

	        --- Internal Coordinate Step in ANG or DEG, aJ/ANG or AJ/DEG ---
	-------------------------------------------------------------------------------
	           Coordinate      Previous         Force          Change          New 
	           ----------      --------        ------          ------        ------
	               R(1,2)       1.35078        0.63093        0.04612       1.39690
	-------------------------------------------------------------------------------

2025-12-23:10:49:50,214 INFO     [psi4.optking.stepAlgorithms:113] 	|target step| :    0.0871462970
2025-12-23:10:49:50,214 INFO     [psi4.optking.stepAlgorithms:114] 	gradient     :   -0.0765810349
2025-12-23:10:49:50,214 INFO     [psi4.optking.stepAlgorithms:115] 	hessian      :    0.8720903187
2025-12-23:10:49:50,214 INFO     [psi4.optking.stepAlgorithms:113] 	|target step| :    0.0871462970
2025-12-23:10:49:50,214 INFO     [psi4.optking.stepAlgorithms:114] 	gradient     :   -0.0765810349
2025-12-23:10:49:50,214 INFO     [psi4.optking.stepAlgorithms:115] 	hessian      :    0.8720903187
2025-12-23:10:49:50,214 INFO     [psi4.optking.stepAlgorithms:206] 	Norm of achieved step-size    0.0871462970
2025-12-23:10:49:50,214 INFO     [psi4.optking.stepAlgorithms:208] 	Norm of achieved step-size (cart):    0.0616217376
2025-12-23:10:49:50,214 INFO     [psi4.optking.opt_helper:164] Molsys:

	                            ===> Fragment 1 <== 

	 Z (Atomic Numbers)          Masses                          Geom                  
	       5.000000            11.009305          0.00000000  0.00000000  1.47263985   
	       7.000000            14.003074          0.00000000  0.00000000 -1.16711443   

	 - Coordinate -           - BOHR/RAD -       - ANG/DEG -
	 R(1,2)           =         2.639754           1.396898

2025-12-23:10:49:50,214 INFO     [psi4.optking.convcheck:76] Performing convergence check.
2025-12-23:10:49:50,214 INFO     [psi4.optking.convcheck:282] 
	                                 ==> Convergence Check <==                                  
    
	Measures of convergence in internal coordinates in au.
    
	Criteria marked as inactive (o), active & met (*), and active & unmet ( ).

	----------------------------------------------------------------------------------------------
	   Step    Total Energy     Delta E     Max Force     RMS Force      Max Disp      RMS Disp   
	----------------------------------------------------------------------------------------------
	  Convergence Criteria     1.00e-06 *    3.00e-04 *             o    1.20e-03 *             o
	----------------------------------------------------------------------------------------------
	     2     -79.00049737   -5.23e-02      7.66e-02      7.66e-02 o    8.71e-02      8.71e-02 o  ~
	----------------------------------------------------------------------------------------------


2025-12-23:10:49:50,214 INFO     [psi4.optking.stepAlgorithms:296] 	Convergence check returned False
2025-12-23:10:49:50,224 INFO     [psi4.driver.task_planner:259] PLANNING Atomic:  keywords={'DAMPING_PERCENTAGE': 1.0, 'GEOM_MAXITER': 500, 'SCF__GUESS': 'READ', 'GUESS': 'SAP', 'MAXITER': 500, 'REFERENCE': 'UKS', 'function_kwargs': {}}
2025-12-23:10:49:50,226 INFO     [psi4.driver.driver:638] Compute gradient(): method=b3lyp, basis=cc-pvdz, molecule=default, nre=13.258809809900066
2025-12-23:10:49:50,518 INFO     [psi4.driver.driver:641] Return gradient(): -79.00526765337877
2025-12-23:10:49:50,519 INFO     [psi4.driver.driver:642] [[-0.00000000  0.00000000 -0.03489346]
 [ 0.00000000  0.00000000  0.03490213]]
2025-12-23:10:49:50,520 INFO     [psi4.optking.history:269] 	Performing BFGS update.
2025-12-23:10:49:50,520 INFO     [psi4.optking.history:280] 	Using 2 previous steps for update.
2025-12-23:10:49:50,520 INFO     [psi4.optking.history:317] 	Steps to be used in Hessian update:  2 1

2025-12-23:10:49:50,520 INFO     [psi4.optking.history:418] 	Updated Hessian (in au) 
 	   0.779863

2025-12-23:10:49:50,521 INFO     [psi4.optking.molsys:944] Projected (PHP) Hessian matrix
	   0.779863

2025-12-23:10:49:50,521 INFO     [psi4.optking.opt_helper:182] 
	         Geometry (au)                                       Gradient (au)
   0.0000000000   0.0000000000   1.4778551875		  -0.0000000000   0.0000000000  -0.0348934611
   0.0000000000   0.0000000000  -1.1618990967		   0.0000000000   0.0000000000   0.0349021257

2025-12-23:10:49:50,521 INFO     [psi4.optking.stepAlgorithms:368] 	Current Step Report 
 
	Current energy:       -79.0052676534
	Energy change for the previous step:
		Actual       :        -0.0047702858
		Projected    :        -0.0033368768

2025-12-23:10:49:50,521 INFO     [psi4.optking.stepAlgorithms:371] 	Energy ratio =    1.42957
2025-12-23:10:49:50,521 INFO     [psi4.optking.stepAlgorithms:929] 	Using RFO solution 1.
2025-12-23:10:49:50,521 INFO     [psi4.optking.displace:100] 	Determining Cartesian step for fragment 1.
2025-12-23:10:49:50,521 INFO     [psi4.optking.displace:415] 	Successfully converged to displaced geometry.
2025-12-23:10:49:50,521 INFO     [psi4.optking.displace:416] 	RMS(dx):  0.000e+00 	Max(dx):  0.000e+00 	RMS(dq):  0.000e+00
2025-12-23:10:49:50,521 INFO     [psi4.optking.displace:172] 

	        --- Internal Coordinate Step in ANG or DEG, aJ/ANG or AJ/DEG ---
	-------------------------------------------------------------------------------
	           Coordinate      Previous         Force          Change          New 
	           ----------      --------        ------          ------        ------
	               R(1,2)       1.39690        0.28751        0.02363       1.42053
	-------------------------------------------------------------------------------

2025-12-23:10:49:50,521 INFO     [psi4.optking.stepAlgorithms:113] 	|target step| :    0.0446593695
2025-12-23:10:49:50,521 INFO     [psi4.optking.stepAlgorithms:114] 	gradient     :   -0.0348977934
2025-12-23:10:49:50,521 INFO     [psi4.optking.stepAlgorithms:115] 	hessian      :    0.7798630291
2025-12-23:10:49:50,521 INFO     [psi4.optking.stepAlgorithms:113] 	|target step| :    0.0446593695
2025-12-23:10:49:50,521 INFO     [psi4.optking.stepAlgorithms:114] 	gradient     :   -0.0348977934
2025-12-23:10:49:50,521 INFO     [psi4.optking.stepAlgorithms:115] 	hessian      :    0.7798630291
2025-12-23:10:49:50,521 INFO     [psi4.optking.stepAlgorithms:206] 	Norm of achieved step-size    0.0446593695
2025-12-23:10:49:50,521 INFO     [psi4.optking.stepAlgorithms:208] 	Norm of achieved step-size (cart):    0.0315789430
2025-12-23:10:49:50,521 INFO     [psi4.optking.opt_helper:164] Molsys:

	                            ===> Fragment 1 <== 

	 Z (Atomic Numbers)          Masses                          Geom                  
	       5.000000            11.009305          0.00000000  0.00000000  1.50018487   
	       7.000000            14.003074          0.00000000  0.00000000 -1.18422878   

	 - Coordinate -           - BOHR/RAD -       - ANG/DEG -
	 R(1,2)           =         2.684414           1.420531

2025-12-23:10:49:50,522 INFO     [psi4.optking.convcheck:76] Performing convergence check.
2025-12-23:10:49:50,522 INFO     [psi4.optking.convcheck:282] 
	                                 ==> Convergence Check <==                                  
    
	Measures of convergence in internal coordinates in au.
    
	Criteria marked as inactive (o), active & met (*), and active & unmet ( ).

	----------------------------------------------------------------------------------------------
	   Step    Total Energy     Delta E     Max Force     RMS Force      Max Disp      RMS Disp   
	----------------------------------------------------------------------------------------------
	  Convergence Criteria     1.00e-06 *    3.00e-04 *             o    1.20e-03 *             o
	----------------------------------------------------------------------------------------------
	     3     -79.00526765   -4.77e-03      3.49e-02      3.49e-02 o    4.47e-02      4.47e-02 o  ~
	----------------------------------------------------------------------------------------------


2025-12-23:10:49:50,522 INFO     [psi4.optking.stepAlgorithms:296] 	Convergence check returned False
2025-12-23:10:49:50,533 INFO     [psi4.driver.task_planner:259] PLANNING Atomic:  keywords={'DAMPING_PERCENTAGE': 1.0, 'GEOM_MAXITER': 500, 'SCF__GUESS': 'READ', 'GUESS': 'SAP', 'MAXITER': 500, 'REFERENCE': 'UKS', 'function_kwargs': {}}
2025-12-23:10:49:50,534 INFO     [psi4.driver.driver:638] Compute gradient(): method=b3lyp, basis=cc-pvdz, molecule=default, nre=13.038229019026177
2025-12-23:10:49:50,831 INFO     [psi4.driver.driver:641] Return gradient(): -79.0064351845829
2025-12-23:10:49:50,831 INFO     [psi4.driver.driver:642] [[ 0.00000000  0.00000000 -0.01784208]
 [ 0.00000000 -0.00000000  0.01785106]]
2025-12-23:10:49:50,832 INFO     [psi4.optking.history:269] 	Performing BFGS update.
2025-12-23:10:49:50,833 INFO     [psi4.optking.history:280] 	Using 3 previous steps for update.
2025-12-23:10:49:50,833 INFO     [psi4.optking.history:317] 	Steps to be used in Hessian update:  3 2 1

2025-12-23:10:49:50,833 INFO     [psi4.optking.history:418] 	Updated Hessian (in au) 
 	   0.737206

2025-12-23:10:49:50,833 INFO     [psi4.optking.molsys:944] Projected (PHP) Hessian matrix
	   0.737206

2025-12-23:10:49:50,833 INFO     [psi4.optking.opt_helper:182] 
	         Geometry (au)                                       Gradient (au)
   0.0000000000   0.0000000000   1.5028575453		   0.0000000000   0.0000000000  -0.0178420778
   0.0000000000   0.0000000000  -1.1815561085		   0.0000000000  -0.0000000000   0.0178510550

2025-12-23:10:49:50,833 INFO     [psi4.optking.stepAlgorithms:368] 	Current Step Report 
 
	Current energy:       -79.0064351846
	Energy change for the previous step:
		Actual       :        -0.0011675312
		Projected    :        -0.0007792567

2025-12-23:10:49:50,833 INFO     [psi4.optking.stepAlgorithms:371] 	Energy ratio =    1.49826
2025-12-23:10:49:50,833 INFO     [psi4.optking.stepAlgorithms:929] 	Using RFO solution 1.
2025-12-23:10:49:50,833 INFO     [psi4.optking.displace:100] 	Determining Cartesian step for fragment 1.
2025-12-23:10:49:50,833 INFO     [psi4.optking.displace:415] 	Successfully converged to displaced geometry.
2025-12-23:10:49:50,834 INFO     [psi4.optking.displace:416] 	RMS(dx):  0.000e+00 	Max(dx):  0.000e+00 	RMS(dq):  0.000e+00
2025-12-23:10:49:50,834 INFO     [psi4.optking.displace:172] 

	        --- Internal Coordinate Step in ANG or DEG, aJ/ANG or AJ/DEG ---
	-------------------------------------------------------------------------------
	           Coordinate      Previous         Force          Change          New 
	           ----------      --------        ------          ------        ------
	               R(1,2)       1.42053        0.14703        0.01280       1.43333
	-------------------------------------------------------------------------------

2025-12-23:10:49:50,834 INFO     [psi4.optking.stepAlgorithms:113] 	|target step| :    0.0241942121
2025-12-23:10:49:50,834 INFO     [psi4.optking.stepAlgorithms:114] 	gradient     :   -0.0178465664
2025-12-23:10:49:50,834 INFO     [psi4.optking.stepAlgorithms:115] 	hessian      :    0.7372060585
2025-12-23:10:49:50,834 INFO     [psi4.optking.stepAlgorithms:113] 	|target step| :    0.0241942121
2025-12-23:10:49:50,834 INFO     [psi4.optking.stepAlgorithms:114] 	gradient     :   -0.0178465664
2025-12-23:10:49:50,834 INFO     [psi4.optking.stepAlgorithms:115] 	hessian      :    0.7372060585
2025-12-23:10:49:50,834 INFO     [psi4.optking.stepAlgorithms:206] 	Norm of achieved step-size    0.0241942121
2025-12-23:10:49:50,834 INFO     [psi4.optking.stepAlgorithms:208] 	Norm of achieved step-size (cart):    0.0171078914
2025-12-23:10:49:50,834 INFO     [psi4.optking.opt_helper:164] Molsys:

	                            ===> Fragment 1 <== 

	 Z (Atomic Numbers)          Masses                          Geom                  
	       5.000000            11.009305          0.00000000  0.00000000  1.51495465   
	       7.000000            14.003074          0.00000000  0.00000000 -1.19365321   

	 - Coordinate -           - BOHR/RAD -       - ANG/DEG -
	 R(1,2)           =         2.708608           1.433334

2025-12-23:10:49:50,834 INFO     [psi4.optking.convcheck:76] Performing convergence check.
2025-12-23:10:49:50,834 INFO     [psi4.optking.convcheck:282] 
	                                 ==> Convergence Check <==                                  
    
	Measures of convergence in internal coordinates in au.
    
	Criteria marked as inactive (o), active & met (*), and active & unmet ( ).

	----------------------------------------------------------------------------------------------
	   Step    Total Energy     Delta E     Max Force     RMS Force      Max Disp      RMS Disp   
	----------------------------------------------------------------------------------------------
	  Convergence Criteria     1.00e-06 *    3.00e-04 *             o    1.20e-03 *             o
	----------------------------------------------------------------------------------------------
	     4     -79.00643518   -1.17e-03      1.78e-02      1.78e-02 o    2.42e-02      2.42e-02 o  ~
	----------------------------------------------------------------------------------------------


2025-12-23:10:49:50,834 INFO     [psi4.optking.stepAlgorithms:296] 	Convergence check returned False
2025-12-23:10:49:50,845 INFO     [psi4.driver.task_planner:259] PLANNING Atomic:  keywords={'DAMPING_PERCENTAGE': 1.0, 'GEOM_MAXITER': 500, 'SCF__GUESS': 'READ', 'GUESS': 'SAP', 'MAXITER': 500, 'REFERENCE': 'UKS', 'function_kwargs': {}}
2025-12-23:10:49:50,846 INFO     [psi4.driver.driver:638] Compute gradient(): method=b3lyp, basis=cc-pvdz, molecule=default, nre=12.92176709696725
2025-12-23:10:49:51,133 INFO     [psi4.driver.driver:641] Return gradient(): -79.006766557874
2025-12-23:10:49:51,134 INFO     [psi4.driver.driver:642] [[-0.00000000  0.00000000 -0.00967775]
 [-0.00000000  0.00000000  0.00968738]]
2025-12-23:10:49:51,135 INFO     [psi4.optking.history:269] 	Performing BFGS update.
2025-12-23:10:49:51,135 INFO     [psi4.optking.history:280] 	Using 4 previous steps for update.
2025-12-23:10:49:51,135 INFO     [psi4.optking.history:317] 	Steps to be used in Hessian update:  4 3 2 1

2025-12-23:10:49:51,136 INFO     [psi4.optking.history:418] 	Updated Hessian (in au) 
 	   0.715271

2025-12-23:10:49:51,136 INFO     [psi4.optking.molsys:944] Projected (PHP) Hessian matrix
	   0.715271

2025-12-23:10:49:51,136 INFO     [psi4.optking.opt_helper:182] 
	         Geometry (au)                                       Gradient (au)
   0.0000000000   0.0000000000   1.5164025718		  -0.0000000000   0.0000000000  -0.0096777502
   0.0000000000   0.0000000000  -1.1922052941		  -0.0000000000   0.0000000000   0.0096873837

2025-12-23:10:49:51,136 INFO     [psi4.optking.stepAlgorithms:368] 	Current Step Report 
 
	Current energy:       -79.0067665579
	Energy change for the previous step:
		Actual       :        -0.0003313733
		Projected    :        -0.0002158918

2025-12-23:10:49:51,136 INFO     [psi4.optking.stepAlgorithms:371] 	Energy ratio =    1.53490
2025-12-23:10:49:51,136 INFO     [psi4.optking.stepAlgorithms:929] 	Using RFO solution 1.
2025-12-23:10:49:51,136 INFO     [psi4.optking.displace:100] 	Determining Cartesian step for fragment 1.
2025-12-23:10:49:51,136 INFO     [psi4.optking.displace:415] 	Successfully converged to displaced geometry.
2025-12-23:10:49:51,136 INFO     [psi4.optking.displace:416] 	RMS(dx):  0.000e+00 	Max(dx):  0.000e+00 	RMS(dq):  0.000e+00
2025-12-23:10:49:51,136 INFO     [psi4.optking.displace:172] 

	        --- Internal Coordinate Step in ANG or DEG, aJ/ANG or AJ/DEG ---
	-------------------------------------------------------------------------------
	           Coordinate      Previous         Force          Change          New 
	           ----------      --------        ------          ------        ------
	               R(1,2)       1.43333        0.07977        0.00716       1.44050
	-------------------------------------------------------------------------------

2025-12-23:10:49:51,136 INFO     [psi4.optking.stepAlgorithms:113] 	|target step| :    0.0135344477
2025-12-23:10:49:51,136 INFO     [psi4.optking.stepAlgorithms:114] 	gradient     :   -0.0096825670
2025-12-23:10:49:51,136 INFO     [psi4.optking.stepAlgorithms:115] 	hessian      :    0.7152706552
2025-12-23:10:49:51,136 INFO     [psi4.optking.stepAlgorithms:113] 	|target step| :    0.0135344477
2025-12-23:10:49:51,136 INFO     [psi4.optking.stepAlgorithms:114] 	gradient     :   -0.0096825670
2025-12-23:10:49:51,136 INFO     [psi4.optking.stepAlgorithms:115] 	hessian      :    0.7152706552
2025-12-23:10:49:51,136 INFO     [psi4.optking.stepAlgorithms:206] 	Norm of achieved step-size    0.0135344477
2025-12-23:10:49:51,136 INFO     [psi4.optking.stepAlgorithms:208] 	Norm of achieved step-size (cart):    0.0095702998
2025-12-23:10:49:51,137 INFO     [psi4.optking.opt_helper:164] Molsys:

	                            ===> Fragment 1 <== 

	 Z (Atomic Numbers)          Masses                          Geom                  
	       5.000000            11.009305          0.00000000  0.00000000  1.52316980   
	       7.000000            14.003074          0.00000000  0.00000000 -1.19897252   

	 - Coordinate -           - BOHR/RAD -       - ANG/DEG -
	 R(1,2)           =         2.722142           1.440496

2025-12-23:10:49:51,137 INFO     [psi4.optking.convcheck:76] Performing convergence check.
2025-12-23:10:49:51,137 INFO     [psi4.optking.convcheck:282] 
	                                 ==> Convergence Check <==                                  
    
	Measures of convergence in internal coordinates in au.
    
	Criteria marked as inactive (o), active & met (*), and active & unmet ( ).

	----------------------------------------------------------------------------------------------
	   Step    Total Energy     Delta E     Max Force     RMS Force      Max Disp      RMS Disp   
	----------------------------------------------------------------------------------------------
	  Convergence Criteria     1.00e-06 *    3.00e-04 *             o    1.20e-03 *             o
	----------------------------------------------------------------------------------------------
	     5     -79.00676656   -3.31e-04      9.68e-03      9.68e-03 o    1.35e-02      1.35e-02 o  ~
	----------------------------------------------------------------------------------------------


2025-12-23:10:49:51,137 INFO     [psi4.optking.stepAlgorithms:296] 	Convergence check returned False
2025-12-23:10:49:51,148 INFO     [psi4.driver.task_planner:259] PLANNING Atomic:  keywords={'DAMPING_PERCENTAGE': 1.0, 'GEOM_MAXITER': 500, 'SCF__GUESS': 'READ', 'GUESS': 'SAP', 'MAXITER': 500, 'REFERENCE': 'UKS', 'function_kwargs': {}}
2025-12-23:10:49:51,150 INFO     [psi4.driver.driver:638] Compute gradient(): method=b3lyp, basis=cc-pvdz, molecule=default, nre=12.857520279125703
2025-12-23:10:49:51,464 INFO     [psi4.driver.driver:641] Return gradient(): -79.00686842676518
2025-12-23:10:49:51,464 INFO     [psi4.driver.driver:642] [[-0.00000000  0.00000000 -0.00541834]
 [-0.00000000  0.00000000  0.00542831]]
2025-12-23:10:49:51,466 INFO     [psi4.optking.history:269] 	Performing BFGS update.
2025-12-23:10:49:51,466 INFO     [psi4.optking.history:280] 	Using 4 previous steps for update.
2025-12-23:10:49:51,466 INFO     [psi4.optking.history:317] 	Steps to be used in Hessian update:  5 4 3 2

2025-12-23:10:49:51,466 INFO     [psi4.optking.history:418] 	Updated Hessian (in au) 
 	   0.419724

2025-12-23:10:49:51,467 INFO     [psi4.optking.molsys:944] Projected (PHP) Hessian matrix
	   0.419724

2025-12-23:10:49:51,467 INFO     [psi4.optking.opt_helper:182] 
	         Geometry (au)                                       Gradient (au)
   0.0000000000   0.0000000000   1.5239797747		  -0.0000000000   0.0000000000  -0.0054183428
   0.0000000000   0.0000000000  -1.1981625389		  -0.0000000000   0.0000000000   0.0054283087

2025-12-23:10:49:51,467 INFO     [psi4.optking.stepAlgorithms:368] 	Current Step Report 
 
	Current energy:       -79.0068684268
	Energy change for the previous step:
		Actual       :        -0.0001018689
		Projected    :        -0.0000655241

2025-12-23:10:49:51,467 INFO     [psi4.optking.stepAlgorithms:371] 	Energy ratio =    1.55468
2025-12-23:10:49:51,467 INFO     [psi4.optking.stepAlgorithms:929] 	Using RFO solution 1.
2025-12-23:10:49:51,467 INFO     [psi4.optking.displace:100] 	Determining Cartesian step for fragment 1.
2025-12-23:10:49:51,467 INFO     [psi4.optking.displace:415] 	Successfully converged to displaced geometry.
2025-12-23:10:49:51,467 INFO     [psi4.optking.displace:416] 	RMS(dx):  0.000e+00 	Max(dx):  0.000e+00 	RMS(dq):  0.000e+00
2025-12-23:10:49:51,467 INFO     [psi4.optking.displace:172] 

	        --- Internal Coordinate Step in ANG or DEG, aJ/ANG or AJ/DEG ---
	-------------------------------------------------------------------------------
	           Coordinate      Previous         Force          Change          New 
	           ----------      --------        ------          ------        ------
	               R(1,2)       1.44050        0.04468        0.00684       1.44733
	-------------------------------------------------------------------------------

2025-12-23:10:49:51,467 INFO     [psi4.optking.stepAlgorithms:113] 	|target step| :    0.0129189997
2025-12-23:10:49:51,467 INFO     [psi4.optking.stepAlgorithms:114] 	gradient     :   -0.0054233258
2025-12-23:10:49:51,467 INFO     [psi4.optking.stepAlgorithms:115] 	hessian      :    0.4197244925
2025-12-23:10:49:51,467 INFO     [psi4.optking.stepAlgorithms:113] 	|target step| :    0.0129189997
2025-12-23:10:49:51,467 INFO     [psi4.optking.stepAlgorithms:114] 	gradient     :   -0.0054233258
2025-12-23:10:49:51,467 INFO     [psi4.optking.stepAlgorithms:115] 	hessian      :    0.4197244925
2025-12-23:10:49:51,467 INFO     [psi4.optking.stepAlgorithms:206] 	Norm of achieved step-size    0.0129189997
2025-12-23:10:49:51,467 INFO     [psi4.optking.stepAlgorithms:208] 	Norm of achieved step-size (cart):    0.0091351123
2025-12-23:10:49:51,468 INFO     [psi4.optking.opt_helper:164] Molsys:

	                            ===> Fragment 1 <== 

	 Z (Atomic Numbers)          Masses                          Geom                  
	       5.000000            11.009305          0.00000000  0.00000000  1.53043927   
	       7.000000            14.003074          0.00000000  0.00000000 -1.20462204   

	 - Coordinate -           - BOHR/RAD -       - ANG/DEG -
	 R(1,2)           =         2.735061           1.447332

2025-12-23:10:49:51,468 INFO     [psi4.optking.convcheck:76] Performing convergence check.
2025-12-23:10:49:51,468 INFO     [psi4.optking.convcheck:282] 
	                                 ==> Convergence Check <==                                  
    
	Measures of convergence in internal coordinates in au.
    
	Criteria marked as inactive (o), active & met (*), and active & unmet ( ).

	----------------------------------------------------------------------------------------------
	   Step    Total Energy     Delta E     Max Force     RMS Force      Max Disp      RMS Disp   
	----------------------------------------------------------------------------------------------
	  Convergence Criteria     1.00e-06 *    3.00e-04 *             o    1.20e-03 *             o
	----------------------------------------------------------------------------------------------
	     6     -79.00686843   -1.02e-04      5.42e-03      5.42e-03 o    1.29e-02      1.29e-02 o  ~
	----------------------------------------------------------------------------------------------


2025-12-23:10:49:51,468 INFO     [psi4.optking.stepAlgorithms:296] 	Convergence check returned False
2025-12-23:10:49:51,479 INFO     [psi4.driver.task_planner:259] PLANNING Atomic:  keywords={'DAMPING_PERCENTAGE': 1.0, 'GEOM_MAXITER': 500, 'SCF__GUESS': 'READ', 'GUESS': 'SAP', 'MAXITER': 500, 'REFERENCE': 'UKS', 'function_kwargs': {}}
2025-12-23:10:49:51,480 INFO     [psi4.driver.driver:638] Compute gradient(): method=b3lyp, basis=cc-pvdz, molecule=default, nre=12.796788075298021
2025-12-23:10:49:51,781 INFO     [psi4.driver.driver:641] Return gradient(): -79.00691319651116
2025-12-23:10:49:51,782 INFO     [psi4.driver.driver:642] [[-0.00000000  0.00000000 -0.00155040]
 [-0.00000000  0.00000000  0.00156060]]
2025-12-23:10:49:51,783 INFO     [psi4.optking.history:269] 	Performing BFGS update.
2025-12-23:10:49:51,783 INFO     [psi4.optking.history:280] 	Using 4 previous steps for update.
2025-12-23:10:49:51,784 INFO     [psi4.optking.history:317] 	Steps to be used in Hessian update:  6 5 4 3

2025-12-23:10:49:51,784 INFO     [psi4.optking.history:418] 	Updated Hessian (in au) 
 	   0.349841

2025-12-23:10:49:51,784 INFO     [psi4.optking.molsys:944] Projected (PHP) Hessian matrix
	   0.349841

2025-12-23:10:49:51,784 INFO     [psi4.optking.opt_helper:182] 
	         Geometry (au)                                       Gradient (au)
   0.0000000000   0.0000000000   1.5312124216		  -0.0000000000   0.0000000000  -0.0015504022
   0.0000000000   0.0000000000  -1.2038488917		  -0.0000000000   0.0000000000   0.0015606038

2025-12-23:10:49:51,784 INFO     [psi4.optking.stepAlgorithms:368] 	Current Step Report 
 
	Current energy:       -79.0069131965
	Energy change for the previous step:
		Actual       :        -0.0000447697
		Projected    :        -0.0000350320

2025-12-23:10:49:51,784 INFO     [psi4.optking.stepAlgorithms:371] 	Energy ratio =    1.27797
2025-12-23:10:49:51,784 INFO     [psi4.optking.stepAlgorithms:929] 	Using RFO solution 1.
2025-12-23:10:49:51,784 INFO     [psi4.optking.displace:100] 	Determining Cartesian step for fragment 1.
2025-12-23:10:49:51,784 INFO     [psi4.optking.displace:415] 	Successfully converged to displaced geometry.
2025-12-23:10:49:51,784 INFO     [psi4.optking.displace:416] 	RMS(dx):  0.000e+00 	Max(dx):  0.000e+00 	RMS(dq):  0.000e+00
2025-12-23:10:49:51,785 INFO     [psi4.optking.displace:172] 

	        --- Internal Coordinate Step in ANG or DEG, aJ/ANG or AJ/DEG ---
	-------------------------------------------------------------------------------
	           Coordinate      Previous         Force          Change          New 
	           ----------      --------        ------          ------        ------
	               R(1,2)       1.44733        0.01282        0.00235       1.44968
	-------------------------------------------------------------------------------

2025-12-23:10:49:51,785 INFO     [psi4.optking.stepAlgorithms:113] 	|target step| :    0.0044462284
2025-12-23:10:49:51,785 INFO     [psi4.optking.stepAlgorithms:114] 	gradient     :   -0.0015555030
2025-12-23:10:49:51,785 INFO     [psi4.optking.stepAlgorithms:115] 	hessian      :    0.3498408329
2025-12-23:10:49:51,785 INFO     [psi4.optking.stepAlgorithms:113] 	|target step| :    0.0044462284
2025-12-23:10:49:51,785 INFO     [psi4.optking.stepAlgorithms:114] 	gradient     :   -0.0015555030
2025-12-23:10:49:51,785 INFO     [psi4.optking.stepAlgorithms:115] 	hessian      :    0.3498408329
2025-12-23:10:49:51,785 INFO     [psi4.optking.stepAlgorithms:206] 	Norm of achieved step-size    0.0044462284
2025-12-23:10:49:51,785 INFO     [psi4.optking.stepAlgorithms:208] 	Norm of achieved step-size (cart):    0.0031439582
2025-12-23:10:49:51,785 INFO     [psi4.optking.opt_helper:164] Molsys:

	                            ===> Fragment 1 <== 

	 Z (Atomic Numbers)          Masses                          Geom                  
	       5.000000            11.009305          0.00000000  0.00000000  1.53343554   
	       7.000000            14.003074          0.00000000  0.00000000 -1.20607201   

	 - Coordinate -           - BOHR/RAD -       - ANG/DEG -
	 R(1,2)           =         2.739508           1.449685

2025-12-23:10:49:51,785 INFO     [psi4.optking.convcheck:76] Performing convergence check.
2025-12-23:10:49:51,785 INFO     [psi4.optking.convcheck:282] 
	                                 ==> Convergence Check <==                                  
    
	Measures of convergence in internal coordinates in au.
    
	Criteria marked as inactive (o), active & met (*), and active & unmet ( ).

	----------------------------------------------------------------------------------------------
	   Step    Total Energy     Delta E     Max Force     RMS Force      Max Disp      RMS Disp   
	----------------------------------------------------------------------------------------------
	  Convergence Criteria     1.00e-06 *    3.00e-04 *             o    1.20e-03 *             o
	----------------------------------------------------------------------------------------------
	     7     -79.00691320   -4.48e-05      1.56e-03      1.56e-03 o    4.45e-03      4.45e-03 o  ~
	----------------------------------------------------------------------------------------------


2025-12-23:10:49:51,785 INFO     [psi4.optking.stepAlgorithms:296] 	Convergence check returned False
2025-12-23:10:49:51,796 INFO     [psi4.driver.task_planner:259] PLANNING Atomic:  keywords={'DAMPING_PERCENTAGE': 1.0, 'GEOM_MAXITER': 500, 'SCF__GUESS': 'READ', 'GUESS': 'SAP', 'MAXITER': 500, 'REFERENCE': 'UKS', 'function_kwargs': {}}
2025-12-23:10:49:51,797 INFO     [psi4.driver.driver:638] Compute gradient(): method=b3lyp, basis=cc-pvdz, molecule=default, nre=12.776018852586954
2025-12-23:10:49:52,84 INFO     [psi4.driver.driver:641] Return gradient(): -79.0069172049835
2025-12-23:10:49:52,85 INFO     [psi4.driver.driver:642] [[ 0.00000000  0.00000000 -0.00026279]
 [-0.00000000  0.00000000  0.00027305]]
2025-12-23:10:49:52,86 INFO     [psi4.optking.history:269] 	Performing BFGS update.
2025-12-23:10:49:52,87 INFO     [psi4.optking.history:280] 	Using 4 previous steps for update.
2025-12-23:10:49:52,87 INFO     [psi4.optking.history:317] 	Steps to be used in Hessian update:  7 6 5 4

2025-12-23:10:49:52,87 INFO     [psi4.optking.history:418] 	Updated Hessian (in au) 
 	   0.319067

2025-12-23:10:49:52,87 INFO     [psi4.optking.molsys:944] Projected (PHP) Hessian matrix
	   0.319067

2025-12-23:10:49:52,87 INFO     [psi4.optking.opt_helper:182] 
	         Geometry (au)                                       Gradient (au)
   0.0000000000   0.0000000000   1.5337016237		   0.0000000000   0.0000000000  -0.0002627938
   0.0000000000   0.0000000000  -1.2058059181		  -0.0000000000   0.0000000000   0.0002730544

2025-12-23:10:49:52,87 INFO     [psi4.optking.stepAlgorithms:368] 	Current Step Report 
 
	Current energy:       -79.0069172050
	Energy change for the previous step:
		Actual       :        -0.0000040085
		Projected    :        -0.0000034581

2025-12-23:10:49:52,87 INFO     [psi4.optking.stepAlgorithms:371] 	Energy ratio =    1.15917
2025-12-23:10:49:52,87 INFO     [psi4.optking.stepAlgorithms:929] 	Using RFO solution 1.
2025-12-23:10:49:52,87 INFO     [psi4.optking.displace:100] 	Determining Cartesian step for fragment 1.
2025-12-23:10:49:52,88 INFO     [psi4.optking.displace:415] 	Successfully converged to displaced geometry.
2025-12-23:10:49:52,88 INFO     [psi4.optking.displace:416] 	RMS(dx):  0.000e+00 	Max(dx):  0.000e+00 	RMS(dq):  0.000e+00
2025-12-23:10:49:52,88 INFO     [psi4.optking.displace:172] 

	        --- Internal Coordinate Step in ANG or DEG, aJ/ANG or AJ/DEG ---
	-------------------------------------------------------------------------------
	           Coordinate      Previous         Force          Change          New 
	           ----------      --------        ------          ------        ------
	               R(1,2)       1.44968        0.00221        0.00044       1.45013
	-------------------------------------------------------------------------------

2025-12-23:10:49:52,88 INFO     [psi4.optking.stepAlgorithms:113] 	|target step| :    0.0008397105
2025-12-23:10:49:52,88 INFO     [psi4.optking.stepAlgorithms:114] 	gradient     :   -0.0002679241
2025-12-23:10:49:52,88 INFO     [psi4.optking.stepAlgorithms:115] 	hessian      :    0.3190670136
2025-12-23:10:49:52,88 INFO     [psi4.optking.stepAlgorithms:113] 	|target step| :    0.0008397105
2025-12-23:10:49:52,88 INFO     [psi4.optking.stepAlgorithms:114] 	gradient     :   -0.0002679241
2025-12-23:10:49:52,88 INFO     [psi4.optking.stepAlgorithms:115] 	hessian      :    0.3190670136
2025-12-23:10:49:52,88 INFO     [psi4.optking.stepAlgorithms:206] 	Norm of achieved step-size    0.0008397105
2025-12-23:10:49:52,88 INFO     [psi4.optking.stepAlgorithms:208] 	Norm of achieved step-size (cart):    0.0005937650
2025-12-23:10:49:52,88 INFO     [psi4.optking.opt_helper:164] Molsys:

	                            ===> Fragment 1 <== 

	 Z (Atomic Numbers)          Masses                          Geom                  
	       5.000000            11.009305          0.00000000  0.00000000  1.53412148   
	       7.000000            14.003074          0.00000000  0.00000000 -1.20622577   

	 - Coordinate -           - BOHR/RAD -       - ANG/DEG -
	 R(1,2)           =         2.740347           1.450129

2025-12-23:10:49:52,88 INFO     [psi4.optking.convcheck:76] Performing convergence check.
2025-12-23:10:49:52,88 INFO     [psi4.optking.convcheck:282] 
	                                 ==> Convergence Check <==                                  
    
	Measures of convergence in internal coordinates in au.
    
	Criteria marked as inactive (o), active & met (*), and active & unmet ( ).

	----------------------------------------------------------------------------------------------
	   Step    Total Energy     Delta E     Max Force     RMS Force      Max Disp      RMS Disp   
	----------------------------------------------------------------------------------------------
	  Convergence Criteria     1.00e-06 *    3.00e-04 *             o    1.20e-03 *             o
	----------------------------------------------------------------------------------------------
	     8     -79.00691720   -4.01e-06      2.68e-04 *    2.68e-04 o    8.40e-04 *    8.40e-04 o  ~
	----------------------------------------------------------------------------------------------


2025-12-23:10:49:52,88 INFO     [psi4.optking.convcheck:206] 
	                      ===> Final Convergence Report <===                     

	----------------------------------------------------------------------------
	|   Required Criteria    |  One or More Criteria  |   Alternate Criteria   |
	----------------------------------------------------------------------------
	| [x]     max_force      | [ ]       max_DE       |                        |
	|                        | [x]      max_disp      |                        |
	----------------------------------------------------------------------------


2025-12-23:10:49:52,88 INFO     [psi4.optking.stepAlgorithms:296] 	Convergence check returned True
2025-12-23:10:49:52,88 INFO     [psi4.optking.optimize:332] 	Converged in 8 steps!
2025-12-23:10:49:52,88 INFO     [psi4.optking.optimize:333] 	Final energy is    -79.0069172049835
2025-12-23:10:49:52,88 INFO     [psi4.optking.optimize:334] 	Final structure (Angstroms): 
	Fragment 1 (Ang)

	    B   0.0000000000   0.0000000000   0.8118221250
	    N   0.0000000000   0.0000000000  -0.6383071902


2025-12-23:10:49:52,89 INFO     [psi4.optking.optimize:562] 	Optimization Finished

	==> Optimization Summary <==

        
	Measures of convergence in internal coordinates in au. (Any backward steps not shown.)
        
	---------------------------------------------------------------------------------------------------------------  ~
        
	 Step         Total Energy             Delta E       MAX Force       RMS Force        MAX Disp        RMS Disp   ~
        
	---------------------------------------------------------------------------------------------------------------  ~
        
	     1     -78.948210321659    -78.948210321659      0.32507152      0.32507152      0.28493664      0.28493664  ~
	     2     -79.000497367585     -0.052287045926      0.07658103      0.07658103      0.08714630      0.08714630  ~
	     3     -79.005267653379     -0.004770285794      0.03489779      0.03489779      0.04465937      0.04465937  ~
	     4     -79.006435184583     -0.001167531204      0.01784657      0.01784657      0.02419421      0.02419421  ~
	     5     -79.006766557874     -0.000331373291      0.00968257      0.00968257      0.01353445      0.01353445  ~
	     6     -79.006868426765     -0.000101868891      0.00542333      0.00542333      0.01291900      0.01291900  ~
	     7     -79.006913196511     -0.000044769746      0.00155550      0.00155550      0.00444623      0.00444623  ~
	     8     -79.006917204983     -0.000004008472      0.00026792      0.00026792      0.00083971      0.00083971  ~
	----------------------------------------------------------------------------------------------------------------


2025-12-23:10:49:52,89 INFO     [psi4.optking.optimize:806] Preparing OptimizationResult
