2025-12-23:10:53:01,137 WARNING  [psi4.optking:38] Some dependencies such as QCElemental have not yet finished migration to pydantic v2. If issues are encountered please downgrade pydantic or upgrade QCElemental as appropriate
2025-12-23:10:53:01,295 INFO     [psi4.optking.optwrapper:234] Creating a UserComputer
2025-12-23:10:53:01,295 INFO     [psi4.optking.optwrapper:242] 
    			-----------------------------------------

    			 OPTKING 3.0: for geometry optimizations 

    			     By R.A. King, Bethel University     

    			        with contributions from          

    			    A.V. Copan, J. Cayton, A. Heide      

    			-----------------------------------------

    
2025-12-23:10:53:01,295 INFO     [psi4.optking.optwrapper:272] 
		 -- Optimization Parameters --
	GEOM_MAXITER                   =             500
	ALG_GEOM_MAXITER               =              50
	PRINT                          =               1
	OPT_TYPE                       =             MIN
	STEP_TYPE                      =             RFO
	PROGRAM                        =            PSI4
	STEEPEST_DESCENT_TYPE          =         OVERLAP
	CONJUGATE_GRADIENT_TYPE        =        FLETCHER
	OPT_COORDINATES                =        INTERNAL
	RFO_FOLLOW_ROOT                =           False
	RFO_ROOT                       =               0
	ACCEPT_SYMMETRY_BREAKING       =           False
	DYNAMIC_LVL                    =               0
	DYNAMIC_LVL_MAX                =               0
	IRC_STEP_SIZE                  =             0.2
	IRC_DIRECTION                  =         FORWARD
	IRC_POINTS                     =              20
	IRC_MODE                       =          NORMAL
	IRC_CONVERGENCE                =            -0.7
	INTRAFRAG_STEP_LIMIT           =             0.5
	INTRAFRAG_STEP_LIMIT_MIN       =           0.001
	INTRAFRAG_STEP_LIMIT_MAX       =             1.0
	INTERFRAG_STEP_LIMIT           =             0.5
	INTERFRAG_STEP_LIMIT_MIN       =           0.001
	INTERFRAG_STEP_LIMIT_MAX       =             1.0
	ENSURE_BT_CONVERGENCE          =           False
	SIMPLE_STEP_SCALING            =           False
	CONSECUTIVE_BACKSTEPS          =               0
	RFO_NORMALIZATION_MAX          =             100
	RSRFO_ALPHA_MAX                =     100000000.0
	PRINT_TRAJECTORY_XYZ_FILE      =           False
	WRITE_TRAJECTORY               =           False
	FROZEN_DISTANCE                =                
	FROZEN_BEND                    =                
	FROZEN_DIHEDRAL                =                
	FROZEN_OOFP                    =                
	FROZEN_CARTESIAN               =                
	FREEZE_ALL_DIHEDRALS           =           False
	UNFREEZE_DIHEDRALS             =                
	RANGED_DISTANCE                =                
	RANGED_BEND                    =                
	RANGED_DIHEDRAL                =                
	RANGED_OOFP                    =                
	RANGED_CARTESIAN               =                
	EXT_FORCE_DISTANCE             =                
	EXT_FORCE_BEND                 =                
	EXT_FORCE_DIHEDRAL             =                
	EXT_FORCE_OOFP                 =                
	EXT_FORCE_CARTESIAN            =                
	G_CONVERGENCE                  =           QCHEM
	MAX_FORCE_G_CONVERGENCE        =          0.0003
	RMS_FORCE_G_CONVERGENCE        =          0.0003
	MAX_ENERGY_G_CONVERGENCE       =           1e-06
	MAX_DISP_G_CONVERGENCE         =          0.0012
	RMS_DISP_G_CONVERGENCE         =          0.0012
	FLEXIBLE_G_CONVERGENCE         =           False
	HESS_UPDATE                    =            BFGS
	HESS_UPDATE_USE_LAST           =               4
	HESS_UPDATE_LIMIT              =            True
	HESS_UPDATE_LIMIT_MAX          =             1.0
	HESS_UPDATE_LIMIT_SCALE        =             0.5
	HESS_UPDATE_DEN_TOL            =           1e-07
	HESS_UPDATE_DQ_TOL             =             0.5
	CART_HESS_READ                 =           False
	HESSIAN_FILE                   =               .
	FULL_HESS_EVERY                =              -1
	INTRAFRAG_HESS                 =        SCHLEGEL
	H_GUESS_EVERY                  =           False
	BT_MAX_ITER                    =              25
	BT_DX_CONV                     =           1e-07
	BT_DX_RMS_CHANGE_CONV          =           1e-12
	BT_PINV_RCOND                  =           1e-06
	FRAG_MODE                      =          SINGLE
	FRAG_REF_ATOMS                 =              []
	FREEZE_INTRAFRAG               =           False
	INTERFRAG_MODE                 =           FIXED
	ADD_AUXILIARY_BONDS            =           False
	AUXILIARY_BOND_FACTOR          =             2.5
	INTERFRAG_DIST_INV             =           False
	INTERFRAG_COLLINEAR_TOL        =            0.01
	INTERFRAG_COORDS               =              []
	INTERFRAG_HESS                 =         DEFAULT
	COVALENT_CONNECT               =             1.3
	INTERFRAGMENT_CONNECT          =             1.8
	H_BOND_CONNECT                 =             4.3
	INCLUDE_OOFP                   =           False
	TEST_B                         =           False
	TEST_DERIVATIVE_B              =           False
	LINESEARCH_STEP                =             0.1
	LINESEARCH                     =           False
	SD_HESSIAN                     =             1.0
	FIX_VAL_NEAR_PI                =            1.57
	V3D_TORS_ANGLE_LIM             =           0.017
	V3D_TORS_COS_TOL               =           1e-10
	LINEAR_BEND_THRESHOLD          =            3.05
	SMALL_BEND_FIX_THRESHOLD       =            0.35
	REDUNDANT_EVAL_TOL             =           1e-10
	LINEAR_ALGEBRA_TOL             =           1e-10


2025-12-23:10:53:01,439 INFO     [psi4.optking.opt_helper:164] Molsys:

	                            ===> Fragment 1 <== 

	 Z (Atomic Numbers)          Masses                          Geom                  
	       5.000000            11.009305          0.00000000  0.00000000  1.67301527   
	      15.000000            30.973762          0.00000000  0.00000000 -0.59465608   

	 - Coordinate -           - BOHR/RAD -       - ANG/DEG -
	 R(1,2)           =         2.267671           1.200000

2025-12-23:10:53:01,450 INFO     [psi4.driver.task_planner:259] PLANNING Atomic:  keywords={'DAMPING_PERCENTAGE': 1.0, 'GEOM_MAXITER': 500, 'GUESS': 'SAP', 'MAXITER': 500, 'REFERENCE': 'UKS', 'function_kwargs': {}}
2025-12-23:10:53:01,452 INFO     [psi4.driver.driver:638] Compute gradient(): method=b3lyp, basis=cc-pvdz, molecule=default, nre=33.073575666875
2025-12-23:10:53:02,49 INFO     [psi4.driver.driver:641] Return gradient(): -365.20533009661904
2025-12-23:10:53:02,49 INFO     [psi4.driver.driver:642] [[-0.00000000  0.00000000 -1.18343982]
 [-0.00000000  0.00000000  1.18345141]]
2025-12-23:10:53:02,51 INFO     [psi4.optking.molsys:944] Projected (PHP) Hessian matrix
	   4.182219

2025-12-23:10:53:02,51 INFO     [psi4.optking.opt_helper:182] 
	         Geometry (au)                                       Gradient (au)
   0.0000000000   0.0000000000   1.6730152683		  -0.0000000000   0.0000000000  -1.1834398212
   0.0000000000   0.0000000000  -0.5946560822		  -0.0000000000   0.0000000000   1.1834514126

2025-12-23:10:53:02,52 INFO     [psi4.optking.stepAlgorithms:929] 	Using RFO solution 1.
2025-12-23:10:53:02,52 INFO     [psi4.optking.displace:100] 	Determining Cartesian step for fragment 1.
2025-12-23:10:53:02,52 INFO     [psi4.optking.displace:415] 	Successfully converged to displaced geometry.
2025-12-23:10:53:02,52 INFO     [psi4.optking.displace:416] 	RMS(dx):  0.000e+00 	Max(dx):  0.000e+00 	RMS(dq):  0.000e+00
2025-12-23:10:53:02,52 INFO     [psi4.optking.displace:172] 

	        --- Internal Coordinate Step in ANG or DEG, aJ/ANG or AJ/DEG ---
	-------------------------------------------------------------------------------
	           Coordinate      Previous         Force          Change          New 
	           ----------      --------        ------          ------        ------
	               R(1,2)       1.20000        9.75008        0.13936       1.33936
	-------------------------------------------------------------------------------

2025-12-23:10:53:02,52 INFO     [psi4.optking.stepAlgorithms:113] 	|target step| :    0.2633463796
2025-12-23:10:53:02,52 INFO     [psi4.optking.stepAlgorithms:114] 	gradient     :   -1.1834456169
2025-12-23:10:53:02,52 INFO     [psi4.optking.stepAlgorithms:115] 	hessian      :    4.1822185214
2025-12-23:10:53:02,52 INFO     [psi4.optking.stepAlgorithms:113] 	|target step| :    0.2633463796
2025-12-23:10:53:02,52 INFO     [psi4.optking.stepAlgorithms:114] 	gradient     :   -1.1834456169
2025-12-23:10:53:02,52 INFO     [psi4.optking.stepAlgorithms:115] 	hessian      :    4.1822185214
2025-12-23:10:53:02,52 INFO     [psi4.optking.stepAlgorithms:206] 	Norm of achieved step-size    0.2633463796
2025-12-23:10:53:02,52 INFO     [psi4.optking.stepAlgorithms:208] 	Norm of achieved step-size (cart):    0.1862140108
2025-12-23:10:53:02,52 INFO     [psi4.optking.opt_helper:164] Molsys:

	                            ===> Fragment 1 <== 

	 Z (Atomic Numbers)          Masses                          Geom                  
	       5.000000            11.009305          0.00000000  0.00000000  1.80468846   
	      15.000000            30.973762          0.00000000  0.00000000 -0.72632927   

	 - Coordinate -           - BOHR/RAD -       - ANG/DEG -
	 R(1,2)           =         2.531018           1.339357

2025-12-23:10:53:02,53 INFO     [psi4.optking.convcheck:76] Performing convergence check.
2025-12-23:10:53:02,53 INFO     [psi4.optking.convcheck:282] 
	                                 ==> Convergence Check <==                                  
    
	Measures of convergence in internal coordinates in au.
    
	Criteria marked as inactive (o), active & met (*), and active & unmet ( ).

	----------------------------------------------------------------------------------------------~
	   Step    Total Energy     Delta E     Max Force     RMS Force      Max Disp      RMS Disp   ~
	----------------------------------------------------------------------------------------------~
	  Convergence Criteria     1.00e-06 *    3.00e-04 *             o    1.20e-03 *             o~
	----------------------------------------------------------------------------------------------~
	     1    -365.20533010   -3.65e+02      1.18e+00      1.18e+00 o    2.63e-01      2.63e-01 o  ~
	----------------------------------------------------------------------------------------------


2025-12-23:10:53:02,53 INFO     [psi4.optking.stepAlgorithms:296] 	Convergence check returned False
2025-12-23:10:53:02,64 INFO     [psi4.driver.task_planner:259] PLANNING Atomic:  keywords={'DAMPING_PERCENTAGE': 1.0, 'GEOM_MAXITER': 500, 'SCF__GUESS': 'READ', 'GUESS': 'SAP', 'MAXITER': 500, 'REFERENCE': 'UKS', 'function_kwargs': {}}
2025-12-23:10:53:02,65 INFO     [psi4.driver.driver:638] Compute gradient(): method=b3lyp, basis=cc-pvdz, molecule=default, nre=29.63234872133873
2025-12-23:10:53:02,619 INFO     [psi4.driver.driver:641] Return gradient(): -365.436114622559
2025-12-23:10:53:02,619 INFO     [psi4.driver.driver:642] [[ 0.00000000 -0.00000000 -0.61729227]
 [ 0.00000000  0.00000000  0.61730613]]
2025-12-23:10:53:02,620 INFO     [psi4.optking.history:269] 	Performing BFGS update.
2025-12-23:10:53:02,620 INFO     [psi4.optking.history:280] 	Using 1 previous steps for update.
2025-12-23:10:53:02,621 INFO     [psi4.optking.history:317] 	Steps to be used in Hessian update:  1

2025-12-23:10:53:02,621 INFO     [psi4.optking.history:418] 	Updated Hessian (in au) 
 	   2.149817

2025-12-23:10:53:02,621 INFO     [psi4.optking.molsys:944] Projected (PHP) Hessian matrix
	   2.149817

2025-12-23:10:53:02,621 INFO     [psi4.optking.opt_helper:182] 
	         Geometry (au)                                       Gradient (au)
   0.0000000000   0.0000000000   1.8673037898		   0.0000000000  -0.0000000000  -0.6172922693
   0.0000000000   0.0000000000  -0.6637139403		   0.0000000000   0.0000000000   0.6173061254

2025-12-23:10:53:02,621 INFO     [psi4.optking.stepAlgorithms:368] 	Current Step Report 
 
	Current energy:      -365.4361146226
	Energy change for the previous step:
		Actual       :        -0.2307845259
		Projected    :        -0.1558280593

2025-12-23:10:53:02,621 INFO     [psi4.optking.stepAlgorithms:371] 	Energy ratio =    1.48102
2025-12-23:10:53:02,621 INFO     [psi4.optking.stepAlgorithms:399] 	Energy ratio indicates good step.
2025-12-23:10:53:02,621 INFO     [psi4.optking.stepAlgorithms:400] 	Intrafrag trust radius increased to      1.
2025-12-23:10:53:02,621 INFO     [psi4.optking.stepAlgorithms:929] 	Using RFO solution 1.
2025-12-23:10:53:02,621 INFO     [psi4.optking.displace:100] 	Determining Cartesian step for fragment 1.
2025-12-23:10:53:02,621 INFO     [psi4.optking.displace:415] 	Successfully converged to displaced geometry.
2025-12-23:10:53:02,621 INFO     [psi4.optking.displace:416] 	RMS(dx):  0.000e+00 	Max(dx):  0.000e+00 	RMS(dq):  0.000e+00
2025-12-23:10:53:02,622 INFO     [psi4.optking.displace:172] 

	        --- Internal Coordinate Step in ANG or DEG, aJ/ANG or AJ/DEG ---
	-------------------------------------------------------------------------------
	           Coordinate      Previous         Force          Change          New 
	           ----------      --------        ------          ------        ------
	               R(1,2)       1.33936        5.08576        0.14114       1.48050
	-------------------------------------------------------------------------------

2025-12-23:10:53:02,622 INFO     [psi4.optking.stepAlgorithms:113] 	|target step| :    0.2667142400
2025-12-23:10:53:02,622 INFO     [psi4.optking.stepAlgorithms:114] 	gradient     :   -0.6172991974
2025-12-23:10:53:02,622 INFO     [psi4.optking.stepAlgorithms:115] 	hessian      :    2.1498166041
2025-12-23:10:53:02,622 INFO     [psi4.optking.stepAlgorithms:113] 	|target step| :    0.2667142400
2025-12-23:10:53:02,622 INFO     [psi4.optking.stepAlgorithms:114] 	gradient     :   -0.6172991974
2025-12-23:10:53:02,622 INFO     [psi4.optking.stepAlgorithms:115] 	hessian      :    2.1498166041
2025-12-23:10:53:02,622 INFO     [psi4.optking.stepAlgorithms:206] 	Norm of achieved step-size    0.2667142400
2025-12-23:10:53:02,622 INFO     [psi4.optking.stepAlgorithms:208] 	Norm of achieved step-size (cart):    0.1885954478
2025-12-23:10:53:02,622 INFO     [psi4.optking.opt_helper:164] Molsys:

	                            ===> Fragment 1 <== 

	 Z (Atomic Numbers)          Masses                          Geom                  
	       5.000000            11.009305          0.00000000  0.00000000  2.00066091   
	      15.000000            30.973762          0.00000000  0.00000000 -0.79707106   

	 - Coordinate -           - BOHR/RAD -       - ANG/DEG -
	 R(1,2)           =         2.797732           1.480496

2025-12-23:10:53:02,622 INFO     [psi4.optking.convcheck:76] Performing convergence check.
2025-12-23:10:53:02,622 INFO     [psi4.optking.convcheck:282] 
	                                 ==> Convergence Check <==                                  
    
	Measures of convergence in internal coordinates in au.
    
	Criteria marked as inactive (o), active & met (*), and active & unmet ( ).

	----------------------------------------------------------------------------------------------
	   Step    Total Energy     Delta E     Max Force     RMS Force      Max Disp      RMS Disp   
	----------------------------------------------------------------------------------------------
	  Convergence Criteria     1.00e-06 *    3.00e-04 *             o    1.20e-03 *             o
	----------------------------------------------------------------------------------------------
	     2    -365.43611462   -2.31e-01      6.17e-01      6.17e-01 o    2.67e-01      2.67e-01 o  ~
	----------------------------------------------------------------------------------------------


2025-12-23:10:53:02,622 INFO     [psi4.optking.stepAlgorithms:296] 	Convergence check returned False
2025-12-23:10:53:02,633 INFO     [psi4.driver.task_planner:259] PLANNING Atomic:  keywords={'DAMPING_PERCENTAGE': 1.0, 'GEOM_MAXITER': 500, 'SCF__GUESS': 'READ', 'GUESS': 'SAP', 'MAXITER': 500, 'REFERENCE': 'UKS', 'function_kwargs': {}}
2025-12-23:10:53:02,634 INFO     [psi4.driver.driver:638] Compute gradient(): method=b3lyp, basis=cc-pvdz, molecule=default, nre=26.807428588253405
2025-12-23:10:53:03,241 INFO     [psi4.driver.driver:641] Return gradient(): -365.5516720862872
2025-12-23:10:53:03,241 INFO     [psi4.driver.driver:642] [[-0.00000000  0.00000000 -0.28015672]
 [ 0.00000000  0.00000000  0.28014067]]
2025-12-23:10:53:03,243 INFO     [psi4.optking.history:269] 	Performing BFGS update.
2025-12-23:10:53:03,243 INFO     [psi4.optking.history:280] 	Using 2 previous steps for update.
2025-12-23:10:53:03,243 WARNING  [psi4.optking.history:301] 	Change in internal coordinate of 5.30e-01 exceeds limit of 5.00e-01.
2025-12-23:10:53:03,243 WARNING  [psi4.optking.history:306] 	Skipping Hessian update for step 1.
2025-12-23:10:53:03,243 INFO     [psi4.optking.history:317] 	Steps to be used in Hessian update:  2

2025-12-23:10:53:03,243 INFO     [psi4.optking.history:418] 	Updated Hessian (in au) 
 	   1.264089

2025-12-23:10:53:03,243 INFO     [psi4.optking.molsys:944] Projected (PHP) Hessian matrix
	   1.264089

2025-12-23:10:53:03,243 INFO     [psi4.optking.opt_helper:182] 
	         Geometry (au)                                       Gradient (au)
   0.0000000000   0.0000000000   2.0640770109		  -0.0000000000   0.0000000000  -0.2801567158
   0.0000000000   0.0000000000  -0.7336549593		   0.0000000000   0.0000000000   0.2801406710

2025-12-23:10:53:03,244 INFO     [psi4.optking.stepAlgorithms:368] 	Current Step Report 
 
	Current energy:      -365.5516720863
	Energy change for the previous step:
		Actual       :        -0.1155574637
		Projected    :        -0.0823212432

2025-12-23:10:53:03,244 INFO     [psi4.optking.stepAlgorithms:371] 	Energy ratio =    1.40374
2025-12-23:10:53:03,244 INFO     [psi4.optking.stepAlgorithms:929] 	Using RFO solution 1.
2025-12-23:10:53:03,244 INFO     [psi4.optking.displace:100] 	Determining Cartesian step for fragment 1.
2025-12-23:10:53:03,244 INFO     [psi4.optking.displace:415] 	Successfully converged to displaced geometry.
2025-12-23:10:53:03,244 INFO     [psi4.optking.displace:416] 	RMS(dx):  0.000e+00 	Max(dx):  0.000e+00 	RMS(dq):  0.000e+00
2025-12-23:10:53:03,244 INFO     [psi4.optking.displace:172] 

	        --- Internal Coordinate Step in ANG or DEG, aJ/ANG or AJ/DEG ---
	-------------------------------------------------------------------------------
	           Coordinate      Previous         Force          Change          New 
	           ----------      --------        ------          ------        ------
	               R(1,2)       1.48050        2.30807        0.11202       1.59252
	-------------------------------------------------------------------------------

2025-12-23:10:53:03,244 INFO     [psi4.optking.stepAlgorithms:113] 	|target step| :    0.2116896472
2025-12-23:10:53:03,244 INFO     [psi4.optking.stepAlgorithms:114] 	gradient     :   -0.2801486934
2025-12-23:10:53:03,244 INFO     [psi4.optking.stepAlgorithms:115] 	hessian      :    1.2640888763
2025-12-23:10:53:03,244 INFO     [psi4.optking.stepAlgorithms:113] 	|target step| :    0.2116896472
2025-12-23:10:53:03,244 INFO     [psi4.optking.stepAlgorithms:114] 	gradient     :   -0.2801486934
2025-12-23:10:53:03,244 INFO     [psi4.optking.stepAlgorithms:115] 	hessian      :    1.2640888763
2025-12-23:10:53:03,244 INFO     [psi4.optking.stepAlgorithms:206] 	Norm of achieved step-size    0.2116896472
2025-12-23:10:53:03,244 INFO     [psi4.optking.stepAlgorithms:208] 	Norm of achieved step-size (cart):    0.1496871850
2025-12-23:10:53:03,245 INFO     [psi4.optking.opt_helper:164] Molsys:

	                            ===> Fragment 1 <== 

	 Z (Atomic Numbers)          Masses                          Geom                  
	       5.000000            11.009305          0.00000000  0.00000000  2.16992183   
	      15.000000            30.973762          0.00000000  0.00000000 -0.83949978   

	 - Coordinate -           - BOHR/RAD -       - ANG/DEG -
	 R(1,2)           =         3.009422           1.592517

2025-12-23:10:53:03,245 INFO     [psi4.optking.convcheck:76] Performing convergence check.
2025-12-23:10:53:03,245 INFO     [psi4.optking.convcheck:282] 
	                                 ==> Convergence Check <==                                  
    
	Measures of convergence in internal coordinates in au.
    
	Criteria marked as inactive (o), active & met (*), and active & unmet ( ).

	----------------------------------------------------------------------------------------------
	   Step    Total Energy     Delta E     Max Force     RMS Force      Max Disp      RMS Disp   
	----------------------------------------------------------------------------------------------
	  Convergence Criteria     1.00e-06 *    3.00e-04 *             o    1.20e-03 *             o
	----------------------------------------------------------------------------------------------
	     3    -365.55167209   -1.16e-01      2.80e-01      2.80e-01 o    2.12e-01      2.12e-01 o  ~
	----------------------------------------------------------------------------------------------


2025-12-23:10:53:03,245 INFO     [psi4.optking.stepAlgorithms:296] 	Convergence check returned False
2025-12-23:10:53:03,257 INFO     [psi4.driver.task_planner:259] PLANNING Atomic:  keywords={'DAMPING_PERCENTAGE': 1.0, 'GEOM_MAXITER': 500, 'SCF__GUESS': 'READ', 'GUESS': 'SAP', 'MAXITER': 500, 'REFERENCE': 'UKS', 'function_kwargs': {}}
2025-12-23:10:53:03,259 INFO     [psi4.driver.driver:638] Compute gradient(): method=b3lyp, basis=cc-pvdz, molecule=default, nre=24.921732324657178
2025-12-23:10:53:03,836 INFO     [psi4.driver.driver:641] Return gradient(): -365.6790848399214
2025-12-23:10:53:03,836 INFO     [psi4.driver.driver:642] [[ 0.00000000 -0.00000000 -0.19623855]
 [-0.00000000 -0.00000000  0.19621782]]
2025-12-23:10:53:03,838 INFO     [psi4.optking.history:269] 	Performing BFGS update.
2025-12-23:10:53:03,838 INFO     [psi4.optking.history:280] 	Using 3 previous steps for update.
2025-12-23:10:53:03,838 WARNING  [psi4.optking.history:301] 	Change in internal coordinate of 7.42e-01 exceeds limit of 5.00e-01.
2025-12-23:10:53:03,838 WARNING  [psi4.optking.history:306] 	Skipping Hessian update for step 1.
2025-12-23:10:53:03,838 INFO     [psi4.optking.history:317] 	Steps to be used in Hessian update:  3 2

2025-12-23:10:53:03,838 INFO     [psi4.optking.history:418] 	Updated Hessian (in au) 
 	   0.880158

2025-12-23:10:53:03,838 INFO     [psi4.optking.molsys:944] Projected (PHP) Hessian matrix
	   0.880158

2025-12-23:10:53:03,838 INFO     [psi4.optking.opt_helper:182] 
	         Geometry (au)                                       Gradient (au)
   0.0000000000   0.0000000000   2.2202548502		   0.0000000000  -0.0000000000  -0.1962385478
   0.0000000000   0.0000000000  -0.7891667672		  -0.0000000000  -0.0000000000   0.1962178153

2025-12-23:10:53:03,839 INFO     [psi4.optking.stepAlgorithms:368] 	Current Step Report 
 
	Current energy:      -365.6790848399
	Energy change for the previous step:
		Actual       :        -0.1274127536
		Projected    :        -0.0296522890

2025-12-23:10:53:03,839 INFO     [psi4.optking.stepAlgorithms:371] 	Energy ratio =    4.29689
2025-12-23:10:53:03,839 INFO     [psi4.optking.stepAlgorithms:929] 	Using RFO solution 1.
2025-12-23:10:53:03,839 INFO     [psi4.optking.displace:100] 	Determining Cartesian step for fragment 1.
2025-12-23:10:53:03,839 INFO     [psi4.optking.displace:415] 	Successfully converged to displaced geometry.
2025-12-23:10:53:03,839 INFO     [psi4.optking.displace:416] 	RMS(dx):  0.000e+00 	Max(dx):  0.000e+00 	RMS(dq):  0.000e+00
2025-12-23:10:53:03,839 INFO     [psi4.optking.displace:172] 

	        --- Internal Coordinate Step in ANG or DEG, aJ/ANG or AJ/DEG ---
	-------------------------------------------------------------------------------
	           Coordinate      Previous         Force          Change          New 
	           ----------      --------        ------          ------        ------
	               R(1,2)       1.59252        1.61667        0.11263       1.70515
	-------------------------------------------------------------------------------

2025-12-23:10:53:03,839 INFO     [psi4.optking.stepAlgorithms:113] 	|target step| :    0.2128462708
2025-12-23:10:53:03,839 INFO     [psi4.optking.stepAlgorithms:114] 	gradient     :   -0.1962281816
2025-12-23:10:53:03,839 INFO     [psi4.optking.stepAlgorithms:115] 	hessian      :    0.8801580152
2025-12-23:10:53:03,839 INFO     [psi4.optking.stepAlgorithms:113] 	|target step| :    0.2128462708
2025-12-23:10:53:03,839 INFO     [psi4.optking.stepAlgorithms:114] 	gradient     :   -0.1962281816
2025-12-23:10:53:03,839 INFO     [psi4.optking.stepAlgorithms:115] 	hessian      :    0.8801580152
2025-12-23:10:53:03,839 INFO     [psi4.optking.stepAlgorithms:206] 	Norm of achieved step-size    0.2128462708
2025-12-23:10:53:03,839 INFO     [psi4.optking.stepAlgorithms:208] 	Norm of achieved step-size (cart):    0.1505050415
2025-12-23:10:53:03,839 INFO     [psi4.optking.opt_helper:164] Molsys:

	                            ===> Fragment 1 <== 

	 Z (Atomic Numbers)          Masses                          Geom                  
	       5.000000            11.009305          0.00000000  0.00000000  2.32667799   
	      15.000000            30.973762          0.00000000  0.00000000 -0.89558990   

	 - Coordinate -           - BOHR/RAD -       - ANG/DEG -
	 R(1,2)           =         3.222268           1.705151

2025-12-23:10:53:03,840 INFO     [psi4.optking.convcheck:76] Performing convergence check.
2025-12-23:10:53:03,840 INFO     [psi4.optking.convcheck:282] 
	                                 ==> Convergence Check <==                                  
    
	Measures of convergence in internal coordinates in au.
    
	Criteria marked as inactive (o), active & met (*), and active & unmet ( ).

	----------------------------------------------------------------------------------------------
	   Step    Total Energy     Delta E     Max Force     RMS Force      Max Disp      RMS Disp   
	----------------------------------------------------------------------------------------------
	  Convergence Criteria     1.00e-06 *    3.00e-04 *             o    1.20e-03 *             o
	----------------------------------------------------------------------------------------------
	     4    -365.67908484   -1.27e-01      1.96e-01      1.96e-01 o    2.13e-01      2.13e-01 o  ~
	----------------------------------------------------------------------------------------------


2025-12-23:10:53:03,840 INFO     [psi4.optking.stepAlgorithms:296] 	Convergence check returned False
2025-12-23:10:53:03,851 INFO     [psi4.driver.task_planner:259] PLANNING Atomic:  keywords={'DAMPING_PERCENTAGE': 1.0, 'GEOM_MAXITER': 500, 'SCF__GUESS': 'READ', 'GUESS': 'SAP', 'MAXITER': 500, 'REFERENCE': 'UKS', 'function_kwargs': {}}
2025-12-23:10:53:03,852 INFO     [psi4.driver.driver:638] Compute gradient(): method=b3lyp, basis=cc-pvdz, molecule=default, nre=23.27553220353948
2025-12-23:10:53:04,422 INFO     [psi4.driver.driver:641] Return gradient(): -365.7082232293792
2025-12-23:10:53:04,422 INFO     [psi4.driver.driver:642] [[ 0.00000000  0.00000000 -0.08660664]
 [ 0.00000000 -0.00000000  0.08659106]]
2025-12-23:10:53:04,424 INFO     [psi4.optking.history:269] 	Performing BFGS update.
2025-12-23:10:53:04,424 INFO     [psi4.optking.history:280] 	Using 4 previous steps for update.
2025-12-23:10:53:04,424 WARNING  [psi4.optking.history:301] 	Change in internal coordinate of 6.91e-01 exceeds limit of 5.00e-01.
2025-12-23:10:53:04,424 WARNING  [psi4.optking.history:306] 	Skipping Hessian update for step 2.
2025-12-23:10:53:04,424 WARNING  [psi4.optking.history:301] 	Change in internal coordinate of 9.55e-01 exceeds limit of 5.00e-01.
2025-12-23:10:53:04,424 WARNING  [psi4.optking.history:306] 	Skipping Hessian update for step 1.
2025-12-23:10:53:04,424 INFO     [psi4.optking.history:317] 	Steps to be used in Hessian update:  4 3

2025-12-23:10:53:04,425 INFO     [psi4.optking.history:418] 	Updated Hessian (in au) 
 	   0.455909

2025-12-23:10:53:04,425 INFO     [psi4.optking.molsys:944] Projected (PHP) Hessian matrix
	   0.455909

2025-12-23:10:53:04,425 INFO     [psi4.optking.opt_helper:182] 
	         Geometry (au)                                       Gradient (au)
   0.0000000000   0.0000000000   2.3772860094		   0.0000000000   0.0000000000  -0.0866066379
   0.0000000000   0.0000000000  -0.8449818788		   0.0000000000  -0.0000000000   0.0865910632

2025-12-23:10:53:04,425 INFO     [psi4.optking.stepAlgorithms:368] 	Current Step Report 
 
	Current energy:      -365.7082232294
	Energy change for the previous step:
		Actual       :        -0.0291383895
		Projected    :        -0.0208832183

2025-12-23:10:53:04,425 INFO     [psi4.optking.stepAlgorithms:371] 	Energy ratio =    1.39530
2025-12-23:10:53:04,425 INFO     [psi4.optking.stepAlgorithms:929] 	Using RFO solution 1.
2025-12-23:10:53:04,425 INFO     [psi4.optking.displace:100] 	Determining Cartesian step for fragment 1.
2025-12-23:10:53:04,425 INFO     [psi4.optking.displace:415] 	Successfully converged to displaced geometry.
2025-12-23:10:53:04,425 INFO     [psi4.optking.displace:416] 	RMS(dx):  0.000e+00 	Max(dx):  0.000e+00 	RMS(dq):  0.000e+00
2025-12-23:10:53:04,425 INFO     [psi4.optking.displace:172] 

	        --- Internal Coordinate Step in ANG or DEG, aJ/ANG or AJ/DEG ---
	-------------------------------------------------------------------------------
	           Coordinate      Previous         Force          Change          New 
	           ----------      --------        ------          ------        ------
	               R(1,2)       1.70515        0.71346        0.09713       1.80228
	-------------------------------------------------------------------------------

2025-12-23:10:53:04,425 INFO     [psi4.optking.stepAlgorithms:113] 	|target step| :    0.1835482453
2025-12-23:10:53:04,425 INFO     [psi4.optking.stepAlgorithms:114] 	gradient     :   -0.0865988506
2025-12-23:10:53:04,425 INFO     [psi4.optking.stepAlgorithms:115] 	hessian      :    0.4559092285
2025-12-23:10:53:04,425 INFO     [psi4.optking.stepAlgorithms:113] 	|target step| :    0.1835482453
2025-12-23:10:53:04,425 INFO     [psi4.optking.stepAlgorithms:114] 	gradient     :   -0.0865988506
2025-12-23:10:53:04,425 INFO     [psi4.optking.stepAlgorithms:115] 	hessian      :    0.4559092285
2025-12-23:10:53:04,425 INFO     [psi4.optking.stepAlgorithms:206] 	Norm of achieved step-size    0.1835482453
2025-12-23:10:53:04,425 INFO     [psi4.optking.stepAlgorithms:208] 	Norm of achieved step-size (cart):    0.1297882089
2025-12-23:10:53:04,426 INFO     [psi4.optking.opt_helper:164] Molsys:

	                            ===> Fragment 1 <== 

	 Z (Atomic Numbers)          Masses                          Geom                  
	       5.000000            11.009305          0.00000000  0.00000000  2.46906013   
	      15.000000            30.973762          0.00000000  0.00000000 -0.93675600   

	 - Coordinate -           - BOHR/RAD -       - ANG/DEG -
	 R(1,2)           =         3.405816           1.802280

2025-12-23:10:53:04,426 INFO     [psi4.optking.convcheck:76] Performing convergence check.
2025-12-23:10:53:04,426 INFO     [psi4.optking.convcheck:282] 
	                                 ==> Convergence Check <==                                  
    
	Measures of convergence in internal coordinates in au.
    
	Criteria marked as inactive (o), active & met (*), and active & unmet ( ).

	----------------------------------------------------------------------------------------------
	   Step    Total Energy     Delta E     Max Force     RMS Force      Max Disp      RMS Disp   
	----------------------------------------------------------------------------------------------
	  Convergence Criteria     1.00e-06 *    3.00e-04 *             o    1.20e-03 *             o
	----------------------------------------------------------------------------------------------
	     5    -365.70822323   -2.91e-02      8.66e-02      8.66e-02 o    1.84e-01      1.84e-01 o  ~
	----------------------------------------------------------------------------------------------


2025-12-23:10:53:04,426 INFO     [psi4.optking.stepAlgorithms:296] 	Convergence check returned False
2025-12-23:10:53:04,437 INFO     [psi4.driver.task_planner:259] PLANNING Atomic:  keywords={'DAMPING_PERCENTAGE': 1.0, 'GEOM_MAXITER': 500, 'SCF__GUESS': 'READ', 'GUESS': 'SAP', 'MAXITER': 500, 'REFERENCE': 'UKS', 'function_kwargs': {}}
2025-12-23:10:53:04,438 INFO     [psi4.driver.driver:638] Compute gradient(): method=b3lyp, basis=cc-pvdz, molecule=default, nre=22.021153538918337
2025-12-23:10:53:04,974 INFO     [psi4.driver.driver:641] Return gradient(): -365.71835781475966
2025-12-23:10:53:04,974 INFO     [psi4.driver.driver:642] [[ 0.00000000  0.00000000 -0.02838319]
 [ 0.00000000  0.00000000  0.02837210]]
2025-12-23:10:53:04,976 INFO     [psi4.optking.history:269] 	Performing BFGS update.
2025-12-23:10:53:04,976 INFO     [psi4.optking.history:280] 	Using 4 previous steps for update.
2025-12-23:10:53:04,976 WARNING  [psi4.optking.history:301] 	Change in internal coordinate of 6.08e-01 exceeds limit of 5.00e-01.
2025-12-23:10:53:04,976 WARNING  [psi4.optking.history:306] 	Skipping Hessian update for step 3.
2025-12-23:10:53:04,976 WARNING  [psi4.optking.history:301] 	Change in internal coordinate of 8.75e-01 exceeds limit of 5.00e-01.
2025-12-23:10:53:04,976 WARNING  [psi4.optking.history:306] 	Skipping Hessian update for step 2.
2025-12-23:10:53:04,976 WARNING  [psi4.optking.history:301] 	Change in internal coordinate of 1.14e+00 exceeds limit of 5.00e-01.
2025-12-23:10:53:04,976 WARNING  [psi4.optking.history:306] 	Skipping Hessian update for step 1.
2025-12-23:10:53:04,976 INFO     [psi4.optking.history:317] 	Steps to be used in Hessian update:  5 4

2025-12-23:10:53:04,976 INFO     [psi4.optking.history:418] 	Updated Hessian (in au) 
 	   0.423443

2025-12-23:10:53:04,976 INFO     [psi4.optking.molsys:944] Projected (PHP) Hessian matrix
	   0.423443

2025-12-23:10:53:04,976 INFO     [psi4.optking.opt_helper:182] 
	         Geometry (au)                                       Gradient (au)
   0.0000000000   0.0000000000   2.5127020241		   0.0000000000   0.0000000000  -0.0283831907
   0.0000000000   0.0000000000  -0.8931141094		   0.0000000000   0.0000000000   0.0283720970

2025-12-23:10:53:04,976 INFO     [psi4.optking.stepAlgorithms:368] 	Current Step Report 
 
	Current energy:      -365.7183578148
	Energy change for the previous step:
		Actual       :        -0.0101345854
		Projected    :        -0.0079475335

2025-12-23:10:53:04,976 INFO     [psi4.optking.stepAlgorithms:371] 	Energy ratio =    1.27519
2025-12-23:10:53:04,977 INFO     [psi4.optking.stepAlgorithms:929] 	Using RFO solution 1.
2025-12-23:10:53:04,977 INFO     [psi4.optking.displace:100] 	Determining Cartesian step for fragment 1.
2025-12-23:10:53:04,977 INFO     [psi4.optking.displace:415] 	Successfully converged to displaced geometry.
2025-12-23:10:53:04,977 INFO     [psi4.optking.displace:416] 	RMS(dx):  1.282e-16 	Max(dx):  2.220e-16 	RMS(dq):  0.000e+00
2025-12-23:10:53:04,977 INFO     [psi4.optking.displace:172] 

	        --- Internal Coordinate Step in ANG or DEG, aJ/ANG or AJ/DEG ---
	-------------------------------------------------------------------------------
	           Coordinate      Previous         Force          Change          New 
	           ----------      --------        ------          ------        ------
	               R(1,2)       1.80228        0.23380        0.03531       1.83759
	-------------------------------------------------------------------------------

2025-12-23:10:53:04,977 INFO     [psi4.optking.stepAlgorithms:113] 	|target step| :    0.0667181110
2025-12-23:10:53:04,977 INFO     [psi4.optking.stepAlgorithms:114] 	gradient     :   -0.0283776438
2025-12-23:10:53:04,977 INFO     [psi4.optking.stepAlgorithms:115] 	hessian      :    0.4234431378
2025-12-23:10:53:04,977 INFO     [psi4.optking.stepAlgorithms:113] 	|target step| :    0.0667181110
2025-12-23:10:53:04,977 INFO     [psi4.optking.stepAlgorithms:114] 	gradient     :   -0.0283776438
2025-12-23:10:53:04,977 INFO     [psi4.optking.stepAlgorithms:115] 	hessian      :    0.4234431378
2025-12-23:10:53:04,977 INFO     [psi4.optking.stepAlgorithms:206] 	Norm of achieved step-size    0.0667181110
2025-12-23:10:53:04,977 INFO     [psi4.optking.stepAlgorithms:208] 	Norm of achieved step-size (cart):    0.0471768287
2025-12-23:10:53:04,977 INFO     [psi4.optking.opt_helper:164] Molsys:

	                            ===> Fragment 1 <== 

	 Z (Atomic Numbers)          Masses                          Geom                  
	       5.000000            11.009305          0.00000000  0.00000000  2.54606108   
	      15.000000            30.973762          0.00000000  0.00000000 -0.92647316   

	 - Coordinate -           - BOHR/RAD -       - ANG/DEG -
	 R(1,2)           =         3.472534           1.837586

2025-12-23:10:53:04,977 INFO     [psi4.optking.convcheck:76] Performing convergence check.
2025-12-23:10:53:04,977 INFO     [psi4.optking.convcheck:282] 
	                                 ==> Convergence Check <==                                  
    
	Measures of convergence in internal coordinates in au.
    
	Criteria marked as inactive (o), active & met (*), and active & unmet ( ).

	----------------------------------------------------------------------------------------------
	   Step    Total Energy     Delta E     Max Force     RMS Force      Max Disp      RMS Disp   
	----------------------------------------------------------------------------------------------
	  Convergence Criteria     1.00e-06 *    3.00e-04 *             o    1.20e-03 *             o
	----------------------------------------------------------------------------------------------
	     6    -365.71835781   -1.01e-02      2.84e-02      2.84e-02 o    6.67e-02      6.67e-02 o  ~
	----------------------------------------------------------------------------------------------


2025-12-23:10:53:04,977 INFO     [psi4.optking.stepAlgorithms:296] 	Convergence check returned False
2025-12-23:10:53:04,988 INFO     [psi4.driver.task_planner:259] PLANNING Atomic:  keywords={'DAMPING_PERCENTAGE': 1.0, 'GEOM_MAXITER': 500, 'SCF__GUESS': 'READ', 'GUESS': 'SAP', 'MAXITER': 500, 'REFERENCE': 'UKS', 'function_kwargs': {}}
2025-12-23:10:53:04,989 INFO     [psi4.driver.driver:638] Compute gradient(): method=b3lyp, basis=cc-pvdz, molecule=default, nre=21.59805914670914
2025-12-23:10:53:05,481 INFO     [psi4.driver.driver:641] Return gradient(): -365.7197334536678
2025-12-23:10:53:05,481 INFO     [psi4.driver.driver:642] [[ 0.00000000  0.00000000 -0.01333309]
 [-0.00000000  0.00000000  0.01332493]]
2025-12-23:10:53:05,483 INFO     [psi4.optking.history:269] 	Performing BFGS update.
2025-12-23:10:53:05,483 INFO     [psi4.optking.history:280] 	Using 4 previous steps for update.
2025-12-23:10:53:05,483 WARNING  [psi4.optking.history:301] 	Change in internal coordinate of 6.75e-01 exceeds limit of 5.00e-01.
2025-12-23:10:53:05,483 WARNING  [psi4.optking.history:306] 	Skipping Hessian update for step 3.
2025-12-23:10:53:05,483 WARNING  [psi4.optking.history:301] 	Change in internal coordinate of 9.42e-01 exceeds limit of 5.00e-01.
2025-12-23:10:53:05,483 WARNING  [psi4.optking.history:306] 	Skipping Hessian update for step 2.
2025-12-23:10:53:05,483 WARNING  [psi4.optking.history:301] 	Change in internal coordinate of 1.20e+00 exceeds limit of 5.00e-01.
2025-12-23:10:53:05,483 WARNING  [psi4.optking.history:306] 	Skipping Hessian update for step 1.
2025-12-23:10:53:05,483 INFO     [psi4.optking.history:317] 	Steps to be used in Hessian update:  6 5 4

2025-12-23:10:53:05,483 INFO     [psi4.optking.history:418] 	Updated Hessian (in au) 
 	   0.394935

2025-12-23:10:53:05,484 INFO     [psi4.optking.molsys:944] Projected (PHP) Hessian matrix
	   0.394935

2025-12-23:10:53:05,484 INFO     [psi4.optking.opt_helper:182] 
	         Geometry (au)                                       Gradient (au)
   0.0000000000   0.0000000000   2.5619245088		   0.0000000000   0.0000000000  -0.0133330945
   0.0000000000   0.0000000000  -0.9106097357		  -0.0000000000   0.0000000000   0.0133249254

2025-12-23:10:53:05,484 INFO     [psi4.optking.stepAlgorithms:368] 	Current Step Report 
 
	Current energy:      -365.7197334537
	Energy change for the previous step:
		Actual       :        -0.0013756389
		Projected    :        -0.0009466514

2025-12-23:10:53:05,484 INFO     [psi4.optking.stepAlgorithms:371] 	Energy ratio =    1.45316
2025-12-23:10:53:05,484 INFO     [psi4.optking.stepAlgorithms:929] 	Using RFO solution 1.
2025-12-23:10:53:05,484 INFO     [psi4.optking.displace:100] 	Determining Cartesian step for fragment 1.
2025-12-23:10:53:05,484 INFO     [psi4.optking.displace:415] 	Successfully converged to displaced geometry.
2025-12-23:10:53:05,484 INFO     [psi4.optking.displace:416] 	RMS(dx):  1.282e-16 	Max(dx):  2.220e-16 	RMS(dq):  4.441e-16
2025-12-23:10:53:05,484 INFO     [psi4.optking.displace:172] 

	        --- Internal Coordinate Step in ANG or DEG, aJ/ANG or AJ/DEG ---
	-------------------------------------------------------------------------------
	           Coordinate      Previous         Force          Change          New 
	           ----------      --------        ------          ------        ------
	               R(1,2)       1.83759        0.10981        0.01784       1.85543
	-------------------------------------------------------------------------------

2025-12-23:10:53:05,484 INFO     [psi4.optking.stepAlgorithms:113] 	|target step| :    0.0337115664
2025-12-23:10:53:05,484 INFO     [psi4.optking.stepAlgorithms:114] 	gradient     :   -0.0133290099
2025-12-23:10:53:05,484 INFO     [psi4.optking.stepAlgorithms:115] 	hessian      :    0.3949345385
2025-12-23:10:53:05,484 INFO     [psi4.optking.stepAlgorithms:113] 	|target step| :    0.0337115664
2025-12-23:10:53:05,484 INFO     [psi4.optking.stepAlgorithms:114] 	gradient     :   -0.0133290099
2025-12-23:10:53:05,484 INFO     [psi4.optking.stepAlgorithms:115] 	hessian      :    0.3949345385
2025-12-23:10:53:05,484 INFO     [psi4.optking.stepAlgorithms:206] 	Norm of achieved step-size    0.0337115664
2025-12-23:10:53:05,484 INFO     [psi4.optking.stepAlgorithms:208] 	Norm of achieved step-size (cart):    0.0238376772
2025-12-23:10:53:05,485 INFO     [psi4.optking.opt_helper:164] Molsys:

	                            ===> Fragment 1 <== 

	 Z (Atomic Numbers)          Masses                          Geom                  
	       5.000000            11.009305          0.00000000  0.00000000  2.57878029   
	      15.000000            30.973762          0.00000000  0.00000000 -0.92746552   

	 - Coordinate -           - BOHR/RAD -       - ANG/DEG -
	 R(1,2)           =         3.506246           1.855425

2025-12-23:10:53:05,485 INFO     [psi4.optking.convcheck:76] Performing convergence check.
2025-12-23:10:53:05,485 INFO     [psi4.optking.convcheck:282] 
	                                 ==> Convergence Check <==                                  
    
	Measures of convergence in internal coordinates in au.
    
	Criteria marked as inactive (o), active & met (*), and active & unmet ( ).

	----------------------------------------------------------------------------------------------
	   Step    Total Energy     Delta E     Max Force     RMS Force      Max Disp      RMS Disp   
	----------------------------------------------------------------------------------------------
	  Convergence Criteria     1.00e-06 *    3.00e-04 *             o    1.20e-03 *             o
	----------------------------------------------------------------------------------------------
	     7    -365.71973345   -1.38e-03      1.33e-02      1.33e-02 o    3.37e-02      3.37e-02 o  ~
	----------------------------------------------------------------------------------------------


2025-12-23:10:53:05,485 INFO     [psi4.optking.stepAlgorithms:296] 	Convergence check returned False
2025-12-23:10:53:05,496 INFO     [psi4.driver.task_planner:259] PLANNING Atomic:  keywords={'DAMPING_PERCENTAGE': 1.0, 'GEOM_MAXITER': 500, 'SCF__GUESS': 'READ', 'GUESS': 'SAP', 'MAXITER': 500, 'REFERENCE': 'UKS', 'function_kwargs': {}}
2025-12-23:10:53:05,497 INFO     [psi4.driver.driver:638] Compute gradient(): method=b3lyp, basis=cc-pvdz, molecule=default, nre=21.39039988829788
2025-12-23:10:53:05,996 INFO     [psi4.driver.driver:641] Return gradient(): -365.7200700422347
2025-12-23:10:53:05,996 INFO     [psi4.driver.driver:642] [[ 0.00000000  0.00000000 -0.00675351]
 [-0.00000000 -0.00000000  0.00674542]]
2025-12-23:10:53:05,998 INFO     [psi4.optking.history:269] 	Performing BFGS update.
2025-12-23:10:53:05,998 INFO     [psi4.optking.history:280] 	Using 4 previous steps for update.
2025-12-23:10:53:05,998 INFO     [psi4.optking.history:317] 	Steps to be used in Hessian update:  7 6 5 4

2025-12-23:10:53:05,998 INFO     [psi4.optking.history:418] 	Updated Hessian (in au) 
 	   0.381380

2025-12-23:10:53:05,998 INFO     [psi4.optking.molsys:944] Projected (PHP) Hessian matrix
	   0.381380

2025-12-23:10:53:05,998 INFO     [psi4.optking.opt_helper:182] 
	         Geometry (au)                                       Gradient (au)
   0.0000000000   0.0000000000   2.5867958223		   0.0000000000   0.0000000000  -0.0067535134
   0.0000000000   0.0000000000  -0.9194499885		  -0.0000000000  -0.0000000000   0.0067454232

2025-12-23:10:53:05,998 INFO     [psi4.optking.stepAlgorithms:368] 	Current Step Report 
 
	Current energy:      -365.7200700422
	Energy change for the previous step:
		Actual       :        -0.0003365886
		Projected    :        -0.0002246709

2025-12-23:10:53:05,998 INFO     [psi4.optking.stepAlgorithms:371] 	Energy ratio =    1.49814
2025-12-23:10:53:05,999 INFO     [psi4.optking.stepAlgorithms:929] 	Using RFO solution 1.
2025-12-23:10:53:05,999 INFO     [psi4.optking.displace:100] 	Determining Cartesian step for fragment 1.
2025-12-23:10:53:05,999 INFO     [psi4.optking.displace:415] 	Successfully converged to displaced geometry.
2025-12-23:10:53:05,999 INFO     [psi4.optking.displace:416] 	RMS(dx):  1.282e-16 	Max(dx):  2.220e-16 	RMS(dq):  0.000e+00
2025-12-23:10:53:05,999 INFO     [psi4.optking.displace:172] 

	        --- Internal Coordinate Step in ANG or DEG, aJ/ANG or AJ/DEG ---
	-------------------------------------------------------------------------------
	           Coordinate      Previous         Force          Change          New 
	           ----------      --------        ------          ------        ------
	               R(1,2)       1.85543        0.05561        0.00936       1.86479
	-------------------------------------------------------------------------------

2025-12-23:10:53:05,999 INFO     [psi4.optking.stepAlgorithms:113] 	|target step| :    0.0176919585
2025-12-23:10:53:05,999 INFO     [psi4.optking.stepAlgorithms:114] 	gradient     :   -0.0067494683
2025-12-23:10:53:05,999 INFO     [psi4.optking.stepAlgorithms:115] 	hessian      :    0.3813798035
2025-12-23:10:53:05,999 INFO     [psi4.optking.stepAlgorithms:113] 	|target step| :    0.0176919585
2025-12-23:10:53:05,999 INFO     [psi4.optking.stepAlgorithms:114] 	gradient     :   -0.0067494683
2025-12-23:10:53:05,999 INFO     [psi4.optking.stepAlgorithms:115] 	hessian      :    0.3813798035
2025-12-23:10:53:05,999 INFO     [psi4.optking.stepAlgorithms:206] 	Norm of achieved step-size    0.0176919585
2025-12-23:10:53:05,999 INFO     [psi4.optking.stepAlgorithms:208] 	Norm of achieved step-size (cart):    0.0125101039
2025-12-23:10:53:05,999 INFO     [psi4.optking.opt_helper:164] Molsys:

	                            ===> Fragment 1 <== 

	 Z (Atomic Numbers)          Masses                          Geom                  
	       5.000000            11.009305          0.00000000  0.00000000  2.59564180   
	      15.000000            30.973762          0.00000000  0.00000000 -0.92829597   

	 - Coordinate -           - BOHR/RAD -       - ANG/DEG -
	 R(1,2)           =         3.523938           1.864788

2025-12-23:10:53:06,0 INFO     [psi4.optking.convcheck:76] Performing convergence check.
2025-12-23:10:53:06,0 INFO     [psi4.optking.convcheck:282] 
	                                 ==> Convergence Check <==                                  
    
	Measures of convergence in internal coordinates in au.
    
	Criteria marked as inactive (o), active & met (*), and active & unmet ( ).

	----------------------------------------------------------------------------------------------
	   Step    Total Energy     Delta E     Max Force     RMS Force      Max Disp      RMS Disp   
	----------------------------------------------------------------------------------------------
	  Convergence Criteria     1.00e-06 *    3.00e-04 *             o    1.20e-03 *             o
	----------------------------------------------------------------------------------------------
	     8    -365.72007004   -3.37e-04      6.75e-03      6.75e-03 o    1.77e-02      1.77e-02 o  ~
	----------------------------------------------------------------------------------------------


2025-12-23:10:53:06,0 INFO     [psi4.optking.stepAlgorithms:296] 	Convergence check returned False
2025-12-23:10:53:06,11 INFO     [psi4.driver.task_planner:259] PLANNING Atomic:  keywords={'DAMPING_PERCENTAGE': 1.0, 'GEOM_MAXITER': 500, 'SCF__GUESS': 'READ', 'GUESS': 'SAP', 'MAXITER': 500, 'REFERENCE': 'UKS', 'function_kwargs': {}}
2025-12-23:10:53:06,12 INFO     [psi4.driver.driver:638] Compute gradient(): method=b3lyp, basis=cc-pvdz, molecule=default, nre=21.28300920985658
2025-12-23:10:53:06,512 INFO     [psi4.driver.driver:641] Return gradient(): -365.72016090687515
2025-12-23:10:53:06,512 INFO     [psi4.driver.driver:642] [[ 0.00000000 -0.00000000 -0.00355482]
 [ 0.00000000  0.00000000  0.00354659]]
2025-12-23:10:53:06,515 INFO     [psi4.optking.history:269] 	Performing BFGS update.
2025-12-23:10:53:06,515 INFO     [psi4.optking.history:280] 	Using 4 previous steps for update.
2025-12-23:10:53:06,515 INFO     [psi4.optking.history:317] 	Steps to be used in Hessian update:  8 7 6 5

2025-12-23:10:53:06,515 INFO     [psi4.optking.history:418] 	Updated Hessian (in au) 
 	   0.275295

2025-12-23:10:53:06,515 INFO     [psi4.optking.molsys:944] Projected (PHP) Hessian matrix
	   0.275295

2025-12-23:10:53:06,515 INFO     [psi4.optking.opt_helper:182] 
	         Geometry (au)                                       Gradient (au)
   0.0000000000   0.0000000000   2.5998483825		   0.0000000000  -0.0000000000  -0.0035548187
   0.0000000000   0.0000000000  -0.9240893868		   0.0000000000   0.0000000000   0.0035465851

2025-12-23:10:53:06,515 INFO     [psi4.optking.stepAlgorithms:368] 	Current Step Report 
 
	Current energy:      -365.7201609069
	Energy change for the previous step:
		Actual       :        -0.0000908646
		Projected    :        -0.0000597057

2025-12-23:10:53:06,515 INFO     [psi4.optking.stepAlgorithms:371] 	Energy ratio =    1.52188
2025-12-23:10:53:06,516 INFO     [psi4.optking.stepAlgorithms:929] 	Using RFO solution 1.
2025-12-23:10:53:06,516 INFO     [psi4.optking.displace:100] 	Determining Cartesian step for fragment 1.
2025-12-23:10:53:06,516 INFO     [psi4.optking.displace:415] 	Successfully converged to displaced geometry.
2025-12-23:10:53:06,516 INFO     [psi4.optking.displace:416] 	RMS(dx):  0.000e+00 	Max(dx):  0.000e+00 	RMS(dq):  0.000e+00
2025-12-23:10:53:06,516 INFO     [psi4.optking.displace:172] 

	        --- Internal Coordinate Step in ANG or DEG, aJ/ANG or AJ/DEG ---
	-------------------------------------------------------------------------------
	           Coordinate      Previous         Force          Change          New 
	           ----------      --------        ------          ------        ------
	               R(1,2)       1.86479        0.02925        0.00682       1.87161
	-------------------------------------------------------------------------------

2025-12-23:10:53:06,516 INFO     [psi4.optking.stepAlgorithms:113] 	|target step| :    0.0128956721
2025-12-23:10:53:06,516 INFO     [psi4.optking.stepAlgorithms:114] 	gradient     :   -0.0035507019
2025-12-23:10:53:06,516 INFO     [psi4.optking.stepAlgorithms:115] 	hessian      :    0.2752947969
2025-12-23:10:53:06,516 INFO     [psi4.optking.stepAlgorithms:113] 	|target step| :    0.0128956721
2025-12-23:10:53:06,516 INFO     [psi4.optking.stepAlgorithms:114] 	gradient     :   -0.0035507019
2025-12-23:10:53:06,516 INFO     [psi4.optking.stepAlgorithms:115] 	hessian      :    0.2752947969
2025-12-23:10:53:06,516 INFO     [psi4.optking.stepAlgorithms:206] 	Norm of achieved step-size    0.0128956721
2025-12-23:10:53:06,516 INFO     [psi4.optking.stepAlgorithms:208] 	Norm of achieved step-size (cart):    0.0091186172
2025-12-23:10:53:06,516 INFO     [psi4.optking.opt_helper:164] Molsys:

	                            ===> Fragment 1 <== 

	 Z (Atomic Numbers)          Masses                          Geom                  
	       5.000000            11.009305          0.00000000  0.00000000  2.60629622   
	      15.000000            30.973762          0.00000000  0.00000000 -0.93053722   

	 - Coordinate -           - BOHR/RAD -       - ANG/DEG -
	 R(1,2)           =         3.536833           1.871612

2025-12-23:10:53:06,517 INFO     [psi4.optking.convcheck:76] Performing convergence check.
2025-12-23:10:53:06,517 INFO     [psi4.optking.convcheck:282] 
	                                 ==> Convergence Check <==                                  
    
	Measures of convergence in internal coordinates in au.
    
	Criteria marked as inactive (o), active & met (*), and active & unmet ( ).

	----------------------------------------------------------------------------------------------
	   Step    Total Energy     Delta E     Max Force     RMS Force      Max Disp      RMS Disp   
	----------------------------------------------------------------------------------------------
	  Convergence Criteria     1.00e-06 *    3.00e-04 *             o    1.20e-03 *             o
	----------------------------------------------------------------------------------------------
	     9    -365.72016091   -9.09e-05      3.55e-03      3.55e-03 o    1.29e-02      1.29e-02 o  ~
	----------------------------------------------------------------------------------------------


2025-12-23:10:53:06,517 INFO     [psi4.optking.stepAlgorithms:296] 	Convergence check returned False
2025-12-23:10:53:06,528 INFO     [psi4.driver.task_planner:259] PLANNING Atomic:  keywords={'DAMPING_PERCENTAGE': 1.0, 'GEOM_MAXITER': 500, 'SCF__GUESS': 'READ', 'GUESS': 'SAP', 'MAXITER': 500, 'REFERENCE': 'UKS', 'function_kwargs': {}}
2025-12-23:10:53:06,530 INFO     [psi4.driver.driver:638] Compute gradient(): method=b3lyp, basis=cc-pvdz, molecule=default, nre=21.20540908747665
2025-12-23:10:53:07,32 INFO     [psi4.driver.driver:641] Return gradient(): -365.7201922533494
2025-12-23:10:53:07,32 INFO     [psi4.driver.driver:642] [[ 0.00000000  0.00000000 -0.00132888]
 [ 0.00000000 -0.00000000  0.00132057]]
2025-12-23:10:53:07,34 INFO     [psi4.optking.history:269] 	Performing BFGS update.
2025-12-23:10:53:07,34 INFO     [psi4.optking.history:280] 	Using 4 previous steps for update.
2025-12-23:10:53:07,34 INFO     [psi4.optking.history:317] 	Steps to be used in Hessian update:  9 8 7 6

2025-12-23:10:53:07,34 INFO     [psi4.optking.history:418] 	Updated Hessian (in au) 
 	   0.206484

2025-12-23:10:53:07,34 INFO     [psi4.optking.molsys:944] Projected (PHP) Hessian matrix
	   0.206484

2025-12-23:10:53:07,34 INFO     [psi4.optking.opt_helper:182] 
	         Geometry (au)                                       Gradient (au)
   0.0000000000   0.0000000000   2.6093623962		   0.0000000000   0.0000000000  -0.0013288766
   0.0000000000   0.0000000000  -0.9274710452		   0.0000000000  -0.0000000000   0.0013205685

2025-12-23:10:53:07,34 INFO     [psi4.optking.stepAlgorithms:368] 	Current Step Report 
 
	Current energy:      -365.7201922533
	Energy change for the previous step:
		Actual       :        -0.0000313465
		Projected    :        -0.0000228943

2025-12-23:10:53:07,34 INFO     [psi4.optking.stepAlgorithms:371] 	Energy ratio =    1.36918
2025-12-23:10:53:07,34 INFO     [psi4.optking.stepAlgorithms:929] 	Using RFO solution 1.
2025-12-23:10:53:07,35 INFO     [psi4.optking.displace:100] 	Determining Cartesian step for fragment 1.
2025-12-23:10:53:07,35 INFO     [psi4.optking.displace:415] 	Successfully converged to displaced geometry.
2025-12-23:10:53:07,35 INFO     [psi4.optking.displace:416] 	RMS(dx):  1.282e-16 	Max(dx):  2.220e-16 	RMS(dq):  4.441e-16
2025-12-23:10:53:07,35 INFO     [psi4.optking.displace:172] 

	        --- Internal Coordinate Step in ANG or DEG, aJ/ANG or AJ/DEG ---
	-------------------------------------------------------------------------------
	           Coordinate      Previous         Force          Change          New 
	           ----------      --------        ------          ------        ------
	               R(1,2)       1.87161        0.01091        0.00339       1.87501
	-------------------------------------------------------------------------------

2025-12-23:10:53:07,35 INFO     [psi4.optking.stepAlgorithms:113] 	|target step| :    0.0064153676
2025-12-23:10:53:07,35 INFO     [psi4.optking.stepAlgorithms:114] 	gradient     :   -0.0013247225
2025-12-23:10:53:07,35 INFO     [psi4.optking.stepAlgorithms:115] 	hessian      :    0.2064835688
2025-12-23:10:53:07,35 INFO     [psi4.optking.stepAlgorithms:113] 	|target step| :    0.0064153676
2025-12-23:10:53:07,35 INFO     [psi4.optking.stepAlgorithms:114] 	gradient     :   -0.0013247225
2025-12-23:10:53:07,35 INFO     [psi4.optking.stepAlgorithms:115] 	hessian      :    0.2064835688
2025-12-23:10:53:07,35 INFO     [psi4.optking.stepAlgorithms:206] 	Norm of achieved step-size    0.0064153676
2025-12-23:10:53:07,35 INFO     [psi4.optking.stepAlgorithms:208] 	Norm of achieved step-size (cart):    0.0045363499
2025-12-23:10:53:07,35 INFO     [psi4.optking.opt_helper:164] Molsys:

	                            ===> Fragment 1 <== 

	 Z (Atomic Numbers)          Masses                          Geom                  
	       5.000000            11.009305          0.00000000  0.00000000  2.61257008   
	      15.000000            30.973762          0.00000000  0.00000000 -0.93067873   

	 - Coordinate -           - BOHR/RAD -       - ANG/DEG -
	 R(1,2)           =         3.543249           1.875007

2025-12-23:10:53:07,35 INFO     [psi4.optking.convcheck:76] Performing convergence check.
2025-12-23:10:53:07,35 INFO     [psi4.optking.convcheck:282] 
	                                 ==> Convergence Check <==                                  
    
	Measures of convergence in internal coordinates in au.
    
	Criteria marked as inactive (o), active & met (*), and active & unmet ( ).

	----------------------------------------------------------------------------------------------
	   Step    Total Energy     Delta E     Max Force     RMS Force      Max Disp      RMS Disp   
	----------------------------------------------------------------------------------------------
	  Convergence Criteria     1.00e-06 *    3.00e-04 *             o    1.20e-03 *             o
	----------------------------------------------------------------------------------------------
	    10    -365.72019225   -3.13e-05      1.32e-03      1.32e-03 o    6.42e-03      6.42e-03 o  ~
	----------------------------------------------------------------------------------------------


2025-12-23:10:53:07,35 INFO     [psi4.optking.stepAlgorithms:296] 	Convergence check returned False
2025-12-23:10:53:07,47 INFO     [psi4.driver.task_planner:259] PLANNING Atomic:  keywords={'DAMPING_PERCENTAGE': 1.0, 'GEOM_MAXITER': 500, 'SCF__GUESS': 'READ', 'GUESS': 'SAP', 'MAXITER': 500, 'REFERENCE': 'UKS', 'function_kwargs': {}}
2025-12-23:10:53:07,49 INFO     [psi4.driver.driver:638] Compute gradient(): method=b3lyp, basis=cc-pvdz, molecule=default, nre=21.167014805302983
2025-12-23:10:53:07,575 INFO     [psi4.driver.driver:641] Return gradient(): -365.7201972966937
2025-12-23:10:53:07,575 INFO     [psi4.driver.driver:642] [[ 0.00000000  0.00000000 -0.00025385]
 [ 0.00000000  0.00000000  0.00024553]]
2025-12-23:10:53:07,577 INFO     [psi4.optking.history:269] 	Performing BFGS update.
2025-12-23:10:53:07,577 INFO     [psi4.optking.history:280] 	Using 4 previous steps for update.
2025-12-23:10:53:07,577 INFO     [psi4.optking.history:317] 	Steps to be used in Hessian update:  10 9 8 7

2025-12-23:10:53:07,577 INFO     [psi4.optking.history:418] 	Updated Hessian (in au) 
 	   0.184959

2025-12-23:10:53:07,577 INFO     [psi4.optking.molsys:944] Projected (PHP) Hessian matrix
	   0.184959

2025-12-23:10:53:07,577 INFO     [psi4.optking.opt_helper:182] 
	         Geometry (au)                                       Gradient (au)
   0.0000000000   0.0000000000   2.6140954489		   0.0000000000   0.0000000000  -0.0002538485
   0.0000000000   0.0000000000  -0.9291533601		   0.0000000000   0.0000000000   0.0002455303

2025-12-23:10:53:07,577 INFO     [psi4.optking.stepAlgorithms:368] 	Current Step Report 
 
	Current energy:      -365.7201972967
	Energy change for the previous step:
		Actual       :        -0.0000050433
		Projected    :        -0.0000042493

2025-12-23:10:53:07,578 INFO     [psi4.optking.stepAlgorithms:371] 	Energy ratio =    1.18687
2025-12-23:10:53:07,578 INFO     [psi4.optking.stepAlgorithms:929] 	Using RFO solution 1.
2025-12-23:10:53:07,578 INFO     [psi4.optking.displace:100] 	Determining Cartesian step for fragment 1.
2025-12-23:10:53:07,578 INFO     [psi4.optking.displace:415] 	Successfully converged to displaced geometry.
2025-12-23:10:53:07,578 INFO     [psi4.optking.displace:416] 	RMS(dx):  1.282e-16 	Max(dx):  2.220e-16 	RMS(dq):  4.441e-16
2025-12-23:10:53:07,578 INFO     [psi4.optking.displace:172] 

	        --- Internal Coordinate Step in ANG or DEG, aJ/ANG or AJ/DEG ---
	-------------------------------------------------------------------------------
	           Coordinate      Previous         Force          Change          New 
	           ----------      --------        ------          ------        ------
	               R(1,2)       1.87501        0.00206        0.00071       1.87572
	-------------------------------------------------------------------------------

2025-12-23:10:53:07,578 INFO     [psi4.optking.stepAlgorithms:113] 	|target step| :    0.0013499666
2025-12-23:10:53:07,578 INFO     [psi4.optking.stepAlgorithms:114] 	gradient     :   -0.0002496894
2025-12-23:10:53:07,578 INFO     [psi4.optking.stepAlgorithms:115] 	hessian      :    0.1849593587
2025-12-23:10:53:07,578 INFO     [psi4.optking.stepAlgorithms:113] 	|target step| :    0.0013499666
2025-12-23:10:53:07,578 INFO     [psi4.optking.stepAlgorithms:114] 	gradient     :   -0.0002496894
2025-12-23:10:53:07,578 INFO     [psi4.optking.stepAlgorithms:115] 	hessian      :    0.1849593587
2025-12-23:10:53:07,578 INFO     [psi4.optking.stepAlgorithms:206] 	Norm of achieved step-size    0.0013499666
2025-12-23:10:53:07,578 INFO     [psi4.optking.stepAlgorithms:208] 	Norm of achieved step-size (cart):    0.0009545705
2025-12-23:10:53:07,578 INFO     [psi4.optking.opt_helper:164] Molsys:

	                            ===> Fragment 1 <== 

	 Z (Atomic Numbers)          Masses                          Geom                  
	       5.000000            11.009305          0.00000000  0.00000000  2.61477043   
	      15.000000            30.973762          0.00000000  0.00000000 -0.92982834   

	 - Coordinate -           - BOHR/RAD -       - ANG/DEG -
	 R(1,2)           =         3.544599           1.875721

2025-12-23:10:53:07,579 INFO     [psi4.optking.convcheck:76] Performing convergence check.
2025-12-23:10:53:07,579 INFO     [psi4.optking.convcheck:282] 
	                                 ==> Convergence Check <==                                  
    
	Measures of convergence in internal coordinates in au.
    
	Criteria marked as inactive (o), active & met (*), and active & unmet ( ).

	----------------------------------------------------------------------------------------------
	   Step    Total Energy     Delta E     Max Force     RMS Force      Max Disp      RMS Disp   
	----------------------------------------------------------------------------------------------
	  Convergence Criteria     1.00e-06 *    3.00e-04 *             o    1.20e-03 *             o
	----------------------------------------------------------------------------------------------
	    11    -365.72019730   -5.04e-06      2.50e-04 *    2.50e-04 o    1.35e-03      1.35e-03 o  ~
	----------------------------------------------------------------------------------------------


2025-12-23:10:53:07,579 INFO     [psi4.optking.stepAlgorithms:296] 	Convergence check returned False
2025-12-23:10:53:07,589 INFO     [psi4.driver.task_planner:259] PLANNING Atomic:  keywords={'DAMPING_PERCENTAGE': 1.0, 'GEOM_MAXITER': 500, 'SCF__GUESS': 'READ', 'GUESS': 'SAP', 'MAXITER': 500, 'REFERENCE': 'UKS', 'function_kwargs': {}}
2025-12-23:10:53:07,591 INFO     [psi4.driver.driver:638] Compute gradient(): method=b3lyp, basis=cc-pvdz, molecule=default, nre=21.158953311095555
2025-12-23:10:53:08,97 INFO     [psi4.driver.driver:641] Return gradient(): -365.7201974842335
2025-12-23:10:53:08,98 INFO     [psi4.driver.driver:642] [[-0.00000000  0.00000000 -0.00003033]
 [-0.00000000  0.00000000  0.00002201]]
2025-12-23:10:53:08,99 INFO     [psi4.optking.history:269] 	Performing BFGS update.
2025-12-23:10:53:08,99 INFO     [psi4.optking.history:280] 	Using 4 previous steps for update.
2025-12-23:10:53:08,99 INFO     [psi4.optking.history:317] 	Steps to be used in Hessian update:  11 10 9 8

2025-12-23:10:53:08,100 INFO     [psi4.optking.history:418] 	Updated Hessian (in au) 
 	   0.175301

2025-12-23:10:53:08,100 INFO     [psi4.optking.molsys:944] Projected (PHP) Hessian matrix
	   0.175301

2025-12-23:10:53:08,100 INFO     [psi4.optking.opt_helper:182] 
	         Geometry (au)                                       Gradient (au)
   0.0000000000   0.0000000000   2.6150914110		  -0.0000000000   0.0000000000  -0.0000303317
   0.0000000000   0.0000000000  -0.9295073646		  -0.0000000000   0.0000000000   0.0000220144

2025-12-23:10:53:08,100 INFO     [psi4.optking.stepAlgorithms:368] 	Current Step Report 
 
	Current energy:      -365.7201974842
	Energy change for the previous step:
		Actual       :        -0.0000001875
		Projected    :        -0.0000001685

2025-12-23:10:53:08,100 INFO     [psi4.optking.stepAlgorithms:371] 	Energy ratio =    1.11276
2025-12-23:10:53:08,100 INFO     [psi4.optking.stepAlgorithms:929] 	Using RFO solution 1.
2025-12-23:10:53:08,100 INFO     [psi4.optking.displace:100] 	Determining Cartesian step for fragment 1.
2025-12-23:10:53:08,100 INFO     [psi4.optking.displace:415] 	Successfully converged to displaced geometry.
2025-12-23:10:53:08,100 INFO     [psi4.optking.displace:416] 	RMS(dx):  1.282e-16 	Max(dx):  2.220e-16 	RMS(dq):  4.441e-16
2025-12-23:10:53:08,100 INFO     [psi4.optking.displace:172] 

	        --- Internal Coordinate Step in ANG or DEG, aJ/ANG or AJ/DEG ---
	-------------------------------------------------------------------------------
	           Coordinate      Previous         Force          Change          New 
	           ----------      --------        ------          ------        ------
	               R(1,2)       1.87572        0.00022        0.00008       1.87580
	-------------------------------------------------------------------------------

2025-12-23:10:53:08,100 INFO     [psi4.optking.stepAlgorithms:113] 	|target step| :    0.0001493037
2025-12-23:10:53:08,100 INFO     [psi4.optking.stepAlgorithms:114] 	gradient     :   -0.0000261730
2025-12-23:10:53:08,100 INFO     [psi4.optking.stepAlgorithms:115] 	hessian      :    0.1753005357
2025-12-23:10:53:08,100 INFO     [psi4.optking.stepAlgorithms:113] 	|target step| :    0.0001493037
2025-12-23:10:53:08,100 INFO     [psi4.optking.stepAlgorithms:114] 	gradient     :   -0.0000261730
2025-12-23:10:53:08,100 INFO     [psi4.optking.stepAlgorithms:115] 	hessian      :    0.1753005357
2025-12-23:10:53:08,100 INFO     [psi4.optking.stepAlgorithms:206] 	Norm of achieved step-size    0.0001493037
2025-12-23:10:53:08,101 INFO     [psi4.optking.stepAlgorithms:208] 	Norm of achieved step-size (cart):    0.0001055736
2025-12-23:10:53:08,101 INFO     [psi4.optking.opt_helper:164] Molsys:

	                            ===> Fragment 1 <== 

	 Z (Atomic Numbers)          Masses                          Geom                  
	       5.000000            11.009305          0.00000000  0.00000000  2.61516606   
	      15.000000            30.973762          0.00000000  0.00000000 -0.92958202   

	 - Coordinate -           - BOHR/RAD -       - ANG/DEG -
	 R(1,2)           =         3.544748           1.875800

2025-12-23:10:53:08,101 INFO     [psi4.optking.convcheck:76] Performing convergence check.
2025-12-23:10:53:08,101 INFO     [psi4.optking.convcheck:282] 
	                                 ==> Convergence Check <==                                  
    
	Measures of convergence in internal coordinates in au.
    
	Criteria marked as inactive (o), active & met (*), and active & unmet ( ).

	----------------------------------------------------------------------------------------------
	   Step    Total Energy     Delta E     Max Force     RMS Force      Max Disp      RMS Disp   
	----------------------------------------------------------------------------------------------
	  Convergence Criteria     1.00e-06 *    3.00e-04 *             o    1.20e-03 *             o
	----------------------------------------------------------------------------------------------
	    12    -365.72019748   -1.88e-07 *    2.62e-05 *    2.62e-05 o    1.49e-04 *    1.49e-04 o  ~
	----------------------------------------------------------------------------------------------


2025-12-23:10:53:08,101 INFO     [psi4.optking.convcheck:206] 
	                      ===> Final Convergence Report <===                     

	----------------------------------------------------------------------------
	|   Required Criteria    |  One or More Criteria  |   Alternate Criteria   |
	----------------------------------------------------------------------------
	| [x]     max_force      | [x]       max_DE       |                        |
	|                        | [x]      max_disp      |                        |
	----------------------------------------------------------------------------


2025-12-23:10:53:08,101 INFO     [psi4.optking.stepAlgorithms:296] 	Convergence check returned True
2025-12-23:10:53:08,101 INFO     [psi4.optking.optimize:332] 	Converged in 12 steps!
2025-12-23:10:53:08,101 INFO     [psi4.optking.optimize:333] 	Final energy is   -365.7201974842335
2025-12-23:10:53:08,101 INFO     [psi4.optking.optimize:334] 	Final structure (Angstroms): 
	Fragment 1 (Ang)

	    B   0.0000000000   0.0000000000   1.3838862826
	    P   0.0000000000   0.0000000000  -0.4919136186


2025-12-23:10:53:08,102 INFO     [psi4.optking.optimize:562] 	Optimization Finished

	==> Optimization Summary <==

        
	Measures of convergence in internal coordinates in au. (Any backward steps not shown.)
        
	---------------------------------------------------------------------------------------------------------------  ~
        
	 Step         Total Energy             Delta E       MAX Force       RMS Force        MAX Disp        RMS Disp   ~
        
	---------------------------------------------------------------------------------------------------------------  ~
        
	     1    -365.205330096619   -365.205330096619      1.18344562      1.18344562      0.26334638      0.26334638  ~
	     2    -365.436114622559     -0.230784525940      0.61729920      0.61729920      0.26671424      0.26671424  ~
	     3    -365.551672086287     -0.115557463728      0.28014869      0.28014869      0.21168965      0.21168965  ~
	     4    -365.679084839921     -0.127412753634      0.19622818      0.19622818      0.21284627      0.21284627  ~
	     5    -365.708223229379     -0.029138389458      0.08659885      0.08659885      0.18354825      0.18354825  ~
	     6    -365.718357814760     -0.010134585380      0.02837764      0.02837764      0.06671811      0.06671811  ~
	     7    -365.719733453668     -0.001375638908      0.01332901      0.01332901      0.03371157      0.03371157  ~
	     8    -365.720070042235     -0.000336588567      0.00674947      0.00674947      0.01769196      0.01769196  ~
	     9    -365.720160906875     -0.000090864640      0.00355070      0.00355070      0.01289567      0.01289567  ~
	    10    -365.720192253349     -0.000031346474      0.00132472      0.00132472      0.00641537      0.00641537  ~
	    11    -365.720197296694     -0.000005043344      0.00024969      0.00024969      0.00134997      0.00134997  ~
	    12    -365.720197484233     -0.000000187540      0.00002617      0.00002617      0.00014930      0.00014930  ~
	----------------------------------------------------------------------------------------------------------------


2025-12-23:10:53:08,102 INFO     [psi4.optking.optimize:806] Preparing OptimizationResult
