2025-12-23:10:49:28,352 WARNING  [psi4.optking:38] Some dependencies such as QCElemental have not yet finished migration to pydantic v2. If issues are encountered please downgrade pydantic or upgrade QCElemental as appropriate
2025-12-23:10:49:28,509 INFO     [psi4.optking.optwrapper:234] Creating a UserComputer
2025-12-23:10:49:28,509 INFO     [psi4.optking.optwrapper:242] 
    			-----------------------------------------

    			 OPTKING 3.0: for geometry optimizations 

    			     By R.A. King, Bethel University     

    			        with contributions from          

    			    A.V. Copan, J. Cayton, A. Heide      

    			-----------------------------------------

    
2025-12-23:10:49:28,509 INFO     [psi4.optking.optwrapper:272] 
		 -- Optimization Parameters --
	GEOM_MAXITER                   =             500
	ALG_GEOM_MAXITER               =              50
	PRINT                          =               1
	OPT_TYPE                       =             MIN
	STEP_TYPE                      =             RFO
	PROGRAM                        =            PSI4
	STEEPEST_DESCENT_TYPE          =         OVERLAP
	CONJUGATE_GRADIENT_TYPE        =        FLETCHER
	OPT_COORDINATES                =        INTERNAL
	RFO_FOLLOW_ROOT                =           False
	RFO_ROOT                       =               0
	ACCEPT_SYMMETRY_BREAKING       =           False
	DYNAMIC_LVL                    =               0
	DYNAMIC_LVL_MAX                =               0
	IRC_STEP_SIZE                  =             0.2
	IRC_DIRECTION                  =         FORWARD
	IRC_POINTS                     =              20
	IRC_MODE                       =          NORMAL
	IRC_CONVERGENCE                =            -0.7
	INTRAFRAG_STEP_LIMIT           =             0.5
	INTRAFRAG_STEP_LIMIT_MIN       =           0.001
	INTRAFRAG_STEP_LIMIT_MAX       =             1.0
	INTERFRAG_STEP_LIMIT           =             0.5
	INTERFRAG_STEP_LIMIT_MIN       =           0.001
	INTERFRAG_STEP_LIMIT_MAX       =             1.0
	ENSURE_BT_CONVERGENCE          =           False
	SIMPLE_STEP_SCALING            =           False
	CONSECUTIVE_BACKSTEPS          =               0
	RFO_NORMALIZATION_MAX          =             100
	RSRFO_ALPHA_MAX                =     100000000.0
	PRINT_TRAJECTORY_XYZ_FILE      =           False
	WRITE_TRAJECTORY               =           False
	FROZEN_DISTANCE                =                
	FROZEN_BEND                    =                
	FROZEN_DIHEDRAL                =                
	FROZEN_OOFP                    =                
	FROZEN_CARTESIAN               =                
	FREEZE_ALL_DIHEDRALS           =           False
	UNFREEZE_DIHEDRALS             =                
	RANGED_DISTANCE                =                
	RANGED_BEND                    =                
	RANGED_DIHEDRAL                =                
	RANGED_OOFP                    =                
	RANGED_CARTESIAN               =                
	EXT_FORCE_DISTANCE             =                
	EXT_FORCE_BEND                 =                
	EXT_FORCE_DIHEDRAL             =                
	EXT_FORCE_OOFP                 =                
	EXT_FORCE_CARTESIAN            =                
	G_CONVERGENCE                  =           QCHEM
	MAX_FORCE_G_CONVERGENCE        =          0.0003
	RMS_FORCE_G_CONVERGENCE        =          0.0003
	MAX_ENERGY_G_CONVERGENCE       =           1e-06
	MAX_DISP_G_CONVERGENCE         =          0.0012
	RMS_DISP_G_CONVERGENCE         =          0.0012
	FLEXIBLE_G_CONVERGENCE         =           False
	HESS_UPDATE                    =            BFGS
	HESS_UPDATE_USE_LAST           =               4
	HESS_UPDATE_LIMIT              =            True
	HESS_UPDATE_LIMIT_MAX          =             1.0
	HESS_UPDATE_LIMIT_SCALE        =             0.5
	HESS_UPDATE_DEN_TOL            =           1e-07
	HESS_UPDATE_DQ_TOL             =             0.5
	CART_HESS_READ                 =           False
	HESSIAN_FILE                   =               .
	FULL_HESS_EVERY                =              -1
	INTRAFRAG_HESS                 =        SCHLEGEL
	H_GUESS_EVERY                  =           False
	BT_MAX_ITER                    =              25
	BT_DX_CONV                     =           1e-07
	BT_DX_RMS_CHANGE_CONV          =           1e-12
	BT_PINV_RCOND                  =           1e-06
	FRAG_MODE                      =          SINGLE
	FRAG_REF_ATOMS                 =              []
	FREEZE_INTRAFRAG               =           False
	INTERFRAG_MODE                 =           FIXED
	ADD_AUXILIARY_BONDS            =           False
	AUXILIARY_BOND_FACTOR          =             2.5
	INTERFRAG_DIST_INV             =           False
	INTERFRAG_COLLINEAR_TOL        =            0.01
	INTERFRAG_COORDS               =              []
	INTERFRAG_HESS                 =         DEFAULT
	COVALENT_CONNECT               =             1.3
	INTERFRAGMENT_CONNECT          =             1.8
	H_BOND_CONNECT                 =             4.3
	INCLUDE_OOFP                   =           False
	TEST_B                         =           False
	TEST_DERIVATIVE_B              =           False
	LINESEARCH_STEP                =             0.1
	LINESEARCH                     =           False
	SD_HESSIAN                     =             1.0
	FIX_VAL_NEAR_PI                =            1.57
	V3D_TORS_ANGLE_LIM             =           0.017
	V3D_TORS_COS_TOL               =           1e-10
	LINEAR_BEND_THRESHOLD          =            3.05
	SMALL_BEND_FIX_THRESHOLD       =            0.35
	REDUNDANT_EVAL_TOL             =           1e-10
	LINEAR_ALGEBRA_TOL             =           1e-10


2025-12-23:10:49:28,650 INFO     [psi4.optking.opt_helper:164] Molsys:

	                            ===> Fragment 1 <== 

	 Z (Atomic Numbers)          Masses                          Geom                  
	       5.000000            11.009305         -0.00000000  1.13383568  0.00000000   
	       5.000000            11.009305          0.00000000 -1.13383568  0.00000000   

	 - Coordinate -           - BOHR/RAD -       - ANG/DEG -
	 R(1,2)           =         2.267671           1.200000

2025-12-23:10:49:28,661 INFO     [psi4.driver.task_planner:259] PLANNING Atomic:  keywords={'DAMPING_PERCENTAGE': 1.0, 'GEOM_MAXITER': 500, 'GUESS': 'SAP', 'MAXITER': 500, 'REFERENCE': 'UKS', 'function_kwargs': {}}
2025-12-23:10:49:28,662 INFO     [psi4.driver.driver:638] Compute gradient(): method=b3lyp, basis=cc-pvdz, molecule=default, nre=11.024525222291668
2025-12-23:10:49:29,56 INFO     [psi4.driver.driver:641] Return gradient(): -48.92989493374472
2025-12-23:10:49:29,56 INFO     [psi4.driver.driver:642] [[ 0.00000000 -0.48287034  0.00000000]
 [-0.00000000  0.48287034  0.00000000]]
2025-12-23:10:49:29,58 INFO     [psi4.optking.molsys:944] Projected (PHP) Hessian matrix
	   1.048231

2025-12-23:10:49:29,58 INFO     [psi4.optking.opt_helper:182] 
	         Geometry (au)                                       Gradient (au)
  -0.0000000000   1.1338356753   0.0000000000		   0.0000000000  -0.4828703356   0.0000000000
   0.0000000000  -1.1338356753   0.0000000000		  -0.0000000000   0.4828703356   0.0000000000

2025-12-23:10:49:29,58 INFO     [psi4.optking.stepAlgorithms:929] 	Using RFO solution 1.
2025-12-23:10:49:29,58 INFO     [psi4.optking.displace:100] 	Determining Cartesian step for fragment 1.
2025-12-23:10:49:29,59 INFO     [psi4.optking.displace:415] 	Successfully converged to displaced geometry.
2025-12-23:10:49:29,59 INFO     [psi4.optking.displace:416] 	RMS(dx):  0.000e+00 	Max(dx):  0.000e+00 	RMS(dq):  0.000e+00
2025-12-23:10:49:29,59 INFO     [psi4.optking.displace:172] 

	        --- Internal Coordinate Step in ANG or DEG, aJ/ANG or AJ/DEG ---
	-------------------------------------------------------------------------------
	           Coordinate      Previous         Force          Change          New 
	           ----------      --------        ------          ------        ------
	               R(1,2)       1.20000        3.97824        0.20661       1.40661
	-------------------------------------------------------------------------------

2025-12-23:10:49:29,59 INFO     [psi4.optking.stepAlgorithms:113] 	|target step| :    0.3904321131
2025-12-23:10:49:29,59 INFO     [psi4.optking.stepAlgorithms:114] 	gradient     :   -0.4828703356
2025-12-23:10:49:29,59 INFO     [psi4.optking.stepAlgorithms:115] 	hessian      :    1.0482306732
2025-12-23:10:49:29,59 INFO     [psi4.optking.stepAlgorithms:113] 	|target step| :    0.3904321131
2025-12-23:10:49:29,59 INFO     [psi4.optking.stepAlgorithms:114] 	gradient     :   -0.4828703356
2025-12-23:10:49:29,59 INFO     [psi4.optking.stepAlgorithms:115] 	hessian      :    1.0482306732
2025-12-23:10:49:29,59 INFO     [psi4.optking.stepAlgorithms:206] 	Norm of achieved step-size    0.3904321131
2025-12-23:10:49:29,59 INFO     [psi4.optking.stepAlgorithms:208] 	Norm of achieved step-size (cart):    0.2760771948
2025-12-23:10:49:29,59 INFO     [psi4.optking.opt_helper:164] Molsys:

	                            ===> Fragment 1 <== 

	 Z (Atomic Numbers)          Masses                          Geom                  
	       5.000000            11.009305         -0.00000000  1.32905173  0.00000000   
	       5.000000            11.009305          0.00000000 -1.32905173  0.00000000   

	 - Coordinate -           - BOHR/RAD -       - ANG/DEG -
	 R(1,2)           =         2.658103           1.406608

2025-12-23:10:49:29,59 INFO     [psi4.optking.convcheck:76] Performing convergence check.
2025-12-23:10:49:29,59 INFO     [psi4.optking.convcheck:282] 
	                                 ==> Convergence Check <==                                  
    
	Measures of convergence in internal coordinates in au.
    
	Criteria marked as inactive (o), active & met (*), and active & unmet ( ).

	----------------------------------------------------------------------------------------------~
	   Step    Total Energy     Delta E     Max Force     RMS Force      Max Disp      RMS Disp   ~
	----------------------------------------------------------------------------------------------~
	  Convergence Criteria     1.00e-06 *    3.00e-04 *             o    1.20e-03 *             o~
	----------------------------------------------------------------------------------------------~
	     1     -48.92989493   -4.89e+01      4.83e-01      4.83e-01 o    3.90e-01      3.90e-01 o  ~
	----------------------------------------------------------------------------------------------


2025-12-23:10:49:29,59 INFO     [psi4.optking.stepAlgorithms:296] 	Convergence check returned False
2025-12-23:10:49:29,71 INFO     [psi4.driver.task_planner:259] PLANNING Atomic:  keywords={'DAMPING_PERCENTAGE': 1.0, 'GEOM_MAXITER': 500, 'SCF__GUESS': 'READ', 'GUESS': 'SAP', 'MAXITER': 500, 'REFERENCE': 'UKS', 'function_kwargs': {}}
2025-12-23:10:49:29,72 INFO     [psi4.driver.driver:638] Compute gradient(): method=b3lyp, basis=cc-pvdz, molecule=default, nre=9.405201995200349
2025-12-23:10:49:29,374 INFO     [psi4.driver.driver:641] Return gradient(): -49.03625700392484
2025-12-23:10:49:29,374 INFO     [psi4.driver.driver:642] [[ 0.00000000 -0.11458054  0.00000000]
 [-0.00000000  0.11458054  0.00000000]]
2025-12-23:10:49:29,376 INFO     [psi4.optking.history:269] 	Performing BFGS update.
2025-12-23:10:49:29,376 INFO     [psi4.optking.history:280] 	Using 1 previous steps for update.
2025-12-23:10:49:29,376 INFO     [psi4.optking.history:317] 	Steps to be used in Hessian update:  1

2025-12-23:10:49:29,376 INFO     [psi4.optking.history:418] 	Updated Hessian (in au) 
 	   0.943288

2025-12-23:10:49:29,376 INFO     [psi4.optking.molsys:944] Projected (PHP) Hessian matrix
	   0.943288

2025-12-23:10:49:29,376 INFO     [psi4.optking.opt_helper:182] 
	         Geometry (au)                                       Gradient (au)
  -0.0000000000   1.3290517318   0.0000000000		   0.0000000000  -0.1145805446   0.0000000000
   0.0000000000  -1.3290517318   0.0000000000		  -0.0000000000   0.1145805446   0.0000000000

2025-12-23:10:49:29,376 INFO     [psi4.optking.stepAlgorithms:368] 	Current Step Report 
 
	Current energy:       -49.0362570039
	Energy change for the previous step:
		Actual       :        -0.1063620702
		Projected    :        -0.0942640427

2025-12-23:10:49:29,376 INFO     [psi4.optking.stepAlgorithms:371] 	Energy ratio =    1.12834
2025-12-23:10:49:29,376 INFO     [psi4.optking.stepAlgorithms:399] 	Energy ratio indicates good step.
2025-12-23:10:49:29,376 INFO     [psi4.optking.stepAlgorithms:400] 	Intrafrag trust radius increased to      1.
2025-12-23:10:49:29,377 INFO     [psi4.optking.stepAlgorithms:929] 	Using RFO solution 1.
2025-12-23:10:49:29,377 INFO     [psi4.optking.displace:100] 	Determining Cartesian step for fragment 1.
2025-12-23:10:49:29,377 INFO     [psi4.optking.displace:415] 	Successfully converged to displaced geometry.
2025-12-23:10:49:29,377 INFO     [psi4.optking.displace:416] 	RMS(dx):  0.000e+00 	Max(dx):  0.000e+00 	RMS(dq):  0.000e+00
2025-12-23:10:49:29,377 INFO     [psi4.optking.displace:172] 

	        --- Internal Coordinate Step in ANG or DEG, aJ/ANG or AJ/DEG ---
	-------------------------------------------------------------------------------
	           Coordinate      Previous         Force          Change          New 
	           ----------      --------        ------          ------        ------
	               R(1,2)       1.40661        0.94400        0.06336       1.46997
	-------------------------------------------------------------------------------

2025-12-23:10:49:29,377 INFO     [psi4.optking.stepAlgorithms:113] 	|target step| :    0.1197281156
2025-12-23:10:49:29,377 INFO     [psi4.optking.stepAlgorithms:114] 	gradient     :   -0.1145805446
2025-12-23:10:49:29,377 INFO     [psi4.optking.stepAlgorithms:115] 	hessian      :    0.9432876513
2025-12-23:10:49:29,377 INFO     [psi4.optking.stepAlgorithms:113] 	|target step| :    0.1197281156
2025-12-23:10:49:29,377 INFO     [psi4.optking.stepAlgorithms:114] 	gradient     :   -0.1145805446
2025-12-23:10:49:29,377 INFO     [psi4.optking.stepAlgorithms:115] 	hessian      :    0.9432876513
2025-12-23:10:49:29,377 INFO     [psi4.optking.stepAlgorithms:206] 	Norm of achieved step-size    0.1197281156
2025-12-23:10:49:29,377 INFO     [psi4.optking.stepAlgorithms:208] 	Norm of achieved step-size (cart):    0.0846605624
2025-12-23:10:49:29,377 INFO     [psi4.optking.opt_helper:164] Molsys:

	                            ===> Fragment 1 <== 

	 Z (Atomic Numbers)          Masses                          Geom                  
	       5.000000            11.009305         -0.00000000  1.38891579  0.00000000   
	       5.000000            11.009305          0.00000000 -1.38891579  0.00000000   

	 - Coordinate -           - BOHR/RAD -       - ANG/DEG -
	 R(1,2)           =         2.777832           1.469965

2025-12-23:10:49:29,378 INFO     [psi4.optking.convcheck:76] Performing convergence check.
2025-12-23:10:49:29,378 INFO     [psi4.optking.convcheck:282] 
	                                 ==> Convergence Check <==                                  
    
	Measures of convergence in internal coordinates in au.
    
	Criteria marked as inactive (o), active & met (*), and active & unmet ( ).

	----------------------------------------------------------------------------------------------
	   Step    Total Energy     Delta E     Max Force     RMS Force      Max Disp      RMS Disp   
	----------------------------------------------------------------------------------------------
	  Convergence Criteria     1.00e-06 *    3.00e-04 *             o    1.20e-03 *             o
	----------------------------------------------------------------------------------------------
	     2     -49.03625700   -1.06e-01      1.15e-01      1.15e-01 o    1.20e-01      1.20e-01 o  ~
	----------------------------------------------------------------------------------------------


2025-12-23:10:49:29,378 INFO     [psi4.optking.stepAlgorithms:296] 	Convergence check returned False
2025-12-23:10:49:29,388 INFO     [psi4.driver.task_planner:259] PLANNING Atomic:  keywords={'DAMPING_PERCENTAGE': 1.0, 'GEOM_MAXITER': 500, 'SCF__GUESS': 'READ', 'GUESS': 'SAP', 'MAXITER': 500, 'REFERENCE': 'UKS', 'function_kwargs': {}}
2025-12-23:10:49:29,390 INFO     [psi4.driver.driver:638] Compute gradient(): method=b3lyp, basis=cc-pvdz, molecule=default, nre=8.999825686531315
2025-12-23:10:49:29,659 INFO     [psi4.driver.driver:641] Return gradient(): -49.04613408821656
2025-12-23:10:49:29,659 INFO     [psi4.driver.driver:642] [[ 0.00000000 -0.05333607 -0.00000000]
 [-0.00000000  0.05333607  0.00000000]]
2025-12-23:10:49:29,661 INFO     [psi4.optking.history:269] 	Performing BFGS update.
2025-12-23:10:49:29,661 INFO     [psi4.optking.history:280] 	Using 2 previous steps for update.
2025-12-23:10:49:29,661 WARNING  [psi4.optking.history:301] 	Change in internal coordinate of 5.10e-01 exceeds limit of 5.00e-01.
2025-12-23:10:49:29,661 WARNING  [psi4.optking.history:306] 	Skipping Hessian update for step 1.
2025-12-23:10:49:29,661 INFO     [psi4.optking.history:317] 	Steps to be used in Hessian update:  2

2025-12-23:10:49:29,661 INFO     [psi4.optking.history:418] 	Updated Hessian (in au) 
 	   0.511530

2025-12-23:10:49:29,661 INFO     [psi4.optking.molsys:944] Projected (PHP) Hessian matrix
	   0.511530

2025-12-23:10:49:29,661 INFO     [psi4.optking.opt_helper:182] 
	         Geometry (au)                                       Gradient (au)
  -0.0000000000   1.3889157896   0.0000000000		   0.0000000000  -0.0533360743  -0.0000000000
   0.0000000000  -1.3889157896   0.0000000000		  -0.0000000000   0.0533360743   0.0000000000

2025-12-23:10:49:29,661 INFO     [psi4.optking.stepAlgorithms:368] 	Current Step Report 
 
	Current energy:       -49.0461340882
	Energy change for the previous step:
		Actual       :        -0.0098770843
		Projected    :        -0.0068592563

2025-12-23:10:49:29,661 INFO     [psi4.optking.stepAlgorithms:371] 	Energy ratio =    1.43996
2025-12-23:10:49:29,661 INFO     [psi4.optking.stepAlgorithms:929] 	Using RFO solution 1.
2025-12-23:10:49:29,661 INFO     [psi4.optking.displace:100] 	Determining Cartesian step for fragment 1.
2025-12-23:10:49:29,662 INFO     [psi4.optking.displace:415] 	Successfully converged to displaced geometry.
2025-12-23:10:49:29,662 INFO     [psi4.optking.displace:416] 	RMS(dx):  0.000e+00 	Max(dx):  0.000e+00 	RMS(dq):  0.000e+00
2025-12-23:10:49:29,662 INFO     [psi4.optking.displace:172] 

	        --- Internal Coordinate Step in ANG or DEG, aJ/ANG or AJ/DEG ---
	-------------------------------------------------------------------------------
	           Coordinate      Previous         Force          Change          New 
	           ----------      --------        ------          ------        ------
	               R(1,2)       1.46997        0.43942        0.05459       1.52455
	-------------------------------------------------------------------------------

2025-12-23:10:49:29,662 INFO     [psi4.optking.stepAlgorithms:113] 	|target step| :    0.1031582455
2025-12-23:10:49:29,662 INFO     [psi4.optking.stepAlgorithms:114] 	gradient     :   -0.0533360743
2025-12-23:10:49:29,662 INFO     [psi4.optking.stepAlgorithms:115] 	hessian      :    0.5115295600
2025-12-23:10:49:29,662 INFO     [psi4.optking.stepAlgorithms:113] 	|target step| :    0.1031582455
2025-12-23:10:49:29,662 INFO     [psi4.optking.stepAlgorithms:114] 	gradient     :   -0.0533360743
2025-12-23:10:49:29,662 INFO     [psi4.optking.stepAlgorithms:115] 	hessian      :    0.5115295600
2025-12-23:10:49:29,662 INFO     [psi4.optking.stepAlgorithms:206] 	Norm of achieved step-size    0.1031582455
2025-12-23:10:49:29,662 INFO     [psi4.optking.stepAlgorithms:208] 	Norm of achieved step-size (cart):    0.0729438949
2025-12-23:10:49:29,662 INFO     [psi4.optking.opt_helper:164] Molsys:

	                            ===> Fragment 1 <== 

	 Z (Atomic Numbers)          Masses                          Geom                  
	       5.000000            11.009305         -0.00000000  1.44049491  0.00000000   
	       5.000000            11.009305          0.00000000 -1.44049491  0.00000000   

	 - Coordinate -           - BOHR/RAD -       - ANG/DEG -
	 R(1,2)           =         2.880990           1.524554

2025-12-23:10:49:29,662 INFO     [psi4.optking.convcheck:76] Performing convergence check.
2025-12-23:10:49:29,662 INFO     [psi4.optking.convcheck:282] 
	                                 ==> Convergence Check <==                                  
    
	Measures of convergence in internal coordinates in au.
    
	Criteria marked as inactive (o), active & met (*), and active & unmet ( ).

	----------------------------------------------------------------------------------------------
	   Step    Total Energy     Delta E     Max Force     RMS Force      Max Disp      RMS Disp   
	----------------------------------------------------------------------------------------------
	  Convergence Criteria     1.00e-06 *    3.00e-04 *             o    1.20e-03 *             o
	----------------------------------------------------------------------------------------------
	     3     -49.04613409   -9.88e-03      5.33e-02      5.33e-02 o    1.03e-01      1.03e-01 o  ~
	----------------------------------------------------------------------------------------------


2025-12-23:10:49:29,662 INFO     [psi4.optking.stepAlgorithms:296] 	Convergence check returned False
2025-12-23:10:49:29,673 INFO     [psi4.driver.task_planner:259] PLANNING Atomic:  keywords={'DAMPING_PERCENTAGE': 1.0, 'GEOM_MAXITER': 500, 'SCF__GUESS': 'READ', 'GUESS': 'SAP', 'MAXITER': 500, 'REFERENCE': 'UKS', 'function_kwargs': {}}
2025-12-23:10:49:29,674 INFO     [psi4.driver.driver:638] Compute gradient(): method=b3lyp, basis=cc-pvdz, molecule=default, nre=8.677573167830792
2025-12-23:10:49:29,998 INFO     [psi4.driver.driver:641] Return gradient(): -49.04947547394216
2025-12-23:10:49:29,999 INFO     [psi4.driver.driver:642] [[ 0.00000000 -0.01317428  0.00000000]
 [-0.00000000  0.01317428  0.00000000]]
2025-12-23:10:49:30,0 INFO     [psi4.optking.history:269] 	Performing BFGS update.
2025-12-23:10:49:30,0 INFO     [psi4.optking.history:280] 	Using 3 previous steps for update.
2025-12-23:10:49:30,0 WARNING  [psi4.optking.history:301] 	Change in internal coordinate of 6.13e-01 exceeds limit of 5.00e-01.
2025-12-23:10:49:30,0 WARNING  [psi4.optking.history:306] 	Skipping Hessian update for step 1.
2025-12-23:10:49:30,0 INFO     [psi4.optking.history:317] 	Steps to be used in Hessian update:  3 2

2025-12-23:10:49:30,1 INFO     [psi4.optking.history:418] 	Updated Hessian (in au) 
 	   0.454968

2025-12-23:10:49:30,1 INFO     [psi4.optking.molsys:944] Projected (PHP) Hessian matrix
	   0.454968

2025-12-23:10:49:30,1 INFO     [psi4.optking.opt_helper:182] 
	         Geometry (au)                                       Gradient (au)
  -0.0000000000   1.4404949124   0.0000000000		   0.0000000000  -0.0131742818   0.0000000000
   0.0000000000  -1.4404949124   0.0000000000		  -0.0000000000   0.0131742818   0.0000000000

2025-12-23:10:49:30,1 INFO     [psi4.optking.stepAlgorithms:368] 	Current Step Report 
 
	Current energy:       -49.0494754739
	Energy change for the previous step:
		Actual       :        -0.0033413857
		Projected    :        -0.0027510279

2025-12-23:10:49:30,1 INFO     [psi4.optking.stepAlgorithms:371] 	Energy ratio =    1.21460
2025-12-23:10:49:30,1 INFO     [psi4.optking.stepAlgorithms:929] 	Using RFO solution 1.
2025-12-23:10:49:30,1 INFO     [psi4.optking.displace:100] 	Determining Cartesian step for fragment 1.
2025-12-23:10:49:30,1 INFO     [psi4.optking.displace:415] 	Successfully converged to displaced geometry.
2025-12-23:10:49:30,1 INFO     [psi4.optking.displace:416] 	RMS(dx):  0.000e+00 	Max(dx):  0.000e+00 	RMS(dq):  0.000e+00
2025-12-23:10:49:30,1 INFO     [psi4.optking.displace:172] 

	        --- Internal Coordinate Step in ANG or DEG, aJ/ANG or AJ/DEG ---
	-------------------------------------------------------------------------------
	           Coordinate      Previous         Force          Change          New 
	           ----------      --------        ------          ------        ------
	               R(1,2)       1.52455        0.10854        0.01531       1.53986
	-------------------------------------------------------------------------------

2025-12-23:10:49:30,1 INFO     [psi4.optking.stepAlgorithms:113] 	|target step| :    0.0289322344
2025-12-23:10:49:30,1 INFO     [psi4.optking.stepAlgorithms:114] 	gradient     :   -0.0131742818
2025-12-23:10:49:30,1 INFO     [psi4.optking.stepAlgorithms:115] 	hessian      :    0.4549684528
2025-12-23:10:49:30,1 INFO     [psi4.optking.stepAlgorithms:113] 	|target step| :    0.0289322344
2025-12-23:10:49:30,1 INFO     [psi4.optking.stepAlgorithms:114] 	gradient     :   -0.0131742818
2025-12-23:10:49:30,1 INFO     [psi4.optking.stepAlgorithms:115] 	hessian      :    0.4549684528
2025-12-23:10:49:30,1 INFO     [psi4.optking.stepAlgorithms:206] 	Norm of achieved step-size    0.0289322344
2025-12-23:10:49:30,1 INFO     [psi4.optking.stepAlgorithms:208] 	Norm of achieved step-size (cart):    0.0204581792
2025-12-23:10:49:30,2 INFO     [psi4.optking.opt_helper:164] Molsys:

	                            ===> Fragment 1 <== 

	 Z (Atomic Numbers)          Masses                          Geom                  
	       5.000000            11.009305         -0.00000000  1.45496103  0.00000000   
	       5.000000            11.009305          0.00000000 -1.45496103  0.00000000   

	 - Coordinate -           - BOHR/RAD -       - ANG/DEG -
	 R(1,2)           =         2.909922           1.539864

2025-12-23:10:49:30,2 INFO     [psi4.optking.convcheck:76] Performing convergence check.
2025-12-23:10:49:30,2 INFO     [psi4.optking.convcheck:282] 
	                                 ==> Convergence Check <==                                  
    
	Measures of convergence in internal coordinates in au.
    
	Criteria marked as inactive (o), active & met (*), and active & unmet ( ).

	----------------------------------------------------------------------------------------------
	   Step    Total Energy     Delta E     Max Force     RMS Force      Max Disp      RMS Disp   
	----------------------------------------------------------------------------------------------
	  Convergence Criteria     1.00e-06 *    3.00e-04 *             o    1.20e-03 *             o
	----------------------------------------------------------------------------------------------
	     4     -49.04947547   -3.34e-03      1.32e-02      1.32e-02 o    2.89e-02      2.89e-02 o  ~
	----------------------------------------------------------------------------------------------


2025-12-23:10:49:30,2 INFO     [psi4.optking.stepAlgorithms:296] 	Convergence check returned False
2025-12-23:10:49:30,12 INFO     [psi4.driver.task_planner:259] PLANNING Atomic:  keywords={'DAMPING_PERCENTAGE': 1.0, 'GEOM_MAXITER': 500, 'SCF__GUESS': 'READ', 'GUESS': 'SAP', 'MAXITER': 500, 'REFERENCE': 'UKS', 'function_kwargs': {}}
2025-12-23:10:49:30,14 INFO     [psi4.driver.driver:638] Compute gradient(): method=b3lyp, basis=cc-pvdz, molecule=default, nre=8.591295399562364
2025-12-23:10:49:30,275 INFO     [psi4.driver.driver:641] Return gradient(): -49.04971738133427
2025-12-23:10:49:30,276 INFO     [psi4.driver.driver:642] [[ 0.00000000 -0.00367119  0.00000000]
 [-0.00000000  0.00367119 -0.00000000]]
2025-12-23:10:49:30,277 INFO     [psi4.optking.history:269] 	Performing BFGS update.
2025-12-23:10:49:30,277 INFO     [psi4.optking.history:280] 	Using 4 previous steps for update.
2025-12-23:10:49:30,277 WARNING  [psi4.optking.history:301] 	Change in internal coordinate of 6.42e-01 exceeds limit of 5.00e-01.
2025-12-23:10:49:30,278 WARNING  [psi4.optking.history:306] 	Skipping Hessian update for step 1.
2025-12-23:10:49:30,278 INFO     [psi4.optking.history:317] 	Steps to be used in Hessian update:  4 3 2

2025-12-23:10:49:30,278 INFO     [psi4.optking.history:418] 	Updated Hessian (in au) 
 	   0.440434

2025-12-23:10:49:30,278 INFO     [psi4.optking.molsys:944] Projected (PHP) Hessian matrix
	   0.440434

2025-12-23:10:49:30,278 INFO     [psi4.optking.opt_helper:182] 
	         Geometry (au)                                       Gradient (au)
  -0.0000000000   1.4549610296   0.0000000000		   0.0000000000  -0.0036711921   0.0000000000
   0.0000000000  -1.4549610296   0.0000000000		  -0.0000000000   0.0036711921  -0.0000000000

2025-12-23:10:49:30,278 INFO     [psi4.optking.stepAlgorithms:368] 	Current Step Report 
 
	Current energy:       -49.0497173813
	Energy change for the previous step:
		Actual       :        -0.0002419074
		Projected    :        -0.0001905807

2025-12-23:10:49:30,278 INFO     [psi4.optking.stepAlgorithms:371] 	Energy ratio =    1.26932
2025-12-23:10:49:30,278 INFO     [psi4.optking.stepAlgorithms:929] 	Using RFO solution 1.
2025-12-23:10:49:30,278 INFO     [psi4.optking.displace:100] 	Determining Cartesian step for fragment 1.
2025-12-23:10:49:30,278 INFO     [psi4.optking.displace:415] 	Successfully converged to displaced geometry.
2025-12-23:10:49:30,278 INFO     [psi4.optking.displace:416] 	RMS(dx):  0.000e+00 	Max(dx):  0.000e+00 	RMS(dq):  0.000e+00
2025-12-23:10:49:30,278 INFO     [psi4.optking.displace:172] 

	        --- Internal Coordinate Step in ANG or DEG, aJ/ANG or AJ/DEG ---
	-------------------------------------------------------------------------------
	           Coordinate      Previous         Force          Change          New 
	           ----------      --------        ------          ------        ------
	               R(1,2)       1.53986        0.03025        0.00441       1.54428
	-------------------------------------------------------------------------------

2025-12-23:10:49:30,278 INFO     [psi4.optking.stepAlgorithms:113] 	|target step| :    0.0083348265
2025-12-23:10:49:30,278 INFO     [psi4.optking.stepAlgorithms:114] 	gradient     :   -0.0036711921
2025-12-23:10:49:30,278 INFO     [psi4.optking.stepAlgorithms:115] 	hessian      :    0.4404335284
2025-12-23:10:49:30,279 INFO     [psi4.optking.stepAlgorithms:113] 	|target step| :    0.0083348265
2025-12-23:10:49:30,279 INFO     [psi4.optking.stepAlgorithms:114] 	gradient     :   -0.0036711921
2025-12-23:10:49:30,279 INFO     [psi4.optking.stepAlgorithms:115] 	hessian      :    0.4404335284
2025-12-23:10:49:30,279 INFO     [psi4.optking.stepAlgorithms:206] 	Norm of achieved step-size    0.0083348265
2025-12-23:10:49:30,279 INFO     [psi4.optking.stepAlgorithms:208] 	Norm of achieved step-size (cart):    0.0058936124
2025-12-23:10:49:30,279 INFO     [psi4.optking.opt_helper:164] Molsys:

	                            ===> Fragment 1 <== 

	 Z (Atomic Numbers)          Masses                          Geom                  
	       5.000000            11.009305         -0.00000000  1.45912844  0.00000000   
	       5.000000            11.009305          0.00000000 -1.45912844  0.00000000   

	 - Coordinate -           - BOHR/RAD -       - ANG/DEG -
	 R(1,2)           =         2.918257           1.544275

2025-12-23:10:49:30,279 INFO     [psi4.optking.convcheck:76] Performing convergence check.
2025-12-23:10:49:30,279 INFO     [psi4.optking.convcheck:282] 
	                                 ==> Convergence Check <==                                  
    
	Measures of convergence in internal coordinates in au.
    
	Criteria marked as inactive (o), active & met (*), and active & unmet ( ).

	----------------------------------------------------------------------------------------------
	   Step    Total Energy     Delta E     Max Force     RMS Force      Max Disp      RMS Disp   
	----------------------------------------------------------------------------------------------
	  Convergence Criteria     1.00e-06 *    3.00e-04 *             o    1.20e-03 *             o
	----------------------------------------------------------------------------------------------
	     5     -49.04971738   -2.42e-04      3.67e-03      3.67e-03 o    8.33e-03      8.33e-03 o  ~
	----------------------------------------------------------------------------------------------


2025-12-23:10:49:30,279 INFO     [psi4.optking.stepAlgorithms:296] 	Convergence check returned False
2025-12-23:10:49:30,289 INFO     [psi4.driver.task_planner:259] PLANNING Atomic:  keywords={'DAMPING_PERCENTAGE': 1.0, 'GEOM_MAXITER': 500, 'SCF__GUESS': 'READ', 'GUESS': 'SAP', 'MAXITER': 500, 'REFERENCE': 'UKS', 'function_kwargs': {}}
2025-12-23:10:49:30,291 INFO     [psi4.driver.driver:638] Compute gradient(): method=b3lyp, basis=cc-pvdz, molecule=default, nre=8.566757821297653
2025-12-23:10:49:30,578 INFO     [psi4.driver.driver:641] Return gradient(): -49.04973705092532
2025-12-23:10:49:30,578 INFO     [psi4.driver.driver:642] [[ 0.00000000 -0.00106339  0.00000000]
 [-0.00000000  0.00106339  0.00000000]]
2025-12-23:10:49:30,580 INFO     [psi4.optking.history:269] 	Performing BFGS update.
2025-12-23:10:49:30,580 INFO     [psi4.optking.history:280] 	Using 4 previous steps for update.
2025-12-23:10:49:30,580 INFO     [psi4.optking.history:317] 	Steps to be used in Hessian update:  5 4 3 2

2025-12-23:10:49:30,580 INFO     [psi4.optking.history:418] 	Updated Hessian (in au) 
 	   0.436347

2025-12-23:10:49:30,580 INFO     [psi4.optking.molsys:944] Projected (PHP) Hessian matrix
	   0.436347

2025-12-23:10:49:30,580 INFO     [psi4.optking.opt_helper:182] 
	         Geometry (au)                                       Gradient (au)
  -0.0000000000   1.4591284428   0.0000000000		   0.0000000000  -0.0010633905   0.0000000000
   0.0000000000  -1.4591284428   0.0000000000		  -0.0000000000   0.0010633905   0.0000000000

2025-12-23:10:49:30,580 INFO     [psi4.optking.stepAlgorithms:368] 	Current Step Report 
 
	Current energy:       -49.0497370509
	Energy change for the previous step:
		Actual       :        -0.0000196696
		Projected    :        -0.0000152994

2025-12-23:10:49:30,580 INFO     [psi4.optking.stepAlgorithms:371] 	Energy ratio =    1.28565
2025-12-23:10:49:30,581 INFO     [psi4.optking.stepAlgorithms:929] 	Using RFO solution 1.
2025-12-23:10:49:30,581 INFO     [psi4.optking.displace:100] 	Determining Cartesian step for fragment 1.
2025-12-23:10:49:30,581 INFO     [psi4.optking.displace:415] 	Successfully converged to displaced geometry.
2025-12-23:10:49:30,581 INFO     [psi4.optking.displace:416] 	RMS(dx):  0.000e+00 	Max(dx):  0.000e+00 	RMS(dq):  0.000e+00
2025-12-23:10:49:30,581 INFO     [psi4.optking.displace:172] 

	        --- Internal Coordinate Step in ANG or DEG, aJ/ANG or AJ/DEG ---
	-------------------------------------------------------------------------------
	           Coordinate      Previous         Force          Change          New 
	           ----------      --------        ------          ------        ------
	               R(1,2)       1.54428        0.00876        0.00129       1.54556
	-------------------------------------------------------------------------------

2025-12-23:10:49:30,581 INFO     [psi4.optking.stepAlgorithms:113] 	|target step| :    0.0024370154
2025-12-23:10:49:30,581 INFO     [psi4.optking.stepAlgorithms:114] 	gradient     :   -0.0010633905
2025-12-23:10:49:30,581 INFO     [psi4.optking.stepAlgorithms:115] 	hessian      :    0.4363469571
2025-12-23:10:49:30,581 INFO     [psi4.optking.stepAlgorithms:113] 	|target step| :    0.0024370154
2025-12-23:10:49:30,581 INFO     [psi4.optking.stepAlgorithms:114] 	gradient     :   -0.0010633905
2025-12-23:10:49:30,581 INFO     [psi4.optking.stepAlgorithms:115] 	hessian      :    0.4363469571
2025-12-23:10:49:30,581 INFO     [psi4.optking.stepAlgorithms:206] 	Norm of achieved step-size    0.0024370154
2025-12-23:10:49:30,581 INFO     [psi4.optking.stepAlgorithms:208] 	Norm of achieved step-size (cart):    0.0017232301
2025-12-23:10:49:30,581 INFO     [psi4.optking.opt_helper:164] Molsys:

	                            ===> Fragment 1 <== 

	 Z (Atomic Numbers)          Masses                          Geom                  
	       5.000000            11.009305         -0.00000000  1.46034695  0.00000000   
	       5.000000            11.009305          0.00000000 -1.46034695  0.00000000   

	 - Coordinate -           - BOHR/RAD -       - ANG/DEG -
	 R(1,2)           =         2.920694           1.545565

2025-12-23:10:49:30,581 INFO     [psi4.optking.convcheck:76] Performing convergence check.
2025-12-23:10:49:30,581 INFO     [psi4.optking.convcheck:282] 
	                                 ==> Convergence Check <==                                  
    
	Measures of convergence in internal coordinates in au.
    
	Criteria marked as inactive (o), active & met (*), and active & unmet ( ).

	----------------------------------------------------------------------------------------------
	   Step    Total Energy     Delta E     Max Force     RMS Force      Max Disp      RMS Disp   
	----------------------------------------------------------------------------------------------
	  Convergence Criteria     1.00e-06 *    3.00e-04 *             o    1.20e-03 *             o
	----------------------------------------------------------------------------------------------
	     6     -49.04973705   -1.97e-05      1.06e-03      1.06e-03 o    2.44e-03      2.44e-03 o  ~
	----------------------------------------------------------------------------------------------


2025-12-23:10:49:30,581 INFO     [psi4.optking.stepAlgorithms:296] 	Convergence check returned False
2025-12-23:10:49:30,592 INFO     [psi4.driver.task_planner:259] PLANNING Atomic:  keywords={'DAMPING_PERCENTAGE': 1.0, 'GEOM_MAXITER': 500, 'SCF__GUESS': 'READ', 'GUESS': 'SAP', 'MAXITER': 500, 'REFERENCE': 'UKS', 'function_kwargs': {}}
2025-12-23:10:49:30,593 INFO     [psi4.driver.driver:638] Compute gradient(): method=b3lyp, basis=cc-pvdz, molecule=default, nre=8.559609752706177
2025-12-23:10:49:30,828 INFO     [psi4.driver.driver:641] Return gradient(): -49.04973871968287
2025-12-23:10:49:30,828 INFO     [psi4.driver.driver:642] [[ 0.00000000 -0.00031157 -0.00000000]
 [-0.00000000  0.00031157  0.00000000]]
2025-12-23:10:49:30,830 INFO     [psi4.optking.history:269] 	Performing BFGS update.
2025-12-23:10:49:30,830 INFO     [psi4.optking.history:280] 	Using 4 previous steps for update.
2025-12-23:10:49:30,830 INFO     [psi4.optking.history:317] 	Steps to be used in Hessian update:  6 5 4 3

2025-12-23:10:49:30,830 INFO     [psi4.optking.history:418] 	Updated Hessian (in au) 
 	   0.371158

2025-12-23:10:49:30,831 INFO     [psi4.optking.molsys:944] Projected (PHP) Hessian matrix
	   0.371158

2025-12-23:10:49:30,831 INFO     [psi4.optking.opt_helper:182] 
	         Geometry (au)                                       Gradient (au)
  -0.0000000000   1.4603469505   0.0000000000		   0.0000000000  -0.0003115736  -0.0000000000
   0.0000000000  -1.4603469505   0.0000000000		  -0.0000000000   0.0003115736   0.0000000000

2025-12-23:10:49:30,831 INFO     [psi4.optking.stepAlgorithms:368] 	Current Step Report 
 
	Current energy:       -49.0497387197
	Energy change for the previous step:
		Actual       :        -0.0000016688
		Projected    :        -0.0000012957

2025-12-23:10:49:30,831 INFO     [psi4.optking.stepAlgorithms:371] 	Energy ratio =    1.28787
2025-12-23:10:49:30,831 INFO     [psi4.optking.stepAlgorithms:929] 	Using RFO solution 1.
2025-12-23:10:49:30,831 INFO     [psi4.optking.displace:100] 	Determining Cartesian step for fragment 1.
2025-12-23:10:49:30,831 INFO     [psi4.optking.displace:415] 	Successfully converged to displaced geometry.
2025-12-23:10:49:30,831 INFO     [psi4.optking.displace:416] 	RMS(dx):  0.000e+00 	Max(dx):  0.000e+00 	RMS(dq):  0.000e+00
2025-12-23:10:49:30,831 INFO     [psi4.optking.displace:172] 

	        --- Internal Coordinate Step in ANG or DEG, aJ/ANG or AJ/DEG ---
	-------------------------------------------------------------------------------
	           Coordinate      Previous         Force          Change          New 
	           ----------      --------        ------          ------        ------
	               R(1,2)       1.54556        0.00257        0.00044       1.54601
	-------------------------------------------------------------------------------

2025-12-23:10:49:30,831 INFO     [psi4.optking.stepAlgorithms:113] 	|target step| :    0.0008394628
2025-12-23:10:49:30,831 INFO     [psi4.optking.stepAlgorithms:114] 	gradient     :   -0.0003115736
2025-12-23:10:49:30,831 INFO     [psi4.optking.stepAlgorithms:115] 	hessian      :    0.3711580499
2025-12-23:10:49:30,831 INFO     [psi4.optking.stepAlgorithms:113] 	|target step| :    0.0008394628
2025-12-23:10:49:30,831 INFO     [psi4.optking.stepAlgorithms:114] 	gradient     :   -0.0003115736
2025-12-23:10:49:30,831 INFO     [psi4.optking.stepAlgorithms:115] 	hessian      :    0.3711580499
2025-12-23:10:49:30,831 INFO     [psi4.optking.stepAlgorithms:206] 	Norm of achieved step-size    0.0008394628
2025-12-23:10:49:30,831 INFO     [psi4.optking.stepAlgorithms:208] 	Norm of achieved step-size (cart):    0.0005935898
2025-12-23:10:49:30,832 INFO     [psi4.optking.opt_helper:164] Molsys:

	                            ===> Fragment 1 <== 

	 Z (Atomic Numbers)          Masses                          Geom                  
	       5.000000            11.009305         -0.00000000  1.46076668  0.00000000   
	       5.000000            11.009305          0.00000000 -1.46076668  0.00000000   

	 - Coordinate -           - BOHR/RAD -       - ANG/DEG -
	 R(1,2)           =         2.921533           1.546009

2025-12-23:10:49:30,832 INFO     [psi4.optking.convcheck:76] Performing convergence check.
2025-12-23:10:49:30,832 INFO     [psi4.optking.convcheck:282] 
	                                 ==> Convergence Check <==                                  
    
	Measures of convergence in internal coordinates in au.
    
	Criteria marked as inactive (o), active & met (*), and active & unmet ( ).

	----------------------------------------------------------------------------------------------
	   Step    Total Energy     Delta E     Max Force     RMS Force      Max Disp      RMS Disp   
	----------------------------------------------------------------------------------------------
	  Convergence Criteria     1.00e-06 *    3.00e-04 *             o    1.20e-03 *             o
	----------------------------------------------------------------------------------------------
	     7     -49.04973872   -1.67e-06      3.12e-04      3.12e-04 o    8.39e-04 *    8.39e-04 o  ~
	----------------------------------------------------------------------------------------------


2025-12-23:10:49:30,832 INFO     [psi4.optking.stepAlgorithms:296] 	Convergence check returned False
2025-12-23:10:49:30,843 INFO     [psi4.driver.task_planner:259] PLANNING Atomic:  keywords={'DAMPING_PERCENTAGE': 1.0, 'GEOM_MAXITER': 500, 'SCF__GUESS': 'READ', 'GUESS': 'SAP', 'MAXITER': 500, 'REFERENCE': 'UKS', 'function_kwargs': {}}
2025-12-23:10:49:30,844 INFO     [psi4.driver.driver:638] Compute gradient(): method=b3lyp, basis=cc-pvdz, molecule=default, nre=8.557150265542406
2025-12-23:10:49:31,97 INFO     [psi4.driver.driver:641] Return gradient(): -49.04973887022634
2025-12-23:10:49:31,97 INFO     [psi4.driver.driver:642] [[ 0.00000000 -0.00005371 -0.00000000]
 [-0.00000000  0.00005371  0.00000000]]
2025-12-23:10:49:31,99 INFO     [psi4.optking.history:269] 	Performing BFGS update.
2025-12-23:10:49:31,99 INFO     [psi4.optking.history:280] 	Using 4 previous steps for update.
2025-12-23:10:49:31,99 INFO     [psi4.optking.history:317] 	Steps to be used in Hessian update:  7 6 5 4

2025-12-23:10:49:31,99 INFO     [psi4.optking.history:418] 	Updated Hessian (in au) 
 	   0.323617

2025-12-23:10:49:31,99 INFO     [psi4.optking.molsys:944] Projected (PHP) Hessian matrix
	   0.323617

2025-12-23:10:49:31,99 INFO     [psi4.optking.opt_helper:182] 
	         Geometry (au)                                       Gradient (au)
  -0.0000000000   1.4607666819   0.0000000000		   0.0000000000  -0.0000537102  -0.0000000000
   0.0000000000  -1.4607666819   0.0000000000		  -0.0000000000   0.0000537102   0.0000000000

2025-12-23:10:49:31,99 INFO     [psi4.optking.stepAlgorithms:368] 	Current Step Report 
 
	Current energy:       -49.0497388702
	Energy change for the previous step:
		Actual       :        -0.0000001505
		Projected    :        -0.0000001308

2025-12-23:10:49:31,99 INFO     [psi4.optking.stepAlgorithms:371] 	Energy ratio =    1.15114
2025-12-23:10:49:31,100 INFO     [psi4.optking.stepAlgorithms:929] 	Using RFO solution 1.
2025-12-23:10:49:31,100 INFO     [psi4.optking.displace:100] 	Determining Cartesian step for fragment 1.
2025-12-23:10:49:31,100 INFO     [psi4.optking.displace:415] 	Successfully converged to displaced geometry.
2025-12-23:10:49:31,100 INFO     [psi4.optking.displace:416] 	RMS(dx):  0.000e+00 	Max(dx):  0.000e+00 	RMS(dq):  0.000e+00
2025-12-23:10:49:31,100 INFO     [psi4.optking.displace:172] 

	        --- Internal Coordinate Step in ANG or DEG, aJ/ANG or AJ/DEG ---
	-------------------------------------------------------------------------------
	           Coordinate      Previous         Force          Change          New 
	           ----------      --------        ------          ------        ------
	               R(1,2)       1.54601        0.00044        0.00009       1.54610
	-------------------------------------------------------------------------------

2025-12-23:10:49:31,100 INFO     [psi4.optking.stepAlgorithms:113] 	|target step| :    0.0001659686
2025-12-23:10:49:31,100 INFO     [psi4.optking.stepAlgorithms:114] 	gradient     :   -0.0000537102
2025-12-23:10:49:31,100 INFO     [psi4.optking.stepAlgorithms:115] 	hessian      :    0.3236168288
2025-12-23:10:49:31,100 INFO     [psi4.optking.stepAlgorithms:113] 	|target step| :    0.0001659686
2025-12-23:10:49:31,100 INFO     [psi4.optking.stepAlgorithms:114] 	gradient     :   -0.0000537102
2025-12-23:10:49:31,100 INFO     [psi4.optking.stepAlgorithms:115] 	hessian      :    0.3236168288
2025-12-23:10:49:31,100 INFO     [psi4.optking.stepAlgorithms:206] 	Norm of achieved step-size    0.0001659686
2025-12-23:10:49:31,100 INFO     [psi4.optking.stepAlgorithms:208] 	Norm of achieved step-size (cart):    0.0001173575
2025-12-23:10:49:31,100 INFO     [psi4.optking.opt_helper:164] Molsys:

	                            ===> Fragment 1 <== 

	 Z (Atomic Numbers)          Masses                          Geom                  
	       5.000000            11.009305         -0.00000000  1.46084967  0.00000000   
	       5.000000            11.009305          0.00000000 -1.46084967  0.00000000   

	 - Coordinate -           - BOHR/RAD -       - ANG/DEG -
	 R(1,2)           =         2.921699           1.546097

2025-12-23:10:49:31,100 INFO     [psi4.optking.convcheck:76] Performing convergence check.
2025-12-23:10:49:31,100 INFO     [psi4.optking.convcheck:282] 
	                                 ==> Convergence Check <==                                  
    
	Measures of convergence in internal coordinates in au.
    
	Criteria marked as inactive (o), active & met (*), and active & unmet ( ).

	----------------------------------------------------------------------------------------------
	   Step    Total Energy     Delta E     Max Force     RMS Force      Max Disp      RMS Disp   
	----------------------------------------------------------------------------------------------
	  Convergence Criteria     1.00e-06 *    3.00e-04 *             o    1.20e-03 *             o
	----------------------------------------------------------------------------------------------
	     8     -49.04973887   -1.51e-07 *    5.37e-05 *    5.37e-05 o    1.66e-04 *    1.66e-04 o  ~
	----------------------------------------------------------------------------------------------


2025-12-23:10:49:31,101 INFO     [psi4.optking.convcheck:206] 
	                      ===> Final Convergence Report <===                     

	----------------------------------------------------------------------------
	|   Required Criteria    |  One or More Criteria  |   Alternate Criteria   |
	----------------------------------------------------------------------------
	| [x]     max_force      | [x]       max_DE       |                        |
	|                        | [x]      max_disp      |                        |
	----------------------------------------------------------------------------


2025-12-23:10:49:31,101 INFO     [psi4.optking.stepAlgorithms:296] 	Convergence check returned True
2025-12-23:10:49:31,101 INFO     [psi4.optking.optimize:332] 	Converged in 8 steps!
2025-12-23:10:49:31,101 INFO     [psi4.optking.optimize:333] 	Final energy is    -49.0497388702263
2025-12-23:10:49:31,101 INFO     [psi4.optking.optimize:334] 	Final structure (Angstroms): 
	Fragment 1 (Ang)

	    B  -0.0000000000   0.7730483516   0.0000000000
	    B   0.0000000000  -0.7730483516   0.0000000000


2025-12-23:10:49:31,101 INFO     [psi4.optking.optimize:562] 	Optimization Finished

	==> Optimization Summary <==

        
	Measures of convergence in internal coordinates in au. (Any backward steps not shown.)
        
	---------------------------------------------------------------------------------------------------------------  ~
        
	 Step         Total Energy             Delta E       MAX Force       RMS Force        MAX Disp        RMS Disp   ~
        
	---------------------------------------------------------------------------------------------------------------  ~
        
	     1     -48.929894933745    -48.929894933745      0.48287034      0.48287034      0.39043211      0.39043211  ~
	     2     -49.036257003925     -0.106362070180      0.11458054      0.11458054      0.11972812      0.11972812  ~
	     3     -49.046134088217     -0.009877084292      0.05333607      0.05333607      0.10315825      0.10315825  ~
	     4     -49.049475473942     -0.003341385726      0.01317428      0.01317428      0.02893223      0.02893223  ~
	     5     -49.049717381334     -0.000241907392      0.00367119      0.00367119      0.00833483      0.00833483  ~
	     6     -49.049737050925     -0.000019669591      0.00106339      0.00106339      0.00243702      0.00243702  ~
	     7     -49.049738719683     -0.000001668758      0.00031157      0.00031157      0.00083946      0.00083946  ~
	     8     -49.049738870226     -0.000000150543      0.00005371      0.00005371      0.00016597      0.00016597  ~
	----------------------------------------------------------------------------------------------------------------


2025-12-23:10:49:31,101 INFO     [psi4.optking.optimize:806] Preparing OptimizationResult
