2025-12-23:10:29:56,25 WARNING  [psi4.optking:38] Some dependencies such as QCElemental have not yet finished migration to pydantic v2. If issues are encountered please downgrade pydantic or upgrade QCElemental as appropriate
2025-12-23:10:29:56,179 INFO     [psi4.optking.optwrapper:234] Creating a UserComputer
2025-12-23:10:29:56,179 INFO     [psi4.optking.optwrapper:242] 
    			-----------------------------------------

    			 OPTKING 3.0: for geometry optimizations 

    			     By R.A. King, Bethel University     

    			        with contributions from          

    			    A.V. Copan, J. Cayton, A. Heide      

    			-----------------------------------------

    
2025-12-23:10:29:56,179 INFO     [psi4.optking.optwrapper:272] 
		 -- Optimization Parameters --
	GEOM_MAXITER                   =             500
	ALG_GEOM_MAXITER               =              50
	PRINT                          =               1
	OPT_TYPE                       =             MIN
	STEP_TYPE                      =             RFO
	PROGRAM                        =            PSI4
	STEEPEST_DESCENT_TYPE          =         OVERLAP
	CONJUGATE_GRADIENT_TYPE        =        FLETCHER
	OPT_COORDINATES                =        INTERNAL
	RFO_FOLLOW_ROOT                =           False
	RFO_ROOT                       =               0
	ACCEPT_SYMMETRY_BREAKING       =           False
	DYNAMIC_LVL                    =               0
	DYNAMIC_LVL_MAX                =               0
	IRC_STEP_SIZE                  =             0.2
	IRC_DIRECTION                  =         FORWARD
	IRC_POINTS                     =              20
	IRC_MODE                       =          NORMAL
	IRC_CONVERGENCE                =            -0.7
	INTRAFRAG_STEP_LIMIT           =             0.5
	INTRAFRAG_STEP_LIMIT_MIN       =           0.001
	INTRAFRAG_STEP_LIMIT_MAX       =             1.0
	INTERFRAG_STEP_LIMIT           =             0.5
	INTERFRAG_STEP_LIMIT_MIN       =           0.001
	INTERFRAG_STEP_LIMIT_MAX       =             1.0
	ENSURE_BT_CONVERGENCE          =           False
	SIMPLE_STEP_SCALING            =           False
	CONSECUTIVE_BACKSTEPS          =               0
	RFO_NORMALIZATION_MAX          =             100
	RSRFO_ALPHA_MAX                =     100000000.0
	PRINT_TRAJECTORY_XYZ_FILE      =           False
	WRITE_TRAJECTORY               =           False
	FROZEN_DISTANCE                =                
	FROZEN_BEND                    =                
	FROZEN_DIHEDRAL                =                
	FROZEN_OOFP                    =                
	FROZEN_CARTESIAN               =                
	FREEZE_ALL_DIHEDRALS           =           False
	UNFREEZE_DIHEDRALS             =                
	RANGED_DISTANCE                =                
	RANGED_BEND                    =                
	RANGED_DIHEDRAL                =                
	RANGED_OOFP                    =                
	RANGED_CARTESIAN               =                
	EXT_FORCE_DISTANCE             =                
	EXT_FORCE_BEND                 =                
	EXT_FORCE_DIHEDRAL             =                
	EXT_FORCE_OOFP                 =                
	EXT_FORCE_CARTESIAN            =                
	G_CONVERGENCE                  =           QCHEM
	MAX_FORCE_G_CONVERGENCE        =          0.0003
	RMS_FORCE_G_CONVERGENCE        =          0.0003
	MAX_ENERGY_G_CONVERGENCE       =           1e-06
	MAX_DISP_G_CONVERGENCE         =          0.0012
	RMS_DISP_G_CONVERGENCE         =          0.0012
	FLEXIBLE_G_CONVERGENCE         =           False
	HESS_UPDATE                    =            BFGS
	HESS_UPDATE_USE_LAST           =               4
	HESS_UPDATE_LIMIT              =            True
	HESS_UPDATE_LIMIT_MAX          =             1.0
	HESS_UPDATE_LIMIT_SCALE        =             0.5
	HESS_UPDATE_DEN_TOL            =           1e-07
	HESS_UPDATE_DQ_TOL             =             0.5
	CART_HESS_READ                 =           False
	HESSIAN_FILE                   =               .
	FULL_HESS_EVERY                =              -1
	INTRAFRAG_HESS                 =        SCHLEGEL
	H_GUESS_EVERY                  =           False
	BT_MAX_ITER                    =              25
	BT_DX_CONV                     =           1e-07
	BT_DX_RMS_CHANGE_CONV          =           1e-12
	BT_PINV_RCOND                  =           1e-06
	FRAG_MODE                      =          SINGLE
	FRAG_REF_ATOMS                 =              []
	FREEZE_INTRAFRAG               =           False
	INTERFRAG_MODE                 =           FIXED
	ADD_AUXILIARY_BONDS            =           False
	AUXILIARY_BOND_FACTOR          =             2.5
	INTERFRAG_DIST_INV             =           False
	INTERFRAG_COLLINEAR_TOL        =            0.01
	INTERFRAG_COORDS               =              []
	INTERFRAG_HESS                 =         DEFAULT
	COVALENT_CONNECT               =             1.3
	INTERFRAGMENT_CONNECT          =             1.8
	H_BOND_CONNECT                 =             4.3
	INCLUDE_OOFP                   =           False
	TEST_B                         =           False
	TEST_DERIVATIVE_B              =           False
	LINESEARCH_STEP                =             0.1
	LINESEARCH                     =           False
	SD_HESSIAN                     =             1.0
	FIX_VAL_NEAR_PI                =            1.57
	V3D_TORS_ANGLE_LIM             =           0.017
	V3D_TORS_COS_TOL               =           1e-10
	LINEAR_BEND_THRESHOLD          =            3.05
	SMALL_BEND_FIX_THRESHOLD       =            0.35
	REDUNDANT_EVAL_TOL             =           1e-10
	LINEAR_ALGEBRA_TOL             =           1e-10


2025-12-23:10:29:56,315 INFO     [psi4.optking.opt_helper:164] Molsys:

	                            ===> Fragment 1 <== 

	 Z (Atomic Numbers)          Masses                          Geom                  
	       1.000000             1.007825          0.00000000  0.00000000  2.18601833   
	      13.000000            26.981539          0.00000000  0.00000000 -0.08165302   

	 - Coordinate -           - BOHR/RAD -       - ANG/DEG -
	 R(1,2)           =         2.267671           1.200000

2025-12-23:10:29:56,325 INFO     [psi4.driver.task_planner:259] PLANNING Atomic:  keywords={'DAMPING_PERCENTAGE': 1.0, 'GEOM_MAXITER': 500, 'GUESS': 'SAP', 'MAXITER': 500, 'REFERENCE': 'UKS', 'function_kwargs': {}}
2025-12-23:10:29:56,326 INFO     [psi4.driver.driver:638] Compute gradient(): method=b3lyp, basis=cc-pvdz, molecule=default, nre=5.732753115591667
2025-12-23:10:29:56,808 INFO     [psi4.driver.driver:641] Return gradient(): -242.33488969099255
2025-12-23:10:29:56,808 INFO     [psi4.driver.driver:642] [[ 0.00000000  0.00000000 -0.29237731]
 [-0.00000000  0.00000000  0.29237333]]
2025-12-23:10:29:56,810 INFO     [psi4.optking.molsys:944] Projected (PHP) Hessian matrix
	   0.417309

2025-12-23:10:29:56,810 INFO     [psi4.optking.opt_helper:182] 
	         Geometry (au)                                       Gradient (au)
   0.0000000000   0.0000000000   2.1860183345		   0.0000000000   0.0000000000  -0.2923773145
   0.0000000000   0.0000000000  -0.0816530160		  -0.0000000000   0.0000000000   0.2923733343

2025-12-23:10:29:56,810 INFO     [psi4.optking.stepAlgorithms:929] 	Using RFO solution 1.
2025-12-23:10:29:56,811 INFO     [psi4.optking.displace:100] 	Determining Cartesian step for fragment 1.
2025-12-23:10:29:56,811 INFO     [psi4.optking.displace:415] 	Successfully converged to displaced geometry.
2025-12-23:10:29:56,811 INFO     [psi4.optking.displace:416] 	RMS(dx):  0.000e+00 	Max(dx):  0.000e+00 	RMS(dq):  0.000e+00
2025-12-23:10:29:56,811 INFO     [psi4.optking.displace:172] 

	        --- Internal Coordinate Step in ANG or DEG, aJ/ANG or AJ/DEG ---
	-------------------------------------------------------------------------------
	           Coordinate      Previous         Force          Change          New 
	           ----------      --------        ------          ------        ------
	               R(1,2)       1.20000        2.40880        0.26459       1.46459
	-------------------------------------------------------------------------------

2025-12-23:10:29:56,811 INFO     [psi4.optking.stepAlgorithms:113] 	|target step| :    0.5000018641
2025-12-23:10:29:56,811 INFO     [psi4.optking.stepAlgorithms:114] 	gradient     :   -0.2923753244
2025-12-23:10:29:56,811 INFO     [psi4.optking.stepAlgorithms:115] 	hessian      :    0.4173085431
2025-12-23:10:29:56,811 INFO     [psi4.optking.stepAlgorithms:113] 	|target step| :    0.5000018641
2025-12-23:10:29:56,811 INFO     [psi4.optking.stepAlgorithms:114] 	gradient     :   -0.2923753244
2025-12-23:10:29:56,811 INFO     [psi4.optking.stepAlgorithms:115] 	hessian      :    0.4173085431
2025-12-23:10:29:56,811 INFO     [psi4.optking.stepAlgorithms:206] 	Norm of achieved step-size    0.5000018641
2025-12-23:10:29:56,811 INFO     [psi4.optking.stepAlgorithms:208] 	Norm of achieved step-size (cart):    0.3535547087
2025-12-23:10:29:56,811 INFO     [psi4.optking.opt_helper:164] Molsys:

	                            ===> Fragment 1 <== 

	 Z (Atomic Numbers)          Masses                          Geom                  
	       1.000000             1.007825          0.00000000  0.00000000  2.43601927   
	      13.000000            26.981539          0.00000000  0.00000000 -0.33165395   

	 - Coordinate -           - BOHR/RAD -       - ANG/DEG -
	 R(1,2)           =         2.767673           1.464590

2025-12-23:10:29:56,811 INFO     [psi4.optking.convcheck:76] Performing convergence check.
2025-12-23:10:29:56,812 INFO     [psi4.optking.convcheck:282] 
	                                 ==> Convergence Check <==                                  
    
	Measures of convergence in internal coordinates in au.
    
	Criteria marked as inactive (o), active & met (*), and active & unmet ( ).

	----------------------------------------------------------------------------------------------~
	   Step    Total Energy     Delta E     Max Force     RMS Force      Max Disp      RMS Disp   ~
	----------------------------------------------------------------------------------------------~
	  Convergence Criteria     1.00e-06 *    3.00e-04 *             o    1.20e-03 *             o~
	----------------------------------------------------------------------------------------------~
	     1    -242.33488969   -2.42e+02      2.92e-01      2.92e-01 o    5.00e-01      5.00e-01 o  ~
	----------------------------------------------------------------------------------------------


2025-12-23:10:29:56,812 INFO     [psi4.optking.stepAlgorithms:296] 	Convergence check returned False
2025-12-23:10:29:56,822 INFO     [psi4.driver.task_planner:259] PLANNING Atomic:  keywords={'DAMPING_PERCENTAGE': 1.0, 'GEOM_MAXITER': 500, 'SCF__GUESS': 'READ', 'GUESS': 'SAP', 'MAXITER': 500, 'REFERENCE': 'UKS', 'function_kwargs': {}}
2025-12-23:10:29:56,823 INFO     [psi4.driver.driver:638] Compute gradient(): method=b3lyp, basis=cc-pvdz, molecule=default, nre=4.697086321873549
2025-12-23:10:29:57,259 INFO     [psi4.driver.driver:641] Return gradient(): -242.43123542098047
2025-12-23:10:29:57,259 INFO     [psi4.driver.driver:642] [[ 0.00000000 -0.00000000 -0.12023617]
 [ 0.00000000  0.00000000  0.12023403]]
2025-12-23:10:29:57,261 INFO     [psi4.optking.history:269] 	Performing BFGS update.
2025-12-23:10:29:57,261 INFO     [psi4.optking.history:280] 	Using 1 previous steps for update.
2025-12-23:10:29:57,261 INFO     [psi4.optking.history:317] 	Steps to be used in Hessian update:  1

2025-12-23:10:29:57,261 INFO     [psi4.optking.history:418] 	Updated Hessian (in au) 
 	   0.344279

2025-12-23:10:29:57,261 INFO     [psi4.optking.molsys:944] Projected (PHP) Hessian matrix
	   0.344279

2025-12-23:10:29:57,261 INFO     [psi4.optking.opt_helper:182] 
	         Geometry (au)                                       Gradient (au)
   0.0000000000   0.0000000000   2.6680164168		   0.0000000000  -0.0000000000  -0.1202361734
   0.0000000000   0.0000000000  -0.0996567979		   0.0000000000   0.0000000000   0.1202340343

2025-12-23:10:29:57,261 INFO     [psi4.optking.stepAlgorithms:368] 	Current Step Report 
 
	Current energy:      -242.4312354210
	Energy change for the previous step:
		Actual       :        -0.0963457300
		Projected    :        -0.0752192881

2025-12-23:10:29:57,261 INFO     [psi4.optking.stepAlgorithms:371] 	Energy ratio =    1.28086
2025-12-23:10:29:57,261 INFO     [psi4.optking.stepAlgorithms:399] 	Energy ratio indicates good step.
2025-12-23:10:29:57,261 INFO     [psi4.optking.stepAlgorithms:400] 	Intrafrag trust radius increased to      1.
2025-12-23:10:29:57,262 INFO     [psi4.optking.stepAlgorithms:929] 	Using RFO solution 1.
2025-12-23:10:29:57,262 INFO     [psi4.optking.displace:100] 	Determining Cartesian step for fragment 1.
2025-12-23:10:29:57,262 INFO     [psi4.optking.displace:415] 	Successfully converged to displaced geometry.
2025-12-23:10:29:57,262 INFO     [psi4.optking.displace:416] 	RMS(dx):  0.000e+00 	Max(dx):  0.000e+00 	RMS(dq):  0.000e+00
2025-12-23:10:29:57,262 INFO     [psi4.optking.displace:172] 

	        --- Internal Coordinate Step in ANG or DEG, aJ/ANG or AJ/DEG ---
	-------------------------------------------------------------------------------
	           Coordinate      Previous         Force          Change          New 
	           ----------      --------        ------          ------        ------
	               R(1,2)       1.46459        0.99058        0.16651       1.63110
	-------------------------------------------------------------------------------

2025-12-23:10:29:57,262 INFO     [psi4.optking.stepAlgorithms:113] 	|target step| :    0.3146591342
2025-12-23:10:29:57,262 INFO     [psi4.optking.stepAlgorithms:114] 	gradient     :   -0.1202351038
2025-12-23:10:29:57,262 INFO     [psi4.optking.stepAlgorithms:115] 	hessian      :    0.3442791575
2025-12-23:10:29:57,262 INFO     [psi4.optking.stepAlgorithms:113] 	|target step| :    0.3146591342
2025-12-23:10:29:57,262 INFO     [psi4.optking.stepAlgorithms:114] 	gradient     :   -0.1202351038
2025-12-23:10:29:57,262 INFO     [psi4.optking.stepAlgorithms:115] 	hessian      :    0.3442791575
2025-12-23:10:29:57,262 INFO     [psi4.optking.stepAlgorithms:206] 	Norm of achieved step-size    0.3146591342
2025-12-23:10:29:57,262 INFO     [psi4.optking.stepAlgorithms:208] 	Norm of achieved step-size (cart):    0.2224976076
2025-12-23:10:29:57,262 INFO     [psi4.optking.opt_helper:164] Molsys:

	                            ===> Fragment 1 <== 

	 Z (Atomic Numbers)          Masses                          Geom                  
	       1.000000             1.007825          0.00000000  0.00000000  2.82534598   
	      13.000000            26.981539          0.00000000  0.00000000 -0.25698636   

	 - Coordinate -           - BOHR/RAD -       - ANG/DEG -
	 R(1,2)           =         3.082332           1.631100

2025-12-23:10:29:57,262 INFO     [psi4.optking.convcheck:76] Performing convergence check.
2025-12-23:10:29:57,262 INFO     [psi4.optking.convcheck:282] 
	                                 ==> Convergence Check <==                                  
    
	Measures of convergence in internal coordinates in au.
    
	Criteria marked as inactive (o), active & met (*), and active & unmet ( ).

	----------------------------------------------------------------------------------------------
	   Step    Total Energy     Delta E     Max Force     RMS Force      Max Disp      RMS Disp   
	----------------------------------------------------------------------------------------------
	  Convergence Criteria     1.00e-06 *    3.00e-04 *             o    1.20e-03 *             o
	----------------------------------------------------------------------------------------------
	     2    -242.43123542   -9.63e-02      1.20e-01      1.20e-01 o    3.15e-01      3.15e-01 o  ~
	----------------------------------------------------------------------------------------------


2025-12-23:10:29:57,262 INFO     [psi4.optking.stepAlgorithms:296] 	Convergence check returned False
2025-12-23:10:29:57,273 INFO     [psi4.driver.task_planner:259] PLANNING Atomic:  keywords={'DAMPING_PERCENTAGE': 1.0, 'GEOM_MAXITER': 500, 'SCF__GUESS': 'READ', 'GUESS': 'SAP', 'MAXITER': 500, 'REFERENCE': 'UKS', 'function_kwargs': {}}
2025-12-23:10:29:57,274 INFO     [psi4.driver.driver:638] Compute gradient(): method=b3lyp, basis=cc-pvdz, molecule=default, nre=4.217585428371439
2025-12-23:10:29:57,721 INFO     [psi4.driver.driver:641] Return gradient(): -242.46039617278976
2025-12-23:10:29:57,721 INFO     [psi4.driver.driver:642] [[ 0.00000000  0.00000000 -0.06958040]
 [ 0.00000000 -0.00000000  0.06958245]]
2025-12-23:10:29:57,723 INFO     [psi4.optking.history:269] 	Performing BFGS update.
2025-12-23:10:29:57,723 INFO     [psi4.optking.history:280] 	Using 2 previous steps for update.
2025-12-23:10:29:57,723 WARNING  [psi4.optking.history:301] 	Change in internal coordinate of 8.15e-01 exceeds limit of 5.00e-01.
2025-12-23:10:29:57,723 WARNING  [psi4.optking.history:306] 	Skipping Hessian update for step 1.
2025-12-23:10:29:57,723 INFO     [psi4.optking.history:317] 	Steps to be used in Hessian update:  2

2025-12-23:10:29:57,723 INFO     [psi4.optking.history:418] 	Updated Hessian (in au) 
 	   0.160980

2025-12-23:10:29:57,724 INFO     [psi4.optking.molsys:944] Projected (PHP) Hessian matrix
	   0.160980

2025-12-23:10:29:57,724 INFO     [psi4.optking.opt_helper:182] 
	         Geometry (au)                                       Gradient (au)
   0.0000000000   0.0000000000   2.9713454845		   0.0000000000   0.0000000000  -0.0695804039
   0.0000000000   0.0000000000  -0.1109868644		   0.0000000000  -0.0000000000   0.0695824474

2025-12-23:10:29:57,724 INFO     [psi4.optking.stepAlgorithms:368] 	Current Step Report 
 
	Current energy:      -242.4603961728
	Energy change for the previous step:
		Actual       :        -0.0291607518
		Projected    :        -0.0189165368

2025-12-23:10:29:57,724 INFO     [psi4.optking.stepAlgorithms:371] 	Energy ratio =    1.54155
2025-12-23:10:29:57,724 INFO     [psi4.optking.stepAlgorithms:929] 	Using RFO solution 1.
2025-12-23:10:29:57,724 INFO     [psi4.optking.displace:100] 	Determining Cartesian step for fragment 1.
2025-12-23:10:29:57,724 INFO     [psi4.optking.displace:415] 	Successfully converged to displaced geometry.
2025-12-23:10:29:57,724 INFO     [psi4.optking.displace:416] 	RMS(dx):  0.000e+00 	Max(dx):  0.000e+00 	RMS(dq):  0.000e+00
2025-12-23:10:29:57,724 INFO     [psi4.optking.displace:172] 

	        --- Internal Coordinate Step in ANG or DEG, aJ/ANG or AJ/DEG ---
	-------------------------------------------------------------------------------
	           Coordinate      Previous         Force          Change          New 
	           ----------      --------        ------          ------        ------
	               R(1,2)       1.63110        0.57326        0.19702       1.82812
	-------------------------------------------------------------------------------

2025-12-23:10:29:57,724 INFO     [psi4.optking.stepAlgorithms:113] 	|target step| :    0.3723199979
2025-12-23:10:29:57,724 INFO     [psi4.optking.stepAlgorithms:114] 	gradient     :   -0.0695814257
2025-12-23:10:29:57,724 INFO     [psi4.optking.stepAlgorithms:115] 	hessian      :    0.1609795257
2025-12-23:10:29:57,724 INFO     [psi4.optking.stepAlgorithms:113] 	|target step| :    0.3723199979
2025-12-23:10:29:57,724 INFO     [psi4.optking.stepAlgorithms:114] 	gradient     :   -0.0695814257
2025-12-23:10:29:57,724 INFO     [psi4.optking.stepAlgorithms:115] 	hessian      :    0.1609795257
2025-12-23:10:29:57,724 INFO     [psi4.optking.stepAlgorithms:206] 	Norm of achieved step-size    0.3723199979
2025-12-23:10:29:57,724 INFO     [psi4.optking.stepAlgorithms:208] 	Norm of achieved step-size (cart):    0.2632699953
2025-12-23:10:29:57,725 INFO     [psi4.optking.opt_helper:164] Molsys:

	                            ===> Fragment 1 <== 

	 Z (Atomic Numbers)          Masses                          Geom                  
	       1.000000             1.007825          0.00000000  0.00000000  3.15750548   
	      13.000000            26.981539          0.00000000  0.00000000 -0.29714686   

	 - Coordinate -           - BOHR/RAD -       - ANG/DEG -
	 R(1,2)           =         3.454652           1.828123

2025-12-23:10:29:57,725 INFO     [psi4.optking.convcheck:76] Performing convergence check.
2025-12-23:10:29:57,725 INFO     [psi4.optking.convcheck:282] 
	                                 ==> Convergence Check <==                                  
    
	Measures of convergence in internal coordinates in au.
    
	Criteria marked as inactive (o), active & met (*), and active & unmet ( ).

	----------------------------------------------------------------------------------------------
	   Step    Total Energy     Delta E     Max Force     RMS Force      Max Disp      RMS Disp   
	----------------------------------------------------------------------------------------------
	  Convergence Criteria     1.00e-06 *    3.00e-04 *             o    1.20e-03 *             o
	----------------------------------------------------------------------------------------------
	     3    -242.46039617   -2.92e-02      6.96e-02      6.96e-02 o    3.72e-01      3.72e-01 o  ~
	----------------------------------------------------------------------------------------------


2025-12-23:10:29:57,725 INFO     [psi4.optking.stepAlgorithms:296] 	Convergence check returned False
2025-12-23:10:29:57,735 INFO     [psi4.driver.task_planner:259] PLANNING Atomic:  keywords={'DAMPING_PERCENTAGE': 1.0, 'GEOM_MAXITER': 500, 'SCF__GUESS': 'READ', 'GUESS': 'SAP', 'MAXITER': 500, 'REFERENCE': 'UKS', 'function_kwargs': {}}
2025-12-23:10:29:57,737 INFO     [psi4.driver.driver:638] Compute gradient(): method=b3lyp, basis=cc-pvdz, molecule=default, nre=3.76304145682923
2025-12-23:10:29:58,186 INFO     [psi4.driver.driver:641] Return gradient(): -242.47932237226516
2025-12-23:10:29:58,186 INFO     [psi4.driver.driver:642] [[ 0.00000000  0.00000000 -0.03553120]
 [ 0.00000000  0.00000000  0.03553093]]
2025-12-23:10:29:58,188 INFO     [psi4.optking.history:269] 	Performing BFGS update.
2025-12-23:10:29:58,188 INFO     [psi4.optking.history:280] 	Using 3 previous steps for update.
2025-12-23:10:29:58,188 WARNING  [psi4.optking.history:301] 	Change in internal coordinate of 6.87e-01 exceeds limit of 5.00e-01.
2025-12-23:10:29:58,188 WARNING  [psi4.optking.history:306] 	Skipping Hessian update for step 2.
2025-12-23:10:29:58,188 WARNING  [psi4.optking.history:301] 	Change in internal coordinate of 1.19e+00 exceeds limit of 5.00e-01.
2025-12-23:10:29:58,188 WARNING  [psi4.optking.history:306] 	Skipping Hessian update for step 1.
2025-12-23:10:29:58,188 INFO     [psi4.optking.history:317] 	Steps to be used in Hessian update:  3

2025-12-23:10:29:58,188 INFO     [psi4.optking.history:418] 	Updated Hessian (in au) 
 	   0.091455

2025-12-23:10:29:58,188 INFO     [psi4.optking.molsys:944] Projected (PHP) Hessian matrix
	   0.091455

2025-12-23:10:29:58,188 INFO     [psi4.optking.opt_helper:182] 
	         Geometry (au)                                       Gradient (au)
   0.0000000000   0.0000000000   3.3302591964		   0.0000000000   0.0000000000  -0.0355312004
   0.0000000000   0.0000000000  -0.1243931505		   0.0000000000   0.0000000000   0.0355309269

2025-12-23:10:29:58,188 INFO     [psi4.optking.stepAlgorithms:368] 	Current Step Report 
 
	Current energy:      -242.4793223723
	Energy change for the previous step:
		Actual       :        -0.0189261995
		Projected    :        -0.0129532781

2025-12-23:10:29:58,188 INFO     [psi4.optking.stepAlgorithms:371] 	Energy ratio =    1.46111
2025-12-23:10:29:58,189 INFO     [psi4.optking.stepAlgorithms:929] 	Using RFO solution 1.
2025-12-23:10:29:58,189 INFO     [psi4.optking.displace:100] 	Determining Cartesian step for fragment 1.
2025-12-23:10:29:58,189 INFO     [psi4.optking.displace:415] 	Successfully converged to displaced geometry.
2025-12-23:10:29:58,189 INFO     [psi4.optking.displace:416] 	RMS(dx):  1.282e-16 	Max(dx):  2.220e-16 	RMS(dq):  0.000e+00
2025-12-23:10:29:58,189 INFO     [psi4.optking.displace:172] 

	        --- Internal Coordinate Step in ANG or DEG, aJ/ANG or AJ/DEG ---
	-------------------------------------------------------------------------------
	           Coordinate      Previous         Force          Change          New 
	           ----------      --------        ------          ------        ------
	               R(1,2)       1.82812        0.29273        0.18143       2.00955
	-------------------------------------------------------------------------------

2025-12-23:10:29:58,189 INFO     [psi4.optking.stepAlgorithms:113] 	|target step| :    0.3428442030
2025-12-23:10:29:58,189 INFO     [psi4.optking.stepAlgorithms:114] 	gradient     :   -0.0355310636
2025-12-23:10:29:58,189 INFO     [psi4.optking.stepAlgorithms:115] 	hessian      :    0.0914545611
2025-12-23:10:29:58,189 INFO     [psi4.optking.stepAlgorithms:113] 	|target step| :    0.3428442030
2025-12-23:10:29:58,189 INFO     [psi4.optking.stepAlgorithms:114] 	gradient     :   -0.0355310636
2025-12-23:10:29:58,189 INFO     [psi4.optking.stepAlgorithms:115] 	hessian      :    0.0914545611
2025-12-23:10:29:58,189 INFO     [psi4.optking.stepAlgorithms:206] 	Norm of achieved step-size    0.3428442030
2025-12-23:10:29:58,189 INFO     [psi4.optking.stepAlgorithms:208] 	Norm of achieved step-size (cart):    0.2424274609
2025-12-23:10:29:58,189 INFO     [psi4.optking.opt_helper:164] Molsys:

	                            ===> Fragment 1 <== 

	 Z (Atomic Numbers)          Masses                          Geom                  
	       1.000000             1.007825          0.00000000  0.00000000  3.50168130   
	      13.000000            26.981539          0.00000000  0.00000000 -0.29581525   

	 - Coordinate -           - BOHR/RAD -       - ANG/DEG -
	 R(1,2)           =         3.797497           2.009549

2025-12-23:10:29:58,189 INFO     [psi4.optking.convcheck:76] Performing convergence check.
2025-12-23:10:29:58,190 INFO     [psi4.optking.convcheck:282] 
	                                 ==> Convergence Check <==                                  
    
	Measures of convergence in internal coordinates in au.
    
	Criteria marked as inactive (o), active & met (*), and active & unmet ( ).

	----------------------------------------------------------------------------------------------
	   Step    Total Energy     Delta E     Max Force     RMS Force      Max Disp      RMS Disp   
	----------------------------------------------------------------------------------------------
	  Convergence Criteria     1.00e-06 *    3.00e-04 *             o    1.20e-03 *             o
	----------------------------------------------------------------------------------------------
	     4    -242.47932237   -1.89e-02      3.55e-02      3.55e-02 o    3.43e-01      3.43e-01 o  ~
	----------------------------------------------------------------------------------------------


2025-12-23:10:29:58,190 INFO     [psi4.optking.stepAlgorithms:296] 	Convergence check returned False
2025-12-23:10:29:58,199 INFO     [psi4.driver.task_planner:259] PLANNING Atomic:  keywords={'DAMPING_PERCENTAGE': 1.0, 'GEOM_MAXITER': 500, 'SCF__GUESS': 'READ', 'GUESS': 'SAP', 'MAXITER': 500, 'REFERENCE': 'UKS', 'function_kwargs': {}}
2025-12-23:10:29:58,201 INFO     [psi4.driver.driver:638] Compute gradient(): method=b3lyp, basis=cc-pvdz, molecule=default, nre=3.423307915969622
2025-12-23:10:29:58,627 INFO     [psi4.driver.driver:641] Return gradient(): -242.48824769722933
2025-12-23:10:29:58,627 INFO     [psi4.driver.driver:642] [[ 0.00000000  0.00000000 -0.01817160]
 [ 0.00000000 -0.00000000  0.01817045]]
2025-12-23:10:29:58,629 INFO     [psi4.optking.history:269] 	Performing BFGS update.
2025-12-23:10:29:58,629 INFO     [psi4.optking.history:280] 	Using 4 previous steps for update.
2025-12-23:10:29:58,629 WARNING  [psi4.optking.history:301] 	Change in internal coordinate of 7.15e-01 exceeds limit of 5.00e-01.
2025-12-23:10:29:58,629 WARNING  [psi4.optking.history:306] 	Skipping Hessian update for step 3.
2025-12-23:10:29:58,629 WARNING  [psi4.optking.history:301] 	Change in internal coordinate of 1.03e+00 exceeds limit of 5.00e-01.
2025-12-23:10:29:58,629 WARNING  [psi4.optking.history:306] 	Skipping Hessian update for step 2.
2025-12-23:10:29:58,629 WARNING  [psi4.optking.history:301] 	Change in internal coordinate of 1.53e+00 exceeds limit of 5.00e-01.
2025-12-23:10:29:58,629 WARNING  [psi4.optking.history:306] 	Skipping Hessian update for step 1.
2025-12-23:10:29:58,629 INFO     [psi4.optking.history:317] 	Steps to be used in Hessian update:  4

2025-12-23:10:29:58,629 INFO     [psi4.optking.history:418] 	Updated Hessian (in au) 
 	   0.050635

2025-12-23:10:29:58,629 INFO     [psi4.optking.molsys:944] Projected (PHP) Hessian matrix
	   0.050635

2025-12-23:10:29:58,629 INFO     [psi4.optking.opt_helper:182] 
	         Geometry (au)                                       Gradient (au)
   0.0000000000   0.0000000000   3.6607584610		   0.0000000000   0.0000000000  -0.0181716035
   0.0000000000   0.0000000000  -0.1367380889		   0.0000000000  -0.0000000000   0.0181704539

2025-12-23:10:29:58,630 INFO     [psi4.optking.stepAlgorithms:368] 	Current Step Report 
 
	Current energy:      -242.4882476972
	Energy change for the previous step:
		Actual       :        -0.0089253250
		Projected    :        -0.0060908096

2025-12-23:10:29:58,630 INFO     [psi4.optking.stepAlgorithms:371] 	Energy ratio =    1.46538
2025-12-23:10:29:58,630 INFO     [psi4.optking.stepAlgorithms:929] 	Using RFO solution 1.
2025-12-23:10:29:58,630 INFO     [psi4.optking.displace:100] 	Determining Cartesian step for fragment 1.
2025-12-23:10:29:58,630 INFO     [psi4.optking.displace:415] 	Successfully converged to displaced geometry.
2025-12-23:10:29:58,630 INFO     [psi4.optking.displace:416] 	RMS(dx):  0.000e+00 	Max(dx):  0.000e+00 	RMS(dq):  0.000e+00
2025-12-23:10:29:58,630 INFO     [psi4.optking.displace:172] 

	        --- Internal Coordinate Step in ANG or DEG, aJ/ANG or AJ/DEG ---
	-------------------------------------------------------------------------------
	           Coordinate      Previous         Force          Change          New 
	           ----------      --------        ------          ------        ------
	               R(1,2)       2.00955        0.14971        0.17025       2.17979
	-------------------------------------------------------------------------------

2025-12-23:10:29:58,630 INFO     [psi4.optking.stepAlgorithms:113] 	|target step| :    0.3217176795
2025-12-23:10:29:58,630 INFO     [psi4.optking.stepAlgorithms:114] 	gradient     :   -0.0181710287
2025-12-23:10:29:58,630 INFO     [psi4.optking.stepAlgorithms:115] 	hessian      :    0.0506353462
2025-12-23:10:29:58,630 INFO     [psi4.optking.stepAlgorithms:113] 	|target step| :    0.3217176795
2025-12-23:10:29:58,630 INFO     [psi4.optking.stepAlgorithms:114] 	gradient     :   -0.0181710287
2025-12-23:10:29:58,630 INFO     [psi4.optking.stepAlgorithms:115] 	hessian      :    0.0506353462
2025-12-23:10:29:58,630 INFO     [psi4.optking.stepAlgorithms:206] 	Norm of achieved step-size    0.3217176795
2025-12-23:10:29:58,630 INFO     [psi4.optking.stepAlgorithms:208] 	Norm of achieved step-size (cart):    0.2274887528
2025-12-23:10:29:58,630 INFO     [psi4.optking.opt_helper:164] Molsys:

	                            ===> Fragment 1 <== 

	 Z (Atomic Numbers)          Masses                          Geom                  
	       1.000000             1.007825          0.00000000  0.00000000  3.82161730   
	      13.000000            26.981539          0.00000000  0.00000000 -0.29759693   

	 - Coordinate -           - BOHR/RAD -       - ANG/DEG -
	 R(1,2)           =         4.119214           2.179794

2025-12-23:10:29:58,630 INFO     [psi4.optking.convcheck:76] Performing convergence check.
2025-12-23:10:29:58,631 INFO     [psi4.optking.convcheck:282] 
	                                 ==> Convergence Check <==                                  
    
	Measures of convergence in internal coordinates in au.
    
	Criteria marked as inactive (o), active & met (*), and active & unmet ( ).

	----------------------------------------------------------------------------------------------
	   Step    Total Energy     Delta E     Max Force     RMS Force      Max Disp      RMS Disp   
	----------------------------------------------------------------------------------------------
	  Convergence Criteria     1.00e-06 *    3.00e-04 *             o    1.20e-03 *             o
	----------------------------------------------------------------------------------------------
	     5    -242.48824770   -8.93e-03      1.82e-02      1.82e-02 o    3.22e-01      3.22e-01 o  ~
	----------------------------------------------------------------------------------------------


2025-12-23:10:29:58,631 INFO     [psi4.optking.stepAlgorithms:296] 	Convergence check returned False
2025-12-23:10:29:58,640 INFO     [psi4.driver.task_planner:259] PLANNING Atomic:  keywords={'DAMPING_PERCENTAGE': 1.0, 'GEOM_MAXITER': 500, 'SCF__GUESS': 'READ', 'GUESS': 'SAP', 'MAXITER': 500, 'REFERENCE': 'UKS', 'function_kwargs': {}}
2025-12-23:10:29:58,642 INFO     [psi4.driver.driver:638] Compute gradient(): method=b3lyp, basis=cc-pvdz, molecule=default, nre=3.1559417102750786
2025-12-23:10:29:59,119 INFO     [psi4.driver.driver:641] Return gradient(): -242.49245523484586
2025-12-23:10:29:59,119 INFO     [psi4.driver.driver:642] [[-0.00000000  0.00000000 -0.00882823]
 [ 0.00000000  0.00000000  0.00882683]]
2025-12-23:10:29:59,121 INFO     [psi4.optking.history:269] 	Performing BFGS update.
2025-12-23:10:29:59,121 INFO     [psi4.optking.history:280] 	Using 4 previous steps for update.
2025-12-23:10:29:59,121 WARNING  [psi4.optking.history:301] 	Change in internal coordinate of 6.65e-01 exceeds limit of 5.00e-01.
2025-12-23:10:29:59,121 WARNING  [psi4.optking.history:306] 	Skipping Hessian update for step 4.
2025-12-23:10:29:59,121 WARNING  [psi4.optking.history:301] 	Change in internal coordinate of 1.04e+00 exceeds limit of 5.00e-01.
2025-12-23:10:29:59,121 WARNING  [psi4.optking.history:306] 	Skipping Hessian update for step 3.
2025-12-23:10:29:59,121 WARNING  [psi4.optking.history:301] 	Change in internal coordinate of 1.35e+00 exceeds limit of 5.00e-01.
2025-12-23:10:29:59,121 WARNING  [psi4.optking.history:306] 	Skipping Hessian update for step 2.
2025-12-23:10:29:59,121 WARNING  [psi4.optking.history:301] 	Change in internal coordinate of 1.85e+00 exceeds limit of 5.00e-01.
2025-12-23:10:29:59,121 WARNING  [psi4.optking.history:306] 	Skipping Hessian update for step 1.
2025-12-23:10:29:59,121 INFO     [psi4.optking.history:317] 	Steps to be used in Hessian update:  5

2025-12-23:10:29:59,121 INFO     [psi4.optking.history:418] 	Updated Hessian (in au) 
 	   0.029043

2025-12-23:10:29:59,121 INFO     [psi4.optking.molsys:944] Projected (PHP) Hessian matrix
	   0.029043

2025-12-23:10:29:59,122 INFO     [psi4.optking.opt_helper:182] 
	         Geometry (au)                                       Gradient (au)
   0.0000000000   0.0000000000   3.9708919138		  -0.0000000000   0.0000000000  -0.0088282316
   0.0000000000   0.0000000000  -0.1483223155		   0.0000000000   0.0000000000   0.0088268309

2025-12-23:10:29:59,122 INFO     [psi4.optking.stepAlgorithms:368] 	Current Step Report 
 
	Current energy:      -242.4924552348
	Energy change for the previous step:
		Actual       :        -0.0042075376
		Projected    :        -0.0029229706

2025-12-23:10:29:59,122 INFO     [psi4.optking.stepAlgorithms:371] 	Energy ratio =    1.43947
2025-12-23:10:29:59,122 INFO     [psi4.optking.stepAlgorithms:929] 	Using RFO solution 1.
2025-12-23:10:29:59,122 INFO     [psi4.optking.displace:100] 	Determining Cartesian step for fragment 1.
2025-12-23:10:29:59,122 INFO     [psi4.optking.displace:415] 	Successfully converged to displaced geometry.
2025-12-23:10:29:59,122 INFO     [psi4.optking.displace:416] 	RMS(dx):  0.000e+00 	Max(dx):  0.000e+00 	RMS(dq):  0.000e+00
2025-12-23:10:29:59,122 INFO     [psi4.optking.displace:172] 

	        --- Internal Coordinate Step in ANG or DEG, aJ/ANG or AJ/DEG ---
	-------------------------------------------------------------------------------
	           Coordinate      Previous         Force          Change          New 
	           ----------      --------        ------          ------        ------
	               R(1,2)       2.17979        0.07273        0.14822       2.32802
	-------------------------------------------------------------------------------

2025-12-23:10:29:59,122 INFO     [psi4.optking.stepAlgorithms:113] 	|target step| :    0.2801042344
2025-12-23:10:29:59,122 INFO     [psi4.optking.stepAlgorithms:114] 	gradient     :   -0.0088275313
2025-12-23:10:29:59,122 INFO     [psi4.optking.stepAlgorithms:115] 	hessian      :    0.0290425365
2025-12-23:10:29:59,122 INFO     [psi4.optking.stepAlgorithms:113] 	|target step| :    0.2801042344
2025-12-23:10:29:59,122 INFO     [psi4.optking.stepAlgorithms:114] 	gradient     :   -0.0088275313
2025-12-23:10:29:59,122 INFO     [psi4.optking.stepAlgorithms:115] 	hessian      :    0.0290425365
2025-12-23:10:29:59,122 INFO     [psi4.optking.stepAlgorithms:206] 	Norm of achieved step-size    0.2801042344
2025-12-23:10:29:59,122 INFO     [psi4.optking.stepAlgorithms:208] 	Norm of achieved step-size (cart):    0.1980636036
2025-12-23:10:29:59,122 INFO     [psi4.optking.opt_helper:164] Molsys:

	                            ===> Fragment 1 <== 

	 Z (Atomic Numbers)          Masses                          Geom                  
	       1.000000             1.007825          0.00000000  0.00000000  4.11094403   
	      13.000000            26.981539          0.00000000  0.00000000 -0.28837443   

	 - Coordinate -           - BOHR/RAD -       - ANG/DEG -
	 R(1,2)           =         4.399318           2.328019

2025-12-23:10:29:59,123 INFO     [psi4.optking.convcheck:76] Performing convergence check.
2025-12-23:10:29:59,123 INFO     [psi4.optking.convcheck:282] 
	                                 ==> Convergence Check <==                                  
    
	Measures of convergence in internal coordinates in au.
    
	Criteria marked as inactive (o), active & met (*), and active & unmet ( ).

	----------------------------------------------------------------------------------------------
	   Step    Total Energy     Delta E     Max Force     RMS Force      Max Disp      RMS Disp   
	----------------------------------------------------------------------------------------------
	  Convergence Criteria     1.00e-06 *    3.00e-04 *             o    1.20e-03 *             o
	----------------------------------------------------------------------------------------------
	     6    -242.49245523   -4.21e-03      8.83e-03      8.83e-03 o    2.80e-01      2.80e-01 o  ~
	----------------------------------------------------------------------------------------------


2025-12-23:10:29:59,123 INFO     [psi4.optking.stepAlgorithms:296] 	Convergence check returned False
2025-12-23:10:29:59,133 INFO     [psi4.driver.task_planner:259] PLANNING Atomic:  keywords={'DAMPING_PERCENTAGE': 1.0, 'GEOM_MAXITER': 500, 'SCF__GUESS': 'READ', 'GUESS': 'SAP', 'MAXITER': 500, 'REFERENCE': 'UKS', 'function_kwargs': {}}
2025-12-23:10:29:59,135 INFO     [psi4.driver.driver:638] Compute gradient(): method=b3lyp, basis=cc-pvdz, molecule=default, nre=2.955003168586801
2025-12-23:10:29:59,573 INFO     [psi4.driver.driver:641] Return gradient(): -242.4941924822891
2025-12-23:10:29:59,573 INFO     [psi4.driver.driver:642] [[-0.00000000 -0.00000000 -0.00397345]
 [ 0.00000000  0.00000000  0.00397207]]
2025-12-23:10:29:59,574 INFO     [psi4.optking.history:269] 	Performing BFGS update.
2025-12-23:10:29:59,575 INFO     [psi4.optking.history:280] 	Using 4 previous steps for update.
2025-12-23:10:29:59,575 WARNING  [psi4.optking.history:301] 	Change in internal coordinate of 6.02e-01 exceeds limit of 5.00e-01.
2025-12-23:10:29:59,575 WARNING  [psi4.optking.history:306] 	Skipping Hessian update for step 5.
2025-12-23:10:29:59,575 WARNING  [psi4.optking.history:301] 	Change in internal coordinate of 9.45e-01 exceeds limit of 5.00e-01.
2025-12-23:10:29:59,575 WARNING  [psi4.optking.history:306] 	Skipping Hessian update for step 4.
2025-12-23:10:29:59,575 WARNING  [psi4.optking.history:301] 	Change in internal coordinate of 1.32e+00 exceeds limit of 5.00e-01.
2025-12-23:10:29:59,575 WARNING  [psi4.optking.history:306] 	Skipping Hessian update for step 3.
2025-12-23:10:29:59,575 WARNING  [psi4.optking.history:301] 	Change in internal coordinate of 1.63e+00 exceeds limit of 5.00e-01.
2025-12-23:10:29:59,575 WARNING  [psi4.optking.history:306] 	Skipping Hessian update for step 2.
2025-12-23:10:29:59,575 WARNING  [psi4.optking.history:301] 	Change in internal coordinate of 2.13e+00 exceeds limit of 5.00e-01.
2025-12-23:10:29:59,575 WARNING  [psi4.optking.history:306] 	Skipping Hessian update for step 1.
2025-12-23:10:29:59,575 INFO     [psi4.optking.history:317] 	Steps to be used in Hessian update:  6

2025-12-23:10:29:59,575 INFO     [psi4.optking.history:418] 	Updated Hessian (in au) 
 	   0.017332

2025-12-23:10:29:59,575 INFO     [psi4.optking.molsys:944] Projected (PHP) Hessian matrix
	   0.017332

2025-12-23:10:29:59,575 INFO     [psi4.optking.opt_helper:182] 
	         Geometry (au)                                       Gradient (au)
   0.0000000000   0.0000000000   4.2409103148		  -0.0000000000  -0.0000000000  -0.0039734526
   0.0000000000   0.0000000000  -0.1584081490		   0.0000000000   0.0000000000   0.0039720653

2025-12-23:10:29:59,575 INFO     [psi4.optking.stepAlgorithms:368] 	Current Step Report 
 
	Current energy:      -242.4941924823
	Energy change for the previous step:
		Actual       :        -0.0017372474
		Projected    :        -0.0012363144

2025-12-23:10:29:59,575 INFO     [psi4.optking.stepAlgorithms:371] 	Energy ratio =    1.40518
2025-12-23:10:29:59,575 INFO     [psi4.optking.stepAlgorithms:929] 	Using RFO solution 1.
2025-12-23:10:29:59,575 INFO     [psi4.optking.displace:100] 	Determining Cartesian step for fragment 1.
2025-12-23:10:29:59,576 INFO     [psi4.optking.displace:415] 	Successfully converged to displaced geometry.
2025-12-23:10:29:59,576 INFO     [psi4.optking.displace:416] 	RMS(dx):  2.564e-16 	Max(dx):  4.441e-16 	RMS(dq):  8.882e-16
2025-12-23:10:29:59,576 INFO     [psi4.optking.displace:172] 

	        --- Internal Coordinate Step in ANG or DEG, aJ/ANG or AJ/DEG ---
	-------------------------------------------------------------------------------
	           Coordinate      Previous         Force          Change          New 
	           ----------      --------        ------          ------        ------
	               R(1,2)       2.32802        0.03273        0.11552       2.44353
	-------------------------------------------------------------------------------

2025-12-23:10:29:59,576 INFO     [psi4.optking.stepAlgorithms:113] 	|target step| :    0.2182925275
2025-12-23:10:29:59,576 INFO     [psi4.optking.stepAlgorithms:114] 	gradient     :   -0.0039727590
2025-12-23:10:29:59,576 INFO     [psi4.optking.stepAlgorithms:115] 	hessian      :    0.0173320204
2025-12-23:10:29:59,576 INFO     [psi4.optking.stepAlgorithms:113] 	|target step| :    0.2182925275
2025-12-23:10:29:59,576 INFO     [psi4.optking.stepAlgorithms:114] 	gradient     :   -0.0039727590
2025-12-23:10:29:59,576 INFO     [psi4.optking.stepAlgorithms:115] 	hessian      :    0.0173320204
2025-12-23:10:29:59,576 INFO     [psi4.optking.stepAlgorithms:206] 	Norm of achieved step-size    0.2182925275
2025-12-23:10:29:59,576 INFO     [psi4.optking.stepAlgorithms:208] 	Norm of achieved step-size (cart):    0.1543561264
2025-12-23:10:29:59,576 INFO     [psi4.optking.opt_helper:164] Molsys:

	                            ===> Fragment 1 <== 

	 Z (Atomic Numbers)          Masses                          Geom                  
	       1.000000             1.007825          0.00000000  0.00000000  4.35005658   
	      13.000000            26.981539          0.00000000  0.00000000 -0.26755441   

	 - Coordinate -           - BOHR/RAD -       - ANG/DEG -
	 R(1,2)           =         4.617611           2.443535

2025-12-23:10:29:59,576 INFO     [psi4.optking.convcheck:76] Performing convergence check.
2025-12-23:10:29:59,576 INFO     [psi4.optking.convcheck:282] 
	                                 ==> Convergence Check <==                                  
    
	Measures of convergence in internal coordinates in au.
    
	Criteria marked as inactive (o), active & met (*), and active & unmet ( ).

	----------------------------------------------------------------------------------------------
	   Step    Total Energy     Delta E     Max Force     RMS Force      Max Disp      RMS Disp   
	----------------------------------------------------------------------------------------------
	  Convergence Criteria     1.00e-06 *    3.00e-04 *             o    1.20e-03 *             o
	----------------------------------------------------------------------------------------------
	     7    -242.49419248   -1.74e-03      3.97e-03      3.97e-03 o    2.18e-01      2.18e-01 o  ~
	----------------------------------------------------------------------------------------------


2025-12-23:10:29:59,576 INFO     [psi4.optking.stepAlgorithms:296] 	Convergence check returned False
2025-12-23:10:29:59,587 INFO     [psi4.driver.task_planner:259] PLANNING Atomic:  keywords={'DAMPING_PERCENTAGE': 1.0, 'GEOM_MAXITER': 500, 'SCF__GUESS': 'READ', 'GUESS': 'SAP', 'MAXITER': 500, 'REFERENCE': 'UKS', 'function_kwargs': {}}
2025-12-23:10:29:59,588 INFO     [psi4.driver.driver:638] Compute gradient(): method=b3lyp, basis=cc-pvdz, molecule=default, nre=2.8153086140771877
2025-12-23:10:30:00,46 INFO     [psi4.driver.driver:641] Return gradient(): -242.4947780736583
2025-12-23:10:30:00,46 INFO     [psi4.driver.driver:642] [[-0.00000000 -0.00000000 -0.00155783]
 [ 0.00000000  0.00000000  0.00155661]]
2025-12-23:10:30:00,48 INFO     [psi4.optking.history:269] 	Performing BFGS update.
2025-12-23:10:30:00,48 INFO     [psi4.optking.history:280] 	Using 4 previous steps for update.
2025-12-23:10:30:00,48 WARNING  [psi4.optking.history:301] 	Change in internal coordinate of 8.20e-01 exceeds limit of 5.00e-01.
2025-12-23:10:30:00,48 WARNING  [psi4.optking.history:306] 	Skipping Hessian update for step 5.
2025-12-23:10:30:00,48 WARNING  [psi4.optking.history:301] 	Change in internal coordinate of 1.16e+00 exceeds limit of 5.00e-01.
2025-12-23:10:30:00,48 WARNING  [psi4.optking.history:306] 	Skipping Hessian update for step 4.
2025-12-23:10:30:00,48 WARNING  [psi4.optking.history:301] 	Change in internal coordinate of 1.54e+00 exceeds limit of 5.00e-01.
2025-12-23:10:30:00,48 WARNING  [psi4.optking.history:306] 	Skipping Hessian update for step 3.
2025-12-23:10:30:00,48 WARNING  [psi4.optking.history:301] 	Change in internal coordinate of 1.85e+00 exceeds limit of 5.00e-01.
2025-12-23:10:30:00,48 WARNING  [psi4.optking.history:306] 	Skipping Hessian update for step 2.
2025-12-23:10:30:00,48 WARNING  [psi4.optking.history:301] 	Change in internal coordinate of 2.35e+00 exceeds limit of 5.00e-01.
2025-12-23:10:30:00,48 WARNING  [psi4.optking.history:306] 	Skipping Hessian update for step 1.
2025-12-23:10:30:00,48 INFO     [psi4.optking.history:317] 	Steps to be used in Hessian update:  7 6

2025-12-23:10:30:00,48 INFO     [psi4.optking.history:418] 	Updated Hessian (in au) 
 	   0.014587

2025-12-23:10:30:00,49 INFO     [psi4.optking.molsys:944] Projected (PHP) Hessian matrix
	   0.014587

2025-12-23:10:30:00,49 INFO     [psi4.optking.opt_helper:182] 
	         Geometry (au)                                       Gradient (au)
   0.0000000000   0.0000000000   4.4513426895		  -0.0000000000  -0.0000000000  -0.0015578262
   0.0000000000   0.0000000000  -0.1662683017		   0.0000000000   0.0000000000   0.0015566068

2025-12-23:10:30:00,49 INFO     [psi4.optking.stepAlgorithms:368] 	Current Step Report 
 
	Current energy:      -242.4947780737
	Energy change for the previous step:
		Actual       :        -0.0005855914
		Projected    :        -0.0004336118

2025-12-23:10:30:00,49 INFO     [psi4.optking.stepAlgorithms:371] 	Energy ratio =    1.35050
2025-12-23:10:30:00,49 INFO     [psi4.optking.stepAlgorithms:929] 	Using RFO solution 1.
2025-12-23:10:30:00,49 INFO     [psi4.optking.displace:100] 	Determining Cartesian step for fragment 1.
2025-12-23:10:30:00,49 INFO     [psi4.optking.displace:415] 	Successfully converged to displaced geometry.
2025-12-23:10:30:00,49 INFO     [psi4.optking.displace:416] 	RMS(dx):  0.000e+00 	Max(dx):  0.000e+00 	RMS(dq):  0.000e+00
2025-12-23:10:30:00,49 INFO     [psi4.optking.displace:172] 

	        --- Internal Coordinate Step in ANG or DEG, aJ/ANG or AJ/DEG ---
	-------------------------------------------------------------------------------
	           Coordinate      Previous         Force          Change          New 
	           ----------      --------        ------          ------        ------
	               R(1,2)       2.44353        0.01283        0.05586       2.49940
	-------------------------------------------------------------------------------

2025-12-23:10:30:00,49 INFO     [psi4.optking.stepAlgorithms:113] 	|target step| :    0.1055612226
2025-12-23:10:30:00,49 INFO     [psi4.optking.stepAlgorithms:114] 	gradient     :   -0.0015572165
2025-12-23:10:30:00,49 INFO     [psi4.optking.stepAlgorithms:115] 	hessian      :    0.0145874037
2025-12-23:10:30:00,49 INFO     [psi4.optking.stepAlgorithms:113] 	|target step| :    0.1055612226
2025-12-23:10:30:00,49 INFO     [psi4.optking.stepAlgorithms:114] 	gradient     :   -0.0015572165
2025-12-23:10:30:00,49 INFO     [psi4.optking.stepAlgorithms:115] 	hessian      :    0.0145874037
2025-12-23:10:30:00,49 INFO     [psi4.optking.stepAlgorithms:206] 	Norm of achieved step-size    0.1055612226
2025-12-23:10:30:00,49 INFO     [psi4.optking.stepAlgorithms:208] 	Norm of achieved step-size (cart):    0.0746430563
2025-12-23:10:30:00,49 INFO     [psi4.optking.opt_helper:164] Molsys:

	                            ===> Fragment 1 <== 

	 Z (Atomic Numbers)          Masses                          Geom                  
	       1.000000             1.007825          0.00000000  0.00000000  4.50412330   
	      13.000000            26.981539          0.00000000  0.00000000 -0.21904891   

	 - Coordinate -           - BOHR/RAD -       - ANG/DEG -
	 R(1,2)           =         4.723172           2.499395

2025-12-23:10:30:00,50 INFO     [psi4.optking.convcheck:76] Performing convergence check.
2025-12-23:10:30:00,50 INFO     [psi4.optking.convcheck:282] 
	                                 ==> Convergence Check <==                                  
    
	Measures of convergence in internal coordinates in au.
    
	Criteria marked as inactive (o), active & met (*), and active & unmet ( ).

	----------------------------------------------------------------------------------------------
	   Step    Total Energy     Delta E     Max Force     RMS Force      Max Disp      RMS Disp   
	----------------------------------------------------------------------------------------------
	  Convergence Criteria     1.00e-06 *    3.00e-04 *             o    1.20e-03 *             o
	----------------------------------------------------------------------------------------------
	     8    -242.49477807   -5.86e-04      1.56e-03      1.56e-03 o    1.06e-01      1.06e-01 o  ~
	----------------------------------------------------------------------------------------------


2025-12-23:10:30:00,50 INFO     [psi4.optking.stepAlgorithms:296] 	Convergence check returned False
2025-12-23:10:30:00,60 INFO     [psi4.driver.task_planner:259] PLANNING Atomic:  keywords={'DAMPING_PERCENTAGE': 1.0, 'GEOM_MAXITER': 500, 'SCF__GUESS': 'READ', 'GUESS': 'SAP', 'MAXITER': 500, 'REFERENCE': 'UKS', 'function_kwargs': {}}
2025-12-23:10:30:00,61 INFO     [psi4.driver.driver:638] Compute gradient(): method=b3lyp, basis=cc-pvdz, molecule=default, nre=2.7523874657919007
2025-12-23:10:30:00,479 INFO     [psi4.driver.driver:641] Return gradient(): -242.4948956891845
2025-12-23:10:30:00,479 INFO     [psi4.driver.driver:642] [[ 0.00000000  0.00000000 -0.00070336]
 [-0.00000000  0.00000000  0.00070215]]
2025-12-23:10:30:00,481 INFO     [psi4.optking.history:269] 	Performing BFGS update.
2025-12-23:10:30:00,481 INFO     [psi4.optking.history:280] 	Using 4 previous steps for update.
2025-12-23:10:30:00,481 WARNING  [psi4.optking.history:301] 	Change in internal coordinate of 6.04e-01 exceeds limit of 5.00e-01.
2025-12-23:10:30:00,481 WARNING  [psi4.optking.history:306] 	Skipping Hessian update for step 6.
2025-12-23:10:30:00,481 WARNING  [psi4.optking.history:301] 	Change in internal coordinate of 9.26e-01 exceeds limit of 5.00e-01.
2025-12-23:10:30:00,481 WARNING  [psi4.optking.history:306] 	Skipping Hessian update for step 5.
2025-12-23:10:30:00,481 WARNING  [psi4.optking.history:301] 	Change in internal coordinate of 1.27e+00 exceeds limit of 5.00e-01.
2025-12-23:10:30:00,481 WARNING  [psi4.optking.history:306] 	Skipping Hessian update for step 4.
2025-12-23:10:30:00,481 WARNING  [psi4.optking.history:301] 	Change in internal coordinate of 1.64e+00 exceeds limit of 5.00e-01.
2025-12-23:10:30:00,481 WARNING  [psi4.optking.history:306] 	Skipping Hessian update for step 3.
2025-12-23:10:30:00,481 WARNING  [psi4.optking.history:301] 	Change in internal coordinate of 1.96e+00 exceeds limit of 5.00e-01.
2025-12-23:10:30:00,481 WARNING  [psi4.optking.history:306] 	Skipping Hessian update for step 2.
2025-12-23:10:30:00,481 WARNING  [psi4.optking.history:301] 	Change in internal coordinate of 2.46e+00 exceeds limit of 5.00e-01.
2025-12-23:10:30:00,481 WARNING  [psi4.optking.history:306] 	Skipping Hessian update for step 1.
2025-12-23:10:30:00,481 INFO     [psi4.optking.history:317] 	Steps to be used in Hessian update:  8 7

2025-12-23:10:30:00,482 INFO     [psi4.optking.history:418] 	Updated Hessian (in au) 
 	   0.010097

2025-12-23:10:30:00,482 INFO     [psi4.optking.molsys:944] Projected (PHP) Hessian matrix
	   0.010097

2025-12-23:10:30:00,482 INFO     [psi4.optking.opt_helper:182] 
	         Geometry (au)                                       Gradient (au)
   0.0000000000   0.0000000000   4.5531029238		   0.0000000000   0.0000000000  -0.0007033591
   0.0000000000   0.0000000000  -0.1700692900		  -0.0000000000   0.0000000000   0.0007021471

2025-12-23:10:30:00,482 INFO     [psi4.optking.stepAlgorithms:368] 	Current Step Report 
 
	Current energy:      -242.4948956892
	Energy change for the previous step:
		Actual       :        -0.0001176155
		Projected    :        -0.0000821908

2025-12-23:10:30:00,482 INFO     [psi4.optking.stepAlgorithms:371] 	Energy ratio =    1.43101
2025-12-23:10:30:00,482 INFO     [psi4.optking.stepAlgorithms:929] 	Using RFO solution 1.
2025-12-23:10:30:00,482 INFO     [psi4.optking.displace:100] 	Determining Cartesian step for fragment 1.
2025-12-23:10:30:00,482 INFO     [psi4.optking.displace:415] 	Successfully converged to displaced geometry.
2025-12-23:10:30:00,482 INFO     [psi4.optking.displace:416] 	RMS(dx):  0.000e+00 	Max(dx):  0.000e+00 	RMS(dq):  0.000e+00
2025-12-23:10:30:00,482 INFO     [psi4.optking.displace:172] 

	        --- Internal Coordinate Step in ANG or DEG, aJ/ANG or AJ/DEG ---
	-------------------------------------------------------------------------------
	           Coordinate      Previous         Force          Change          New 
	           ----------      --------        ------          ------        ------
	               R(1,2)       2.49940        0.00579        0.03665       2.53605
	-------------------------------------------------------------------------------

2025-12-23:10:30:00,482 INFO     [psi4.optking.stepAlgorithms:113] 	|target step| :    0.0692651108
2025-12-23:10:30:00,482 INFO     [psi4.optking.stepAlgorithms:114] 	gradient     :   -0.0007027531
2025-12-23:10:30:00,482 INFO     [psi4.optking.stepAlgorithms:115] 	hessian      :    0.0100971686
2025-12-23:10:30:00,482 INFO     [psi4.optking.stepAlgorithms:113] 	|target step| :    0.0692651108
2025-12-23:10:30:00,482 INFO     [psi4.optking.stepAlgorithms:114] 	gradient     :   -0.0007027531
2025-12-23:10:30:00,482 INFO     [psi4.optking.stepAlgorithms:115] 	hessian      :    0.0100971686
2025-12-23:10:30:00,482 INFO     [psi4.optking.stepAlgorithms:206] 	Norm of achieved step-size    0.0692651108
2025-12-23:10:30:00,482 INFO     [psi4.optking.stepAlgorithms:208] 	Norm of achieved step-size (cart):    0.0489778296
2025-12-23:10:30:00,482 INFO     [psi4.optking.opt_helper:164] Molsys:

	                            ===> Fragment 1 <== 

	 Z (Atomic Numbers)          Masses                          Geom                  
	       1.000000             1.007825          0.00000000  0.00000000  4.58773548   
	      13.000000            26.981539          0.00000000  0.00000000 -0.20470185   

	 - Coordinate -           - BOHR/RAD -       - ANG/DEG -
	 R(1,2)           =         4.792437           2.536049

2025-12-23:10:30:00,483 INFO     [psi4.optking.convcheck:76] Performing convergence check.
2025-12-23:10:30:00,483 INFO     [psi4.optking.convcheck:282] 
	                                 ==> Convergence Check <==                                  
    
	Measures of convergence in internal coordinates in au.
    
	Criteria marked as inactive (o), active & met (*), and active & unmet ( ).

	----------------------------------------------------------------------------------------------
	   Step    Total Energy     Delta E     Max Force     RMS Force      Max Disp      RMS Disp   
	----------------------------------------------------------------------------------------------
	  Convergence Criteria     1.00e-06 *    3.00e-04 *             o    1.20e-03 *             o
	----------------------------------------------------------------------------------------------
	     9    -242.49489569   -1.18e-04      7.03e-04      7.03e-04 o    6.93e-02      6.93e-02 o  ~
	----------------------------------------------------------------------------------------------


2025-12-23:10:30:00,483 INFO     [psi4.optking.stepAlgorithms:296] 	Convergence check returned False
2025-12-23:10:30:00,493 INFO     [psi4.driver.task_planner:259] PLANNING Atomic:  keywords={'DAMPING_PERCENTAGE': 1.0, 'GEOM_MAXITER': 500, 'SCF__GUESS': 'READ', 'GUESS': 'SAP', 'MAXITER': 500, 'REFERENCE': 'UKS', 'function_kwargs': {}}
2025-12-23:10:30:00,494 INFO     [psi4.driver.driver:638] Compute gradient(): method=b3lyp, basis=cc-pvdz, molecule=default, nre=2.71260720159538
2025-12-23:10:30:00,928 INFO     [psi4.driver.driver:641] Return gradient(): -242.4949276524343
2025-12-23:10:30:00,928 INFO     [psi4.driver.driver:642] [[ 0.00000000  0.00000000 -0.00023325]
 [-0.00000000  0.00000000  0.00023218]]
2025-12-23:10:30:00,929 INFO     [psi4.optking.history:269] 	Performing BFGS update.
2025-12-23:10:30:00,929 INFO     [psi4.optking.history:280] 	Using 4 previous steps for update.
2025-12-23:10:30:00,930 WARNING  [psi4.optking.history:301] 	Change in internal coordinate of 6.73e-01 exceeds limit of 5.00e-01.
2025-12-23:10:30:00,930 WARNING  [psi4.optking.history:306] 	Skipping Hessian update for step 6.
2025-12-23:10:30:00,930 WARNING  [psi4.optking.history:301] 	Change in internal coordinate of 9.95e-01 exceeds limit of 5.00e-01.
2025-12-23:10:30:00,930 WARNING  [psi4.optking.history:306] 	Skipping Hessian update for step 5.
2025-12-23:10:30:00,930 WARNING  [psi4.optking.history:301] 	Change in internal coordinate of 1.34e+00 exceeds limit of 5.00e-01.
2025-12-23:10:30:00,930 WARNING  [psi4.optking.history:306] 	Skipping Hessian update for step 4.
2025-12-23:10:30:00,930 WARNING  [psi4.optking.history:301] 	Change in internal coordinate of 1.71e+00 exceeds limit of 5.00e-01.
2025-12-23:10:30:00,930 WARNING  [psi4.optking.history:306] 	Skipping Hessian update for step 3.
2025-12-23:10:30:00,930 WARNING  [psi4.optking.history:301] 	Change in internal coordinate of 2.02e+00 exceeds limit of 5.00e-01.
2025-12-23:10:30:00,930 WARNING  [psi4.optking.history:306] 	Skipping Hessian update for step 2.
2025-12-23:10:30:00,930 WARNING  [psi4.optking.history:301] 	Change in internal coordinate of 2.52e+00 exceeds limit of 5.00e-01.
2025-12-23:10:30:00,930 WARNING  [psi4.optking.history:306] 	Skipping Hessian update for step 1.
2025-12-23:10:30:00,930 INFO     [psi4.optking.history:317] 	Steps to be used in Hessian update:  9 8 7

2025-12-23:10:30:00,930 INFO     [psi4.optking.history:418] 	Updated Hessian (in au) 
 	   0.009514

2025-12-23:10:30:00,930 INFO     [psi4.optking.molsys:944] Projected (PHP) Hessian matrix
	   0.009514

2025-12-23:10:30:00,930 INFO     [psi4.optking.opt_helper:182] 
	         Geometry (au)                                       Gradient (au)
   0.0000000000   0.0000000000   4.6198739760		   0.0000000000   0.0000000000  -0.0002332472
   0.0000000000   0.0000000000  -0.1725633486		  -0.0000000000   0.0000000000   0.0002321779

2025-12-23:10:30:00,930 INFO     [psi4.optking.stepAlgorithms:368] 	Current Step Report 
 
	Current energy:      -242.4949276524
	Energy change for the previous step:
		Actual       :        -0.0000319632
		Projected    :        -0.0000243381

2025-12-23:10:30:00,930 INFO     [psi4.optking.stepAlgorithms:371] 	Energy ratio =    1.31330
2025-12-23:10:30:00,930 INFO     [psi4.optking.stepAlgorithms:929] 	Using RFO solution 1.
2025-12-23:10:30:00,931 INFO     [psi4.optking.displace:100] 	Determining Cartesian step for fragment 1.
2025-12-23:10:30:00,931 INFO     [psi4.optking.displace:415] 	Successfully converged to displaced geometry.
2025-12-23:10:30:00,931 INFO     [psi4.optking.displace:416] 	RMS(dx):  0.000e+00 	Max(dx):  0.000e+00 	RMS(dq):  0.000e+00
2025-12-23:10:30:00,931 INFO     [psi4.optking.displace:172] 

	        --- Internal Coordinate Step in ANG or DEG, aJ/ANG or AJ/DEG ---
	-------------------------------------------------------------------------------
	           Coordinate      Previous         Force          Change          New 
	           ----------      --------        ------          ------        ------
	               R(1,2)       2.53605        0.00192        0.01294       2.54898
	-------------------------------------------------------------------------------

2025-12-23:10:30:00,931 INFO     [psi4.optking.stepAlgorithms:113] 	|target step| :    0.0244459620
2025-12-23:10:30:00,931 INFO     [psi4.optking.stepAlgorithms:114] 	gradient     :   -0.0002327126
2025-12-23:10:30:00,931 INFO     [psi4.optking.stepAlgorithms:115] 	hessian      :    0.0095137801
2025-12-23:10:30:00,931 INFO     [psi4.optking.stepAlgorithms:113] 	|target step| :    0.0244459620
2025-12-23:10:30:00,931 INFO     [psi4.optking.stepAlgorithms:114] 	gradient     :   -0.0002327126
2025-12-23:10:30:00,931 INFO     [psi4.optking.stepAlgorithms:115] 	hessian      :    0.0095137801
2025-12-23:10:30:00,931 INFO     [psi4.optking.stepAlgorithms:206] 	Norm of achieved step-size    0.0244459620
2025-12-23:10:30:00,931 INFO     [psi4.optking.stepAlgorithms:208] 	Norm of achieved step-size (cart):    0.0172859055
2025-12-23:10:30:00,931 INFO     [psi4.optking.opt_helper:164] Molsys:

	                            ===> Fragment 1 <== 

	 Z (Atomic Numbers)          Masses                          Geom                  
	       1.000000             1.007825          0.00000000  0.00000000  4.63209696   
	      13.000000            26.981539          0.00000000  0.00000000 -0.18478633   

	 - Coordinate -           - BOHR/RAD -       - ANG/DEG -
	 R(1,2)           =         4.816883           2.548985

2025-12-23:10:30:00,931 INFO     [psi4.optking.convcheck:76] Performing convergence check.
2025-12-23:10:30:00,931 INFO     [psi4.optking.convcheck:282] 
	                                 ==> Convergence Check <==                                  
    
	Measures of convergence in internal coordinates in au.
    
	Criteria marked as inactive (o), active & met (*), and active & unmet ( ).

	----------------------------------------------------------------------------------------------
	   Step    Total Energy     Delta E     Max Force     RMS Force      Max Disp      RMS Disp   
	----------------------------------------------------------------------------------------------
	  Convergence Criteria     1.00e-06 *    3.00e-04 *             o    1.20e-03 *             o
	----------------------------------------------------------------------------------------------
	    10    -242.49492765   -3.20e-05      2.33e-04 *    2.33e-04 o    2.44e-02      2.44e-02 o  ~
	----------------------------------------------------------------------------------------------


2025-12-23:10:30:00,931 INFO     [psi4.optking.stepAlgorithms:296] 	Convergence check returned False
2025-12-23:10:30:00,942 INFO     [psi4.driver.task_planner:259] PLANNING Atomic:  keywords={'DAMPING_PERCENTAGE': 1.0, 'GEOM_MAXITER': 500, 'SCF__GUESS': 'READ', 'GUESS': 'SAP', 'MAXITER': 500, 'REFERENCE': 'UKS', 'function_kwargs': {}}
2025-12-23:10:30:00,943 INFO     [psi4.driver.driver:638] Compute gradient(): method=b3lyp, basis=cc-pvdz, molecule=default, nre=2.6988405627264807
2025-12-23:10:30:01,385 INFO     [psi4.driver.driver:641] Return gradient(): -242.49493147303696
2025-12-23:10:30:01,386 INFO     [psi4.driver.driver:642] [[ 0.00000000  0.00000000 -0.00008282]
 [ 0.00000000 -0.00000000  0.00008180]]
2025-12-23:10:30:01,388 INFO     [psi4.optking.history:269] 	Performing BFGS update.
2025-12-23:10:30:01,388 INFO     [psi4.optking.history:280] 	Using 4 previous steps for update.
2025-12-23:10:30:01,388 INFO     [psi4.optking.history:317] 	Steps to be used in Hessian update:  10 9 8 7

2025-12-23:10:30:01,388 INFO     [psi4.optking.history:418] 	Updated Hessian (in au) 
 	   0.009317

2025-12-23:10:30:01,388 INFO     [psi4.optking.molsys:944] Projected (PHP) Hessian matrix
	   0.009317

2025-12-23:10:30:01,388 INFO     [psi4.optking.opt_helper:182] 
	         Geometry (au)                                       Gradient (au)
   0.0000000000   0.0000000000   4.6434397018		   0.0000000000   0.0000000000  -0.0000828154
   0.0000000000   0.0000000000  -0.1734435848		   0.0000000000  -0.0000000000   0.0000817952

2025-12-23:10:30:01,388 INFO     [psi4.optking.stepAlgorithms:368] 	Current Step Report 
 
	Current energy:      -242.4949314730
	Energy change for the previous step:
		Actual       :        -0.0000038206
		Projected    :        -0.0000028444

2025-12-23:10:30:01,388 INFO     [psi4.optking.stepAlgorithms:371] 	Energy ratio =    1.34318
2025-12-23:10:30:01,388 INFO     [psi4.optking.stepAlgorithms:929] 	Using RFO solution 1.
2025-12-23:10:30:01,388 INFO     [psi4.optking.displace:100] 	Determining Cartesian step for fragment 1.
2025-12-23:10:30:01,389 INFO     [psi4.optking.displace:415] 	Successfully converged to displaced geometry.
2025-12-23:10:30:01,389 INFO     [psi4.optking.displace:416] 	RMS(dx):  2.564e-16 	Max(dx):  4.441e-16 	RMS(dq):  8.882e-16
2025-12-23:10:30:01,389 INFO     [psi4.optking.displace:172] 

	        --- Internal Coordinate Step in ANG or DEG, aJ/ANG or AJ/DEG ---
	-------------------------------------------------------------------------------
	           Coordinate      Previous         Force          Change          New 
	           ----------      --------        ------          ------        ------
	               R(1,2)       2.54898        0.00068        0.00467       2.55366
	-------------------------------------------------------------------------------

2025-12-23:10:30:01,389 INFO     [psi4.optking.stepAlgorithms:113] 	|target step| :    0.0088331912
2025-12-23:10:30:01,389 INFO     [psi4.optking.stepAlgorithms:114] 	gradient     :   -0.0000823053
2025-12-23:10:30:01,389 INFO     [psi4.optking.stepAlgorithms:115] 	hessian      :    0.0093170053
2025-12-23:10:30:01,389 INFO     [psi4.optking.stepAlgorithms:113] 	|target step| :    0.0088331912
2025-12-23:10:30:01,389 INFO     [psi4.optking.stepAlgorithms:114] 	gradient     :   -0.0000823053
2025-12-23:10:30:01,389 INFO     [psi4.optking.stepAlgorithms:115] 	hessian      :    0.0093170053
2025-12-23:10:30:01,389 INFO     [psi4.optking.stepAlgorithms:206] 	Norm of achieved step-size    0.0088331912
2025-12-23:10:30:01,389 INFO     [psi4.optking.stepAlgorithms:208] 	Norm of achieved step-size (cart):    0.0062460094
2025-12-23:10:30:01,389 INFO     [psi4.optking.opt_helper:164] Molsys:

	                            ===> Fragment 1 <== 

	 Z (Atomic Numbers)          Masses                          Geom                  
	       1.000000             1.007825          0.00000000  0.00000000  4.64785630   
	      13.000000            26.981539          0.00000000  0.00000000 -0.17786018   

	 - Coordinate -           - BOHR/RAD -       - ANG/DEG -
	 R(1,2)           =         4.825716           2.553659

2025-12-23:10:30:01,389 INFO     [psi4.optking.convcheck:76] Performing convergence check.
2025-12-23:10:30:01,389 INFO     [psi4.optking.convcheck:282] 
	                                 ==> Convergence Check <==                                  
    
	Measures of convergence in internal coordinates in au.
    
	Criteria marked as inactive (o), active & met (*), and active & unmet ( ).

	----------------------------------------------------------------------------------------------
	   Step    Total Energy     Delta E     Max Force     RMS Force      Max Disp      RMS Disp   
	----------------------------------------------------------------------------------------------
	  Convergence Criteria     1.00e-06 *    3.00e-04 *             o    1.20e-03 *             o
	----------------------------------------------------------------------------------------------
	    11    -242.49493147   -3.82e-06      8.23e-05 *    8.23e-05 o    8.83e-03      8.83e-03 o  ~
	----------------------------------------------------------------------------------------------


2025-12-23:10:30:01,389 INFO     [psi4.optking.stepAlgorithms:296] 	Convergence check returned False
2025-12-23:10:30:01,399 INFO     [psi4.driver.task_planner:259] PLANNING Atomic:  keywords={'DAMPING_PERCENTAGE': 1.0, 'GEOM_MAXITER': 500, 'SCF__GUESS': 'READ', 'GUESS': 'SAP', 'MAXITER': 500, 'REFERENCE': 'UKS', 'function_kwargs': {}}
2025-12-23:10:30:01,400 INFO     [psi4.driver.driver:638] Compute gradient(): method=b3lyp, basis=cc-pvdz, molecule=default, nre=2.6939004932704465
2025-12-23:10:30:01,817 INFO     [psi4.driver.driver:641] Return gradient(): -242.4949319645404
2025-12-23:10:30:01,817 INFO     [psi4.driver.driver:642] [[ 0.00000000  0.00000000 -0.00003035]
 [ 0.00000000 -0.00000000  0.00002934]]
2025-12-23:10:30:01,819 INFO     [psi4.optking.history:269] 	Performing BFGS update.
2025-12-23:10:30:01,819 INFO     [psi4.optking.history:280] 	Using 4 previous steps for update.
2025-12-23:10:30:01,819 INFO     [psi4.optking.history:317] 	Steps to be used in Hessian update:  11 10 9 8

2025-12-23:10:30:01,819 INFO     [psi4.optking.history:418] 	Updated Hessian (in au) 
 	   0.007339

2025-12-23:10:30:01,819 INFO     [psi4.optking.molsys:944] Projected (PHP) Hessian matrix
	   0.007339

2025-12-23:10:30:01,819 INFO     [psi4.optking.opt_helper:182] 
	         Geometry (au)                                       Gradient (au)
   0.0000000000   0.0000000000   4.6519548325		   0.0000000000   0.0000000000  -0.0000303459
   0.0000000000   0.0000000000  -0.1737616453		   0.0000000000  -0.0000000000   0.0000293413

2025-12-23:10:30:01,819 INFO     [psi4.optking.stepAlgorithms:368] 	Current Step Report 
 
	Current energy:      -242.4949319645
	Energy change for the previous step:
		Actual       :        -0.0000004915
		Projected    :        -0.0000003635

2025-12-23:10:30:01,819 INFO     [psi4.optking.stepAlgorithms:371] 	Energy ratio =    1.35211
2025-12-23:10:30:01,819 INFO     [psi4.optking.stepAlgorithms:929] 	Using RFO solution 1.
2025-12-23:10:30:01,819 INFO     [psi4.optking.displace:100] 	Determining Cartesian step for fragment 1.
2025-12-23:10:30:01,820 INFO     [psi4.optking.displace:415] 	Successfully converged to displaced geometry.
2025-12-23:10:30:01,820 INFO     [psi4.optking.displace:416] 	RMS(dx):  0.000e+00 	Max(dx):  0.000e+00 	RMS(dq):  0.000e+00
2025-12-23:10:30:01,820 INFO     [psi4.optking.displace:172] 

	        --- Internal Coordinate Step in ANG or DEG, aJ/ANG or AJ/DEG ---
	-------------------------------------------------------------------------------
	           Coordinate      Previous         Force          Change          New 
	           ----------      --------        ------          ------        ------
	               R(1,2)       2.55366        0.00025        0.00215       2.55581
	-------------------------------------------------------------------------------

2025-12-23:10:30:01,820 INFO     [psi4.optking.stepAlgorithms:113] 	|target step| :    0.0040661428
2025-12-23:10:30:01,820 INFO     [psi4.optking.stepAlgorithms:114] 	gradient     :   -0.0000298436
2025-12-23:10:30:01,820 INFO     [psi4.optking.stepAlgorithms:115] 	hessian      :    0.0073394167
2025-12-23:10:30:01,820 INFO     [psi4.optking.stepAlgorithms:113] 	|target step| :    0.0040661428
2025-12-23:10:30:01,820 INFO     [psi4.optking.stepAlgorithms:114] 	gradient     :   -0.0000298436
2025-12-23:10:30:01,820 INFO     [psi4.optking.stepAlgorithms:115] 	hessian      :    0.0073394167
2025-12-23:10:30:01,820 INFO     [psi4.optking.stepAlgorithms:206] 	Norm of achieved step-size    0.0040661428
2025-12-23:10:30:01,820 INFO     [psi4.optking.stepAlgorithms:208] 	Norm of achieved step-size (cart):    0.0028751971
2025-12-23:10:30:01,820 INFO     [psi4.optking.opt_helper:164] Molsys:

	                            ===> Fragment 1 <== 

	 Z (Atomic Numbers)          Masses                          Geom                  
	       1.000000             1.007825          0.00000000  0.00000000  4.65398790   
	      13.000000            26.981539          0.00000000  0.00000000 -0.17579472   

	 - Coordinate -           - BOHR/RAD -       - ANG/DEG -
	 R(1,2)           =         4.829783           2.555811

2025-12-23:10:30:01,820 INFO     [psi4.optking.convcheck:76] Performing convergence check.
2025-12-23:10:30:01,820 INFO     [psi4.optking.convcheck:282] 
	                                 ==> Convergence Check <==                                  
    
	Measures of convergence in internal coordinates in au.
    
	Criteria marked as inactive (o), active & met (*), and active & unmet ( ).

	----------------------------------------------------------------------------------------------
	   Step    Total Energy     Delta E     Max Force     RMS Force      Max Disp      RMS Disp   
	----------------------------------------------------------------------------------------------
	  Convergence Criteria     1.00e-06 *    3.00e-04 *             o    1.20e-03 *             o
	----------------------------------------------------------------------------------------------
	    12    -242.49493196   -4.92e-07 *    2.98e-05 *    2.98e-05 o    4.07e-03      4.07e-03 o  ~
	----------------------------------------------------------------------------------------------


2025-12-23:10:30:01,820 INFO     [psi4.optking.convcheck:206] 
	                      ===> Final Convergence Report <===                     

	----------------------------------------------------------------------------
	|   Required Criteria    |  One or More Criteria  |   Alternate Criteria   |
	----------------------------------------------------------------------------
	| [x]     max_force      | [x]       max_DE       |                        |
	|                        | [ ]      max_disp      |                        |
	----------------------------------------------------------------------------


2025-12-23:10:30:01,820 INFO     [psi4.optking.stepAlgorithms:296] 	Convergence check returned True
2025-12-23:10:30:01,820 INFO     [psi4.optking.optimize:332] 	Converged in 12 steps!
2025-12-23:10:30:01,820 INFO     [psi4.optking.optimize:333] 	Final energy is   -242.4949319645404
2025-12-23:10:30:01,820 INFO     [psi4.optking.optimize:334] 	Final structure (Angstroms): 
	Fragment 1 (Ang)

	    H   0.0000000000   0.0000000000   2.4627843375
	   Al   0.0000000000   0.0000000000  -0.0930265579


2025-12-23:10:30:01,821 INFO     [psi4.optking.optimize:562] 	Optimization Finished

	==> Optimization Summary <==

        
	Measures of convergence in internal coordinates in au. (Any backward steps not shown.)
        
	---------------------------------------------------------------------------------------------------------------  ~
        
	 Step         Total Energy             Delta E       MAX Force       RMS Force        MAX Disp        RMS Disp   ~
        
	---------------------------------------------------------------------------------------------------------------  ~
        
	     1    -242.334889690993   -242.334889690993      0.29237532      0.29237532      0.50000186      0.50000186  ~
	     2    -242.431235420980     -0.096345729988      0.12023510      0.12023510      0.31465913      0.31465913  ~
	     3    -242.460396172790     -0.029160751809      0.06958143      0.06958143      0.37232000      0.37232000  ~
	     4    -242.479322372265     -0.018926199475      0.03553106      0.03553106      0.34284420      0.34284420  ~
	     5    -242.488247697229     -0.008925324964      0.01817103      0.01817103      0.32171768      0.32171768  ~
	     6    -242.492455234846     -0.004207537617      0.00882753      0.00882753      0.28010423      0.28010423  ~
	     7    -242.494192482289     -0.001737247443      0.00397276      0.00397276      0.21829253      0.21829253  ~
	     8    -242.494778073658     -0.000585591369      0.00155722      0.00155722      0.10556122      0.10556122  ~
	     9    -242.494895689184     -0.000117615526      0.00070275      0.00070275      0.06926511      0.06926511  ~
	    10    -242.494927652434     -0.000031963250      0.00023271      0.00023271      0.02444596      0.02444596  ~
	    11    -242.494931473037     -0.000003820603      0.00008231      0.00008231      0.00883319      0.00883319  ~
	    12    -242.494931964540     -0.000000491503      0.00002984      0.00002984      0.00406614      0.00406614  ~
	----------------------------------------------------------------------------------------------------------------


2025-12-23:10:30:01,821 INFO     [psi4.optking.optimize:806] Preparing OptimizationResult
