2025-12-23:10:44:12,431 WARNING  [psi4.optking:38] Some dependencies such as QCElemental have not yet finished migration to pydantic v2. If issues are encountered please downgrade pydantic or upgrade QCElemental as appropriate
2025-12-23:10:44:12,585 INFO     [psi4.optking.optwrapper:234] Creating a UserComputer
2025-12-23:10:44:12,586 INFO     [psi4.optking.optwrapper:242] 
    			-----------------------------------------

    			 OPTKING 3.0: for geometry optimizations 

    			     By R.A. King, Bethel University     

    			        with contributions from          

    			    A.V. Copan, J. Cayton, A. Heide      

    			-----------------------------------------

    
2025-12-23:10:44:12,586 INFO     [psi4.optking.optwrapper:272] 
		 -- Optimization Parameters --
	GEOM_MAXITER                   =             500
	ALG_GEOM_MAXITER               =              50
	PRINT                          =               1
	OPT_TYPE                       =             MIN
	STEP_TYPE                      =             RFO
	PROGRAM                        =            PSI4
	STEEPEST_DESCENT_TYPE          =         OVERLAP
	CONJUGATE_GRADIENT_TYPE        =        FLETCHER
	OPT_COORDINATES                =        INTERNAL
	RFO_FOLLOW_ROOT                =           False
	RFO_ROOT                       =               0
	ACCEPT_SYMMETRY_BREAKING       =           False
	DYNAMIC_LVL                    =               0
	DYNAMIC_LVL_MAX                =               0
	IRC_STEP_SIZE                  =             0.2
	IRC_DIRECTION                  =         FORWARD
	IRC_POINTS                     =              20
	IRC_MODE                       =          NORMAL
	IRC_CONVERGENCE                =            -0.7
	INTRAFRAG_STEP_LIMIT           =             0.5
	INTRAFRAG_STEP_LIMIT_MIN       =           0.001
	INTRAFRAG_STEP_LIMIT_MAX       =             1.0
	INTERFRAG_STEP_LIMIT           =             0.5
	INTERFRAG_STEP_LIMIT_MIN       =           0.001
	INTERFRAG_STEP_LIMIT_MAX       =             1.0
	ENSURE_BT_CONVERGENCE          =           False
	SIMPLE_STEP_SCALING            =           False
	CONSECUTIVE_BACKSTEPS          =               0
	RFO_NORMALIZATION_MAX          =             100
	RSRFO_ALPHA_MAX                =     100000000.0
	PRINT_TRAJECTORY_XYZ_FILE      =           False
	WRITE_TRAJECTORY               =           False
	FROZEN_DISTANCE                =                
	FROZEN_BEND                    =                
	FROZEN_DIHEDRAL                =                
	FROZEN_OOFP                    =                
	FROZEN_CARTESIAN               =                
	FREEZE_ALL_DIHEDRALS           =           False
	UNFREEZE_DIHEDRALS             =                
	RANGED_DISTANCE                =                
	RANGED_BEND                    =                
	RANGED_DIHEDRAL                =                
	RANGED_OOFP                    =                
	RANGED_CARTESIAN               =                
	EXT_FORCE_DISTANCE             =                
	EXT_FORCE_BEND                 =                
	EXT_FORCE_DIHEDRAL             =                
	EXT_FORCE_OOFP                 =                
	EXT_FORCE_CARTESIAN            =                
	G_CONVERGENCE                  =           QCHEM
	MAX_FORCE_G_CONVERGENCE        =          0.0003
	RMS_FORCE_G_CONVERGENCE        =          0.0003
	MAX_ENERGY_G_CONVERGENCE       =           1e-06
	MAX_DISP_G_CONVERGENCE         =          0.0012
	RMS_DISP_G_CONVERGENCE         =          0.0012
	FLEXIBLE_G_CONVERGENCE         =           False
	HESS_UPDATE                    =            BFGS
	HESS_UPDATE_USE_LAST           =               4
	HESS_UPDATE_LIMIT              =            True
	HESS_UPDATE_LIMIT_MAX          =             1.0
	HESS_UPDATE_LIMIT_SCALE        =             0.5
	HESS_UPDATE_DEN_TOL            =           1e-07
	HESS_UPDATE_DQ_TOL             =             0.5
	CART_HESS_READ                 =           False
	HESSIAN_FILE                   =               .
	FULL_HESS_EVERY                =              -1
	INTRAFRAG_HESS                 =        SCHLEGEL
	H_GUESS_EVERY                  =           False
	BT_MAX_ITER                    =              25
	BT_DX_CONV                     =           1e-07
	BT_DX_RMS_CHANGE_CONV          =           1e-12
	BT_PINV_RCOND                  =           1e-06
	FRAG_MODE                      =          SINGLE
	FRAG_REF_ATOMS                 =              []
	FREEZE_INTRAFRAG               =           False
	INTERFRAG_MODE                 =           FIXED
	ADD_AUXILIARY_BONDS            =           False
	AUXILIARY_BOND_FACTOR          =             2.5
	INTERFRAG_DIST_INV             =           False
	INTERFRAG_COLLINEAR_TOL        =            0.01
	INTERFRAG_COORDS               =              []
	INTERFRAG_HESS                 =         DEFAULT
	COVALENT_CONNECT               =             1.3
	INTERFRAGMENT_CONNECT          =             1.8
	H_BOND_CONNECT                 =             4.3
	INCLUDE_OOFP                   =           False
	TEST_B                         =           False
	TEST_DERIVATIVE_B              =           False
	LINESEARCH_STEP                =             0.1
	LINESEARCH                     =           False
	SD_HESSIAN                     =             1.0
	FIX_VAL_NEAR_PI                =            1.57
	V3D_TORS_ANGLE_LIM             =           0.017
	V3D_TORS_COS_TOL               =           1e-10
	LINEAR_BEND_THRESHOLD          =            3.05
	SMALL_BEND_FIX_THRESHOLD       =            0.35
	REDUNDANT_EVAL_TOL             =           1e-10
	LINEAR_ALGEBRA_TOL             =           1e-10


2025-12-23:10:44:12,726 INFO     [psi4.optking.opt_helper:164] Molsys:

	                            ===> Fragment 1 <== 

	 Z (Atomic Numbers)          Masses                          Geom                  
	       4.000000             9.012183          0.00000000  0.00000000  1.24693458   
	       5.000000            11.009305          0.00000000  0.00000000 -1.02073677   

	 - Coordinate -           - BOHR/RAD -       - ANG/DEG -
	 R(1,2)           =         2.267671           1.200000

2025-12-23:10:44:12,736 INFO     [psi4.driver.task_planner:259] PLANNING Atomic:  keywords={'DAMPING_PERCENTAGE': 1.0, 'GEOM_MAXITER': 500, 'GUESS': 'SAP', 'MAXITER': 500, 'REFERENCE': 'UKS', 'function_kwargs': {}}
2025-12-23:10:44:12,738 INFO     [psi4.driver.driver:638] Compute gradient(): method=b3lyp, basis=cc-pvdz, molecule=default, nre=8.819620177833334
2025-12-23:10:44:13,135 INFO     [psi4.driver.driver:641] Return gradient(): -38.7064684067355
2025-12-23:10:44:13,135 INFO     [psi4.driver.driver:642] [[ 0.00000000  0.00000000 -0.50035374]
 [ 0.00000000 -0.00000000  0.50033960]]
2025-12-23:10:44:13,136 INFO     [psi4.optking.molsys:944] Projected (PHP) Hessian matrix
	   1.048231

2025-12-23:10:44:13,136 INFO     [psi4.optking.opt_helper:182] 
	         Geometry (au)                                       Gradient (au)
   0.0000000000   0.0000000000   1.2469345847		   0.0000000000   0.0000000000  -0.5003537387
   0.0000000000   0.0000000000  -1.0207367658		   0.0000000000  -0.0000000000   0.5003396009

2025-12-23:10:44:13,137 INFO     [psi4.optking.stepAlgorithms:929] 	Using RFO solution 1.
2025-12-23:10:44:13,137 INFO     [psi4.optking.displace:100] 	Determining Cartesian step for fragment 1.
2025-12-23:10:44:13,137 INFO     [psi4.optking.displace:415] 	Successfully converged to displaced geometry.
2025-12-23:10:44:13,137 INFO     [psi4.optking.displace:416] 	RMS(dx):  0.000e+00 	Max(dx):  0.000e+00 	RMS(dq):  0.000e+00
2025-12-23:10:44:13,137 INFO     [psi4.optking.displace:172] 

	        --- Internal Coordinate Step in ANG or DEG, aJ/ANG or AJ/DEG ---
	-------------------------------------------------------------------------------
	           Coordinate      Previous         Force          Change          New 
	           ----------      --------        ------          ------        ------
	               R(1,2)       1.20000        4.12222        0.21204       1.41204
	-------------------------------------------------------------------------------

2025-12-23:10:44:13,137 INFO     [psi4.optking.stepAlgorithms:113] 	|target step| :    0.4006894649
2025-12-23:10:44:13,137 INFO     [psi4.optking.stepAlgorithms:114] 	gradient     :   -0.5003466698
2025-12-23:10:44:13,137 INFO     [psi4.optking.stepAlgorithms:115] 	hessian      :    1.0482306732
2025-12-23:10:44:13,137 INFO     [psi4.optking.stepAlgorithms:113] 	|target step| :    0.4006894649
2025-12-23:10:44:13,137 INFO     [psi4.optking.stepAlgorithms:114] 	gradient     :   -0.5003466698
2025-12-23:10:44:13,137 INFO     [psi4.optking.stepAlgorithms:115] 	hessian      :    1.0482306732
2025-12-23:10:44:13,137 INFO     [psi4.optking.stepAlgorithms:206] 	Norm of achieved step-size    0.4006894649
2025-12-23:10:44:13,137 INFO     [psi4.optking.stepAlgorithms:208] 	Norm of achieved step-size (cart):    0.2833302378
2025-12-23:10:44:13,137 INFO     [psi4.optking.opt_helper:164] Molsys:

	                            ===> Fragment 1 <== 

	 Z (Atomic Numbers)          Masses                          Geom                  
	       4.000000             9.012183          0.00000000  0.00000000  1.44727932   
	       5.000000            11.009305          0.00000000  0.00000000 -1.22108150   

	 - Coordinate -           - BOHR/RAD -       - ANG/DEG -
	 R(1,2)           =         2.668361           1.412036

2025-12-23:10:44:13,138 INFO     [psi4.optking.convcheck:76] Performing convergence check.
2025-12-23:10:44:13,138 INFO     [psi4.optking.convcheck:282] 
	                                 ==> Convergence Check <==                                  
    
	Measures of convergence in internal coordinates in au.
    
	Criteria marked as inactive (o), active & met (*), and active & unmet ( ).

	----------------------------------------------------------------------------------------------~
	   Step    Total Energy     Delta E     Max Force     RMS Force      Max Disp      RMS Disp   ~
	----------------------------------------------------------------------------------------------~
	  Convergence Criteria     1.00e-06 *    3.00e-04 *             o    1.20e-03 *             o~
	----------------------------------------------------------------------------------------------~
	     1     -38.70646841   -3.87e+01      5.00e-01      5.00e-01 o    4.01e-01      4.01e-01 o  ~
	----------------------------------------------------------------------------------------------


2025-12-23:10:44:13,138 INFO     [psi4.optking.stepAlgorithms:296] 	Convergence check returned False
2025-12-23:10:44:13,148 INFO     [psi4.driver.task_planner:259] PLANNING Atomic:  keywords={'DAMPING_PERCENTAGE': 1.0, 'GEOM_MAXITER': 500, 'SCF__GUESS': 'READ', 'GUESS': 'SAP', 'MAXITER': 500, 'REFERENCE': 'UKS', 'function_kwargs': {}}
2025-12-23:10:44:13,149 INFO     [psi4.driver.driver:638] Compute gradient(): method=b3lyp, basis=cc-pvdz, molecule=default, nre=7.495238231625815
2025-12-23:10:44:13,460 INFO     [psi4.driver.driver:641] Return gradient(): -38.83917296738987
2025-12-23:10:44:13,461 INFO     [psi4.driver.driver:642] [[ 0.00000000  0.00000000 -0.19928721]
 [-0.00000000 -0.00000000  0.19928613]]
2025-12-23:10:44:13,462 INFO     [psi4.optking.history:269] 	Performing BFGS update.
2025-12-23:10:44:13,462 INFO     [psi4.optking.history:280] 	Using 1 previous steps for update.
2025-12-23:10:44:13,462 INFO     [psi4.optking.history:317] 	Steps to be used in Hessian update:  1

2025-12-23:10:44:13,462 INFO     [psi4.optking.history:418] 	Updated Hessian (in au) 
 	   0.751355

2025-12-23:10:44:13,463 INFO     [psi4.optking.molsys:944] Projected (PHP) Hessian matrix
	   0.751355

2025-12-23:10:44:13,463 INFO     [psi4.optking.opt_helper:182] 
	         Geometry (au)                                       Gradient (au)
   0.0000000000   0.0000000000   1.4672634923		   0.0000000000   0.0000000000  -0.1992872122
   0.0000000000   0.0000000000  -1.2010973231		  -0.0000000000  -0.0000000000   0.1992861283

2025-12-23:10:44:13,463 INFO     [psi4.optking.stepAlgorithms:368] 	Current Step Report 
 
	Current energy:       -38.8391729674
	Energy change for the previous step:
		Actual       :        -0.1327045607
		Projected    :        -0.1002418197

2025-12-23:10:44:13,463 INFO     [psi4.optking.stepAlgorithms:371] 	Energy ratio =    1.32384
2025-12-23:10:44:13,463 INFO     [psi4.optking.stepAlgorithms:399] 	Energy ratio indicates good step.
2025-12-23:10:44:13,463 INFO     [psi4.optking.stepAlgorithms:400] 	Intrafrag trust radius increased to      1.
2025-12-23:10:44:13,463 INFO     [psi4.optking.stepAlgorithms:929] 	Using RFO solution 1.
2025-12-23:10:44:13,463 INFO     [psi4.optking.displace:100] 	Determining Cartesian step for fragment 1.
2025-12-23:10:44:13,463 INFO     [psi4.optking.displace:415] 	Successfully converged to displaced geometry.
2025-12-23:10:44:13,463 INFO     [psi4.optking.displace:416] 	RMS(dx):  0.000e+00 	Max(dx):  0.000e+00 	RMS(dq):  0.000e+00
2025-12-23:10:44:13,463 INFO     [psi4.optking.displace:172] 

	        --- Internal Coordinate Step in ANG or DEG, aJ/ANG or AJ/DEG ---
	-------------------------------------------------------------------------------
	           Coordinate      Previous         Force          Change          New 
	           ----------      --------        ------          ------        ------
	               R(1,2)       1.41204        1.64187        0.13167       1.54370
	-------------------------------------------------------------------------------

2025-12-23:10:44:13,463 INFO     [psi4.optking.stepAlgorithms:113] 	|target step| :    0.2488157964
2025-12-23:10:44:13,463 INFO     [psi4.optking.stepAlgorithms:114] 	gradient     :   -0.1992866703
2025-12-23:10:44:13,463 INFO     [psi4.optking.stepAlgorithms:115] 	hessian      :    0.7513549166
2025-12-23:10:44:13,464 INFO     [psi4.optking.stepAlgorithms:113] 	|target step| :    0.2488157964
2025-12-23:10:44:13,464 INFO     [psi4.optking.stepAlgorithms:114] 	gradient     :   -0.1992866703
2025-12-23:10:44:13,464 INFO     [psi4.optking.stepAlgorithms:115] 	hessian      :    0.7513549166
2025-12-23:10:44:13,464 INFO     [psi4.optking.stepAlgorithms:206] 	Norm of achieved step-size    0.2488157964
2025-12-23:10:44:13,464 INFO     [psi4.optking.stepAlgorithms:208] 	Norm of achieved step-size (cart):    0.1759393369
2025-12-23:10:44:13,464 INFO     [psi4.optking.opt_helper:164] Molsys:

	                            ===> Fragment 1 <== 

	 Z (Atomic Numbers)          Masses                          Geom                  
	       4.000000             9.012183          0.00000000  0.00000000  1.59167139   
	       5.000000            11.009305          0.00000000  0.00000000 -1.32550522   

	 - Coordinate -           - BOHR/RAD -       - ANG/DEG -
	 R(1,2)           =         2.917177           1.543703

2025-12-23:10:44:13,464 INFO     [psi4.optking.convcheck:76] Performing convergence check.
2025-12-23:10:44:13,464 INFO     [psi4.optking.convcheck:282] 
	                                 ==> Convergence Check <==                                  
    
	Measures of convergence in internal coordinates in au.
    
	Criteria marked as inactive (o), active & met (*), and active & unmet ( ).

	----------------------------------------------------------------------------------------------
	   Step    Total Energy     Delta E     Max Force     RMS Force      Max Disp      RMS Disp   
	----------------------------------------------------------------------------------------------
	  Convergence Criteria     1.00e-06 *    3.00e-04 *             o    1.20e-03 *             o
	----------------------------------------------------------------------------------------------
	     2     -38.83917297   -1.33e-01      1.99e-01      1.99e-01 o    2.49e-01      2.49e-01 o  ~
	----------------------------------------------------------------------------------------------


2025-12-23:10:44:13,464 INFO     [psi4.optking.stepAlgorithms:296] 	Convergence check returned False
2025-12-23:10:44:13,474 INFO     [psi4.driver.task_planner:259] PLANNING Atomic:  keywords={'DAMPING_PERCENTAGE': 1.0, 'GEOM_MAXITER': 500, 'SCF__GUESS': 'READ', 'GUESS': 'SAP', 'MAXITER': 500, 'REFERENCE': 'UKS', 'function_kwargs': {}}
2025-12-23:10:44:13,476 INFO     [psi4.driver.driver:638] Compute gradient(): method=b3lyp, basis=cc-pvdz, molecule=default, nre=6.855944175149496
2025-12-23:10:44:13,834 INFO     [psi4.driver.driver:641] Return gradient(): -38.875472346306964
2025-12-23:10:44:13,834 INFO     [psi4.driver.driver:642] [[-0.00000000  0.00000000 -0.10061475]
 [-0.00000000  0.00000000  0.10061412]]
2025-12-23:10:44:13,836 INFO     [psi4.optking.history:269] 	Performing BFGS update.
2025-12-23:10:44:13,836 INFO     [psi4.optking.history:280] 	Using 2 previous steps for update.
2025-12-23:10:44:13,836 WARNING  [psi4.optking.history:301] 	Change in internal coordinate of 6.50e-01 exceeds limit of 5.00e-01.
2025-12-23:10:44:13,836 WARNING  [psi4.optking.history:306] 	Skipping Hessian update for step 1.
2025-12-23:10:44:13,836 INFO     [psi4.optking.history:317] 	Steps to be used in Hessian update:  2

2025-12-23:10:44:13,836 INFO     [psi4.optking.history:418] 	Updated Hessian (in au) 
 	   0.396567

2025-12-23:10:44:13,836 INFO     [psi4.optking.molsys:944] Projected (PHP) Hessian matrix
	   0.396567

2025-12-23:10:44:13,836 INFO     [psi4.optking.opt_helper:182] 
	         Geometry (au)                                       Gradient (au)
   0.0000000000   0.0000000000   1.6040809468		  -0.0000000000   0.0000000000  -0.1006147495
   0.0000000000   0.0000000000  -1.3130956651		  -0.0000000000   0.0000000000   0.1006141236

2025-12-23:10:44:13,836 INFO     [psi4.optking.stepAlgorithms:368] 	Current Step Report 
 
	Current energy:       -38.8754723463
	Energy change for the previous step:
		Actual       :        -0.0362993789
		Projected    :        -0.0247928358

2025-12-23:10:44:13,836 INFO     [psi4.optking.stepAlgorithms:371] 	Energy ratio =    1.46411
2025-12-23:10:44:13,836 INFO     [psi4.optking.stepAlgorithms:929] 	Using RFO solution 1.
2025-12-23:10:44:13,836 INFO     [psi4.optking.displace:100] 	Determining Cartesian step for fragment 1.
2025-12-23:10:44:13,836 INFO     [psi4.optking.displace:415] 	Successfully converged to displaced geometry.
2025-12-23:10:44:13,837 INFO     [psi4.optking.displace:416] 	RMS(dx):  0.000e+00 	Max(dx):  0.000e+00 	RMS(dq):  0.000e+00
2025-12-23:10:44:13,837 INFO     [psi4.optking.displace:172] 

	        --- Internal Coordinate Step in ANG or DEG, aJ/ANG or AJ/DEG ---
	-------------------------------------------------------------------------------
	           Coordinate      Previous         Force          Change          New 
	           ----------      --------        ------          ------        ------
	               R(1,2)       1.54370        0.82893        0.12658       1.67028
	-------------------------------------------------------------------------------

2025-12-23:10:44:13,837 INFO     [psi4.optking.stepAlgorithms:113] 	|target step| :    0.2391970637
2025-12-23:10:44:13,837 INFO     [psi4.optking.stepAlgorithms:114] 	gradient     :   -0.1006144366
2025-12-23:10:44:13,837 INFO     [psi4.optking.stepAlgorithms:115] 	hessian      :    0.3965674011
2025-12-23:10:44:13,837 INFO     [psi4.optking.stepAlgorithms:113] 	|target step| :    0.2391970637
2025-12-23:10:44:13,837 INFO     [psi4.optking.stepAlgorithms:114] 	gradient     :   -0.1006144366
2025-12-23:10:44:13,837 INFO     [psi4.optking.stepAlgorithms:115] 	hessian      :    0.3965674011
2025-12-23:10:44:13,837 INFO     [psi4.optking.stepAlgorithms:206] 	Norm of achieved step-size    0.2391970637
2025-12-23:10:44:13,837 INFO     [psi4.optking.stepAlgorithms:208] 	Norm of achieved step-size (cart):    0.1691378658
2025-12-23:10:44:13,837 INFO     [psi4.optking.opt_helper:164] Molsys:

	                            ===> Fragment 1 <== 

	 Z (Atomic Numbers)          Masses                          Geom                  
	       4.000000             9.012183          0.00000000  0.00000000  1.72367948   
	       5.000000            11.009305          0.00000000  0.00000000 -1.43269420   

	 - Coordinate -           - BOHR/RAD -       - ANG/DEG -
	 R(1,2)           =         3.156374           1.670281

2025-12-23:10:44:13,837 INFO     [psi4.optking.convcheck:76] Performing convergence check.
2025-12-23:10:44:13,837 INFO     [psi4.optking.convcheck:282] 
	                                 ==> Convergence Check <==                                  
    
	Measures of convergence in internal coordinates in au.
    
	Criteria marked as inactive (o), active & met (*), and active & unmet ( ).

	----------------------------------------------------------------------------------------------
	   Step    Total Energy     Delta E     Max Force     RMS Force      Max Disp      RMS Disp   
	----------------------------------------------------------------------------------------------
	  Convergence Criteria     1.00e-06 *    3.00e-04 *             o    1.20e-03 *             o
	----------------------------------------------------------------------------------------------
	     3     -38.87547235   -3.63e-02      1.01e-01      1.01e-01 o    2.39e-01      2.39e-01 o  ~
	----------------------------------------------------------------------------------------------


2025-12-23:10:44:13,837 INFO     [psi4.optking.stepAlgorithms:296] 	Convergence check returned False
2025-12-23:10:44:13,848 INFO     [psi4.driver.task_planner:259] PLANNING Atomic:  keywords={'DAMPING_PERCENTAGE': 1.0, 'GEOM_MAXITER': 500, 'SCF__GUESS': 'READ', 'GUESS': 'SAP', 'MAXITER': 500, 'REFERENCE': 'UKS', 'function_kwargs': {}}
2025-12-23:10:44:13,849 INFO     [psi4.driver.driver:638] Compute gradient(): method=b3lyp, basis=cc-pvdz, molecule=default, nre=6.336385376244272
2025-12-23:10:44:14,214 INFO     [psi4.driver.driver:641] Return gradient(): -38.892079688357114
2025-12-23:10:44:14,215 INFO     [psi4.driver.driver:642] [[ 0.00000000 -0.00000000 -0.04305899]
 [ 0.00000000  0.00000000  0.04305963]]
2025-12-23:10:44:14,216 INFO     [psi4.optking.history:269] 	Performing BFGS update.
2025-12-23:10:44:14,216 INFO     [psi4.optking.history:280] 	Using 3 previous steps for update.
2025-12-23:10:44:14,216 WARNING  [psi4.optking.history:301] 	Change in internal coordinate of 8.89e-01 exceeds limit of 5.00e-01.
2025-12-23:10:44:14,216 WARNING  [psi4.optking.history:306] 	Skipping Hessian update for step 1.
2025-12-23:10:44:14,216 INFO     [psi4.optking.history:317] 	Steps to be used in Hessian update:  3 2

2025-12-23:10:44:14,216 INFO     [psi4.optking.history:418] 	Updated Hessian (in au) 
 	   0.320130

2025-12-23:10:44:14,217 INFO     [psi4.optking.molsys:944] Projected (PHP) Hessian matrix
	   0.320130

2025-12-23:10:44:14,217 INFO     [psi4.optking.opt_helper:182] 
	         Geometry (au)                                       Gradient (au)
   0.0000000000   0.0000000000   1.7356093057		   0.0000000000  -0.0000000000  -0.0430589929
   0.0000000000   0.0000000000  -1.4207643699		   0.0000000000   0.0000000000   0.0430596285

2025-12-23:10:44:14,217 INFO     [psi4.optking.stepAlgorithms:368] 	Current Step Report 
 
	Current energy:       -38.8920796884
	Energy change for the previous step:
		Actual       :        -0.0166073421
		Projected    :        -0.0120333389

2025-12-23:10:44:14,217 INFO     [psi4.optking.stepAlgorithms:371] 	Energy ratio =    1.38011
2025-12-23:10:44:14,217 INFO     [psi4.optking.stepAlgorithms:929] 	Using RFO solution 1.
2025-12-23:10:44:14,217 INFO     [psi4.optking.displace:100] 	Determining Cartesian step for fragment 1.
2025-12-23:10:44:14,217 INFO     [psi4.optking.displace:415] 	Successfully converged to displaced geometry.
2025-12-23:10:44:14,217 INFO     [psi4.optking.displace:416] 	RMS(dx):  0.000e+00 	Max(dx):  0.000e+00 	RMS(dq):  0.000e+00
2025-12-23:10:44:14,217 INFO     [psi4.optking.displace:172] 

	        --- Internal Coordinate Step in ANG or DEG, aJ/ANG or AJ/DEG ---
	-------------------------------------------------------------------------------
	           Coordinate      Previous         Force          Change          New 
	           ----------      --------        ------          ------        ------
	               R(1,2)       1.67028        0.35475        0.06993       1.74022
	-------------------------------------------------------------------------------

2025-12-23:10:44:14,217 INFO     [psi4.optking.stepAlgorithms:113] 	|target step| :    0.1321566758
2025-12-23:10:44:14,217 INFO     [psi4.optking.stepAlgorithms:114] 	gradient     :   -0.0430593107
2025-12-23:10:44:14,217 INFO     [psi4.optking.stepAlgorithms:115] 	hessian      :    0.3201295956
2025-12-23:10:44:14,217 INFO     [psi4.optking.stepAlgorithms:113] 	|target step| :    0.1321566758
2025-12-23:10:44:14,217 INFO     [psi4.optking.stepAlgorithms:114] 	gradient     :   -0.0430593107
2025-12-23:10:44:14,217 INFO     [psi4.optking.stepAlgorithms:115] 	hessian      :    0.3201295956
2025-12-23:10:44:14,217 INFO     [psi4.optking.stepAlgorithms:206] 	Norm of achieved step-size    0.1321566758
2025-12-23:10:44:14,217 INFO     [psi4.optking.stepAlgorithms:208] 	Norm of achieved step-size (cart):    0.0934488816
2025-12-23:10:44:14,217 INFO     [psi4.optking.opt_helper:164] Molsys:

	                            ===> Fragment 1 <== 

	 Z (Atomic Numbers)          Masses                          Geom                  
	       4.000000             9.012183          0.00000000  0.00000000  1.80168764   
	       5.000000            11.009305          0.00000000  0.00000000 -1.48684271   

	 - Coordinate -           - BOHR/RAD -       - ANG/DEG -
	 R(1,2)           =         3.288530           1.740215

2025-12-23:10:44:14,218 INFO     [psi4.optking.convcheck:76] Performing convergence check.
2025-12-23:10:44:14,218 INFO     [psi4.optking.convcheck:282] 
	                                 ==> Convergence Check <==                                  
    
	Measures of convergence in internal coordinates in au.
    
	Criteria marked as inactive (o), active & met (*), and active & unmet ( ).

	----------------------------------------------------------------------------------------------
	   Step    Total Energy     Delta E     Max Force     RMS Force      Max Disp      RMS Disp   
	----------------------------------------------------------------------------------------------
	  Convergence Criteria     1.00e-06 *    3.00e-04 *             o    1.20e-03 *             o
	----------------------------------------------------------------------------------------------
	     4     -38.89207969   -1.66e-02      4.31e-02      4.31e-02 o    1.32e-01      1.32e-01 o  ~
	----------------------------------------------------------------------------------------------


2025-12-23:10:44:14,218 INFO     [psi4.optking.stepAlgorithms:296] 	Convergence check returned False
2025-12-23:10:44:14,228 INFO     [psi4.driver.task_planner:259] PLANNING Atomic:  keywords={'DAMPING_PERCENTAGE': 1.0, 'GEOM_MAXITER': 500, 'SCF__GUESS': 'READ', 'GUESS': 'SAP', 'MAXITER': 500, 'REFERENCE': 'UKS', 'function_kwargs': {}}
2025-12-23:10:44:14,229 INFO     [psi4.driver.driver:638] Compute gradient(): method=b3lyp, basis=cc-pvdz, molecule=default, nre=6.0817440810593695
2025-12-23:10:44:14,540 INFO     [psi4.driver.driver:641] Return gradient(): -38.89630462130426
2025-12-23:10:44:14,541 INFO     [psi4.driver.driver:642] [[-0.00000000  0.00000000 -0.02192217]
 [ 0.00000000  0.00000000  0.02192131]]
2025-12-23:10:44:14,542 INFO     [psi4.optking.history:269] 	Performing BFGS update.
2025-12-23:10:44:14,542 INFO     [psi4.optking.history:280] 	Using 4 previous steps for update.
2025-12-23:10:44:14,543 WARNING  [psi4.optking.history:301] 	Change in internal coordinate of 6.20e-01 exceeds limit of 5.00e-01.
2025-12-23:10:44:14,543 WARNING  [psi4.optking.history:306] 	Skipping Hessian update for step 2.
2025-12-23:10:44:14,543 WARNING  [psi4.optking.history:301] 	Change in internal coordinate of 1.02e+00 exceeds limit of 5.00e-01.
2025-12-23:10:44:14,543 WARNING  [psi4.optking.history:306] 	Skipping Hessian update for step 1.
2025-12-23:10:44:14,543 INFO     [psi4.optking.history:317] 	Steps to be used in Hessian update:  4 3

2025-12-23:10:44:14,543 INFO     [psi4.optking.history:418] 	Updated Hessian (in au) 
 	   0.211908

2025-12-23:10:44:14,543 INFO     [psi4.optking.molsys:944] Projected (PHP) Hessian matrix
	   0.211908

2025-12-23:10:44:14,543 INFO     [psi4.optking.opt_helper:182] 
	         Geometry (au)                                       Gradient (au)
   0.0000000000   0.0000000000   1.8082788879		  -0.0000000000   0.0000000000  -0.0219221687
   0.0000000000   0.0000000000  -1.4802514635		   0.0000000000   0.0000000000   0.0219213095

2025-12-23:10:44:14,543 INFO     [psi4.optking.stepAlgorithms:368] 	Current Step Report 
 
	Current energy:       -38.8963046213
	Energy change for the previous step:
		Actual       :        -0.0042249329
		Projected    :        -0.0028452877

2025-12-23:10:44:14,543 INFO     [psi4.optking.stepAlgorithms:371] 	Energy ratio =    1.48489
2025-12-23:10:44:14,543 INFO     [psi4.optking.stepAlgorithms:929] 	Using RFO solution 1.
2025-12-23:10:44:14,543 INFO     [psi4.optking.displace:100] 	Determining Cartesian step for fragment 1.
2025-12-23:10:44:14,543 INFO     [psi4.optking.displace:415] 	Successfully converged to displaced geometry.
2025-12-23:10:44:14,543 INFO     [psi4.optking.displace:416] 	RMS(dx):  0.000e+00 	Max(dx):  0.000e+00 	RMS(dq):  0.000e+00
2025-12-23:10:44:14,544 INFO     [psi4.optking.displace:172] 

	        --- Internal Coordinate Step in ANG or DEG, aJ/ANG or AJ/DEG ---
	-------------------------------------------------------------------------------
	           Coordinate      Previous         Force          Change          New 
	           ----------      --------        ------          ------        ------
	               R(1,2)       1.74022        0.18061        0.05417       1.79438
	-------------------------------------------------------------------------------

2025-12-23:10:44:14,544 INFO     [psi4.optking.stepAlgorithms:113] 	|target step| :    0.1023654793
2025-12-23:10:44:14,544 INFO     [psi4.optking.stepAlgorithms:114] 	gradient     :   -0.0219217391
2025-12-23:10:44:14,544 INFO     [psi4.optking.stepAlgorithms:115] 	hessian      :    0.2119076479
2025-12-23:10:44:14,544 INFO     [psi4.optking.stepAlgorithms:113] 	|target step| :    0.1023654793
2025-12-23:10:44:14,544 INFO     [psi4.optking.stepAlgorithms:114] 	gradient     :   -0.0219217391
2025-12-23:10:44:14,544 INFO     [psi4.optking.stepAlgorithms:115] 	hessian      :    0.2119076479
2025-12-23:10:44:14,544 INFO     [psi4.optking.stepAlgorithms:206] 	Norm of achieved step-size    0.1023654793
2025-12-23:10:44:14,544 INFO     [psi4.optking.stepAlgorithms:208] 	Norm of achieved step-size (cart):    0.0723833246
2025-12-23:10:44:14,544 INFO     [psi4.optking.opt_helper:164] Molsys:

	                            ===> Fragment 1 <== 

	 Z (Atomic Numbers)          Masses                          Geom                  
	       4.000000             9.012183          0.00000000  0.00000000  1.85946163   
	       5.000000            11.009305          0.00000000  0.00000000 -1.53143420   

	 - Coordinate -           - BOHR/RAD -       - ANG/DEG -
	 R(1,2)           =         3.390896           1.794385

2025-12-23:10:44:14,544 INFO     [psi4.optking.convcheck:76] Performing convergence check.
2025-12-23:10:44:14,544 INFO     [psi4.optking.convcheck:282] 
	                                 ==> Convergence Check <==                                  
    
	Measures of convergence in internal coordinates in au.
    
	Criteria marked as inactive (o), active & met (*), and active & unmet ( ).

	----------------------------------------------------------------------------------------------
	   Step    Total Energy     Delta E     Max Force     RMS Force      Max Disp      RMS Disp   
	----------------------------------------------------------------------------------------------
	  Convergence Criteria     1.00e-06 *    3.00e-04 *             o    1.20e-03 *             o
	----------------------------------------------------------------------------------------------
	     5     -38.89630462   -4.22e-03      2.19e-02      2.19e-02 o    1.02e-01      1.02e-01 o  ~
	----------------------------------------------------------------------------------------------


2025-12-23:10:44:14,544 INFO     [psi4.optking.stepAlgorithms:296] 	Convergence check returned False
2025-12-23:10:44:14,554 INFO     [psi4.driver.task_planner:259] PLANNING Atomic:  keywords={'DAMPING_PERCENTAGE': 1.0, 'GEOM_MAXITER': 500, 'SCF__GUESS': 'READ', 'GUESS': 'SAP', 'MAXITER': 500, 'REFERENCE': 'UKS', 'function_kwargs': {}}
2025-12-23:10:44:14,555 INFO     [psi4.driver.driver:638] Compute gradient(): method=b3lyp, basis=cc-pvdz, molecule=default, nre=5.898146389199952
2025-12-23:10:44:14,884 INFO     [psi4.driver.driver:641] Return gradient(): -38.89788320385452
2025-12-23:10:44:14,884 INFO     [psi4.driver.driver:642] [[ 0.00000000 -0.00000000 -0.00942922]
 [ 0.00000000  0.00000000  0.00943239]]
2025-12-23:10:44:14,885 INFO     [psi4.optking.history:269] 	Performing BFGS update.
2025-12-23:10:44:14,885 INFO     [psi4.optking.history:280] 	Using 4 previous steps for update.
2025-12-23:10:44:14,886 WARNING  [psi4.optking.history:301] 	Change in internal coordinate of 7.23e-01 exceeds limit of 5.00e-01.
2025-12-23:10:44:14,886 WARNING  [psi4.optking.history:306] 	Skipping Hessian update for step 2.
2025-12-23:10:44:14,886 WARNING  [psi4.optking.history:301] 	Change in internal coordinate of 1.12e+00 exceeds limit of 5.00e-01.
2025-12-23:10:44:14,886 WARNING  [psi4.optking.history:306] 	Skipping Hessian update for step 1.
2025-12-23:10:44:14,886 INFO     [psi4.optking.history:317] 	Steps to be used in Hessian update:  5 4 3

2025-12-23:10:44:14,886 INFO     [psi4.optking.history:418] 	Updated Hessian (in au) 
 	   0.192485

2025-12-23:10:44:14,886 INFO     [psi4.optking.molsys:944] Projected (PHP) Hessian matrix
	   0.192485

2025-12-23:10:44:14,886 INFO     [psi4.optking.opt_helper:182] 
	         Geometry (au)                                       Gradient (au)
   0.0000000000   0.0000000000   1.8645670517		   0.0000000000  -0.0000000000  -0.0094292168
   0.0000000000   0.0000000000  -1.5263287790		   0.0000000000   0.0000000000   0.0094323922

2025-12-23:10:44:14,886 INFO     [psi4.optking.stepAlgorithms:368] 	Current Step Report 
 
	Current energy:       -38.8978832039
	Energy change for the previous step:
		Actual       :        -0.0015785826
		Projected    :        -0.0011220147

2025-12-23:10:44:14,886 INFO     [psi4.optking.stepAlgorithms:371] 	Energy ratio =    1.40692
2025-12-23:10:44:14,886 INFO     [psi4.optking.stepAlgorithms:929] 	Using RFO solution 1.
2025-12-23:10:44:14,886 INFO     [psi4.optking.displace:100] 	Determining Cartesian step for fragment 1.
2025-12-23:10:44:14,886 INFO     [psi4.optking.displace:415] 	Successfully converged to displaced geometry.
2025-12-23:10:44:14,886 INFO     [psi4.optking.displace:416] 	RMS(dx):  0.000e+00 	Max(dx):  0.000e+00 	RMS(dq):  0.000e+00
2025-12-23:10:44:14,887 INFO     [psi4.optking.displace:172] 

	        --- Internal Coordinate Step in ANG or DEG, aJ/ANG or AJ/DEG ---
	-------------------------------------------------------------------------------
	           Coordinate      Previous         Force          Change          New 
	           ----------      --------        ------          ------        ------
	               R(1,2)       1.79438        0.07770        0.02587       1.82025
	-------------------------------------------------------------------------------

2025-12-23:10:44:14,887 INFO     [psi4.optking.stepAlgorithms:113] 	|target step| :    0.0488780714
2025-12-23:10:44:14,887 INFO     [psi4.optking.stepAlgorithms:114] 	gradient     :   -0.0094308045
2025-12-23:10:44:14,887 INFO     [psi4.optking.stepAlgorithms:115] 	hessian      :    0.1924845529
2025-12-23:10:44:14,887 INFO     [psi4.optking.stepAlgorithms:113] 	|target step| :    0.0488780714
2025-12-23:10:44:14,887 INFO     [psi4.optking.stepAlgorithms:114] 	gradient     :   -0.0094308045
2025-12-23:10:44:14,887 INFO     [psi4.optking.stepAlgorithms:115] 	hessian      :    0.1924845529
2025-12-23:10:44:14,887 INFO     [psi4.optking.stepAlgorithms:206] 	Norm of achieved step-size    0.0488780714
2025-12-23:10:44:14,887 INFO     [psi4.optking.stepAlgorithms:208] 	Norm of achieved step-size (cart):    0.0345620158
2025-12-23:10:44:14,887 INFO     [psi4.optking.opt_helper:164] Molsys:

	                            ===> Fragment 1 <== 

	 Z (Atomic Numbers)          Masses                          Geom                  
	       4.000000             9.012183          0.00000000  0.00000000  1.88900609   
	       5.000000            11.009305          0.00000000  0.00000000 -1.55076781   

	 - Coordinate -           - BOHR/RAD -       - ANG/DEG -
	 R(1,2)           =         3.439774           1.820250

2025-12-23:10:44:14,887 INFO     [psi4.optking.convcheck:76] Performing convergence check.
2025-12-23:10:44:14,887 INFO     [psi4.optking.convcheck:282] 
	                                 ==> Convergence Check <==                                  
    
	Measures of convergence in internal coordinates in au.
    
	Criteria marked as inactive (o), active & met (*), and active & unmet ( ).

	----------------------------------------------------------------------------------------------
	   Step    Total Energy     Delta E     Max Force     RMS Force      Max Disp      RMS Disp   
	----------------------------------------------------------------------------------------------
	  Convergence Criteria     1.00e-06 *    3.00e-04 *             o    1.20e-03 *             o
	----------------------------------------------------------------------------------------------
	     6     -38.89788320   -1.58e-03      9.43e-03      9.43e-03 o    4.89e-02      4.89e-02 o  ~
	----------------------------------------------------------------------------------------------


2025-12-23:10:44:14,887 INFO     [psi4.optking.stepAlgorithms:296] 	Convergence check returned False
2025-12-23:10:44:14,898 INFO     [psi4.driver.task_planner:259] PLANNING Atomic:  keywords={'DAMPING_PERCENTAGE': 1.0, 'GEOM_MAXITER': 500, 'SCF__GUESS': 'READ', 'GUESS': 'SAP', 'MAXITER': 500, 'REFERENCE': 'UKS', 'function_kwargs': {}}
2025-12-23:10:44:14,899 INFO     [psi4.driver.driver:638] Compute gradient(): method=b3lyp, basis=cc-pvdz, molecule=default, nre=5.814335642139188
2025-12-23:10:44:15,275 INFO     [psi4.driver.driver:641] Return gradient(): -38.898220396242436
2025-12-23:10:44:15,275 INFO     [psi4.driver.driver:642] [[-0.00000000  0.00000000 -0.00447132]
 [-0.00000000  0.00000000  0.00447421]]
2025-12-23:10:44:15,277 INFO     [psi4.optking.history:269] 	Performing BFGS update.
2025-12-23:10:44:15,277 INFO     [psi4.optking.history:280] 	Using 4 previous steps for update.
2025-12-23:10:44:15,277 WARNING  [psi4.optking.history:301] 	Change in internal coordinate of 5.23e-01 exceeds limit of 5.00e-01.
2025-12-23:10:44:15,277 WARNING  [psi4.optking.history:306] 	Skipping Hessian update for step 3.
2025-12-23:10:44:15,277 WARNING  [psi4.optking.history:301] 	Change in internal coordinate of 7.71e-01 exceeds limit of 5.00e-01.
2025-12-23:10:44:15,277 WARNING  [psi4.optking.history:306] 	Skipping Hessian update for step 2.
2025-12-23:10:44:15,277 WARNING  [psi4.optking.history:301] 	Change in internal coordinate of 1.17e+00 exceeds limit of 5.00e-01.
2025-12-23:10:44:15,277 WARNING  [psi4.optking.history:306] 	Skipping Hessian update for step 1.
2025-12-23:10:44:15,277 INFO     [psi4.optking.history:317] 	Steps to be used in Hessian update:  6 5 4

2025-12-23:10:44:15,277 INFO     [psi4.optking.history:418] 	Updated Hessian (in au) 
 	   0.136156

2025-12-23:10:44:15,277 INFO     [psi4.optking.molsys:944] Projected (PHP) Hessian matrix
	   0.136156

2025-12-23:10:44:15,277 INFO     [psi4.optking.opt_helper:182] 
	         Geometry (au)                                       Gradient (au)
   0.0000000000   0.0000000000   1.8914438554		  -0.0000000000   0.0000000000  -0.0044713234
   0.0000000000   0.0000000000  -1.5483300467		  -0.0000000000   0.0000000000   0.0044742123

2025-12-23:10:44:15,278 INFO     [psi4.optking.stepAlgorithms:368] 	Current Step Report 
 
	Current energy:       -38.8982203962
	Energy change for the previous step:
		Actual       :        -0.0003371924
		Projected    :        -0.0002304798

2025-12-23:10:44:15,278 INFO     [psi4.optking.stepAlgorithms:371] 	Energy ratio =    1.46300
2025-12-23:10:44:15,278 INFO     [psi4.optking.stepAlgorithms:929] 	Using RFO solution 1.
2025-12-23:10:44:15,278 INFO     [psi4.optking.displace:100] 	Determining Cartesian step for fragment 1.
2025-12-23:10:44:15,278 INFO     [psi4.optking.displace:415] 	Successfully converged to displaced geometry.
2025-12-23:10:44:15,278 INFO     [psi4.optking.displace:416] 	RMS(dx):  1.282e-16 	Max(dx):  2.220e-16 	RMS(dq):  4.441e-16
2025-12-23:10:44:15,278 INFO     [psi4.optking.displace:172] 

	        --- Internal Coordinate Step in ANG or DEG, aJ/ANG or AJ/DEG ---
	-------------------------------------------------------------------------------
	           Coordinate      Previous         Force          Change          New 
	           ----------      --------        ------          ------        ------
	               R(1,2)       1.82025        0.03685        0.01736       1.83761
	-------------------------------------------------------------------------------

2025-12-23:10:44:15,278 INFO     [psi4.optking.stepAlgorithms:113] 	|target step| :    0.0328150273
2025-12-23:10:44:15,278 INFO     [psi4.optking.stepAlgorithms:114] 	gradient     :   -0.0044727679
2025-12-23:10:44:15,278 INFO     [psi4.optking.stepAlgorithms:115] 	hessian      :    0.1361556528
2025-12-23:10:44:15,278 INFO     [psi4.optking.stepAlgorithms:113] 	|target step| :    0.0328150273
2025-12-23:10:44:15,278 INFO     [psi4.optking.stepAlgorithms:114] 	gradient     :   -0.0044727679
2025-12-23:10:44:15,278 INFO     [psi4.optking.stepAlgorithms:115] 	hessian      :    0.1361556528
2025-12-23:10:44:15,278 INFO     [psi4.optking.stepAlgorithms:206] 	Norm of achieved step-size    0.0328150273
2025-12-23:10:44:15,278 INFO     [psi4.optking.stepAlgorithms:208] 	Norm of achieved step-size (cart):    0.0232037283
2025-12-23:10:44:15,278 INFO     [psi4.optking.opt_helper:164] Molsys:

	                            ===> Fragment 1 <== 

	 Z (Atomic Numbers)          Masses                          Geom                  
	       4.000000             9.012183          0.00000000  0.00000000  1.90785137   
	       5.000000            11.009305          0.00000000  0.00000000 -1.56473756   

	 - Coordinate -           - BOHR/RAD -       - ANG/DEG -
	 R(1,2)           =         3.472589           1.837615

2025-12-23:10:44:15,279 INFO     [psi4.optking.convcheck:76] Performing convergence check.
2025-12-23:10:44:15,279 INFO     [psi4.optking.convcheck:282] 
	                                 ==> Convergence Check <==                                  
    
	Measures of convergence in internal coordinates in au.
    
	Criteria marked as inactive (o), active & met (*), and active & unmet ( ).

	----------------------------------------------------------------------------------------------
	   Step    Total Energy     Delta E     Max Force     RMS Force      Max Disp      RMS Disp   
	----------------------------------------------------------------------------------------------
	  Convergence Criteria     1.00e-06 *    3.00e-04 *             o    1.20e-03 *             o
	----------------------------------------------------------------------------------------------
	     7     -38.89822040   -3.37e-04      4.47e-03      4.47e-03 o    3.28e-02      3.28e-02 o  ~
	----------------------------------------------------------------------------------------------


2025-12-23:10:44:15,279 INFO     [psi4.optking.stepAlgorithms:296] 	Convergence check returned False
2025-12-23:10:44:15,289 INFO     [psi4.driver.task_planner:259] PLANNING Atomic:  keywords={'DAMPING_PERCENTAGE': 1.0, 'GEOM_MAXITER': 500, 'SCF__GUESS': 'READ', 'GUESS': 'SAP', 'MAXITER': 500, 'REFERENCE': 'UKS', 'function_kwargs': {}}
2025-12-23:10:44:15,291 INFO     [psi4.driver.driver:638] Compute gradient(): method=b3lyp, basis=cc-pvdz, molecule=default, nre=5.759391741000814
2025-12-23:10:44:15,596 INFO     [psi4.driver.driver:641] Return gradient(): -38.898317146769884
2025-12-23:10:44:15,597 INFO     [psi4.driver.driver:642] [[ 0.00000000 -0.00000000 -0.00146995]
 [-0.00000000 -0.00000000  0.00147176]]
2025-12-23:10:44:15,598 INFO     [psi4.optking.history:269] 	Performing BFGS update.
2025-12-23:10:44:15,598 INFO     [psi4.optking.history:280] 	Using 4 previous steps for update.
2025-12-23:10:44:15,598 INFO     [psi4.optking.history:317] 	Steps to be used in Hessian update:  7 6 5 4

2025-12-23:10:44:15,598 INFO     [psi4.optking.history:418] 	Updated Hessian (in au) 
 	   0.131519

2025-12-23:10:44:15,598 INFO     [psi4.optking.molsys:944] Projected (PHP) Hessian matrix
	   0.131519

2025-12-23:10:44:15,599 INFO     [psi4.optking.opt_helper:182] 
	         Geometry (au)                                       Gradient (au)
   0.0000000000   0.0000000000   1.9094880012		   0.0000000000  -0.0000000000  -0.0014699455
   0.0000000000   0.0000000000  -1.5631009282		  -0.0000000000  -0.0000000000   0.0014717599

2025-12-23:10:44:15,599 INFO     [psi4.optking.stepAlgorithms:368] 	Current Step Report 
 
	Current energy:       -38.8983171468
	Energy change for the previous step:
		Actual       :        -0.0000967505
		Projected    :        -0.0000733870

2025-12-23:10:44:15,599 INFO     [psi4.optking.stepAlgorithms:371] 	Energy ratio =    1.31836
2025-12-23:10:44:15,599 INFO     [psi4.optking.stepAlgorithms:929] 	Using RFO solution 1.
2025-12-23:10:44:15,599 INFO     [psi4.optking.displace:100] 	Determining Cartesian step for fragment 1.
2025-12-23:10:44:15,599 INFO     [psi4.optking.displace:415] 	Successfully converged to displaced geometry.
2025-12-23:10:44:15,599 INFO     [psi4.optking.displace:416] 	RMS(dx):  0.000e+00 	Max(dx):  0.000e+00 	RMS(dq):  0.000e+00
2025-12-23:10:44:15,599 INFO     [psi4.optking.displace:172] 

	        --- Internal Coordinate Step in ANG or DEG, aJ/ANG or AJ/DEG ---
	-------------------------------------------------------------------------------
	           Coordinate      Previous         Force          Change          New 
	           ----------      --------        ------          ------        ------
	               R(1,2)       1.83761        0.01212        0.00592       1.84353
	-------------------------------------------------------------------------------

2025-12-23:10:44:15,599 INFO     [psi4.optking.stepAlgorithms:113] 	|target step| :    0.0111821385
2025-12-23:10:44:15,599 INFO     [psi4.optking.stepAlgorithms:114] 	gradient     :   -0.0014708527
2025-12-23:10:44:15,599 INFO     [psi4.optking.stepAlgorithms:115] 	hessian      :    0.1315194556
2025-12-23:10:44:15,599 INFO     [psi4.optking.stepAlgorithms:113] 	|target step| :    0.0111821385
2025-12-23:10:44:15,599 INFO     [psi4.optking.stepAlgorithms:114] 	gradient     :   -0.0014708527
2025-12-23:10:44:15,599 INFO     [psi4.optking.stepAlgorithms:115] 	hessian      :    0.1315194556
2025-12-23:10:44:15,599 INFO     [psi4.optking.stepAlgorithms:206] 	Norm of achieved step-size    0.0111821385
2025-12-23:10:44:15,599 INFO     [psi4.optking.stepAlgorithms:208] 	Norm of achieved step-size (cart):    0.0079069660
2025-12-23:10:44:15,599 INFO     [psi4.optking.opt_helper:164] Molsys:

	                            ===> Fragment 1 <== 

	 Z (Atomic Numbers)          Masses                          Geom                  
	       4.000000             9.012183          0.00000000  0.00000000  1.91507907   
	       5.000000            11.009305          0.00000000  0.00000000 -1.56869200   

	 - Coordinate -           - BOHR/RAD -       - ANG/DEG -
	 R(1,2)           =         3.483771           1.843532

2025-12-23:10:44:15,600 INFO     [psi4.optking.convcheck:76] Performing convergence check.
2025-12-23:10:44:15,600 INFO     [psi4.optking.convcheck:282] 
	                                 ==> Convergence Check <==                                  
    
	Measures of convergence in internal coordinates in au.
    
	Criteria marked as inactive (o), active & met (*), and active & unmet ( ).

	----------------------------------------------------------------------------------------------
	   Step    Total Energy     Delta E     Max Force     RMS Force      Max Disp      RMS Disp   
	----------------------------------------------------------------------------------------------
	  Convergence Criteria     1.00e-06 *    3.00e-04 *             o    1.20e-03 *             o
	----------------------------------------------------------------------------------------------
	     8     -38.89831715   -9.68e-05      1.47e-03      1.47e-03 o    1.12e-02      1.12e-02 o  ~
	----------------------------------------------------------------------------------------------


2025-12-23:10:44:15,600 INFO     [psi4.optking.stepAlgorithms:296] 	Convergence check returned False
2025-12-23:10:44:15,610 INFO     [psi4.driver.task_planner:259] PLANNING Atomic:  keywords={'DAMPING_PERCENTAGE': 1.0, 'GEOM_MAXITER': 500, 'SCF__GUESS': 'READ', 'GUESS': 'SAP', 'MAXITER': 500, 'REFERENCE': 'UKS', 'function_kwargs': {}}
2025-12-23:10:44:15,611 INFO     [psi4.driver.driver:638] Compute gradient(): method=b3lyp, basis=cc-pvdz, molecule=default, nre=5.740905360889682
2025-12-23:10:44:15,943 INFO     [psi4.driver.driver:641] Return gradient(): -38.89832814423116
2025-12-23:10:44:15,943 INFO     [psi4.driver.driver:642] [[ 0.00000000  0.00000000 -0.00050400]
 [ 0.00000000 -0.00000000  0.00050538]]
2025-12-23:10:44:15,944 INFO     [psi4.optking.history:269] 	Performing BFGS update.
2025-12-23:10:44:15,944 INFO     [psi4.optking.history:280] 	Using 4 previous steps for update.
2025-12-23:10:44:15,945 INFO     [psi4.optking.history:317] 	Steps to be used in Hessian update:  8 7 6 5

2025-12-23:10:44:15,945 INFO     [psi4.optking.history:418] 	Updated Hessian (in au) 
 	   0.109696

2025-12-23:10:44:15,945 INFO     [psi4.optking.molsys:944] Projected (PHP) Hessian matrix
	   0.109696

2025-12-23:10:44:15,945 INFO     [psi4.optking.opt_helper:182] 
	         Geometry (au)                                       Gradient (au)
   0.0000000000   0.0000000000   1.9156367737		   0.0000000000   0.0000000000  -0.0005039998
   0.0000000000   0.0000000000  -1.5681342942		   0.0000000000  -0.0000000000   0.0005053765

2025-12-23:10:44:15,945 INFO     [psi4.optking.stepAlgorithms:368] 	Current Step Report 
 
	Current energy:       -38.8983281442
	Energy change for the previous step:
		Actual       :        -0.0000109975
		Projected    :        -0.0000082236

2025-12-23:10:44:15,945 INFO     [psi4.optking.stepAlgorithms:371] 	Energy ratio =    1.33730
2025-12-23:10:44:15,945 INFO     [psi4.optking.stepAlgorithms:929] 	Using RFO solution 1.
2025-12-23:10:44:15,945 INFO     [psi4.optking.displace:100] 	Determining Cartesian step for fragment 1.
2025-12-23:10:44:15,945 INFO     [psi4.optking.displace:415] 	Successfully converged to displaced geometry.
2025-12-23:10:44:15,945 INFO     [psi4.optking.displace:416] 	RMS(dx):  0.000e+00 	Max(dx):  0.000e+00 	RMS(dq):  0.000e+00
2025-12-23:10:44:15,945 INFO     [psi4.optking.displace:172] 

	        --- Internal Coordinate Step in ANG or DEG, aJ/ANG or AJ/DEG ---
	-------------------------------------------------------------------------------
	           Coordinate      Previous         Force          Change          New 
	           ----------      --------        ------          ------        ------
	               R(1,2)       1.84353        0.00416        0.00243       1.84597
	-------------------------------------------------------------------------------

2025-12-23:10:44:15,945 INFO     [psi4.optking.stepAlgorithms:113] 	|target step| :    0.0046007079
2025-12-23:10:44:15,945 INFO     [psi4.optking.stepAlgorithms:114] 	gradient     :   -0.0005046882
2025-12-23:10:44:15,945 INFO     [psi4.optking.stepAlgorithms:115] 	hessian      :    0.1096956172
2025-12-23:10:44:15,945 INFO     [psi4.optking.stepAlgorithms:113] 	|target step| :    0.0046007079
2025-12-23:10:44:15,945 INFO     [psi4.optking.stepAlgorithms:114] 	gradient     :   -0.0005046882
2025-12-23:10:44:15,945 INFO     [psi4.optking.stepAlgorithms:115] 	hessian      :    0.1096956172
2025-12-23:10:44:15,946 INFO     [psi4.optking.stepAlgorithms:206] 	Norm of achieved step-size    0.0046007079
2025-12-23:10:44:15,946 INFO     [psi4.optking.stepAlgorithms:208] 	Norm of achieved step-size (cart):    0.0032531918
2025-12-23:10:44:15,946 INFO     [psi4.optking.opt_helper:164] Molsys:

	                            ===> Fragment 1 <== 

	 Z (Atomic Numbers)          Masses                          Geom                  
	       4.000000             9.012183          0.00000000  0.00000000  1.91793713   
	       5.000000            11.009305          0.00000000  0.00000000 -1.57043465   

	 - Coordinate -           - BOHR/RAD -       - ANG/DEG -
	 R(1,2)           =         3.488372           1.845967

2025-12-23:10:44:15,946 INFO     [psi4.optking.convcheck:76] Performing convergence check.
2025-12-23:10:44:15,946 INFO     [psi4.optking.convcheck:282] 
	                                 ==> Convergence Check <==                                  
    
	Measures of convergence in internal coordinates in au.
    
	Criteria marked as inactive (o), active & met (*), and active & unmet ( ).

	----------------------------------------------------------------------------------------------
	   Step    Total Energy     Delta E     Max Force     RMS Force      Max Disp      RMS Disp   
	----------------------------------------------------------------------------------------------
	  Convergence Criteria     1.00e-06 *    3.00e-04 *             o    1.20e-03 *             o
	----------------------------------------------------------------------------------------------
	     9     -38.89832814   -1.10e-05      5.05e-04      5.05e-04 o    4.60e-03      4.60e-03 o  ~
	----------------------------------------------------------------------------------------------


2025-12-23:10:44:15,946 INFO     [psi4.optking.stepAlgorithms:296] 	Convergence check returned False
2025-12-23:10:44:15,956 INFO     [psi4.driver.task_planner:259] PLANNING Atomic:  keywords={'DAMPING_PERCENTAGE': 1.0, 'GEOM_MAXITER': 500, 'SCF__GUESS': 'READ', 'GUESS': 'SAP', 'MAXITER': 500, 'REFERENCE': 'UKS', 'function_kwargs': {}}
2025-12-23:10:44:15,957 INFO     [psi4.driver.driver:638] Compute gradient(): method=b3lyp, basis=cc-pvdz, molecule=default, nre=5.733333854636971
2025-12-23:10:44:16,242 INFO     [psi4.driver.driver:641] Return gradient(): -38.8983295607149
2025-12-23:10:44:16,242 INFO     [psi4.driver.driver:642] [[-0.00000000  0.00000000 -0.00011471]
 [-0.00000000 -0.00000000  0.00011594]]
2025-12-23:10:44:16,244 INFO     [psi4.optking.history:269] 	Performing BFGS update.
2025-12-23:10:44:16,244 INFO     [psi4.optking.history:280] 	Using 4 previous steps for update.
2025-12-23:10:44:16,244 INFO     [psi4.optking.history:317] 	Steps to be used in Hessian update:  9 8 7 6

2025-12-23:10:44:16,245 INFO     [psi4.optking.history:418] 	Updated Hessian (in au) 
 	   0.095567

2025-12-23:10:44:16,245 INFO     [psi4.optking.molsys:944] Projected (PHP) Hessian matrix
	   0.095567

2025-12-23:10:44:16,245 INFO     [psi4.optking.opt_helper:182] 
	         Geometry (au)                                       Gradient (au)
   0.0000000000   0.0000000000   1.9181665855		  -0.0000000000   0.0000000000  -0.0001147105
   0.0000000000   0.0000000000  -1.5702051903		  -0.0000000000  -0.0000000000   0.0001159375

2025-12-23:10:44:16,245 INFO     [psi4.optking.stepAlgorithms:368] 	Current Step Report 
 
	Current energy:       -38.8983295607
	Energy change for the previous step:
		Actual       :        -0.0000014165
		Projected    :        -0.0000011610

2025-12-23:10:44:16,245 INFO     [psi4.optking.stepAlgorithms:371] 	Energy ratio =    1.22010
2025-12-23:10:44:16,245 INFO     [psi4.optking.stepAlgorithms:929] 	Using RFO solution 1.
2025-12-23:10:44:16,245 INFO     [psi4.optking.displace:100] 	Determining Cartesian step for fragment 1.
2025-12-23:10:44:16,245 INFO     [psi4.optking.displace:415] 	Successfully converged to displaced geometry.
2025-12-23:10:44:16,245 INFO     [psi4.optking.displace:416] 	RMS(dx):  1.282e-16 	Max(dx):  2.220e-16 	RMS(dq):  4.441e-16
2025-12-23:10:44:16,245 INFO     [psi4.optking.displace:172] 

	        --- Internal Coordinate Step in ANG or DEG, aJ/ANG or AJ/DEG ---
	-------------------------------------------------------------------------------
	           Coordinate      Previous         Force          Change          New 
	           ----------      --------        ------          ------        ------
	               R(1,2)       1.84597        0.00095        0.00064       1.84661
	-------------------------------------------------------------------------------

2025-12-23:10:44:16,245 INFO     [psi4.optking.stepAlgorithms:113] 	|target step| :    0.0012067328
2025-12-23:10:44:16,245 INFO     [psi4.optking.stepAlgorithms:114] 	gradient     :   -0.0001153240
2025-12-23:10:44:16,245 INFO     [psi4.optking.stepAlgorithms:115] 	hessian      :    0.0955669685
2025-12-23:10:44:16,245 INFO     [psi4.optking.stepAlgorithms:113] 	|target step| :    0.0012067328
2025-12-23:10:44:16,245 INFO     [psi4.optking.stepAlgorithms:114] 	gradient     :   -0.0001153240
2025-12-23:10:44:16,245 INFO     [psi4.optking.stepAlgorithms:115] 	hessian      :    0.0955669685
2025-12-23:10:44:16,245 INFO     [psi4.optking.stepAlgorithms:206] 	Norm of achieved step-size    0.0012067328
2025-12-23:10:44:16,245 INFO     [psi4.optking.stepAlgorithms:208] 	Norm of achieved step-size (cart):    0.0008532889
2025-12-23:10:44:16,246 INFO     [psi4.optking.opt_helper:164] Molsys:

	                            ===> Fragment 1 <== 

	 Z (Atomic Numbers)          Masses                          Geom                  
	       4.000000             9.012183          0.00000000  0.00000000  1.91876995   
	       5.000000            11.009305          0.00000000  0.00000000 -1.57080856   

	 - Coordinate -           - BOHR/RAD -       - ANG/DEG -
	 R(1,2)           =         3.489579           1.846605

2025-12-23:10:44:16,246 INFO     [psi4.optking.convcheck:76] Performing convergence check.
2025-12-23:10:44:16,246 INFO     [psi4.optking.convcheck:282] 
	                                 ==> Convergence Check <==                                  
    
	Measures of convergence in internal coordinates in au.
    
	Criteria marked as inactive (o), active & met (*), and active & unmet ( ).

	----------------------------------------------------------------------------------------------
	   Step    Total Energy     Delta E     Max Force     RMS Force      Max Disp      RMS Disp   
	----------------------------------------------------------------------------------------------
	  Convergence Criteria     1.00e-06 *    3.00e-04 *             o    1.20e-03 *             o
	----------------------------------------------------------------------------------------------
	    10     -38.89832956   -1.42e-06      1.15e-04 *    1.15e-04 o    1.21e-03      1.21e-03 o  ~
	----------------------------------------------------------------------------------------------


2025-12-23:10:44:16,246 INFO     [psi4.optking.stepAlgorithms:296] 	Convergence check returned False
2025-12-23:10:44:16,256 INFO     [psi4.driver.task_planner:259] PLANNING Atomic:  keywords={'DAMPING_PERCENTAGE': 1.0, 'GEOM_MAXITER': 500, 'SCF__GUESS': 'READ', 'GUESS': 'SAP', 'MAXITER': 500, 'REFERENCE': 'UKS', 'function_kwargs': {}}
2025-12-23:10:44:16,257 INFO     [psi4.driver.driver:638] Compute gradient(): method=b3lyp, basis=cc-pvdz, molecule=default, nre=5.731351207761571
2025-12-23:10:44:16,564 INFO     [psi4.driver.driver:641] Return gradient(): -38.89832963494872
2025-12-23:10:44:16,564 INFO     [psi4.driver.driver:642] [[-0.00000000  0.00000000 -0.00001338]
 [ 0.00000000  0.00000000  0.00001457]]
2025-12-23:10:44:16,566 INFO     [psi4.optking.history:269] 	Performing BFGS update.
2025-12-23:10:44:16,566 INFO     [psi4.optking.history:280] 	Using 4 previous steps for update.
2025-12-23:10:44:16,566 INFO     [psi4.optking.history:317] 	Steps to be used in Hessian update:  10 9 8 7

2025-12-23:10:44:16,566 INFO     [psi4.optking.history:418] 	Updated Hessian (in au) 
 	   0.089526

2025-12-23:10:44:16,566 INFO     [psi4.optking.molsys:944] Projected (PHP) Hessian matrix
	   0.089526

2025-12-23:10:44:16,566 INFO     [psi4.optking.opt_helper:182] 
	         Geometry (au)                                       Gradient (au)
   0.0000000000   0.0000000000   1.9188301371		  -0.0000000000   0.0000000000  -0.0000133803
   0.0000000000   0.0000000000  -1.5707483715		   0.0000000000   0.0000000000   0.0000145701

2025-12-23:10:44:16,566 INFO     [psi4.optking.stepAlgorithms:368] 	Current Step Report 
 
	Current energy:       -38.8983296349
	Energy change for the previous step:
		Actual       :        -0.0000000742
		Projected    :        -0.0000000696

2025-12-23:10:44:16,566 INFO     [psi4.optking.stepAlgorithms:371] 	Energy ratio =    1.06684
2025-12-23:10:44:16,566 INFO     [psi4.optking.stepAlgorithms:929] 	Using RFO solution 1.
2025-12-23:10:44:16,566 INFO     [psi4.optking.displace:100] 	Determining Cartesian step for fragment 1.
2025-12-23:10:44:16,567 INFO     [psi4.optking.displace:415] 	Successfully converged to displaced geometry.
2025-12-23:10:44:16,567 INFO     [psi4.optking.displace:416] 	RMS(dx):  1.282e-16 	Max(dx):  2.220e-16 	RMS(dq):  4.441e-16
2025-12-23:10:44:16,567 INFO     [psi4.optking.displace:172] 

	        --- Internal Coordinate Step in ANG or DEG, aJ/ANG or AJ/DEG ---
	-------------------------------------------------------------------------------
	           Coordinate      Previous         Force          Change          New 
	           ----------      --------        ------          ------        ------
	               R(1,2)       1.84661        0.00012        0.00008       1.84669
	-------------------------------------------------------------------------------

2025-12-23:10:44:16,567 INFO     [psi4.optking.stepAlgorithms:113] 	|target step| :    0.0001561024
2025-12-23:10:44:16,567 INFO     [psi4.optking.stepAlgorithms:114] 	gradient     :   -0.0000139752
2025-12-23:10:44:16,567 INFO     [psi4.optking.stepAlgorithms:115] 	hessian      :    0.0895257083
2025-12-23:10:44:16,567 INFO     [psi4.optking.stepAlgorithms:113] 	|target step| :    0.0001561024
2025-12-23:10:44:16,567 INFO     [psi4.optking.stepAlgorithms:114] 	gradient     :   -0.0000139752
2025-12-23:10:44:16,567 INFO     [psi4.optking.stepAlgorithms:115] 	hessian      :    0.0895257083
2025-12-23:10:44:16,567 INFO     [psi4.optking.stepAlgorithms:206] 	Norm of achieved step-size    0.0001561024
2025-12-23:10:44:16,567 INFO     [psi4.optking.stepAlgorithms:208] 	Norm of achieved step-size (cart):    0.0001103811
2025-12-23:10:44:16,567 INFO     [psi4.optking.opt_helper:164] Molsys:

	                            ===> Fragment 1 <== 

	 Z (Atomic Numbers)          Masses                          Geom                  
	       4.000000             9.012183          0.00000000  0.00000000  1.91890819   
	       5.000000            11.009305          0.00000000  0.00000000 -1.57082642   

	 - Coordinate -           - BOHR/RAD -       - ANG/DEG -
	 R(1,2)           =         3.489735           1.846688

2025-12-23:10:44:16,567 INFO     [psi4.optking.convcheck:76] Performing convergence check.
2025-12-23:10:44:16,567 INFO     [psi4.optking.convcheck:282] 
	                                 ==> Convergence Check <==                                  
    
	Measures of convergence in internal coordinates in au.
    
	Criteria marked as inactive (o), active & met (*), and active & unmet ( ).

	----------------------------------------------------------------------------------------------
	   Step    Total Energy     Delta E     Max Force     RMS Force      Max Disp      RMS Disp   
	----------------------------------------------------------------------------------------------
	  Convergence Criteria     1.00e-06 *    3.00e-04 *             o    1.20e-03 *             o
	----------------------------------------------------------------------------------------------
	    11     -38.89832963   -7.42e-08 *    1.40e-05 *    1.40e-05 o    1.56e-04 *    1.56e-04 o  ~
	----------------------------------------------------------------------------------------------


2025-12-23:10:44:16,567 INFO     [psi4.optking.convcheck:206] 
	                      ===> Final Convergence Report <===                     

	----------------------------------------------------------------------------
	|   Required Criteria    |  One or More Criteria  |   Alternate Criteria   |
	----------------------------------------------------------------------------
	| [x]     max_force      | [x]       max_DE       |                        |
	|                        | [x]      max_disp      |                        |
	----------------------------------------------------------------------------


2025-12-23:10:44:16,567 INFO     [psi4.optking.stepAlgorithms:296] 	Convergence check returned True
2025-12-23:10:44:16,567 INFO     [psi4.optking.optimize:332] 	Converged in 11 steps!
2025-12-23:10:44:16,567 INFO     [psi4.optking.optimize:333] 	Final energy is    -38.8983296349487
2025-12-23:10:44:16,567 INFO     [psi4.optking.optimize:334] 	Final structure (Angstroms): 
	Fragment 1 (Ang)

	   Be   0.0000000000   0.0000000000   1.0154424826
	    B   0.0000000000   0.0000000000  -0.8312455448


2025-12-23:10:44:16,568 INFO     [psi4.optking.optimize:562] 	Optimization Finished

	==> Optimization Summary <==

        
	Measures of convergence in internal coordinates in au. (Any backward steps not shown.)
        
	---------------------------------------------------------------------------------------------------------------  ~
        
	 Step         Total Energy             Delta E       MAX Force       RMS Force        MAX Disp        RMS Disp   ~
        
	---------------------------------------------------------------------------------------------------------------  ~
        
	     1     -38.706468406736    -38.706468406736      0.50034667      0.50034667      0.40068946      0.40068946  ~
	     2     -38.839172967390     -0.132704560654      0.19928667      0.19928667      0.24881580      0.24881580  ~
	     3     -38.875472346307     -0.036299378917      0.10061444      0.10061444      0.23919706      0.23919706  ~
	     4     -38.892079688357     -0.016607342050      0.04305931      0.04305931      0.13215668      0.13215668  ~
	     5     -38.896304621304     -0.004224932947      0.02192174      0.02192174      0.10236548      0.10236548  ~
	     6     -38.897883203855     -0.001578582550      0.00943080      0.00943080      0.04887807      0.04887807  ~
	     7     -38.898220396242     -0.000337192388      0.00447277      0.00447277      0.03281503      0.03281503  ~
	     8     -38.898317146770     -0.000096750527      0.00147085      0.00147085      0.01118214      0.01118214  ~
	     9     -38.898328144231     -0.000010997461      0.00050469      0.00050469      0.00460071      0.00460071  ~
	    10     -38.898329560715     -0.000001416484      0.00011532      0.00011532      0.00120673      0.00120673  ~
	    11     -38.898329634949     -0.000000074234      0.00001398      0.00001398      0.00015610      0.00015610  ~
	----------------------------------------------------------------------------------------------------------------


2025-12-23:10:44:16,568 INFO     [psi4.optking.optimize:806] Preparing OptimizationResult
