2025-12-23:10:46:41,222 WARNING  [psi4.optking:38] Some dependencies such as QCElemental have not yet finished migration to pydantic v2. If issues are encountered please downgrade pydantic or upgrade QCElemental as appropriate
2025-12-23:10:46:41,379 INFO     [psi4.optking.optwrapper:234] Creating a UserComputer
2025-12-23:10:46:41,380 INFO     [psi4.optking.optwrapper:242] 
    			-----------------------------------------

    			 OPTKING 3.0: for geometry optimizations 

    			     By R.A. King, Bethel University     

    			        with contributions from          

    			    A.V. Copan, J. Cayton, A. Heide      

    			-----------------------------------------

    
2025-12-23:10:46:41,380 INFO     [psi4.optking.optwrapper:272] 
		 -- Optimization Parameters --
	GEOM_MAXITER                   =             500
	ALG_GEOM_MAXITER               =              50
	PRINT                          =               1
	OPT_TYPE                       =             MIN
	STEP_TYPE                      =             RFO
	PROGRAM                        =            PSI4
	STEEPEST_DESCENT_TYPE          =         OVERLAP
	CONJUGATE_GRADIENT_TYPE        =        FLETCHER
	OPT_COORDINATES                =        INTERNAL
	RFO_FOLLOW_ROOT                =           False
	RFO_ROOT                       =               0
	ACCEPT_SYMMETRY_BREAKING       =           False
	DYNAMIC_LVL                    =               0
	DYNAMIC_LVL_MAX                =               0
	IRC_STEP_SIZE                  =             0.2
	IRC_DIRECTION                  =         FORWARD
	IRC_POINTS                     =              20
	IRC_MODE                       =          NORMAL
	IRC_CONVERGENCE                =            -0.7
	INTRAFRAG_STEP_LIMIT           =             0.5
	INTRAFRAG_STEP_LIMIT_MIN       =           0.001
	INTRAFRAG_STEP_LIMIT_MAX       =             1.0
	INTERFRAG_STEP_LIMIT           =             0.5
	INTERFRAG_STEP_LIMIT_MIN       =           0.001
	INTERFRAG_STEP_LIMIT_MAX       =             1.0
	ENSURE_BT_CONVERGENCE          =           False
	SIMPLE_STEP_SCALING            =           False
	CONSECUTIVE_BACKSTEPS          =               0
	RFO_NORMALIZATION_MAX          =             100
	RSRFO_ALPHA_MAX                =     100000000.0
	PRINT_TRAJECTORY_XYZ_FILE      =           False
	WRITE_TRAJECTORY               =           False
	FROZEN_DISTANCE                =                
	FROZEN_BEND                    =                
	FROZEN_DIHEDRAL                =                
	FROZEN_OOFP                    =                
	FROZEN_CARTESIAN               =                
	FREEZE_ALL_DIHEDRALS           =           False
	UNFREEZE_DIHEDRALS             =                
	RANGED_DISTANCE                =                
	RANGED_BEND                    =                
	RANGED_DIHEDRAL                =                
	RANGED_OOFP                    =                
	RANGED_CARTESIAN               =                
	EXT_FORCE_DISTANCE             =                
	EXT_FORCE_BEND                 =                
	EXT_FORCE_DIHEDRAL             =                
	EXT_FORCE_OOFP                 =                
	EXT_FORCE_CARTESIAN            =                
	G_CONVERGENCE                  =           QCHEM
	MAX_FORCE_G_CONVERGENCE        =          0.0003
	RMS_FORCE_G_CONVERGENCE        =          0.0003
	MAX_ENERGY_G_CONVERGENCE       =           1e-06
	MAX_DISP_G_CONVERGENCE         =          0.0012
	RMS_DISP_G_CONVERGENCE         =          0.0012
	FLEXIBLE_G_CONVERGENCE         =           False
	HESS_UPDATE                    =            BFGS
	HESS_UPDATE_USE_LAST           =               4
	HESS_UPDATE_LIMIT              =            True
	HESS_UPDATE_LIMIT_MAX          =             1.0
	HESS_UPDATE_LIMIT_SCALE        =             0.5
	HESS_UPDATE_DEN_TOL            =           1e-07
	HESS_UPDATE_DQ_TOL             =             0.5
	CART_HESS_READ                 =           False
	HESSIAN_FILE                   =               .
	FULL_HESS_EVERY                =              -1
	INTRAFRAG_HESS                 =        SCHLEGEL
	H_GUESS_EVERY                  =           False
	BT_MAX_ITER                    =              25
	BT_DX_CONV                     =           1e-07
	BT_DX_RMS_CHANGE_CONV          =           1e-12
	BT_PINV_RCOND                  =           1e-06
	FRAG_MODE                      =          SINGLE
	FRAG_REF_ATOMS                 =              []
	FREEZE_INTRAFRAG               =           False
	INTERFRAG_MODE                 =           FIXED
	ADD_AUXILIARY_BONDS            =           False
	AUXILIARY_BOND_FACTOR          =             2.5
	INTERFRAG_DIST_INV             =           False
	INTERFRAG_COLLINEAR_TOL        =            0.01
	INTERFRAG_COORDS               =              []
	INTERFRAG_HESS                 =         DEFAULT
	COVALENT_CONNECT               =             1.3
	INTERFRAGMENT_CONNECT          =             1.8
	H_BOND_CONNECT                 =             4.3
	INCLUDE_OOFP                   =           False
	TEST_B                         =           False
	TEST_DERIVATIVE_B              =           False
	LINESEARCH_STEP                =             0.1
	LINESEARCH                     =           False
	SD_HESSIAN                     =             1.0
	FIX_VAL_NEAR_PI                =            1.57
	V3D_TORS_ANGLE_LIM             =           0.017
	V3D_TORS_COS_TOL               =           1e-10
	LINEAR_BEND_THRESHOLD          =            3.05
	SMALL_BEND_FIX_THRESHOLD       =            0.35
	REDUNDANT_EVAL_TOL             =           1e-10
	LINEAR_ALGEBRA_TOL             =           1e-10


2025-12-23:10:46:41,508 INFO     [psi4.optking.opt_helper:164] Molsys:

	                            ===> Fragment 1 <== 

	 Z (Atomic Numbers)          Masses                          Geom                  
	       4.000000             9.012183          0.00000000  0.00000000  1.69988707   
	      13.000000            26.981539          0.00000000  0.00000000 -0.56778428   

	 - Coordinate -           - BOHR/RAD -       - ANG/DEG -
	 R(1,2)           =         2.267671           1.200000

2025-12-23:10:46:41,518 INFO     [psi4.driver.task_planner:259] PLANNING Atomic:  keywords={'DAMPING_PERCENTAGE': 1.0, 'GEOM_MAXITER': 500, 'GUESS': 'SAP', 'MAXITER': 500, 'REFERENCE': 'UKS', 'function_kwargs': {}}
2025-12-23:10:46:41,520 INFO     [psi4.driver.driver:638] Compute gradient(): method=b3lyp, basis=cc-pvdz, molecule=default, nre=22.93101246236667
2025-12-23:10:46:42,64 INFO     [psi4.driver.driver:641] Return gradient(): -256.1562171164748
2025-12-23:10:46:42,64 INFO     [psi4.driver.driver:642] [[ 0.00000000  0.00000000 -0.79291587]
 [ 0.00000000 -0.00000000  0.79300324]]
2025-12-23:10:46:42,66 INFO     [psi4.optking.molsys:944] Projected (PHP) Hessian matrix
	   4.182219

2025-12-23:10:46:42,66 INFO     [psi4.optking.opt_helper:182] 
	         Geometry (au)                                       Gradient (au)
   0.0000000000   0.0000000000   1.6998870694		   0.0000000000   0.0000000000  -0.7929158716
   0.0000000000   0.0000000000  -0.5677842812		   0.0000000000  -0.0000000000   0.7930032371

2025-12-23:10:46:42,66 INFO     [psi4.optking.stepAlgorithms:929] 	Using RFO solution 1.
2025-12-23:10:46:42,66 INFO     [psi4.optking.displace:100] 	Determining Cartesian step for fragment 1.
2025-12-23:10:46:42,67 INFO     [psi4.optking.displace:415] 	Successfully converged to displaced geometry.
2025-12-23:10:46:42,67 INFO     [psi4.optking.displace:416] 	RMS(dx):  0.000e+00 	Max(dx):  0.000e+00 	RMS(dq):  0.000e+00
2025-12-23:10:46:42,67 INFO     [psi4.optking.displace:172] 

	        --- Internal Coordinate Step in ANG or DEG, aJ/ANG or AJ/DEG ---
	-------------------------------------------------------------------------------
	           Coordinate      Previous         Force          Change          New 
	           ----------      --------        ------          ------        ------
	               R(1,2)       1.20000        6.53297        0.09696       1.29696
	-------------------------------------------------------------------------------

2025-12-23:10:46:42,67 INFO     [psi4.optking.stepAlgorithms:113] 	|target step| :    0.1832365817
2025-12-23:10:46:42,67 INFO     [psi4.optking.stepAlgorithms:114] 	gradient     :   -0.7929595544
2025-12-23:10:46:42,67 INFO     [psi4.optking.stepAlgorithms:115] 	hessian      :    4.1822185214
2025-12-23:10:46:42,67 INFO     [psi4.optking.stepAlgorithms:113] 	|target step| :    0.1832365817
2025-12-23:10:46:42,67 INFO     [psi4.optking.stepAlgorithms:114] 	gradient     :   -0.7929595544
2025-12-23:10:46:42,67 INFO     [psi4.optking.stepAlgorithms:115] 	hessian      :    4.1822185214
2025-12-23:10:46:42,67 INFO     [psi4.optking.stepAlgorithms:206] 	Norm of achieved step-size    0.1832365817
2025-12-23:10:46:42,67 INFO     [psi4.optking.stepAlgorithms:208] 	Norm of achieved step-size (cart):    0.1295678295
2025-12-23:10:46:42,67 INFO     [psi4.optking.opt_helper:164] Molsys:

	                            ===> Fragment 1 <== 

	 Z (Atomic Numbers)          Masses                          Geom                  
	       4.000000             9.012183          0.00000000  0.00000000  1.79150536   
	      13.000000            26.981539          0.00000000  0.00000000 -0.65940257   

	 - Coordinate -           - BOHR/RAD -       - ANG/DEG -
	 R(1,2)           =         2.450908           1.296965

2025-12-23:10:46:42,67 INFO     [psi4.optking.convcheck:76] Performing convergence check.
2025-12-23:10:46:42,67 INFO     [psi4.optking.convcheck:282] 
	                                 ==> Convergence Check <==                                  
    
	Measures of convergence in internal coordinates in au.
    
	Criteria marked as inactive (o), active & met (*), and active & unmet ( ).

	----------------------------------------------------------------------------------------------~
	   Step    Total Energy     Delta E     Max Force     RMS Force      Max Disp      RMS Disp   ~
	----------------------------------------------------------------------------------------------~
	  Convergence Criteria     1.00e-06 *    3.00e-04 *             o    1.20e-03 *             o~
	----------------------------------------------------------------------------------------------~
	     1    -256.15621712   -2.56e+02      7.93e-01      7.93e-01 o    1.83e-01      1.83e-01 o  ~
	----------------------------------------------------------------------------------------------


2025-12-23:10:46:42,67 INFO     [psi4.optking.stepAlgorithms:296] 	Convergence check returned False
2025-12-23:10:46:42,78 INFO     [psi4.driver.task_planner:259] PLANNING Atomic:  keywords={'DAMPING_PERCENTAGE': 1.0, 'GEOM_MAXITER': 500, 'SCF__GUESS': 'READ', 'GUESS': 'SAP', 'MAXITER': 500, 'REFERENCE': 'UKS', 'function_kwargs': {}}
2025-12-23:10:46:42,79 INFO     [psi4.driver.driver:638] Compute gradient(): method=b3lyp, basis=cc-pvdz, molecule=default, nre=21.216627240446996
2025-12-23:10:46:42,605 INFO     [psi4.driver.driver:641] Return gradient(): -256.2842946310568
2025-12-23:10:46:42,605 INFO     [psi4.driver.driver:642] [[-0.00000000 -0.00000000 -0.61287415]
 [ 0.00000000  0.00000000  0.61292091]]
2025-12-23:10:46:42,607 INFO     [psi4.optking.history:269] 	Performing BFGS update.
2025-12-23:10:46:42,607 INFO     [psi4.optking.history:280] 	Using 1 previous steps for update.
2025-12-23:10:46:42,607 INFO     [psi4.optking.history:317] 	Steps to be used in Hessian update:  1

2025-12-23:10:46:42,607 INFO     [psi4.optking.history:418] 	Updated Hessian (in au) 
 	   2.091109

2025-12-23:10:46:42,607 INFO     [psi4.optking.molsys:944] Projected (PHP) Hessian matrix
	   2.091109

2025-12-23:10:46:42,607 INFO     [psi4.optking.opt_helper:182] 
	         Geometry (au)                                       Gradient (au)
   0.0000000000   0.0000000000   1.8372444937		  -0.0000000000  -0.0000000000  -0.6128741544
   0.0000000000   0.0000000000  -0.6136634386		   0.0000000000   0.0000000000   0.6129209103

2025-12-23:10:46:42,607 INFO     [psi4.optking.stepAlgorithms:368] 	Current Step Report 
 
	Current energy:      -256.2842946311
	Energy change for the previous step:
		Actual       :        -0.1280775146
		Projected    :        -0.0726495991

2025-12-23:10:46:42,607 INFO     [psi4.optking.stepAlgorithms:371] 	Energy ratio =    1.76295
2025-12-23:10:46:42,607 INFO     [psi4.optking.stepAlgorithms:399] 	Energy ratio indicates good step.
2025-12-23:10:46:42,607 INFO     [psi4.optking.stepAlgorithms:400] 	Intrafrag trust radius increased to      1.
2025-12-23:10:46:42,608 INFO     [psi4.optking.stepAlgorithms:929] 	Using RFO solution 1.
2025-12-23:10:46:42,608 INFO     [psi4.optking.displace:100] 	Determining Cartesian step for fragment 1.
2025-12-23:10:46:42,608 INFO     [psi4.optking.displace:415] 	Successfully converged to displaced geometry.
2025-12-23:10:46:42,608 INFO     [psi4.optking.displace:416] 	RMS(dx):  0.000e+00 	Max(dx):  0.000e+00 	RMS(dq):  0.000e+00
2025-12-23:10:46:42,608 INFO     [psi4.optking.displace:172] 

	        --- Internal Coordinate Step in ANG or DEG, aJ/ANG or AJ/DEG ---
	-------------------------------------------------------------------------------
	           Coordinate      Previous         Force          Change          New 
	           ----------      --------        ------          ------        ------
	               R(1,2)       1.29696        5.04949        0.14367       1.44063
	-------------------------------------------------------------------------------

2025-12-23:10:46:42,608 INFO     [psi4.optking.stepAlgorithms:113] 	|target step| :    0.2714931152
2025-12-23:10:46:42,608 INFO     [psi4.optking.stepAlgorithms:114] 	gradient     :   -0.6128975324
2025-12-23:10:46:42,608 INFO     [psi4.optking.stepAlgorithms:115] 	hessian      :    2.0911092607
2025-12-23:10:46:42,608 INFO     [psi4.optking.stepAlgorithms:113] 	|target step| :    0.2714931152
2025-12-23:10:46:42,608 INFO     [psi4.optking.stepAlgorithms:114] 	gradient     :   -0.6128975324
2025-12-23:10:46:42,608 INFO     [psi4.optking.stepAlgorithms:115] 	hessian      :    2.0911092607
2025-12-23:10:46:42,608 INFO     [psi4.optking.stepAlgorithms:206] 	Norm of achieved step-size    0.2714931152
2025-12-23:10:46:42,608 INFO     [psi4.optking.stepAlgorithms:208] 	Norm of achieved step-size (cart):    0.1919746228
2025-12-23:10:46:42,608 INFO     [psi4.optking.opt_helper:164] Molsys:

	                            ===> Fragment 1 <== 

	 Z (Atomic Numbers)          Masses                          Geom                  
	       4.000000             9.012183          0.00000000  0.00000000  1.97299105   
	      13.000000            26.981539          0.00000000  0.00000000 -0.74941000   

	 - Coordinate -           - BOHR/RAD -       - ANG/DEG -
	 R(1,2)           =         2.722401           1.440633

2025-12-23:10:46:42,608 INFO     [psi4.optking.convcheck:76] Performing convergence check.
2025-12-23:10:46:42,609 INFO     [psi4.optking.convcheck:282] 
	                                 ==> Convergence Check <==                                  
    
	Measures of convergence in internal coordinates in au.
    
	Criteria marked as inactive (o), active & met (*), and active & unmet ( ).

	----------------------------------------------------------------------------------------------
	   Step    Total Energy     Delta E     Max Force     RMS Force      Max Disp      RMS Disp   
	----------------------------------------------------------------------------------------------
	  Convergence Criteria     1.00e-06 *    3.00e-04 *             o    1.20e-03 *             o
	----------------------------------------------------------------------------------------------
	     2    -256.28429463   -1.28e-01      6.13e-01      6.13e-01 o    2.71e-01      2.71e-01 o  ~
	----------------------------------------------------------------------------------------------


2025-12-23:10:46:42,609 INFO     [psi4.optking.stepAlgorithms:296] 	Convergence check returned False
2025-12-23:10:46:42,618 INFO     [psi4.driver.task_planner:259] PLANNING Atomic:  keywords={'DAMPING_PERCENTAGE': 1.0, 'GEOM_MAXITER': 500, 'SCF__GUESS': 'READ', 'GUESS': 'SAP', 'MAXITER': 500, 'REFERENCE': 'UKS', 'function_kwargs': {}}
2025-12-23:10:46:42,620 INFO     [psi4.driver.driver:638] Compute gradient(): method=b3lyp, basis=cc-pvdz, molecule=default, nre=19.100786067948217
2025-12-23:10:46:43,92 INFO     [psi4.driver.driver:641] Return gradient(): -256.42199533301647
2025-12-23:10:46:43,92 INFO     [psi4.driver.driver:642] [[ 0.00000000  0.00000000 -0.41188253]
 [ 0.00000000  0.00000000  0.41191205]]
2025-12-23:10:46:43,94 INFO     [psi4.optking.history:269] 	Performing BFGS update.
2025-12-23:10:46:43,94 INFO     [psi4.optking.history:280] 	Using 2 previous steps for update.
2025-12-23:10:46:43,94 INFO     [psi4.optking.history:317] 	Steps to be used in Hessian update:  2 1

2025-12-23:10:46:43,94 INFO     [psi4.optking.history:418] 	Updated Hessian (in au) 
 	   0.837997

2025-12-23:10:46:43,94 INFO     [psi4.optking.molsys:944] Projected (PHP) Hessian matrix
	   0.837997

2025-12-23:10:46:43,94 INFO     [psi4.optking.opt_helper:182] 
	         Geometry (au)                                       Gradient (au)
   0.0000000000   0.0000000000   2.0407605967		   0.0000000000   0.0000000000  -0.4118825322
   0.0000000000   0.0000000000  -0.6816404509		   0.0000000000   0.0000000000   0.4119120483

2025-12-23:10:46:43,94 INFO     [psi4.optking.stepAlgorithms:368] 	Current Step Report 
 
	Current energy:      -256.4219953330
	Energy change for the previous step:
		Actual       :        -0.1377007020
		Projected    :        -0.0831987302

2025-12-23:10:46:43,94 INFO     [psi4.optking.stepAlgorithms:371] 	Energy ratio =    1.65508
2025-12-23:10:46:43,94 INFO     [psi4.optking.stepAlgorithms:929] 	Using RFO solution 1.
2025-12-23:10:46:43,94 INFO     [psi4.optking.displace:100] 	Determining Cartesian step for fragment 1.
2025-12-23:10:46:43,95 INFO     [psi4.optking.displace:415] 	Successfully converged to displaced geometry.
2025-12-23:10:46:43,95 INFO     [psi4.optking.displace:416] 	RMS(dx):  1.282e-16 	Max(dx):  2.220e-16 	RMS(dq):  4.441e-16
2025-12-23:10:46:43,95 INFO     [psi4.optking.displace:172] 

	        --- Internal Coordinate Step in ANG or DEG, aJ/ANG or AJ/DEG ---
	-------------------------------------------------------------------------------
	           Coordinate      Previous         Force          Change          New 
	           ----------      --------        ------          ------        ------
	               R(1,2)       1.44063        3.39351        0.21655       1.65718
	-------------------------------------------------------------------------------

2025-12-23:10:46:43,95 INFO     [psi4.optking.stepAlgorithms:113] 	|target step| :    0.4092159956
2025-12-23:10:46:43,95 INFO     [psi4.optking.stepAlgorithms:114] 	gradient     :   -0.4118972903
2025-12-23:10:46:43,95 INFO     [psi4.optking.stepAlgorithms:115] 	hessian      :    0.8379973127
2025-12-23:10:46:43,95 INFO     [psi4.optking.stepAlgorithms:113] 	|target step| :    0.4092159956
2025-12-23:10:46:43,95 INFO     [psi4.optking.stepAlgorithms:114] 	gradient     :   -0.4118972903
2025-12-23:10:46:43,95 INFO     [psi4.optking.stepAlgorithms:115] 	hessian      :    0.8379973127
2025-12-23:10:46:43,95 INFO     [psi4.optking.stepAlgorithms:206] 	Norm of achieved step-size    0.4092159956
2025-12-23:10:46:43,95 INFO     [psi4.optking.stepAlgorithms:208] 	Norm of achieved step-size (cart):    0.2893594055
2025-12-23:10:46:43,95 INFO     [psi4.optking.opt_helper:164] Molsys:

	                            ===> Fragment 1 <== 

	 Z (Atomic Numbers)          Masses                          Geom                  
	       4.000000             9.012183          0.00000000  0.00000000  2.24536859   
	      13.000000            26.981539          0.00000000  0.00000000 -0.88624845   

	 - Coordinate -           - BOHR/RAD -       - ANG/DEG -
	 R(1,2)           =         3.131617           1.657180

2025-12-23:10:46:43,95 INFO     [psi4.optking.convcheck:76] Performing convergence check.
2025-12-23:10:46:43,95 INFO     [psi4.optking.convcheck:282] 
	                                 ==> Convergence Check <==                                  
    
	Measures of convergence in internal coordinates in au.
    
	Criteria marked as inactive (o), active & met (*), and active & unmet ( ).

	----------------------------------------------------------------------------------------------
	   Step    Total Energy     Delta E     Max Force     RMS Force      Max Disp      RMS Disp   
	----------------------------------------------------------------------------------------------
	  Convergence Criteria     1.00e-06 *    3.00e-04 *             o    1.20e-03 *             o
	----------------------------------------------------------------------------------------------
	     3    -256.42199533   -1.38e-01      4.12e-01      4.12e-01 o    4.09e-01      4.09e-01 o  ~
	----------------------------------------------------------------------------------------------


2025-12-23:10:46:43,95 INFO     [psi4.optking.stepAlgorithms:296] 	Convergence check returned False
2025-12-23:10:46:43,105 INFO     [psi4.driver.task_planner:259] PLANNING Atomic:  keywords={'DAMPING_PERCENTAGE': 1.0, 'GEOM_MAXITER': 500, 'SCF__GUESS': 'READ', 'GUESS': 'SAP', 'MAXITER': 500, 'REFERENCE': 'UKS', 'function_kwargs': {}}
2025-12-23:10:46:43,106 INFO     [psi4.driver.driver:638] Compute gradient(): method=b3lyp, basis=cc-pvdz, molecule=default, nre=16.60484001841506
2025-12-23:10:46:43,605 INFO     [psi4.driver.driver:641] Return gradient(): -256.54528182533124
2025-12-23:10:46:43,606 INFO     [psi4.driver.driver:642] [[ 0.00000000 -0.00000000 -0.20799919]
 [-0.00000000  0.00000000  0.20798685]]
2025-12-23:10:46:43,607 INFO     [psi4.optking.history:269] 	Performing BFGS update.
2025-12-23:10:46:43,607 INFO     [psi4.optking.history:280] 	Using 3 previous steps for update.
2025-12-23:10:46:43,607 WARNING  [psi4.optking.history:301] 	Change in internal coordinate of 6.81e-01 exceeds limit of 5.00e-01.
2025-12-23:10:46:43,607 WARNING  [psi4.optking.history:306] 	Skipping Hessian update for step 2.
2025-12-23:10:46:43,607 WARNING  [psi4.optking.history:301] 	Change in internal coordinate of 8.64e-01 exceeds limit of 5.00e-01.
2025-12-23:10:46:43,607 WARNING  [psi4.optking.history:306] 	Skipping Hessian update for step 1.
2025-12-23:10:46:43,607 INFO     [psi4.optking.history:317] 	Steps to be used in Hessian update:  3

2025-12-23:10:46:43,607 INFO     [psi4.optking.history:418] 	Updated Hessian (in au) 
 	   0.498280

2025-12-23:10:46:43,607 INFO     [psi4.optking.molsys:944] Projected (PHP) Hessian matrix
	   0.498280

2025-12-23:10:46:43,608 INFO     [psi4.optking.opt_helper:182] 
	         Geometry (au)                                       Gradient (au)
   0.0000000000   0.0000000000   2.3475162380		   0.0000000000  -0.0000000000  -0.2079991944
   0.0000000000   0.0000000000  -0.7841008051		  -0.0000000000   0.0000000000   0.2079868523

2025-12-23:10:46:43,608 INFO     [psi4.optking.stepAlgorithms:368] 	Current Step Report 
 
	Current energy:      -256.5452818253
	Energy change for the previous step:
		Actual       :        -0.1232864923
		Projected    :        -0.0842774799

2025-12-23:10:46:43,608 INFO     [psi4.optking.stepAlgorithms:371] 	Energy ratio =    1.46286
2025-12-23:10:46:43,608 INFO     [psi4.optking.stepAlgorithms:929] 	Using RFO solution 1.
2025-12-23:10:46:43,608 INFO     [psi4.optking.displace:100] 	Determining Cartesian step for fragment 1.
2025-12-23:10:46:43,608 INFO     [psi4.optking.displace:415] 	Successfully converged to displaced geometry.
2025-12-23:10:46:43,608 INFO     [psi4.optking.displace:416] 	RMS(dx):  0.000e+00 	Max(dx):  0.000e+00 	RMS(dq):  0.000e+00
2025-12-23:10:46:43,608 INFO     [psi4.optking.displace:172] 

	        --- Internal Coordinate Step in ANG or DEG, aJ/ANG or AJ/DEG ---
	-------------------------------------------------------------------------------
	           Coordinate      Previous         Force          Change          New 
	           ----------      --------        ------          ------        ------
	               R(1,2)       1.65718        1.71360        0.19186       1.84904
	-------------------------------------------------------------------------------

2025-12-23:10:46:43,608 INFO     [psi4.optking.stepAlgorithms:113] 	|target step| :    0.3625536650
2025-12-23:10:46:43,608 INFO     [psi4.optking.stepAlgorithms:114] 	gradient     :   -0.2079930233
2025-12-23:10:46:43,608 INFO     [psi4.optking.stepAlgorithms:115] 	hessian      :    0.4982802948
2025-12-23:10:46:43,608 INFO     [psi4.optking.stepAlgorithms:113] 	|target step| :    0.3625536650
2025-12-23:10:46:43,608 INFO     [psi4.optking.stepAlgorithms:114] 	gradient     :   -0.2079930233
2025-12-23:10:46:43,608 INFO     [psi4.optking.stepAlgorithms:115] 	hessian      :    0.4982802948
2025-12-23:10:46:43,608 INFO     [psi4.optking.stepAlgorithms:206] 	Norm of achieved step-size    0.3625536650
2025-12-23:10:46:43,608 INFO     [psi4.optking.stepAlgorithms:208] 	Norm of achieved step-size (cart):    0.2563641551
2025-12-23:10:46:43,608 INFO     [psi4.optking.opt_helper:164] Molsys:

	                            ===> Fragment 1 <== 

	 Z (Atomic Numbers)          Masses                          Geom                  
	       4.000000             9.012183          0.00000000  0.00000000  2.52879307   
	      13.000000            26.981539          0.00000000  0.00000000 -0.96537764   

	 - Coordinate -           - BOHR/RAD -       - ANG/DEG -
	 R(1,2)           =         3.494171           1.849036

2025-12-23:10:46:43,609 INFO     [psi4.optking.convcheck:76] Performing convergence check.
2025-12-23:10:46:43,609 INFO     [psi4.optking.convcheck:282] 
	                                 ==> Convergence Check <==                                  
    
	Measures of convergence in internal coordinates in au.
    
	Criteria marked as inactive (o), active & met (*), and active & unmet ( ).

	----------------------------------------------------------------------------------------------
	   Step    Total Energy     Delta E     Max Force     RMS Force      Max Disp      RMS Disp   
	----------------------------------------------------------------------------------------------
	  Convergence Criteria     1.00e-06 *    3.00e-04 *             o    1.20e-03 *             o
	----------------------------------------------------------------------------------------------
	     4    -256.54528183   -1.23e-01      2.08e-01      2.08e-01 o    3.63e-01      3.63e-01 o  ~
	----------------------------------------------------------------------------------------------


2025-12-23:10:46:43,609 INFO     [psi4.optking.stepAlgorithms:296] 	Convergence check returned False
2025-12-23:10:46:43,618 INFO     [psi4.driver.task_planner:259] PLANNING Atomic:  keywords={'DAMPING_PERCENTAGE': 1.0, 'GEOM_MAXITER': 500, 'SCF__GUESS': 'READ', 'GUESS': 'SAP', 'MAXITER': 500, 'REFERENCE': 'UKS', 'function_kwargs': {}}
2025-12-23:10:46:43,619 INFO     [psi4.driver.driver:638] Compute gradient(): method=b3lyp, basis=cc-pvdz, molecule=default, nre=14.881928887649059
2025-12-23:10:46:44,107 INFO     [psi4.driver.driver:641] Return gradient(): -256.59958487537966
2025-12-23:10:46:44,108 INFO     [psi4.driver.driver:642] [[-0.00000000  0.00000000 -0.10089907]
 [ 0.00000000  0.00000000  0.10087782]]
2025-12-23:10:46:44,109 INFO     [psi4.optking.history:269] 	Performing BFGS update.
2025-12-23:10:46:44,109 INFO     [psi4.optking.history:280] 	Using 4 previous steps for update.
2025-12-23:10:46:44,109 WARNING  [psi4.optking.history:301] 	Change in internal coordinate of 7.72e-01 exceeds limit of 5.00e-01.
2025-12-23:10:46:44,109 WARNING  [psi4.optking.history:306] 	Skipping Hessian update for step 3.
2025-12-23:10:46:44,109 WARNING  [psi4.optking.history:301] 	Change in internal coordinate of 1.04e+00 exceeds limit of 5.00e-01.
2025-12-23:10:46:44,109 WARNING  [psi4.optking.history:306] 	Skipping Hessian update for step 2.
2025-12-23:10:46:44,109 WARNING  [psi4.optking.history:301] 	Change in internal coordinate of 1.23e+00 exceeds limit of 5.00e-01.
2025-12-23:10:46:44,109 WARNING  [psi4.optking.history:306] 	Skipping Hessian update for step 1.
2025-12-23:10:46:44,110 INFO     [psi4.optking.history:317] 	Steps to be used in Hessian update:  4

2025-12-23:10:46:44,110 INFO     [psi4.optking.history:418] 	Updated Hessian (in au) 
 	   0.295417

2025-12-23:10:46:44,110 INFO     [psi4.optking.molsys:944] Projected (PHP) Hessian matrix
	   0.295417

2025-12-23:10:46:44,110 INFO     [psi4.optking.opt_helper:182] 
	         Geometry (au)                                       Gradient (au)
   0.0000000000   0.0000000000   2.6192929604		  -0.0000000000   0.0000000000  -0.1008990689
   0.0000000000   0.0000000000  -0.8748777478		   0.0000000000   0.0000000000   0.1008778223

2025-12-23:10:46:44,110 INFO     [psi4.optking.stepAlgorithms:368] 	Current Step Report 
 
	Current energy:      -256.5995848754
	Energy change for the previous step:
		Actual       :        -0.0543030500
		Projected    :        -0.0377043165

2025-12-23:10:46:44,110 INFO     [psi4.optking.stepAlgorithms:371] 	Energy ratio =    1.44023
2025-12-23:10:46:44,110 INFO     [psi4.optking.stepAlgorithms:929] 	Using RFO solution 1.
2025-12-23:10:46:44,110 INFO     [psi4.optking.displace:100] 	Determining Cartesian step for fragment 1.
2025-12-23:10:46:44,110 INFO     [psi4.optking.displace:415] 	Successfully converged to displaced geometry.
2025-12-23:10:46:44,110 INFO     [psi4.optking.displace:416] 	RMS(dx):  0.000e+00 	Max(dx):  0.000e+00 	RMS(dq):  0.000e+00
2025-12-23:10:46:44,110 INFO     [psi4.optking.displace:172] 

	        --- Internal Coordinate Step in ANG or DEG, aJ/ANG or AJ/DEG ---
	-------------------------------------------------------------------------------
	           Coordinate      Previous         Force          Change          New 
	           ----------      --------        ------          ------        ------
	               R(1,2)       1.84904        0.83119        0.16347       2.01251
	-------------------------------------------------------------------------------

2025-12-23:10:46:44,110 INFO     [psi4.optking.stepAlgorithms:113] 	|target step| :    0.3089206456
2025-12-23:10:46:44,111 INFO     [psi4.optking.stepAlgorithms:114] 	gradient     :   -0.1008884456
2025-12-23:10:46:44,111 INFO     [psi4.optking.stepAlgorithms:115] 	hessian      :    0.2954171702
2025-12-23:10:46:44,111 INFO     [psi4.optking.stepAlgorithms:113] 	|target step| :    0.3089206456
2025-12-23:10:46:44,111 INFO     [psi4.optking.stepAlgorithms:114] 	gradient     :   -0.1008884456
2025-12-23:10:46:44,111 INFO     [psi4.optking.stepAlgorithms:115] 	hessian      :    0.2954171702
2025-12-23:10:46:44,111 INFO     [psi4.optking.stepAlgorithms:206] 	Norm of achieved step-size    0.3089206456
2025-12-23:10:46:44,111 INFO     [psi4.optking.stepAlgorithms:208] 	Norm of achieved step-size (cart):    0.2184398834
2025-12-23:10:46:44,111 INFO     [psi4.optking.opt_helper:164] Molsys:

	                            ===> Fragment 1 <== 

	 Z (Atomic Numbers)          Masses                          Geom                  
	       4.000000             9.012183          0.00000000  0.00000000  2.77375328   
	      13.000000            26.981539          0.00000000  0.00000000 -1.02933807   

	 - Coordinate -           - BOHR/RAD -       - ANG/DEG -
	 R(1,2)           =         3.803091           2.012509

2025-12-23:10:46:44,111 INFO     [psi4.optking.convcheck:76] Performing convergence check.
2025-12-23:10:46:44,111 INFO     [psi4.optking.convcheck:282] 
	                                 ==> Convergence Check <==                                  
    
	Measures of convergence in internal coordinates in au.
    
	Criteria marked as inactive (o), active & met (*), and active & unmet ( ).

	----------------------------------------------------------------------------------------------
	   Step    Total Energy     Delta E     Max Force     RMS Force      Max Disp      RMS Disp   
	----------------------------------------------------------------------------------------------
	  Convergence Criteria     1.00e-06 *    3.00e-04 *             o    1.20e-03 *             o
	----------------------------------------------------------------------------------------------
	     5    -256.59958488   -5.43e-02      1.01e-01      1.01e-01 o    3.09e-01      3.09e-01 o  ~
	----------------------------------------------------------------------------------------------


2025-12-23:10:46:44,111 INFO     [psi4.optking.stepAlgorithms:296] 	Convergence check returned False
2025-12-23:10:46:44,122 INFO     [psi4.driver.task_planner:259] PLANNING Atomic:  keywords={'DAMPING_PERCENTAGE': 1.0, 'GEOM_MAXITER': 500, 'SCF__GUESS': 'READ', 'GUESS': 'SAP', 'MAXITER': 500, 'REFERENCE': 'UKS', 'function_kwargs': {}}
2025-12-23:10:46:44,123 INFO     [psi4.driver.driver:638] Compute gradient(): method=b3lyp, basis=cc-pvdz, molecule=default, nre=13.673087276251742
2025-12-23:10:46:44,644 INFO     [psi4.driver.driver:641] Return gradient(): -256.6216155081105
2025-12-23:10:46:44,644 INFO     [psi4.driver.driver:642] [[ 0.00000000  0.00000000 -0.04621109]
 [-0.00000000  0.00000000  0.04619303]]
2025-12-23:10:46:44,646 INFO     [psi4.optking.history:269] 	Performing BFGS update.
2025-12-23:10:46:44,646 INFO     [psi4.optking.history:280] 	Using 4 previous steps for update.
2025-12-23:10:46:44,646 WARNING  [psi4.optking.history:301] 	Change in internal coordinate of 6.71e-01 exceeds limit of 5.00e-01.
2025-12-23:10:46:44,646 WARNING  [psi4.optking.history:306] 	Skipping Hessian update for step 4.
2025-12-23:10:46:44,646 WARNING  [psi4.optking.history:301] 	Change in internal coordinate of 1.08e+00 exceeds limit of 5.00e-01.
2025-12-23:10:46:44,646 WARNING  [psi4.optking.history:306] 	Skipping Hessian update for step 3.
2025-12-23:10:46:44,646 WARNING  [psi4.optking.history:301] 	Change in internal coordinate of 1.35e+00 exceeds limit of 5.00e-01.
2025-12-23:10:46:44,646 WARNING  [psi4.optking.history:306] 	Skipping Hessian update for step 2.
2025-12-23:10:46:44,646 WARNING  [psi4.optking.history:301] 	Change in internal coordinate of 1.54e+00 exceeds limit of 5.00e-01.
2025-12-23:10:46:44,646 WARNING  [psi4.optking.history:306] 	Skipping Hessian update for step 1.
2025-12-23:10:46:44,646 INFO     [psi4.optking.history:317] 	Steps to be used in Hessian update:  5

2025-12-23:10:46:44,646 INFO     [psi4.optking.history:418] 	Updated Hessian (in au) 
 	   0.177024

2025-12-23:10:46:44,646 INFO     [psi4.optking.molsys:944] Projected (PHP) Hessian matrix
	   0.177024

2025-12-23:10:46:44,646 INFO     [psi4.optking.opt_helper:182] 
	         Geometry (au)                                       Gradient (au)
   0.0000000000   0.0000000000   2.8508654106		   0.0000000000   0.0000000000  -0.0462110901
   0.0000000000   0.0000000000  -0.9522259432		  -0.0000000000   0.0000000000   0.0461930253

2025-12-23:10:46:44,646 INFO     [psi4.optking.stepAlgorithms:368] 	Current Step Report 
 
	Current energy:      -256.6216155081
	Energy change for the previous step:
		Actual       :        -0.0220306327
		Projected    :        -0.0155832619

2025-12-23:10:46:44,646 INFO     [psi4.optking.stepAlgorithms:371] 	Energy ratio =    1.41374
2025-12-23:10:46:44,646 INFO     [psi4.optking.stepAlgorithms:929] 	Using RFO solution 1.
2025-12-23:10:46:44,646 INFO     [psi4.optking.displace:100] 	Determining Cartesian step for fragment 1.
2025-12-23:10:46:44,647 INFO     [psi4.optking.displace:415] 	Successfully converged to displaced geometry.
2025-12-23:10:46:44,647 INFO     [psi4.optking.displace:416] 	RMS(dx):  0.000e+00 	Max(dx):  0.000e+00 	RMS(dq):  0.000e+00
2025-12-23:10:46:44,647 INFO     [psi4.optking.displace:172] 

	        --- Internal Coordinate Step in ANG or DEG, aJ/ANG or AJ/DEG ---
	-------------------------------------------------------------------------------
	           Coordinate      Previous         Force          Change          New 
	           ----------      --------        ------          ------        ------
	               R(1,2)       2.01251        0.38065        0.12980       2.14231
	-------------------------------------------------------------------------------

2025-12-23:10:46:44,647 INFO     [psi4.optking.stepAlgorithms:113] 	|target step| :    0.2452898875
2025-12-23:10:46:44,647 INFO     [psi4.optking.stepAlgorithms:114] 	gradient     :   -0.0462020577
2025-12-23:10:46:44,647 INFO     [psi4.optking.stepAlgorithms:115] 	hessian      :    0.1770240632
2025-12-23:10:46:44,647 INFO     [psi4.optking.stepAlgorithms:113] 	|target step| :    0.2452898875
2025-12-23:10:46:44,647 INFO     [psi4.optking.stepAlgorithms:114] 	gradient     :   -0.0462020577
2025-12-23:10:46:44,647 INFO     [psi4.optking.stepAlgorithms:115] 	hessian      :    0.1770240632
2025-12-23:10:46:44,647 INFO     [psi4.optking.stepAlgorithms:206] 	Norm of achieved step-size    0.2452898875
2025-12-23:10:46:44,647 INFO     [psi4.optking.stepAlgorithms:208] 	Norm of achieved step-size (cart):    0.1734461428
2025-12-23:10:46:44,647 INFO     [psi4.optking.opt_helper:164] Molsys:

	                            ===> Fragment 1 <== 

	 Z (Atomic Numbers)          Masses                          Geom                  
	       4.000000             9.012183          0.00000000  0.00000000  2.97351035   
	      13.000000            26.981539          0.00000000  0.00000000 -1.07487089   

	 - Coordinate -           - BOHR/RAD -       - ANG/DEG -
	 R(1,2)           =         4.048381           2.142311

2025-12-23:10:46:44,647 INFO     [psi4.optking.convcheck:76] Performing convergence check.
2025-12-23:10:46:44,647 INFO     [psi4.optking.convcheck:282] 
	                                 ==> Convergence Check <==                                  
    
	Measures of convergence in internal coordinates in au.
    
	Criteria marked as inactive (o), active & met (*), and active & unmet ( ).

	----------------------------------------------------------------------------------------------
	   Step    Total Energy     Delta E     Max Force     RMS Force      Max Disp      RMS Disp   
	----------------------------------------------------------------------------------------------
	  Convergence Criteria     1.00e-06 *    3.00e-04 *             o    1.20e-03 *             o
	----------------------------------------------------------------------------------------------
	     6    -256.62161551   -2.20e-02      4.62e-02      4.62e-02 o    2.45e-01      2.45e-01 o  ~
	----------------------------------------------------------------------------------------------


2025-12-23:10:46:44,647 INFO     [psi4.optking.stepAlgorithms:296] 	Convergence check returned False
2025-12-23:10:46:44,657 INFO     [psi4.driver.task_planner:259] PLANNING Atomic:  keywords={'DAMPING_PERCENTAGE': 1.0, 'GEOM_MAXITER': 500, 'SCF__GUESS': 'READ', 'GUESS': 'SAP', 'MAXITER': 500, 'REFERENCE': 'UKS', 'function_kwargs': {}}
2025-12-23:10:46:44,658 INFO     [psi4.driver.driver:638] Compute gradient(): method=b3lyp, basis=cc-pvdz, molecule=default, nre=12.844640092063177
2025-12-23:10:46:45,175 INFO     [psi4.driver.driver:641] Return gradient(): -256.62936169565927
2025-12-23:10:46:45,175 INFO     [psi4.driver.driver:642] [[ 0.00000000  0.00000000 -0.01890222]
 [ 0.00000000 -0.00000000  0.01889307]]
2025-12-23:10:46:45,177 INFO     [psi4.optking.history:269] 	Performing BFGS update.
2025-12-23:10:46:45,177 INFO     [psi4.optking.history:280] 	Using 4 previous steps for update.
2025-12-23:10:46:45,177 WARNING  [psi4.optking.history:301] 	Change in internal coordinate of 5.54e-01 exceeds limit of 5.00e-01.
2025-12-23:10:46:45,177 WARNING  [psi4.optking.history:306] 	Skipping Hessian update for step 5.
2025-12-23:10:46:45,177 WARNING  [psi4.optking.history:301] 	Change in internal coordinate of 9.17e-01 exceeds limit of 5.00e-01.
2025-12-23:10:46:45,177 WARNING  [psi4.optking.history:306] 	Skipping Hessian update for step 4.
2025-12-23:10:46:45,177 WARNING  [psi4.optking.history:301] 	Change in internal coordinate of 1.33e+00 exceeds limit of 5.00e-01.
2025-12-23:10:46:45,177 WARNING  [psi4.optking.history:306] 	Skipping Hessian update for step 3.
2025-12-23:10:46:45,177 WARNING  [psi4.optking.history:301] 	Change in internal coordinate of 1.60e+00 exceeds limit of 5.00e-01.
2025-12-23:10:46:45,177 WARNING  [psi4.optking.history:306] 	Skipping Hessian update for step 2.
2025-12-23:10:46:45,177 WARNING  [psi4.optking.history:301] 	Change in internal coordinate of 1.78e+00 exceeds limit of 5.00e-01.
2025-12-23:10:46:45,177 WARNING  [psi4.optking.history:306] 	Skipping Hessian update for step 1.
2025-12-23:10:46:45,177 INFO     [psi4.optking.history:317] 	Steps to be used in Hessian update:  6

2025-12-23:10:46:45,177 INFO     [psi4.optking.history:418] 	Updated Hessian (in au) 
 	   0.111315

2025-12-23:10:46:45,177 INFO     [psi4.optking.molsys:944] Projected (PHP) Hessian matrix
	   0.111315

2025-12-23:10:46:45,177 INFO     [psi4.optking.opt_helper:182] 
	         Geometry (au)                                       Gradient (au)
   0.0000000000   0.0000000000   3.0347391047		   0.0000000000   0.0000000000  -0.0189022222
   0.0000000000   0.0000000000  -1.0136421366		   0.0000000000  -0.0000000000   0.0188930650

2025-12-23:10:46:45,177 INFO     [psi4.optking.stepAlgorithms:368] 	Current Step Report 
 
	Current energy:      -256.6293616957
	Energy change for the previous step:
		Actual       :        -0.0077461875
		Projected    :        -0.0056664488

2025-12-23:10:46:45,177 INFO     [psi4.optking.stepAlgorithms:371] 	Energy ratio =    1.36703
2025-12-23:10:46:45,177 INFO     [psi4.optking.stepAlgorithms:929] 	Using RFO solution 1.
2025-12-23:10:46:45,178 INFO     [psi4.optking.displace:100] 	Determining Cartesian step for fragment 1.
2025-12-23:10:46:45,178 INFO     [psi4.optking.displace:415] 	Successfully converged to displaced geometry.
2025-12-23:10:46:45,178 INFO     [psi4.optking.displace:416] 	RMS(dx):  0.000e+00 	Max(dx):  0.000e+00 	RMS(dq):  0.000e+00
2025-12-23:10:46:45,178 INFO     [psi4.optking.displace:172] 

	        --- Internal Coordinate Step in ANG or DEG, aJ/ANG or AJ/DEG ---
	-------------------------------------------------------------------------------
	           Coordinate      Previous         Force          Change          New 
	           ----------      --------        ------          ------        ------
	               R(1,2)       2.14231        0.15569        0.08739       2.22970
	-------------------------------------------------------------------------------

2025-12-23:10:46:45,178 INFO     [psi4.optking.stepAlgorithms:113] 	|target step| :    0.1651378117
2025-12-23:10:46:45,178 INFO     [psi4.optking.stepAlgorithms:114] 	gradient     :   -0.0188976436
2025-12-23:10:46:45,178 INFO     [psi4.optking.stepAlgorithms:115] 	hessian      :    0.1113148787
2025-12-23:10:46:45,178 INFO     [psi4.optking.stepAlgorithms:113] 	|target step| :    0.1651378117
2025-12-23:10:46:45,178 INFO     [psi4.optking.stepAlgorithms:114] 	gradient     :   -0.0188976436
2025-12-23:10:46:45,178 INFO     [psi4.optking.stepAlgorithms:115] 	hessian      :    0.1113148787
2025-12-23:10:46:45,178 INFO     [psi4.optking.stepAlgorithms:206] 	Norm of achieved step-size    0.1651378117
2025-12-23:10:46:45,178 INFO     [psi4.optking.stepAlgorithms:208] 	Norm of achieved step-size (cart):    0.1167700665
2025-12-23:10:46:45,178 INFO     [psi4.optking.opt_helper:164] Molsys:

	                            ===> Fragment 1 <== 

	 Z (Atomic Numbers)          Masses                          Geom                  
	       4.000000             9.012183          0.00000000  0.00000000  3.11730801   
	      13.000000            26.981539          0.00000000  0.00000000 -1.09621104   

	 - Coordinate -           - BOHR/RAD -       - ANG/DEG -
	 R(1,2)           =         4.213519           2.229698

2025-12-23:10:46:45,178 INFO     [psi4.optking.convcheck:76] Performing convergence check.
2025-12-23:10:46:45,178 INFO     [psi4.optking.convcheck:282] 
	                                 ==> Convergence Check <==                                  
    
	Measures of convergence in internal coordinates in au.
    
	Criteria marked as inactive (o), active & met (*), and active & unmet ( ).

	----------------------------------------------------------------------------------------------
	   Step    Total Energy     Delta E     Max Force     RMS Force      Max Disp      RMS Disp   
	----------------------------------------------------------------------------------------------
	  Convergence Criteria     1.00e-06 *    3.00e-04 *             o    1.20e-03 *             o
	----------------------------------------------------------------------------------------------
	     7    -256.62936170   -7.75e-03      1.89e-02      1.89e-02 o    1.65e-01      1.65e-01 o  ~
	----------------------------------------------------------------------------------------------


2025-12-23:10:46:45,178 INFO     [psi4.optking.stepAlgorithms:296] 	Convergence check returned False
2025-12-23:10:46:45,189 INFO     [psi4.driver.task_planner:259] PLANNING Atomic:  keywords={'DAMPING_PERCENTAGE': 1.0, 'GEOM_MAXITER': 500, 'SCF__GUESS': 'READ', 'GUESS': 'SAP', 'MAXITER': 500, 'REFERENCE': 'UKS', 'function_kwargs': {}}
2025-12-23:10:46:45,190 INFO     [psi4.driver.driver:638] Compute gradient(): method=b3lyp, basis=cc-pvdz, molecule=default, nre=12.34122816241839
2025-12-23:10:46:45,752 INFO     [psi4.driver.driver:641] Return gradient(): -256.63138643843394
2025-12-23:10:46:45,752 INFO     [psi4.driver.driver:642] [[ 0.00000000 -0.00000000 -0.00628929]
 [ 0.00000000 -0.00000000  0.00628554]]
2025-12-23:10:46:45,754 INFO     [psi4.optking.history:269] 	Performing BFGS update.
2025-12-23:10:46:45,754 INFO     [psi4.optking.history:280] 	Using 4 previous steps for update.
2025-12-23:10:46:45,754 WARNING  [psi4.optking.history:301] 	Change in internal coordinate of 7.19e-01 exceeds limit of 5.00e-01.
2025-12-23:10:46:45,754 WARNING  [psi4.optking.history:306] 	Skipping Hessian update for step 5.
2025-12-23:10:46:45,754 WARNING  [psi4.optking.history:301] 	Change in internal coordinate of 1.08e+00 exceeds limit of 5.00e-01.
2025-12-23:10:46:45,754 WARNING  [psi4.optking.history:306] 	Skipping Hessian update for step 4.
2025-12-23:10:46:45,754 WARNING  [psi4.optking.history:301] 	Change in internal coordinate of 1.49e+00 exceeds limit of 5.00e-01.
2025-12-23:10:46:45,754 WARNING  [psi4.optking.history:306] 	Skipping Hessian update for step 3.
2025-12-23:10:46:45,754 WARNING  [psi4.optking.history:301] 	Change in internal coordinate of 1.76e+00 exceeds limit of 5.00e-01.
2025-12-23:10:46:45,754 WARNING  [psi4.optking.history:306] 	Skipping Hessian update for step 2.
2025-12-23:10:46:45,754 WARNING  [psi4.optking.history:301] 	Change in internal coordinate of 1.95e+00 exceeds limit of 5.00e-01.
2025-12-23:10:46:45,754 WARNING  [psi4.optking.history:306] 	Skipping Hessian update for step 1.
2025-12-23:10:46:45,754 INFO     [psi4.optking.history:317] 	Steps to be used in Hessian update:  7 6

2025-12-23:10:46:45,755 INFO     [psi4.optking.history:418] 	Updated Hessian (in au) 
 	   0.097251

2025-12-23:10:46:45,755 INFO     [psi4.optking.molsys:944] Projected (PHP) Hessian matrix
	   0.097251

2025-12-23:10:46:45,755 INFO     [psi4.optking.opt_helper:182] 
	         Geometry (au)                                       Gradient (au)
   0.0000000000   0.0000000000   3.1585293667		   0.0000000000  -0.0000000000  -0.0062892948
   0.0000000000   0.0000000000  -1.0549896863		   0.0000000000  -0.0000000000   0.0062855435

2025-12-23:10:46:45,755 INFO     [psi4.optking.stepAlgorithms:368] 	Current Step Report 
 
	Current energy:      -256.6313864384
	Energy change for the previous step:
		Actual       :        -0.0020247428
		Projected    :        -0.0015603578

2025-12-23:10:46:45,755 INFO     [psi4.optking.stepAlgorithms:371] 	Energy ratio =    1.29761
2025-12-23:10:46:45,755 INFO     [psi4.optking.stepAlgorithms:929] 	Using RFO solution 1.
2025-12-23:10:46:45,755 INFO     [psi4.optking.displace:100] 	Determining Cartesian step for fragment 1.
2025-12-23:10:46:45,755 INFO     [psi4.optking.displace:415] 	Successfully converged to displaced geometry.
2025-12-23:10:46:45,755 INFO     [psi4.optking.displace:416] 	RMS(dx):  0.000e+00 	Max(dx):  0.000e+00 	RMS(dq):  0.000e+00
2025-12-23:10:46:45,755 INFO     [psi4.optking.displace:172] 

	        --- Internal Coordinate Step in ANG or DEG, aJ/ANG or AJ/DEG ---
	-------------------------------------------------------------------------------
	           Coordinate      Previous         Force          Change          New 
	           ----------      --------        ------          ------        ------
	               R(1,2)       2.22970        0.05180        0.03407       2.26377
	-------------------------------------------------------------------------------

2025-12-23:10:46:45,755 INFO     [psi4.optking.stepAlgorithms:113] 	|target step| :    0.0643832498
2025-12-23:10:46:45,755 INFO     [psi4.optking.stepAlgorithms:114] 	gradient     :   -0.0062874191
2025-12-23:10:46:45,755 INFO     [psi4.optking.stepAlgorithms:115] 	hessian      :    0.0972513274
2025-12-23:10:46:45,755 INFO     [psi4.optking.stepAlgorithms:113] 	|target step| :    0.0643832498
2025-12-23:10:46:45,755 INFO     [psi4.optking.stepAlgorithms:114] 	gradient     :   -0.0062874191
2025-12-23:10:46:45,755 INFO     [psi4.optking.stepAlgorithms:115] 	hessian      :    0.0972513274
2025-12-23:10:46:45,755 INFO     [psi4.optking.stepAlgorithms:206] 	Norm of achieved step-size    0.0643832498
2025-12-23:10:46:45,755 INFO     [psi4.optking.stepAlgorithms:208] 	Norm of achieved step-size (cart):    0.0455258325
2025-12-23:10:46:45,756 INFO     [psi4.optking.opt_helper:164] Molsys:

	                            ===> Fragment 1 <== 

	 Z (Atomic Numbers)          Masses                          Geom                  
	       4.000000             9.012183          0.00000000  0.00000000  3.19072099   
	      13.000000            26.981539          0.00000000  0.00000000 -1.08718131   

	 - Coordinate -           - BOHR/RAD -       - ANG/DEG -
	 R(1,2)           =         4.277902           2.263768

2025-12-23:10:46:45,756 INFO     [psi4.optking.convcheck:76] Performing convergence check.
2025-12-23:10:46:45,756 INFO     [psi4.optking.convcheck:282] 
	                                 ==> Convergence Check <==                                  
    
	Measures of convergence in internal coordinates in au.
    
	Criteria marked as inactive (o), active & met (*), and active & unmet ( ).

	----------------------------------------------------------------------------------------------
	   Step    Total Energy     Delta E     Max Force     RMS Force      Max Disp      RMS Disp   
	----------------------------------------------------------------------------------------------
	  Convergence Criteria     1.00e-06 *    3.00e-04 *             o    1.20e-03 *             o
	----------------------------------------------------------------------------------------------
	     8    -256.63138644   -2.02e-03      6.29e-03      6.29e-03 o    6.44e-02      6.44e-02 o  ~
	----------------------------------------------------------------------------------------------


2025-12-23:10:46:45,756 INFO     [psi4.optking.stepAlgorithms:296] 	Convergence check returned False
2025-12-23:10:46:45,766 INFO     [psi4.driver.task_planner:259] PLANNING Atomic:  keywords={'DAMPING_PERCENTAGE': 1.0, 'GEOM_MAXITER': 500, 'SCF__GUESS': 'READ', 'GUESS': 'SAP', 'MAXITER': 500, 'REFERENCE': 'UKS', 'function_kwargs': {}}
2025-12-23:10:46:45,768 INFO     [psi4.driver.driver:638] Compute gradient(): method=b3lyp, basis=cc-pvdz, molecule=default, nre=12.155490312514615
2025-12-23:10:46:46,355 INFO     [psi4.driver.driver:641] Return gradient(): -256.63166250295535
2025-12-23:10:46:46,355 INFO     [psi4.driver.driver:642] [[ 0.00000000 -0.00000000 -0.00237610]
 [-0.00000000 -0.00000000  0.00237396]]
2025-12-23:10:46:46,356 INFO     [psi4.optking.history:269] 	Performing BFGS update.
2025-12-23:10:46:46,357 INFO     [psi4.optking.history:280] 	Using 4 previous steps for update.
2025-12-23:10:46:46,357 WARNING  [psi4.optking.history:301] 	Change in internal coordinate of 7.84e-01 exceeds limit of 5.00e-01.
2025-12-23:10:46:46,357 WARNING  [psi4.optking.history:306] 	Skipping Hessian update for step 5.
2025-12-23:10:46:46,357 WARNING  [psi4.optking.history:301] 	Change in internal coordinate of 1.15e+00 exceeds limit of 5.00e-01.
2025-12-23:10:46:46,357 WARNING  [psi4.optking.history:306] 	Skipping Hessian update for step 4.
2025-12-23:10:46:46,357 WARNING  [psi4.optking.history:301] 	Change in internal coordinate of 1.56e+00 exceeds limit of 5.00e-01.
2025-12-23:10:46:46,357 WARNING  [psi4.optking.history:306] 	Skipping Hessian update for step 3.
2025-12-23:10:46:46,357 WARNING  [psi4.optking.history:301] 	Change in internal coordinate of 1.83e+00 exceeds limit of 5.00e-01.
2025-12-23:10:46:46,357 WARNING  [psi4.optking.history:306] 	Skipping Hessian update for step 2.
2025-12-23:10:46:46,357 WARNING  [psi4.optking.history:301] 	Change in internal coordinate of 2.01e+00 exceeds limit of 5.00e-01.
2025-12-23:10:46:46,357 WARNING  [psi4.optking.history:306] 	Skipping Hessian update for step 1.
2025-12-23:10:46:46,357 INFO     [psi4.optking.history:317] 	Steps to be used in Hessian update:  8 7 6

2025-12-23:10:46:46,357 INFO     [psi4.optking.history:418] 	Updated Hessian (in au) 
 	   0.092304

2025-12-23:10:46:46,357 INFO     [psi4.optking.molsys:944] Projected (PHP) Hessian matrix
	   0.092304

2025-12-23:10:46:46,357 INFO     [psi4.optking.opt_helper:182] 
	         Geometry (au)                                       Gradient (au)
   0.0000000000   0.0000000000   3.2067922042		   0.0000000000  -0.0000000000  -0.0023761042
   0.0000000000   0.0000000000  -1.0711100986		  -0.0000000000  -0.0000000000   0.0023739622

2025-12-23:10:46:46,357 INFO     [psi4.optking.stepAlgorithms:368] 	Current Step Report 
 
	Current energy:      -256.6316625030
	Energy change for the previous step:
		Actual       :        -0.0002760645
		Projected    :        -0.0002024022

2025-12-23:10:46:46,357 INFO     [psi4.optking.stepAlgorithms:371] 	Energy ratio =    1.36394
2025-12-23:10:46:46,358 INFO     [psi4.optking.stepAlgorithms:929] 	Using RFO solution 1.
2025-12-23:10:46:46,358 INFO     [psi4.optking.displace:100] 	Determining Cartesian step for fragment 1.
2025-12-23:10:46:46,358 INFO     [psi4.optking.displace:415] 	Successfully converged to displaced geometry.
2025-12-23:10:46:46,358 INFO     [psi4.optking.displace:416] 	RMS(dx):  0.000e+00 	Max(dx):  0.000e+00 	RMS(dq):  0.000e+00
2025-12-23:10:46:46,358 INFO     [psi4.optking.displace:172] 

	        --- Internal Coordinate Step in ANG or DEG, aJ/ANG or AJ/DEG ---
	-------------------------------------------------------------------------------
	           Coordinate      Previous         Force          Change          New 
	           ----------      --------        ------          ------        ------
	               R(1,2)       2.26377        0.01957        0.01361       2.27738
	-------------------------------------------------------------------------------

2025-12-23:10:46:46,358 INFO     [psi4.optking.stepAlgorithms:113] 	|target step| :    0.0257134992
2025-12-23:10:46:46,358 INFO     [psi4.optking.stepAlgorithms:114] 	gradient     :   -0.0023750332
2025-12-23:10:46:46,358 INFO     [psi4.optking.stepAlgorithms:115] 	hessian      :    0.0923041572
2025-12-23:10:46:46,358 INFO     [psi4.optking.stepAlgorithms:113] 	|target step| :    0.0257134992
2025-12-23:10:46:46,358 INFO     [psi4.optking.stepAlgorithms:114] 	gradient     :   -0.0023750332
2025-12-23:10:46:46,358 INFO     [psi4.optking.stepAlgorithms:115] 	hessian      :    0.0923041572
2025-12-23:10:46:46,358 INFO     [psi4.optking.stepAlgorithms:206] 	Norm of achieved step-size    0.0257134992
2025-12-23:10:46:46,358 INFO     [psi4.optking.stepAlgorithms:208] 	Norm of achieved step-size (cart):    0.0181821897
2025-12-23:10:46:46,358 INFO     [psi4.optking.opt_helper:164] Molsys:

	                            ===> Fragment 1 <== 

	 Z (Atomic Numbers)          Masses                          Geom                  
	       4.000000             9.012183          0.00000000  0.00000000  3.21964895   
	      13.000000            26.981539          0.00000000  0.00000000 -1.08396685   

	 - Coordinate -           - BOHR/RAD -       - ANG/DEG -
	 R(1,2)           =         4.303616           2.277375

2025-12-23:10:46:46,358 INFO     [psi4.optking.convcheck:76] Performing convergence check.
2025-12-23:10:46:46,358 INFO     [psi4.optking.convcheck:282] 
	                                 ==> Convergence Check <==                                  
    
	Measures of convergence in internal coordinates in au.
    
	Criteria marked as inactive (o), active & met (*), and active & unmet ( ).

	----------------------------------------------------------------------------------------------
	   Step    Total Energy     Delta E     Max Force     RMS Force      Max Disp      RMS Disp   
	----------------------------------------------------------------------------------------------
	  Convergence Criteria     1.00e-06 *    3.00e-04 *             o    1.20e-03 *             o
	----------------------------------------------------------------------------------------------
	     9    -256.63166250   -2.76e-04      2.38e-03      2.38e-03 o    2.57e-02      2.57e-02 o  ~
	----------------------------------------------------------------------------------------------


2025-12-23:10:46:46,358 INFO     [psi4.optking.stepAlgorithms:296] 	Convergence check returned False
2025-12-23:10:46:46,369 INFO     [psi4.driver.task_planner:259] PLANNING Atomic:  keywords={'DAMPING_PERCENTAGE': 1.0, 'GEOM_MAXITER': 500, 'SCF__GUESS': 'READ', 'GUESS': 'SAP', 'MAXITER': 500, 'REFERENCE': 'UKS', 'function_kwargs': {}}
2025-12-23:10:46:46,370 INFO     [psi4.driver.driver:638] Compute gradient(): method=b3lyp, basis=cc-pvdz, molecule=default, nre=12.082862967195105
2025-12-23:10:46:46,903 INFO     [psi4.driver.driver:641] Return gradient(): -256.631705046066
2025-12-23:10:46:46,903 INFO     [psi4.driver.driver:642] [[ 0.00000000 -0.00000000 -0.00095283]
 [-0.00000000  0.00000000  0.00095094]]
2025-12-23:10:46:46,904 INFO     [psi4.optking.history:269] 	Performing BFGS update.
2025-12-23:10:46:46,905 INFO     [psi4.optking.history:280] 	Using 4 previous steps for update.
2025-12-23:10:46:46,905 WARNING  [psi4.optking.history:301] 	Change in internal coordinate of 5.01e-01 exceeds limit of 5.00e-01.
2025-12-23:10:46:46,905 WARNING  [psi4.optking.history:306] 	Skipping Hessian update for step 6.
2025-12-23:10:46:46,905 WARNING  [psi4.optking.history:301] 	Change in internal coordinate of 8.09e-01 exceeds limit of 5.00e-01.
2025-12-23:10:46:46,905 WARNING  [psi4.optking.history:306] 	Skipping Hessian update for step 5.
2025-12-23:10:46:46,905 WARNING  [psi4.optking.history:301] 	Change in internal coordinate of 1.17e+00 exceeds limit of 5.00e-01.
2025-12-23:10:46:46,905 WARNING  [psi4.optking.history:306] 	Skipping Hessian update for step 4.
2025-12-23:10:46:46,905 WARNING  [psi4.optking.history:301] 	Change in internal coordinate of 1.58e+00 exceeds limit of 5.00e-01.
2025-12-23:10:46:46,905 WARNING  [psi4.optking.history:306] 	Skipping Hessian update for step 3.
2025-12-23:10:46:46,905 WARNING  [psi4.optking.history:301] 	Change in internal coordinate of 1.85e+00 exceeds limit of 5.00e-01.
2025-12-23:10:46:46,905 WARNING  [psi4.optking.history:306] 	Skipping Hessian update for step 2.
2025-12-23:10:46:46,905 WARNING  [psi4.optking.history:301] 	Change in internal coordinate of 2.04e+00 exceeds limit of 5.00e-01.
2025-12-23:10:46:46,905 WARNING  [psi4.optking.history:306] 	Skipping Hessian update for step 1.
2025-12-23:10:46:46,905 INFO     [psi4.optking.history:317] 	Steps to be used in Hessian update:  9 8 7

2025-12-23:10:46:46,905 INFO     [psi4.optking.history:418] 	Updated Hessian (in au) 
 	   0.070311

2025-12-23:10:46:46,905 INFO     [psi4.optking.molsys:944] Projected (PHP) Hessian matrix
	   0.070311

2025-12-23:10:46:46,905 INFO     [psi4.optking.opt_helper:182] 
	         Geometry (au)                                       Gradient (au)
   0.0000000000   0.0000000000   3.2260675039		   0.0000000000  -0.0000000000  -0.0009528325
   0.0000000000   0.0000000000  -1.0775482982		  -0.0000000000   0.0000000000   0.0009509358

2025-12-23:10:46:46,905 INFO     [psi4.optking.stepAlgorithms:368] 	Current Step Report 
 
	Current energy:      -256.6317050461
	Energy change for the previous step:
		Actual       :        -0.0000425431
		Projected    :        -0.0000305352

2025-12-23:10:46:46,905 INFO     [psi4.optking.stepAlgorithms:371] 	Energy ratio =    1.39325
2025-12-23:10:46:46,905 INFO     [psi4.optking.stepAlgorithms:929] 	Using RFO solution 1.
2025-12-23:10:46:46,906 INFO     [psi4.optking.displace:100] 	Determining Cartesian step for fragment 1.
2025-12-23:10:46:46,906 INFO     [psi4.optking.displace:415] 	Successfully converged to displaced geometry.
2025-12-23:10:46:46,906 INFO     [psi4.optking.displace:416] 	RMS(dx):  2.564e-16 	Max(dx):  4.441e-16 	RMS(dq):  8.882e-16
2025-12-23:10:46:46,906 INFO     [psi4.optking.displace:172] 

	        --- Internal Coordinate Step in ANG or DEG, aJ/ANG or AJ/DEG ---
	-------------------------------------------------------------------------------
	           Coordinate      Previous         Force          Change          New 
	           ----------      --------        ------          ------        ------
	               R(1,2)       2.27738        0.00784        0.00716       2.28454
	-------------------------------------------------------------------------------

2025-12-23:10:46:46,906 INFO     [psi4.optking.stepAlgorithms:113] 	|target step| :    0.0135357452
2025-12-23:10:46:46,906 INFO     [psi4.optking.stepAlgorithms:114] 	gradient     :   -0.0009518842
2025-12-23:10:46:46,906 INFO     [psi4.optking.stepAlgorithms:115] 	hessian      :    0.0703108520
2025-12-23:10:46:46,906 INFO     [psi4.optking.stepAlgorithms:113] 	|target step| :    0.0135357452
2025-12-23:10:46:46,906 INFO     [psi4.optking.stepAlgorithms:114] 	gradient     :   -0.0009518842
2025-12-23:10:46:46,906 INFO     [psi4.optking.stepAlgorithms:115] 	hessian      :    0.0703108520
2025-12-23:10:46:46,906 INFO     [psi4.optking.stepAlgorithms:206] 	Norm of achieved step-size    0.0135357452
2025-12-23:10:46:46,906 INFO     [psi4.optking.stepAlgorithms:208] 	Norm of achieved step-size (cart):    0.0095712172
2025-12-23:10:46:46,906 INFO     [psi4.optking.opt_helper:164] Molsys:

	                            ===> Fragment 1 <== 

	 Z (Atomic Numbers)          Masses                          Geom                  
	       4.000000             9.012183          0.00000000  0.00000000  3.23283538   
	      13.000000            26.981539          0.00000000  0.00000000 -1.08431617   

	 - Coordinate -           - BOHR/RAD -       - ANG/DEG -
	 R(1,2)           =         4.317152           2.284538

2025-12-23:10:46:46,906 INFO     [psi4.optking.convcheck:76] Performing convergence check.
2025-12-23:10:46:46,906 INFO     [psi4.optking.convcheck:282] 
	                                 ==> Convergence Check <==                                  
    
	Measures of convergence in internal coordinates in au.
    
	Criteria marked as inactive (o), active & met (*), and active & unmet ( ).

	----------------------------------------------------------------------------------------------
	   Step    Total Energy     Delta E     Max Force     RMS Force      Max Disp      RMS Disp   
	----------------------------------------------------------------------------------------------
	  Convergence Criteria     1.00e-06 *    3.00e-04 *             o    1.20e-03 *             o
	----------------------------------------------------------------------------------------------
	    10    -256.63170505   -4.25e-05      9.52e-04      9.52e-04 o    1.35e-02      1.35e-02 o  ~
	----------------------------------------------------------------------------------------------


2025-12-23:10:46:46,906 INFO     [psi4.optking.stepAlgorithms:296] 	Convergence check returned False
2025-12-23:10:46:46,916 INFO     [psi4.driver.task_planner:259] PLANNING Atomic:  keywords={'DAMPING_PERCENTAGE': 1.0, 'GEOM_MAXITER': 500, 'SCF__GUESS': 'READ', 'GUESS': 'SAP', 'MAXITER': 500, 'REFERENCE': 'UKS', 'function_kwargs': {}}
2025-12-23:10:46:46,918 INFO     [psi4.driver.driver:638] Compute gradient(): method=b3lyp, basis=cc-pvdz, molecule=default, nre=12.044979063331851
2025-12-23:10:46:47,420 INFO     [psi4.driver.driver:641] Return gradient(): -256.6317130143595
2025-12-23:10:46:47,420 INFO     [psi4.driver.driver:642] [[ 0.00000000 -0.00000000 -0.00023406]
 [ 0.00000000 -0.00000000  0.00023220]]
2025-12-23:10:46:47,422 INFO     [psi4.optking.history:269] 	Performing BFGS update.
2025-12-23:10:46:47,422 INFO     [psi4.optking.history:280] 	Using 4 previous steps for update.
2025-12-23:10:46:47,422 INFO     [psi4.optking.history:317] 	Steps to be used in Hessian update:  10 9 8 7

2025-12-23:10:46:47,422 INFO     [psi4.optking.history:418] 	Updated Hessian (in au) 
 	   0.069444

2025-12-23:10:46:47,422 INFO     [psi4.optking.molsys:944] Projected (PHP) Hessian matrix
	   0.069444

2025-12-23:10:46:47,422 INFO     [psi4.optking.opt_helper:182] 
	         Geometry (au)                                       Gradient (au)
   0.0000000000   0.0000000000   3.2362141410		   0.0000000000  -0.0000000000  -0.0002340650
   0.0000000000   0.0000000000  -1.0809374063		   0.0000000000  -0.0000000000   0.0002321987

2025-12-23:10:46:47,422 INFO     [psi4.optking.stepAlgorithms:368] 	Current Step Report 
 
	Current energy:      -256.6317130144
	Energy change for the previous step:
		Actual       :        -0.0000079683
		Projected    :        -0.0000064422

2025-12-23:10:46:47,422 INFO     [psi4.optking.stepAlgorithms:371] 	Energy ratio =    1.23688
2025-12-23:10:46:47,422 INFO     [psi4.optking.stepAlgorithms:929] 	Using RFO solution 1.
2025-12-23:10:46:47,422 INFO     [psi4.optking.displace:100] 	Determining Cartesian step for fragment 1.
2025-12-23:10:46:47,423 INFO     [psi4.optking.displace:415] 	Successfully converged to displaced geometry.
2025-12-23:10:46:47,423 INFO     [psi4.optking.displace:416] 	RMS(dx):  0.000e+00 	Max(dx):  0.000e+00 	RMS(dq):  0.000e+00
2025-12-23:10:46:47,423 INFO     [psi4.optking.displace:172] 

	        --- Internal Coordinate Step in ANG or DEG, aJ/ANG or AJ/DEG ---
	-------------------------------------------------------------------------------
	           Coordinate      Previous         Force          Change          New 
	           ----------      --------        ------          ------        ------
	               R(1,2)       2.28454        0.00192        0.00178       2.28631
	-------------------------------------------------------------------------------

2025-12-23:10:46:47,423 INFO     [psi4.optking.stepAlgorithms:113] 	|target step| :    0.0033570772
2025-12-23:10:46:47,423 INFO     [psi4.optking.stepAlgorithms:114] 	gradient     :   -0.0002331318
2025-12-23:10:46:47,423 INFO     [psi4.optking.stepAlgorithms:115] 	hessian      :    0.0694440992
2025-12-23:10:46:47,423 INFO     [psi4.optking.stepAlgorithms:113] 	|target step| :    0.0033570772
2025-12-23:10:46:47,423 INFO     [psi4.optking.stepAlgorithms:114] 	gradient     :   -0.0002331318
2025-12-23:10:46:47,423 INFO     [psi4.optking.stepAlgorithms:115] 	hessian      :    0.0694440992
2025-12-23:10:46:47,423 INFO     [psi4.optking.stepAlgorithms:206] 	Norm of achieved step-size    0.0033570772
2025-12-23:10:46:47,423 INFO     [psi4.optking.stepAlgorithms:208] 	Norm of achieved step-size (cart):    0.0023738120
2025-12-23:10:46:47,423 INFO     [psi4.optking.opt_helper:164] Molsys:

	                            ===> Fragment 1 <== 

	 Z (Atomic Numbers)          Masses                          Geom                  
	       4.000000             9.012183          0.00000000  0.00000000  3.23789268   
	      13.000000            26.981539          0.00000000  0.00000000 -1.08261594   

	 - Coordinate -           - BOHR/RAD -       - ANG/DEG -
	 R(1,2)           =         4.320509           2.286315

2025-12-23:10:46:47,423 INFO     [psi4.optking.convcheck:76] Performing convergence check.
2025-12-23:10:46:47,423 INFO     [psi4.optking.convcheck:282] 
	                                 ==> Convergence Check <==                                  
    
	Measures of convergence in internal coordinates in au.
    
	Criteria marked as inactive (o), active & met (*), and active & unmet ( ).

	----------------------------------------------------------------------------------------------
	   Step    Total Energy     Delta E     Max Force     RMS Force      Max Disp      RMS Disp   
	----------------------------------------------------------------------------------------------
	  Convergence Criteria     1.00e-06 *    3.00e-04 *             o    1.20e-03 *             o
	----------------------------------------------------------------------------------------------
	    11    -256.63171301   -7.97e-06      2.33e-04 *    2.33e-04 o    3.36e-03      3.36e-03 o  ~
	----------------------------------------------------------------------------------------------


2025-12-23:10:46:47,423 INFO     [psi4.optking.stepAlgorithms:296] 	Convergence check returned False
2025-12-23:10:46:47,433 INFO     [psi4.driver.task_planner:259] PLANNING Atomic:  keywords={'DAMPING_PERCENTAGE': 1.0, 'GEOM_MAXITER': 500, 'SCF__GUESS': 'READ', 'GUESS': 'SAP', 'MAXITER': 500, 'REFERENCE': 'UKS', 'function_kwargs': {}}
2025-12-23:10:46:47,434 INFO     [psi4.driver.driver:638] Compute gradient(): method=b3lyp, basis=cc-pvdz, molecule=default, nre=12.035619997620579
2025-12-23:10:46:47,969 INFO     [psi4.driver.driver:641] Return gradient(): -256.6317134975639
2025-12-23:10:46:47,969 INFO     [psi4.driver.driver:642] [[ 0.00000000  0.00000000 -0.00005898]
 [ 0.00000000  0.00000000  0.00005711]]
2025-12-23:10:46:47,971 INFO     [psi4.optking.history:269] 	Performing BFGS update.
2025-12-23:10:46:47,971 INFO     [psi4.optking.history:280] 	Using 4 previous steps for update.
2025-12-23:10:46:47,971 INFO     [psi4.optking.history:317] 	Steps to be used in Hessian update:  11 10 9 8

2025-12-23:10:46:47,971 INFO     [psi4.optking.history:418] 	Updated Hessian (in au) 
 	   0.058224

2025-12-23:10:46:47,971 INFO     [psi4.optking.molsys:944] Projected (PHP) Hessian matrix
	   0.058224

2025-12-23:10:46:47,971 INFO     [psi4.optking.opt_helper:182] 
	         Geometry (au)                                       Gradient (au)
   0.0000000000   0.0000000000   3.2387306662		   0.0000000000   0.0000000000  -0.0000589826
   0.0000000000   0.0000000000  -1.0817779583		   0.0000000000   0.0000000000   0.0000571148

2025-12-23:10:46:47,971 INFO     [psi4.optking.stepAlgorithms:368] 	Current Step Report 
 
	Current energy:      -256.6317134976
	Energy change for the previous step:
		Actual       :        -0.0000004832
		Projected    :        -0.0000003913

2025-12-23:10:46:47,971 INFO     [psi4.optking.stepAlgorithms:371] 	Energy ratio =    1.23480
2025-12-23:10:46:47,971 INFO     [psi4.optking.stepAlgorithms:929] 	Using RFO solution 1.
2025-12-23:10:46:47,971 INFO     [psi4.optking.displace:100] 	Determining Cartesian step for fragment 1.
2025-12-23:10:46:47,972 INFO     [psi4.optking.displace:415] 	Successfully converged to displaced geometry.
2025-12-23:10:46:47,972 INFO     [psi4.optking.displace:416] 	RMS(dx):  2.564e-16 	Max(dx):  4.441e-16 	RMS(dq):  0.000e+00
2025-12-23:10:46:47,972 INFO     [psi4.optking.displace:172] 

	        --- Internal Coordinate Step in ANG or DEG, aJ/ANG or AJ/DEG ---
	-------------------------------------------------------------------------------
	           Coordinate      Previous         Force          Change          New 
	           ----------      --------        ------          ------        ------
	               R(1,2)       2.28631        0.00048        0.00053       2.28684
	-------------------------------------------------------------------------------

2025-12-23:10:46:47,972 INFO     [psi4.optking.stepAlgorithms:113] 	|target step| :    0.0009969865
2025-12-23:10:46:47,972 INFO     [psi4.optking.stepAlgorithms:114] 	gradient     :   -0.0000580487
2025-12-23:10:46:47,972 INFO     [psi4.optking.stepAlgorithms:115] 	hessian      :    0.0582240901
2025-12-23:10:46:47,972 INFO     [psi4.optking.stepAlgorithms:113] 	|target step| :    0.0009969865
2025-12-23:10:46:47,972 INFO     [psi4.optking.stepAlgorithms:114] 	gradient     :   -0.0000580487
2025-12-23:10:46:47,972 INFO     [psi4.optking.stepAlgorithms:115] 	hessian      :    0.0582240901
2025-12-23:10:46:47,972 INFO     [psi4.optking.stepAlgorithms:206] 	Norm of achieved step-size    0.0009969865
2025-12-23:10:46:47,972 INFO     [psi4.optking.stepAlgorithms:208] 	Norm of achieved step-size (cart):    0.0007049759
2025-12-23:10:46:47,972 INFO     [psi4.optking.opt_helper:164] Molsys:

	                            ===> Fragment 1 <== 

	 Z (Atomic Numbers)          Masses                          Geom                  
	       4.000000             9.012183          0.00000000  0.00000000  3.23922916   
	      13.000000            26.981539          0.00000000  0.00000000 -1.08227645   

	 - Coordinate -           - BOHR/RAD -       - ANG/DEG -
	 R(1,2)           =         4.321506           2.286842

2025-12-23:10:46:47,972 INFO     [psi4.optking.convcheck:76] Performing convergence check.
2025-12-23:10:46:47,972 INFO     [psi4.optking.convcheck:282] 
	                                 ==> Convergence Check <==                                  
    
	Measures of convergence in internal coordinates in au.
    
	Criteria marked as inactive (o), active & met (*), and active & unmet ( ).

	----------------------------------------------------------------------------------------------
	   Step    Total Energy     Delta E     Max Force     RMS Force      Max Disp      RMS Disp   
	----------------------------------------------------------------------------------------------
	  Convergence Criteria     1.00e-06 *    3.00e-04 *             o    1.20e-03 *             o
	----------------------------------------------------------------------------------------------
	    12    -256.63171350   -4.83e-07 *    5.80e-05 *    5.80e-05 o    9.97e-04 *    9.97e-04 o  ~
	----------------------------------------------------------------------------------------------


2025-12-23:10:46:47,972 INFO     [psi4.optking.convcheck:206] 
	                      ===> Final Convergence Report <===                     

	----------------------------------------------------------------------------
	|   Required Criteria    |  One or More Criteria  |   Alternate Criteria   |
	----------------------------------------------------------------------------
	| [x]     max_force      | [x]       max_DE       |                        |
	|                        | [x]      max_disp      |                        |
	----------------------------------------------------------------------------


2025-12-23:10:46:47,972 INFO     [psi4.optking.stepAlgorithms:296] 	Convergence check returned True
2025-12-23:10:46:47,972 INFO     [psi4.optking.optimize:332] 	Converged in 12 steps!
2025-12-23:10:46:47,972 INFO     [psi4.optking.optimize:333] 	Final energy is   -256.6317134975639
2025-12-23:10:46:47,972 INFO     [psi4.optking.optimize:334] 	Final structure (Angstroms): 
	Fragment 1 (Ang)

	   Be   0.0000000000   0.0000000000   1.7141262513
	   Al   0.0000000000   0.0000000000  -0.5727160338


2025-12-23:10:46:47,973 INFO     [psi4.optking.optimize:562] 	Optimization Finished

	==> Optimization Summary <==

        
	Measures of convergence in internal coordinates in au. (Any backward steps not shown.)
        
	---------------------------------------------------------------------------------------------------------------  ~
        
	 Step         Total Energy             Delta E       MAX Force       RMS Force        MAX Disp        RMS Disp   ~
        
	---------------------------------------------------------------------------------------------------------------  ~
        
	     1    -256.156217116475   -256.156217116475      0.79295955      0.79295955      0.18323658      0.18323658  ~
	     2    -256.284294631057     -0.128077514582      0.61289753      0.61289753      0.27149312      0.27149312  ~
	     3    -256.421995333016     -0.137700701960      0.41189729      0.41189729      0.40921600      0.40921600  ~
	     4    -256.545281825331     -0.123286492315      0.20799302      0.20799302      0.36255367      0.36255367  ~
	     5    -256.599584875380     -0.054303050048      0.10088845      0.10088845      0.30892065      0.30892065  ~
	     6    -256.621615508110     -0.022030632731      0.04620206      0.04620206      0.24528989      0.24528989  ~
	     7    -256.629361695659     -0.007746187549      0.01889764      0.01889764      0.16513781      0.16513781  ~
	     8    -256.631386438434     -0.002024742775      0.00628742      0.00628742      0.06438325      0.06438325  ~
	     9    -256.631662502955     -0.000276064521      0.00237503      0.00237503      0.02571350      0.02571350  ~
	    10    -256.631705046066     -0.000042543111      0.00095188      0.00095188      0.01353575      0.01353575  ~
	    11    -256.631713014359     -0.000007968294      0.00023313      0.00023313      0.00335708      0.00335708  ~
	    12    -256.631713497564     -0.000000483204      0.00005805      0.00005805      0.00099699      0.00099699  ~
	----------------------------------------------------------------------------------------------------------------


2025-12-23:10:46:47,973 INFO     [psi4.optking.optimize:806] Preparing OptimizationResult
