2025-12-23:10:30:16,306 WARNING  [psi4.optking:38] Some dependencies such as QCElemental have not yet finished migration to pydantic v2. If issues are encountered please downgrade pydantic or upgrade QCElemental as appropriate
2025-12-23:10:30:16,457 INFO     [psi4.optking.optwrapper:234] Creating a UserComputer
2025-12-23:10:30:16,457 INFO     [psi4.optking.optwrapper:242] 
    			-----------------------------------------

    			 OPTKING 3.0: for geometry optimizations 

    			     By R.A. King, Bethel University     

    			        with contributions from          

    			    A.V. Copan, J. Cayton, A. Heide      

    			-----------------------------------------

    
2025-12-23:10:30:16,458 INFO     [psi4.optking.optwrapper:272] 
		 -- Optimization Parameters --
	GEOM_MAXITER                   =             500
	ALG_GEOM_MAXITER               =              50
	PRINT                          =               1
	OPT_TYPE                       =             MIN
	STEP_TYPE                      =             RFO
	PROGRAM                        =            PSI4
	STEEPEST_DESCENT_TYPE          =         OVERLAP
	CONJUGATE_GRADIENT_TYPE        =        FLETCHER
	OPT_COORDINATES                =        INTERNAL
	RFO_FOLLOW_ROOT                =           False
	RFO_ROOT                       =               0
	ACCEPT_SYMMETRY_BREAKING       =           False
	DYNAMIC_LVL                    =               0
	DYNAMIC_LVL_MAX                =               0
	IRC_STEP_SIZE                  =             0.2
	IRC_DIRECTION                  =         FORWARD
	IRC_POINTS                     =              20
	IRC_MODE                       =          NORMAL
	IRC_CONVERGENCE                =            -0.7
	INTRAFRAG_STEP_LIMIT           =             0.5
	INTRAFRAG_STEP_LIMIT_MIN       =           0.001
	INTRAFRAG_STEP_LIMIT_MAX       =             1.0
	INTERFRAG_STEP_LIMIT           =             0.5
	INTERFRAG_STEP_LIMIT_MIN       =           0.001
	INTERFRAG_STEP_LIMIT_MAX       =             1.0
	ENSURE_BT_CONVERGENCE          =           False
	SIMPLE_STEP_SCALING            =           False
	CONSECUTIVE_BACKSTEPS          =               0
	RFO_NORMALIZATION_MAX          =             100
	RSRFO_ALPHA_MAX                =     100000000.0
	PRINT_TRAJECTORY_XYZ_FILE      =           False
	WRITE_TRAJECTORY               =           False
	FROZEN_DISTANCE                =                
	FROZEN_BEND                    =                
	FROZEN_DIHEDRAL                =                
	FROZEN_OOFP                    =                
	FROZEN_CARTESIAN               =                
	FREEZE_ALL_DIHEDRALS           =           False
	UNFREEZE_DIHEDRALS             =                
	RANGED_DISTANCE                =                
	RANGED_BEND                    =                
	RANGED_DIHEDRAL                =                
	RANGED_OOFP                    =                
	RANGED_CARTESIAN               =                
	EXT_FORCE_DISTANCE             =                
	EXT_FORCE_BEND                 =                
	EXT_FORCE_DIHEDRAL             =                
	EXT_FORCE_OOFP                 =                
	EXT_FORCE_CARTESIAN            =                
	G_CONVERGENCE                  =           QCHEM
	MAX_FORCE_G_CONVERGENCE        =          0.0003
	RMS_FORCE_G_CONVERGENCE        =          0.0003
	MAX_ENERGY_G_CONVERGENCE       =           1e-06
	MAX_DISP_G_CONVERGENCE         =          0.0012
	RMS_DISP_G_CONVERGENCE         =          0.0012
	FLEXIBLE_G_CONVERGENCE         =           False
	HESS_UPDATE                    =            BFGS
	HESS_UPDATE_USE_LAST           =               4
	HESS_UPDATE_LIMIT              =            True
	HESS_UPDATE_LIMIT_MAX          =             1.0
	HESS_UPDATE_LIMIT_SCALE        =             0.5
	HESS_UPDATE_DEN_TOL            =           1e-07
	HESS_UPDATE_DQ_TOL             =             0.5
	CART_HESS_READ                 =           False
	HESSIAN_FILE                   =               .
	FULL_HESS_EVERY                =              -1
	INTRAFRAG_HESS                 =        SCHLEGEL
	H_GUESS_EVERY                  =           False
	BT_MAX_ITER                    =              25
	BT_DX_CONV                     =           1e-07
	BT_DX_RMS_CHANGE_CONV          =           1e-12
	BT_PINV_RCOND                  =           1e-06
	FRAG_MODE                      =          SINGLE
	FRAG_REF_ATOMS                 =              []
	FREEZE_INTRAFRAG               =           False
	INTERFRAG_MODE                 =           FIXED
	ADD_AUXILIARY_BONDS            =           False
	AUXILIARY_BOND_FACTOR          =             2.5
	INTERFRAG_DIST_INV             =           False
	INTERFRAG_COLLINEAR_TOL        =            0.01
	INTERFRAG_COORDS               =              []
	INTERFRAG_HESS                 =         DEFAULT
	COVALENT_CONNECT               =             1.3
	INTERFRAGMENT_CONNECT          =             1.8
	H_BOND_CONNECT                 =             4.3
	INCLUDE_OOFP                   =           False
	TEST_B                         =           False
	TEST_DERIVATIVE_B              =           False
	LINESEARCH_STEP                =             0.1
	LINESEARCH                     =           False
	SD_HESSIAN                     =             1.0
	FIX_VAL_NEAR_PI                =            1.57
	V3D_TORS_ANGLE_LIM             =           0.017
	V3D_TORS_COS_TOL               =           1e-10
	LINEAR_BEND_THRESHOLD          =            3.05
	SMALL_BEND_FIX_THRESHOLD       =            0.35
	REDUNDANT_EVAL_TOL             =           1e-10
	LINEAR_ALGEBRA_TOL             =           1e-10


2025-12-23:10:30:16,592 INFO     [psi4.optking.opt_helper:164] Molsys:

	                            ===> Fragment 1 <== 

	 Z (Atomic Numbers)          Masses                          Geom                  
	       1.000000             1.007825          0.00000000  0.00000000  2.18882244   
	      14.000000            27.976927          0.00000000  0.00000000 -0.07884891   

	 - Coordinate -           - BOHR/RAD -       - ANG/DEG -
	 R(1,2)           =         2.267671           1.200000

2025-12-23:10:30:16,602 INFO     [psi4.driver.task_planner:259] PLANNING Atomic:  keywords={'DAMPING_PERCENTAGE': 1.0, 'GEOM_MAXITER': 500, 'GUESS': 'SAP', 'MAXITER': 500, 'REFERENCE': 'UKS', 'function_kwargs': {}}
2025-12-23:10:30:16,603 INFO     [psi4.driver.driver:638] Compute gradient(): method=b3lyp, basis=cc-pvdz, molecule=default, nre=6.173734124483335
2025-12-23:10:30:17,51 INFO     [psi4.driver.driver:641] Return gradient(): -289.2722899833524
2025-12-23:10:30:17,51 INFO     [psi4.driver.driver:642] [[-0.00000000  0.00000000 -0.29590535]
 [-0.00000000  0.00000000  0.29590918]]
2025-12-23:10:30:17,53 INFO     [psi4.optking.molsys:944] Projected (PHP) Hessian matrix
	   0.417309

2025-12-23:10:30:17,53 INFO     [psi4.optking.opt_helper:182] 
	         Geometry (au)                                       Gradient (au)
   0.0000000000   0.0000000000   2.1888224445		  -0.0000000000   0.0000000000  -0.2959053514
   0.0000000000   0.0000000000  -0.0788489060		  -0.0000000000   0.0000000000   0.2959091756

2025-12-23:10:30:17,53 INFO     [psi4.optking.stepAlgorithms:929] 	Using RFO solution 1.
2025-12-23:10:30:17,53 INFO     [psi4.optking.displace:100] 	Determining Cartesian step for fragment 1.
2025-12-23:10:30:17,54 INFO     [psi4.optking.displace:415] 	Successfully converged to displaced geometry.
2025-12-23:10:30:17,54 INFO     [psi4.optking.displace:416] 	RMS(dx):  1.282e-16 	Max(dx):  2.220e-16 	RMS(dq):  0.000e+00
2025-12-23:10:30:17,54 INFO     [psi4.optking.displace:172] 

	        --- Internal Coordinate Step in ANG or DEG, aJ/ANG or AJ/DEG ---
	-------------------------------------------------------------------------------
	           Coordinate      Previous         Force          Change          New 
	           ----------      --------        ------          ------        ------
	               R(1,2)       1.20000        2.43790        0.26459       1.46459
	-------------------------------------------------------------------------------

2025-12-23:10:30:17,54 INFO     [psi4.optking.stepAlgorithms:113] 	|target step| :    0.5000042175
2025-12-23:10:30:17,54 INFO     [psi4.optking.stepAlgorithms:114] 	gradient     :   -0.2959072635
2025-12-23:10:30:17,54 INFO     [psi4.optking.stepAlgorithms:115] 	hessian      :    0.4173085431
2025-12-23:10:30:17,54 INFO     [psi4.optking.stepAlgorithms:113] 	|target step| :    0.5000042175
2025-12-23:10:30:17,54 INFO     [psi4.optking.stepAlgorithms:114] 	gradient     :   -0.2959072635
2025-12-23:10:30:17,54 INFO     [psi4.optking.stepAlgorithms:115] 	hessian      :    0.4173085431
2025-12-23:10:30:17,54 INFO     [psi4.optking.stepAlgorithms:206] 	Norm of achieved step-size    0.5000042175
2025-12-23:10:30:17,54 INFO     [psi4.optking.stepAlgorithms:208] 	Norm of achieved step-size (cart):    0.3535563728
2025-12-23:10:30:17,54 INFO     [psi4.optking.opt_helper:164] Molsys:

	                            ===> Fragment 1 <== 

	 Z (Atomic Numbers)          Masses                          Geom                  
	       1.000000             1.007825          0.00000000  0.00000000  2.43882455   
	      14.000000            27.976927          0.00000000  0.00000000 -0.32885101   

	 - Coordinate -           - BOHR/RAD -       - ANG/DEG -
	 R(1,2)           =         2.767676           1.464591

2025-12-23:10:30:17,54 INFO     [psi4.optking.convcheck:76] Performing convergence check.
2025-12-23:10:30:17,54 INFO     [psi4.optking.convcheck:282] 
	                                 ==> Convergence Check <==                                  
    
	Measures of convergence in internal coordinates in au.
    
	Criteria marked as inactive (o), active & met (*), and active & unmet ( ).

	----------------------------------------------------------------------------------------------~
	   Step    Total Energy     Delta E     Max Force     RMS Force      Max Disp      RMS Disp   ~
	----------------------------------------------------------------------------------------------~
	  Convergence Criteria     1.00e-06 *    3.00e-04 *             o    1.20e-03 *             o~
	----------------------------------------------------------------------------------------------~
	     1    -289.27228998   -2.89e+02      2.96e-01      2.96e-01 o    5.00e-01      5.00e-01 o  ~
	----------------------------------------------------------------------------------------------


2025-12-23:10:30:17,54 INFO     [psi4.optking.stepAlgorithms:296] 	Convergence check returned False
2025-12-23:10:30:17,64 INFO     [psi4.driver.task_planner:259] PLANNING Atomic:  keywords={'DAMPING_PERCENTAGE': 1.0, 'GEOM_MAXITER': 500, 'SCF__GUESS': 'READ', 'GUESS': 'SAP', 'MAXITER': 500, 'REFERENCE': 'UKS', 'function_kwargs': {}}
2025-12-23:10:30:17,65 INFO     [psi4.driver.driver:638] Compute gradient(): method=b3lyp, basis=cc-pvdz, molecule=default, nre=5.058396353116594
2025-12-23:10:30:17,470 INFO     [psi4.driver.driver:641] Return gradient(): -289.3663386019181
2025-12-23:10:30:17,470 INFO     [psi4.driver.driver:642] [[ 0.00000000  0.00000000 -0.10910698]
 [ 0.00000000 -0.00000000  0.10910925]]
2025-12-23:10:30:17,472 INFO     [psi4.optking.history:269] 	Performing BFGS update.
2025-12-23:10:30:17,472 INFO     [psi4.optking.history:280] 	Using 1 previous steps for update.
2025-12-23:10:30:17,472 INFO     [psi4.optking.history:317] 	Steps to be used in Hessian update:  1

2025-12-23:10:30:17,472 INFO     [psi4.optking.history:418] 	Updated Hessian (in au) 
 	   0.373595

2025-12-23:10:30:17,473 INFO     [psi4.optking.molsys:944] Projected (PHP) Hessian matrix
	   0.373595

2025-12-23:10:30:17,473 INFO     [psi4.optking.opt_helper:182] 
	         Geometry (au)                                       Gradient (au)
   0.0000000000   0.0000000000   2.6714410803		   0.0000000000   0.0000000000  -0.1091069820
   0.0000000000   0.0000000000  -0.0962344877		   0.0000000000  -0.0000000000   0.1091092547

2025-12-23:10:30:17,473 INFO     [psi4.optking.stepAlgorithms:368] 	Current Step Report 
 
	Current energy:      -289.3663386019
	Energy change for the previous step:
		Actual       :        -0.0940486186
		Projected    :        -0.0766320869

2025-12-23:10:30:17,473 INFO     [psi4.optking.stepAlgorithms:371] 	Energy ratio =    1.22727
2025-12-23:10:30:17,473 INFO     [psi4.optking.stepAlgorithms:399] 	Energy ratio indicates good step.
2025-12-23:10:30:17,473 INFO     [psi4.optking.stepAlgorithms:400] 	Intrafrag trust radius increased to      1.
2025-12-23:10:30:17,473 INFO     [psi4.optking.stepAlgorithms:929] 	Using RFO solution 1.
2025-12-23:10:30:17,473 INFO     [psi4.optking.displace:100] 	Determining Cartesian step for fragment 1.
2025-12-23:10:30:17,473 INFO     [psi4.optking.displace:415] 	Successfully converged to displaced geometry.
2025-12-23:10:30:17,473 INFO     [psi4.optking.displace:416] 	RMS(dx):  1.282e-16 	Max(dx):  2.220e-16 	RMS(dq):  4.441e-16
2025-12-23:10:30:17,473 INFO     [psi4.optking.displace:172] 

	        --- Internal Coordinate Step in ANG or DEG, aJ/ANG or AJ/DEG ---
	-------------------------------------------------------------------------------
	           Coordinate      Previous         Force          Change          New 
	           ----------      --------        ------          ------        ------
	               R(1,2)       1.46459        0.89891        0.14322       1.60782
	-------------------------------------------------------------------------------

2025-12-23:10:30:17,473 INFO     [psi4.optking.stepAlgorithms:113] 	|target step| :    0.2706552446
2025-12-23:10:30:17,473 INFO     [psi4.optking.stepAlgorithms:114] 	gradient     :   -0.1091081184
2025-12-23:10:30:17,473 INFO     [psi4.optking.stepAlgorithms:115] 	hessian      :    0.3735951390
2025-12-23:10:30:17,473 INFO     [psi4.optking.stepAlgorithms:113] 	|target step| :    0.2706552446
2025-12-23:10:30:17,473 INFO     [psi4.optking.stepAlgorithms:114] 	gradient     :   -0.1091081184
2025-12-23:10:30:17,473 INFO     [psi4.optking.stepAlgorithms:115] 	hessian      :    0.3735951390
2025-12-23:10:30:17,474 INFO     [psi4.optking.stepAlgorithms:206] 	Norm of achieved step-size    0.2706552446
2025-12-23:10:30:17,474 INFO     [psi4.optking.stepAlgorithms:208] 	Norm of achieved step-size (cart):    0.1913821588
2025-12-23:10:30:17,474 INFO     [psi4.optking.opt_helper:164] Molsys:

	                            ===> Fragment 1 <== 

	 Z (Atomic Numbers)          Masses                          Geom                  
	       1.000000             1.007825          0.00000000  0.00000000  2.80676870   
	      14.000000            27.976927          0.00000000  0.00000000 -0.23156211   

	 - Coordinate -           - BOHR/RAD -       - ANG/DEG -
	 R(1,2)           =         3.038331           1.607815

2025-12-23:10:30:17,474 INFO     [psi4.optking.convcheck:76] Performing convergence check.
2025-12-23:10:30:17,474 INFO     [psi4.optking.convcheck:282] 
	                                 ==> Convergence Check <==                                  
    
	Measures of convergence in internal coordinates in au.
    
	Criteria marked as inactive (o), active & met (*), and active & unmet ( ).

	----------------------------------------------------------------------------------------------
	   Step    Total Energy     Delta E     Max Force     RMS Force      Max Disp      RMS Disp   
	----------------------------------------------------------------------------------------------
	  Convergence Criteria     1.00e-06 *    3.00e-04 *             o    1.20e-03 *             o
	----------------------------------------------------------------------------------------------
	     2    -289.36633860   -9.40e-02      1.09e-01      1.09e-01 o    2.71e-01      2.71e-01 o  ~
	----------------------------------------------------------------------------------------------


2025-12-23:10:30:17,474 INFO     [psi4.optking.stepAlgorithms:296] 	Convergence check returned False
2025-12-23:10:30:17,484 INFO     [psi4.driver.task_planner:259] PLANNING Atomic:  keywords={'DAMPING_PERCENTAGE': 1.0, 'GEOM_MAXITER': 500, 'SCF__GUESS': 'READ', 'GUESS': 'SAP', 'MAXITER': 500, 'REFERENCE': 'UKS', 'function_kwargs': {}}
2025-12-23:10:30:17,485 INFO     [psi4.driver.driver:638] Compute gradient(): method=b3lyp, basis=cc-pvdz, molecule=default, nre=4.607793180999944
2025-12-23:10:30:17,914 INFO     [psi4.driver.driver:641] Return gradient(): -289.3887871761543
2025-12-23:10:30:17,915 INFO     [psi4.driver.driver:642] [[ 0.00000000 -0.00000000 -0.06078523]
 [ 0.00000000 -0.00000000  0.06078552]]
2025-12-23:10:30:17,916 INFO     [psi4.optking.history:269] 	Performing BFGS update.
2025-12-23:10:30:17,916 INFO     [psi4.optking.history:280] 	Using 2 previous steps for update.
2025-12-23:10:30:17,916 WARNING  [psi4.optking.history:301] 	Change in internal coordinate of 7.71e-01 exceeds limit of 5.00e-01.
2025-12-23:10:30:17,916 WARNING  [psi4.optking.history:306] 	Skipping Hessian update for step 1.
2025-12-23:10:30:17,916 INFO     [psi4.optking.history:317] 	Steps to be used in Hessian update:  2

2025-12-23:10:30:17,917 INFO     [psi4.optking.history:418] 	Updated Hessian (in au) 
 	   0.178540

2025-12-23:10:30:17,917 INFO     [psi4.optking.molsys:944] Projected (PHP) Hessian matrix
	   0.178540

2025-12-23:10:30:17,917 INFO     [psi4.optking.opt_helper:182] 
	         Geometry (au)                                       Gradient (au)
   0.0000000000   0.0000000000   2.9326854065		   0.0000000000  -0.0000000000  -0.0607852296
   0.0000000000   0.0000000000  -0.1056454061		   0.0000000000  -0.0000000000   0.0607855164

2025-12-23:10:30:17,917 INFO     [psi4.optking.stepAlgorithms:368] 	Current Step Report 
 
	Current energy:      -289.3887871762
	Energy change for the previous step:
		Actual       :        -0.0224485742
		Projected    :        -0.0147653422

2025-12-23:10:30:17,917 INFO     [psi4.optking.stepAlgorithms:371] 	Energy ratio =    1.52036
2025-12-23:10:30:17,917 INFO     [psi4.optking.stepAlgorithms:929] 	Using RFO solution 1.
2025-12-23:10:30:17,917 INFO     [psi4.optking.displace:100] 	Determining Cartesian step for fragment 1.
2025-12-23:10:30:17,917 INFO     [psi4.optking.displace:415] 	Successfully converged to displaced geometry.
2025-12-23:10:30:17,917 INFO     [psi4.optking.displace:416] 	RMS(dx):  1.282e-16 	Max(dx):  2.220e-16 	RMS(dq):  4.441e-16
2025-12-23:10:30:17,917 INFO     [psi4.optking.displace:172] 

	        --- Internal Coordinate Step in ANG or DEG, aJ/ANG or AJ/DEG ---
	-------------------------------------------------------------------------------
	           Coordinate      Previous         Force          Change          New 
	           ----------      --------        ------          ------        ------
	               R(1,2)       1.60782        0.50079        0.16306       1.77087
	-------------------------------------------------------------------------------

2025-12-23:10:30:17,917 INFO     [psi4.optking.stepAlgorithms:113] 	|target step| :    0.3081331404
2025-12-23:10:30:17,917 INFO     [psi4.optking.stepAlgorithms:114] 	gradient     :   -0.0607853730
2025-12-23:10:30:17,917 INFO     [psi4.optking.stepAlgorithms:115] 	hessian      :    0.1785398447
2025-12-23:10:30:17,917 INFO     [psi4.optking.stepAlgorithms:113] 	|target step| :    0.3081331404
2025-12-23:10:30:17,917 INFO     [psi4.optking.stepAlgorithms:114] 	gradient     :   -0.0607853730
2025-12-23:10:30:17,917 INFO     [psi4.optking.stepAlgorithms:115] 	hessian      :    0.1785398447
2025-12-23:10:30:17,917 INFO     [psi4.optking.stepAlgorithms:206] 	Norm of achieved step-size    0.3081331404
2025-12-23:10:30:17,917 INFO     [psi4.optking.stepAlgorithms:208] 	Norm of achieved step-size (cart):    0.2178830331
2025-12-23:10:30:17,918 INFO     [psi4.optking.opt_helper:164] Molsys:

	                            ===> Fragment 1 <== 

	 Z (Atomic Numbers)          Masses                          Geom                  
	       1.000000             1.007825          0.00000000  0.00000000  3.08675198   
	      14.000000            27.976927          0.00000000  0.00000000 -0.25971198   

	 - Coordinate -           - BOHR/RAD -       - ANG/DEG -
	 R(1,2)           =         3.346464           1.770872

2025-12-23:10:30:17,918 INFO     [psi4.optking.convcheck:76] Performing convergence check.
2025-12-23:10:30:17,918 INFO     [psi4.optking.convcheck:282] 
	                                 ==> Convergence Check <==                                  
    
	Measures of convergence in internal coordinates in au.
    
	Criteria marked as inactive (o), active & met (*), and active & unmet ( ).

	----------------------------------------------------------------------------------------------
	   Step    Total Energy     Delta E     Max Force     RMS Force      Max Disp      RMS Disp   
	----------------------------------------------------------------------------------------------
	  Convergence Criteria     1.00e-06 *    3.00e-04 *             o    1.20e-03 *             o
	----------------------------------------------------------------------------------------------
	     3    -289.38878718   -2.24e-02      6.08e-02      6.08e-02 o    3.08e-01      3.08e-01 o  ~
	----------------------------------------------------------------------------------------------


2025-12-23:10:30:17,918 INFO     [psi4.optking.stepAlgorithms:296] 	Convergence check returned False
2025-12-23:10:30:17,928 INFO     [psi4.driver.task_planner:259] PLANNING Atomic:  keywords={'DAMPING_PERCENTAGE': 1.0, 'GEOM_MAXITER': 500, 'SCF__GUESS': 'READ', 'GUESS': 'SAP', 'MAXITER': 500, 'REFERENCE': 'UKS', 'function_kwargs': {}}
2025-12-23:10:30:17,929 INFO     [psi4.driver.driver:638] Compute gradient(): method=b3lyp, basis=cc-pvdz, molecule=default, nre=4.183520335651011
2025-12-23:10:30:18,371 INFO     [psi4.driver.driver:641] Return gradient(): -289.4020908202292
2025-12-23:10:30:18,371 INFO     [psi4.driver.driver:642] [[ 0.00000000  0.00000000 -0.02867343]
 [ 0.00000000  0.00000000  0.02867313]]
2025-12-23:10:30:18,373 INFO     [psi4.optking.history:269] 	Performing BFGS update.
2025-12-23:10:30:18,373 INFO     [psi4.optking.history:280] 	Using 3 previous steps for update.
2025-12-23:10:30:18,373 WARNING  [psi4.optking.history:301] 	Change in internal coordinate of 5.79e-01 exceeds limit of 5.00e-01.
2025-12-23:10:30:18,373 WARNING  [psi4.optking.history:306] 	Skipping Hessian update for step 2.
2025-12-23:10:30:18,373 WARNING  [psi4.optking.history:301] 	Change in internal coordinate of 1.08e+00 exceeds limit of 5.00e-01.
2025-12-23:10:30:18,373 WARNING  [psi4.optking.history:306] 	Skipping Hessian update for step 1.
2025-12-23:10:30:18,373 INFO     [psi4.optking.history:317] 	Steps to be used in Hessian update:  3

2025-12-23:10:30:18,373 INFO     [psi4.optking.history:418] 	Updated Hessian (in au) 
 	   0.104215

2025-12-23:10:30:18,373 INFO     [psi4.optking.molsys:944] Projected (PHP) Hessian matrix
	   0.104215

2025-12-23:10:30:18,373 INFO     [psi4.optking.opt_helper:182] 
	         Geometry (au)                                       Gradient (au)
   0.0000000000   0.0000000000   3.2301044895		   0.0000000000   0.0000000000  -0.0286734267
   0.0000000000   0.0000000000  -0.1163594635		   0.0000000000   0.0000000000   0.0286731350

2025-12-23:10:30:18,373 INFO     [psi4.optking.stepAlgorithms:368] 	Current Step Report 
 
	Current energy:      -289.4020908202
	Energy change for the previous step:
		Actual       :        -0.0133036441
		Projected    :        -0.0093649939

2025-12-23:10:30:18,373 INFO     [psi4.optking.stepAlgorithms:371] 	Energy ratio =    1.42057
2025-12-23:10:30:18,374 INFO     [psi4.optking.stepAlgorithms:929] 	Using RFO solution 1.
2025-12-23:10:30:18,374 INFO     [psi4.optking.displace:100] 	Determining Cartesian step for fragment 1.
2025-12-23:10:30:18,374 INFO     [psi4.optking.displace:415] 	Successfully converged to displaced geometry.
2025-12-23:10:30:18,374 INFO     [psi4.optking.displace:416] 	RMS(dx):  0.000e+00 	Max(dx):  0.000e+00 	RMS(dq):  0.000e+00
2025-12-23:10:30:18,374 INFO     [psi4.optking.displace:172] 

	        --- Internal Coordinate Step in ANG or DEG, aJ/ANG or AJ/DEG ---
	-------------------------------------------------------------------------------
	           Coordinate      Previous         Force          Change          New 
	           ----------      --------        ------          ------        ------
	               R(1,2)       1.77087        0.23623        0.13598       1.90685
	-------------------------------------------------------------------------------

2025-12-23:10:30:18,374 INFO     [psi4.optking.stepAlgorithms:113] 	|target step| :    0.2569679438
2025-12-23:10:30:18,374 INFO     [psi4.optking.stepAlgorithms:114] 	gradient     :   -0.0286732808
2025-12-23:10:30:18,374 INFO     [psi4.optking.stepAlgorithms:115] 	hessian      :    0.1042149901
2025-12-23:10:30:18,374 INFO     [psi4.optking.stepAlgorithms:113] 	|target step| :    0.2569679438
2025-12-23:10:30:18,374 INFO     [psi4.optking.stepAlgorithms:114] 	gradient     :   -0.0286732808
2025-12-23:10:30:18,374 INFO     [psi4.optking.stepAlgorithms:115] 	hessian      :    0.1042149901
2025-12-23:10:30:18,374 INFO     [psi4.optking.stepAlgorithms:206] 	Norm of achieved step-size    0.2569679438
2025-12-23:10:30:18,374 INFO     [psi4.optking.stepAlgorithms:208] 	Norm of achieved step-size (cart):    0.1817037756
2025-12-23:10:30:18,374 INFO     [psi4.optking.opt_helper:164] Molsys:

	                            ===> Fragment 1 <== 

	 Z (Atomic Numbers)          Masses                          Geom                  
	       1.000000             1.007825          0.00000000  0.00000000  3.35858846   
	      14.000000            27.976927          0.00000000  0.00000000 -0.24484344   

	 - Coordinate -           - BOHR/RAD -       - ANG/DEG -
	 R(1,2)           =         3.603432           1.906854

2025-12-23:10:30:18,374 INFO     [psi4.optking.convcheck:76] Performing convergence check.
2025-12-23:10:30:18,374 INFO     [psi4.optking.convcheck:282] 
	                                 ==> Convergence Check <==                                  
    
	Measures of convergence in internal coordinates in au.
    
	Criteria marked as inactive (o), active & met (*), and active & unmet ( ).

	----------------------------------------------------------------------------------------------
	   Step    Total Energy     Delta E     Max Force     RMS Force      Max Disp      RMS Disp   
	----------------------------------------------------------------------------------------------
	  Convergence Criteria     1.00e-06 *    3.00e-04 *             o    1.20e-03 *             o
	----------------------------------------------------------------------------------------------
	     4    -289.40209082   -1.33e-02      2.87e-02      2.87e-02 o    2.57e-01      2.57e-01 o  ~
	----------------------------------------------------------------------------------------------


2025-12-23:10:30:18,374 INFO     [psi4.optking.stepAlgorithms:296] 	Convergence check returned False
2025-12-23:10:30:18,384 INFO     [psi4.driver.task_planner:259] PLANNING Atomic:  keywords={'DAMPING_PERCENTAGE': 1.0, 'GEOM_MAXITER': 500, 'SCF__GUESS': 'READ', 'GUESS': 'SAP', 'MAXITER': 500, 'REFERENCE': 'UKS', 'function_kwargs': {}}
2025-12-23:10:30:18,385 INFO     [psi4.driver.driver:638] Compute gradient(): method=b3lyp, basis=cc-pvdz, molecule=default, nre=3.8851851237649835
2025-12-23:10:30:18,803 INFO     [psi4.driver.driver:641] Return gradient(): -289.4073001701515
2025-12-23:10:30:18,803 INFO     [psi4.driver.driver:642] [[-0.00000000  0.00000000 -0.01315446]
 [ 0.00000000 -0.00000000  0.01315420]]
2025-12-23:10:30:18,805 INFO     [psi4.optking.history:269] 	Performing BFGS update.
2025-12-23:10:30:18,805 INFO     [psi4.optking.history:280] 	Using 4 previous steps for update.
2025-12-23:10:30:18,805 WARNING  [psi4.optking.history:301] 	Change in internal coordinate of 5.65e-01 exceeds limit of 5.00e-01.
2025-12-23:10:30:18,805 WARNING  [psi4.optking.history:306] 	Skipping Hessian update for step 3.
2025-12-23:10:30:18,805 WARNING  [psi4.optking.history:301] 	Change in internal coordinate of 8.36e-01 exceeds limit of 5.00e-01.
2025-12-23:10:30:18,805 WARNING  [psi4.optking.history:306] 	Skipping Hessian update for step 2.
2025-12-23:10:30:18,805 WARNING  [psi4.optking.history:301] 	Change in internal coordinate of 1.34e+00 exceeds limit of 5.00e-01.
2025-12-23:10:30:18,805 WARNING  [psi4.optking.history:306] 	Skipping Hessian update for step 1.
2025-12-23:10:30:18,805 INFO     [psi4.optking.history:317] 	Steps to be used in Hessian update:  4

2025-12-23:10:30:18,805 INFO     [psi4.optking.history:418] 	Updated Hessian (in au) 
 	   0.060393

2025-12-23:10:30:18,805 INFO     [psi4.optking.molsys:944] Projected (PHP) Hessian matrix
	   0.060393

2025-12-23:10:30:18,805 INFO     [psi4.optking.opt_helper:182] 
	         Geometry (au)                                       Gradient (au)
   0.0000000000   0.0000000000   3.4781374343		  -0.0000000000   0.0000000000  -0.0131544570
   0.0000000000   0.0000000000  -0.1252944625		   0.0000000000  -0.0000000000   0.0131542035

2025-12-23:10:30:18,805 INFO     [psi4.optking.stepAlgorithms:368] 	Current Step Report 
 
	Current energy:      -289.4073001702
	Energy change for the previous step:
		Actual       :        -0.0052093499
		Projected    :        -0.0036840570

2025-12-23:10:30:18,805 INFO     [psi4.optking.stepAlgorithms:371] 	Energy ratio =    1.41403
2025-12-23:10:30:18,806 INFO     [psi4.optking.stepAlgorithms:929] 	Using RFO solution 1.
2025-12-23:10:30:18,806 INFO     [psi4.optking.displace:100] 	Determining Cartesian step for fragment 1.
2025-12-23:10:30:18,806 INFO     [psi4.optking.displace:415] 	Successfully converged to displaced geometry.
2025-12-23:10:30:18,806 INFO     [psi4.optking.displace:416] 	RMS(dx):  1.282e-16 	Max(dx):  2.220e-16 	RMS(dq):  0.000e+00
2025-12-23:10:30:18,806 INFO     [psi4.optking.displace:172] 

	        --- Internal Coordinate Step in ANG or DEG, aJ/ANG or AJ/DEG ---
	-------------------------------------------------------------------------------
	           Coordinate      Previous         Force          Change          New 
	           ----------      --------        ------          ------        ------
	               R(1,2)       1.90685        0.10837        0.11026       2.01711
	-------------------------------------------------------------------------------

2025-12-23:10:30:18,806 INFO     [psi4.optking.stepAlgorithms:113] 	|target step| :    0.2083578273
2025-12-23:10:30:18,806 INFO     [psi4.optking.stepAlgorithms:114] 	gradient     :   -0.0131543302
2025-12-23:10:30:18,806 INFO     [psi4.optking.stepAlgorithms:115] 	hessian      :    0.0603925547
2025-12-23:10:30:18,806 INFO     [psi4.optking.stepAlgorithms:113] 	|target step| :    0.2083578273
2025-12-23:10:30:18,806 INFO     [psi4.optking.stepAlgorithms:114] 	gradient     :   -0.0131543302
2025-12-23:10:30:18,806 INFO     [psi4.optking.stepAlgorithms:115] 	hessian      :    0.0603925547
2025-12-23:10:30:18,806 INFO     [psi4.optking.stepAlgorithms:206] 	Norm of achieved step-size    0.2083578273
2025-12-23:10:30:18,806 INFO     [psi4.optking.stepAlgorithms:208] 	Norm of achieved step-size (cart):    0.1473312326
2025-12-23:10:30:18,806 INFO     [psi4.optking.opt_helper:164] Molsys:

	                            ===> Fragment 1 <== 

	 Z (Atomic Numbers)          Masses                          Geom                  
	       1.000000             1.007825          0.00000000  0.00000000  3.58231635   
	      14.000000            27.976927          0.00000000  0.00000000 -0.22947338   

	 - Coordinate -           - BOHR/RAD -       - ANG/DEG -
	 R(1,2)           =         3.811790           2.017112

2025-12-23:10:30:18,806 INFO     [psi4.optking.convcheck:76] Performing convergence check.
2025-12-23:10:30:18,806 INFO     [psi4.optking.convcheck:282] 
	                                 ==> Convergence Check <==                                  
    
	Measures of convergence in internal coordinates in au.
    
	Criteria marked as inactive (o), active & met (*), and active & unmet ( ).

	----------------------------------------------------------------------------------------------
	   Step    Total Energy     Delta E     Max Force     RMS Force      Max Disp      RMS Disp   
	----------------------------------------------------------------------------------------------
	  Convergence Criteria     1.00e-06 *    3.00e-04 *             o    1.20e-03 *             o
	----------------------------------------------------------------------------------------------
	     5    -289.40730017   -5.21e-03      1.32e-02      1.32e-02 o    2.08e-01      2.08e-01 o  ~
	----------------------------------------------------------------------------------------------


2025-12-23:10:30:18,806 INFO     [psi4.optking.stepAlgorithms:296] 	Convergence check returned False
2025-12-23:10:30:18,816 INFO     [psi4.driver.task_planner:259] PLANNING Atomic:  keywords={'DAMPING_PERCENTAGE': 1.0, 'GEOM_MAXITER': 500, 'SCF__GUESS': 'READ', 'GUESS': 'SAP', 'MAXITER': 500, 'REFERENCE': 'UKS', 'function_kwargs': {}}
2025-12-23:10:30:18,818 INFO     [psi4.driver.driver:638] Compute gradient(): method=b3lyp, basis=cc-pvdz, molecule=default, nre=3.6728153999230724
2025-12-23:10:30:19,240 INFO     [psi4.driver.driver:641] Return gradient(): -289.4091553690124
2025-12-23:10:30:19,240 INFO     [psi4.driver.driver:642] [[ 0.00000000  0.00000000 -0.00520143]
 [ 0.00000000  0.00000000  0.00520116]]
2025-12-23:10:30:19,242 INFO     [psi4.optking.history:269] 	Performing BFGS update.
2025-12-23:10:30:19,242 INFO     [psi4.optking.history:280] 	Using 4 previous steps for update.
2025-12-23:10:30:19,242 WARNING  [psi4.optking.history:301] 	Change in internal coordinate of 7.73e-01 exceeds limit of 5.00e-01.
2025-12-23:10:30:19,242 WARNING  [psi4.optking.history:306] 	Skipping Hessian update for step 3.
2025-12-23:10:30:19,242 WARNING  [psi4.optking.history:301] 	Change in internal coordinate of 1.04e+00 exceeds limit of 5.00e-01.
2025-12-23:10:30:19,242 WARNING  [psi4.optking.history:306] 	Skipping Hessian update for step 2.
2025-12-23:10:30:19,242 WARNING  [psi4.optking.history:301] 	Change in internal coordinate of 1.54e+00 exceeds limit of 5.00e-01.
2025-12-23:10:30:19,242 WARNING  [psi4.optking.history:306] 	Skipping Hessian update for step 1.
2025-12-23:10:30:19,242 INFO     [psi4.optking.history:317] 	Steps to be used in Hessian update:  5 4

2025-12-23:10:30:19,242 INFO     [psi4.optking.history:418] 	Updated Hessian (in au) 
 	   0.050442

2025-12-23:10:30:19,242 INFO     [psi4.optking.molsys:944] Projected (PHP) Hessian matrix
	   0.050442

2025-12-23:10:30:19,242 INFO     [psi4.optking.opt_helper:182] 
	         Geometry (au)                                       Gradient (au)
   0.0000000000   0.0000000000   3.6792504787		   0.0000000000   0.0000000000  -0.0052014314
   0.0000000000   0.0000000000  -0.1325392454		   0.0000000000   0.0000000000   0.0052011599

2025-12-23:10:30:19,242 INFO     [psi4.optking.stepAlgorithms:368] 	Current Step Report 
 
	Current energy:      -289.4091553690
	Energy change for the previous step:
		Actual       :        -0.0018551989
		Projected    :        -0.0013704038

2025-12-23:10:30:19,242 INFO     [psi4.optking.stepAlgorithms:371] 	Energy ratio =    1.35376
2025-12-23:10:30:19,243 INFO     [psi4.optking.stepAlgorithms:929] 	Using RFO solution 1.
2025-12-23:10:30:19,243 INFO     [psi4.optking.displace:100] 	Determining Cartesian step for fragment 1.
2025-12-23:10:30:19,243 INFO     [psi4.optking.displace:415] 	Successfully converged to displaced geometry.
2025-12-23:10:30:19,243 INFO     [psi4.optking.displace:416] 	RMS(dx):  0.000e+00 	Max(dx):  0.000e+00 	RMS(dq):  0.000e+00
2025-12-23:10:30:19,243 INFO     [psi4.optking.displace:172] 

	        --- Internal Coordinate Step in ANG or DEG, aJ/ANG or AJ/DEG ---
	-------------------------------------------------------------------------------
	           Coordinate      Previous         Force          Change          New 
	           ----------      --------        ------          ------        ------
	               R(1,2)       2.01711        0.04285        0.05400       2.07111
	-------------------------------------------------------------------------------

2025-12-23:10:30:19,243 INFO     [psi4.optking.stepAlgorithms:113] 	|target step| :    0.1020406264
2025-12-23:10:30:19,243 INFO     [psi4.optking.stepAlgorithms:114] 	gradient     :   -0.0052012956
2025-12-23:10:30:19,243 INFO     [psi4.optking.stepAlgorithms:115] 	hessian      :    0.0504420487
2025-12-23:10:30:19,243 INFO     [psi4.optking.stepAlgorithms:113] 	|target step| :    0.1020406264
2025-12-23:10:30:19,243 INFO     [psi4.optking.stepAlgorithms:114] 	gradient     :   -0.0052012956
2025-12-23:10:30:19,243 INFO     [psi4.optking.stepAlgorithms:115] 	hessian      :    0.0504420487
2025-12-23:10:30:19,243 INFO     [psi4.optking.stepAlgorithms:206] 	Norm of achieved step-size    0.1020406264
2025-12-23:10:30:19,243 INFO     [psi4.optking.stepAlgorithms:208] 	Norm of achieved step-size (cart):    0.0721536189
2025-12-23:10:30:19,243 INFO     [psi4.optking.opt_helper:164] Molsys:

	                            ===> Fragment 1 <== 

	 Z (Atomic Numbers)          Masses                          Geom                  
	       1.000000             1.007825          0.00000000  0.00000000  3.73027079   
	      14.000000            27.976927          0.00000000  0.00000000 -0.18355956   

	 - Coordinate -           - BOHR/RAD -       - ANG/DEG -
	 R(1,2)           =         3.913830           2.071110

2025-12-23:10:30:19,243 INFO     [psi4.optking.convcheck:76] Performing convergence check.
2025-12-23:10:30:19,243 INFO     [psi4.optking.convcheck:282] 
	                                 ==> Convergence Check <==                                  
    
	Measures of convergence in internal coordinates in au.
    
	Criteria marked as inactive (o), active & met (*), and active & unmet ( ).

	----------------------------------------------------------------------------------------------
	   Step    Total Energy     Delta E     Max Force     RMS Force      Max Disp      RMS Disp   
	----------------------------------------------------------------------------------------------
	  Convergence Criteria     1.00e-06 *    3.00e-04 *             o    1.20e-03 *             o
	----------------------------------------------------------------------------------------------
	     6    -289.40915537   -1.86e-03      5.20e-03      5.20e-03 o    1.02e-01      1.02e-01 o  ~
	----------------------------------------------------------------------------------------------


2025-12-23:10:30:19,244 INFO     [psi4.optking.stepAlgorithms:296] 	Convergence check returned False
2025-12-23:10:30:19,254 INFO     [psi4.driver.task_planner:259] PLANNING Atomic:  keywords={'DAMPING_PERCENTAGE': 1.0, 'GEOM_MAXITER': 500, 'SCF__GUESS': 'READ', 'GUESS': 'SAP', 'MAXITER': 500, 'REFERENCE': 'UKS', 'function_kwargs': {}}
2025-12-23:10:30:19,255 INFO     [psi4.driver.driver:638] Compute gradient(): method=b3lyp, basis=cc-pvdz, molecule=default, nre=3.5770584685736178
2025-12-23:10:30:19,713 INFO     [psi4.driver.driver:641] Return gradient(): -289.40953630756263
2025-12-23:10:30:19,713 INFO     [psi4.driver.driver:642] [[ 0.00000000  0.00000000 -0.00236591]
 [-0.00000000  0.00000000  0.00236551]]
2025-12-23:10:30:19,715 INFO     [psi4.optking.history:269] 	Performing BFGS update.
2025-12-23:10:30:19,715 INFO     [psi4.optking.history:280] 	Using 4 previous steps for update.
2025-12-23:10:30:19,715 WARNING  [psi4.optking.history:301] 	Change in internal coordinate of 5.67e-01 exceeds limit of 5.00e-01.
2025-12-23:10:30:19,715 WARNING  [psi4.optking.history:306] 	Skipping Hessian update for step 4.
2025-12-23:10:30:19,715 WARNING  [psi4.optking.history:301] 	Change in internal coordinate of 8.75e-01 exceeds limit of 5.00e-01.
2025-12-23:10:30:19,715 WARNING  [psi4.optking.history:306] 	Skipping Hessian update for step 3.
2025-12-23:10:30:19,715 WARNING  [psi4.optking.history:301] 	Change in internal coordinate of 1.15e+00 exceeds limit of 5.00e-01.
2025-12-23:10:30:19,715 WARNING  [psi4.optking.history:306] 	Skipping Hessian update for step 2.
2025-12-23:10:30:19,715 WARNING  [psi4.optking.history:301] 	Change in internal coordinate of 1.65e+00 exceeds limit of 5.00e-01.
2025-12-23:10:30:19,715 WARNING  [psi4.optking.history:306] 	Skipping Hessian update for step 1.
2025-12-23:10:30:19,715 INFO     [psi4.optking.history:317] 	Steps to be used in Hessian update:  6 5

2025-12-23:10:30:19,715 INFO     [psi4.optking.history:418] 	Updated Hessian (in au) 
 	   0.034757

2025-12-23:10:30:19,716 INFO     [psi4.optking.molsys:944] Projected (PHP) Hessian matrix
	   0.034757

2025-12-23:10:30:19,716 INFO     [psi4.optking.opt_helper:182] 
	         Geometry (au)                                       Gradient (au)
   0.0000000000   0.0000000000   3.7777430638		   0.0000000000   0.0000000000  -0.0023659133
   0.0000000000   0.0000000000  -0.1360872868		  -0.0000000000   0.0000000000   0.0023655097

2025-12-23:10:30:19,716 INFO     [psi4.optking.stepAlgorithms:368] 	Current Step Report 
 
	Current energy:      -289.4095363076
	Energy change for the previous step:
		Actual       :        -0.0003809386
		Projected    :        -0.0002653717

2025-12-23:10:30:19,716 INFO     [psi4.optking.stepAlgorithms:371] 	Energy ratio =    1.43549
2025-12-23:10:30:19,716 INFO     [psi4.optking.stepAlgorithms:929] 	Using RFO solution 1.
2025-12-23:10:30:19,716 INFO     [psi4.optking.displace:100] 	Determining Cartesian step for fragment 1.
2025-12-23:10:30:19,716 INFO     [psi4.optking.displace:415] 	Successfully converged to displaced geometry.
2025-12-23:10:30:19,716 INFO     [psi4.optking.displace:416] 	RMS(dx):  0.000e+00 	Max(dx):  0.000e+00 	RMS(dq):  0.000e+00
2025-12-23:10:30:19,716 INFO     [psi4.optking.displace:172] 

	        --- Internal Coordinate Step in ANG or DEG, aJ/ANG or AJ/DEG ---
	-------------------------------------------------------------------------------
	           Coordinate      Previous         Force          Change          New 
	           ----------      --------        ------          ------        ------
	               R(1,2)       2.07111        0.01949        0.03585       2.10696
	-------------------------------------------------------------------------------

2025-12-23:10:30:19,716 INFO     [psi4.optking.stepAlgorithms:113] 	|target step| :    0.0677512607
2025-12-23:10:30:19,716 INFO     [psi4.optking.stepAlgorithms:114] 	gradient     :   -0.0023657115
2025-12-23:10:30:19,716 INFO     [psi4.optking.stepAlgorithms:115] 	hessian      :    0.0347573211
2025-12-23:10:30:19,716 INFO     [psi4.optking.stepAlgorithms:113] 	|target step| :    0.0677512607
2025-12-23:10:30:19,716 INFO     [psi4.optking.stepAlgorithms:114] 	gradient     :   -0.0023657115
2025-12-23:10:30:19,716 INFO     [psi4.optking.stepAlgorithms:115] 	hessian      :    0.0347573211
2025-12-23:10:30:19,716 INFO     [psi4.optking.stepAlgorithms:206] 	Norm of achieved step-size    0.0677512607
2025-12-23:10:30:19,716 INFO     [psi4.optking.stepAlgorithms:208] 	Norm of achieved step-size (cart):    0.0479073759
2025-12-23:10:30:19,716 INFO     [psi4.optking.opt_helper:164] Molsys:

	                            ===> Fragment 1 <== 

	 Z (Atomic Numbers)          Masses                          Geom                  
	       1.000000             1.007825          0.00000000  0.00000000  3.81161869   
	      14.000000            27.976927          0.00000000  0.00000000 -0.16996292   

	 - Coordinate -           - BOHR/RAD -       - ANG/DEG -
	 R(1,2)           =         3.981582           2.106962

2025-12-23:10:30:19,717 INFO     [psi4.optking.convcheck:76] Performing convergence check.
2025-12-23:10:30:19,717 INFO     [psi4.optking.convcheck:282] 
	                                 ==> Convergence Check <==                                  
    
	Measures of convergence in internal coordinates in au.
    
	Criteria marked as inactive (o), active & met (*), and active & unmet ( ).

	----------------------------------------------------------------------------------------------
	   Step    Total Energy     Delta E     Max Force     RMS Force      Max Disp      RMS Disp   
	----------------------------------------------------------------------------------------------
	  Convergence Criteria     1.00e-06 *    3.00e-04 *             o    1.20e-03 *             o
	----------------------------------------------------------------------------------------------
	     7    -289.40953631   -3.81e-04      2.37e-03      2.37e-03 o    6.78e-02      6.78e-02 o  ~
	----------------------------------------------------------------------------------------------


2025-12-23:10:30:19,717 INFO     [psi4.optking.stepAlgorithms:296] 	Convergence check returned False
2025-12-23:10:30:19,727 INFO     [psi4.driver.task_planner:259] PLANNING Atomic:  keywords={'DAMPING_PERCENTAGE': 1.0, 'GEOM_MAXITER': 500, 'SCF__GUESS': 'READ', 'GUESS': 'SAP', 'MAXITER': 500, 'REFERENCE': 'UKS', 'function_kwargs': {}}
2025-12-23:10:30:19,728 INFO     [psi4.driver.driver:638] Compute gradient(): method=b3lyp, basis=cc-pvdz, molecule=default, nre=3.516190641517086
2025-12-23:10:30:20,169 INFO     [psi4.driver.driver:641] Return gradient(): -289.40964182240583
2025-12-23:10:30:20,169 INFO     [psi4.driver.driver:642] [[ 0.00000000  0.00000000 -0.00078868]
 [ 0.00000000  0.00000000  0.00078828]]
2025-12-23:10:30:20,171 INFO     [psi4.optking.history:269] 	Performing BFGS update.
2025-12-23:10:30:20,171 INFO     [psi4.optking.history:280] 	Using 4 previous steps for update.
2025-12-23:10:30:20,171 WARNING  [psi4.optking.history:301] 	Change in internal coordinate of 6.35e-01 exceeds limit of 5.00e-01.
2025-12-23:10:30:20,171 WARNING  [psi4.optking.history:306] 	Skipping Hessian update for step 4.
2025-12-23:10:30:20,171 WARNING  [psi4.optking.history:301] 	Change in internal coordinate of 9.43e-01 exceeds limit of 5.00e-01.
2025-12-23:10:30:20,171 WARNING  [psi4.optking.history:306] 	Skipping Hessian update for step 3.
2025-12-23:10:30:20,171 WARNING  [psi4.optking.history:301] 	Change in internal coordinate of 1.21e+00 exceeds limit of 5.00e-01.
2025-12-23:10:30:20,171 WARNING  [psi4.optking.history:306] 	Skipping Hessian update for step 2.
2025-12-23:10:30:20,171 WARNING  [psi4.optking.history:301] 	Change in internal coordinate of 1.71e+00 exceeds limit of 5.00e-01.
2025-12-23:10:30:20,171 WARNING  [psi4.optking.history:306] 	Skipping Hessian update for step 1.
2025-12-23:10:30:20,171 INFO     [psi4.optking.history:317] 	Steps to be used in Hessian update:  7 6 5

2025-12-23:10:30:20,172 INFO     [psi4.optking.history:418] 	Updated Hessian (in au) 
 	   0.032701

2025-12-23:10:30:20,172 INFO     [psi4.optking.molsys:944] Projected (PHP) Hessian matrix
	   0.032701

2025-12-23:10:30:20,172 INFO     [psi4.optking.opt_helper:182] 
	         Geometry (au)                                       Gradient (au)
   0.0000000000   0.0000000000   3.8431385542		   0.0000000000   0.0000000000  -0.0007886813
   0.0000000000   0.0000000000  -0.1384430571		   0.0000000000   0.0000000000   0.0007882781

2025-12-23:10:30:20,172 INFO     [psi4.optking.stepAlgorithms:368] 	Current Step Report 
 
	Current energy:      -289.4096418224
	Energy change for the previous step:
		Actual       :        -0.0001055148
		Projected    :        -0.0000801400

2025-12-23:10:30:20,172 INFO     [psi4.optking.stepAlgorithms:371] 	Energy ratio =    1.31663
2025-12-23:10:30:20,172 INFO     [psi4.optking.stepAlgorithms:929] 	Using RFO solution 1.
2025-12-23:10:30:20,172 INFO     [psi4.optking.displace:100] 	Determining Cartesian step for fragment 1.
2025-12-23:10:30:20,172 INFO     [psi4.optking.displace:415] 	Successfully converged to displaced geometry.
2025-12-23:10:30:20,172 INFO     [psi4.optking.displace:416] 	RMS(dx):  0.000e+00 	Max(dx):  0.000e+00 	RMS(dq):  0.000e+00
2025-12-23:10:30:20,172 INFO     [psi4.optking.displace:172] 

	        --- Internal Coordinate Step in ANG or DEG, aJ/ANG or AJ/DEG ---
	-------------------------------------------------------------------------------
	           Coordinate      Previous         Force          Change          New 
	           ----------      --------        ------          ------        ------
	               R(1,2)       2.10696        0.00650        0.01275       2.11971
	-------------------------------------------------------------------------------

2025-12-23:10:30:20,172 INFO     [psi4.optking.stepAlgorithms:113] 	|target step| :    0.0240978346
2025-12-23:10:30:20,172 INFO     [psi4.optking.stepAlgorithms:114] 	gradient     :   -0.0007884797
2025-12-23:10:30:20,172 INFO     [psi4.optking.stepAlgorithms:115] 	hessian      :    0.0327009385
2025-12-23:10:30:20,172 INFO     [psi4.optking.stepAlgorithms:113] 	|target step| :    0.0240978346
2025-12-23:10:30:20,172 INFO     [psi4.optking.stepAlgorithms:114] 	gradient     :   -0.0007884797
2025-12-23:10:30:20,172 INFO     [psi4.optking.stepAlgorithms:115] 	hessian      :    0.0327009385
2025-12-23:10:30:20,172 INFO     [psi4.optking.stepAlgorithms:206] 	Norm of achieved step-size    0.0240978346
2025-12-23:10:30:20,172 INFO     [psi4.optking.stepAlgorithms:208] 	Norm of achieved step-size (cart):    0.0170397423
2025-12-23:10:30:20,173 INFO     [psi4.optking.opt_helper:164] Molsys:

	                            ===> Fragment 1 <== 

	 Z (Atomic Numbers)          Masses                          Geom                  
	       1.000000             1.007825          0.00000000  0.00000000  3.85518747   
	      14.000000            27.976927          0.00000000  0.00000000 -0.15049197   

	 - Coordinate -           - BOHR/RAD -       - ANG/DEG -
	 R(1,2)           =         4.005679           2.119714

2025-12-23:10:30:20,173 INFO     [psi4.optking.convcheck:76] Performing convergence check.
2025-12-23:10:30:20,173 INFO     [psi4.optking.convcheck:282] 
	                                 ==> Convergence Check <==                                  
    
	Measures of convergence in internal coordinates in au.
    
	Criteria marked as inactive (o), active & met (*), and active & unmet ( ).

	----------------------------------------------------------------------------------------------
	   Step    Total Energy     Delta E     Max Force     RMS Force      Max Disp      RMS Disp   
	----------------------------------------------------------------------------------------------
	  Convergence Criteria     1.00e-06 *    3.00e-04 *             o    1.20e-03 *             o
	----------------------------------------------------------------------------------------------
	     8    -289.40964182   -1.06e-04      7.88e-04      7.88e-04 o    2.41e-02      2.41e-02 o  ~
	----------------------------------------------------------------------------------------------


2025-12-23:10:30:20,173 INFO     [psi4.optking.stepAlgorithms:296] 	Convergence check returned False
2025-12-23:10:30:20,184 INFO     [psi4.driver.task_planner:259] PLANNING Atomic:  keywords={'DAMPING_PERCENTAGE': 1.0, 'GEOM_MAXITER': 500, 'SCF__GUESS': 'READ', 'GUESS': 'SAP', 'MAXITER': 500, 'REFERENCE': 'UKS', 'function_kwargs': {}}
2025-12-23:10:30:20,185 INFO     [psi4.driver.driver:638] Compute gradient(): method=b3lyp, basis=cc-pvdz, molecule=default, nre=3.4950375308411417
2025-12-23:10:30:20,620 INFO     [psi4.driver.driver:641] Return gradient(): -289.4096546194241
2025-12-23:10:30:20,620 INFO     [psi4.driver.driver:642] [[ 0.00000000  0.00000000 -0.00028011]
 [ 0.00000000  0.00000000  0.00027971]]
2025-12-23:10:30:20,622 INFO     [psi4.optking.history:269] 	Performing BFGS update.
2025-12-23:10:30:20,622 INFO     [psi4.optking.history:280] 	Using 4 previous steps for update.
2025-12-23:10:30:20,622 INFO     [psi4.optking.history:317] 	Steps to be used in Hessian update:  8 7 6 5

2025-12-23:10:30:20,622 INFO     [psi4.optking.history:418] 	Updated Hessian (in au) 
 	   0.032006

2025-12-23:10:30:20,622 INFO     [psi4.optking.molsys:944] Projected (PHP) Hessian matrix
	   0.032006

2025-12-23:10:30:20,623 INFO     [psi4.optking.opt_helper:182] 
	         Geometry (au)                                       Gradient (au)
   0.0000000000   0.0000000000   3.8663984862		   0.0000000000   0.0000000000  -0.0002801121
   0.0000000000   0.0000000000  -0.1392809598		   0.0000000000   0.0000000000   0.0002797141

2025-12-23:10:30:20,623 INFO     [psi4.optking.stepAlgorithms:368] 	Current Step Report 
 
	Current energy:      -289.4096546194
	Energy change for the previous step:
		Actual       :        -0.0000127970
		Projected    :        -0.0000095003

2025-12-23:10:30:20,623 INFO     [psi4.optking.stepAlgorithms:371] 	Energy ratio =    1.34701
2025-12-23:10:30:20,623 INFO     [psi4.optking.stepAlgorithms:929] 	Using RFO solution 1.
2025-12-23:10:30:20,623 INFO     [psi4.optking.displace:100] 	Determining Cartesian step for fragment 1.
2025-12-23:10:30:20,623 INFO     [psi4.optking.displace:415] 	Successfully converged to displaced geometry.
2025-12-23:10:30:20,623 INFO     [psi4.optking.displace:416] 	RMS(dx):  0.000e+00 	Max(dx):  0.000e+00 	RMS(dq):  0.000e+00
2025-12-23:10:30:20,623 INFO     [psi4.optking.displace:172] 

	        --- Internal Coordinate Step in ANG or DEG, aJ/ANG or AJ/DEG ---
	-------------------------------------------------------------------------------
	           Coordinate      Previous         Force          Change          New 
	           ----------      --------        ------          ------        ------
	               R(1,2)       2.11971        0.00231        0.00463       2.12434
	-------------------------------------------------------------------------------

2025-12-23:10:30:20,623 INFO     [psi4.optking.stepAlgorithms:113] 	|target step| :    0.0087449209
2025-12-23:10:30:20,623 INFO     [psi4.optking.stepAlgorithms:114] 	gradient     :   -0.0002799131
2025-12-23:10:30:20,623 INFO     [psi4.optking.stepAlgorithms:115] 	hessian      :    0.0320062039
2025-12-23:10:30:20,623 INFO     [psi4.optking.stepAlgorithms:113] 	|target step| :    0.0087449209
2025-12-23:10:30:20,623 INFO     [psi4.optking.stepAlgorithms:114] 	gradient     :   -0.0002799131
2025-12-23:10:30:20,623 INFO     [psi4.optking.stepAlgorithms:115] 	hessian      :    0.0320062039
2025-12-23:10:30:20,623 INFO     [psi4.optking.stepAlgorithms:206] 	Norm of achieved step-size    0.0087449209
2025-12-23:10:30:20,623 INFO     [psi4.optking.stepAlgorithms:208] 	Norm of achieved step-size (cart):    0.0061835929
2025-12-23:10:30:20,623 INFO     [psi4.optking.opt_helper:164] Molsys:

	                            ===> Fragment 1 <== 

	 Z (Atomic Numbers)          Masses                          Geom                  
	       1.000000             1.007825          0.00000000  0.00000000  3.87077095   
	      14.000000            27.976927          0.00000000  0.00000000 -0.14365342   

	 - Coordinate -           - BOHR/RAD -       - ANG/DEG -
	 R(1,2)           =         4.014424           2.124342

2025-12-23:10:30:20,624 INFO     [psi4.optking.convcheck:76] Performing convergence check.
2025-12-23:10:30:20,624 INFO     [psi4.optking.convcheck:282] 
	                                 ==> Convergence Check <==                                  
    
	Measures of convergence in internal coordinates in au.
    
	Criteria marked as inactive (o), active & met (*), and active & unmet ( ).

	----------------------------------------------------------------------------------------------
	   Step    Total Energy     Delta E     Max Force     RMS Force      Max Disp      RMS Disp   
	----------------------------------------------------------------------------------------------
	  Convergence Criteria     1.00e-06 *    3.00e-04 *             o    1.20e-03 *             o
	----------------------------------------------------------------------------------------------
	     9    -289.40965462   -1.28e-05      2.80e-04 *    2.80e-04 o    8.74e-03      8.74e-03 o  ~
	----------------------------------------------------------------------------------------------


2025-12-23:10:30:20,624 INFO     [psi4.optking.stepAlgorithms:296] 	Convergence check returned False
2025-12-23:10:30:20,634 INFO     [psi4.driver.task_planner:259] PLANNING Atomic:  keywords={'DAMPING_PERCENTAGE': 1.0, 'GEOM_MAXITER': 500, 'SCF__GUESS': 'READ', 'GUESS': 'SAP', 'MAXITER': 500, 'REFERENCE': 'UKS', 'function_kwargs': {}}
2025-12-23:10:30:20,635 INFO     [psi4.driver.driver:638] Compute gradient(): method=b3lyp, basis=cc-pvdz, molecule=default, nre=3.487424029101634
2025-12-23:10:30:21,71 INFO     [psi4.driver.driver:641] Return gradient(): -289.4096562765553
2025-12-23:10:30:21,71 INFO     [psi4.driver.driver:642] [[ 0.00000000  0.00000000 -0.00010198]
 [ 0.00000000 -0.00000000  0.00010158]]
2025-12-23:10:30:21,73 INFO     [psi4.optking.history:269] 	Performing BFGS update.
2025-12-23:10:30:21,73 INFO     [psi4.optking.history:280] 	Using 4 previous steps for update.
2025-12-23:10:30:21,73 INFO     [psi4.optking.history:317] 	Steps to be used in Hessian update:  9 8 7 6

2025-12-23:10:30:21,73 INFO     [psi4.optking.history:418] 	Updated Hessian (in au) 
 	   0.025166

2025-12-23:10:30:21,73 INFO     [psi4.optking.molsys:944] Projected (PHP) Hessian matrix
	   0.025166

2025-12-23:10:30:21,73 INFO     [psi4.optking.opt_helper:182] 
	         Geometry (au)                                       Gradient (au)
   0.0000000000   0.0000000000   3.8748393386		   0.0000000000   0.0000000000  -0.0001019761
   0.0000000000   0.0000000000  -0.1395850283		   0.0000000000  -0.0000000000   0.0001015795

2025-12-23:10:30:21,74 INFO     [psi4.optking.stepAlgorithms:368] 	Current Step Report 
 
	Current energy:      -289.4096562766
	Energy change for the previous step:
		Actual       :        -0.0000016571
		Projected    :        -0.0000012239

2025-12-23:10:30:21,74 INFO     [psi4.optking.stepAlgorithms:371] 	Energy ratio =    1.35397
2025-12-23:10:30:21,74 INFO     [psi4.optking.stepAlgorithms:929] 	Using RFO solution 1.
2025-12-23:10:30:21,74 INFO     [psi4.optking.displace:100] 	Determining Cartesian step for fragment 1.
2025-12-23:10:30:21,74 INFO     [psi4.optking.displace:415] 	Successfully converged to displaced geometry.
2025-12-23:10:30:21,74 INFO     [psi4.optking.displace:416] 	RMS(dx):  2.564e-16 	Max(dx):  4.441e-16 	RMS(dq):  0.000e+00
2025-12-23:10:30:21,74 INFO     [psi4.optking.displace:172] 

	        --- Internal Coordinate Step in ANG or DEG, aJ/ANG or AJ/DEG ---
	-------------------------------------------------------------------------------
	           Coordinate      Previous         Force          Change          New 
	           ----------      --------        ------          ------        ------
	               R(1,2)       2.12434        0.00084        0.00214       2.12648
	-------------------------------------------------------------------------------

2025-12-23:10:30:21,74 INFO     [psi4.optking.stepAlgorithms:113] 	|target step| :    0.0040441812
2025-12-23:10:30:21,74 INFO     [psi4.optking.stepAlgorithms:114] 	gradient     :   -0.0001017778
2025-12-23:10:30:21,74 INFO     [psi4.optking.stepAlgorithms:115] 	hessian      :    0.0251660711
2025-12-23:10:30:21,74 INFO     [psi4.optking.stepAlgorithms:113] 	|target step| :    0.0040441812
2025-12-23:10:30:21,74 INFO     [psi4.optking.stepAlgorithms:114] 	gradient     :   -0.0001017778
2025-12-23:10:30:21,74 INFO     [psi4.optking.stepAlgorithms:115] 	hessian      :    0.0251660711
2025-12-23:10:30:21,74 INFO     [psi4.optking.stepAlgorithms:206] 	Norm of achieved step-size    0.0040441812
2025-12-23:10:30:21,74 INFO     [psi4.optking.stepAlgorithms:208] 	Norm of achieved step-size (cart):    0.0028596679
2025-12-23:10:30:21,74 INFO     [psi4.optking.opt_helper:164] Molsys:

	                            ===> Fragment 1 <== 

	 Z (Atomic Numbers)          Masses                          Geom                  
	       1.000000             1.007825          0.00000000  0.00000000  3.87686143   
	      14.000000            27.976927          0.00000000  0.00000000 -0.14160712   

	 - Coordinate -           - BOHR/RAD -       - ANG/DEG -
	 R(1,2)           =         4.018469           2.126482

2025-12-23:10:30:21,75 INFO     [psi4.optking.convcheck:76] Performing convergence check.
2025-12-23:10:30:21,75 INFO     [psi4.optking.convcheck:282] 
	                                 ==> Convergence Check <==                                  
    
	Measures of convergence in internal coordinates in au.
    
	Criteria marked as inactive (o), active & met (*), and active & unmet ( ).

	----------------------------------------------------------------------------------------------
	   Step    Total Energy     Delta E     Max Force     RMS Force      Max Disp      RMS Disp   
	----------------------------------------------------------------------------------------------
	  Convergence Criteria     1.00e-06 *    3.00e-04 *             o    1.20e-03 *             o
	----------------------------------------------------------------------------------------------
	    10    -289.40965628   -1.66e-06      1.02e-04 *    1.02e-04 o    4.04e-03      4.04e-03 o  ~
	----------------------------------------------------------------------------------------------


2025-12-23:10:30:21,75 INFO     [psi4.optking.stepAlgorithms:296] 	Convergence check returned False
2025-12-23:10:30:21,85 INFO     [psi4.driver.task_planner:259] PLANNING Atomic:  keywords={'DAMPING_PERCENTAGE': 1.0, 'GEOM_MAXITER': 500, 'SCF__GUESS': 'READ', 'GUESS': 'SAP', 'MAXITER': 500, 'REFERENCE': 'UKS', 'function_kwargs': {}}
2025-12-23:10:30:21,87 INFO     [psi4.driver.driver:638] Compute gradient(): method=b3lyp, basis=cc-pvdz, molecule=default, nre=3.483914290407353
2025-12-23:10:30:21,478 INFO     [psi4.driver.driver:641] Return gradient(): -289.4096565193291
2025-12-23:10:30:21,478 INFO     [psi4.driver.driver:642] [[ 0.00000000  0.00000000 -0.00002073]
 [-0.00000000  0.00000000  0.00002033]]
2025-12-23:10:30:21,479 INFO     [psi4.optking.history:269] 	Performing BFGS update.
2025-12-23:10:30:21,479 INFO     [psi4.optking.history:280] 	Using 4 previous steps for update.
2025-12-23:10:30:21,480 INFO     [psi4.optking.history:317] 	Steps to be used in Hessian update:  10 9 8 7

2025-12-23:10:30:21,480 INFO     [psi4.optking.history:418] 	Updated Hessian (in au) 
 	   0.022412

2025-12-23:10:30:21,480 INFO     [psi4.optking.molsys:944] Projected (PHP) Hessian matrix
	   0.022412

2025-12-23:10:30:21,480 INFO     [psi4.optking.opt_helper:182] 
	         Geometry (au)                                       Gradient (au)
   0.0000000000   0.0000000000   3.8787429001		   0.0000000000   0.0000000000  -0.0000207272
   0.0000000000   0.0000000000  -0.1397256480		  -0.0000000000   0.0000000000   0.0000203305

2025-12-23:10:30:21,480 INFO     [psi4.optking.stepAlgorithms:368] 	Current Step Report 
 
	Current energy:      -289.4096565193
	Energy change for the previous step:
		Actual       :        -0.0000002428
		Projected    :        -0.0000002058

2025-12-23:10:30:21,480 INFO     [psi4.optking.stepAlgorithms:371] 	Energy ratio =    1.17964
2025-12-23:10:30:21,480 INFO     [psi4.optking.stepAlgorithms:929] 	Using RFO solution 1.
2025-12-23:10:30:21,480 INFO     [psi4.optking.displace:100] 	Determining Cartesian step for fragment 1.
2025-12-23:10:30:21,480 INFO     [psi4.optking.displace:415] 	Successfully converged to displaced geometry.
2025-12-23:10:30:21,480 INFO     [psi4.optking.displace:416] 	RMS(dx):  0.000e+00 	Max(dx):  0.000e+00 	RMS(dq):  0.000e+00
2025-12-23:10:30:21,480 INFO     [psi4.optking.displace:172] 

	        --- Internal Coordinate Step in ANG or DEG, aJ/ANG or AJ/DEG ---
	-------------------------------------------------------------------------------
	           Coordinate      Previous         Force          Change          New 
	           ----------      --------        ------          ------        ------
	               R(1,2)       2.12648        0.00017        0.00048       2.12697
	-------------------------------------------------------------------------------

2025-12-23:10:30:21,480 INFO     [psi4.optking.stepAlgorithms:113] 	|target step| :    0.0009159632
2025-12-23:10:30:21,481 INFO     [psi4.optking.stepAlgorithms:114] 	gradient     :   -0.0000205289
2025-12-23:10:30:21,481 INFO     [psi4.optking.stepAlgorithms:115] 	hessian      :    0.0224122996
2025-12-23:10:30:21,481 INFO     [psi4.optking.stepAlgorithms:113] 	|target step| :    0.0009159632
2025-12-23:10:30:21,481 INFO     [psi4.optking.stepAlgorithms:114] 	gradient     :   -0.0000205289
2025-12-23:10:30:21,481 INFO     [psi4.optking.stepAlgorithms:115] 	hessian      :    0.0224122996
2025-12-23:10:30:21,481 INFO     [psi4.optking.stepAlgorithms:206] 	Norm of achieved step-size    0.0009159632
2025-12-23:10:30:21,481 INFO     [psi4.optking.stepAlgorithms:208] 	Norm of achieved step-size (cart):    0.0006476838
2025-12-23:10:30:21,481 INFO     [psi4.optking.opt_helper:164] Molsys:

	                            ===> Fragment 1 <== 

	 Z (Atomic Numbers)          Masses                          Geom                  
	       1.000000             1.007825          0.00000000  0.00000000  3.87920088   
	      14.000000            27.976927          0.00000000  0.00000000 -0.14018363   

	 - Coordinate -           - BOHR/RAD -       - ANG/DEG -
	 R(1,2)           =         4.019385           2.126967

2025-12-23:10:30:21,481 INFO     [psi4.optking.convcheck:76] Performing convergence check.
2025-12-23:10:30:21,481 INFO     [psi4.optking.convcheck:282] 
	                                 ==> Convergence Check <==                                  
    
	Measures of convergence in internal coordinates in au.
    
	Criteria marked as inactive (o), active & met (*), and active & unmet ( ).

	----------------------------------------------------------------------------------------------
	   Step    Total Energy     Delta E     Max Force     RMS Force      Max Disp      RMS Disp   
	----------------------------------------------------------------------------------------------
	  Convergence Criteria     1.00e-06 *    3.00e-04 *             o    1.20e-03 *             o
	----------------------------------------------------------------------------------------------
	    11    -289.40965652   -2.43e-07 *    2.05e-05 *    2.05e-05 o    9.16e-04 *    9.16e-04 o  ~
	----------------------------------------------------------------------------------------------


2025-12-23:10:30:21,481 INFO     [psi4.optking.convcheck:206] 
	                      ===> Final Convergence Report <===                     

	----------------------------------------------------------------------------
	|   Required Criteria    |  One or More Criteria  |   Alternate Criteria   |
	----------------------------------------------------------------------------
	| [x]     max_force      | [x]       max_DE       |                        |
	|                        | [x]      max_disp      |                        |
	----------------------------------------------------------------------------


2025-12-23:10:30:21,481 INFO     [psi4.optking.stepAlgorithms:296] 	Convergence check returned True
2025-12-23:10:30:21,481 INFO     [psi4.optking.optimize:332] 	Converged in 11 steps!
2025-12-23:10:30:21,481 INFO     [psi4.optking.optimize:333] 	Final energy is   -289.4096565193291
2025-12-23:10:30:21,481 INFO     [psi4.optking.optimize:334] 	Final structure (Angstroms): 
	Fragment 1 (Ang)

	    H   0.0000000000   0.0000000000   2.0527847022
	   Si   0.0000000000   0.0000000000  -0.0741819821


2025-12-23:10:30:21,482 INFO     [psi4.optking.optimize:562] 	Optimization Finished

	==> Optimization Summary <==

        
	Measures of convergence in internal coordinates in au. (Any backward steps not shown.)
        
	---------------------------------------------------------------------------------------------------------------  ~
        
	 Step         Total Energy             Delta E       MAX Force       RMS Force        MAX Disp        RMS Disp   ~
        
	---------------------------------------------------------------------------------------------------------------  ~
        
	     1    -289.272289983352   -289.272289983352      0.29590726      0.29590726      0.50000422      0.50000422  ~
	     2    -289.366338601918     -0.094048618566      0.10910812      0.10910812      0.27065524      0.27065524  ~
	     3    -289.388787176154     -0.022448574236      0.06078537      0.06078537      0.30813314      0.30813314  ~
	     4    -289.402090820229     -0.013303644075      0.02867328      0.02867328      0.25696794      0.25696794  ~
	     5    -289.407300170151     -0.005209349922      0.01315433      0.01315433      0.20835783      0.20835783  ~
	     6    -289.409155369012     -0.001855198861      0.00520130      0.00520130      0.10204063      0.10204063  ~
	     7    -289.409536307563     -0.000380938550      0.00236571      0.00236571      0.06775126      0.06775126  ~
	     8    -289.409641822406     -0.000105514843      0.00078848      0.00078848      0.02409783      0.02409783  ~
	     9    -289.409654619424     -0.000012797018      0.00027991      0.00027991      0.00874492      0.00874492  ~
	    10    -289.409656276555     -0.000001657131      0.00010178      0.00010178      0.00404418      0.00404418  ~
	    11    -289.409656519329     -0.000000242774      0.00002053      0.00002053      0.00091596      0.00091596  ~
	----------------------------------------------------------------------------------------------------------------


2025-12-23:10:30:21,482 INFO     [psi4.optking.optimize:806] Preparing OptimizationResult
