2025-12-23:10:45:24,538 WARNING  [psi4.optking:38] Some dependencies such as QCElemental have not yet finished migration to pydantic v2. If issues are encountered please downgrade pydantic or upgrade QCElemental as appropriate
2025-12-23:10:45:24,703 INFO     [psi4.optking.optwrapper:234] Creating a UserComputer
2025-12-23:10:45:24,703 INFO     [psi4.optking.optwrapper:242] 
    			-----------------------------------------

    			 OPTKING 3.0: for geometry optimizations 

    			     By R.A. King, Bethel University     

    			        with contributions from          

    			    A.V. Copan, J. Cayton, A. Heide      

    			-----------------------------------------

    
2025-12-23:10:45:24,703 INFO     [psi4.optking.optwrapper:272] 
		 -- Optimization Parameters --
	GEOM_MAXITER                   =             500
	ALG_GEOM_MAXITER               =              50
	PRINT                          =               1
	OPT_TYPE                       =             MIN
	STEP_TYPE                      =             RFO
	PROGRAM                        =            PSI4
	STEEPEST_DESCENT_TYPE          =         OVERLAP
	CONJUGATE_GRADIENT_TYPE        =        FLETCHER
	OPT_COORDINATES                =        INTERNAL
	RFO_FOLLOW_ROOT                =           False
	RFO_ROOT                       =               0
	ACCEPT_SYMMETRY_BREAKING       =           False
	DYNAMIC_LVL                    =               0
	DYNAMIC_LVL_MAX                =               0
	IRC_STEP_SIZE                  =             0.2
	IRC_DIRECTION                  =         FORWARD
	IRC_POINTS                     =              20
	IRC_MODE                       =          NORMAL
	IRC_CONVERGENCE                =            -0.7
	INTRAFRAG_STEP_LIMIT           =             0.5
	INTRAFRAG_STEP_LIMIT_MIN       =           0.001
	INTRAFRAG_STEP_LIMIT_MAX       =             1.0
	INTERFRAG_STEP_LIMIT           =             0.5
	INTERFRAG_STEP_LIMIT_MIN       =           0.001
	INTERFRAG_STEP_LIMIT_MAX       =             1.0
	ENSURE_BT_CONVERGENCE          =           False
	SIMPLE_STEP_SCALING            =           False
	CONSECUTIVE_BACKSTEPS          =               0
	RFO_NORMALIZATION_MAX          =             100
	RSRFO_ALPHA_MAX                =     100000000.0
	PRINT_TRAJECTORY_XYZ_FILE      =           False
	WRITE_TRAJECTORY               =           False
	FROZEN_DISTANCE                =                
	FROZEN_BEND                    =                
	FROZEN_DIHEDRAL                =                
	FROZEN_OOFP                    =                
	FROZEN_CARTESIAN               =                
	FREEZE_ALL_DIHEDRALS           =           False
	UNFREEZE_DIHEDRALS             =                
	RANGED_DISTANCE                =                
	RANGED_BEND                    =                
	RANGED_DIHEDRAL                =                
	RANGED_OOFP                    =                
	RANGED_CARTESIAN               =                
	EXT_FORCE_DISTANCE             =                
	EXT_FORCE_BEND                 =                
	EXT_FORCE_DIHEDRAL             =                
	EXT_FORCE_OOFP                 =                
	EXT_FORCE_CARTESIAN            =                
	G_CONVERGENCE                  =           QCHEM
	MAX_FORCE_G_CONVERGENCE        =          0.0003
	RMS_FORCE_G_CONVERGENCE        =          0.0003
	MAX_ENERGY_G_CONVERGENCE       =           1e-06
	MAX_DISP_G_CONVERGENCE         =          0.0012
	RMS_DISP_G_CONVERGENCE         =          0.0012
	FLEXIBLE_G_CONVERGENCE         =           False
	HESS_UPDATE                    =            BFGS
	HESS_UPDATE_USE_LAST           =               4
	HESS_UPDATE_LIMIT              =            True
	HESS_UPDATE_LIMIT_MAX          =             1.0
	HESS_UPDATE_LIMIT_SCALE        =             0.5
	HESS_UPDATE_DEN_TOL            =           1e-07
	HESS_UPDATE_DQ_TOL             =             0.5
	CART_HESS_READ                 =           False
	HESSIAN_FILE                   =               .
	FULL_HESS_EVERY                =              -1
	INTRAFRAG_HESS                 =        SCHLEGEL
	H_GUESS_EVERY                  =           False
	BT_MAX_ITER                    =              25
	BT_DX_CONV                     =           1e-07
	BT_DX_RMS_CHANGE_CONV          =           1e-12
	BT_PINV_RCOND                  =           1e-06
	FRAG_MODE                      =          SINGLE
	FRAG_REF_ATOMS                 =              []
	FREEZE_INTRAFRAG               =           False
	INTERFRAG_MODE                 =           FIXED
	ADD_AUXILIARY_BONDS            =           False
	AUXILIARY_BOND_FACTOR          =             2.5
	INTERFRAG_DIST_INV             =           False
	INTERFRAG_COLLINEAR_TOL        =            0.01
	INTERFRAG_COORDS               =              []
	INTERFRAG_HESS                 =         DEFAULT
	COVALENT_CONNECT               =             1.3
	INTERFRAGMENT_CONNECT          =             1.8
	H_BOND_CONNECT                 =             4.3
	INCLUDE_OOFP                   =           False
	TEST_B                         =           False
	TEST_DERIVATIVE_B              =           False
	LINESEARCH_STEP                =             0.1
	LINESEARCH                     =           False
	SD_HESSIAN                     =             1.0
	FIX_VAL_NEAR_PI                =            1.57
	V3D_TORS_ANGLE_LIM             =           0.017
	V3D_TORS_COS_TOL               =           1e-10
	LINEAR_BEND_THRESHOLD          =            3.05
	SMALL_BEND_FIX_THRESHOLD       =            0.35
	REDUNDANT_EVAL_TOL             =           1e-10
	LINEAR_ALGEBRA_TOL             =           1e-10


2025-12-23:10:45:24,845 INFO     [psi4.optking.opt_helper:164] Molsys:

	                            ===> Fragment 1 <== 

	 Z (Atomic Numbers)          Masses                          Geom                  
	       4.000000             9.012183          0.00000000  0.00000000  1.56307094   
	      10.000000            19.992440          0.00000000  0.00000000 -0.70460041   

	 - Coordinate -           - BOHR/RAD -       - ANG/DEG -
	 R(1,2)           =         2.267671           1.200000

2025-12-23:10:45:24,855 INFO     [psi4.driver.task_planner:259] PLANNING Atomic:  keywords={'DAMPING_PERCENTAGE': 1.0, 'GEOM_MAXITER': 500, 'GUESS': 'SAP', 'MAXITER': 500, 'REFERENCE': 'UKS', 'function_kwargs': {}}
2025-12-23:10:45:24,857 INFO     [psi4.driver.driver:638] Compute gradient(): method=b3lyp, basis=cc-pvdz, molecule=default, nre=17.63924035566667
2025-12-23:10:45:25,273 INFO     [psi4.driver.driver:641] Return gradient(): -141.2606199308273
2025-12-23:10:45:25,273 INFO     [psi4.driver.driver:642] [[ 0.00000000 -0.00000000 -0.65521576]
 [ 0.00000000  0.00000000  0.65534644]]
2025-12-23:10:45:25,275 INFO     [psi4.optking.molsys:944] Projected (PHP) Hessian matrix
	   1.048231

2025-12-23:10:45:25,275 INFO     [psi4.optking.opt_helper:182] 
	         Geometry (au)                                       Gradient (au)
   0.0000000000   0.0000000000   1.5630709435		   0.0000000000  -0.0000000000  -0.6552157649
   0.0000000000   0.0000000000  -0.7046004071		   0.0000000000   0.0000000000   0.6553464445

2025-12-23:10:45:25,275 INFO     [psi4.optking.stepAlgorithms:929] 	Using RFO solution 1.
2025-12-23:10:45:25,275 INFO     [psi4.optking.displace:100] 	Determining Cartesian step for fragment 1.
2025-12-23:10:45:25,276 INFO     [psi4.optking.displace:415] 	Successfully converged to displaced geometry.
2025-12-23:10:45:25,276 INFO     [psi4.optking.displace:416] 	RMS(dx):  0.000e+00 	Max(dx):  0.000e+00 	RMS(dq):  0.000e+00
2025-12-23:10:45:25,276 INFO     [psi4.optking.displace:172] 

	        --- Internal Coordinate Step in ANG or DEG, aJ/ANG or AJ/DEG ---
	-------------------------------------------------------------------------------
	           Coordinate      Previous         Force          Change          New 
	           ----------      --------        ------          ------        ------
	               R(1,2)       1.20000        5.39868        0.25437       1.45437
	-------------------------------------------------------------------------------

2025-12-23:10:45:25,276 INFO     [psi4.optking.stepAlgorithms:113] 	|target step| :    0.4806875961
2025-12-23:10:45:25,276 INFO     [psi4.optking.stepAlgorithms:114] 	gradient     :   -0.6552811047
2025-12-23:10:45:25,276 INFO     [psi4.optking.stepAlgorithms:115] 	hessian      :    1.0482306732
2025-12-23:10:45:25,276 INFO     [psi4.optking.stepAlgorithms:113] 	|target step| :    0.4806875961
2025-12-23:10:45:25,276 INFO     [psi4.optking.stepAlgorithms:114] 	gradient     :   -0.6552811047
2025-12-23:10:45:25,276 INFO     [psi4.optking.stepAlgorithms:115] 	hessian      :    1.0482306732
2025-12-23:10:45:25,276 INFO     [psi4.optking.stepAlgorithms:206] 	Norm of achieved step-size    0.4806875961
2025-12-23:10:45:25,276 INFO     [psi4.optking.stepAlgorithms:208] 	Norm of achieved step-size (cart):    0.3398974588
2025-12-23:10:45:25,276 INFO     [psi4.optking.opt_helper:164] Molsys:

	                            ===> Fragment 1 <== 

	 Z (Atomic Numbers)          Masses                          Geom                  
	       4.000000             9.012183          0.00000000  0.00000000  1.80341474   
	      10.000000            19.992440          0.00000000  0.00000000 -0.94494421   

	 - Coordinate -           - BOHR/RAD -       - ANG/DEG -
	 R(1,2)           =         2.748359           1.454369

2025-12-23:10:45:25,276 INFO     [psi4.optking.convcheck:76] Performing convergence check.
2025-12-23:10:45:25,276 INFO     [psi4.optking.convcheck:282] 
	                                 ==> Convergence Check <==                                  
    
	Measures of convergence in internal coordinates in au.
    
	Criteria marked as inactive (o), active & met (*), and active & unmet ( ).

	----------------------------------------------------------------------------------------------~
	   Step    Total Energy     Delta E     Max Force     RMS Force      Max Disp      RMS Disp   ~
	----------------------------------------------------------------------------------------------~
	  Convergence Criteria     1.00e-06 *    3.00e-04 *             o    1.20e-03 *             o~
	----------------------------------------------------------------------------------------------~
	     1    -141.26061993   -1.41e+02      6.55e-01      6.55e-01 o    4.81e-01      4.81e-01 o  ~
	----------------------------------------------------------------------------------------------


2025-12-23:10:45:25,276 INFO     [psi4.optking.stepAlgorithms:296] 	Convergence check returned False
2025-12-23:10:45:25,287 INFO     [psi4.driver.task_planner:259] PLANNING Atomic:  keywords={'DAMPING_PERCENTAGE': 1.0, 'GEOM_MAXITER': 500, 'SCF__GUESS': 'READ', 'GUESS': 'SAP', 'MAXITER': 500, 'REFERENCE': 'UKS', 'function_kwargs': {}}
2025-12-23:10:45:25,288 INFO     [psi4.driver.driver:638] Compute gradient(): method=b3lyp, basis=cc-pvdz, molecule=default, nre=14.554139680063601
2025-12-23:10:45:25,606 INFO     [psi4.driver.driver:641] Return gradient(): -141.4719228150543
2025-12-23:10:45:25,606 INFO     [psi4.driver.driver:642] [[ 0.00000000  0.00000000 -0.28485123]
 [ 0.00000000  0.00000000  0.28500690]]
2025-12-23:10:45:25,607 INFO     [psi4.optking.history:269] 	Performing BFGS update.
2025-12-23:10:45:25,607 INFO     [psi4.optking.history:280] 	Using 1 previous steps for update.
2025-12-23:10:45:25,608 INFO     [psi4.optking.history:317] 	Steps to be used in Hessian update:  1

2025-12-23:10:45:25,608 INFO     [psi4.optking.history:418] 	Updated Hessian (in au) 
 	   0.770463

2025-12-23:10:45:25,608 INFO     [psi4.optking.molsys:944] Projected (PHP) Hessian matrix
	   0.770463

2025-12-23:10:45:25,608 INFO     [psi4.optking.opt_helper:182] 
	         Geometry (au)                                       Gradient (au)
   0.0000000000   0.0000000000   1.8944015017		   0.0000000000   0.0000000000  -0.2848512344
   0.0000000000   0.0000000000  -0.8539574450		   0.0000000000   0.0000000000   0.2850069011

2025-12-23:10:45:25,608 INFO     [psi4.optking.stepAlgorithms:368] 	Current Step Report 
 
	Current energy:      -141.4719228151
	Energy change for the previous step:
		Actual       :        -0.2113028842
		Projected    :        -0.1574927495

2025-12-23:10:45:25,608 INFO     [psi4.optking.stepAlgorithms:371] 	Energy ratio =    1.34167
2025-12-23:10:45:25,608 INFO     [psi4.optking.stepAlgorithms:399] 	Energy ratio indicates good step.
2025-12-23:10:45:25,608 INFO     [psi4.optking.stepAlgorithms:400] 	Intrafrag trust radius increased to      1.
2025-12-23:10:45:25,608 INFO     [psi4.optking.stepAlgorithms:929] 	Using RFO solution 1.
2025-12-23:10:45:25,608 INFO     [psi4.optking.displace:100] 	Determining Cartesian step for fragment 1.
2025-12-23:10:45:25,608 INFO     [psi4.optking.displace:415] 	Successfully converged to displaced geometry.
2025-12-23:10:45:25,609 INFO     [psi4.optking.displace:416] 	RMS(dx):  0.000e+00 	Max(dx):  0.000e+00 	RMS(dq):  0.000e+00
2025-12-23:10:45:25,609 INFO     [psi4.optking.displace:172] 

	        --- Internal Coordinate Step in ANG or DEG, aJ/ANG or AJ/DEG ---
	-------------------------------------------------------------------------------
	           Coordinate      Previous         Force          Change          New 
	           ----------      --------        ------          ------        ------
	               R(1,2)       1.45437        2.34745        0.17443       1.62880
	-------------------------------------------------------------------------------

2025-12-23:10:45:25,609 INFO     [psi4.optking.stepAlgorithms:113] 	|target step| :    0.3296321850
2025-12-23:10:45:25,609 INFO     [psi4.optking.stepAlgorithms:114] 	gradient     :   -0.2849290678
2025-12-23:10:45:25,609 INFO     [psi4.optking.stepAlgorithms:115] 	hessian      :    0.7704630617
2025-12-23:10:45:25,609 INFO     [psi4.optking.stepAlgorithms:113] 	|target step| :    0.3296321850
2025-12-23:10:45:25,609 INFO     [psi4.optking.stepAlgorithms:114] 	gradient     :   -0.2849290678
2025-12-23:10:45:25,609 INFO     [psi4.optking.stepAlgorithms:115] 	hessian      :    0.7704630617
2025-12-23:10:45:25,609 INFO     [psi4.optking.stepAlgorithms:206] 	Norm of achieved step-size    0.3296321850
2025-12-23:10:45:25,609 INFO     [psi4.optking.stepAlgorithms:208] 	Norm of achieved step-size (cart):    0.2330851533
2025-12-23:10:45:25,609 INFO     [psi4.optking.opt_helper:164] Molsys:

	                            ===> Fragment 1 <== 

	 Z (Atomic Numbers)          Masses                          Geom                  
	       4.000000             9.012183          0.00000000  0.00000000  2.05921759   
	      10.000000            19.992440          0.00000000  0.00000000 -1.01877354   

	 - Coordinate -           - BOHR/RAD -       - ANG/DEG -
	 R(1,2)           =         3.077991           1.628803

2025-12-23:10:45:25,609 INFO     [psi4.optking.convcheck:76] Performing convergence check.
2025-12-23:10:45:25,609 INFO     [psi4.optking.convcheck:282] 
	                                 ==> Convergence Check <==                                  
    
	Measures of convergence in internal coordinates in au.
    
	Criteria marked as inactive (o), active & met (*), and active & unmet ( ).

	----------------------------------------------------------------------------------------------
	   Step    Total Energy     Delta E     Max Force     RMS Force      Max Disp      RMS Disp   
	----------------------------------------------------------------------------------------------
	  Convergence Criteria     1.00e-06 *    3.00e-04 *             o    1.20e-03 *             o
	----------------------------------------------------------------------------------------------
	     2    -141.47192282   -2.11e-01      2.85e-01      2.85e-01 o    3.30e-01      3.30e-01 o  ~
	----------------------------------------------------------------------------------------------


2025-12-23:10:45:25,609 INFO     [psi4.optking.stepAlgorithms:296] 	Convergence check returned False
2025-12-23:10:45:25,619 INFO     [psi4.driver.task_planner:259] PLANNING Atomic:  keywords={'DAMPING_PERCENTAGE': 1.0, 'GEOM_MAXITER': 500, 'SCF__GUESS': 'READ', 'GUESS': 'SAP', 'MAXITER': 500, 'REFERENCE': 'UKS', 'function_kwargs': {}}
2025-12-23:10:45:25,620 INFO     [psi4.driver.driver:638] Compute gradient(): method=b3lyp, basis=cc-pvdz, molecule=default, nre=12.995489034619832
2025-12-23:10:45:25,916 INFO     [psi4.driver.driver:641] Return gradient(): -141.54387389217123
2025-12-23:10:45:25,916 INFO     [psi4.driver.driver:642] [[-0.00000000  0.00000000 -0.16069259]
 [ 0.00000000 -0.00000000  0.16077409]]
2025-12-23:10:45:25,917 INFO     [psi4.optking.history:269] 	Performing BFGS update.
2025-12-23:10:45:25,917 INFO     [psi4.optking.history:280] 	Using 2 previous steps for update.
2025-12-23:10:45:25,917 WARNING  [psi4.optking.history:301] 	Change in internal coordinate of 8.10e-01 exceeds limit of 5.00e-01.
2025-12-23:10:45:25,917 WARNING  [psi4.optking.history:306] 	Skipping Hessian update for step 1.
2025-12-23:10:45:25,917 INFO     [psi4.optking.history:317] 	Steps to be used in Hessian update:  2

2025-12-23:10:45:25,918 INFO     [psi4.optking.history:418] 	Updated Hessian (in au) 
 	   0.376771

2025-12-23:10:45:25,918 INFO     [psi4.optking.molsys:944] Projected (PHP) Hessian matrix
	   0.376771

2025-12-23:10:45:25,918 INFO     [psi4.optking.opt_helper:182] 
	         Geometry (au)                                       Gradient (au)
   0.0000000000   0.0000000000   2.1216118910		  -0.0000000000   0.0000000000  -0.1606925896
   0.0000000000   0.0000000000  -0.9563792407		   0.0000000000  -0.0000000000   0.1607740860

2025-12-23:10:45:25,918 INFO     [psi4.optking.stepAlgorithms:368] 	Current Step Report 
 
	Current energy:      -141.5438738922
	Energy change for the previous step:
		Actual       :        -0.0719510771
		Projected    :        -0.0469608956

2025-12-23:10:45:25,918 INFO     [psi4.optking.stepAlgorithms:371] 	Energy ratio =    1.53215
2025-12-23:10:45:25,918 INFO     [psi4.optking.stepAlgorithms:929] 	Using RFO solution 1.
2025-12-23:10:45:25,918 INFO     [psi4.optking.displace:100] 	Determining Cartesian step for fragment 1.
2025-12-23:10:45:25,918 INFO     [psi4.optking.displace:415] 	Successfully converged to displaced geometry.
2025-12-23:10:45:25,918 INFO     [psi4.optking.displace:416] 	RMS(dx):  1.282e-16 	Max(dx):  2.220e-16 	RMS(dq):  4.441e-16
2025-12-23:10:45:25,918 INFO     [psi4.optking.displace:172] 

	        --- Internal Coordinate Step in ANG or DEG, aJ/ANG or AJ/DEG ---
	-------------------------------------------------------------------------------
	           Coordinate      Previous         Force          Change          New 
	           ----------      --------        ------          ------        ------
	               R(1,2)       1.62880        1.32424        0.19507       1.82388
	-------------------------------------------------------------------------------

2025-12-23:10:45:25,918 INFO     [psi4.optking.stepAlgorithms:113] 	|target step| :    0.3686353139
2025-12-23:10:45:25,918 INFO     [psi4.optking.stepAlgorithms:114] 	gradient     :   -0.1607333378
2025-12-23:10:45:25,918 INFO     [psi4.optking.stepAlgorithms:115] 	hessian      :    0.3767706420
2025-12-23:10:45:25,918 INFO     [psi4.optking.stepAlgorithms:113] 	|target step| :    0.3686353139
2025-12-23:10:45:25,918 INFO     [psi4.optking.stepAlgorithms:114] 	gradient     :   -0.1607333378
2025-12-23:10:45:25,918 INFO     [psi4.optking.stepAlgorithms:115] 	hessian      :    0.3767706420
2025-12-23:10:45:25,918 INFO     [psi4.optking.stepAlgorithms:206] 	Norm of achieved step-size    0.3686353139
2025-12-23:10:45:25,918 INFO     [psi4.optking.stepAlgorithms:208] 	Norm of achieved step-size (cart):    0.2606645303
2025-12-23:10:45:25,919 INFO     [psi4.optking.opt_helper:164] Molsys:

	                            ===> Fragment 1 <== 

	 Z (Atomic Numbers)          Masses                          Geom                  
	       4.000000             9.012183          0.00000000  0.00000000  2.30592955   
	      10.000000            19.992440          0.00000000  0.00000000 -1.14069690   

	 - Coordinate -           - BOHR/RAD -       - ANG/DEG -
	 R(1,2)           =         3.446626           1.823876

2025-12-23:10:45:25,919 INFO     [psi4.optking.convcheck:76] Performing convergence check.
2025-12-23:10:45:25,919 INFO     [psi4.optking.convcheck:282] 
	                                 ==> Convergence Check <==                                  
    
	Measures of convergence in internal coordinates in au.
    
	Criteria marked as inactive (o), active & met (*), and active & unmet ( ).

	----------------------------------------------------------------------------------------------
	   Step    Total Energy     Delta E     Max Force     RMS Force      Max Disp      RMS Disp   
	----------------------------------------------------------------------------------------------
	  Convergence Criteria     1.00e-06 *    3.00e-04 *             o    1.20e-03 *             o
	----------------------------------------------------------------------------------------------
	     3    -141.54387389   -7.20e-02      1.61e-01      1.61e-01 o    3.69e-01      3.69e-01 o  ~
	----------------------------------------------------------------------------------------------


2025-12-23:10:45:25,919 INFO     [psi4.optking.stepAlgorithms:296] 	Convergence check returned False
2025-12-23:10:45:25,929 INFO     [psi4.driver.task_planner:259] PLANNING Atomic:  keywords={'DAMPING_PERCENTAGE': 1.0, 'GEOM_MAXITER': 500, 'SCF__GUESS': 'READ', 'GUESS': 'SAP', 'MAXITER': 500, 'REFERENCE': 'UKS', 'function_kwargs': {}}
2025-12-23:10:45:25,930 INFO     [psi4.driver.driver:638] Compute gradient(): method=b3lyp, basis=cc-pvdz, molecule=default, nre=11.605551292419605
2025-12-23:10:45:26,221 INFO     [psi4.driver.driver:641] Return gradient(): -141.58526890003444
2025-12-23:10:45:26,221 INFO     [psi4.driver.driver:642] [[ 0.00000000  0.00000000 -0.07039379]
 [-0.00000000  0.00000000  0.07036752]]
2025-12-23:10:45:26,223 INFO     [psi4.optking.history:269] 	Performing BFGS update.
2025-12-23:10:45:26,223 INFO     [psi4.optking.history:280] 	Using 3 previous steps for update.
2025-12-23:10:45:26,223 WARNING  [psi4.optking.history:301] 	Change in internal coordinate of 6.98e-01 exceeds limit of 5.00e-01.
2025-12-23:10:45:26,223 WARNING  [psi4.optking.history:306] 	Skipping Hessian update for step 2.
2025-12-23:10:45:26,223 WARNING  [psi4.optking.history:301] 	Change in internal coordinate of 1.18e+00 exceeds limit of 5.00e-01.
2025-12-23:10:45:26,223 WARNING  [psi4.optking.history:306] 	Skipping Hessian update for step 1.
2025-12-23:10:45:26,223 INFO     [psi4.optking.history:317] 	Steps to be used in Hessian update:  3

2025-12-23:10:45:26,223 INFO     [psi4.optking.history:418] 	Updated Hessian (in au) 
 	   0.245100

2025-12-23:10:45:26,223 INFO     [psi4.optking.molsys:944] Projected (PHP) Hessian matrix
	   0.245100

2025-12-23:10:45:26,223 INFO     [psi4.optking.opt_helper:182] 
	         Geometry (au)                                       Gradient (au)
   0.0000000000   0.0000000000   2.3757065365		   0.0000000000   0.0000000000  -0.0703937948
   0.0000000000   0.0000000000  -1.0709199091		  -0.0000000000   0.0000000000   0.0703675246

2025-12-23:10:45:26,223 INFO     [psi4.optking.stepAlgorithms:368] 	Current Step Report 
 
	Current energy:      -141.5852689000
	Energy change for the previous step:
		Actual       :        -0.0413950079
		Projected    :        -0.0296259922

2025-12-23:10:45:26,223 INFO     [psi4.optking.stepAlgorithms:371] 	Energy ratio =    1.39725
2025-12-23:10:45:26,223 INFO     [psi4.optking.stepAlgorithms:929] 	Using RFO solution 1.
2025-12-23:10:45:26,223 INFO     [psi4.optking.displace:100] 	Determining Cartesian step for fragment 1.
2025-12-23:10:45:26,224 INFO     [psi4.optking.displace:415] 	Successfully converged to displaced geometry.
2025-12-23:10:45:26,224 INFO     [psi4.optking.displace:416] 	RMS(dx):  1.282e-16 	Max(dx):  2.220e-16 	RMS(dq):  0.000e+00
2025-12-23:10:45:26,224 INFO     [psi4.optking.displace:172] 

	        --- Internal Coordinate Step in ANG or DEG, aJ/ANG or AJ/DEG ---
	-------------------------------------------------------------------------------
	           Coordinate      Previous         Force          Change          New 
	           ----------      --------        ------          ------        ------
	               R(1,2)       1.82388        0.57985        0.14114       1.96502
	-------------------------------------------------------------------------------

2025-12-23:10:45:26,224 INFO     [psi4.optking.stepAlgorithms:113] 	|target step| :    0.2667221971
2025-12-23:10:45:26,224 INFO     [psi4.optking.stepAlgorithms:114] 	gradient     :   -0.0703806597
2025-12-23:10:45:26,224 INFO     [psi4.optking.stepAlgorithms:115] 	hessian      :    0.2451004412
2025-12-23:10:45:26,224 INFO     [psi4.optking.stepAlgorithms:113] 	|target step| :    0.2667221971
2025-12-23:10:45:26,224 INFO     [psi4.optking.stepAlgorithms:114] 	gradient     :   -0.0703806597
2025-12-23:10:45:26,224 INFO     [psi4.optking.stepAlgorithms:115] 	hessian      :    0.2451004412
2025-12-23:10:45:26,224 INFO     [psi4.optking.stepAlgorithms:206] 	Norm of achieved step-size    0.2667221971
2025-12-23:10:45:26,224 INFO     [psi4.optking.stepAlgorithms:208] 	Norm of achieved step-size (cart):    0.1886010742
2025-12-23:10:45:26,224 INFO     [psi4.optking.opt_helper:164] Molsys:

	                            ===> Fragment 1 <== 

	 Z (Atomic Numbers)          Masses                          Geom                  
	       4.000000             9.012183          0.00000000  0.00000000  2.50906764   
	      10.000000            19.992440          0.00000000  0.00000000 -1.20428101   

	 - Coordinate -           - BOHR/RAD -       - ANG/DEG -
	 R(1,2)           =         3.713349           1.965019

2025-12-23:10:45:26,224 INFO     [psi4.optking.convcheck:76] Performing convergence check.
2025-12-23:10:45:26,224 INFO     [psi4.optking.convcheck:282] 
	                                 ==> Convergence Check <==                                  
    
	Measures of convergence in internal coordinates in au.
    
	Criteria marked as inactive (o), active & met (*), and active & unmet ( ).

	----------------------------------------------------------------------------------------------
	   Step    Total Energy     Delta E     Max Force     RMS Force      Max Disp      RMS Disp   
	----------------------------------------------------------------------------------------------
	  Convergence Criteria     1.00e-06 *    3.00e-04 *             o    1.20e-03 *             o
	----------------------------------------------------------------------------------------------
	     4    -141.58526890   -4.14e-02      7.04e-02      7.04e-02 o    2.67e-01      2.67e-01 o  ~
	----------------------------------------------------------------------------------------------


2025-12-23:10:45:26,224 INFO     [psi4.optking.stepAlgorithms:296] 	Convergence check returned False
2025-12-23:10:45:26,234 INFO     [psi4.driver.task_planner:259] PLANNING Atomic:  keywords={'DAMPING_PERCENTAGE': 1.0, 'GEOM_MAXITER': 500, 'SCF__GUESS': 'READ', 'GUESS': 'SAP', 'MAXITER': 500, 'REFERENCE': 'UKS', 'function_kwargs': {}}
2025-12-23:10:45:26,235 INFO     [psi4.driver.driver:638] Compute gradient(): method=b3lyp, basis=cc-pvdz, molecule=default, nre=10.77194840811629
2025-12-23:10:45:26,548 INFO     [psi4.driver.driver:641] Return gradient(): -141.59783351638026
2025-12-23:10:45:26,548 INFO     [psi4.driver.driver:642] [[-0.00000000  0.00000000 -0.02631683]
 [ 0.00000000  0.00000000  0.02628216]]
2025-12-23:10:45:26,550 INFO     [psi4.optking.history:269] 	Performing BFGS update.
2025-12-23:10:45:26,550 INFO     [psi4.optking.history:280] 	Using 4 previous steps for update.
2025-12-23:10:45:26,550 WARNING  [psi4.optking.history:301] 	Change in internal coordinate of 6.35e-01 exceeds limit of 5.00e-01.
2025-12-23:10:45:26,550 WARNING  [psi4.optking.history:306] 	Skipping Hessian update for step 3.
2025-12-23:10:45:26,550 WARNING  [psi4.optking.history:301] 	Change in internal coordinate of 9.65e-01 exceeds limit of 5.00e-01.
2025-12-23:10:45:26,550 WARNING  [psi4.optking.history:306] 	Skipping Hessian update for step 2.
2025-12-23:10:45:26,550 WARNING  [psi4.optking.history:301] 	Change in internal coordinate of 1.45e+00 exceeds limit of 5.00e-01.
2025-12-23:10:45:26,550 WARNING  [psi4.optking.history:306] 	Skipping Hessian update for step 1.
2025-12-23:10:45:26,550 INFO     [psi4.optking.history:317] 	Steps to be used in Hessian update:  4

2025-12-23:10:45:26,550 INFO     [psi4.optking.history:418] 	Updated Hessian (in au) 
 	   0.165270

2025-12-23:10:45:26,551 INFO     [psi4.optking.molsys:944] Projected (PHP) Hessian matrix
	   0.165270

2025-12-23:10:45:26,551 INFO     [psi4.optking.opt_helper:182] 
	         Geometry (au)                                       Gradient (au)
   0.0000000000   0.0000000000   2.5595540399		  -0.0000000000   0.0000000000  -0.0263168340
   0.0000000000   0.0000000000  -1.1537946028		   0.0000000000   0.0000000000   0.0262821567

2025-12-23:10:45:26,551 INFO     [psi4.optking.stepAlgorithms:368] 	Current Step Report 
 
	Current energy:      -141.5978335164
	Energy change for the previous step:
		Actual       :        -0.0125646163
		Projected    :        -0.0093860421

2025-12-23:10:45:26,551 INFO     [psi4.optking.stepAlgorithms:371] 	Energy ratio =    1.33865
2025-12-23:10:45:26,551 INFO     [psi4.optking.stepAlgorithms:929] 	Using RFO solution 1.
2025-12-23:10:45:26,551 INFO     [psi4.optking.displace:100] 	Determining Cartesian step for fragment 1.
2025-12-23:10:45:26,551 INFO     [psi4.optking.displace:415] 	Successfully converged to displaced geometry.
2025-12-23:10:45:26,551 INFO     [psi4.optking.displace:416] 	RMS(dx):  1.282e-16 	Max(dx):  2.220e-16 	RMS(dq):  4.441e-16
2025-12-23:10:45:26,551 INFO     [psi4.optking.displace:172] 

	        --- Internal Coordinate Step in ANG or DEG, aJ/ANG or AJ/DEG ---
	-------------------------------------------------------------------------------
	           Coordinate      Previous         Force          Change          New 
	           ----------      --------        ------          ------        ------
	               R(1,2)       1.96502        0.21667        0.08218       2.04720
	-------------------------------------------------------------------------------

2025-12-23:10:45:26,551 INFO     [psi4.optking.stepAlgorithms:113] 	|target step| :    0.1552929565
2025-12-23:10:45:26,551 INFO     [psi4.optking.stepAlgorithms:114] 	gradient     :   -0.0262994953
2025-12-23:10:45:26,551 INFO     [psi4.optking.stepAlgorithms:115] 	hessian      :    0.1652699507
2025-12-23:10:45:26,551 INFO     [psi4.optking.stepAlgorithms:113] 	|target step| :    0.1552929565
2025-12-23:10:45:26,551 INFO     [psi4.optking.stepAlgorithms:114] 	gradient     :   -0.0262994953
2025-12-23:10:45:26,551 INFO     [psi4.optking.stepAlgorithms:115] 	hessian      :    0.1652699507
2025-12-23:10:45:26,551 INFO     [psi4.optking.stepAlgorithms:206] 	Norm of achieved step-size    0.1552929565
2025-12-23:10:45:26,551 INFO     [psi4.optking.stepAlgorithms:208] 	Norm of achieved step-size (cart):    0.1098087026
2025-12-23:10:45:26,551 INFO     [psi4.optking.opt_helper:164] Molsys:

	                            ===> Fragment 1 <== 

	 Z (Atomic Numbers)          Masses                          Geom                  
	       4.000000             9.012183          0.00000000  0.00000000  2.63720052   
	      10.000000            19.992440          0.00000000  0.00000000 -1.23144108   

	 - Coordinate -           - BOHR/RAD -       - ANG/DEG -
	 R(1,2)           =         3.868642           2.047197

2025-12-23:10:45:26,552 INFO     [psi4.optking.convcheck:76] Performing convergence check.
2025-12-23:10:45:26,552 INFO     [psi4.optking.convcheck:282] 
	                                 ==> Convergence Check <==                                  
    
	Measures of convergence in internal coordinates in au.
    
	Criteria marked as inactive (o), active & met (*), and active & unmet ( ).

	----------------------------------------------------------------------------------------------
	   Step    Total Energy     Delta E     Max Force     RMS Force      Max Disp      RMS Disp   
	----------------------------------------------------------------------------------------------
	  Convergence Criteria     1.00e-06 *    3.00e-04 *             o    1.20e-03 *             o
	----------------------------------------------------------------------------------------------
	     5    -141.59783352   -1.26e-02      2.63e-02      2.63e-02 o    1.55e-01      1.55e-01 o  ~
	----------------------------------------------------------------------------------------------


2025-12-23:10:45:26,552 INFO     [psi4.optking.stepAlgorithms:296] 	Convergence check returned False
2025-12-23:10:45:26,562 INFO     [psi4.driver.task_planner:259] PLANNING Atomic:  keywords={'DAMPING_PERCENTAGE': 1.0, 'GEOM_MAXITER': 500, 'SCF__GUESS': 'READ', 'GUESS': 'SAP', 'MAXITER': 500, 'REFERENCE': 'UKS', 'function_kwargs': {}}
2025-12-23:10:45:26,563 INFO     [psi4.driver.driver:638] Compute gradient(): method=b3lyp, basis=cc-pvdz, molecule=default, nre=10.339546575804354
2025-12-23:10:45:26,866 INFO     [psi4.driver.driver:641] Return gradient(): -141.60036337411884
2025-12-23:10:45:26,866 INFO     [psi4.driver.driver:642] [[-0.00000000 -0.00000000 -0.00700099]
 [-0.00000000  0.00000000  0.00696595]]
2025-12-23:10:45:26,868 INFO     [psi4.optking.history:269] 	Performing BFGS update.
2025-12-23:10:45:26,868 INFO     [psi4.optking.history:280] 	Using 4 previous steps for update.
2025-12-23:10:45:26,868 WARNING  [psi4.optking.history:301] 	Change in internal coordinate of 7.91e-01 exceeds limit of 5.00e-01.
2025-12-23:10:45:26,868 WARNING  [psi4.optking.history:306] 	Skipping Hessian update for step 3.
2025-12-23:10:45:26,868 WARNING  [psi4.optking.history:301] 	Change in internal coordinate of 1.12e+00 exceeds limit of 5.00e-01.
2025-12-23:10:45:26,868 WARNING  [psi4.optking.history:306] 	Skipping Hessian update for step 2.
2025-12-23:10:45:26,868 WARNING  [psi4.optking.history:301] 	Change in internal coordinate of 1.60e+00 exceeds limit of 5.00e-01.
2025-12-23:10:45:26,868 WARNING  [psi4.optking.history:306] 	Skipping Hessian update for step 1.
2025-12-23:10:45:26,868 INFO     [psi4.optking.history:317] 	Steps to be used in Hessian update:  5 4

2025-12-23:10:45:26,868 INFO     [psi4.optking.history:418] 	Updated Hessian (in au) 
 	   0.150225

2025-12-23:10:45:26,869 INFO     [psi4.optking.molsys:944] Projected (PHP) Hessian matrix
	   0.150225

2025-12-23:10:45:26,869 INFO     [psi4.optking.opt_helper:182] 
	         Geometry (au)                                       Gradient (au)
   0.0000000000   0.0000000000   2.6665950835		  -0.0000000000  -0.0000000000  -0.0070009944
   0.0000000000   0.0000000000  -1.2020465157		  -0.0000000000   0.0000000000   0.0069659464

2025-12-23:10:45:26,869 INFO     [psi4.optking.stepAlgorithms:368] 	Current Step Report 
 
	Current energy:      -141.6003633741
	Energy change for the previous step:
		Actual       :        -0.0025298577
		Projected    :        -0.0020420632

2025-12-23:10:45:26,869 INFO     [psi4.optking.stepAlgorithms:371] 	Energy ratio =    1.23887
2025-12-23:10:45:26,869 INFO     [psi4.optking.stepAlgorithms:929] 	Using RFO solution 1.
2025-12-23:10:45:26,869 INFO     [psi4.optking.displace:100] 	Determining Cartesian step for fragment 1.
2025-12-23:10:45:26,869 INFO     [psi4.optking.displace:415] 	Successfully converged to displaced geometry.
2025-12-23:10:45:26,869 INFO     [psi4.optking.displace:416] 	RMS(dx):  0.000e+00 	Max(dx):  0.000e+00 	RMS(dq):  0.000e+00
2025-12-23:10:45:26,869 INFO     [psi4.optking.displace:172] 

	        --- Internal Coordinate Step in ANG or DEG, aJ/ANG or AJ/DEG ---
	-------------------------------------------------------------------------------
	           Coordinate      Previous         Force          Change          New 
	           ----------      --------        ------          ------        ------
	               R(1,2)       2.04720        0.05753        0.02455       2.07174
	-------------------------------------------------------------------------------

2025-12-23:10:45:26,869 INFO     [psi4.optking.stepAlgorithms:113] 	|target step| :    0.0463867395
2025-12-23:10:45:26,869 INFO     [psi4.optking.stepAlgorithms:114] 	gradient     :   -0.0069834704
2025-12-23:10:45:26,869 INFO     [psi4.optking.stepAlgorithms:115] 	hessian      :    0.1502249120
2025-12-23:10:45:26,869 INFO     [psi4.optking.stepAlgorithms:113] 	|target step| :    0.0463867395
2025-12-23:10:45:26,869 INFO     [psi4.optking.stepAlgorithms:114] 	gradient     :   -0.0069834704
2025-12-23:10:45:26,869 INFO     [psi4.optking.stepAlgorithms:115] 	hessian      :    0.1502249120
2025-12-23:10:45:26,869 INFO     [psi4.optking.stepAlgorithms:206] 	Norm of achieved step-size    0.0463867395
2025-12-23:10:45:26,869 INFO     [psi4.optking.stepAlgorithms:208] 	Norm of achieved step-size (cart):    0.0328003781
2025-12-23:10:45:26,869 INFO     [psi4.optking.opt_helper:164] Molsys:

	                            ===> Fragment 1 <== 

	 Z (Atomic Numbers)          Masses                          Geom                  
	       4.000000             9.012183          0.00000000  0.00000000  2.68978845   
	      10.000000            19.992440          0.00000000  0.00000000 -1.22523989   

	 - Coordinate -           - BOHR/RAD -       - ANG/DEG -
	 R(1,2)           =         3.915028           2.071744

2025-12-23:10:45:26,870 INFO     [psi4.optking.convcheck:76] Performing convergence check.
2025-12-23:10:45:26,870 INFO     [psi4.optking.convcheck:282] 
	                                 ==> Convergence Check <==                                  
    
	Measures of convergence in internal coordinates in au.
    
	Criteria marked as inactive (o), active & met (*), and active & unmet ( ).

	----------------------------------------------------------------------------------------------
	   Step    Total Energy     Delta E     Max Force     RMS Force      Max Disp      RMS Disp   
	----------------------------------------------------------------------------------------------
	  Convergence Criteria     1.00e-06 *    3.00e-04 *             o    1.20e-03 *             o
	----------------------------------------------------------------------------------------------
	     6    -141.60036337   -2.53e-03      6.98e-03      6.98e-03 o    4.64e-02      4.64e-02 o  ~
	----------------------------------------------------------------------------------------------


2025-12-23:10:45:26,870 INFO     [psi4.optking.stepAlgorithms:296] 	Convergence check returned False
2025-12-23:10:45:26,880 INFO     [psi4.driver.task_planner:259] PLANNING Atomic:  keywords={'DAMPING_PERCENTAGE': 1.0, 'GEOM_MAXITER': 500, 'SCF__GUESS': 'READ', 'GUESS': 'SAP', 'MAXITER': 500, 'REFERENCE': 'UKS', 'function_kwargs': {}}
2025-12-23:10:45:26,881 INFO     [psi4.driver.driver:638] Compute gradient(): method=b3lyp, basis=cc-pvdz, molecule=default, nre=10.21703970937844
2025-12-23:10:45:27,163 INFO     [psi4.driver.driver:641] Return gradient(): -141.60056951722692
2025-12-23:10:45:27,163 INFO     [psi4.driver.driver:642] [[ 0.00000000 -0.00000000 -0.00199597]
 [-0.00000000  0.00000000  0.00195869]]
2025-12-23:10:45:27,165 INFO     [psi4.optking.history:269] 	Performing BFGS update.
2025-12-23:10:45:27,165 INFO     [psi4.optking.history:280] 	Using 4 previous steps for update.
2025-12-23:10:45:27,165 WARNING  [psi4.optking.history:301] 	Change in internal coordinate of 8.37e-01 exceeds limit of 5.00e-01.
2025-12-23:10:45:27,165 WARNING  [psi4.optking.history:306] 	Skipping Hessian update for step 3.
2025-12-23:10:45:27,165 WARNING  [psi4.optking.history:301] 	Change in internal coordinate of 1.17e+00 exceeds limit of 5.00e-01.
2025-12-23:10:45:27,165 WARNING  [psi4.optking.history:306] 	Skipping Hessian update for step 2.
2025-12-23:10:45:27,165 WARNING  [psi4.optking.history:301] 	Change in internal coordinate of 1.65e+00 exceeds limit of 5.00e-01.
2025-12-23:10:45:27,165 WARNING  [psi4.optking.history:306] 	Skipping Hessian update for step 1.
2025-12-23:10:45:27,165 INFO     [psi4.optking.history:317] 	Steps to be used in Hessian update:  6 5 4

2025-12-23:10:45:27,166 INFO     [psi4.optking.history:418] 	Updated Hessian (in au) 
 	   0.146036

2025-12-23:10:45:27,166 INFO     [psi4.optking.molsys:944] Projected (PHP) Hessian matrix
	   0.146036

2025-12-23:10:45:27,166 INFO     [psi4.optking.opt_helper:182] 
	         Geometry (au)                                       Gradient (au)
   0.0000000000   0.0000000000   2.6985687488		   0.0000000000  -0.0000000000  -0.0019959711
   0.0000000000   0.0000000000  -1.2164595899		  -0.0000000000   0.0000000000   0.0019586926

2025-12-23:10:45:27,166 INFO     [psi4.optking.stepAlgorithms:368] 	Current Step Report 
 
	Current energy:      -141.6005695172
	Energy change for the previous step:
		Actual       :        -0.0002061431
		Projected    :        -0.0001619702

2025-12-23:10:45:27,166 INFO     [psi4.optking.stepAlgorithms:371] 	Energy ratio =    1.27272
2025-12-23:10:45:27,166 INFO     [psi4.optking.stepAlgorithms:929] 	Using RFO solution 1.
2025-12-23:10:45:27,166 INFO     [psi4.optking.displace:100] 	Determining Cartesian step for fragment 1.
2025-12-23:10:45:27,166 INFO     [psi4.optking.displace:415] 	Successfully converged to displaced geometry.
2025-12-23:10:45:27,166 INFO     [psi4.optking.displace:416] 	RMS(dx):  0.000e+00 	Max(dx):  0.000e+00 	RMS(dq):  0.000e+00
2025-12-23:10:45:27,166 INFO     [psi4.optking.displace:172] 

	        --- Internal Coordinate Step in ANG or DEG, aJ/ANG or AJ/DEG ---
	-------------------------------------------------------------------------------
	           Coordinate      Previous         Force          Change          New 
	           ----------      --------        ------          ------        ------
	               R(1,2)       2.07174        0.01629        0.00716       2.07891
	-------------------------------------------------------------------------------

2025-12-23:10:45:27,166 INFO     [psi4.optking.stepAlgorithms:113] 	|target step| :    0.0135375907
2025-12-23:10:45:27,166 INFO     [psi4.optking.stepAlgorithms:114] 	gradient     :   -0.0019773319
2025-12-23:10:45:27,166 INFO     [psi4.optking.stepAlgorithms:115] 	hessian      :    0.1460355495
2025-12-23:10:45:27,166 INFO     [psi4.optking.stepAlgorithms:113] 	|target step| :    0.0135375907
2025-12-23:10:45:27,166 INFO     [psi4.optking.stepAlgorithms:114] 	gradient     :   -0.0019773319
2025-12-23:10:45:27,166 INFO     [psi4.optking.stepAlgorithms:115] 	hessian      :    0.1460355495
2025-12-23:10:45:27,166 INFO     [psi4.optking.stepAlgorithms:206] 	Norm of achieved step-size    0.0135375907
2025-12-23:10:45:27,166 INFO     [psi4.optking.stepAlgorithms:208] 	Norm of achieved step-size (cart):    0.0095725222
2025-12-23:10:45:27,167 INFO     [psi4.optking.opt_helper:164] Molsys:

	                            ===> Fragment 1 <== 

	 Z (Atomic Numbers)          Masses                          Geom                  
	       4.000000             9.012183          0.00000000  0.00000000  2.70533754   
	      10.000000            19.992440          0.00000000  0.00000000 -1.22322839   

	 - Coordinate -           - BOHR/RAD -       - ANG/DEG -
	 R(1,2)           =         3.928566           2.078908

2025-12-23:10:45:27,167 INFO     [psi4.optking.convcheck:76] Performing convergence check.
2025-12-23:10:45:27,167 INFO     [psi4.optking.convcheck:282] 
	                                 ==> Convergence Check <==                                  
    
	Measures of convergence in internal coordinates in au.
    
	Criteria marked as inactive (o), active & met (*), and active & unmet ( ).

	----------------------------------------------------------------------------------------------
	   Step    Total Energy     Delta E     Max Force     RMS Force      Max Disp      RMS Disp   
	----------------------------------------------------------------------------------------------
	  Convergence Criteria     1.00e-06 *    3.00e-04 *             o    1.20e-03 *             o
	----------------------------------------------------------------------------------------------
	     7    -141.60056952   -2.06e-04      1.98e-03      1.98e-03 o    1.35e-02      1.35e-02 o  ~
	----------------------------------------------------------------------------------------------


2025-12-23:10:45:27,167 INFO     [psi4.optking.stepAlgorithms:296] 	Convergence check returned False
2025-12-23:10:45:27,178 INFO     [psi4.driver.task_planner:259] PLANNING Atomic:  keywords={'DAMPING_PERCENTAGE': 1.0, 'GEOM_MAXITER': 500, 'SCF__GUESS': 'READ', 'GUESS': 'SAP', 'MAXITER': 500, 'REFERENCE': 'UKS', 'function_kwargs': {}}
2025-12-23:10:45:27,179 INFO     [psi4.driver.driver:638] Compute gradient(): method=b3lyp, basis=cc-pvdz, molecule=default, nre=10.181832434112009
2025-12-23:10:45:27,468 INFO     [psi4.driver.driver:641] Return gradient(): -141.60058663506643
2025-12-23:10:45:27,468 INFO     [psi4.driver.driver:642] [[ 0.00000000 -0.00000000 -0.00059627]
 [ 0.00000000 -0.00000000  0.00055835]]
2025-12-23:10:45:27,470 INFO     [psi4.optking.history:269] 	Performing BFGS update.
2025-12-23:10:45:27,470 INFO     [psi4.optking.history:280] 	Using 4 previous steps for update.
2025-12-23:10:45:27,470 INFO     [psi4.optking.history:317] 	Steps to be used in Hessian update:  7 6 5 4

2025-12-23:10:45:27,470 INFO     [psi4.optking.history:418] 	Updated Hessian (in au) 
 	   0.144838

2025-12-23:10:45:27,470 INFO     [psi4.optking.molsys:944] Projected (PHP) Hessian matrix
	   0.144838

2025-12-23:10:45:27,470 INFO     [psi4.optking.opt_helper:182] 
	         Geometry (au)                                       Gradient (au)
   0.0000000000   0.0000000000   2.7079000017		   0.0000000000  -0.0000000000  -0.0005962677
   0.0000000000   0.0000000000  -1.2206659278		   0.0000000000  -0.0000000000   0.0005583489

2025-12-23:10:45:27,470 INFO     [psi4.optking.stepAlgorithms:368] 	Current Step Report 
 
	Current energy:      -141.6005866351
	Energy change for the previous step:
		Actual       :        -0.0000171178
		Projected    :        -0.0000133842

2025-12-23:10:45:27,470 INFO     [psi4.optking.stepAlgorithms:371] 	Energy ratio =    1.27896
2025-12-23:10:45:27,470 INFO     [psi4.optking.stepAlgorithms:929] 	Using RFO solution 1.
2025-12-23:10:45:27,470 INFO     [psi4.optking.displace:100] 	Determining Cartesian step for fragment 1.
2025-12-23:10:45:27,471 INFO     [psi4.optking.displace:415] 	Successfully converged to displaced geometry.
2025-12-23:10:45:27,471 INFO     [psi4.optking.displace:416] 	RMS(dx):  0.000e+00 	Max(dx):  0.000e+00 	RMS(dq):  0.000e+00
2025-12-23:10:45:27,471 INFO     [psi4.optking.displace:172] 

	        --- Internal Coordinate Step in ANG or DEG, aJ/ANG or AJ/DEG ---
	-------------------------------------------------------------------------------
	           Coordinate      Previous         Force          Change          New 
	           ----------      --------        ------          ------        ------
	               R(1,2)       2.07891        0.00476        0.00211       2.08102
	-------------------------------------------------------------------------------

2025-12-23:10:45:27,471 INFO     [psi4.optking.stepAlgorithms:113] 	|target step| :    0.0039858151
2025-12-23:10:45:27,471 INFO     [psi4.optking.stepAlgorithms:114] 	gradient     :   -0.0005773083
2025-12-23:10:45:27,471 INFO     [psi4.optking.stepAlgorithms:115] 	hessian      :    0.1448384159
2025-12-23:10:45:27,471 INFO     [psi4.optking.stepAlgorithms:113] 	|target step| :    0.0039858151
2025-12-23:10:45:27,471 INFO     [psi4.optking.stepAlgorithms:114] 	gradient     :   -0.0005773083
2025-12-23:10:45:27,471 INFO     [psi4.optking.stepAlgorithms:115] 	hessian      :    0.1448384159
2025-12-23:10:45:27,471 INFO     [psi4.optking.stepAlgorithms:206] 	Norm of achieved step-size    0.0039858151
2025-12-23:10:45:27,471 INFO     [psi4.optking.stepAlgorithms:208] 	Norm of achieved step-size (cart):    0.0028183969
2025-12-23:10:45:27,471 INFO     [psi4.optking.opt_helper:164] Molsys:

	                            ===> Fragment 1 <== 

	 Z (Atomic Numbers)          Masses                          Geom                  
	       4.000000             9.012183          0.00000000  0.00000000  2.70989291   
	      10.000000            19.992440          0.00000000  0.00000000 -1.22265884   

	 - Coordinate -           - BOHR/RAD -       - ANG/DEG -
	 R(1,2)           =         3.932552           2.081017

2025-12-23:10:45:27,471 INFO     [psi4.optking.convcheck:76] Performing convergence check.
2025-12-23:10:45:27,471 INFO     [psi4.optking.convcheck:282] 
	                                 ==> Convergence Check <==                                  
    
	Measures of convergence in internal coordinates in au.
    
	Criteria marked as inactive (o), active & met (*), and active & unmet ( ).

	----------------------------------------------------------------------------------------------
	   Step    Total Energy     Delta E     Max Force     RMS Force      Max Disp      RMS Disp   
	----------------------------------------------------------------------------------------------
	  Convergence Criteria     1.00e-06 *    3.00e-04 *             o    1.20e-03 *             o
	----------------------------------------------------------------------------------------------
	     8    -141.60058664   -1.71e-05      5.77e-04      5.77e-04 o    3.99e-03      3.99e-03 o  ~
	----------------------------------------------------------------------------------------------


2025-12-23:10:45:27,471 INFO     [psi4.optking.stepAlgorithms:296] 	Convergence check returned False
2025-12-23:10:45:27,481 INFO     [psi4.driver.task_planner:259] PLANNING Atomic:  keywords={'DAMPING_PERCENTAGE': 1.0, 'GEOM_MAXITER': 500, 'SCF__GUESS': 'READ', 'GUESS': 'SAP', 'MAXITER': 500, 'REFERENCE': 'UKS', 'function_kwargs': {}}
2025-12-23:10:45:27,482 INFO     [psi4.driver.driver:638] Compute gradient(): method=b3lyp, basis=cc-pvdz, molecule=default, nre=10.17151269675106
2025-12-23:10:45:27,765 INFO     [psi4.driver.driver:641] Return gradient(): -141.60058807740205
2025-12-23:10:45:27,765 INFO     [psi4.driver.driver:642] [[ 0.00000000  0.00000000 -0.00018928]
 [ 0.00000000 -0.00000000  0.00015122]]
2025-12-23:10:45:27,767 INFO     [psi4.optking.history:269] 	Performing BFGS update.
2025-12-23:10:45:27,767 INFO     [psi4.optking.history:280] 	Using 4 previous steps for update.
2025-12-23:10:45:27,767 INFO     [psi4.optking.history:317] 	Steps to be used in Hessian update:  8 7 6 5

2025-12-23:10:45:27,767 INFO     [psi4.optking.history:418] 	Updated Hessian (in au) 
 	   0.119201

2025-12-23:10:45:27,767 INFO     [psi4.optking.molsys:944] Projected (PHP) Hessian matrix
	   0.119201

2025-12-23:10:45:27,767 INFO     [psi4.optking.opt_helper:182] 
	         Geometry (au)                                       Gradient (au)
   0.0000000000   0.0000000000   2.7106473626		   0.0000000000   0.0000000000  -0.0001892838
   0.0000000000   0.0000000000  -1.2219043819		   0.0000000000  -0.0000000000   0.0001512244

2025-12-23:10:45:27,767 INFO     [psi4.optking.stepAlgorithms:368] 	Current Step Report 
 
	Current energy:      -141.6005880774
	Energy change for the previous step:
		Actual       :        -0.0000014423
		Projected    :        -0.0000011505

2025-12-23:10:45:27,767 INFO     [psi4.optking.stepAlgorithms:371] 	Energy ratio =    1.25364
2025-12-23:10:45:27,767 INFO     [psi4.optking.stepAlgorithms:929] 	Using RFO solution 1.
2025-12-23:10:45:27,768 INFO     [psi4.optking.displace:100] 	Determining Cartesian step for fragment 1.
2025-12-23:10:45:27,768 INFO     [psi4.optking.displace:415] 	Successfully converged to displaced geometry.
2025-12-23:10:45:27,768 INFO     [psi4.optking.displace:416] 	RMS(dx):  0.000e+00 	Max(dx):  0.000e+00 	RMS(dq):  0.000e+00
2025-12-23:10:45:27,768 INFO     [psi4.optking.displace:172] 

	        --- Internal Coordinate Step in ANG or DEG, aJ/ANG or AJ/DEG ---
	-------------------------------------------------------------------------------
	           Coordinate      Previous         Force          Change          New 
	           ----------      --------        ------          ------        ------
	               R(1,2)       2.08102        0.00140        0.00076       2.08177
	-------------------------------------------------------------------------------

2025-12-23:10:45:27,768 INFO     [psi4.optking.stepAlgorithms:113] 	|target step| :    0.0014282907
2025-12-23:10:45:27,768 INFO     [psi4.optking.stepAlgorithms:114] 	gradient     :   -0.0001702541
2025-12-23:10:45:27,768 INFO     [psi4.optking.stepAlgorithms:115] 	hessian      :    0.1192010561
2025-12-23:10:45:27,768 INFO     [psi4.optking.stepAlgorithms:113] 	|target step| :    0.0014282907
2025-12-23:10:45:27,768 INFO     [psi4.optking.stepAlgorithms:114] 	gradient     :   -0.0001702541
2025-12-23:10:45:27,768 INFO     [psi4.optking.stepAlgorithms:115] 	hessian      :    0.1192010561
2025-12-23:10:45:27,768 INFO     [psi4.optking.stepAlgorithms:206] 	Norm of achieved step-size    0.0014282907
2025-12-23:10:45:27,768 INFO     [psi4.optking.stepAlgorithms:208] 	Norm of achieved step-size (cart):    0.0010099540
2025-12-23:10:45:27,768 INFO     [psi4.optking.opt_helper:164] Molsys:

	                            ===> Fragment 1 <== 

	 Z (Atomic Numbers)          Masses                          Geom                  
	       4.000000             9.012183          0.00000000  0.00000000  2.71136151   
	      10.000000            19.992440          0.00000000  0.00000000 -1.22261853   

	 - Coordinate -           - BOHR/RAD -       - ANG/DEG -
	 R(1,2)           =         3.933980           2.081773

2025-12-23:10:45:27,768 INFO     [psi4.optking.convcheck:76] Performing convergence check.
2025-12-23:10:45:27,768 INFO     [psi4.optking.convcheck:282] 
	                                 ==> Convergence Check <==                                  
    
	Measures of convergence in internal coordinates in au.
    
	Criteria marked as inactive (o), active & met (*), and active & unmet ( ).

	----------------------------------------------------------------------------------------------
	   Step    Total Energy     Delta E     Max Force     RMS Force      Max Disp      RMS Disp   
	----------------------------------------------------------------------------------------------
	  Convergence Criteria     1.00e-06 *    3.00e-04 *             o    1.20e-03 *             o
	----------------------------------------------------------------------------------------------
	     9    -141.60058808   -1.44e-06      1.70e-04 *    1.70e-04 o    1.43e-03      1.43e-03 o  ~
	----------------------------------------------------------------------------------------------


2025-12-23:10:45:27,768 INFO     [psi4.optking.stepAlgorithms:296] 	Convergence check returned False
2025-12-23:10:45:27,779 INFO     [psi4.driver.task_planner:259] PLANNING Atomic:  keywords={'DAMPING_PERCENTAGE': 1.0, 'GEOM_MAXITER': 500, 'SCF__GUESS': 'READ', 'GUESS': 'SAP', 'MAXITER': 500, 'REFERENCE': 'UKS', 'function_kwargs': {}}
2025-12-23:10:45:27,780 INFO     [psi4.driver.driver:638] Compute gradient(): method=b3lyp, basis=cc-pvdz, molecule=default, nre=10.167819775924965
2025-12-23:10:45:28,67 INFO     [psi4.driver.driver:641] Return gradient(): -141.60058820446278
2025-12-23:10:45:28,67 INFO     [psi4.driver.driver:642] [[-0.00000000 -0.00000000 -0.00004401]
 [ 0.00000000 -0.00000000  0.00000591]]
2025-12-23:10:45:28,68 INFO     [psi4.optking.history:269] 	Performing BFGS update.
2025-12-23:10:45:28,68 INFO     [psi4.optking.history:280] 	Using 4 previous steps for update.
2025-12-23:10:45:28,69 INFO     [psi4.optking.history:317] 	Steps to be used in Hessian update:  9 8 7 6

2025-12-23:10:45:28,69 INFO     [psi4.optking.history:418] 	Updated Hessian (in au) 
 	   0.106500

2025-12-23:10:45:28,69 INFO     [psi4.optking.molsys:944] Projected (PHP) Hessian matrix
	   0.106500

2025-12-23:10:45:28,69 INFO     [psi4.optking.opt_helper:182] 
	         Geometry (au)                                       Gradient (au)
   0.0000000000   0.0000000000   2.7116318614		  -0.0000000000  -0.0000000000  -0.0000440082
   0.0000000000   0.0000000000  -1.2223481738		   0.0000000000  -0.0000000000   0.0000059056

2025-12-23:10:45:28,69 INFO     [psi4.optking.stepAlgorithms:368] 	Current Step Report 
 
	Current energy:      -141.6005882045
	Energy change for the previous step:
		Actual       :        -0.0000001271
		Projected    :        -0.0000001216

2025-12-23:10:45:28,69 INFO     [psi4.optking.stepAlgorithms:371] 	Energy ratio =    1.04503
2025-12-23:10:45:28,69 INFO     [psi4.optking.stepAlgorithms:929] 	Using RFO solution 1.
2025-12-23:10:45:28,69 INFO     [psi4.optking.displace:100] 	Determining Cartesian step for fragment 1.
2025-12-23:10:45:28,69 INFO     [psi4.optking.displace:415] 	Successfully converged to displaced geometry.
2025-12-23:10:45:28,69 INFO     [psi4.optking.displace:416] 	RMS(dx):  0.000e+00 	Max(dx):  0.000e+00 	RMS(dq):  0.000e+00
2025-12-23:10:45:28,70 INFO     [psi4.optking.displace:172] 

	        --- Internal Coordinate Step in ANG or DEG, aJ/ANG or AJ/DEG ---
	-------------------------------------------------------------------------------
	           Coordinate      Previous         Force          Change          New 
	           ----------      --------        ------          ------        ------
	               R(1,2)       2.08177        0.00021        0.00012       2.08190
	-------------------------------------------------------------------------------

2025-12-23:10:45:28,70 INFO     [psi4.optking.stepAlgorithms:113] 	|target step| :    0.0002343376
2025-12-23:10:45:28,70 INFO     [psi4.optking.stepAlgorithms:114] 	gradient     :   -0.0000249569
2025-12-23:10:45:28,70 INFO     [psi4.optking.stepAlgorithms:115] 	hessian      :    0.1064995426
2025-12-23:10:45:28,70 INFO     [psi4.optking.stepAlgorithms:113] 	|target step| :    0.0002343376
2025-12-23:10:45:28,70 INFO     [psi4.optking.stepAlgorithms:114] 	gradient     :   -0.0000249569
2025-12-23:10:45:28,70 INFO     [psi4.optking.stepAlgorithms:115] 	hessian      :    0.1064995426
2025-12-23:10:45:28,70 INFO     [psi4.optking.stepAlgorithms:206] 	Norm of achieved step-size    0.0002343376
2025-12-23:10:45:28,70 INFO     [psi4.optking.stepAlgorithms:208] 	Norm of achieved step-size (cart):    0.0001657017
2025-12-23:10:45:28,70 INFO     [psi4.optking.opt_helper:164] Molsys:

	                            ===> Fragment 1 <== 

	 Z (Atomic Numbers)          Masses                          Geom                  
	       4.000000             9.012183          0.00000000  0.00000000  2.71174903   
	      10.000000            19.992440          0.00000000  0.00000000 -1.22246534   

	 - Coordinate -           - BOHR/RAD -       - ANG/DEG -
	 R(1,2)           =         3.934214           2.081897

2025-12-23:10:45:28,70 INFO     [psi4.optking.convcheck:76] Performing convergence check.
2025-12-23:10:45:28,70 INFO     [psi4.optking.convcheck:282] 
	                                 ==> Convergence Check <==                                  
    
	Measures of convergence in internal coordinates in au.
    
	Criteria marked as inactive (o), active & met (*), and active & unmet ( ).

	----------------------------------------------------------------------------------------------
	   Step    Total Energy     Delta E     Max Force     RMS Force      Max Disp      RMS Disp   
	----------------------------------------------------------------------------------------------
	  Convergence Criteria     1.00e-06 *    3.00e-04 *             o    1.20e-03 *             o
	----------------------------------------------------------------------------------------------
	    10    -141.60058820   -1.27e-07 *    2.50e-05 *    2.50e-05 o    2.34e-04 *    2.34e-04 o  ~
	----------------------------------------------------------------------------------------------


2025-12-23:10:45:28,70 INFO     [psi4.optking.convcheck:206] 
	                      ===> Final Convergence Report <===                     

	----------------------------------------------------------------------------
	|   Required Criteria    |  One or More Criteria  |   Alternate Criteria   |
	----------------------------------------------------------------------------
	| [x]     max_force      | [x]       max_DE       |                        |
	|                        | [x]      max_disp      |                        |
	----------------------------------------------------------------------------


2025-12-23:10:45:28,70 INFO     [psi4.optking.stepAlgorithms:296] 	Convergence check returned True
2025-12-23:10:45:28,70 INFO     [psi4.optking.optimize:332] 	Converged in 10 steps!
2025-12-23:10:45:28,70 INFO     [psi4.optking.optimize:333] 	Final energy is   -141.6005882044628
2025-12-23:10:45:28,70 INFO     [psi4.optking.optimize:334] 	Final structure (Angstroms): 
	Fragment 1 (Ang)

	   Be   0.0000000000   0.0000000000   1.4349957878
	   Ne   0.0000000000   0.0000000000  -0.6469008002


2025-12-23:10:45:28,71 INFO     [psi4.optking.optimize:562] 	Optimization Finished

	==> Optimization Summary <==

        
	Measures of convergence in internal coordinates in au. (Any backward steps not shown.)
        
	---------------------------------------------------------------------------------------------------------------  ~
        
	 Step         Total Energy             Delta E       MAX Force       RMS Force        MAX Disp        RMS Disp   ~
        
	---------------------------------------------------------------------------------------------------------------  ~
        
	     1    -141.260619930827   -141.260619930827      0.65528110      0.65528110      0.48068760      0.48068760  ~
	     2    -141.471922815054     -0.211302884227      0.28492907      0.28492907      0.32963219      0.32963219  ~
	     3    -141.543873892171     -0.071951077117      0.16073334      0.16073334      0.36863531      0.36863531  ~
	     4    -141.585268900034     -0.041395007863      0.07038066      0.07038066      0.26672220      0.26672220  ~
	     5    -141.597833516380     -0.012564616346      0.02629950      0.02629950      0.15529296      0.15529296  ~
	     6    -141.600363374119     -0.002529857739      0.00698347      0.00698347      0.04638674      0.04638674  ~
	     7    -141.600569517227     -0.000206143108      0.00197733      0.00197733      0.01353759      0.01353759  ~
	     8    -141.600586635066     -0.000017117840      0.00057731      0.00057731      0.00398582      0.00398582  ~
	     9    -141.600588077402     -0.000001442336      0.00017025      0.00017025      0.00142829      0.00142829  ~
	    10    -141.600588204463     -0.000000127061      0.00002496      0.00002496      0.00023434      0.00023434  ~
	----------------------------------------------------------------------------------------------------------------


2025-12-23:10:45:28,71 INFO     [psi4.optking.optimize:806] Preparing OptimizationResult
