2025-12-23:10:53:16,885 WARNING  [psi4.optking:38] Some dependencies such as QCElemental have not yet finished migration to pydantic v2. If issues are encountered please downgrade pydantic or upgrade QCElemental as appropriate
2025-12-23:10:53:17,49 INFO     [psi4.optking.optwrapper:234] Creating a UserComputer
2025-12-23:10:53:17,49 INFO     [psi4.optking.optwrapper:242] 
    			-----------------------------------------

    			 OPTKING 3.0: for geometry optimizations 

    			     By R.A. King, Bethel University     

    			        with contributions from          

    			    A.V. Copan, J. Cayton, A. Heide      

    			-----------------------------------------

    
2025-12-23:10:53:17,49 INFO     [psi4.optking.optwrapper:272] 
		 -- Optimization Parameters --
	GEOM_MAXITER                   =             500
	ALG_GEOM_MAXITER               =              50
	PRINT                          =               1
	OPT_TYPE                       =             MIN
	STEP_TYPE                      =             RFO
	PROGRAM                        =            PSI4
	STEEPEST_DESCENT_TYPE          =         OVERLAP
	CONJUGATE_GRADIENT_TYPE        =        FLETCHER
	OPT_COORDINATES                =        INTERNAL
	RFO_FOLLOW_ROOT                =           False
	RFO_ROOT                       =               0
	ACCEPT_SYMMETRY_BREAKING       =           False
	DYNAMIC_LVL                    =               0
	DYNAMIC_LVL_MAX                =               0
	IRC_STEP_SIZE                  =             0.2
	IRC_DIRECTION                  =         FORWARD
	IRC_POINTS                     =              20
	IRC_MODE                       =          NORMAL
	IRC_CONVERGENCE                =            -0.7
	INTRAFRAG_STEP_LIMIT           =             0.5
	INTRAFRAG_STEP_LIMIT_MIN       =           0.001
	INTRAFRAG_STEP_LIMIT_MAX       =             1.0
	INTERFRAG_STEP_LIMIT           =             0.5
	INTERFRAG_STEP_LIMIT_MIN       =           0.001
	INTERFRAG_STEP_LIMIT_MAX       =             1.0
	ENSURE_BT_CONVERGENCE          =           False
	SIMPLE_STEP_SCALING            =           False
	CONSECUTIVE_BACKSTEPS          =               0
	RFO_NORMALIZATION_MAX          =             100
	RSRFO_ALPHA_MAX                =     100000000.0
	PRINT_TRAJECTORY_XYZ_FILE      =           False
	WRITE_TRAJECTORY               =           False
	FROZEN_DISTANCE                =                
	FROZEN_BEND                    =                
	FROZEN_DIHEDRAL                =                
	FROZEN_OOFP                    =                
	FROZEN_CARTESIAN               =                
	FREEZE_ALL_DIHEDRALS           =           False
	UNFREEZE_DIHEDRALS             =                
	RANGED_DISTANCE                =                
	RANGED_BEND                    =                
	RANGED_DIHEDRAL                =                
	RANGED_OOFP                    =                
	RANGED_CARTESIAN               =                
	EXT_FORCE_DISTANCE             =                
	EXT_FORCE_BEND                 =                
	EXT_FORCE_DIHEDRAL             =                
	EXT_FORCE_OOFP                 =                
	EXT_FORCE_CARTESIAN            =                
	G_CONVERGENCE                  =           QCHEM
	MAX_FORCE_G_CONVERGENCE        =          0.0003
	RMS_FORCE_G_CONVERGENCE        =          0.0003
	MAX_ENERGY_G_CONVERGENCE       =           1e-06
	MAX_DISP_G_CONVERGENCE         =          0.0012
	RMS_DISP_G_CONVERGENCE         =          0.0012
	FLEXIBLE_G_CONVERGENCE         =           False
	HESS_UPDATE                    =            BFGS
	HESS_UPDATE_USE_LAST           =               4
	HESS_UPDATE_LIMIT              =            True
	HESS_UPDATE_LIMIT_MAX          =             1.0
	HESS_UPDATE_LIMIT_SCALE        =             0.5
	HESS_UPDATE_DEN_TOL            =           1e-07
	HESS_UPDATE_DQ_TOL             =             0.5
	CART_HESS_READ                 =           False
	HESSIAN_FILE                   =               .
	FULL_HESS_EVERY                =              -1
	INTRAFRAG_HESS                 =        SCHLEGEL
	H_GUESS_EVERY                  =           False
	BT_MAX_ITER                    =              25
	BT_DX_CONV                     =           1e-07
	BT_DX_RMS_CHANGE_CONV          =           1e-12
	BT_PINV_RCOND                  =           1e-06
	FRAG_MODE                      =          SINGLE
	FRAG_REF_ATOMS                 =              []
	FREEZE_INTRAFRAG               =           False
	INTERFRAG_MODE                 =           FIXED
	ADD_AUXILIARY_BONDS            =           False
	AUXILIARY_BOND_FACTOR          =             2.5
	INTERFRAG_DIST_INV             =           False
	INTERFRAG_COLLINEAR_TOL        =            0.01
	INTERFRAG_COORDS               =              []
	INTERFRAG_HESS                 =         DEFAULT
	COVALENT_CONNECT               =             1.3
	INTERFRAGMENT_CONNECT          =             1.8
	H_BOND_CONNECT                 =             4.3
	INCLUDE_OOFP                   =           False
	TEST_B                         =           False
	TEST_DERIVATIVE_B              =           False
	LINESEARCH_STEP                =             0.1
	LINESEARCH                     =           False
	SD_HESSIAN                     =             1.0
	FIX_VAL_NEAR_PI                =            1.57
	V3D_TORS_ANGLE_LIM             =           0.017
	V3D_TORS_COS_TOL               =           1e-10
	LINEAR_BEND_THRESHOLD          =            3.05
	SMALL_BEND_FIX_THRESHOLD       =            0.35
	REDUNDANT_EVAL_TOL             =           1e-10
	LINEAR_ALGEBRA_TOL             =           1e-10


2025-12-23:10:53:17,191 INFO     [psi4.optking.opt_helper:164] Molsys:

	                            ===> Fragment 1 <== 

	 Z (Atomic Numbers)          Masses                          Geom                  
	       5.000000            11.009305          0.00000000  0.00000000  1.68682708   
	      16.000000            31.972071          0.00000000  0.00000000 -0.58084427   

	 - Coordinate -           - BOHR/RAD -       - ANG/DEG -
	 R(1,2)           =         2.267671           1.200000

2025-12-23:10:53:17,202 INFO     [psi4.driver.task_planner:259] PLANNING Atomic:  keywords={'DAMPING_PERCENTAGE': 1.0, 'GEOM_MAXITER': 500, 'GUESS': 'SAP', 'MAXITER': 500, 'REFERENCE': 'UKS', 'function_kwargs': {}}
2025-12-23:10:53:17,203 INFO     [psi4.driver.driver:638] Compute gradient(): method=b3lyp, basis=cc-pvdz, molecule=default, nre=35.27848071133334
2025-12-23:10:53:17,809 INFO     [psi4.driver.driver:641] Return gradient(): -422.29449802360216
2025-12-23:10:53:17,809 INFO     [psi4.driver.driver:642] [[-0.00000000 -0.00000000 -1.03707526]
 [ 0.00000000 -0.00000000  1.03710733]]
2025-12-23:10:53:17,811 INFO     [psi4.optking.molsys:944] Projected (PHP) Hessian matrix
	   4.182219

2025-12-23:10:53:17,811 INFO     [psi4.optking.opt_helper:182] 
	         Geometry (au)                                       Gradient (au)
   0.0000000000   0.0000000000   1.6868270787		  -0.0000000000  -0.0000000000  -1.0370752584
   0.0000000000   0.0000000000  -0.5808442718		   0.0000000000  -0.0000000000   1.0371073281

2025-12-23:10:53:17,811 INFO     [psi4.optking.stepAlgorithms:929] 	Using RFO solution 1.
2025-12-23:10:53:17,811 INFO     [psi4.optking.displace:100] 	Determining Cartesian step for fragment 1.
2025-12-23:10:53:17,812 INFO     [psi4.optking.displace:415] 	Successfully converged to displaced geometry.
2025-12-23:10:53:17,812 INFO     [psi4.optking.displace:416] 	RMS(dx):  0.000e+00 	Max(dx):  0.000e+00 	RMS(dq):  0.000e+00
2025-12-23:10:53:17,812 INFO     [psi4.optking.displace:172] 

	        --- Internal Coordinate Step in ANG or DEG, aJ/ANG or AJ/DEG ---
	-------------------------------------------------------------------------------
	           Coordinate      Previous         Force          Change          New 
	           ----------      --------        ------          ------        ------
	               R(1,2)       1.20000        8.54431        0.12402       1.32402
	-------------------------------------------------------------------------------

2025-12-23:10:53:17,812 INFO     [psi4.optking.stepAlgorithms:113] 	|target step| :    0.2343567282
2025-12-23:10:53:17,812 INFO     [psi4.optking.stepAlgorithms:114] 	gradient     :   -1.0370912932
2025-12-23:10:53:17,812 INFO     [psi4.optking.stepAlgorithms:115] 	hessian      :    4.1822185214
2025-12-23:10:53:17,812 INFO     [psi4.optking.stepAlgorithms:113] 	|target step| :    0.2343567282
2025-12-23:10:53:17,812 INFO     [psi4.optking.stepAlgorithms:114] 	gradient     :   -1.0370912932
2025-12-23:10:53:17,812 INFO     [psi4.optking.stepAlgorithms:115] 	hessian      :    4.1822185214
2025-12-23:10:53:17,812 INFO     [psi4.optking.stepAlgorithms:206] 	Norm of achieved step-size    0.2343567282
2025-12-23:10:53:17,812 INFO     [psi4.optking.stepAlgorithms:208] 	Norm of achieved step-size (cart):    0.1657152317
2025-12-23:10:53:17,812 INFO     [psi4.optking.opt_helper:164] Molsys:

	                            ===> Fragment 1 <== 

	 Z (Atomic Numbers)          Masses                          Geom                  
	       5.000000            11.009305          0.00000000  0.00000000  1.80400544   
	      16.000000            31.972071          0.00000000  0.00000000 -0.69802264   

	 - Coordinate -           - BOHR/RAD -       - ANG/DEG -
	 R(1,2)           =         2.502028           1.324016

2025-12-23:10:53:17,812 INFO     [psi4.optking.convcheck:76] Performing convergence check.
2025-12-23:10:53:17,812 INFO     [psi4.optking.convcheck:282] 
	                                 ==> Convergence Check <==                                  
    
	Measures of convergence in internal coordinates in au.
    
	Criteria marked as inactive (o), active & met (*), and active & unmet ( ).

	----------------------------------------------------------------------------------------------~
	   Step    Total Energy     Delta E     Max Force     RMS Force      Max Disp      RMS Disp   ~
	----------------------------------------------------------------------------------------------~
	  Convergence Criteria     1.00e-06 *    3.00e-04 *             o    1.20e-03 *             o~
	----------------------------------------------------------------------------------------------~
	     1    -422.29449802   -4.22e+02      1.04e+00      1.04e+00 o    2.34e-01      2.34e-01 o  ~
	----------------------------------------------------------------------------------------------


2025-12-23:10:53:17,812 INFO     [psi4.optking.stepAlgorithms:296] 	Convergence check returned False
2025-12-23:10:53:17,823 INFO     [psi4.driver.task_planner:259] PLANNING Atomic:  keywords={'DAMPING_PERCENTAGE': 1.0, 'GEOM_MAXITER': 500, 'SCF__GUESS': 'READ', 'GUESS': 'SAP', 'MAXITER': 500, 'REFERENCE': 'UKS', 'function_kwargs': {}}
2025-12-23:10:53:17,824 INFO     [psi4.driver.driver:638] Compute gradient(): method=b3lyp, basis=cc-pvdz, molecule=default, nre=31.974061634110367
2025-12-23:10:53:18,365 INFO     [psi4.driver.driver:641] Return gradient(): -422.4696116615158
2025-12-23:10:53:18,365 INFO     [psi4.driver.driver:642] [[ 0.00000000 -0.00000000 -0.50343143]
 [ 0.00000000  0.00000000  0.50343113]]
2025-12-23:10:53:18,367 INFO     [psi4.optking.history:269] 	Performing BFGS update.
2025-12-23:10:53:18,367 INFO     [psi4.optking.history:280] 	Using 1 previous steps for update.
2025-12-23:10:53:18,367 INFO     [psi4.optking.history:317] 	Steps to be used in Hessian update:  1

2025-12-23:10:53:18,367 INFO     [psi4.optking.history:418] 	Updated Hessian (in au) 
 	   2.277127

2025-12-23:10:53:18,367 INFO     [psi4.optking.molsys:944] Projected (PHP) Hessian matrix
	   2.277127

2025-12-23:10:53:18,367 INFO     [psi4.optking.opt_helper:182] 
	         Geometry (au)                                       Gradient (au)
   0.0000000000   0.0000000000   1.8611553716		   0.0000000000  -0.0000000000  -0.5034314338
   0.0000000000   0.0000000000  -0.6408727072		   0.0000000000   0.0000000000   0.5034311267

2025-12-23:10:53:18,367 INFO     [psi4.optking.stepAlgorithms:368] 	Current Step Report 
 
	Current energy:      -422.4696116615
	Energy change for the previous step:
		Actual       :        -0.1751136379
		Projected    :        -0.1215246612

2025-12-23:10:53:18,367 INFO     [psi4.optking.stepAlgorithms:371] 	Energy ratio =    1.44097
2025-12-23:10:53:18,367 INFO     [psi4.optking.stepAlgorithms:399] 	Energy ratio indicates good step.
2025-12-23:10:53:18,367 INFO     [psi4.optking.stepAlgorithms:400] 	Intrafrag trust radius increased to      1.
2025-12-23:10:53:18,368 INFO     [psi4.optking.stepAlgorithms:929] 	Using RFO solution 1.
2025-12-23:10:53:18,368 INFO     [psi4.optking.displace:100] 	Determining Cartesian step for fragment 1.
2025-12-23:10:53:18,368 INFO     [psi4.optking.displace:415] 	Successfully converged to displaced geometry.
2025-12-23:10:53:18,368 INFO     [psi4.optking.displace:416] 	RMS(dx):  1.282e-16 	Max(dx):  2.220e-16 	RMS(dq):  0.000e+00
2025-12-23:10:53:18,368 INFO     [psi4.optking.displace:172] 

	        --- Internal Coordinate Step in ANG or DEG, aJ/ANG or AJ/DEG ---
	-------------------------------------------------------------------------------
	           Coordinate      Previous         Force          Change          New 
	           ----------      --------        ------          ------        ------
	               R(1,2)       1.32402        4.14763        0.11177       1.43579
	-------------------------------------------------------------------------------

2025-12-23:10:53:18,368 INFO     [psi4.optking.stepAlgorithms:113] 	|target step| :    0.2112185970
2025-12-23:10:53:18,368 INFO     [psi4.optking.stepAlgorithms:114] 	gradient     :   -0.5034312802
2025-12-23:10:53:18,368 INFO     [psi4.optking.stepAlgorithms:115] 	hessian      :    2.2771269130
2025-12-23:10:53:18,368 INFO     [psi4.optking.stepAlgorithms:113] 	|target step| :    0.2112185970
2025-12-23:10:53:18,368 INFO     [psi4.optking.stepAlgorithms:114] 	gradient     :   -0.5034312802
2025-12-23:10:53:18,368 INFO     [psi4.optking.stepAlgorithms:115] 	hessian      :    2.2771269130
2025-12-23:10:53:18,368 INFO     [psi4.optking.stepAlgorithms:206] 	Norm of achieved step-size    0.2112185970
2025-12-23:10:53:18,368 INFO     [psi4.optking.stepAlgorithms:208] 	Norm of achieved step-size (cart):    0.1493541022
2025-12-23:10:53:18,368 INFO     [psi4.optking.opt_helper:164] Molsys:

	                            ===> Fragment 1 <== 

	 Z (Atomic Numbers)          Masses                          Geom                  
	       5.000000            11.009305          0.00000000  0.00000000  1.96676467   
	      16.000000            31.972071          0.00000000  0.00000000 -0.74648201   

	 - Coordinate -           - BOHR/RAD -       - ANG/DEG -
	 R(1,2)           =         2.713247           1.435788

2025-12-23:10:53:18,368 INFO     [psi4.optking.convcheck:76] Performing convergence check.
2025-12-23:10:53:18,368 INFO     [psi4.optking.convcheck:282] 
	                                 ==> Convergence Check <==                                  
    
	Measures of convergence in internal coordinates in au.
    
	Criteria marked as inactive (o), active & met (*), and active & unmet ( ).

	----------------------------------------------------------------------------------------------
	   Step    Total Energy     Delta E     Max Force     RMS Force      Max Disp      RMS Disp   
	----------------------------------------------------------------------------------------------
	  Convergence Criteria     1.00e-06 *    3.00e-04 *             o    1.20e-03 *             o
	----------------------------------------------------------------------------------------------
	     2    -422.46961166   -1.75e-01      5.03e-01      5.03e-01 o    2.11e-01      2.11e-01 o  ~
	----------------------------------------------------------------------------------------------


2025-12-23:10:53:18,368 INFO     [psi4.optking.stepAlgorithms:296] 	Convergence check returned False
2025-12-23:10:53:18,379 INFO     [psi4.driver.task_planner:259] PLANNING Atomic:  keywords={'DAMPING_PERCENTAGE': 1.0, 'GEOM_MAXITER': 500, 'SCF__GUESS': 'READ', 'GUESS': 'SAP', 'MAXITER': 500, 'REFERENCE': 'UKS', 'function_kwargs': {}}
2025-12-23:10:53:18,380 INFO     [psi4.driver.driver:638] Compute gradient(): method=b3lyp, basis=cc-pvdz, molecule=default, nre=29.484971166273468
2025-12-23:10:53:18,923 INFO     [psi4.driver.driver:641] Return gradient(): -422.5431185622413
2025-12-23:10:53:18,924 INFO     [psi4.driver.driver:642] [[ 0.00000000 -0.00000000 -0.21685557]
 [ 0.00000000 -0.00000000  0.21682997]]
2025-12-23:10:53:18,925 INFO     [psi4.optking.history:269] 	Performing BFGS update.
2025-12-23:10:53:18,926 INFO     [psi4.optking.history:280] 	Using 2 previous steps for update.
2025-12-23:10:53:18,926 INFO     [psi4.optking.history:317] 	Steps to be used in Hessian update:  2 1

2025-12-23:10:53:18,926 INFO     [psi4.optking.history:418] 	Updated Hessian (in au) 
 	   1.840875

2025-12-23:10:53:18,926 INFO     [psi4.optking.molsys:944] Projected (PHP) Hessian matrix
	   1.840875

2025-12-23:10:53:18,926 INFO     [psi4.optking.opt_helper:182] 
	         Geometry (au)                                       Gradient (au)
   0.0000000000   0.0000000000   2.0182721640		   0.0000000000  -0.0000000000  -0.2168555705
   0.0000000000   0.0000000000  -0.6949745117		   0.0000000000  -0.0000000000   0.2168299661

2025-12-23:10:53:18,926 INFO     [psi4.optking.stepAlgorithms:368] 	Current Step Report 
 
	Current energy:      -422.5431185622
	Energy change for the previous step:
		Actual       :        -0.0735069007
		Projected    :        -0.0531670243

2025-12-23:10:53:18,926 INFO     [psi4.optking.stepAlgorithms:371] 	Energy ratio =    1.38257
2025-12-23:10:53:18,926 INFO     [psi4.optking.stepAlgorithms:929] 	Using RFO solution 1.
2025-12-23:10:53:18,926 INFO     [psi4.optking.displace:100] 	Determining Cartesian step for fragment 1.
2025-12-23:10:53:18,927 INFO     [psi4.optking.displace:415] 	Successfully converged to displaced geometry.
2025-12-23:10:53:18,927 INFO     [psi4.optking.displace:416] 	RMS(dx):  1.282e-16 	Max(dx):  2.220e-16 	RMS(dq):  0.000e+00
2025-12-23:10:53:18,927 INFO     [psi4.optking.displace:172] 

	        --- Internal Coordinate Step in ANG or DEG, aJ/ANG or AJ/DEG ---
	-------------------------------------------------------------------------------
	           Coordinate      Previous         Force          Change          New 
	           ----------      --------        ------          ------        ------
	               R(1,2)       1.43579        1.78651        0.06149       1.49728
	-------------------------------------------------------------------------------

2025-12-23:10:53:18,927 INFO     [psi4.optking.stepAlgorithms:113] 	|target step| :    0.1162027359
2025-12-23:10:53:18,927 INFO     [psi4.optking.stepAlgorithms:114] 	gradient     :   -0.2168427683
2025-12-23:10:53:18,927 INFO     [psi4.optking.stepAlgorithms:115] 	hessian      :    1.8408751082
2025-12-23:10:53:18,927 INFO     [psi4.optking.stepAlgorithms:113] 	|target step| :    0.1162027359
2025-12-23:10:53:18,927 INFO     [psi4.optking.stepAlgorithms:114] 	gradient     :   -0.2168427683
2025-12-23:10:53:18,927 INFO     [psi4.optking.stepAlgorithms:115] 	hessian      :    1.8408751082
2025-12-23:10:53:18,927 INFO     [psi4.optking.stepAlgorithms:206] 	Norm of achieved step-size    0.1162027359
2025-12-23:10:53:18,927 INFO     [psi4.optking.stepAlgorithms:208] 	Norm of achieved step-size (cart):    0.0821677425
2025-12-23:10:53:18,927 INFO     [psi4.optking.opt_helper:164] Molsys:

	                            ===> Fragment 1 <== 

	 Z (Atomic Numbers)          Masses                          Geom                  
	       5.000000            11.009305          0.00000000  0.00000000  2.07637353   
	      16.000000            31.972071          0.00000000  0.00000000 -0.75307588   

	 - Coordinate -           - BOHR/RAD -       - ANG/DEG -
	 R(1,2)           =         2.829449           1.497280

2025-12-23:10:53:18,927 INFO     [psi4.optking.convcheck:76] Performing convergence check.
2025-12-23:10:53:18,927 INFO     [psi4.optking.convcheck:282] 
	                                 ==> Convergence Check <==                                  
    
	Measures of convergence in internal coordinates in au.
    
	Criteria marked as inactive (o), active & met (*), and active & unmet ( ).

	----------------------------------------------------------------------------------------------
	   Step    Total Energy     Delta E     Max Force     RMS Force      Max Disp      RMS Disp   
	----------------------------------------------------------------------------------------------
	  Convergence Criteria     1.00e-06 *    3.00e-04 *             o    1.20e-03 *             o
	----------------------------------------------------------------------------------------------
	     3    -422.54311856   -7.35e-02      2.17e-01      2.17e-01 o    1.16e-01      1.16e-01 o  ~
	----------------------------------------------------------------------------------------------


2025-12-23:10:53:18,927 INFO     [psi4.optking.stepAlgorithms:296] 	Convergence check returned False
2025-12-23:10:53:18,938 INFO     [psi4.driver.task_planner:259] PLANNING Atomic:  keywords={'DAMPING_PERCENTAGE': 1.0, 'GEOM_MAXITER': 500, 'SCF__GUESS': 'READ', 'GUESS': 'SAP', 'MAXITER': 500, 'REFERENCE': 'UKS', 'function_kwargs': {}}
2025-12-23:10:53:18,939 INFO     [psi4.driver.driver:638] Compute gradient(): method=b3lyp, basis=cc-pvdz, molecule=default, nre=28.2740520726957
2025-12-23:10:53:19,534 INFO     [psi4.driver.driver:641] Return gradient(): -422.56196331612296
2025-12-23:10:53:19,535 INFO     [psi4.driver.driver:642] [[ 0.00000000  0.00000000 -0.11269030]
 [ 0.00000000  0.00000000  0.11265994]]
2025-12-23:10:53:19,536 INFO     [psi4.optking.history:269] 	Performing BFGS update.
2025-12-23:10:53:19,536 INFO     [psi4.optking.history:280] 	Using 3 previous steps for update.
2025-12-23:10:53:19,536 WARNING  [psi4.optking.history:301] 	Change in internal coordinate of 5.62e-01 exceeds limit of 5.00e-01.
2025-12-23:10:53:19,536 WARNING  [psi4.optking.history:306] 	Skipping Hessian update for step 1.
2025-12-23:10:53:19,536 INFO     [psi4.optking.history:317] 	Steps to be used in Hessian update:  3 2

2025-12-23:10:53:19,537 INFO     [psi4.optking.history:418] 	Updated Hessian (in au) 
 	   1.193435

2025-12-23:10:53:19,537 INFO     [psi4.optking.molsys:944] Projected (PHP) Hessian matrix
	   1.193435

2025-12-23:10:53:19,537 INFO     [psi4.optking.opt_helper:182] 
	         Geometry (au)                                       Gradient (au)
   0.0000000000   0.0000000000   2.1047105808		   0.0000000000   0.0000000000  -0.1126903000
   0.0000000000   0.0000000000  -0.7247388307		   0.0000000000   0.0000000000   0.1126599433

2025-12-23:10:53:19,537 INFO     [psi4.optking.stepAlgorithms:368] 	Current Step Report 
 
	Current energy:      -422.5619633161
	Energy change for the previous step:
		Actual       :        -0.0188447539
		Projected    :        -0.0125988615

2025-12-23:10:53:19,537 INFO     [psi4.optking.stepAlgorithms:371] 	Energy ratio =    1.49575
2025-12-23:10:53:19,537 INFO     [psi4.optking.stepAlgorithms:929] 	Using RFO solution 1.
2025-12-23:10:53:19,537 INFO     [psi4.optking.displace:100] 	Determining Cartesian step for fragment 1.
2025-12-23:10:53:19,537 INFO     [psi4.optking.displace:415] 	Successfully converged to displaced geometry.
2025-12-23:10:53:19,537 INFO     [psi4.optking.displace:416] 	RMS(dx):  1.282e-16 	Max(dx):  2.220e-16 	RMS(dq):  4.441e-16
2025-12-23:10:53:19,537 INFO     [psi4.optking.displace:172] 

	        --- Internal Coordinate Step in ANG or DEG, aJ/ANG or AJ/DEG ---
	-------------------------------------------------------------------------------
	           Coordinate      Previous         Force          Change          New 
	           ----------      --------        ------          ------        ------
	               R(1,2)       1.49728        0.92830        0.04952       1.54680
	-------------------------------------------------------------------------------

2025-12-23:10:53:19,537 INFO     [psi4.optking.stepAlgorithms:113] 	|target step| :    0.0935855421
2025-12-23:10:53:19,537 INFO     [psi4.optking.stepAlgorithms:114] 	gradient     :   -0.1126751217
2025-12-23:10:53:19,537 INFO     [psi4.optking.stepAlgorithms:115] 	hessian      :    1.1934352450
2025-12-23:10:53:19,537 INFO     [psi4.optking.stepAlgorithms:113] 	|target step| :    0.0935855421
2025-12-23:10:53:19,537 INFO     [psi4.optking.stepAlgorithms:114] 	gradient     :   -0.1126751217
2025-12-23:10:53:19,538 INFO     [psi4.optking.stepAlgorithms:115] 	hessian      :    1.1934352450
2025-12-23:10:53:19,538 INFO     [psi4.optking.stepAlgorithms:206] 	Norm of achieved step-size    0.0935855421
2025-12-23:10:53:19,538 INFO     [psi4.optking.stepAlgorithms:208] 	Norm of achieved step-size (cart):    0.0661749714
2025-12-23:10:53:19,538 INFO     [psi4.optking.opt_helper:164] Molsys:

	                            ===> Fragment 1 <== 

	 Z (Atomic Numbers)          Masses                          Geom                  
	       5.000000            11.009305          0.00000000  0.00000000  2.15150335   
	      16.000000            31.972071          0.00000000  0.00000000 -0.77153160   

	 - Coordinate -           - BOHR/RAD -       - ANG/DEG -
	 R(1,2)           =         2.923035           1.546803

2025-12-23:10:53:19,538 INFO     [psi4.optking.convcheck:76] Performing convergence check.
2025-12-23:10:53:19,538 INFO     [psi4.optking.convcheck:282] 
	                                 ==> Convergence Check <==                                  
    
	Measures of convergence in internal coordinates in au.
    
	Criteria marked as inactive (o), active & met (*), and active & unmet ( ).

	----------------------------------------------------------------------------------------------
	   Step    Total Energy     Delta E     Max Force     RMS Force      Max Disp      RMS Disp   
	----------------------------------------------------------------------------------------------
	  Convergence Criteria     1.00e-06 *    3.00e-04 *             o    1.20e-03 *             o
	----------------------------------------------------------------------------------------------
	     4    -422.56196332   -1.88e-02      1.13e-01      1.13e-01 o    9.36e-02      9.36e-02 o  ~
	----------------------------------------------------------------------------------------------


2025-12-23:10:53:19,538 INFO     [psi4.optking.stepAlgorithms:296] 	Convergence check returned False
2025-12-23:10:53:19,549 INFO     [psi4.driver.task_planner:259] PLANNING Atomic:  keywords={'DAMPING_PERCENTAGE': 1.0, 'GEOM_MAXITER': 500, 'SCF__GUESS': 'READ', 'GUESS': 'SAP', 'MAXITER': 500, 'REFERENCE': 'UKS', 'function_kwargs': {}}
2025-12-23:10:53:19,550 INFO     [psi4.driver.driver:638] Compute gradient(): method=b3lyp, basis=cc-pvdz, molecule=default, nre=27.36881401276081
2025-12-23:10:53:20,48 INFO     [psi4.driver.driver:641] Return gradient(): -422.5694103817975
2025-12-23:10:53:20,48 INFO     [psi4.driver.driver:642] [[ 0.00000000  0.00000000 -0.04915946]
 [ 0.00000000  0.00000000  0.04913174]]
2025-12-23:10:53:20,50 INFO     [psi4.optking.history:269] 	Performing BFGS update.
2025-12-23:10:53:20,50 INFO     [psi4.optking.history:280] 	Using 4 previous steps for update.
2025-12-23:10:53:20,50 WARNING  [psi4.optking.history:301] 	Change in internal coordinate of 6.55e-01 exceeds limit of 5.00e-01.
2025-12-23:10:53:20,50 WARNING  [psi4.optking.history:306] 	Skipping Hessian update for step 1.
2025-12-23:10:53:20,50 INFO     [psi4.optking.history:317] 	Steps to be used in Hessian update:  4 3 2

2025-12-23:10:53:20,50 INFO     [psi4.optking.history:418] 	Updated Hessian (in au) 
 	   1.079046

2025-12-23:10:53:20,50 INFO     [psi4.optking.molsys:944] Projected (PHP) Hessian matrix
	   1.079046

2025-12-23:10:53:20,50 INFO     [psi4.optking.opt_helper:182] 
	         Geometry (au)                                       Gradient (au)
   0.0000000000   0.0000000000   2.1743250012		   0.0000000000   0.0000000000  -0.0491594629
   0.0000000000   0.0000000000  -0.7487099525		   0.0000000000   0.0000000000   0.0491317420

2025-12-23:10:53:20,50 INFO     [psi4.optking.stepAlgorithms:368] 	Current Step Report 
 
	Current energy:      -422.5694103818
	Energy change for the previous step:
		Actual       :        -0.0074470657
		Projected    :        -0.0052723812

2025-12-23:10:53:20,50 INFO     [psi4.optking.stepAlgorithms:371] 	Energy ratio =    1.41247
2025-12-23:10:53:20,50 INFO     [psi4.optking.stepAlgorithms:929] 	Using RFO solution 1.
2025-12-23:10:53:20,51 INFO     [psi4.optking.displace:100] 	Determining Cartesian step for fragment 1.
2025-12-23:10:53:20,51 INFO     [psi4.optking.displace:415] 	Successfully converged to displaced geometry.
2025-12-23:10:53:20,51 INFO     [psi4.optking.displace:416] 	RMS(dx):  0.000e+00 	Max(dx):  0.000e+00 	RMS(dq):  0.000e+00
2025-12-23:10:53:20,51 INFO     [psi4.optking.displace:172] 

	        --- Internal Coordinate Step in ANG or DEG, aJ/ANG or AJ/DEG ---
	-------------------------------------------------------------------------------
	           Coordinate      Previous         Force          Change          New 
	           ----------      --------        ------          ------        ------
	               R(1,2)       1.54680        0.40490        0.02405       1.57086
	-------------------------------------------------------------------------------

2025-12-23:10:53:20,51 INFO     [psi4.optking.stepAlgorithms:113] 	|target step| :    0.0454513411
2025-12-23:10:53:20,51 INFO     [psi4.optking.stepAlgorithms:114] 	gradient     :   -0.0491456025
2025-12-23:10:53:20,51 INFO     [psi4.optking.stepAlgorithms:115] 	hessian      :    1.0790457468
2025-12-23:10:53:20,51 INFO     [psi4.optking.stepAlgorithms:113] 	|target step| :    0.0454513411
2025-12-23:10:53:20,51 INFO     [psi4.optking.stepAlgorithms:114] 	gradient     :   -0.0491456025
2025-12-23:10:53:20,51 INFO     [psi4.optking.stepAlgorithms:115] 	hessian      :    1.0790457468
2025-12-23:10:53:20,51 INFO     [psi4.optking.stepAlgorithms:206] 	Norm of achieved step-size    0.0454513411
2025-12-23:10:53:20,51 INFO     [psi4.optking.stepAlgorithms:208] 	Norm of achieved step-size (cart):    0.0321389515
2025-12-23:10:53:20,51 INFO     [psi4.optking.opt_helper:164] Molsys:

	                            ===> Fragment 1 <== 

	 Z (Atomic Numbers)          Masses                          Geom                  
	       5.000000            11.009305          0.00000000  0.00000000  2.19705067   
	      16.000000            31.972071          0.00000000  0.00000000 -0.77143562   

	 - Coordinate -           - BOHR/RAD -       - ANG/DEG -
	 R(1,2)           =         2.968486           1.570855

2025-12-23:10:53:20,51 INFO     [psi4.optking.convcheck:76] Performing convergence check.
2025-12-23:10:53:20,51 INFO     [psi4.optking.convcheck:282] 
	                                 ==> Convergence Check <==                                  
    
	Measures of convergence in internal coordinates in au.
    
	Criteria marked as inactive (o), active & met (*), and active & unmet ( ).

	----------------------------------------------------------------------------------------------
	   Step    Total Energy     Delta E     Max Force     RMS Force      Max Disp      RMS Disp   
	----------------------------------------------------------------------------------------------
	  Convergence Criteria     1.00e-06 *    3.00e-04 *             o    1.20e-03 *             o
	----------------------------------------------------------------------------------------------
	     5    -422.56941038   -7.45e-03      4.91e-02      4.91e-02 o    4.55e-02      4.55e-02 o  ~
	----------------------------------------------------------------------------------------------


2025-12-23:10:53:20,51 INFO     [psi4.optking.stepAlgorithms:296] 	Convergence check returned False
2025-12-23:10:53:20,62 INFO     [psi4.driver.task_planner:259] PLANNING Atomic:  keywords={'DAMPING_PERCENTAGE': 1.0, 'GEOM_MAXITER': 500, 'SCF__GUESS': 'READ', 'GUESS': 'SAP', 'MAXITER': 500, 'REFERENCE': 'UKS', 'function_kwargs': {}}
2025-12-23:10:53:20,63 INFO     [psi4.driver.driver:638] Compute gradient(): method=b3lyp, basis=cc-pvdz, molecule=default, nre=26.949762288350616
2025-12-23:10:53:20,621 INFO     [psi4.driver.driver:641] Return gradient(): -422.5710544936888
2025-12-23:10:53:20,622 INFO     [psi4.driver.driver:642] [[ 0.00000000  0.00000000 -0.02374855]
 [ 0.00000000 -0.00000000  0.02372040]]
2025-12-23:10:53:20,623 INFO     [psi4.optking.history:269] 	Performing BFGS update.
2025-12-23:10:53:20,623 INFO     [psi4.optking.history:280] 	Using 4 previous steps for update.
2025-12-23:10:53:20,623 INFO     [psi4.optking.history:317] 	Steps to be used in Hessian update:  5 4 3 2

2025-12-23:10:53:20,623 INFO     [psi4.optking.history:418] 	Updated Hessian (in au) 
 	   1.028381

2025-12-23:10:53:20,624 INFO     [psi4.optking.molsys:944] Projected (PHP) Hessian matrix
	   1.028381

2025-12-23:10:53:20,624 INFO     [psi4.optking.opt_helper:182] 
	         Geometry (au)                                       Gradient (au)
   0.0000000000   0.0000000000   2.2081343770		   0.0000000000   0.0000000000  -0.0237485484
   0.0000000000   0.0000000000  -0.7603519178		   0.0000000000  -0.0000000000   0.0237203983

2025-12-23:10:53:20,624 INFO     [psi4.optking.stepAlgorithms:368] 	Current Step Report 
 
	Current energy:      -422.5710544937
	Energy change for the previous step:
		Actual       :        -0.0016441119
		Projected    :        -0.0011168668

2025-12-23:10:53:20,624 INFO     [psi4.optking.stepAlgorithms:371] 	Energy ratio =    1.47208
2025-12-23:10:53:20,624 INFO     [psi4.optking.stepAlgorithms:929] 	Using RFO solution 1.
2025-12-23:10:53:20,624 INFO     [psi4.optking.displace:100] 	Determining Cartesian step for fragment 1.
2025-12-23:10:53:20,624 INFO     [psi4.optking.displace:415] 	Successfully converged to displaced geometry.
2025-12-23:10:53:20,624 INFO     [psi4.optking.displace:416] 	RMS(dx):  0.000e+00 	Max(dx):  0.000e+00 	RMS(dq):  0.000e+00
2025-12-23:10:53:20,624 INFO     [psi4.optking.displace:172] 

	        --- Internal Coordinate Step in ANG or DEG, aJ/ANG or AJ/DEG ---
	-------------------------------------------------------------------------------
	           Coordinate      Previous         Force          Change          New 
	           ----------      --------        ------          ------        ------
	               R(1,2)       1.57086        0.19554        0.01221       1.58306
	-------------------------------------------------------------------------------

2025-12-23:10:53:20,624 INFO     [psi4.optking.stepAlgorithms:113] 	|target step| :    0.0230671730
2025-12-23:10:53:20,624 INFO     [psi4.optking.stepAlgorithms:114] 	gradient     :   -0.0237344734
2025-12-23:10:53:20,624 INFO     [psi4.optking.stepAlgorithms:115] 	hessian      :    1.0283810862
2025-12-23:10:53:20,624 INFO     [psi4.optking.stepAlgorithms:113] 	|target step| :    0.0230671730
2025-12-23:10:53:20,624 INFO     [psi4.optking.stepAlgorithms:114] 	gradient     :   -0.0237344734
2025-12-23:10:53:20,624 INFO     [psi4.optking.stepAlgorithms:115] 	hessian      :    1.0283810862
2025-12-23:10:53:20,624 INFO     [psi4.optking.stepAlgorithms:206] 	Norm of achieved step-size    0.0230671730
2025-12-23:10:53:20,624 INFO     [psi4.optking.stepAlgorithms:208] 	Norm of achieved step-size (cart):    0.0163109544
2025-12-23:10:53:20,624 INFO     [psi4.optking.opt_helper:164] Molsys:

	                            ===> Fragment 1 <== 

	 Z (Atomic Numbers)          Masses                          Geom                  
	       5.000000            11.009305          0.00000000  0.00000000  2.21966796   
	      16.000000            31.972071          0.00000000  0.00000000 -0.77188550   

	 - Coordinate -           - BOHR/RAD -       - ANG/DEG -
	 R(1,2)           =         2.991553           1.583062

2025-12-23:10:53:20,625 INFO     [psi4.optking.convcheck:76] Performing convergence check.
2025-12-23:10:53:20,625 INFO     [psi4.optking.convcheck:282] 
	                                 ==> Convergence Check <==                                  
    
	Measures of convergence in internal coordinates in au.
    
	Criteria marked as inactive (o), active & met (*), and active & unmet ( ).

	----------------------------------------------------------------------------------------------
	   Step    Total Energy     Delta E     Max Force     RMS Force      Max Disp      RMS Disp   
	----------------------------------------------------------------------------------------------
	  Convergence Criteria     1.00e-06 *    3.00e-04 *             o    1.20e-03 *             o
	----------------------------------------------------------------------------------------------
	     6    -422.57105449   -1.64e-03      2.37e-02      2.37e-02 o    2.31e-02      2.31e-02 o  ~
	----------------------------------------------------------------------------------------------


2025-12-23:10:53:20,625 INFO     [psi4.optking.stepAlgorithms:296] 	Convergence check returned False
2025-12-23:10:53:20,635 INFO     [psi4.driver.task_planner:259] PLANNING Atomic:  keywords={'DAMPING_PERCENTAGE': 1.0, 'GEOM_MAXITER': 500, 'SCF__GUESS': 'READ', 'GUESS': 'SAP', 'MAXITER': 500, 'REFERENCE': 'UKS', 'function_kwargs': {}}
2025-12-23:10:53:20,636 INFO     [psi4.driver.driver:638] Compute gradient(): method=b3lyp, basis=cc-pvdz, molecule=default, nre=26.741958939650974
2025-12-23:10:53:21,149 INFO     [psi4.driver.driver:641] Return gradient(): -422.57146576786
2025-12-23:10:53:21,149 INFO     [psi4.driver.driver:642] [[-0.00000000  0.00000000 -0.01205943]
 [ 0.00000000  0.00000000  0.01203300]]
2025-12-23:10:53:21,151 INFO     [psi4.optking.history:269] 	Performing BFGS update.
2025-12-23:10:53:21,151 INFO     [psi4.optking.history:280] 	Using 4 previous steps for update.
2025-12-23:10:53:21,151 INFO     [psi4.optking.history:317] 	Steps to be used in Hessian update:  6 5 4 3

2025-12-23:10:53:21,151 INFO     [psi4.optking.history:418] 	Updated Hessian (in au) 
 	   0.735866

2025-12-23:10:53:21,152 INFO     [psi4.optking.molsys:944] Projected (PHP) Hessian matrix
	   0.735866

2025-12-23:10:53:21,152 INFO     [psi4.optking.opt_helper:182] 
	         Geometry (au)                                       Gradient (au)
   0.0000000000   0.0000000000   2.2252930945		  -0.0000000000   0.0000000000  -0.0120594343
   0.0000000000   0.0000000000  -0.7662603733		   0.0000000000   0.0000000000   0.0120330016

2025-12-23:10:53:21,152 INFO     [psi4.optking.stepAlgorithms:368] 	Current Step Report 
 
	Current energy:      -422.5714657679
	Energy change for the previous step:
		Actual       :        -0.0004112742
		Projected    :        -0.0002737436

2025-12-23:10:53:21,152 INFO     [psi4.optking.stepAlgorithms:371] 	Energy ratio =    1.50241
2025-12-23:10:53:21,152 INFO     [psi4.optking.stepAlgorithms:929] 	Using RFO solution 1.
2025-12-23:10:53:21,152 INFO     [psi4.optking.displace:100] 	Determining Cartesian step for fragment 1.
2025-12-23:10:53:21,152 INFO     [psi4.optking.displace:415] 	Successfully converged to displaced geometry.
2025-12-23:10:53:21,152 INFO     [psi4.optking.displace:416] 	RMS(dx):  1.282e-16 	Max(dx):  2.220e-16 	RMS(dq):  4.441e-16
2025-12-23:10:53:21,152 INFO     [psi4.optking.displace:172] 

	        --- Internal Coordinate Step in ANG or DEG, aJ/ANG or AJ/DEG ---
	-------------------------------------------------------------------------------
	           Coordinate      Previous         Force          Change          New 
	           ----------      --------        ------          ------        ------
	               R(1,2)       1.58306        0.09925        0.00866       1.59172
	-------------------------------------------------------------------------------

2025-12-23:10:53:21,152 INFO     [psi4.optking.stepAlgorithms:113] 	|target step| :    0.0163657362
2025-12-23:10:53:21,152 INFO     [psi4.optking.stepAlgorithms:114] 	gradient     :   -0.0120462179
2025-12-23:10:53:21,152 INFO     [psi4.optking.stepAlgorithms:115] 	hessian      :    0.7358661602
2025-12-23:10:53:21,152 INFO     [psi4.optking.stepAlgorithms:113] 	|target step| :    0.0163657362
2025-12-23:10:53:21,152 INFO     [psi4.optking.stepAlgorithms:114] 	gradient     :   -0.0120462179
2025-12-23:10:53:21,152 INFO     [psi4.optking.stepAlgorithms:115] 	hessian      :    0.7358661602
2025-12-23:10:53:21,152 INFO     [psi4.optking.stepAlgorithms:206] 	Norm of achieved step-size    0.0163657362
2025-12-23:10:53:21,152 INFO     [psi4.optking.stepAlgorithms:208] 	Norm of achieved step-size (cart):    0.0115723231
2025-12-23:10:53:21,153 INFO     [psi4.optking.opt_helper:164] Molsys:

	                            ===> Fragment 1 <== 

	 Z (Atomic Numbers)          Masses                          Geom                  
	       5.000000            11.009305          0.00000000  0.00000000  2.23347596   
	      16.000000            31.972071          0.00000000  0.00000000 -0.77444324   

	 - Coordinate -           - BOHR/RAD -       - ANG/DEG -
	 R(1,2)           =         3.007919           1.591722

2025-12-23:10:53:21,153 INFO     [psi4.optking.convcheck:76] Performing convergence check.
2025-12-23:10:53:21,153 INFO     [psi4.optking.convcheck:282] 
	                                 ==> Convergence Check <==                                  
    
	Measures of convergence in internal coordinates in au.
    
	Criteria marked as inactive (o), active & met (*), and active & unmet ( ).

	----------------------------------------------------------------------------------------------
	   Step    Total Energy     Delta E     Max Force     RMS Force      Max Disp      RMS Disp   
	----------------------------------------------------------------------------------------------
	  Convergence Criteria     1.00e-06 *    3.00e-04 *             o    1.20e-03 *             o
	----------------------------------------------------------------------------------------------
	     7    -422.57146577   -4.11e-04      1.20e-02      1.20e-02 o    1.64e-02      1.64e-02 o  ~
	----------------------------------------------------------------------------------------------


2025-12-23:10:53:21,153 INFO     [psi4.optking.stepAlgorithms:296] 	Convergence check returned False
2025-12-23:10:53:21,164 INFO     [psi4.driver.task_planner:259] PLANNING Atomic:  keywords={'DAMPING_PERCENTAGE': 1.0, 'GEOM_MAXITER': 500, 'SCF__GUESS': 'READ', 'GUESS': 'SAP', 'MAXITER': 500, 'REFERENCE': 'UKS', 'function_kwargs': {}}
2025-12-23:10:53:21,166 INFO     [psi4.driver.driver:638] Compute gradient(): method=b3lyp, basis=cc-pvdz, molecule=default, nre=26.596459071769278
2025-12-23:10:53:21,687 INFO     [psi4.driver.driver:641] Return gradient(): -422.57159839362424
2025-12-23:10:53:21,687 INFO     [psi4.driver.driver:642] [[ 0.00000000 -0.00000000 -0.00422930]
 [ 0.00000000  0.00000000  0.00420465]]
2025-12-23:10:53:21,689 INFO     [psi4.optking.history:269] 	Performing BFGS update.
2025-12-23:10:53:21,689 INFO     [psi4.optking.history:280] 	Using 4 previous steps for update.
2025-12-23:10:53:21,689 INFO     [psi4.optking.history:317] 	Steps to be used in Hessian update:  7 6 5 4

2025-12-23:10:53:21,689 INFO     [psi4.optking.history:418] 	Updated Hessian (in au) 
 	   0.607712

2025-12-23:10:53:21,689 INFO     [psi4.optking.molsys:944] Projected (PHP) Hessian matrix
	   0.607712

2025-12-23:10:53:21,689 INFO     [psi4.optking.opt_helper:182] 
	         Geometry (au)                                       Gradient (au)
   0.0000000000   0.0000000000   2.2374668899		   0.0000000000  -0.0000000000  -0.0042292959
   0.0000000000   0.0000000000  -0.7704523141		   0.0000000000   0.0000000000   0.0042046451

2025-12-23:10:53:21,690 INFO     [psi4.optking.stepAlgorithms:368] 	Current Step Report 
 
	Current energy:      -422.5715983936
	Energy change for the previous step:
		Actual       :        -0.0001326258
		Projected    :        -0.0000985726

2025-12-23:10:53:21,690 INFO     [psi4.optking.stepAlgorithms:371] 	Energy ratio =    1.34546
2025-12-23:10:53:21,690 INFO     [psi4.optking.stepAlgorithms:929] 	Using RFO solution 1.
2025-12-23:10:53:21,690 INFO     [psi4.optking.displace:100] 	Determining Cartesian step for fragment 1.
2025-12-23:10:53:21,690 INFO     [psi4.optking.displace:415] 	Successfully converged to displaced geometry.
2025-12-23:10:53:21,690 INFO     [psi4.optking.displace:416] 	RMS(dx):  1.282e-16 	Max(dx):  2.220e-16 	RMS(dq):  0.000e+00
2025-12-23:10:53:21,690 INFO     [psi4.optking.displace:172] 

	        --- Internal Coordinate Step in ANG or DEG, aJ/ANG or AJ/DEG ---
	-------------------------------------------------------------------------------
	           Coordinate      Previous         Force          Change          New 
	           ----------      --------        ------          ------        ------
	               R(1,2)       1.59172        0.03474        0.00367       1.59539
	-------------------------------------------------------------------------------

2025-12-23:10:53:21,690 INFO     [psi4.optking.stepAlgorithms:113] 	|target step| :    0.0069387649
2025-12-23:10:53:21,690 INFO     [psi4.optking.stepAlgorithms:114] 	gradient     :   -0.0042169705
2025-12-23:10:53:21,690 INFO     [psi4.optking.stepAlgorithms:115] 	hessian      :    0.6077115332
2025-12-23:10:53:21,690 INFO     [psi4.optking.stepAlgorithms:113] 	|target step| :    0.0069387649
2025-12-23:10:53:21,690 INFO     [psi4.optking.stepAlgorithms:114] 	gradient     :   -0.0042169705
2025-12-23:10:53:21,690 INFO     [psi4.optking.stepAlgorithms:115] 	hessian      :    0.6077115332
2025-12-23:10:53:21,690 INFO     [psi4.optking.stepAlgorithms:206] 	Norm of achieved step-size    0.0069387649
2025-12-23:10:53:21,690 INFO     [psi4.optking.stepAlgorithms:208] 	Norm of achieved step-size (cart):    0.0049064477
2025-12-23:10:53:21,691 INFO     [psi4.optking.opt_helper:164] Molsys:

	                            ===> Fragment 1 <== 

	 Z (Atomic Numbers)          Masses                          Geom                  
	       5.000000            11.009305          0.00000000  0.00000000  2.24093627   
	      16.000000            31.972071          0.00000000  0.00000000 -0.77392170   

	 - Coordinate -           - BOHR/RAD -       - ANG/DEG -
	 R(1,2)           =         3.014858           1.595394

2025-12-23:10:53:21,691 INFO     [psi4.optking.convcheck:76] Performing convergence check.
2025-12-23:10:53:21,691 INFO     [psi4.optking.convcheck:282] 
	                                 ==> Convergence Check <==                                  
    
	Measures of convergence in internal coordinates in au.
    
	Criteria marked as inactive (o), active & met (*), and active & unmet ( ).

	----------------------------------------------------------------------------------------------
	   Step    Total Energy     Delta E     Max Force     RMS Force      Max Disp      RMS Disp   
	----------------------------------------------------------------------------------------------
	  Convergence Criteria     1.00e-06 *    3.00e-04 *             o    1.20e-03 *             o
	----------------------------------------------------------------------------------------------
	     8    -422.57159839   -1.33e-04      4.22e-03      4.22e-03 o    6.94e-03      6.94e-03 o  ~
	----------------------------------------------------------------------------------------------


2025-12-23:10:53:21,691 INFO     [psi4.optking.stepAlgorithms:296] 	Convergence check returned False
2025-12-23:10:53:21,703 INFO     [psi4.driver.task_planner:259] PLANNING Atomic:  keywords={'DAMPING_PERCENTAGE': 1.0, 'GEOM_MAXITER': 500, 'SCF__GUESS': 'READ', 'GUESS': 'SAP', 'MAXITER': 500, 'REFERENCE': 'UKS', 'function_kwargs': {}}
2025-12-23:10:53:21,704 INFO     [psi4.driver.driver:638] Compute gradient(): method=b3lyp, basis=cc-pvdz, molecule=default, nre=26.53524671010584
2025-12-23:10:53:22,245 INFO     [psi4.driver.driver:641] Return gradient(): -422.5716165125162
2025-12-23:10:53:22,246 INFO     [psi4.driver.driver:642] [[ 0.00000000 -0.00000000 -0.00102164]
 [ 0.00000000 -0.00000000  0.00099780]]
2025-12-23:10:53:22,247 INFO     [psi4.optking.history:269] 	Performing BFGS update.
2025-12-23:10:53:22,247 INFO     [psi4.optking.history:280] 	Using 4 previous steps for update.
2025-12-23:10:53:22,248 INFO     [psi4.optking.history:317] 	Steps to be used in Hessian update:  8 7 6 5

2025-12-23:10:53:22,248 INFO     [psi4.optking.history:418] 	Updated Hessian (in au) 
 	   0.524225

2025-12-23:10:53:22,248 INFO     [psi4.optking.molsys:944] Projected (PHP) Hessian matrix
	   0.524225

2025-12-23:10:53:22,248 INFO     [psi4.optking.opt_helper:182] 
	         Geometry (au)                                       Gradient (au)
   0.0000000000   0.0000000000   2.2426283505		   0.0000000000  -0.0000000000  -0.0010216396
   0.0000000000   0.0000000000  -0.7722296183		   0.0000000000  -0.0000000000   0.0009978019

2025-12-23:10:53:22,248 INFO     [psi4.optking.stepAlgorithms:368] 	Current Step Report 
 
	Current energy:      -422.5716165125
	Energy change for the previous step:
		Actual       :        -0.0000181189
		Projected    :        -0.0000146303

2025-12-23:10:53:22,248 INFO     [psi4.optking.stepAlgorithms:371] 	Energy ratio =    1.23845
2025-12-23:10:53:22,248 INFO     [psi4.optking.stepAlgorithms:929] 	Using RFO solution 1.
2025-12-23:10:53:22,248 INFO     [psi4.optking.displace:100] 	Determining Cartesian step for fragment 1.
2025-12-23:10:53:22,248 INFO     [psi4.optking.displace:415] 	Successfully converged to displaced geometry.
2025-12-23:10:53:22,248 INFO     [psi4.optking.displace:416] 	RMS(dx):  0.000e+00 	Max(dx):  0.000e+00 	RMS(dq):  0.000e+00
2025-12-23:10:53:22,249 INFO     [psi4.optking.displace:172] 

	        --- Internal Coordinate Step in ANG or DEG, aJ/ANG or AJ/DEG ---
	-------------------------------------------------------------------------------
	           Coordinate      Previous         Force          Change          New 
	           ----------      --------        ------          ------        ------
	               R(1,2)       1.59539        0.00832        0.00102       1.59641
	-------------------------------------------------------------------------------

2025-12-23:10:53:22,249 INFO     [psi4.optking.stepAlgorithms:113] 	|target step| :    0.0019261154
2025-12-23:10:53:22,249 INFO     [psi4.optking.stepAlgorithms:114] 	gradient     :   -0.0010097208
2025-12-23:10:53:22,249 INFO     [psi4.optking.stepAlgorithms:115] 	hessian      :    0.5242245814
2025-12-23:10:53:22,249 INFO     [psi4.optking.stepAlgorithms:113] 	|target step| :    0.0019261154
2025-12-23:10:53:22,249 INFO     [psi4.optking.stepAlgorithms:114] 	gradient     :   -0.0010097208
2025-12-23:10:53:22,249 INFO     [psi4.optking.stepAlgorithms:115] 	hessian      :    0.5242245814
2025-12-23:10:53:22,249 INFO     [psi4.optking.stepAlgorithms:206] 	Norm of achieved step-size    0.0019261154
2025-12-23:10:53:22,249 INFO     [psi4.optking.stepAlgorithms:208] 	Norm of achieved step-size (cart):    0.0013619692
2025-12-23:10:53:22,249 INFO     [psi4.optking.opt_helper:164] Molsys:

	                            ===> Fragment 1 <== 

	 Z (Atomic Numbers)          Masses                          Geom                  
	       5.000000            11.009305          0.00000000  0.00000000  2.24359141   
	      16.000000            31.972071          0.00000000  0.00000000 -0.77319268   

	 - Coordinate -           - BOHR/RAD -       - ANG/DEG -
	 R(1,2)           =         3.016784           1.596413

2025-12-23:10:53:22,249 INFO     [psi4.optking.convcheck:76] Performing convergence check.
2025-12-23:10:53:22,249 INFO     [psi4.optking.convcheck:282] 
	                                 ==> Convergence Check <==                                  
    
	Measures of convergence in internal coordinates in au.
    
	Criteria marked as inactive (o), active & met (*), and active & unmet ( ).

	----------------------------------------------------------------------------------------------
	   Step    Total Energy     Delta E     Max Force     RMS Force      Max Disp      RMS Disp   
	----------------------------------------------------------------------------------------------
	  Convergence Criteria     1.00e-06 *    3.00e-04 *             o    1.20e-03 *             o
	----------------------------------------------------------------------------------------------
	     9    -422.57161651   -1.81e-05      1.01e-03      1.01e-03 o    1.93e-03      1.93e-03 o  ~
	----------------------------------------------------------------------------------------------


2025-12-23:10:53:22,249 INFO     [psi4.optking.stepAlgorithms:296] 	Convergence check returned False
2025-12-23:10:53:22,260 INFO     [psi4.driver.task_planner:259] PLANNING Atomic:  keywords={'DAMPING_PERCENTAGE': 1.0, 'GEOM_MAXITER': 500, 'SCF__GUESS': 'READ', 'GUESS': 'SAP', 'MAXITER': 500, 'REFERENCE': 'UKS', 'function_kwargs': {}}
2025-12-23:10:53:22,261 INFO     [psi4.driver.driver:638] Compute gradient(): method=b3lyp, basis=cc-pvdz, molecule=default, nre=26.51830484591215
2025-12-23:10:53:22,788 INFO     [psi4.driver.driver:641] Return gradient(): -422.57161761632443
2025-12-23:10:53:22,788 INFO     [psi4.driver.driver:642] [[ 0.00000000  0.00000000 -0.00014286]
 [-0.00000000 -0.00000000  0.00011925]]
2025-12-23:10:53:22,789 INFO     [psi4.optking.history:269] 	Performing BFGS update.
2025-12-23:10:53:22,790 INFO     [psi4.optking.history:280] 	Using 4 previous steps for update.
2025-12-23:10:53:22,790 INFO     [psi4.optking.history:317] 	Steps to be used in Hessian update:  9 8 7 6

2025-12-23:10:53:22,790 INFO     [psi4.optking.history:418] 	Updated Hessian (in au) 
 	   0.488706

2025-12-23:10:53:22,790 INFO     [psi4.optking.molsys:944] Projected (PHP) Hessian matrix
	   0.488706

2025-12-23:10:53:22,790 INFO     [psi4.optking.opt_helper:182] 
	         Geometry (au)                                       Gradient (au)
   0.0000000000   0.0000000000   2.2440611082		   0.0000000000   0.0000000000  -0.0001428646
   0.0000000000   0.0000000000  -0.7727229760		  -0.0000000000  -0.0000000000   0.0001192531

2025-12-23:10:53:22,790 INFO     [psi4.optking.stepAlgorithms:368] 	Current Step Report 
 
	Current energy:      -422.5716176163
	Energy change for the previous step:
		Actual       :        -0.0000011038
		Projected    :        -0.0000009724

2025-12-23:10:53:22,790 INFO     [psi4.optking.stepAlgorithms:371] 	Energy ratio =    1.13512
2025-12-23:10:53:22,791 INFO     [psi4.optking.stepAlgorithms:929] 	Using RFO solution 1.
2025-12-23:10:53:22,791 INFO     [psi4.optking.displace:100] 	Determining Cartesian step for fragment 1.
2025-12-23:10:53:22,791 INFO     [psi4.optking.displace:415] 	Successfully converged to displaced geometry.
2025-12-23:10:53:22,791 INFO     [psi4.optking.displace:416] 	RMS(dx):  1.282e-16 	Max(dx):  2.220e-16 	RMS(dq):  0.000e+00
2025-12-23:10:53:22,791 INFO     [psi4.optking.displace:172] 

	        --- Internal Coordinate Step in ANG or DEG, aJ/ANG or AJ/DEG ---
	-------------------------------------------------------------------------------
	           Coordinate      Previous         Force          Change          New 
	           ----------      --------        ------          ------        ------
	               R(1,2)       1.59641        0.00108        0.00014       1.59656
	-------------------------------------------------------------------------------

2025-12-23:10:53:22,791 INFO     [psi4.optking.stepAlgorithms:113] 	|target step| :    0.0002681753
2025-12-23:10:53:22,791 INFO     [psi4.optking.stepAlgorithms:114] 	gradient     :   -0.0001310588
2025-12-23:10:53:22,791 INFO     [psi4.optking.stepAlgorithms:115] 	hessian      :    0.4887058973
2025-12-23:10:53:22,791 INFO     [psi4.optking.stepAlgorithms:113] 	|target step| :    0.0002681753
2025-12-23:10:53:22,791 INFO     [psi4.optking.stepAlgorithms:114] 	gradient     :   -0.0001310588
2025-12-23:10:53:22,791 INFO     [psi4.optking.stepAlgorithms:115] 	hessian      :    0.4887058973
2025-12-23:10:53:22,791 INFO     [psi4.optking.stepAlgorithms:206] 	Norm of achieved step-size    0.0002681753
2025-12-23:10:53:22,791 INFO     [psi4.optking.stepAlgorithms:208] 	Norm of achieved step-size (cart):    0.0001896285
2025-12-23:10:53:22,791 INFO     [psi4.optking.opt_helper:164] Molsys:

	                            ===> Fragment 1 <== 

	 Z (Atomic Numbers)          Masses                          Geom                  
	       5.000000            11.009305          0.00000000  0.00000000  2.24419520   
	      16.000000            31.972071          0.00000000  0.00000000 -0.77285706   

	 - Coordinate -           - BOHR/RAD -       - ANG/DEG -
	 R(1,2)           =         3.017052           1.596555

2025-12-23:10:53:22,792 INFO     [psi4.optking.convcheck:76] Performing convergence check.
2025-12-23:10:53:22,792 INFO     [psi4.optking.convcheck:282] 
	                                 ==> Convergence Check <==                                  
    
	Measures of convergence in internal coordinates in au.
    
	Criteria marked as inactive (o), active & met (*), and active & unmet ( ).

	----------------------------------------------------------------------------------------------
	   Step    Total Energy     Delta E     Max Force     RMS Force      Max Disp      RMS Disp   
	----------------------------------------------------------------------------------------------
	  Convergence Criteria     1.00e-06 *    3.00e-04 *             o    1.20e-03 *             o
	----------------------------------------------------------------------------------------------
	    10    -422.57161762   -1.10e-06      1.31e-04 *    1.31e-04 o    2.68e-04 *    2.68e-04 o  ~
	----------------------------------------------------------------------------------------------


2025-12-23:10:53:22,792 INFO     [psi4.optking.convcheck:206] 
	                      ===> Final Convergence Report <===                     

	----------------------------------------------------------------------------
	|   Required Criteria    |  One or More Criteria  |   Alternate Criteria   |
	----------------------------------------------------------------------------
	| [x]     max_force      | [ ]       max_DE       |                        |
	|                        | [x]      max_disp      |                        |
	----------------------------------------------------------------------------


2025-12-23:10:53:22,792 INFO     [psi4.optking.stepAlgorithms:296] 	Convergence check returned True
2025-12-23:10:53:22,792 INFO     [psi4.optking.optimize:332] 	Converged in 10 steps!
2025-12-23:10:53:22,792 INFO     [psi4.optking.optimize:333] 	Final energy is   -422.5716176163244
2025-12-23:10:53:22,792 INFO     [psi4.optking.optimize:334] 	Final structure (Angstroms): 
	Fragment 1 (Ang)

	    B   0.0000000000   0.0000000000   1.1875769539
	    S   0.0000000000   0.0000000000  -0.4089783452


2025-12-23:10:53:22,793 INFO     [psi4.optking.optimize:562] 	Optimization Finished

	==> Optimization Summary <==

        
	Measures of convergence in internal coordinates in au. (Any backward steps not shown.)
        
	---------------------------------------------------------------------------------------------------------------  ~
        
	 Step         Total Energy             Delta E       MAX Force       RMS Force        MAX Disp        RMS Disp   ~
        
	---------------------------------------------------------------------------------------------------------------  ~
        
	     1    -422.294498023602   -422.294498023602      1.03709129      1.03709129      0.23435673      0.23435673  ~
	     2    -422.469611661516     -0.175113637914      0.50343128      0.50343128      0.21121860      0.21121860  ~
	     3    -422.543118562241     -0.073506900726      0.21684277      0.21684277      0.11620274      0.11620274  ~
	     4    -422.561963316123     -0.018844753882      0.11267512      0.11267512      0.09358554      0.09358554  ~
	     5    -422.569410381798     -0.007447065675      0.04914560      0.04914560      0.04545134      0.04545134  ~
	     6    -422.571054493689     -0.001644111891      0.02373447      0.02373447      0.02306717      0.02306717  ~
	     7    -422.571465767860     -0.000411274171      0.01204622      0.01204622      0.01636574      0.01636574  ~
	     8    -422.571598393624     -0.000132625764      0.00421697      0.00421697      0.00693876      0.00693876  ~
	     9    -422.571616512516     -0.000018118892      0.00100972      0.00100972      0.00192612      0.00192612  ~
	    10    -422.571617616324     -0.000001103808      0.00013106      0.00013106      0.00026818      0.00026818  ~
	----------------------------------------------------------------------------------------------------------------


2025-12-23:10:53:22,793 INFO     [psi4.optking.optimize:806] Preparing OptimizationResult
