2025-12-23:10:57:53,699 WARNING  [psi4.optking:38] Some dependencies such as QCElemental have not yet finished migration to pydantic v2. If issues are encountered please downgrade pydantic or upgrade QCElemental as appropriate
2025-12-23:10:57:53,869 INFO     [psi4.optking.optwrapper:234] Creating a UserComputer
2025-12-23:10:57:53,870 INFO     [psi4.optking.optwrapper:242] 
    			-----------------------------------------

    			 OPTKING 3.0: for geometry optimizations 

    			     By R.A. King, Bethel University     

    			        with contributions from          

    			    A.V. Copan, J. Cayton, A. Heide      

    			-----------------------------------------

    
2025-12-23:10:57:53,870 INFO     [psi4.optking.optwrapper:272] 
		 -- Optimization Parameters --
	GEOM_MAXITER                   =             500
	ALG_GEOM_MAXITER               =              50
	PRINT                          =               1
	OPT_TYPE                       =             MIN
	STEP_TYPE                      =             RFO
	PROGRAM                        =            PSI4
	STEEPEST_DESCENT_TYPE          =         OVERLAP
	CONJUGATE_GRADIENT_TYPE        =        FLETCHER
	OPT_COORDINATES                =        INTERNAL
	RFO_FOLLOW_ROOT                =           False
	RFO_ROOT                       =               0
	ACCEPT_SYMMETRY_BREAKING       =           False
	DYNAMIC_LVL                    =               0
	DYNAMIC_LVL_MAX                =               0
	IRC_STEP_SIZE                  =             0.2
	IRC_DIRECTION                  =         FORWARD
	IRC_POINTS                     =              20
	IRC_MODE                       =          NORMAL
	IRC_CONVERGENCE                =            -0.7
	INTRAFRAG_STEP_LIMIT           =             0.5
	INTRAFRAG_STEP_LIMIT_MIN       =           0.001
	INTRAFRAG_STEP_LIMIT_MAX       =             1.0
	INTERFRAG_STEP_LIMIT           =             0.5
	INTERFRAG_STEP_LIMIT_MIN       =           0.001
	INTERFRAG_STEP_LIMIT_MAX       =             1.0
	ENSURE_BT_CONVERGENCE          =           False
	SIMPLE_STEP_SCALING            =           False
	CONSECUTIVE_BACKSTEPS          =               0
	RFO_NORMALIZATION_MAX          =             100
	RSRFO_ALPHA_MAX                =     100000000.0
	PRINT_TRAJECTORY_XYZ_FILE      =           False
	WRITE_TRAJECTORY               =           False
	FROZEN_DISTANCE                =                
	FROZEN_BEND                    =                
	FROZEN_DIHEDRAL                =                
	FROZEN_OOFP                    =                
	FROZEN_CARTESIAN               =                
	FREEZE_ALL_DIHEDRALS           =           False
	UNFREEZE_DIHEDRALS             =                
	RANGED_DISTANCE                =                
	RANGED_BEND                    =                
	RANGED_DIHEDRAL                =                
	RANGED_OOFP                    =                
	RANGED_CARTESIAN               =                
	EXT_FORCE_DISTANCE             =                
	EXT_FORCE_BEND                 =                
	EXT_FORCE_DIHEDRAL             =                
	EXT_FORCE_OOFP                 =                
	EXT_FORCE_CARTESIAN            =                
	G_CONVERGENCE                  =           QCHEM
	MAX_FORCE_G_CONVERGENCE        =          0.0003
	RMS_FORCE_G_CONVERGENCE        =          0.0003
	MAX_ENERGY_G_CONVERGENCE       =           1e-06
	MAX_DISP_G_CONVERGENCE         =          0.0012
	RMS_DISP_G_CONVERGENCE         =          0.0012
	FLEXIBLE_G_CONVERGENCE         =           False
	HESS_UPDATE                    =            BFGS
	HESS_UPDATE_USE_LAST           =               4
	HESS_UPDATE_LIMIT              =            True
	HESS_UPDATE_LIMIT_MAX          =             1.0
	HESS_UPDATE_LIMIT_SCALE        =             0.5
	HESS_UPDATE_DEN_TOL            =           1e-07
	HESS_UPDATE_DQ_TOL             =             0.5
	CART_HESS_READ                 =           False
	HESSIAN_FILE                   =               .
	FULL_HESS_EVERY                =              -1
	INTRAFRAG_HESS                 =        SCHLEGEL
	H_GUESS_EVERY                  =           False
	BT_MAX_ITER                    =              25
	BT_DX_CONV                     =           1e-07
	BT_DX_RMS_CHANGE_CONV          =           1e-12
	BT_PINV_RCOND                  =           1e-06
	FRAG_MODE                      =          SINGLE
	FRAG_REF_ATOMS                 =              []
	FREEZE_INTRAFRAG               =           False
	INTERFRAG_MODE                 =           FIXED
	ADD_AUXILIARY_BONDS            =           False
	AUXILIARY_BOND_FACTOR          =             2.5
	INTERFRAG_DIST_INV             =           False
	INTERFRAG_COLLINEAR_TOL        =            0.01
	INTERFRAG_COORDS               =              []
	INTERFRAG_HESS                 =         DEFAULT
	COVALENT_CONNECT               =             1.3
	INTERFRAGMENT_CONNECT          =             1.8
	H_BOND_CONNECT                 =             4.3
	INCLUDE_OOFP                   =           False
	TEST_B                         =           False
	TEST_DERIVATIVE_B              =           False
	LINESEARCH_STEP                =             0.1
	LINESEARCH                     =           False
	SD_HESSIAN                     =             1.0
	FIX_VAL_NEAR_PI                =            1.57
	V3D_TORS_ANGLE_LIM             =           0.017
	V3D_TORS_COS_TOL               =           1e-10
	LINEAR_BEND_THRESHOLD          =            3.05
	SMALL_BEND_FIX_THRESHOLD       =            0.35
	REDUNDANT_EVAL_TOL             =           1e-10
	LINEAR_ALGEBRA_TOL             =           1e-10


2025-12-23:10:57:54,0 INFO     [psi4.optking.opt_helper:164] Molsys:

	                            ===> Fragment 1 <== 

	 Z (Atomic Numbers)          Masses                          Geom                  
	       6.000000            12.000000          0.00000000  0.00000000  1.63444645   
	      15.000000            30.973762          0.00000000  0.00000000 -0.63322490   

	 - Coordinate -           - BOHR/RAD -       - ANG/DEG -
	 R(1,2)           =         2.267671           1.200000

2025-12-23:10:57:54,10 INFO     [psi4.driver.task_planner:259] PLANNING Atomic:  keywords={'DAMPING_PERCENTAGE': 1.0, 'GEOM_MAXITER': 500, 'GUESS': 'SAP', 'MAXITER': 500, 'REFERENCE': 'UKS', 'function_kwargs': {}}
2025-12-23:10:57:54,11 INFO     [psi4.driver.driver:638] Compute gradient(): method=b3lyp, basis=cc-pvdz, molecule=default, nre=39.68829080025001
2025-12-23:10:57:54,600 INFO     [psi4.driver.driver:641] Return gradient(): -378.62082621587274
2025-12-23:10:57:54,600 INFO     [psi4.driver.driver:642] [[ 0.00000000 -0.00000000 -0.98602010]
 [ 0.00000000 -0.00000000  0.98601452]]
2025-12-23:10:57:54,602 INFO     [psi4.optking.molsys:944] Projected (PHP) Hessian matrix
	   4.182219

2025-12-23:10:57:54,602 INFO     [psi4.optking.opt_helper:182] 
	         Geometry (au)                                       Gradient (au)
   0.0000000000   0.0000000000   1.6344464491		   0.0000000000  -0.0000000000  -0.9860201010
   0.0000000000   0.0000000000  -0.6332249015		   0.0000000000  -0.0000000000   0.9860145239

2025-12-23:10:57:54,602 INFO     [psi4.optking.stepAlgorithms:929] 	Using RFO solution 1.
2025-12-23:10:57:54,602 INFO     [psi4.optking.displace:100] 	Determining Cartesian step for fragment 1.
2025-12-23:10:57:54,602 INFO     [psi4.optking.displace:415] 	Successfully converged to displaced geometry.
2025-12-23:10:57:54,602 INFO     [psi4.optking.displace:416] 	RMS(dx):  0.000e+00 	Max(dx):  0.000e+00 	RMS(dq):  0.000e+00
2025-12-23:10:57:54,602 INFO     [psi4.optking.displace:172] 

	        --- Internal Coordinate Step in ANG or DEG, aJ/ANG or AJ/DEG ---
	-------------------------------------------------------------------------------
	           Coordinate      Previous         Force          Change          New 
	           ----------      --------        ------          ------        ------
	               R(1,2)       1.20000        8.12352        0.11850       1.31850
	-------------------------------------------------------------------------------

2025-12-23:10:57:54,602 INFO     [psi4.optking.stepAlgorithms:113] 	|target step| :    0.2239407337
2025-12-23:10:57:54,602 INFO     [psi4.optking.stepAlgorithms:114] 	gradient     :   -0.9860173124
2025-12-23:10:57:54,602 INFO     [psi4.optking.stepAlgorithms:115] 	hessian      :    4.1822185214
2025-12-23:10:57:54,603 INFO     [psi4.optking.stepAlgorithms:113] 	|target step| :    0.2239407337
2025-12-23:10:57:54,603 INFO     [psi4.optking.stepAlgorithms:114] 	gradient     :   -0.9860173124
2025-12-23:10:57:54,603 INFO     [psi4.optking.stepAlgorithms:115] 	hessian      :    4.1822185214
2025-12-23:10:57:54,603 INFO     [psi4.optking.stepAlgorithms:206] 	Norm of achieved step-size    0.2239407337
2025-12-23:10:57:54,603 INFO     [psi4.optking.stepAlgorithms:208] 	Norm of achieved step-size (cart):    0.1583500114
2025-12-23:10:57:54,603 INFO     [psi4.optking.opt_helper:164] Molsys:

	                            ===> Fragment 1 <== 

	 Z (Atomic Numbers)          Masses                          Geom                  
	       6.000000            12.000000          0.00000000  0.00000000  1.74641682   
	      15.000000            30.973762          0.00000000  0.00000000 -0.74519527   

	 - Coordinate -           - BOHR/RAD -       - ANG/DEG -
	 R(1,2)           =         2.491612           1.318504

2025-12-23:10:57:54,603 INFO     [psi4.optking.convcheck:76] Performing convergence check.
2025-12-23:10:57:54,603 INFO     [psi4.optking.convcheck:282] 
	                                 ==> Convergence Check <==                                  
    
	Measures of convergence in internal coordinates in au.
    
	Criteria marked as inactive (o), active & met (*), and active & unmet ( ).

	----------------------------------------------------------------------------------------------~
	   Step    Total Energy     Delta E     Max Force     RMS Force      Max Disp      RMS Disp   ~
	----------------------------------------------------------------------------------------------~
	  Convergence Criteria     1.00e-06 *    3.00e-04 *             o    1.20e-03 *             o~
	----------------------------------------------------------------------------------------------~
	     1    -378.62082622   -3.79e+02      9.86e-01      9.86e-01 o    2.24e-01      2.24e-01 o  ~
	----------------------------------------------------------------------------------------------


2025-12-23:10:57:54,603 INFO     [psi4.optking.stepAlgorithms:296] 	Convergence check returned False
2025-12-23:10:57:54,614 INFO     [psi4.driver.task_planner:259] PLANNING Atomic:  keywords={'DAMPING_PERCENTAGE': 1.0, 'GEOM_MAXITER': 500, 'SCF__GUESS': 'READ', 'GUESS': 'SAP', 'MAXITER': 500, 'REFERENCE': 'UKS', 'function_kwargs': {}}
2025-12-23:10:57:54,615 INFO     [psi4.driver.driver:638] Compute gradient(): method=b3lyp, basis=cc-pvdz, molecule=default, nre=36.12119260760363
2025-12-23:10:57:55,110 INFO     [psi4.driver.driver:641] Return gradient(): -378.77943873971867
2025-12-23:10:57:55,110 INFO     [psi4.driver.driver:642] [[-0.00000000  0.00000000 -0.47452809]
 [-0.00000000  0.00000000  0.47452069]]
2025-12-23:10:57:55,111 INFO     [psi4.optking.history:269] 	Performing BFGS update.
2025-12-23:10:57:55,112 INFO     [psi4.optking.history:280] 	Using 1 previous steps for update.
2025-12-23:10:57:55,112 INFO     [psi4.optking.history:317] 	Steps to be used in Hessian update:  1

2025-12-23:10:57:55,112 INFO     [psi4.optking.history:418] 	Updated Hessian (in au) 
 	   2.284055

2025-12-23:10:57:55,112 INFO     [psi4.optking.molsys:944] Projected (PHP) Hessian matrix
	   2.284055

2025-12-23:10:57:55,112 INFO     [psi4.optking.opt_helper:182] 
	         Geometry (au)                                       Gradient (au)
   0.0000000000   0.0000000000   1.7958539374		  -0.0000000000   0.0000000000  -0.4745280876
   0.0000000000   0.0000000000  -0.6957581469		  -0.0000000000   0.0000000000   0.4745206867

2025-12-23:10:57:55,112 INFO     [psi4.optking.stepAlgorithms:368] 	Current Step Report 
 
	Current energy:      -378.7794387397
	Energy change for the previous step:
		Actual       :        -0.1586125238
		Projected    :        -0.1104047202

2025-12-23:10:57:55,112 INFO     [psi4.optking.stepAlgorithms:371] 	Energy ratio =    1.43665
2025-12-23:10:57:55,112 INFO     [psi4.optking.stepAlgorithms:399] 	Energy ratio indicates good step.
2025-12-23:10:57:55,112 INFO     [psi4.optking.stepAlgorithms:400] 	Intrafrag trust radius increased to      1.
2025-12-23:10:57:55,112 INFO     [psi4.optking.stepAlgorithms:929] 	Using RFO solution 1.
2025-12-23:10:57:55,112 INFO     [psi4.optking.displace:100] 	Determining Cartesian step for fragment 1.
2025-12-23:10:57:55,113 INFO     [psi4.optking.displace:415] 	Successfully converged to displaced geometry.
2025-12-23:10:57:55,113 INFO     [psi4.optking.displace:416] 	RMS(dx):  0.000e+00 	Max(dx):  0.000e+00 	RMS(dq):  0.000e+00
2025-12-23:10:57:55,113 INFO     [psi4.optking.displace:172] 

	        --- Internal Coordinate Step in ANG or DEG, aJ/ANG or AJ/DEG ---
	-------------------------------------------------------------------------------
	           Coordinate      Previous         Force          Change          New 
	           ----------      --------        ------          ------        ------
	               R(1,2)       1.31850        3.90948        0.10556       1.42407
	-------------------------------------------------------------------------------

2025-12-23:10:57:55,113 INFO     [psi4.optking.stepAlgorithms:113] 	|target step| :    0.1994875675
2025-12-23:10:57:55,113 INFO     [psi4.optking.stepAlgorithms:114] 	gradient     :   -0.4745243871
2025-12-23:10:57:55,113 INFO     [psi4.optking.stepAlgorithms:115] 	hessian      :    2.2840548782
2025-12-23:10:57:55,113 INFO     [psi4.optking.stepAlgorithms:113] 	|target step| :    0.1994875675
2025-12-23:10:57:55,113 INFO     [psi4.optking.stepAlgorithms:114] 	gradient     :   -0.4745243871
2025-12-23:10:57:55,113 INFO     [psi4.optking.stepAlgorithms:115] 	hessian      :    2.2840548782
2025-12-23:10:57:55,113 INFO     [psi4.optking.stepAlgorithms:206] 	Norm of achieved step-size    0.1994875675
2025-12-23:10:57:55,113 INFO     [psi4.optking.stepAlgorithms:208] 	Norm of achieved step-size (cart):    0.1410590117
2025-12-23:10:57:55,113 INFO     [psi4.optking.opt_helper:164] Molsys:

	                            ===> Fragment 1 <== 

	 Z (Atomic Numbers)          Masses                          Geom                  
	       6.000000            12.000000          0.00000000  0.00000000  1.89559772   
	      15.000000            30.973762          0.00000000  0.00000000 -0.79550193   

	 - Coordinate -           - BOHR/RAD -       - ANG/DEG -
	 R(1,2)           =         2.691100           1.424069

2025-12-23:10:57:55,113 INFO     [psi4.optking.convcheck:76] Performing convergence check.
2025-12-23:10:57:55,113 INFO     [psi4.optking.convcheck:282] 
	                                 ==> Convergence Check <==                                  
    
	Measures of convergence in internal coordinates in au.
    
	Criteria marked as inactive (o), active & met (*), and active & unmet ( ).

	----------------------------------------------------------------------------------------------
	   Step    Total Energy     Delta E     Max Force     RMS Force      Max Disp      RMS Disp   
	----------------------------------------------------------------------------------------------
	  Convergence Criteria     1.00e-06 *    3.00e-04 *             o    1.20e-03 *             o
	----------------------------------------------------------------------------------------------
	     2    -378.77943874   -1.59e-01      4.75e-01      4.75e-01 o    1.99e-01      1.99e-01 o  ~
	----------------------------------------------------------------------------------------------


2025-12-23:10:57:55,113 INFO     [psi4.optking.stepAlgorithms:296] 	Convergence check returned False
2025-12-23:10:57:55,125 INFO     [psi4.driver.task_planner:259] PLANNING Atomic:  keywords={'DAMPING_PERCENTAGE': 1.0, 'GEOM_MAXITER': 500, 'SCF__GUESS': 'READ', 'GUESS': 'SAP', 'MAXITER': 500, 'REFERENCE': 'UKS', 'function_kwargs': {}}
2025-12-23:10:57:55,126 INFO     [psi4.driver.driver:638] Compute gradient(): method=b3lyp, basis=cc-pvdz, molecule=default, nre=33.4435775872857
2025-12-23:10:57:55,659 INFO     [psi4.driver.driver:641] Return gradient(): -378.8445547438755
2025-12-23:10:57:55,659 INFO     [psi4.driver.driver:642] [[-0.00000000  0.00000000 -0.20092354]
 [ 0.00000000  0.00000000  0.20091633]]
2025-12-23:10:57:55,661 INFO     [psi4.optking.history:269] 	Performing BFGS update.
2025-12-23:10:57:55,661 INFO     [psi4.optking.history:280] 	Using 2 previous steps for update.
2025-12-23:10:57:55,661 INFO     [psi4.optking.history:317] 	Steps to be used in Hessian update:  2 1

2025-12-23:10:57:55,661 INFO     [psi4.optking.history:418] 	Updated Hessian (in au) 
 	   1.854145

2025-12-23:10:57:55,661 INFO     [psi4.optking.molsys:944] Projected (PHP) Hessian matrix
	   1.854145

2025-12-23:10:57:55,661 INFO     [psi4.optking.opt_helper:182] 
	         Geometry (au)                                       Gradient (au)
   0.0000000000   0.0000000000   1.9396365655		  -0.0000000000   0.0000000000  -0.2009235422
   0.0000000000   0.0000000000  -0.7514630863		   0.0000000000   0.0000000000   0.2009163283

2025-12-23:10:57:55,661 INFO     [psi4.optking.stepAlgorithms:368] 	Current Step Report 
 
	Current energy:      -378.8445547439
	Energy change for the previous step:
		Actual       :        -0.0651160042
		Projected    :        -0.0473308579

2025-12-23:10:57:55,661 INFO     [psi4.optking.stepAlgorithms:371] 	Energy ratio =    1.37576
2025-12-23:10:57:55,661 INFO     [psi4.optking.stepAlgorithms:929] 	Using RFO solution 1.
2025-12-23:10:57:55,662 INFO     [psi4.optking.displace:100] 	Determining Cartesian step for fragment 1.
2025-12-23:10:57:55,662 INFO     [psi4.optking.displace:415] 	Successfully converged to displaced geometry.
2025-12-23:10:57:55,662 INFO     [psi4.optking.displace:416] 	RMS(dx):  0.000e+00 	Max(dx):  0.000e+00 	RMS(dq):  0.000e+00
2025-12-23:10:57:55,662 INFO     [psi4.optking.displace:172] 

	        --- Internal Coordinate Step in ANG or DEG, aJ/ANG or AJ/DEG ---
	-------------------------------------------------------------------------------
	           Coordinate      Previous         Force          Change          New 
	           ----------      --------        ------          ------        ------
	               R(1,2)       1.42407        1.65532        0.05669       1.48075
	-------------------------------------------------------------------------------

2025-12-23:10:57:55,662 INFO     [psi4.optking.stepAlgorithms:113] 	|target step| :    0.1071191835
2025-12-23:10:57:55,662 INFO     [psi4.optking.stepAlgorithms:114] 	gradient     :   -0.2009199353
2025-12-23:10:57:55,662 INFO     [psi4.optking.stepAlgorithms:115] 	hessian      :    1.8541447864
2025-12-23:10:57:55,662 INFO     [psi4.optking.stepAlgorithms:113] 	|target step| :    0.1071191835
2025-12-23:10:57:55,662 INFO     [psi4.optking.stepAlgorithms:114] 	gradient     :   -0.2009199353
2025-12-23:10:57:55,662 INFO     [psi4.optking.stepAlgorithms:115] 	hessian      :    1.8541447864
2025-12-23:10:57:55,662 INFO     [psi4.optking.stepAlgorithms:206] 	Norm of achieved step-size    0.1071191835
2025-12-23:10:57:55,662 INFO     [psi4.optking.stepAlgorithms:208] 	Norm of achieved step-size (cart):    0.0757447010
2025-12-23:10:57:55,662 INFO     [psi4.optking.opt_helper:164] Molsys:

	                            ===> Fragment 1 <== 

	 Z (Atomic Numbers)          Masses                          Geom                  
	       6.000000            12.000000          0.00000000  0.00000000  1.99319616   
	      15.000000            30.973762          0.00000000  0.00000000 -0.80502268   

	 - Coordinate -           - BOHR/RAD -       - ANG/DEG -
	 R(1,2)           =         2.798219           1.480754

2025-12-23:10:57:55,662 INFO     [psi4.optking.convcheck:76] Performing convergence check.
2025-12-23:10:57:55,663 INFO     [psi4.optking.convcheck:282] 
	                                 ==> Convergence Check <==                                  
    
	Measures of convergence in internal coordinates in au.
    
	Criteria marked as inactive (o), active & met (*), and active & unmet ( ).

	----------------------------------------------------------------------------------------------
	   Step    Total Energy     Delta E     Max Force     RMS Force      Max Disp      RMS Disp   
	----------------------------------------------------------------------------------------------
	  Convergence Criteria     1.00e-06 *    3.00e-04 *             o    1.20e-03 *             o
	----------------------------------------------------------------------------------------------
	     3    -378.84455474   -6.51e-02      2.01e-01      2.01e-01 o    1.07e-01      1.07e-01 o  ~
	----------------------------------------------------------------------------------------------


2025-12-23:10:57:55,663 INFO     [psi4.optking.stepAlgorithms:296] 	Convergence check returned False
2025-12-23:10:57:55,673 INFO     [psi4.driver.task_planner:259] PLANNING Atomic:  keywords={'DAMPING_PERCENTAGE': 1.0, 'GEOM_MAXITER': 500, 'SCF__GUESS': 'READ', 'GUESS': 'SAP', 'MAXITER': 500, 'REFERENCE': 'UKS', 'function_kwargs': {}}
2025-12-23:10:57:55,675 INFO     [psi4.driver.driver:638] Compute gradient(): method=b3lyp, basis=cc-pvdz, molecule=default, nre=32.16331720219866
2025-12-23:10:57:56,201 INFO     [psi4.driver.driver:641] Return gradient(): -378.8605566536478
2025-12-23:10:57:56,201 INFO     [psi4.driver.driver:642] [[ 0.00000000  0.00000000 -0.10252733]
 [ 0.00000000 -0.00000000  0.10251569]]
2025-12-23:10:57:56,203 INFO     [psi4.optking.history:269] 	Performing BFGS update.
2025-12-23:10:57:56,203 INFO     [psi4.optking.history:280] 	Using 3 previous steps for update.
2025-12-23:10:57:56,203 WARNING  [psi4.optking.history:301] 	Change in internal coordinate of 5.31e-01 exceeds limit of 5.00e-01.
2025-12-23:10:57:56,203 WARNING  [psi4.optking.history:306] 	Skipping Hessian update for step 1.
2025-12-23:10:57:56,203 INFO     [psi4.optking.history:317] 	Steps to be used in Hessian update:  3 2

2025-12-23:10:57:56,203 INFO     [psi4.optking.history:418] 	Updated Hessian (in au) 
 	   1.213290

2025-12-23:10:57:56,203 INFO     [psi4.optking.molsys:944] Projected (PHP) Hessian matrix
	   1.213290

2025-12-23:10:57:56,203 INFO     [psi4.optking.opt_helper:182] 
	         Geometry (au)                                       Gradient (au)
   0.0000000000   0.0000000000   2.0168437715		   0.0000000000   0.0000000000  -0.1025273317
   0.0000000000   0.0000000000  -0.7813750638		   0.0000000000  -0.0000000000   0.1025156894

2025-12-23:10:57:56,204 INFO     [psi4.optking.stepAlgorithms:368] 	Current Step Report 
 
	Current energy:      -378.8605566536
	Energy change for the previous step:
		Actual       :        -0.0160019098
		Projected    :        -0.0107611897

2025-12-23:10:57:56,204 INFO     [psi4.optking.stepAlgorithms:371] 	Energy ratio =    1.48700
2025-12-23:10:57:56,204 INFO     [psi4.optking.stepAlgorithms:929] 	Using RFO solution 1.
2025-12-23:10:57:56,204 INFO     [psi4.optking.displace:100] 	Determining Cartesian step for fragment 1.
2025-12-23:10:57:56,204 INFO     [psi4.optking.displace:415] 	Successfully converged to displaced geometry.
2025-12-23:10:57:56,204 INFO     [psi4.optking.displace:416] 	RMS(dx):  0.000e+00 	Max(dx):  0.000e+00 	RMS(dq):  0.000e+00
2025-12-23:10:57:56,204 INFO     [psi4.optking.displace:172] 

	        --- Internal Coordinate Step in ANG or DEG, aJ/ANG or AJ/DEG ---
	-------------------------------------------------------------------------------
	           Coordinate      Previous         Force          Change          New 
	           ----------      --------        ------          ------        ------
	               R(1,2)       1.48075        0.84465        0.04440       1.52515
	-------------------------------------------------------------------------------

2025-12-23:10:57:56,204 INFO     [psi4.optking.stepAlgorithms:113] 	|target step| :    0.0839039146
2025-12-23:10:57:56,204 INFO     [psi4.optking.stepAlgorithms:114] 	gradient     :   -0.1025215106
2025-12-23:10:57:56,204 INFO     [psi4.optking.stepAlgorithms:115] 	hessian      :    1.2132899075
2025-12-23:10:57:56,204 INFO     [psi4.optking.stepAlgorithms:113] 	|target step| :    0.0839039146
2025-12-23:10:57:56,204 INFO     [psi4.optking.stepAlgorithms:114] 	gradient     :   -0.1025215106
2025-12-23:10:57:56,204 INFO     [psi4.optking.stepAlgorithms:115] 	hessian      :    1.2132899075
2025-12-23:10:57:56,204 INFO     [psi4.optking.stepAlgorithms:206] 	Norm of achieved step-size    0.0839039146
2025-12-23:10:57:56,204 INFO     [psi4.optking.stepAlgorithms:208] 	Norm of achieved step-size (cart):    0.0593290270
2025-12-23:10:57:56,204 INFO     [psi4.optking.opt_helper:164] Molsys:

	                            ===> Fragment 1 <== 

	 Z (Atomic Numbers)          Masses                          Geom                  
	       6.000000            12.000000          0.00000000  0.00000000  2.05879573   
	      15.000000            30.973762          0.00000000  0.00000000 -0.82332702   

	 - Coordinate -           - BOHR/RAD -       - ANG/DEG -
	 R(1,2)           =         2.882123           1.525154

2025-12-23:10:57:56,204 INFO     [psi4.optking.convcheck:76] Performing convergence check.
2025-12-23:10:57:56,205 INFO     [psi4.optking.convcheck:282] 
	                                 ==> Convergence Check <==                                  
    
	Measures of convergence in internal coordinates in au.
    
	Criteria marked as inactive (o), active & met (*), and active & unmet ( ).

	----------------------------------------------------------------------------------------------
	   Step    Total Energy     Delta E     Max Force     RMS Force      Max Disp      RMS Disp   
	----------------------------------------------------------------------------------------------
	  Convergence Criteria     1.00e-06 *    3.00e-04 *             o    1.20e-03 *             o
	----------------------------------------------------------------------------------------------
	     4    -378.86055665   -1.60e-02      1.03e-01      1.03e-01 o    8.39e-02      8.39e-02 o  ~
	----------------------------------------------------------------------------------------------


2025-12-23:10:57:56,205 INFO     [psi4.optking.stepAlgorithms:296] 	Convergence check returned False
2025-12-23:10:57:56,215 INFO     [psi4.driver.task_planner:259] PLANNING Atomic:  keywords={'DAMPING_PERCENTAGE': 1.0, 'GEOM_MAXITER': 500, 'SCF__GUESS': 'READ', 'GUESS': 'SAP', 'MAXITER': 500, 'REFERENCE': 'UKS', 'function_kwargs': {}}
2025-12-23:10:57:56,217 INFO     [psi4.driver.driver:638] Compute gradient(): method=b3lyp, basis=cc-pvdz, molecule=default, nre=31.226983654430946
2025-12-23:10:57:56,785 INFO     [psi4.driver.driver:641] Return gradient(): -378.86657230919656
2025-12-23:10:57:56,786 INFO     [psi4.driver.driver:642] [[ 0.00000000  0.00000000 -0.04319701]
 [ 0.00000000  0.00000000  0.04318370]]
2025-12-23:10:57:56,787 INFO     [psi4.optking.history:269] 	Performing BFGS update.
2025-12-23:10:57:56,787 INFO     [psi4.optking.history:280] 	Using 4 previous steps for update.
2025-12-23:10:57:56,787 WARNING  [psi4.optking.history:301] 	Change in internal coordinate of 6.14e-01 exceeds limit of 5.00e-01.
2025-12-23:10:57:56,787 WARNING  [psi4.optking.history:306] 	Skipping Hessian update for step 1.
2025-12-23:10:57:56,788 INFO     [psi4.optking.history:317] 	Steps to be used in Hessian update:  4 3 2

2025-12-23:10:57:56,788 INFO     [psi4.optking.history:418] 	Updated Hessian (in au) 
 	   1.104538

2025-12-23:10:57:56,788 INFO     [psi4.optking.molsys:944] Projected (PHP) Hessian matrix
	   1.104538

2025-12-23:10:57:56,788 INFO     [psi4.optking.opt_helper:182] 
	         Geometry (au)                                       Gradient (au)
   0.0000000000   0.0000000000   2.0773183439		   0.0000000000   0.0000000000  -0.0431970094
   0.0000000000   0.0000000000  -0.8048044060		   0.0000000000   0.0000000000   0.0431837043

2025-12-23:10:57:56,788 INFO     [psi4.optking.stepAlgorithms:368] 	Current Step Report 
 
	Current energy:      -378.8665723092
	Energy change for the previous step:
		Actual       :        -0.0060156555
		Projected    :        -0.0043009780

2025-12-23:10:57:56,788 INFO     [psi4.optking.stepAlgorithms:371] 	Energy ratio =    1.39867
2025-12-23:10:57:56,788 INFO     [psi4.optking.stepAlgorithms:929] 	Using RFO solution 1.
2025-12-23:10:57:56,788 INFO     [psi4.optking.displace:100] 	Determining Cartesian step for fragment 1.
2025-12-23:10:57:56,789 INFO     [psi4.optking.displace:415] 	Successfully converged to displaced geometry.
2025-12-23:10:57:56,789 INFO     [psi4.optking.displace:416] 	RMS(dx):  0.000e+00 	Max(dx):  0.000e+00 	RMS(dq):  0.000e+00
2025-12-23:10:57:56,789 INFO     [psi4.optking.displace:172] 

	        --- Internal Coordinate Step in ANG or DEG, aJ/ANG or AJ/DEG ---
	-------------------------------------------------------------------------------
	           Coordinate      Previous         Force          Change          New 
	           ----------      --------        ------          ------        ------
	               R(1,2)       1.52515        0.35583        0.02066       1.54581
	-------------------------------------------------------------------------------

2025-12-23:10:57:56,789 INFO     [psi4.optking.stepAlgorithms:113] 	|target step| :    0.0390430236
2025-12-23:10:57:56,789 INFO     [psi4.optking.stepAlgorithms:114] 	gradient     :   -0.0431903568
2025-12-23:10:57:56,789 INFO     [psi4.optking.stepAlgorithms:115] 	hessian      :    1.1045384117
2025-12-23:10:57:56,789 INFO     [psi4.optking.stepAlgorithms:113] 	|target step| :    0.0390430236
2025-12-23:10:57:56,789 INFO     [psi4.optking.stepAlgorithms:114] 	gradient     :   -0.0431903568
2025-12-23:10:57:56,789 INFO     [psi4.optking.stepAlgorithms:115] 	hessian      :    1.1045384117
2025-12-23:10:57:56,789 INFO     [psi4.optking.stepAlgorithms:206] 	Norm of achieved step-size    0.0390430236
2025-12-23:10:57:56,789 INFO     [psi4.optking.stepAlgorithms:208] 	Norm of achieved step-size (cart):    0.0276075867
2025-12-23:10:57:56,789 INFO     [psi4.optking.opt_helper:164] Molsys:

	                            ===> Fragment 1 <== 

	 Z (Atomic Numbers)          Masses                          Geom                  
	       6.000000            12.000000          0.00000000  0.00000000  2.09683986   
	      15.000000            30.973762          0.00000000  0.00000000 -0.82432592   

	 - Coordinate -           - BOHR/RAD -       - ANG/DEG -
	 R(1,2)           =         2.921166           1.545814

2025-12-23:10:57:56,789 INFO     [psi4.optking.convcheck:76] Performing convergence check.
2025-12-23:10:57:56,789 INFO     [psi4.optking.convcheck:282] 
	                                 ==> Convergence Check <==                                  
    
	Measures of convergence in internal coordinates in au.
    
	Criteria marked as inactive (o), active & met (*), and active & unmet ( ).

	----------------------------------------------------------------------------------------------
	   Step    Total Energy     Delta E     Max Force     RMS Force      Max Disp      RMS Disp   
	----------------------------------------------------------------------------------------------
	  Convergence Criteria     1.00e-06 *    3.00e-04 *             o    1.20e-03 *             o
	----------------------------------------------------------------------------------------------
	     5    -378.86657231   -6.02e-03      4.32e-02      4.32e-02 o    3.90e-02      3.90e-02 o  ~
	----------------------------------------------------------------------------------------------


2025-12-23:10:57:56,789 INFO     [psi4.optking.stepAlgorithms:296] 	Convergence check returned False
2025-12-23:10:57:56,801 INFO     [psi4.driver.task_planner:259] PLANNING Atomic:  keywords={'DAMPING_PERCENTAGE': 1.0, 'GEOM_MAXITER': 500, 'SCF__GUESS': 'READ', 'GUESS': 'SAP', 'MAXITER': 500, 'REFERENCE': 'UKS', 'function_kwargs': {}}
2025-12-23:10:57:56,802 INFO     [psi4.driver.driver:638] Compute gradient(): method=b3lyp, basis=cc-pvdz, molecule=default, nre=30.80961745403418
2025-12-23:10:57:57,330 INFO     [psi4.driver.driver:641] Return gradient(): -378.86779850998215
2025-12-23:10:57:57,330 INFO     [psi4.driver.driver:642] [[ 0.00000000  0.00000000 -0.02006538]
 [-0.00000000  0.00000000  0.02005232]]
2025-12-23:10:57:57,332 INFO     [psi4.optking.history:269] 	Performing BFGS update.
2025-12-23:10:57:57,332 INFO     [psi4.optking.history:280] 	Using 4 previous steps for update.
2025-12-23:10:57:57,332 INFO     [psi4.optking.history:317] 	Steps to be used in Hessian update:  5 4 3 2

2025-12-23:10:57:57,332 INFO     [psi4.optking.history:418] 	Updated Hessian (in au) 
 	   1.057995

2025-12-23:10:57:57,333 INFO     [psi4.optking.molsys:944] Projected (PHP) Hessian matrix
	   1.057995

2025-12-23:10:57:57,333 INFO     [psi4.optking.opt_helper:182] 
	         Geometry (au)                                       Gradient (au)
   0.0000000000   0.0000000000   2.1054589875		   0.0000000000   0.0000000000  -0.0200653780
   0.0000000000   0.0000000000  -0.8157067860		  -0.0000000000   0.0000000000   0.0200523175

2025-12-23:10:57:57,333 INFO     [psi4.optking.stepAlgorithms:368] 	Current Step Report 
 
	Current energy:      -378.8677985100
	Energy change for the previous step:
		Actual       :        -0.0012262008
		Projected    :        -0.0008431411

2025-12-23:10:57:57,333 INFO     [psi4.optking.stepAlgorithms:371] 	Energy ratio =    1.45432
2025-12-23:10:57:57,333 INFO     [psi4.optking.stepAlgorithms:929] 	Using RFO solution 1.
2025-12-23:10:57:57,333 INFO     [psi4.optking.displace:100] 	Determining Cartesian step for fragment 1.
2025-12-23:10:57:57,334 INFO     [psi4.optking.displace:415] 	Successfully converged to displaced geometry.
2025-12-23:10:57:57,334 INFO     [psi4.optking.displace:416] 	RMS(dx):  0.000e+00 	Max(dx):  0.000e+00 	RMS(dq):  0.000e+00
2025-12-23:10:57:57,334 INFO     [psi4.optking.displace:172] 

	        --- Internal Coordinate Step in ANG or DEG, aJ/ANG or AJ/DEG ---
	-------------------------------------------------------------------------------
	           Coordinate      Previous         Force          Change          New 
	           ----------      --------        ------          ------        ------
	               R(1,2)       1.54581        0.16526        0.01003       1.55584
	-------------------------------------------------------------------------------

2025-12-23:10:57:57,334 INFO     [psi4.optking.stepAlgorithms:113] 	|target step| :    0.0189524977
2025-12-23:10:57:57,334 INFO     [psi4.optking.stepAlgorithms:114] 	gradient     :   -0.0200588478
2025-12-23:10:57:57,334 INFO     [psi4.optking.stepAlgorithms:115] 	hessian      :    1.0579947299
2025-12-23:10:57:57,334 INFO     [psi4.optking.stepAlgorithms:113] 	|target step| :    0.0189524977
2025-12-23:10:57:57,334 INFO     [psi4.optking.stepAlgorithms:114] 	gradient     :   -0.0200588478
2025-12-23:10:57:57,334 INFO     [psi4.optking.stepAlgorithms:115] 	hessian      :    1.0579947299
2025-12-23:10:57:57,334 INFO     [psi4.optking.stepAlgorithms:206] 	Norm of achieved step-size    0.0189524977
2025-12-23:10:57:57,334 INFO     [psi4.optking.stepAlgorithms:208] 	Norm of achieved step-size (cart):    0.0134014397
2025-12-23:10:57:57,334 INFO     [psi4.optking.opt_helper:164] Molsys:

	                            ===> Fragment 1 <== 

	 Z (Atomic Numbers)          Masses                          Geom                  
	       6.000000            12.000000          0.00000000  0.00000000  2.11493524   
	      15.000000            30.973762          0.00000000  0.00000000 -0.82518303   

	 - Coordinate -           - BOHR/RAD -       - ANG/DEG -
	 R(1,2)           =         2.940118           1.555844

2025-12-23:10:57:57,334 INFO     [psi4.optking.convcheck:76] Performing convergence check.
2025-12-23:10:57:57,334 INFO     [psi4.optking.convcheck:282] 
	                                 ==> Convergence Check <==                                  
    
	Measures of convergence in internal coordinates in au.
    
	Criteria marked as inactive (o), active & met (*), and active & unmet ( ).

	----------------------------------------------------------------------------------------------
	   Step    Total Energy     Delta E     Max Force     RMS Force      Max Disp      RMS Disp   
	----------------------------------------------------------------------------------------------
	  Convergence Criteria     1.00e-06 *    3.00e-04 *             o    1.20e-03 *             o
	----------------------------------------------------------------------------------------------
	     6    -378.86779851   -1.23e-03      2.01e-02      2.01e-02 o    1.90e-02      1.90e-02 o  ~
	----------------------------------------------------------------------------------------------


2025-12-23:10:57:57,334 INFO     [psi4.optking.stepAlgorithms:296] 	Convergence check returned False
2025-12-23:10:57:57,345 INFO     [psi4.driver.task_planner:259] PLANNING Atomic:  keywords={'DAMPING_PERCENTAGE': 1.0, 'GEOM_MAXITER': 500, 'SCF__GUESS': 'READ', 'GUESS': 'SAP', 'MAXITER': 500, 'REFERENCE': 'UKS', 'function_kwargs': {}}
2025-12-23:10:57:57,347 INFO     [psi4.driver.driver:638] Compute gradient(): method=b3lyp, basis=cc-pvdz, molecule=default, nre=30.61101346930143
2025-12-23:10:57:57,865 INFO     [psi4.driver.driver:641] Return gradient(): -378.86808004653255
2025-12-23:10:57:57,865 INFO     [psi4.driver.driver:642] [[ 0.00000000  0.00000000 -0.00975901]
 [-0.00000000  0.00000000  0.00974501]]
2025-12-23:10:57:57,867 INFO     [psi4.optking.history:269] 	Performing BFGS update.
2025-12-23:10:57:57,867 INFO     [psi4.optking.history:280] 	Using 4 previous steps for update.
2025-12-23:10:57:57,867 INFO     [psi4.optking.history:317] 	Steps to be used in Hessian update:  6 5 4 3

2025-12-23:10:57:57,867 INFO     [psi4.optking.history:418] 	Updated Hessian (in au) 
 	   0.767685

2025-12-23:10:57:57,867 INFO     [psi4.optking.molsys:944] Projected (PHP) Hessian matrix
	   0.767685

2025-12-23:10:57:57,868 INFO     [psi4.optking.opt_helper:182] 
	         Geometry (au)                                       Gradient (au)
   0.0000000000   0.0000000000   2.1191191868		   0.0000000000   0.0000000000  -0.0097590117
   0.0000000000   0.0000000000  -0.8209990844		  -0.0000000000   0.0000000000   0.0097450110

2025-12-23:10:57:57,868 INFO     [psi4.optking.stepAlgorithms:368] 	Current Step Report 
 
	Current energy:      -378.8680800465
	Energy change for the previous step:
		Actual       :        -0.0002815366
		Projected    :        -0.0001900826

2025-12-23:10:57:57,868 INFO     [psi4.optking.stepAlgorithms:371] 	Energy ratio =    1.48113
2025-12-23:10:57:57,868 INFO     [psi4.optking.stepAlgorithms:929] 	Using RFO solution 1.
2025-12-23:10:57:57,868 INFO     [psi4.optking.displace:100] 	Determining Cartesian step for fragment 1.
2025-12-23:10:57:57,868 INFO     [psi4.optking.displace:415] 	Successfully converged to displaced geometry.
2025-12-23:10:57:57,868 INFO     [psi4.optking.displace:416] 	RMS(dx):  1.282e-16 	Max(dx):  2.220e-16 	RMS(dq):  4.441e-16
2025-12-23:10:57:57,868 INFO     [psi4.optking.displace:172] 

	        --- Internal Coordinate Step in ANG or DEG, aJ/ANG or AJ/DEG ---
	-------------------------------------------------------------------------------
	           Coordinate      Previous         Force          Change          New 
	           ----------      --------        ------          ------        ------
	               R(1,2)       1.55584        0.08034        0.00672       1.56256
	-------------------------------------------------------------------------------

2025-12-23:10:57:57,868 INFO     [psi4.optking.stepAlgorithms:113] 	|target step| :    0.0127010882
2025-12-23:10:57:57,868 INFO     [psi4.optking.stepAlgorithms:114] 	gradient     :   -0.0097520114
2025-12-23:10:57:57,868 INFO     [psi4.optking.stepAlgorithms:115] 	hessian      :    0.7676852613
2025-12-23:10:57:57,868 INFO     [psi4.optking.stepAlgorithms:113] 	|target step| :    0.0127010882
2025-12-23:10:57:57,868 INFO     [psi4.optking.stepAlgorithms:114] 	gradient     :   -0.0097520114
2025-12-23:10:57:57,868 INFO     [psi4.optking.stepAlgorithms:115] 	hessian      :    0.7676852613
2025-12-23:10:57:57,868 INFO     [psi4.optking.stepAlgorithms:206] 	Norm of achieved step-size    0.0127010882
2025-12-23:10:57:57,868 INFO     [psi4.optking.stepAlgorithms:208] 	Norm of achieved step-size (cart):    0.0089810256
2025-12-23:10:57:57,868 INFO     [psi4.optking.opt_helper:164] Molsys:

	                            ===> Fragment 1 <== 

	 Z (Atomic Numbers)          Masses                          Geom                  
	       6.000000            12.000000          0.00000000  0.00000000  2.12546973   
	      15.000000            30.973762          0.00000000  0.00000000 -0.82734963   

	 - Coordinate -           - BOHR/RAD -       - ANG/DEG -
	 R(1,2)           =         2.952819           1.562565

2025-12-23:10:57:57,869 INFO     [psi4.optking.convcheck:76] Performing convergence check.
2025-12-23:10:57:57,869 INFO     [psi4.optking.convcheck:282] 
	                                 ==> Convergence Check <==                                  
    
	Measures of convergence in internal coordinates in au.
    
	Criteria marked as inactive (o), active & met (*), and active & unmet ( ).

	----------------------------------------------------------------------------------------------
	   Step    Total Energy     Delta E     Max Force     RMS Force      Max Disp      RMS Disp   
	----------------------------------------------------------------------------------------------
	  Convergence Criteria     1.00e-06 *    3.00e-04 *             o    1.20e-03 *             o
	----------------------------------------------------------------------------------------------
	     7    -378.86808005   -2.82e-04      9.75e-03      9.75e-03 o    1.27e-02      1.27e-02 o  ~
	----------------------------------------------------------------------------------------------


2025-12-23:10:57:57,869 INFO     [psi4.optking.stepAlgorithms:296] 	Convergence check returned False
2025-12-23:10:57:57,881 INFO     [psi4.driver.task_planner:259] PLANNING Atomic:  keywords={'DAMPING_PERCENTAGE': 1.0, 'GEOM_MAXITER': 500, 'SCF__GUESS': 'READ', 'GUESS': 'SAP', 'MAXITER': 500, 'REFERENCE': 'UKS', 'function_kwargs': {}}
2025-12-23:10:57:57,882 INFO     [psi4.driver.driver:638] Compute gradient(): method=b3lyp, basis=cc-pvdz, molecule=default, nre=30.47934500782342
2025-12-23:10:57:58,382 INFO     [psi4.driver.driver:641] Return gradient(): -378.86816179721296
2025-12-23:10:57:58,382 INFO     [psi4.driver.driver:642] [[-0.00000000  0.00000000 -0.00317203]
 [ 0.00000000  0.00000000  0.00315708]]
2025-12-23:10:57:58,384 INFO     [psi4.optking.history:269] 	Performing BFGS update.
2025-12-23:10:57:58,384 INFO     [psi4.optking.history:280] 	Using 4 previous steps for update.
2025-12-23:10:57:58,384 INFO     [psi4.optking.history:317] 	Steps to be used in Hessian update:  7 6 5 4

2025-12-23:10:57:58,384 INFO     [psi4.optking.history:418] 	Updated Hessian (in au) 
 	   0.642669

2025-12-23:10:57:58,384 INFO     [psi4.optking.molsys:944] Projected (PHP) Hessian matrix
	   0.642669

2025-12-23:10:57:58,384 INFO     [psi4.optking.opt_helper:182] 
	         Geometry (au)                                       Gradient (au)
   0.0000000000   0.0000000000   2.1282736211		  -0.0000000000   0.0000000000  -0.0031720302
   0.0000000000   0.0000000000  -0.8245457383		   0.0000000000   0.0000000000   0.0031570809

2025-12-23:10:57:58,384 INFO     [psi4.optking.stepAlgorithms:368] 	Current Step Report 
 
	Current energy:      -378.8681617972
	Energy change for the previous step:
		Actual       :        -0.0000817507
		Projected    :        -0.0000619306

2025-12-23:10:57:58,384 INFO     [psi4.optking.stepAlgorithms:371] 	Energy ratio =    1.32004
2025-12-23:10:57:58,384 INFO     [psi4.optking.stepAlgorithms:929] 	Using RFO solution 1.
2025-12-23:10:57:58,384 INFO     [psi4.optking.displace:100] 	Determining Cartesian step for fragment 1.
2025-12-23:10:57:58,385 INFO     [psi4.optking.displace:415] 	Successfully converged to displaced geometry.
2025-12-23:10:57:58,385 INFO     [psi4.optking.displace:416] 	RMS(dx):  0.000e+00 	Max(dx):  0.000e+00 	RMS(dq):  0.000e+00
2025-12-23:10:57:58,385 INFO     [psi4.optking.displace:172] 

	        --- Internal Coordinate Step in ANG or DEG, aJ/ANG or AJ/DEG ---
	-------------------------------------------------------------------------------
	           Coordinate      Previous         Force          Change          New 
	           ----------      --------        ------          ------        ------
	               R(1,2)       1.56256        0.02607        0.00261       1.56517
	-------------------------------------------------------------------------------

2025-12-23:10:57:58,385 INFO     [psi4.optking.stepAlgorithms:113] 	|target step| :    0.0049239641
2025-12-23:10:57:58,385 INFO     [psi4.optking.stepAlgorithms:114] 	gradient     :   -0.0031645555
2025-12-23:10:57:58,385 INFO     [psi4.optking.stepAlgorithms:115] 	hessian      :    0.6426689406
2025-12-23:10:57:58,385 INFO     [psi4.optking.stepAlgorithms:113] 	|target step| :    0.0049239641
2025-12-23:10:57:58,385 INFO     [psi4.optking.stepAlgorithms:114] 	gradient     :   -0.0031645555
2025-12-23:10:57:58,385 INFO     [psi4.optking.stepAlgorithms:115] 	hessian      :    0.6426689406
2025-12-23:10:57:58,385 INFO     [psi4.optking.stepAlgorithms:206] 	Norm of achieved step-size    0.0049239641
2025-12-23:10:57:58,385 INFO     [psi4.optking.stepAlgorithms:208] 	Norm of achieved step-size (cart):    0.0034817684
2025-12-23:10:57:58,385 INFO     [psi4.optking.opt_helper:164] Molsys:

	                            ===> Fragment 1 <== 

	 Z (Atomic Numbers)          Masses                          Geom                  
	       6.000000            12.000000          0.00000000  0.00000000  2.13073560   
	      15.000000            30.973762          0.00000000  0.00000000 -0.82700772   

	 - Coordinate -           - BOHR/RAD -       - ANG/DEG -
	 R(1,2)           =         2.957743           1.565170

2025-12-23:10:57:58,385 INFO     [psi4.optking.convcheck:76] Performing convergence check.
2025-12-23:10:57:58,385 INFO     [psi4.optking.convcheck:282] 
	                                 ==> Convergence Check <==                                  
    
	Measures of convergence in internal coordinates in au.
    
	Criteria marked as inactive (o), active & met (*), and active & unmet ( ).

	----------------------------------------------------------------------------------------------
	   Step    Total Energy     Delta E     Max Force     RMS Force      Max Disp      RMS Disp   
	----------------------------------------------------------------------------------------------
	  Convergence Criteria     1.00e-06 *    3.00e-04 *             o    1.20e-03 *             o
	----------------------------------------------------------------------------------------------
	     8    -378.86816180   -8.18e-05      3.16e-03      3.16e-03 o    4.92e-03      4.92e-03 o  ~
	----------------------------------------------------------------------------------------------


2025-12-23:10:57:58,385 INFO     [psi4.optking.stepAlgorithms:296] 	Convergence check returned False
2025-12-23:10:57:58,396 INFO     [psi4.driver.task_planner:259] PLANNING Atomic:  keywords={'DAMPING_PERCENTAGE': 1.0, 'GEOM_MAXITER': 500, 'SCF__GUESS': 'READ', 'GUESS': 'SAP', 'MAXITER': 500, 'REFERENCE': 'UKS', 'function_kwargs': {}}
2025-12-23:10:57:58,397 INFO     [psi4.driver.driver:638] Compute gradient(): method=b3lyp, basis=cc-pvdz, molecule=default, nre=30.428603890477472
2025-12-23:10:57:58,930 INFO     [psi4.driver.driver:641] Return gradient(): -378.8681712438253
2025-12-23:10:57:58,931 INFO     [psi4.driver.driver:642] [[ 0.00000000  0.00000000 -0.00068554]
 [ 0.00000000  0.00000000  0.00067018]]
2025-12-23:10:57:58,932 INFO     [psi4.optking.history:269] 	Performing BFGS update.
2025-12-23:10:57:58,932 INFO     [psi4.optking.history:280] 	Using 4 previous steps for update.
2025-12-23:10:57:58,932 INFO     [psi4.optking.history:317] 	Steps to be used in Hessian update:  8 7 6 5

2025-12-23:10:57:58,933 INFO     [psi4.optking.history:418] 	Updated Hessian (in au) 
 	   0.562182

2025-12-23:10:57:58,933 INFO     [psi4.optking.molsys:944] Projected (PHP) Hessian matrix
	   0.562182

2025-12-23:10:57:58,933 INFO     [psi4.optking.opt_helper:182] 
	         Geometry (au)                                       Gradient (au)
   0.0000000000   0.0000000000   2.1318226167		   0.0000000000   0.0000000000  -0.0006855361
   0.0000000000   0.0000000000  -0.8259207068		   0.0000000000   0.0000000000   0.0006701817

2025-12-23:10:57:58,933 INFO     [psi4.optking.stepAlgorithms:368] 	Current Step Report 
 
	Current energy:      -378.8681712438
	Energy change for the previous step:
		Actual       :        -0.0000094466
		Projected    :        -0.0000077911

2025-12-23:10:57:58,933 INFO     [psi4.optking.stepAlgorithms:371] 	Energy ratio =    1.21249
2025-12-23:10:57:58,933 INFO     [psi4.optking.stepAlgorithms:929] 	Using RFO solution 1.
2025-12-23:10:57:58,933 INFO     [psi4.optking.displace:100] 	Determining Cartesian step for fragment 1.
2025-12-23:10:57:58,933 INFO     [psi4.optking.displace:415] 	Successfully converged to displaced geometry.
2025-12-23:10:57:58,933 INFO     [psi4.optking.displace:416] 	RMS(dx):  0.000e+00 	Max(dx):  0.000e+00 	RMS(dq):  0.000e+00
2025-12-23:10:57:58,933 INFO     [psi4.optking.displace:172] 

	        --- Internal Coordinate Step in ANG or DEG, aJ/ANG or AJ/DEG ---
	-------------------------------------------------------------------------------
	           Coordinate      Previous         Force          Change          New 
	           ----------      --------        ------          ------        ------
	               R(1,2)       1.56517        0.00558        0.00064       1.56581
	-------------------------------------------------------------------------------

2025-12-23:10:57:58,933 INFO     [psi4.optking.stepAlgorithms:113] 	|target step| :    0.0012057632
2025-12-23:10:57:58,933 INFO     [psi4.optking.stepAlgorithms:114] 	gradient     :   -0.0006778589
2025-12-23:10:57:58,933 INFO     [psi4.optking.stepAlgorithms:115] 	hessian      :    0.5621816377
2025-12-23:10:57:58,933 INFO     [psi4.optking.stepAlgorithms:113] 	|target step| :    0.0012057632
2025-12-23:10:57:58,933 INFO     [psi4.optking.stepAlgorithms:114] 	gradient     :   -0.0006778589
2025-12-23:10:57:58,933 INFO     [psi4.optking.stepAlgorithms:115] 	hessian      :    0.5621816377
2025-12-23:10:57:58,933 INFO     [psi4.optking.stepAlgorithms:206] 	Norm of achieved step-size    0.0012057632
2025-12-23:10:57:58,933 INFO     [psi4.optking.stepAlgorithms:208] 	Norm of achieved step-size (cart):    0.0008526033
2025-12-23:10:57:58,934 INFO     [psi4.optking.opt_helper:164] Molsys:

	                            ===> Fragment 1 <== 

	 Z (Atomic Numbers)          Masses                          Geom                  
	       6.000000            12.000000          0.00000000  0.00000000  2.13242550   
	      15.000000            30.973762          0.00000000  0.00000000 -0.82652359   

	 - Coordinate -           - BOHR/RAD -       - ANG/DEG -
	 R(1,2)           =         2.958949           1.565808

2025-12-23:10:57:58,934 INFO     [psi4.optking.convcheck:76] Performing convergence check.
2025-12-23:10:57:58,934 INFO     [psi4.optking.convcheck:282] 
	                                 ==> Convergence Check <==                                  
    
	Measures of convergence in internal coordinates in au.
    
	Criteria marked as inactive (o), active & met (*), and active & unmet ( ).

	----------------------------------------------------------------------------------------------
	   Step    Total Energy     Delta E     Max Force     RMS Force      Max Disp      RMS Disp   
	----------------------------------------------------------------------------------------------
	  Convergence Criteria     1.00e-06 *    3.00e-04 *             o    1.20e-03 *             o
	----------------------------------------------------------------------------------------------
	     9    -378.86817124   -9.45e-06      6.78e-04      6.78e-04 o    1.21e-03      1.21e-03 o  ~
	----------------------------------------------------------------------------------------------


2025-12-23:10:57:58,934 INFO     [psi4.optking.stepAlgorithms:296] 	Convergence check returned False
2025-12-23:10:57:58,944 INFO     [psi4.driver.task_planner:259] PLANNING Atomic:  keywords={'DAMPING_PERCENTAGE': 1.0, 'GEOM_MAXITER': 500, 'SCF__GUESS': 'READ', 'GUESS': 'SAP', 'MAXITER': 500, 'REFERENCE': 'UKS', 'function_kwargs': {}}
2025-12-23:10:57:58,946 INFO     [psi4.driver.driver:638] Compute gradient(): method=b3lyp, basis=cc-pvdz, molecule=default, nre=30.416204322647157
2025-12-23:10:57:59,474 INFO     [psi4.driver.driver:641] Return gradient(): -378.8681717001514
2025-12-23:10:57:59,474 INFO     [psi4.driver.driver:642] [[ 0.00000000  0.00000000 -0.00008229]
 [ 0.00000000  0.00000000  0.00006683]]
2025-12-23:10:57:59,476 INFO     [psi4.optking.history:269] 	Performing BFGS update.
2025-12-23:10:57:59,476 INFO     [psi4.optking.history:280] 	Using 4 previous steps for update.
2025-12-23:10:57:59,476 INFO     [psi4.optking.history:317] 	Steps to be used in Hessian update:  9 8 7 6

2025-12-23:10:57:59,476 INFO     [psi4.optking.history:418] 	Updated Hessian (in au) 
 	   0.528918

2025-12-23:10:57:59,476 INFO     [psi4.optking.molsys:944] Projected (PHP) Hessian matrix
	   0.528918

2025-12-23:10:57:59,476 INFO     [psi4.optking.opt_helper:182] 
	         Geometry (au)                                       Gradient (au)
   0.0000000000   0.0000000000   2.1326916824		   0.0000000000   0.0000000000  -0.0000822891
   0.0000000000   0.0000000000  -0.8262574043		   0.0000000000   0.0000000000   0.0000668341

2025-12-23:10:57:59,476 INFO     [psi4.optking.stepAlgorithms:368] 	Current Step Report 
 
	Current energy:      -378.8681717002
	Energy change for the previous step:
		Actual       :        -0.0000004563
		Projected    :        -0.0000004087

2025-12-23:10:57:59,476 INFO     [psi4.optking.stepAlgorithms:371] 	Energy ratio =    1.11662
2025-12-23:10:57:59,477 INFO     [psi4.optking.stepAlgorithms:929] 	Using RFO solution 1.
2025-12-23:10:57:59,477 INFO     [psi4.optking.displace:100] 	Determining Cartesian step for fragment 1.
2025-12-23:10:57:59,477 INFO     [psi4.optking.displace:415] 	Successfully converged to displaced geometry.
2025-12-23:10:57:59,477 INFO     [psi4.optking.displace:416] 	RMS(dx):  0.000e+00 	Max(dx):  0.000e+00 	RMS(dq):  0.000e+00
2025-12-23:10:57:59,477 INFO     [psi4.optking.displace:172] 

	        --- Internal Coordinate Step in ANG or DEG, aJ/ANG or AJ/DEG ---
	-------------------------------------------------------------------------------
	           Coordinate      Previous         Force          Change          New 
	           ----------      --------        ------          ------        ------
	               R(1,2)       1.56581        0.00061        0.00007       1.56588
	-------------------------------------------------------------------------------

2025-12-23:10:57:59,477 INFO     [psi4.optking.stepAlgorithms:113] 	|target step| :    0.0001409699
2025-12-23:10:57:59,477 INFO     [psi4.optking.stepAlgorithms:114] 	gradient     :   -0.0000745616
2025-12-23:10:57:59,477 INFO     [psi4.optking.stepAlgorithms:115] 	hessian      :    0.5289183107
2025-12-23:10:57:59,477 INFO     [psi4.optking.stepAlgorithms:113] 	|target step| :    0.0001409699
2025-12-23:10:57:59,477 INFO     [psi4.optking.stepAlgorithms:114] 	gradient     :   -0.0000745616
2025-12-23:10:57:59,477 INFO     [psi4.optking.stepAlgorithms:115] 	hessian      :    0.5289183107
2025-12-23:10:57:59,477 INFO     [psi4.optking.stepAlgorithms:206] 	Norm of achieved step-size    0.0001409699
2025-12-23:10:57:59,477 INFO     [psi4.optking.stepAlgorithms:208] 	Norm of achieved step-size (cart):    0.0000996808
2025-12-23:10:57:59,477 INFO     [psi4.optking.opt_helper:164] Molsys:

	                            ===> Fragment 1 <== 

	 Z (Atomic Numbers)          Masses                          Geom                  
	       6.000000            12.000000          0.00000000  0.00000000  2.13276217   
	      15.000000            30.973762          0.00000000  0.00000000 -0.82632789   

	 - Coordinate -           - BOHR/RAD -       - ANG/DEG -
	 R(1,2)           =         2.959090           1.565883

2025-12-23:10:57:59,477 INFO     [psi4.optking.convcheck:76] Performing convergence check.
2025-12-23:10:57:59,478 INFO     [psi4.optking.convcheck:282] 
	                                 ==> Convergence Check <==                                  
    
	Measures of convergence in internal coordinates in au.
    
	Criteria marked as inactive (o), active & met (*), and active & unmet ( ).

	----------------------------------------------------------------------------------------------
	   Step    Total Energy     Delta E     Max Force     RMS Force      Max Disp      RMS Disp   
	----------------------------------------------------------------------------------------------
	  Convergence Criteria     1.00e-06 *    3.00e-04 *             o    1.20e-03 *             o
	----------------------------------------------------------------------------------------------
	    10    -378.86817170   -4.56e-07 *    7.46e-05 *    7.46e-05 o    1.41e-04 *    1.41e-04 o  ~
	----------------------------------------------------------------------------------------------


2025-12-23:10:57:59,478 INFO     [psi4.optking.convcheck:206] 
	                      ===> Final Convergence Report <===                     

	----------------------------------------------------------------------------
	|   Required Criteria    |  One or More Criteria  |   Alternate Criteria   |
	----------------------------------------------------------------------------
	| [x]     max_force      | [x]       max_DE       |                        |
	|                        | [x]      max_disp      |                        |
	----------------------------------------------------------------------------


2025-12-23:10:57:59,478 INFO     [psi4.optking.stepAlgorithms:296] 	Convergence check returned True
2025-12-23:10:57:59,478 INFO     [psi4.optking.optimize:332] 	Converged in 10 steps!
2025-12-23:10:57:59,478 INFO     [psi4.optking.optimize:333] 	Final energy is   -378.8681717001514
2025-12-23:10:57:59,478 INFO     [psi4.optking.optimize:334] 	Final structure (Angstroms): 
	Fragment 1 (Ang)

	    C   0.0000000000   0.0000000000   1.1286091348
	    P   0.0000000000   0.0000000000  -0.4372738875


2025-12-23:10:57:59,478 INFO     [psi4.optking.optimize:562] 	Optimization Finished

	==> Optimization Summary <==

        
	Measures of convergence in internal coordinates in au. (Any backward steps not shown.)
        
	---------------------------------------------------------------------------------------------------------------  ~
        
	 Step         Total Energy             Delta E       MAX Force       RMS Force        MAX Disp        RMS Disp   ~
        
	---------------------------------------------------------------------------------------------------------------  ~
        
	     1    -378.620826215873   -378.620826215873      0.98601731      0.98601731      0.22394073      0.22394073  ~
	     2    -378.779438739719     -0.158612523846      0.47452439      0.47452439      0.19948757      0.19948757  ~
	     3    -378.844554743876     -0.065116004157      0.20091994      0.20091994      0.10711918      0.10711918  ~
	     4    -378.860556653648     -0.016001909772      0.10252151      0.10252151      0.08390391      0.08390391  ~
	     5    -378.866572309197     -0.006015655549      0.04319036      0.04319036      0.03904302      0.03904302  ~
	     6    -378.867798509982     -0.001226200786      0.02005885      0.02005885      0.01895250      0.01895250  ~
	     7    -378.868080046533     -0.000281536550      0.00975201      0.00975201      0.01270109      0.01270109  ~
	     8    -378.868161797213     -0.000081750680      0.00316456      0.00316456      0.00492396      0.00492396  ~
	     9    -378.868171243825     -0.000009446612      0.00067786      0.00067786      0.00120576      0.00120576  ~
	    10    -378.868171700151     -0.000000456326      0.00007456      0.00007456      0.00014097      0.00014097  ~
	----------------------------------------------------------------------------------------------------------------


2025-12-23:10:57:59,478 INFO     [psi4.optking.optimize:806] Preparing OptimizationResult
