2025-12-23:11:15:03,6 WARNING  [psi4.optking:38] Some dependencies such as QCElemental have not yet finished migration to pydantic v2. If issues are encountered please downgrade pydantic or upgrade QCElemental as appropriate
2025-12-23:11:15:03,166 INFO     [psi4.optking.optwrapper:234] Creating a UserComputer
2025-12-23:11:15:03,166 INFO     [psi4.optking.optwrapper:242] 
    			-----------------------------------------

    			 OPTKING 3.0: for geometry optimizations 

    			     By R.A. King, Bethel University     

    			        with contributions from          

    			    A.V. Copan, J. Cayton, A. Heide      

    			-----------------------------------------

    
2025-12-23:11:15:03,166 INFO     [psi4.optking.optwrapper:272] 
		 -- Optimization Parameters --
	GEOM_MAXITER                   =             500
	ALG_GEOM_MAXITER               =              50
	PRINT                          =               1
	OPT_TYPE                       =             MIN
	STEP_TYPE                      =             RFO
	PROGRAM                        =            PSI4
	STEEPEST_DESCENT_TYPE          =         OVERLAP
	CONJUGATE_GRADIENT_TYPE        =        FLETCHER
	OPT_COORDINATES                =        INTERNAL
	RFO_FOLLOW_ROOT                =           False
	RFO_ROOT                       =               0
	ACCEPT_SYMMETRY_BREAKING       =           False
	DYNAMIC_LVL                    =               0
	DYNAMIC_LVL_MAX                =               0
	IRC_STEP_SIZE                  =             0.2
	IRC_DIRECTION                  =         FORWARD
	IRC_POINTS                     =              20
	IRC_MODE                       =          NORMAL
	IRC_CONVERGENCE                =            -0.7
	INTRAFRAG_STEP_LIMIT           =             0.5
	INTRAFRAG_STEP_LIMIT_MIN       =           0.001
	INTRAFRAG_STEP_LIMIT_MAX       =             1.0
	INTERFRAG_STEP_LIMIT           =             0.5
	INTERFRAG_STEP_LIMIT_MIN       =           0.001
	INTERFRAG_STEP_LIMIT_MAX       =             1.0
	ENSURE_BT_CONVERGENCE          =           False
	SIMPLE_STEP_SCALING            =           False
	CONSECUTIVE_BACKSTEPS          =               0
	RFO_NORMALIZATION_MAX          =             100
	RSRFO_ALPHA_MAX                =     100000000.0
	PRINT_TRAJECTORY_XYZ_FILE      =           False
	WRITE_TRAJECTORY               =           False
	FROZEN_DISTANCE                =                
	FROZEN_BEND                    =                
	FROZEN_DIHEDRAL                =                
	FROZEN_OOFP                    =                
	FROZEN_CARTESIAN               =                
	FREEZE_ALL_DIHEDRALS           =           False
	UNFREEZE_DIHEDRALS             =                
	RANGED_DISTANCE                =                
	RANGED_BEND                    =                
	RANGED_DIHEDRAL                =                
	RANGED_OOFP                    =                
	RANGED_CARTESIAN               =                
	EXT_FORCE_DISTANCE             =                
	EXT_FORCE_BEND                 =                
	EXT_FORCE_DIHEDRAL             =                
	EXT_FORCE_OOFP                 =                
	EXT_FORCE_CARTESIAN            =                
	G_CONVERGENCE                  =           QCHEM
	MAX_FORCE_G_CONVERGENCE        =          0.0003
	RMS_FORCE_G_CONVERGENCE        =          0.0003
	MAX_ENERGY_G_CONVERGENCE       =           1e-06
	MAX_DISP_G_CONVERGENCE         =          0.0012
	RMS_DISP_G_CONVERGENCE         =          0.0012
	FLEXIBLE_G_CONVERGENCE         =           False
	HESS_UPDATE                    =            BFGS
	HESS_UPDATE_USE_LAST           =               4
	HESS_UPDATE_LIMIT              =            True
	HESS_UPDATE_LIMIT_MAX          =             1.0
	HESS_UPDATE_LIMIT_SCALE        =             0.5
	HESS_UPDATE_DEN_TOL            =           1e-07
	HESS_UPDATE_DQ_TOL             =             0.5
	CART_HESS_READ                 =           False
	HESSIAN_FILE                   =               .
	FULL_HESS_EVERY                =              -1
	INTRAFRAG_HESS                 =        SCHLEGEL
	H_GUESS_EVERY                  =           False
	BT_MAX_ITER                    =              25
	BT_DX_CONV                     =           1e-07
	BT_DX_RMS_CHANGE_CONV          =           1e-12
	BT_PINV_RCOND                  =           1e-06
	FRAG_MODE                      =          SINGLE
	FRAG_REF_ATOMS                 =              []
	FREEZE_INTRAFRAG               =           False
	INTERFRAG_MODE                 =           FIXED
	ADD_AUXILIARY_BONDS            =           False
	AUXILIARY_BOND_FACTOR          =             2.5
	INTERFRAG_DIST_INV             =           False
	INTERFRAG_COLLINEAR_TOL        =            0.01
	INTERFRAG_COORDS               =              []
	INTERFRAG_HESS                 =         DEFAULT
	COVALENT_CONNECT               =             1.3
	INTERFRAGMENT_CONNECT          =             1.8
	H_BOND_CONNECT                 =             4.3
	INCLUDE_OOFP                   =           False
	TEST_B                         =           False
	TEST_DERIVATIVE_B              =           False
	LINESEARCH_STEP                =             0.1
	LINESEARCH                     =           False
	SD_HESSIAN                     =             1.0
	FIX_VAL_NEAR_PI                =            1.57
	V3D_TORS_ANGLE_LIM             =           0.017
	V3D_TORS_COS_TOL               =           1e-10
	LINEAR_BEND_THRESHOLD          =            3.05
	SMALL_BEND_FIX_THRESHOLD       =            0.35
	REDUNDANT_EVAL_TOL             =           1e-10
	LINEAR_ALGEBRA_TOL             =           1e-10


2025-12-23:11:15:03,306 INFO     [psi4.optking.opt_helper:164] Molsys:

	                            ===> Fragment 1 <== 

	 Z (Atomic Numbers)          Masses                          Geom                  
	       9.000000            18.998403          0.00000000  0.00000000  1.35054879   
	      14.000000            27.976927          0.00000000  0.00000000 -0.91712256   

	 - Coordinate -           - BOHR/RAD -       - ANG/DEG -
	 R(1,2)           =         2.267671           1.200000

2025-12-23:11:15:03,316 INFO     [psi4.driver.task_planner:259] PLANNING Atomic:  keywords={'DAMPING_PERCENTAGE': 1.0, 'GEOM_MAXITER': 500, 'GUESS': 'SAP', 'MAXITER': 500, 'REFERENCE': 'UKS', 'function_kwargs': {}}
2025-12-23:11:15:03,318 INFO     [psi4.driver.driver:638] Compute gradient(): method=b3lyp, basis=cc-pvdz, molecule=default, nre=55.56360712035001
2025-12-23:11:15:03,860 INFO     [psi4.driver.driver:641] Return gradient(): -388.7983011137867
2025-12-23:11:15:03,860 INFO     [psi4.driver.driver:642] [[ 0.00000000 -0.00000000 -0.96751080]
 [ 0.00000000  0.00000000  0.96747594]]
2025-12-23:11:15:03,861 INFO     [psi4.optking.molsys:944] Projected (PHP) Hessian matrix
	   4.182219

2025-12-23:11:15:03,862 INFO     [psi4.optking.opt_helper:182] 
	         Geometry (au)                                       Gradient (au)
   0.0000000000   0.0000000000   1.3505487921		   0.0000000000  -0.0000000000  -0.9675108032
   0.0000000000   0.0000000000  -0.9171225585		   0.0000000000   0.0000000000   0.9674759429

2025-12-23:11:15:03,862 INFO     [psi4.optking.stepAlgorithms:929] 	Using RFO solution 1.
2025-12-23:11:15:03,862 INFO     [psi4.optking.displace:100] 	Determining Cartesian step for fragment 1.
2025-12-23:11:15:03,862 INFO     [psi4.optking.displace:415] 	Successfully converged to displaced geometry.
2025-12-23:11:15:03,862 INFO     [psi4.optking.displace:416] 	RMS(dx):  1.282e-16 	Max(dx):  2.220e-16 	RMS(dq):  4.441e-16
2025-12-23:11:15:03,862 INFO     [psi4.optking.displace:172] 

	        --- Internal Coordinate Step in ANG or DEG, aJ/ANG or AJ/DEG ---
	-------------------------------------------------------------------------------
	           Coordinate      Previous         Force          Change          New 
	           ----------      --------        ------          ------        ------
	               R(1,2)       1.20000        7.97091        0.11649       1.31649
	-------------------------------------------------------------------------------

2025-12-23:11:15:03,862 INFO     [psi4.optking.stepAlgorithms:113] 	|target step| :    0.2201255674
2025-12-23:11:15:03,862 INFO     [psi4.optking.stepAlgorithms:114] 	gradient     :   -0.9674933731
2025-12-23:11:15:03,862 INFO     [psi4.optking.stepAlgorithms:115] 	hessian      :    4.1822185214
2025-12-23:11:15:03,862 INFO     [psi4.optking.stepAlgorithms:113] 	|target step| :    0.2201255674
2025-12-23:11:15:03,862 INFO     [psi4.optking.stepAlgorithms:114] 	gradient     :   -0.9674933731
2025-12-23:11:15:03,862 INFO     [psi4.optking.stepAlgorithms:115] 	hessian      :    4.1822185214
2025-12-23:11:15:03,862 INFO     [psi4.optking.stepAlgorithms:206] 	Norm of achieved step-size    0.2201255674
2025-12-23:11:15:03,863 INFO     [psi4.optking.stepAlgorithms:208] 	Norm of achieved step-size (cart):    0.1556522814
2025-12-23:11:15:03,863 INFO     [psi4.optking.opt_helper:164] Molsys:

	                            ===> Fragment 1 <== 

	 Z (Atomic Numbers)          Masses                          Geom                  
	       9.000000            18.998403          0.00000000  0.00000000  1.46061158   
	      14.000000            27.976927          0.00000000  0.00000000 -1.02718534   

	 - Coordinate -           - BOHR/RAD -       - ANG/DEG -
	 R(1,2)           =         2.487797           1.316485

2025-12-23:11:15:03,863 INFO     [psi4.optking.convcheck:76] Performing convergence check.
2025-12-23:11:15:03,863 INFO     [psi4.optking.convcheck:282] 
	                                 ==> Convergence Check <==                                  
    
	Measures of convergence in internal coordinates in au.
    
	Criteria marked as inactive (o), active & met (*), and active & unmet ( ).

	----------------------------------------------------------------------------------------------~
	   Step    Total Energy     Delta E     Max Force     RMS Force      Max Disp      RMS Disp   ~
	----------------------------------------------------------------------------------------------~
	  Convergence Criteria     1.00e-06 *    3.00e-04 *             o    1.20e-03 *             o~
	----------------------------------------------------------------------------------------------~
	     1    -388.79830111   -3.89e+02      9.67e-01      9.67e-01 o    2.20e-01      2.20e-01 o  ~
	----------------------------------------------------------------------------------------------


2025-12-23:11:15:03,863 INFO     [psi4.optking.stepAlgorithms:296] 	Convergence check returned False
2025-12-23:11:15:03,873 INFO     [psi4.driver.task_planner:259] PLANNING Atomic:  keywords={'DAMPING_PERCENTAGE': 1.0, 'GEOM_MAXITER': 500, 'SCF__GUESS': 'READ', 'GUESS': 'SAP', 'MAXITER': 500, 'REFERENCE': 'UKS', 'function_kwargs': {}}
2025-12-23:11:15:03,875 INFO     [psi4.driver.driver:638] Compute gradient(): method=b3lyp, basis=cc-pvdz, molecule=default, nre=50.64722087744409
2025-12-23:11:15:04,331 INFO     [psi4.driver.driver:641] Return gradient(): -388.95141821009224
2025-12-23:11:15:04,331 INFO     [psi4.driver.driver:642] [[ 0.00000000  0.00000000 -0.47255335]
 [-0.00000000  0.00000000  0.47244306]]
2025-12-23:11:15:04,333 INFO     [psi4.optking.history:269] 	Performing BFGS update.
2025-12-23:11:15:04,333 INFO     [psi4.optking.history:280] 	Using 1 previous steps for update.
2025-12-23:11:15:04,333 INFO     [psi4.optking.history:317] 	Steps to be used in Hessian update:  1

2025-12-23:11:15:04,333 INFO     [psi4.optking.history:418] 	Updated Hessian (in au) 
 	   2.248695

2025-12-23:11:15:04,333 INFO     [psi4.optking.molsys:944] Projected (PHP) Hessian matrix
	   2.248695

2025-12-23:11:15:04,333 INFO     [psi4.optking.opt_helper:182] 
	         Geometry (au)                                       Gradient (au)
   0.0000000000   0.0000000000   1.4816481769		   0.0000000000   0.0000000000  -0.4725533522
   0.0000000000   0.0000000000  -1.0061487410		  -0.0000000000   0.0000000000   0.4724430580

2025-12-23:11:15:04,333 INFO     [psi4.optking.stepAlgorithms:368] 	Current Step Report 
 
	Current energy:      -388.9514182101
	Energy change for the previous step:
		Actual       :        -0.1531170963
		Projected    :        -0.1064850138

2025-12-23:11:15:04,333 INFO     [psi4.optking.stepAlgorithms:371] 	Energy ratio =    1.43792
2025-12-23:11:15:04,333 INFO     [psi4.optking.stepAlgorithms:399] 	Energy ratio indicates good step.
2025-12-23:11:15:04,333 INFO     [psi4.optking.stepAlgorithms:400] 	Intrafrag trust radius increased to      1.
2025-12-23:11:15:04,334 INFO     [psi4.optking.stepAlgorithms:929] 	Using RFO solution 1.
2025-12-23:11:15:04,334 INFO     [psi4.optking.displace:100] 	Determining Cartesian step for fragment 1.
2025-12-23:11:15:04,334 INFO     [psi4.optking.displace:415] 	Successfully converged to displaced geometry.
2025-12-23:11:15:04,334 INFO     [psi4.optking.displace:416] 	RMS(dx):  1.282e-16 	Max(dx):  2.220e-16 	RMS(dq):  0.000e+00
2025-12-23:11:15:04,334 INFO     [psi4.optking.displace:172] 

	        --- Internal Coordinate Step in ANG or DEG, aJ/ANG or AJ/DEG ---
	-------------------------------------------------------------------------------
	           Coordinate      Previous         Force          Change          New 
	           ----------      --------        ------          ------        ------
	               R(1,2)       1.31649        3.89278        0.10667       1.42316
	-------------------------------------------------------------------------------

2025-12-23:11:15:04,334 INFO     [psi4.optking.stepAlgorithms:113] 	|target step| :    0.2015827170
2025-12-23:11:15:04,334 INFO     [psi4.optking.stepAlgorithms:114] 	gradient     :   -0.4724982051
2025-12-23:11:15:04,334 INFO     [psi4.optking.stepAlgorithms:115] 	hessian      :    2.2486945695
2025-12-23:11:15:04,334 INFO     [psi4.optking.stepAlgorithms:113] 	|target step| :    0.2015827170
2025-12-23:11:15:04,334 INFO     [psi4.optking.stepAlgorithms:114] 	gradient     :   -0.4724982051
2025-12-23:11:15:04,334 INFO     [psi4.optking.stepAlgorithms:115] 	hessian      :    2.2486945695
2025-12-23:11:15:04,334 INFO     [psi4.optking.stepAlgorithms:206] 	Norm of achieved step-size    0.2015827170
2025-12-23:11:15:04,334 INFO     [psi4.optking.stepAlgorithms:208] 	Norm of achieved step-size (cart):    0.1425405061
2025-12-23:11:15:04,334 INFO     [psi4.optking.opt_helper:164] Molsys:

	                            ===> Fragment 1 <== 

	 Z (Atomic Numbers)          Masses                          Geom                  
	       9.000000            18.998403          0.00000000  0.00000000  1.58243954   
	      14.000000            27.976927          0.00000000  0.00000000 -1.10694010   

	 - Coordinate -           - BOHR/RAD -       - ANG/DEG -
	 R(1,2)           =         2.689380           1.423158

2025-12-23:11:15:04,334 INFO     [psi4.optking.convcheck:76] Performing convergence check.
2025-12-23:11:15:04,334 INFO     [psi4.optking.convcheck:282] 
	                                 ==> Convergence Check <==                                  
    
	Measures of convergence in internal coordinates in au.
    
	Criteria marked as inactive (o), active & met (*), and active & unmet ( ).

	----------------------------------------------------------------------------------------------
	   Step    Total Energy     Delta E     Max Force     RMS Force      Max Disp      RMS Disp   
	----------------------------------------------------------------------------------------------
	  Convergence Criteria     1.00e-06 *    3.00e-04 *             o    1.20e-03 *             o
	----------------------------------------------------------------------------------------------
	     2    -388.95141821   -1.53e-01      4.72e-01      4.72e-01 o    2.02e-01      2.02e-01 o  ~
	----------------------------------------------------------------------------------------------


2025-12-23:11:15:04,334 INFO     [psi4.optking.stepAlgorithms:296] 	Convergence check returned False
2025-12-23:11:15:04,345 INFO     [psi4.driver.task_planner:259] PLANNING Atomic:  keywords={'DAMPING_PERCENTAGE': 1.0, 'GEOM_MAXITER': 500, 'SCF__GUESS': 'READ', 'GUESS': 'SAP', 'MAXITER': 500, 'REFERENCE': 'UKS', 'function_kwargs': {}}
2025-12-23:11:15:04,346 INFO     [psi4.driver.driver:638] Compute gradient(): method=b3lyp, basis=cc-pvdz, molecule=default, nre=46.850953419130725
2025-12-23:11:15:04,878 INFO     [psi4.driver.driver:641] Return gradient(): -389.01833317417527
2025-12-23:11:15:04,879 INFO     [psi4.driver.driver:642] [[ 0.00000000  0.00000000 -0.21407757]
 [-0.00000000 -0.00000000  0.21406771]]
2025-12-23:11:15:04,880 INFO     [psi4.optking.history:269] 	Performing BFGS update.
2025-12-23:11:15:04,880 INFO     [psi4.optking.history:280] 	Using 2 previous steps for update.
2025-12-23:11:15:04,880 INFO     [psi4.optking.history:317] 	Steps to be used in Hessian update:  2 1

2025-12-23:11:15:04,881 INFO     [psi4.optking.history:418] 	Updated Hessian (in au) 
 	   1.786592

2025-12-23:11:15:04,881 INFO     [psi4.optking.molsys:944] Projected (PHP) Hessian matrix
	   1.786592

2025-12-23:11:15:04,881 INFO     [psi4.optking.opt_helper:182] 
	         Geometry (au)                                       Gradient (au)
   0.0000000000   0.0000000000   1.6017040637		   0.0000000000   0.0000000000  -0.2140775660
   0.0000000000   0.0000000000  -1.0876755712		  -0.0000000000  -0.0000000000   0.2140677144

2025-12-23:11:15:04,881 INFO     [psi4.optking.stepAlgorithms:368] 	Current Step Report 
 
	Current energy:      -389.0183331742
	Energy change for the previous step:
		Actual       :        -0.0669149641
		Projected    :        -0.0476237360

2025-12-23:11:15:04,881 INFO     [psi4.optking.stepAlgorithms:371] 	Energy ratio =    1.40508
2025-12-23:11:15:04,881 INFO     [psi4.optking.stepAlgorithms:929] 	Using RFO solution 1.
2025-12-23:11:15:04,881 INFO     [psi4.optking.displace:100] 	Determining Cartesian step for fragment 1.
2025-12-23:11:15:04,881 INFO     [psi4.optking.displace:415] 	Successfully converged to displaced geometry.
2025-12-23:11:15:04,881 INFO     [psi4.optking.displace:416] 	RMS(dx):  0.000e+00 	Max(dx):  0.000e+00 	RMS(dq):  0.000e+00
2025-12-23:11:15:04,881 INFO     [psi4.optking.displace:172] 

	        --- Internal Coordinate Step in ANG or DEG, aJ/ANG or AJ/DEG ---
	-------------------------------------------------------------------------------
	           Coordinate      Previous         Force          Change          New 
	           ----------      --------        ------          ------        ------
	               R(1,2)       1.42316        1.76369        0.06252       1.48568
	-------------------------------------------------------------------------------

2025-12-23:11:15:04,881 INFO     [psi4.optking.stepAlgorithms:113] 	|target step| :    0.1181491514
2025-12-23:11:15:04,881 INFO     [psi4.optking.stepAlgorithms:114] 	gradient     :   -0.2140726402
2025-12-23:11:15:04,881 INFO     [psi4.optking.stepAlgorithms:115] 	hessian      :    1.7865922033
2025-12-23:11:15:04,881 INFO     [psi4.optking.stepAlgorithms:113] 	|target step| :    0.1181491514
2025-12-23:11:15:04,881 INFO     [psi4.optking.stepAlgorithms:114] 	gradient     :   -0.2140726402
2025-12-23:11:15:04,881 INFO     [psi4.optking.stepAlgorithms:115] 	hessian      :    1.7865922033
2025-12-23:11:15:04,881 INFO     [psi4.optking.stepAlgorithms:206] 	Norm of achieved step-size    0.1181491514
2025-12-23:11:15:04,881 INFO     [psi4.optking.stepAlgorithms:208] 	Norm of achieved step-size (cart):    0.0835440661
2025-12-23:11:15:04,882 INFO     [psi4.optking.opt_helper:164] Molsys:

	                            ===> Fragment 1 <== 

	 Z (Atomic Numbers)          Masses                          Geom                  
	       9.000000            18.998403          0.00000000  0.00000000  1.66077864   
	      14.000000            27.976927          0.00000000  0.00000000 -1.14675015   

	 - Coordinate -           - BOHR/RAD -       - ANG/DEG -
	 R(1,2)           =         2.807529           1.485680

2025-12-23:11:15:04,882 INFO     [psi4.optking.convcheck:76] Performing convergence check.
2025-12-23:11:15:04,882 INFO     [psi4.optking.convcheck:282] 
	                                 ==> Convergence Check <==                                  
    
	Measures of convergence in internal coordinates in au.
    
	Criteria marked as inactive (o), active & met (*), and active & unmet ( ).

	----------------------------------------------------------------------------------------------
	   Step    Total Energy     Delta E     Max Force     RMS Force      Max Disp      RMS Disp   
	----------------------------------------------------------------------------------------------
	  Convergence Criteria     1.00e-06 *    3.00e-04 *             o    1.20e-03 *             o
	----------------------------------------------------------------------------------------------
	     3    -389.01833317   -6.69e-02      2.14e-01      2.14e-01 o    1.18e-01      1.18e-01 o  ~
	----------------------------------------------------------------------------------------------


2025-12-23:11:15:04,882 INFO     [psi4.optking.stepAlgorithms:296] 	Convergence check returned False
2025-12-23:11:15:04,892 INFO     [psi4.driver.task_planner:259] PLANNING Atomic:  keywords={'DAMPING_PERCENTAGE': 1.0, 'GEOM_MAXITER': 500, 'SCF__GUESS': 'READ', 'GUESS': 'SAP', 'MAXITER': 500, 'REFERENCE': 'UKS', 'function_kwargs': {}}
2025-12-23:11:15:04,894 INFO     [psi4.driver.driver:638] Compute gradient(): method=b3lyp, basis=cc-pvdz, molecule=default, nre=44.879326123271966
2025-12-23:11:15:05,409 INFO     [psi4.driver.driver:641] Return gradient(): -389.0374700509782
2025-12-23:11:15:05,409 INFO     [psi4.driver.driver:642] [[ 0.00000000  0.00000000 -0.11516521]
 [ 0.00000000  0.00000000  0.11507196]]
2025-12-23:11:15:05,411 INFO     [psi4.optking.history:269] 	Performing BFGS update.
2025-12-23:11:15:05,411 INFO     [psi4.optking.history:280] 	Using 3 previous steps for update.
2025-12-23:11:15:05,411 WARNING  [psi4.optking.history:301] 	Change in internal coordinate of 5.40e-01 exceeds limit of 5.00e-01.
2025-12-23:11:15:05,411 WARNING  [psi4.optking.history:306] 	Skipping Hessian update for step 1.
2025-12-23:11:15:05,411 INFO     [psi4.optking.history:317] 	Steps to be used in Hessian update:  3 2

2025-12-23:11:15:05,411 INFO     [psi4.optking.history:418] 	Updated Hessian (in au) 
 	   1.117748

2025-12-23:11:15:05,411 INFO     [psi4.optking.molsys:944] Projected (PHP) Hessian matrix
	   1.117748

2025-12-23:11:15:05,411 INFO     [psi4.optking.opt_helper:182] 
	         Geometry (au)                                       Gradient (au)
   0.0000000000   0.0000000000   1.6720697248		   0.0000000000   0.0000000000  -0.1151652133
   0.0000000000   0.0000000000  -1.1354590615		   0.0000000000   0.0000000000   0.1150719595

2025-12-23:11:15:05,411 INFO     [psi4.optking.stepAlgorithms:368] 	Current Step Report 
 
	Current energy:      -389.0374700510
	Energy change for the previous step:
		Actual       :        -0.0191368768
		Projected    :        -0.0126462504

2025-12-23:11:15:05,411 INFO     [psi4.optking.stepAlgorithms:371] 	Energy ratio =    1.51325
2025-12-23:11:15:05,411 INFO     [psi4.optking.stepAlgorithms:929] 	Using RFO solution 1.
2025-12-23:11:15:05,411 INFO     [psi4.optking.displace:100] 	Determining Cartesian step for fragment 1.
2025-12-23:11:15:05,412 INFO     [psi4.optking.displace:415] 	Successfully converged to displaced geometry.
2025-12-23:11:15:05,412 INFO     [psi4.optking.displace:416] 	RMS(dx):  0.000e+00 	Max(dx):  0.000e+00 	RMS(dq):  0.000e+00
2025-12-23:11:15:05,412 INFO     [psi4.optking.displace:172] 

	        --- Internal Coordinate Step in ANG or DEG, aJ/ANG or AJ/DEG ---
	-------------------------------------------------------------------------------
	           Coordinate      Previous         Force          Change          New 
	           ----------      --------        ------          ------        ------
	               R(1,2)       1.48568        0.94843        0.05393       1.53961
	-------------------------------------------------------------------------------

2025-12-23:11:15:05,412 INFO     [psi4.optking.stepAlgorithms:113] 	|target step| :    0.1019216706
2025-12-23:11:15:05,412 INFO     [psi4.optking.stepAlgorithms:114] 	gradient     :   -0.1151185864
2025-12-23:11:15:05,412 INFO     [psi4.optking.stepAlgorithms:115] 	hessian      :    1.1177478821
2025-12-23:11:15:05,412 INFO     [psi4.optking.stepAlgorithms:113] 	|target step| :    0.1019216706
2025-12-23:11:15:05,412 INFO     [psi4.optking.stepAlgorithms:114] 	gradient     :   -0.1151185864
2025-12-23:11:15:05,412 INFO     [psi4.optking.stepAlgorithms:115] 	hessian      :    1.1177478821
2025-12-23:11:15:05,412 INFO     [psi4.optking.stepAlgorithms:206] 	Norm of achieved step-size    0.1019216706
2025-12-23:11:15:05,412 INFO     [psi4.optking.stepAlgorithms:208] 	Norm of achieved step-size (cart):    0.0720695044
2025-12-23:11:15:05,412 INFO     [psi4.optking.opt_helper:164] Molsys:

	                            ===> Fragment 1 <== 

	 Z (Atomic Numbers)          Masses                          Geom                  
	       9.000000            18.998403          0.00000000  0.00000000  1.72303056   
	      14.000000            27.976927          0.00000000  0.00000000 -1.18641990   

	 - Coordinate -           - BOHR/RAD -       - ANG/DEG -
	 R(1,2)           =         2.909450           1.539615

2025-12-23:11:15:05,412 INFO     [psi4.optking.convcheck:76] Performing convergence check.
2025-12-23:11:15:05,412 INFO     [psi4.optking.convcheck:282] 
	                                 ==> Convergence Check <==                                  
    
	Measures of convergence in internal coordinates in au.
    
	Criteria marked as inactive (o), active & met (*), and active & unmet ( ).

	----------------------------------------------------------------------------------------------
	   Step    Total Energy     Delta E     Max Force     RMS Force      Max Disp      RMS Disp   
	----------------------------------------------------------------------------------------------
	  Convergence Criteria     1.00e-06 *    3.00e-04 *             o    1.20e-03 *             o
	----------------------------------------------------------------------------------------------
	     4    -389.03747005   -1.91e-02      1.15e-01      1.15e-01 o    1.02e-01      1.02e-01 o  ~
	----------------------------------------------------------------------------------------------


2025-12-23:11:15:05,412 INFO     [psi4.optking.stepAlgorithms:296] 	Convergence check returned False
2025-12-23:11:15:05,423 INFO     [psi4.driver.task_planner:259] PLANNING Atomic:  keywords={'DAMPING_PERCENTAGE': 1.0, 'GEOM_MAXITER': 500, 'SCF__GUESS': 'READ', 'GUESS': 'SAP', 'MAXITER': 500, 'REFERENCE': 'UKS', 'function_kwargs': {}}
2025-12-23:11:15:05,424 INFO     [psi4.driver.driver:638] Compute gradient(): method=b3lyp, basis=cc-pvdz, molecule=default, nre=43.30714747293745
2025-12-23:11:15:05,934 INFO     [psi4.driver.driver:641] Return gradient(): -389.04579927736836
2025-12-23:11:15:05,934 INFO     [psi4.driver.driver:642] [[ 0.00000000  0.00000000 -0.05135847]
 [-0.00000000  0.00000000  0.05128414]]
2025-12-23:11:15:05,935 INFO     [psi4.optking.history:269] 	Performing BFGS update.
2025-12-23:11:15:05,935 INFO     [psi4.optking.history:280] 	Using 4 previous steps for update.
2025-12-23:11:15:05,936 WARNING  [psi4.optking.history:301] 	Change in internal coordinate of 6.42e-01 exceeds limit of 5.00e-01.
2025-12-23:11:15:05,936 WARNING  [psi4.optking.history:306] 	Skipping Hessian update for step 1.
2025-12-23:11:15:05,936 INFO     [psi4.optking.history:317] 	Steps to be used in Hessian update:  4 3 2

2025-12-23:11:15:05,936 INFO     [psi4.optking.history:418] 	Updated Hessian (in au) 
 	   0.998870

2025-12-23:11:15:05,936 INFO     [psi4.optking.molsys:944] Projected (PHP) Hessian matrix
	   0.998870

2025-12-23:11:15:05,936 INFO     [psi4.optking.opt_helper:182] 
	         Geometry (au)                                       Gradient (au)
   0.0000000000   0.0000000000   1.7327708440		   0.0000000000   0.0000000000  -0.0513584741
   0.0000000000   0.0000000000  -1.1766796128		  -0.0000000000   0.0000000000   0.0512841420

2025-12-23:11:15:05,936 INFO     [psi4.optking.stepAlgorithms:368] 	Current Step Report 
 
	Current energy:      -389.0457992774
	Energy change for the previous step:
		Actual       :        -0.0083292264
		Projected    :        -0.0058665393

2025-12-23:11:15:05,936 INFO     [psi4.optking.stepAlgorithms:371] 	Energy ratio =    1.41979
2025-12-23:11:15:05,936 INFO     [psi4.optking.stepAlgorithms:929] 	Using RFO solution 1.
2025-12-23:11:15:05,936 INFO     [psi4.optking.displace:100] 	Determining Cartesian step for fragment 1.
2025-12-23:11:15:05,937 INFO     [psi4.optking.displace:415] 	Successfully converged to displaced geometry.
2025-12-23:11:15:05,937 INFO     [psi4.optking.displace:416] 	RMS(dx):  0.000e+00 	Max(dx):  0.000e+00 	RMS(dq):  0.000e+00
2025-12-23:11:15:05,937 INFO     [psi4.optking.displace:172] 

	        --- Internal Coordinate Step in ANG or DEG, aJ/ANG or AJ/DEG ---
	-------------------------------------------------------------------------------
	           Coordinate      Previous         Force          Change          New 
	           ----------      --------        ------          ------        ------
	               R(1,2)       1.53961        0.42282        0.02712       1.56673
	-------------------------------------------------------------------------------

2025-12-23:11:15:05,937 INFO     [psi4.optking.stepAlgorithms:113] 	|target step| :    0.0512444659
2025-12-23:11:15:05,937 INFO     [psi4.optking.stepAlgorithms:114] 	gradient     :   -0.0513213081
2025-12-23:11:15:05,937 INFO     [psi4.optking.stepAlgorithms:115] 	hessian      :    0.9988695888
2025-12-23:11:15:05,937 INFO     [psi4.optking.stepAlgorithms:113] 	|target step| :    0.0512444659
2025-12-23:11:15:05,937 INFO     [psi4.optking.stepAlgorithms:114] 	gradient     :   -0.0513213081
2025-12-23:11:15:05,937 INFO     [psi4.optking.stepAlgorithms:115] 	hessian      :    0.9988695888
2025-12-23:11:15:05,937 INFO     [psi4.optking.stepAlgorithms:206] 	Norm of achieved step-size    0.0512444659
2025-12-23:11:15:05,937 INFO     [psi4.optking.stepAlgorithms:208] 	Norm of achieved step-size (cart):    0.0362353093
2025-12-23:11:15:05,937 INFO     [psi4.optking.opt_helper:164] Molsys:

	                            ===> Fragment 1 <== 

	 Z (Atomic Numbers)          Masses                          Geom                  
	       9.000000            18.998403          0.00000000  0.00000000  1.75839308   
	      14.000000            27.976927          0.00000000  0.00000000 -1.20230185   

	 - Coordinate -           - BOHR/RAD -       - ANG/DEG -
	 R(1,2)           =         2.960695           1.566732

2025-12-23:11:15:05,937 INFO     [psi4.optking.convcheck:76] Performing convergence check.
2025-12-23:11:15:05,937 INFO     [psi4.optking.convcheck:282] 
	                                 ==> Convergence Check <==                                  
    
	Measures of convergence in internal coordinates in au.
    
	Criteria marked as inactive (o), active & met (*), and active & unmet ( ).

	----------------------------------------------------------------------------------------------
	   Step    Total Energy     Delta E     Max Force     RMS Force      Max Disp      RMS Disp   
	----------------------------------------------------------------------------------------------
	  Convergence Criteria     1.00e-06 *    3.00e-04 *             o    1.20e-03 *             o
	----------------------------------------------------------------------------------------------
	     5    -389.04579928   -8.33e-03      5.13e-02      5.13e-02 o    5.12e-02      5.12e-02 o  ~
	----------------------------------------------------------------------------------------------


2025-12-23:11:15:05,937 INFO     [psi4.optking.stepAlgorithms:296] 	Convergence check returned False
2025-12-23:11:15:05,947 INFO     [psi4.driver.task_planner:259] PLANNING Atomic:  keywords={'DAMPING_PERCENTAGE': 1.0, 'GEOM_MAXITER': 500, 'SCF__GUESS': 'READ', 'GUESS': 'SAP', 'MAXITER': 500, 'REFERENCE': 'UKS', 'function_kwargs': {}}
2025-12-23:11:15:05,948 INFO     [psi4.driver.driver:638] Compute gradient(): method=b3lyp, basis=cc-pvdz, molecule=default, nre=42.55757627500377
2025-12-23:11:15:06,462 INFO     [psi4.driver.driver:641] Return gradient(): -389.0477417800897
2025-12-23:11:15:06,462 INFO     [psi4.driver.driver:642] [[ 0.00000000  0.00000000 -0.02529133]
 [ 0.00000000  0.00000000  0.02521993]]
2025-12-23:11:15:06,464 INFO     [psi4.optking.history:269] 	Performing BFGS update.
2025-12-23:11:15:06,464 INFO     [psi4.optking.history:280] 	Using 4 previous steps for update.
2025-12-23:11:15:06,464 INFO     [psi4.optking.history:317] 	Steps to be used in Hessian update:  5 4 3 2

2025-12-23:11:15:06,464 INFO     [psi4.optking.history:418] 	Updated Hessian (in au) 
 	   0.945748

2025-12-23:11:15:06,464 INFO     [psi4.optking.molsys:944] Projected (PHP) Hessian matrix
	   0.945748

2025-12-23:11:15:06,464 INFO     [psi4.optking.opt_helper:182] 
	         Geometry (au)                                       Gradient (au)
   0.0000000000   0.0000000000   1.7632903245		   0.0000000000   0.0000000000  -0.0252913280
   0.0000000000   0.0000000000  -1.1974045982		   0.0000000000   0.0000000000   0.0252199278

2025-12-23:11:15:06,465 INFO     [psi4.optking.stepAlgorithms:368] 	Current Step Report 
 
	Current energy:      -389.0477417801
	Energy change for the previous step:
		Actual       :        -0.0019425027
		Projected    :        -0.0013149665

2025-12-23:11:15:06,465 INFO     [psi4.optking.stepAlgorithms:371] 	Energy ratio =    1.47723
2025-12-23:11:15:06,465 INFO     [psi4.optking.stepAlgorithms:929] 	Using RFO solution 1.
2025-12-23:11:15:06,465 INFO     [psi4.optking.displace:100] 	Determining Cartesian step for fragment 1.
2025-12-23:11:15:06,465 INFO     [psi4.optking.displace:415] 	Successfully converged to displaced geometry.
2025-12-23:11:15:06,465 INFO     [psi4.optking.displace:416] 	RMS(dx):  0.000e+00 	Max(dx):  0.000e+00 	RMS(dq):  0.000e+00
2025-12-23:11:15:06,465 INFO     [psi4.optking.displace:172] 

	        --- Internal Coordinate Step in ANG or DEG, aJ/ANG or AJ/DEG ---
	-------------------------------------------------------------------------------
	           Coordinate      Previous         Force          Change          New 
	           ----------      --------        ------          ------        ------
	               R(1,2)       1.56673        0.20807        0.01412       1.58085
	-------------------------------------------------------------------------------

2025-12-23:11:15:06,465 INFO     [psi4.optking.stepAlgorithms:113] 	|target step| :    0.0266853643
2025-12-23:11:15:06,465 INFO     [psi4.optking.stepAlgorithms:114] 	gradient     :   -0.0252556279
2025-12-23:11:15:06,465 INFO     [psi4.optking.stepAlgorithms:115] 	hessian      :    0.9457484969
2025-12-23:11:15:06,465 INFO     [psi4.optking.stepAlgorithms:113] 	|target step| :    0.0266853643
2025-12-23:11:15:06,465 INFO     [psi4.optking.stepAlgorithms:114] 	gradient     :   -0.0252556279
2025-12-23:11:15:06,465 INFO     [psi4.optking.stepAlgorithms:115] 	hessian      :    0.9457484969
2025-12-23:11:15:06,465 INFO     [psi4.optking.stepAlgorithms:206] 	Norm of achieved step-size    0.0266853643
2025-12-23:11:15:06,465 INFO     [psi4.optking.stepAlgorithms:208] 	Norm of achieved step-size (cart):    0.0188694020
2025-12-23:11:15:06,465 INFO     [psi4.optking.opt_helper:164] Molsys:

	                            ===> Fragment 1 <== 

	 Z (Atomic Numbers)          Masses                          Geom                  
	       9.000000            18.998403          0.00000000  0.00000000  1.77663301   
	      14.000000            27.976927          0.00000000  0.00000000 -1.21074728   

	 - Coordinate -           - BOHR/RAD -       - ANG/DEG -
	 R(1,2)           =         2.987380           1.580854

2025-12-23:11:15:06,465 INFO     [psi4.optking.convcheck:76] Performing convergence check.
2025-12-23:11:15:06,466 INFO     [psi4.optking.convcheck:282] 
	                                 ==> Convergence Check <==                                  
    
	Measures of convergence in internal coordinates in au.
    
	Criteria marked as inactive (o), active & met (*), and active & unmet ( ).

	----------------------------------------------------------------------------------------------
	   Step    Total Energy     Delta E     Max Force     RMS Force      Max Disp      RMS Disp   
	----------------------------------------------------------------------------------------------
	  Convergence Criteria     1.00e-06 *    3.00e-04 *             o    1.20e-03 *             o
	----------------------------------------------------------------------------------------------
	     6    -389.04774178   -1.94e-03      2.53e-02      2.53e-02 o    2.67e-02      2.67e-02 o  ~
	----------------------------------------------------------------------------------------------


2025-12-23:11:15:06,466 INFO     [psi4.optking.stepAlgorithms:296] 	Convergence check returned False
2025-12-23:11:15:06,476 INFO     [psi4.driver.task_planner:259] PLANNING Atomic:  keywords={'DAMPING_PERCENTAGE': 1.0, 'GEOM_MAXITER': 500, 'SCF__GUESS': 'READ', 'GUESS': 'SAP', 'MAXITER': 500, 'REFERENCE': 'UKS', 'function_kwargs': {}}
2025-12-23:11:15:06,477 INFO     [psi4.driver.driver:638] Compute gradient(): method=b3lyp, basis=cc-pvdz, molecule=default, nre=42.17742232211555
2025-12-23:11:15:07,4 INFO     [psi4.driver.driver:641] Return gradient(): -389.04824833676
2025-12-23:11:15:07,4 INFO     [psi4.driver.driver:642] [[-0.00000000 -0.00000000 -0.01308511]
 [ 0.00000000 -0.00000000  0.01301318]]
2025-12-23:11:15:07,6 INFO     [psi4.optking.history:269] 	Performing BFGS update.
2025-12-23:11:15:07,6 INFO     [psi4.optking.history:280] 	Using 4 previous steps for update.
2025-12-23:11:15:07,6 INFO     [psi4.optking.history:317] 	Steps to be used in Hessian update:  6 5 4 3

2025-12-23:11:15:07,6 INFO     [psi4.optking.history:418] 	Updated Hessian (in au) 
 	   0.674574

2025-12-23:11:15:07,6 INFO     [psi4.optking.molsys:944] Projected (PHP) Hessian matrix
	   0.674574

2025-12-23:11:15:07,6 INFO     [psi4.optking.opt_helper:182] 
	         Geometry (au)                                       Gradient (au)
   0.0000000000   0.0000000000   1.7791832300		  -0.0000000000  -0.0000000000  -0.0130851140
   0.0000000000   0.0000000000  -1.2081970570		   0.0000000000  -0.0000000000   0.0130131791

2025-12-23:11:15:07,6 INFO     [psi4.optking.stepAlgorithms:368] 	Current Step Report 
 
	Current energy:      -389.0482483368
	Energy change for the previous step:
		Actual       :        -0.0005065567
		Projected    :        -0.0003369778

2025-12-23:11:15:07,6 INFO     [psi4.optking.stepAlgorithms:371] 	Energy ratio =    1.50323
2025-12-23:11:15:07,6 INFO     [psi4.optking.stepAlgorithms:929] 	Using RFO solution 1.
2025-12-23:11:15:07,7 INFO     [psi4.optking.displace:100] 	Determining Cartesian step for fragment 1.
2025-12-23:11:15:07,7 INFO     [psi4.optking.displace:415] 	Successfully converged to displaced geometry.
2025-12-23:11:15:07,7 INFO     [psi4.optking.displace:416] 	RMS(dx):  0.000e+00 	Max(dx):  0.000e+00 	RMS(dq):  0.000e+00
2025-12-23:11:15:07,7 INFO     [psi4.optking.displace:172] 

	        --- Internal Coordinate Step in ANG or DEG, aJ/ANG or AJ/DEG ---
	-------------------------------------------------------------------------------
	           Coordinate      Previous         Force          Change          New 
	           ----------      --------        ------          ------        ------
	               R(1,2)       1.58085        0.10751        0.01023       1.59109
	-------------------------------------------------------------------------------

2025-12-23:11:15:07,7 INFO     [psi4.optking.stepAlgorithms:113] 	|target step| :    0.0193370439
2025-12-23:11:15:07,7 INFO     [psi4.optking.stepAlgorithms:114] 	gradient     :   -0.0130491465
2025-12-23:11:15:07,7 INFO     [psi4.optking.stepAlgorithms:115] 	hessian      :    0.6745740061
2025-12-23:11:15:07,7 INFO     [psi4.optking.stepAlgorithms:113] 	|target step| :    0.0193370439
2025-12-23:11:15:07,7 INFO     [psi4.optking.stepAlgorithms:114] 	gradient     :   -0.0130491465
2025-12-23:11:15:07,7 INFO     [psi4.optking.stepAlgorithms:115] 	hessian      :    0.6745740061
2025-12-23:11:15:07,7 INFO     [psi4.optking.stepAlgorithms:206] 	Norm of achieved step-size    0.0193370439
2025-12-23:11:15:07,7 INFO     [psi4.optking.stepAlgorithms:208] 	Norm of achieved step-size (cart):    0.0136733549
2025-12-23:11:15:07,7 INFO     [psi4.optking.opt_helper:164] Molsys:

	                            ===> Fragment 1 <== 

	 Z (Atomic Numbers)          Masses                          Geom                  
	       9.000000            18.998403          0.00000000  0.00000000  1.78885175   
	      14.000000            27.976927          0.00000000  0.00000000 -1.21786558   

	 - Coordinate -           - BOHR/RAD -       - ANG/DEG -
	 R(1,2)           =         3.006717           1.591086

2025-12-23:11:15:07,7 INFO     [psi4.optking.convcheck:76] Performing convergence check.
2025-12-23:11:15:07,7 INFO     [psi4.optking.convcheck:282] 
	                                 ==> Convergence Check <==                                  
    
	Measures of convergence in internal coordinates in au.
    
	Criteria marked as inactive (o), active & met (*), and active & unmet ( ).

	----------------------------------------------------------------------------------------------
	   Step    Total Energy     Delta E     Max Force     RMS Force      Max Disp      RMS Disp   
	----------------------------------------------------------------------------------------------
	  Convergence Criteria     1.00e-06 *    3.00e-04 *             o    1.20e-03 *             o
	----------------------------------------------------------------------------------------------
	     7    -389.04824834   -5.07e-04      1.30e-02      1.30e-02 o    1.93e-02      1.93e-02 o  ~
	----------------------------------------------------------------------------------------------


2025-12-23:11:15:07,7 INFO     [psi4.optking.stepAlgorithms:296] 	Convergence check returned False
2025-12-23:11:15:07,17 INFO     [psi4.driver.task_planner:259] PLANNING Atomic:  keywords={'DAMPING_PERCENTAGE': 1.0, 'GEOM_MAXITER': 500, 'SCF__GUESS': 'READ', 'GUESS': 'SAP', 'MAXITER': 500, 'REFERENCE': 'UKS', 'function_kwargs': {}}
2025-12-23:11:15:07,19 INFO     [psi4.driver.driver:638] Compute gradient(): method=b3lyp, basis=cc-pvdz, molecule=default, nre=41.90616746909667
2025-12-23:11:15:07,565 INFO     [psi4.driver.driver:641] Return gradient(): -389.04841776612193
2025-12-23:11:15:07,565 INFO     [psi4.driver.driver:642] [[ 0.00000000 -0.00000000 -0.00477872]
 [ 0.00000000 -0.00000000  0.00470657]]
2025-12-23:11:15:07,567 INFO     [psi4.optking.history:269] 	Performing BFGS update.
2025-12-23:11:15:07,567 INFO     [psi4.optking.history:280] 	Using 4 previous steps for update.
2025-12-23:11:15:07,567 INFO     [psi4.optking.history:317] 	Steps to be used in Hessian update:  7 6 5 4

2025-12-23:11:15:07,567 INFO     [psi4.optking.history:418] 	Updated Hessian (in au) 
 	   0.554128

2025-12-23:11:15:07,567 INFO     [psi4.optking.molsys:944] Projected (PHP) Hessian matrix
	   0.554128

2025-12-23:11:15:07,567 INFO     [psi4.optking.opt_helper:182] 
	         Geometry (au)                                       Gradient (au)
   0.0000000000   0.0000000000   1.7906997230		   0.0000000000  -0.0000000000  -0.0047787245
   0.0000000000   0.0000000000  -1.2160176079		   0.0000000000  -0.0000000000   0.0047065669

2025-12-23:11:15:07,568 INFO     [psi4.optking.stepAlgorithms:368] 	Current Step Report 
 
	Current energy:      -389.0484177661
	Energy change for the previous step:
		Actual       :        -0.0001694294
		Projected    :        -0.0001261660

2025-12-23:11:15:07,568 INFO     [psi4.optking.stepAlgorithms:371] 	Energy ratio =    1.34291
2025-12-23:11:15:07,568 INFO     [psi4.optking.stepAlgorithms:929] 	Using RFO solution 1.
2025-12-23:11:15:07,568 INFO     [psi4.optking.displace:100] 	Determining Cartesian step for fragment 1.
2025-12-23:11:15:07,568 INFO     [psi4.optking.displace:415] 	Successfully converged to displaced geometry.
2025-12-23:11:15:07,568 INFO     [psi4.optking.displace:416] 	RMS(dx):  0.000e+00 	Max(dx):  0.000e+00 	RMS(dq):  0.000e+00
2025-12-23:11:15:07,568 INFO     [psi4.optking.displace:172] 

	        --- Internal Coordinate Step in ANG or DEG, aJ/ANG or AJ/DEG ---
	-------------------------------------------------------------------------------
	           Coordinate      Previous         Force          Change          New 
	           ----------      --------        ------          ------        ------
	               R(1,2)       1.59109        0.03907        0.00453       1.59562
	-------------------------------------------------------------------------------

2025-12-23:11:15:07,568 INFO     [psi4.optking.stepAlgorithms:113] 	|target step| :    0.0085581287
2025-12-23:11:15:07,568 INFO     [psi4.optking.stepAlgorithms:114] 	gradient     :   -0.0047426457
2025-12-23:11:15:07,568 INFO     [psi4.optking.stepAlgorithms:115] 	hessian      :    0.5541279540
2025-12-23:11:15:07,568 INFO     [psi4.optking.stepAlgorithms:113] 	|target step| :    0.0085581287
2025-12-23:11:15:07,568 INFO     [psi4.optking.stepAlgorithms:114] 	gradient     :   -0.0047426457
2025-12-23:11:15:07,568 INFO     [psi4.optking.stepAlgorithms:115] 	hessian      :    0.5541279540
2025-12-23:11:15:07,568 INFO     [psi4.optking.stepAlgorithms:206] 	Norm of achieved step-size    0.0085581287
2025-12-23:11:15:07,568 INFO     [psi4.optking.stepAlgorithms:208] 	Norm of achieved step-size (cart):    0.0060515108
2025-12-23:11:15:07,568 INFO     [psi4.optking.opt_helper:164] Molsys:

	                            ===> Fragment 1 <== 

	 Z (Atomic Numbers)          Masses                          Geom                  
	       9.000000            18.998403          0.00000000  0.00000000  1.79497879   
	      14.000000            27.976927          0.00000000  0.00000000 -1.22029667   

	 - Coordinate -           - BOHR/RAD -       - ANG/DEG -
	 R(1,2)           =         3.015275           1.595615

2025-12-23:11:15:07,568 INFO     [psi4.optking.convcheck:76] Performing convergence check.
2025-12-23:11:15:07,569 INFO     [psi4.optking.convcheck:282] 
	                                 ==> Convergence Check <==                                  
    
	Measures of convergence in internal coordinates in au.
    
	Criteria marked as inactive (o), active & met (*), and active & unmet ( ).

	----------------------------------------------------------------------------------------------
	   Step    Total Energy     Delta E     Max Force     RMS Force      Max Disp      RMS Disp   
	----------------------------------------------------------------------------------------------
	  Convergence Criteria     1.00e-06 *    3.00e-04 *             o    1.20e-03 *             o
	----------------------------------------------------------------------------------------------
	     8    -389.04841777   -1.69e-04      4.74e-03      4.74e-03 o    8.56e-03      8.56e-03 o  ~
	----------------------------------------------------------------------------------------------


2025-12-23:11:15:07,569 INFO     [psi4.optking.stepAlgorithms:296] 	Convergence check returned False
2025-12-23:11:15:07,579 INFO     [psi4.driver.task_planner:259] PLANNING Atomic:  keywords={'DAMPING_PERCENTAGE': 1.0, 'GEOM_MAXITER': 500, 'SCF__GUESS': 'READ', 'GUESS': 'SAP', 'MAXITER': 500, 'REFERENCE': 'UKS', 'function_kwargs': {}}
2025-12-23:11:15:07,580 INFO     [psi4.driver.driver:638] Compute gradient(): method=b3lyp, basis=cc-pvdz, molecule=default, nre=41.78722696763234
2025-12-23:11:15:08,63 INFO     [psi4.driver.driver:641] Return gradient(): -389.04844233099493
2025-12-23:11:15:08,63 INFO     [psi4.driver.driver:642] [[-0.00000000 -0.00000000 -0.00124064]
 [-0.00000000  0.00000000  0.00116838]]
2025-12-23:11:15:08,65 INFO     [psi4.optking.history:269] 	Performing BFGS update.
2025-12-23:11:15:08,65 INFO     [psi4.optking.history:280] 	Using 4 previous steps for update.
2025-12-23:11:15:08,65 INFO     [psi4.optking.history:317] 	Steps to be used in Hessian update:  8 7 6 5

2025-12-23:11:15:08,65 INFO     [psi4.optking.history:418] 	Updated Hessian (in au) 
 	   0.473582

2025-12-23:11:15:08,65 INFO     [psi4.optking.molsys:944] Projected (PHP) Hessian matrix
	   0.473582

2025-12-23:11:15:08,65 INFO     [psi4.optking.opt_helper:182] 
	         Geometry (au)                                       Gradient (au)
   0.0000000000   0.0000000000   1.7957966566		  -0.0000000000  -0.0000000000  -0.0012406365
   0.0000000000   0.0000000000  -1.2194788030		  -0.0000000000   0.0000000000   0.0011683794

2025-12-23:11:15:08,65 INFO     [psi4.optking.stepAlgorithms:368] 	Current Step Report 
 
	Current energy:      -389.0484423310
	Energy change for the previous step:
		Actual       :        -0.0000245649
		Projected    :        -0.0000202941

2025-12-23:11:15:08,65 INFO     [psi4.optking.stepAlgorithms:371] 	Energy ratio =    1.21044
2025-12-23:11:15:08,66 INFO     [psi4.optking.stepAlgorithms:929] 	Using RFO solution 1.
2025-12-23:11:15:08,66 INFO     [psi4.optking.displace:100] 	Determining Cartesian step for fragment 1.
2025-12-23:11:15:08,66 INFO     [psi4.optking.displace:415] 	Successfully converged to displaced geometry.
2025-12-23:11:15:08,66 INFO     [psi4.optking.displace:416] 	RMS(dx):  0.000e+00 	Max(dx):  0.000e+00 	RMS(dq):  0.000e+00
2025-12-23:11:15:08,66 INFO     [psi4.optking.displace:172] 

	        --- Internal Coordinate Step in ANG or DEG, aJ/ANG or AJ/DEG ---
	-------------------------------------------------------------------------------
	           Coordinate      Previous         Force          Change          New 
	           ----------      --------        ------          ------        ------
	               R(1,2)       1.59562        0.00992        0.00135       1.59696
	-------------------------------------------------------------------------------

2025-12-23:11:15:08,66 INFO     [psi4.optking.stepAlgorithms:113] 	|target step| :    0.0025433833
2025-12-23:11:15:08,66 INFO     [psi4.optking.stepAlgorithms:114] 	gradient     :   -0.0012045079
2025-12-23:11:15:08,66 INFO     [psi4.optking.stepAlgorithms:115] 	hessian      :    0.4735818456
2025-12-23:11:15:08,66 INFO     [psi4.optking.stepAlgorithms:113] 	|target step| :    0.0025433833
2025-12-23:11:15:08,66 INFO     [psi4.optking.stepAlgorithms:114] 	gradient     :   -0.0012045079
2025-12-23:11:15:08,66 INFO     [psi4.optking.stepAlgorithms:115] 	hessian      :    0.4735818456
2025-12-23:11:15:08,66 INFO     [psi4.optking.stepAlgorithms:206] 	Norm of achieved step-size    0.0025433833
2025-12-23:11:15:08,66 INFO     [psi4.optking.stepAlgorithms:208] 	Norm of achieved step-size (cart):    0.0017984436
2025-12-23:11:15:08,66 INFO     [psi4.optking.opt_helper:164] Molsys:

	                            ===> Fragment 1 <== 

	 Z (Atomic Numbers)          Masses                          Geom                  
	       9.000000            18.998403          0.00000000  0.00000000  1.79706835   
	      14.000000            27.976927          0.00000000  0.00000000 -1.22075049   

	 - Coordinate -           - BOHR/RAD -       - ANG/DEG -
	 R(1,2)           =         3.017819           1.596961

2025-12-23:11:15:08,66 INFO     [psi4.optking.convcheck:76] Performing convergence check.
2025-12-23:11:15:08,66 INFO     [psi4.optking.convcheck:282] 
	                                 ==> Convergence Check <==                                  
    
	Measures of convergence in internal coordinates in au.
    
	Criteria marked as inactive (o), active & met (*), and active & unmet ( ).

	----------------------------------------------------------------------------------------------
	   Step    Total Energy     Delta E     Max Force     RMS Force      Max Disp      RMS Disp   
	----------------------------------------------------------------------------------------------
	  Convergence Criteria     1.00e-06 *    3.00e-04 *             o    1.20e-03 *             o
	----------------------------------------------------------------------------------------------
	     9    -389.04844233   -2.46e-05      1.20e-03      1.20e-03 o    2.54e-03      2.54e-03 o  ~
	----------------------------------------------------------------------------------------------


2025-12-23:11:15:08,66 INFO     [psi4.optking.stepAlgorithms:296] 	Convergence check returned False
2025-12-23:11:15:08,77 INFO     [psi4.driver.task_planner:259] PLANNING Atomic:  keywords={'DAMPING_PERCENTAGE': 1.0, 'GEOM_MAXITER': 500, 'SCF__GUESS': 'READ', 'GUESS': 'SAP', 'MAXITER': 500, 'REFERENCE': 'UKS', 'function_kwargs': {}}
2025-12-23:11:15:08,78 INFO     [psi4.driver.driver:638] Compute gradient(): method=b3lyp, basis=cc-pvdz, molecule=default, nre=41.75200916964826
2025-12-23:11:15:08,557 INFO     [psi4.driver.driver:641] Return gradient(): -389.0484438395696
2025-12-23:11:15:08,557 INFO     [psi4.driver.driver:642] [[-0.00000000  0.00000000 -0.00020509]
 [ 0.00000000  0.00000000  0.00013280]]
2025-12-23:11:15:08,559 INFO     [psi4.optking.history:269] 	Performing BFGS update.
2025-12-23:11:15:08,559 INFO     [psi4.optking.history:280] 	Using 4 previous steps for update.
2025-12-23:11:15:08,559 INFO     [psi4.optking.history:317] 	Steps to be used in Hessian update:  9 8 7 6

2025-12-23:11:15:08,559 INFO     [psi4.optking.history:418] 	Updated Hessian (in au) 
 	   0.439163

2025-12-23:11:15:08,560 INFO     [psi4.optking.molsys:944] Projected (PHP) Hessian matrix
	   0.439163

2025-12-23:11:15:08,560 INFO     [psi4.optking.opt_helper:182] 
	         Geometry (au)                                       Gradient (au)
   0.0000000000   0.0000000000   1.7973114102		  -0.0000000000   0.0000000000  -0.0002050895
   0.0000000000   0.0000000000  -1.2205074327		   0.0000000000   0.0000000000   0.0001327987

2025-12-23:11:15:08,560 INFO     [psi4.optking.stepAlgorithms:368] 	Current Step Report 
 
	Current energy:      -389.0484438396
	Energy change for the previous step:
		Actual       :        -0.0000015086
		Projected    :        -0.0000015318

2025-12-23:11:15:08,560 INFO     [psi4.optking.stepAlgorithms:371] 	Energy ratio =    0.98486
2025-12-23:11:15:08,560 INFO     [psi4.optking.stepAlgorithms:929] 	Using RFO solution 1.
2025-12-23:11:15:08,560 INFO     [psi4.optking.displace:100] 	Determining Cartesian step for fragment 1.
2025-12-23:11:15:08,560 INFO     [psi4.optking.displace:415] 	Successfully converged to displaced geometry.
2025-12-23:11:15:08,560 INFO     [psi4.optking.displace:416] 	RMS(dx):  0.000e+00 	Max(dx):  0.000e+00 	RMS(dq):  0.000e+00
2025-12-23:11:15:08,560 INFO     [psi4.optking.displace:172] 

	        --- Internal Coordinate Step in ANG or DEG, aJ/ANG or AJ/DEG ---
	-------------------------------------------------------------------------------
	           Coordinate      Previous         Force          Change          New 
	           ----------      --------        ------          ------        ------
	               R(1,2)       1.59696        0.00139        0.00020       1.59716
	-------------------------------------------------------------------------------

2025-12-23:11:15:08,560 INFO     [psi4.optking.stepAlgorithms:113] 	|target step| :    0.0003846960
2025-12-23:11:15:08,560 INFO     [psi4.optking.stepAlgorithms:114] 	gradient     :   -0.0001689441
2025-12-23:11:15:08,560 INFO     [psi4.optking.stepAlgorithms:115] 	hessian      :    0.4391625034
2025-12-23:11:15:08,560 INFO     [psi4.optking.stepAlgorithms:113] 	|target step| :    0.0003846960
2025-12-23:11:15:08,560 INFO     [psi4.optking.stepAlgorithms:114] 	gradient     :   -0.0001689441
2025-12-23:11:15:08,560 INFO     [psi4.optking.stepAlgorithms:115] 	hessian      :    0.4391625034
2025-12-23:11:15:08,560 INFO     [psi4.optking.stepAlgorithms:206] 	Norm of achieved step-size    0.0003846960
2025-12-23:11:15:08,560 INFO     [psi4.optking.stepAlgorithms:208] 	Norm of achieved step-size (cart):    0.0002720212
2025-12-23:11:15:08,560 INFO     [psi4.optking.opt_helper:164] Molsys:

	                            ===> Fragment 1 <== 

	 Z (Atomic Numbers)          Masses                          Geom                  
	       9.000000            18.998403          0.00000000  0.00000000  1.79750376   
	      14.000000            27.976927          0.00000000  0.00000000 -1.22069978   

	 - Coordinate -           - BOHR/RAD -       - ANG/DEG -
	 R(1,2)           =         3.018204           1.597165

2025-12-23:11:15:08,561 INFO     [psi4.optking.convcheck:76] Performing convergence check.
2025-12-23:11:15:08,561 INFO     [psi4.optking.convcheck:282] 
	                                 ==> Convergence Check <==                                  
    
	Measures of convergence in internal coordinates in au.
    
	Criteria marked as inactive (o), active & met (*), and active & unmet ( ).

	----------------------------------------------------------------------------------------------
	   Step    Total Energy     Delta E     Max Force     RMS Force      Max Disp      RMS Disp   
	----------------------------------------------------------------------------------------------
	  Convergence Criteria     1.00e-06 *    3.00e-04 *             o    1.20e-03 *             o
	----------------------------------------------------------------------------------------------
	    10    -389.04844384   -1.51e-06      1.69e-04 *    1.69e-04 o    3.85e-04 *    3.85e-04 o  ~
	----------------------------------------------------------------------------------------------


2025-12-23:11:15:08,561 INFO     [psi4.optking.convcheck:206] 
	                      ===> Final Convergence Report <===                     

	----------------------------------------------------------------------------
	|   Required Criteria    |  One or More Criteria  |   Alternate Criteria   |
	----------------------------------------------------------------------------
	| [x]     max_force      | [ ]       max_DE       |                        |
	|                        | [x]      max_disp      |                        |
	----------------------------------------------------------------------------


2025-12-23:11:15:08,561 INFO     [psi4.optking.stepAlgorithms:296] 	Convergence check returned True
2025-12-23:11:15:08,561 INFO     [psi4.optking.optimize:332] 	Converged in 10 steps!
2025-12-23:11:15:08,561 INFO     [psi4.optking.optimize:333] 	Final energy is   -389.0484438395696
2025-12-23:11:15:08,561 INFO     [psi4.optking.optimize:334] 	Final structure (Angstroms): 
	Fragment 1 (Ang)

	    F   0.0000000000   0.0000000000   0.9511980249
	   Si   0.0000000000   0.0000000000  -0.6459665050


2025-12-23:11:15:08,562 INFO     [psi4.optking.optimize:562] 	Optimization Finished

	==> Optimization Summary <==

        
	Measures of convergence in internal coordinates in au. (Any backward steps not shown.)
        
	---------------------------------------------------------------------------------------------------------------  ~
        
	 Step         Total Energy             Delta E       MAX Force       RMS Force        MAX Disp        RMS Disp   ~
        
	---------------------------------------------------------------------------------------------------------------  ~
        
	     1    -388.798301113787   -388.798301113787      0.96749337      0.96749337      0.22012557      0.22012557  ~
	     2    -388.951418210092     -0.153117096306      0.47249821      0.47249821      0.20158272      0.20158272  ~
	     3    -389.018333174175     -0.066914964083      0.21407264      0.21407264      0.11814915      0.11814915  ~
	     4    -389.037470050978     -0.019136876803      0.11511859      0.11511859      0.10192167      0.10192167  ~
	     5    -389.045799277368     -0.008329226390      0.05132131      0.05132131      0.05124447      0.05124447  ~
	     6    -389.047741780090     -0.001942502721      0.02525563      0.02525563      0.02668536      0.02668536  ~
	     7    -389.048248336760     -0.000506556670      0.01304915      0.01304915      0.01933704      0.01933704  ~
	     8    -389.048417766122     -0.000169429362      0.00474265      0.00474265      0.00855813      0.00855813  ~
	     9    -389.048442330995     -0.000024564873      0.00120451      0.00120451      0.00254338      0.00254338  ~
	    10    -389.048443839570     -0.000001508575      0.00016894      0.00016894      0.00038470      0.00038470  ~
	----------------------------------------------------------------------------------------------------------------


2025-12-23:11:15:08,562 INFO     [psi4.optking.optimize:806] Preparing OptimizationResult
