2025-12-23:11:03:03,351 WARNING  [psi4.optking:38] Some dependencies such as QCElemental have not yet finished migration to pydantic v2. If issues are encountered please downgrade pydantic or upgrade QCElemental as appropriate
2025-12-23:11:03:03,512 INFO     [psi4.optking.optwrapper:234] Creating a UserComputer
2025-12-23:11:03:03,512 INFO     [psi4.optking.optwrapper:242] 
    			-----------------------------------------

    			 OPTKING 3.0: for geometry optimizations 

    			     By R.A. King, Bethel University     

    			        with contributions from          

    			    A.V. Copan, J. Cayton, A. Heide      

    			-----------------------------------------

    
2025-12-23:11:03:03,513 INFO     [psi4.optking.optwrapper:272] 
		 -- Optimization Parameters --
	GEOM_MAXITER                   =             500
	ALG_GEOM_MAXITER               =              50
	PRINT                          =               1
	OPT_TYPE                       =             MIN
	STEP_TYPE                      =             RFO
	PROGRAM                        =            PSI4
	STEEPEST_DESCENT_TYPE          =         OVERLAP
	CONJUGATE_GRADIENT_TYPE        =        FLETCHER
	OPT_COORDINATES                =        INTERNAL
	RFO_FOLLOW_ROOT                =           False
	RFO_ROOT                       =               0
	ACCEPT_SYMMETRY_BREAKING       =           False
	DYNAMIC_LVL                    =               0
	DYNAMIC_LVL_MAX                =               0
	IRC_STEP_SIZE                  =             0.2
	IRC_DIRECTION                  =         FORWARD
	IRC_POINTS                     =              20
	IRC_MODE                       =          NORMAL
	IRC_CONVERGENCE                =            -0.7
	INTRAFRAG_STEP_LIMIT           =             0.5
	INTRAFRAG_STEP_LIMIT_MIN       =           0.001
	INTRAFRAG_STEP_LIMIT_MAX       =             1.0
	INTERFRAG_STEP_LIMIT           =             0.5
	INTERFRAG_STEP_LIMIT_MIN       =           0.001
	INTERFRAG_STEP_LIMIT_MAX       =             1.0
	ENSURE_BT_CONVERGENCE          =           False
	SIMPLE_STEP_SCALING            =           False
	CONSECUTIVE_BACKSTEPS          =               0
	RFO_NORMALIZATION_MAX          =             100
	RSRFO_ALPHA_MAX                =     100000000.0
	PRINT_TRAJECTORY_XYZ_FILE      =           False
	WRITE_TRAJECTORY               =           False
	FROZEN_DISTANCE                =                
	FROZEN_BEND                    =                
	FROZEN_DIHEDRAL                =                
	FROZEN_OOFP                    =                
	FROZEN_CARTESIAN               =                
	FREEZE_ALL_DIHEDRALS           =           False
	UNFREEZE_DIHEDRALS             =                
	RANGED_DISTANCE                =                
	RANGED_BEND                    =                
	RANGED_DIHEDRAL                =                
	RANGED_OOFP                    =                
	RANGED_CARTESIAN               =                
	EXT_FORCE_DISTANCE             =                
	EXT_FORCE_BEND                 =                
	EXT_FORCE_DIHEDRAL             =                
	EXT_FORCE_OOFP                 =                
	EXT_FORCE_CARTESIAN            =                
	G_CONVERGENCE                  =           QCHEM
	MAX_FORCE_G_CONVERGENCE        =          0.0003
	RMS_FORCE_G_CONVERGENCE        =          0.0003
	MAX_ENERGY_G_CONVERGENCE       =           1e-06
	MAX_DISP_G_CONVERGENCE         =          0.0012
	RMS_DISP_G_CONVERGENCE         =          0.0012
	FLEXIBLE_G_CONVERGENCE         =           False
	HESS_UPDATE                    =            BFGS
	HESS_UPDATE_USE_LAST           =               4
	HESS_UPDATE_LIMIT              =            True
	HESS_UPDATE_LIMIT_MAX          =             1.0
	HESS_UPDATE_LIMIT_SCALE        =             0.5
	HESS_UPDATE_DEN_TOL            =           1e-07
	HESS_UPDATE_DQ_TOL             =             0.5
	CART_HESS_READ                 =           False
	HESSIAN_FILE                   =               .
	FULL_HESS_EVERY                =              -1
	INTRAFRAG_HESS                 =        SCHLEGEL
	H_GUESS_EVERY                  =           False
	BT_MAX_ITER                    =              25
	BT_DX_CONV                     =           1e-07
	BT_DX_RMS_CHANGE_CONV          =           1e-12
	BT_PINV_RCOND                  =           1e-06
	FRAG_MODE                      =          SINGLE
	FRAG_REF_ATOMS                 =              []
	FREEZE_INTRAFRAG               =           False
	INTERFRAG_MODE                 =           FIXED
	ADD_AUXILIARY_BONDS            =           False
	AUXILIARY_BOND_FACTOR          =             2.5
	INTERFRAG_DIST_INV             =           False
	INTERFRAG_COLLINEAR_TOL        =            0.01
	INTERFRAG_COORDS               =              []
	INTERFRAG_HESS                 =         DEFAULT
	COVALENT_CONNECT               =             1.3
	INTERFRAGMENT_CONNECT          =             1.8
	H_BOND_CONNECT                 =             4.3
	INCLUDE_OOFP                   =           False
	TEST_B                         =           False
	TEST_DERIVATIVE_B              =           False
	LINESEARCH_STEP                =             0.1
	LINESEARCH                     =           False
	SD_HESSIAN                     =             1.0
	FIX_VAL_NEAR_PI                =            1.57
	V3D_TORS_ANGLE_LIM             =           0.017
	V3D_TORS_COS_TOL               =           1e-10
	LINEAR_BEND_THRESHOLD          =            3.05
	SMALL_BEND_FIX_THRESHOLD       =            0.35
	REDUNDANT_EVAL_TOL             =           1e-10
	LINEAR_ALGEBRA_TOL             =           1e-10


2025-12-23:11:03:03,645 INFO     [psi4.optking.opt_helper:164] Molsys:

	                            ===> Fragment 1 <== 

	 Z (Atomic Numbers)          Masses                          Geom                  
	       7.000000            14.003074          0.00000000  0.00000000  1.67925106   
	      18.000000            39.962383          0.00000000  0.00000000 -0.58842029   

	 - Coordinate -           - BOHR/RAD -       - ANG/DEG -
	 R(1,2)           =         2.267671           1.200000

2025-12-23:11:03:03,655 INFO     [psi4.driver.task_planner:259] PLANNING Atomic:  keywords={'DAMPING_PERCENTAGE': 1.0, 'GEOM_MAXITER': 500, 'GUESS': 'SAP', 'MAXITER': 500, 'REFERENCE': 'UKS', 'function_kwargs': {}}
2025-12-23:11:03:03,656 INFO     [psi4.driver.driver:638] Compute gradient(): method=b3lyp, basis=cc-pvdz, molecule=default, nre=55.56360712035001
2025-12-23:11:03:04,278 INFO     [psi4.driver.driver:641] Return gradient(): -581.3712229503277
2025-12-23:11:03:04,279 INFO     [psi4.driver.driver:642] [[ 0.00000000  0.00000000 -0.96363953]
 [ 0.00000000  0.00000000  0.96361044]]
2025-12-23:11:03:04,280 INFO     [psi4.optking.molsys:944] Projected (PHP) Hessian matrix
	   4.182219

2025-12-23:11:03:04,280 INFO     [psi4.optking.opt_helper:182] 
	         Geometry (au)                                       Gradient (au)
   0.0000000000   0.0000000000   1.6792510641		   0.0000000000   0.0000000000  -0.9636395308
   0.0000000000   0.0000000000  -0.5884202864		   0.0000000000   0.0000000000   0.9636104410

2025-12-23:11:03:04,281 INFO     [psi4.optking.stepAlgorithms:929] 	Using RFO solution 1.
2025-12-23:11:03:04,281 INFO     [psi4.optking.displace:100] 	Determining Cartesian step for fragment 1.
2025-12-23:11:03:04,281 INFO     [psi4.optking.displace:415] 	Successfully converged to displaced geometry.
2025-12-23:11:03:04,281 INFO     [psi4.optking.displace:416] 	RMS(dx):  0.000e+00 	Max(dx):  0.000e+00 	RMS(dq):  0.000e+00
2025-12-23:11:03:04,281 INFO     [psi4.optking.displace:172] 

	        --- Internal Coordinate Step in ANG or DEG, aJ/ANG or AJ/DEG ---
	-------------------------------------------------------------------------------
	           Coordinate      Previous         Force          Change          New 
	           ----------      --------        ------          ------        ------
	               R(1,2)       1.20000        7.93904        0.11606       1.31606
	-------------------------------------------------------------------------------

2025-12-23:11:03:04,281 INFO     [psi4.optking.stepAlgorithms:113] 	|target step| :    0.2193263501
2025-12-23:11:03:04,281 INFO     [psi4.optking.stepAlgorithms:114] 	gradient     :   -0.9636249859
2025-12-23:11:03:04,281 INFO     [psi4.optking.stepAlgorithms:115] 	hessian      :    4.1822185214
2025-12-23:11:03:04,281 INFO     [psi4.optking.stepAlgorithms:113] 	|target step| :    0.2193263501
2025-12-23:11:03:04,281 INFO     [psi4.optking.stepAlgorithms:114] 	gradient     :   -0.9636249859
2025-12-23:11:03:04,281 INFO     [psi4.optking.stepAlgorithms:115] 	hessian      :    4.1822185214
2025-12-23:11:03:04,281 INFO     [psi4.optking.stepAlgorithms:206] 	Norm of achieved step-size    0.2193263501
2025-12-23:11:03:04,281 INFO     [psi4.optking.stepAlgorithms:208] 	Norm of achieved step-size (cart):    0.1550871494
2025-12-23:11:03:04,281 INFO     [psi4.optking.opt_helper:164] Molsys:

	                            ===> Fragment 1 <== 

	 Z (Atomic Numbers)          Masses                          Geom                  
	       7.000000            14.003074          0.00000000  0.00000000  1.78891424   
	      18.000000            39.962383          0.00000000  0.00000000 -0.69808346   

	 - Coordinate -           - BOHR/RAD -       - ANG/DEG -
	 R(1,2)           =         2.486998           1.316063

2025-12-23:11:03:04,282 INFO     [psi4.optking.convcheck:76] Performing convergence check.
2025-12-23:11:03:04,282 INFO     [psi4.optking.convcheck:282] 
	                                 ==> Convergence Check <==                                  
    
	Measures of convergence in internal coordinates in au.
    
	Criteria marked as inactive (o), active & met (*), and active & unmet ( ).

	----------------------------------------------------------------------------------------------~
	   Step    Total Energy     Delta E     Max Force     RMS Force      Max Disp      RMS Disp   ~
	----------------------------------------------------------------------------------------------~
	  Convergence Criteria     1.00e-06 *    3.00e-04 *             o    1.20e-03 *             o~
	----------------------------------------------------------------------------------------------~
	     1    -581.37122295   -5.81e+02      9.64e-01      9.64e-01 o    2.19e-01      2.19e-01 o  ~
	----------------------------------------------------------------------------------------------


2025-12-23:11:03:04,282 INFO     [psi4.optking.stepAlgorithms:296] 	Convergence check returned False
2025-12-23:11:03:04,292 INFO     [psi4.driver.task_planner:259] PLANNING Atomic:  keywords={'DAMPING_PERCENTAGE': 1.0, 'GEOM_MAXITER': 500, 'SCF__GUESS': 'READ', 'GUESS': 'SAP', 'MAXITER': 500, 'REFERENCE': 'UKS', 'function_kwargs': {}}
2025-12-23:11:03:04,293 INFO     [psi4.driver.driver:638] Compute gradient(): method=b3lyp, basis=cc-pvdz, molecule=default, nre=50.66349678107564
2025-12-23:11:03:04,841 INFO     [psi4.driver.driver:641] Return gradient(): -581.5277845546475
2025-12-23:11:03:04,841 INFO     [psi4.driver.driver:642] [[ 0.00000000  0.00000000 -0.51222703]
 [-0.00000000  0.00000000  0.51220541]]
2025-12-23:11:03:04,843 INFO     [psi4.optking.history:269] 	Performing BFGS update.
2025-12-23:11:03:04,843 INFO     [psi4.optking.history:280] 	Using 1 previous steps for update.
2025-12-23:11:03:04,843 INFO     [psi4.optking.history:317] 	Steps to be used in Hessian update:  1

2025-12-23:11:03:04,843 INFO     [psi4.optking.history:418] 	Updated Hessian (in au) 
 	   2.091109

2025-12-23:11:03:04,843 INFO     [psi4.optking.molsys:944] Projected (PHP) Hessian matrix
	   2.091109

2025-12-23:11:03:04,843 INFO     [psi4.optking.opt_helper:182] 
	         Geometry (au)                                       Gradient (au)
   0.0000000000   0.0000000000   1.8416661366		   0.0000000000   0.0000000000  -0.5122270319
   0.0000000000   0.0000000000  -0.6453315640		  -0.0000000000   0.0000000000   0.5122054062

2025-12-23:11:03:04,843 INFO     [psi4.optking.stepAlgorithms:368] 	Current Step Report 
 
	Current energy:      -581.5277845546
	Energy change for the previous step:
		Actual       :        -0.1565616043
		Projected    :        -0.1056741755

2025-12-23:11:03:04,843 INFO     [psi4.optking.stepAlgorithms:371] 	Energy ratio =    1.48155
2025-12-23:11:03:04,843 INFO     [psi4.optking.stepAlgorithms:399] 	Energy ratio indicates good step.
2025-12-23:11:03:04,843 INFO     [psi4.optking.stepAlgorithms:400] 	Intrafrag trust radius increased to      1.
2025-12-23:11:03:04,844 INFO     [psi4.optking.stepAlgorithms:929] 	Using RFO solution 1.
2025-12-23:11:03:04,844 INFO     [psi4.optking.displace:100] 	Determining Cartesian step for fragment 1.
2025-12-23:11:03:04,844 INFO     [psi4.optking.displace:415] 	Successfully converged to displaced geometry.
2025-12-23:11:03:04,844 INFO     [psi4.optking.displace:416] 	RMS(dx):  0.000e+00 	Max(dx):  0.000e+00 	RMS(dq):  0.000e+00
2025-12-23:11:03:04,844 INFO     [psi4.optking.displace:172] 

	        --- Internal Coordinate Step in ANG or DEG, aJ/ANG or AJ/DEG ---
	-------------------------------------------------------------------------------
	           Coordinate      Previous         Force          Change          New 
	           ----------      --------        ------          ------        ------
	               R(1,2)       1.31606        4.22001        0.12266       1.43872
	-------------------------------------------------------------------------------

2025-12-23:11:03:04,844 INFO     [psi4.optking.stepAlgorithms:113] 	|target step| :    0.2317892981
2025-12-23:11:03:04,844 INFO     [psi4.optking.stepAlgorithms:114] 	gradient     :   -0.5122162191
2025-12-23:11:03:04,844 INFO     [psi4.optking.stepAlgorithms:115] 	hessian      :    2.0911092607
2025-12-23:11:03:04,844 INFO     [psi4.optking.stepAlgorithms:113] 	|target step| :    0.2317892981
2025-12-23:11:03:04,844 INFO     [psi4.optking.stepAlgorithms:114] 	gradient     :   -0.5122162191
2025-12-23:11:03:04,844 INFO     [psi4.optking.stepAlgorithms:115] 	hessian      :    2.0911092607
2025-12-23:11:03:04,844 INFO     [psi4.optking.stepAlgorithms:206] 	Norm of achieved step-size    0.2317892981
2025-12-23:11:03:04,844 INFO     [psi4.optking.stepAlgorithms:208] 	Norm of achieved step-size (cart):    0.1638997845
2025-12-23:11:03:04,844 INFO     [psi4.optking.opt_helper:164] Molsys:

	                            ===> Fragment 1 <== 

	 Z (Atomic Numbers)          Masses                          Geom                  
	       7.000000            14.003074          0.00000000  0.00000000  1.95756079   
	      18.000000            39.962383          0.00000000  0.00000000 -0.76122621   

	 - Coordinate -           - BOHR/RAD -       - ANG/DEG -
	 R(1,2)           =         2.718787           1.438720

2025-12-23:11:03:04,844 INFO     [psi4.optking.convcheck:76] Performing convergence check.
2025-12-23:11:03:04,844 INFO     [psi4.optking.convcheck:282] 
	                                 ==> Convergence Check <==                                  
    
	Measures of convergence in internal coordinates in au.
    
	Criteria marked as inactive (o), active & met (*), and active & unmet ( ).

	----------------------------------------------------------------------------------------------
	   Step    Total Energy     Delta E     Max Force     RMS Force      Max Disp      RMS Disp   
	----------------------------------------------------------------------------------------------
	  Convergence Criteria     1.00e-06 *    3.00e-04 *             o    1.20e-03 *             o
	----------------------------------------------------------------------------------------------
	     2    -581.52778455   -1.57e-01      5.12e-01      5.12e-01 o    2.32e-01      2.32e-01 o  ~
	----------------------------------------------------------------------------------------------


2025-12-23:11:03:04,844 INFO     [psi4.optking.stepAlgorithms:296] 	Convergence check returned False
2025-12-23:11:03:04,855 INFO     [psi4.driver.task_planner:259] PLANNING Atomic:  keywords={'DAMPING_PERCENTAGE': 1.0, 'GEOM_MAXITER': 500, 'SCF__GUESS': 'READ', 'GUESS': 'SAP', 'MAXITER': 500, 'REFERENCE': 'UKS', 'function_kwargs': {}}
2025-12-23:11:03:04,856 INFO     [psi4.driver.driver:638] Compute gradient(): method=b3lyp, basis=cc-pvdz, molecule=default, nre=46.344196901138545
2025-12-23:11:03:05,363 INFO     [psi4.driver.driver:641] Return gradient(): -581.6145221575015
2025-12-23:11:03:05,363 INFO     [psi4.driver.driver:642] [[ 0.00000000  0.00000000 -0.26319709]
 [ 0.00000000  0.00000000  0.26317545]]
2025-12-23:11:03:05,364 INFO     [psi4.optking.history:269] 	Performing BFGS update.
2025-12-23:11:03:05,364 INFO     [psi4.optking.history:280] 	Using 2 previous steps for update.
2025-12-23:11:03:05,364 INFO     [psi4.optking.history:317] 	Steps to be used in Hessian update:  2 1

2025-12-23:11:03:05,365 INFO     [psi4.optking.history:418] 	Updated Hessian (in au) 
 	   1.552681

2025-12-23:11:03:05,365 INFO     [psi4.optking.molsys:944] Projected (PHP) Hessian matrix
	   1.552681

2025-12-23:11:03:05,365 INFO     [psi4.optking.opt_helper:182] 
	         Geometry (au)                                       Gradient (au)
   0.0000000000   0.0000000000   2.0133102443		   0.0000000000   0.0000000000  -0.2631970942
   0.0000000000   0.0000000000  -0.7054767544		   0.0000000000   0.0000000000   0.2631754456

2025-12-23:11:03:05,365 INFO     [psi4.optking.stepAlgorithms:368] 	Current Step Report 
 
	Current energy:      -581.6145221575
	Energy change for the previous step:
		Actual       :        -0.0867376029
		Projected    :        -0.0593631189

2025-12-23:11:03:05,365 INFO     [psi4.optking.stepAlgorithms:371] 	Energy ratio =    1.46114
2025-12-23:11:03:05,365 INFO     [psi4.optking.stepAlgorithms:929] 	Using RFO solution 1.
2025-12-23:11:03:05,365 INFO     [psi4.optking.displace:100] 	Determining Cartesian step for fragment 1.
2025-12-23:11:03:05,365 INFO     [psi4.optking.displace:415] 	Successfully converged to displaced geometry.
2025-12-23:11:03:05,365 INFO     [psi4.optking.displace:416] 	RMS(dx):  1.282e-16 	Max(dx):  2.220e-16 	RMS(dq):  0.000e+00
2025-12-23:11:03:05,365 INFO     [psi4.optking.displace:172] 

	        --- Internal Coordinate Step in ANG or DEG, aJ/ANG or AJ/DEG ---
	-------------------------------------------------------------------------------
	           Coordinate      Previous         Force          Change          New 
	           ----------      --------        ------          ------        ------
	               R(1,2)       1.43872        2.16832        0.08726       1.52598
	-------------------------------------------------------------------------------

2025-12-23:11:03:05,365 INFO     [psi4.optking.stepAlgorithms:113] 	|target step| :    0.1648954875
2025-12-23:11:03:05,365 INFO     [psi4.optking.stepAlgorithms:114] 	gradient     :   -0.2631862699
2025-12-23:11:03:05,365 INFO     [psi4.optking.stepAlgorithms:115] 	hessian      :    1.5526810451
2025-12-23:11:03:05,365 INFO     [psi4.optking.stepAlgorithms:113] 	|target step| :    0.1648954875
2025-12-23:11:03:05,365 INFO     [psi4.optking.stepAlgorithms:114] 	gradient     :   -0.2631862699
2025-12-23:11:03:05,365 INFO     [psi4.optking.stepAlgorithms:115] 	hessian      :    1.5526810451
2025-12-23:11:03:05,365 INFO     [psi4.optking.stepAlgorithms:206] 	Norm of achieved step-size    0.1648954875
2025-12-23:11:03:05,365 INFO     [psi4.optking.stepAlgorithms:208] 	Norm of achieved step-size (cart):    0.1165987174
2025-12-23:11:03:05,366 INFO     [psi4.optking.opt_helper:164] Molsys:

	                            ===> Fragment 1 <== 

	 Z (Atomic Numbers)          Masses                          Geom                  
	       7.000000            14.003074          0.00000000  0.00000000  2.09575799   
	      18.000000            39.962383          0.00000000  0.00000000 -0.78792450   

	 - Coordinate -           - BOHR/RAD -       - ANG/DEG -
	 R(1,2)           =         2.883682           1.525979

2025-12-23:11:03:05,366 INFO     [psi4.optking.convcheck:76] Performing convergence check.
2025-12-23:11:03:05,366 INFO     [psi4.optking.convcheck:282] 
	                                 ==> Convergence Check <==                                  
    
	Measures of convergence in internal coordinates in au.
    
	Criteria marked as inactive (o), active & met (*), and active & unmet ( ).

	----------------------------------------------------------------------------------------------
	   Step    Total Energy     Delta E     Max Force     RMS Force      Max Disp      RMS Disp   
	----------------------------------------------------------------------------------------------
	  Convergence Criteria     1.00e-06 *    3.00e-04 *             o    1.20e-03 *             o
	----------------------------------------------------------------------------------------------
	     3    -581.61452216   -8.67e-02      2.63e-01      2.63e-01 o    1.65e-01      1.65e-01 o  ~
	----------------------------------------------------------------------------------------------


2025-12-23:11:03:05,366 INFO     [psi4.optking.stepAlgorithms:296] 	Convergence check returned False
2025-12-23:11:03:05,376 INFO     [psi4.driver.task_planner:259] PLANNING Atomic:  keywords={'DAMPING_PERCENTAGE': 1.0, 'GEOM_MAXITER': 500, 'SCF__GUESS': 'READ', 'GUESS': 'SAP', 'MAXITER': 500, 'REFERENCE': 'UKS', 'function_kwargs': {}}
2025-12-23:11:03:05,378 INFO     [psi4.driver.driver:638] Compute gradient(): method=b3lyp, basis=cc-pvdz, molecule=default, nre=43.69413089075316
2025-12-23:11:03:05,937 INFO     [psi4.driver.driver:641] Return gradient(): -581.6489209736563
2025-12-23:11:03:05,937 INFO     [psi4.driver.driver:642] [[-0.00000000  0.00000000 -0.16147076]
 [ 0.00000000 -0.00000000  0.16145272]]
2025-12-23:11:03:05,939 INFO     [psi4.optking.history:269] 	Performing BFGS update.
2025-12-23:11:03:05,939 INFO     [psi4.optking.history:280] 	Using 3 previous steps for update.
2025-12-23:11:03:05,939 WARNING  [psi4.optking.history:301] 	Change in internal coordinate of 6.16e-01 exceeds limit of 5.00e-01.
2025-12-23:11:03:05,939 WARNING  [psi4.optking.history:306] 	Skipping Hessian update for step 1.
2025-12-23:11:03:05,939 INFO     [psi4.optking.history:317] 	Steps to be used in Hessian update:  3 2

2025-12-23:11:03:05,939 INFO     [psi4.optking.history:418] 	Updated Hessian (in au) 
 	   0.884215

2025-12-23:11:03:05,939 INFO     [psi4.optking.molsys:944] Projected (PHP) Hessian matrix
	   0.884215

2025-12-23:11:03:05,939 INFO     [psi4.optking.opt_helper:182] 
	         Geometry (au)                                       Gradient (au)
   0.0000000000   0.0000000000   2.1354182926		  -0.0000000000   0.0000000000  -0.1614707638
   0.0000000000   0.0000000000  -0.7482641936		   0.0000000000  -0.0000000000   0.1614527187

2025-12-23:11:03:05,939 INFO     [psi4.optking.stepAlgorithms:368] 	Current Step Report 
 
	Current energy:      -581.6489209737
	Energy change for the previous step:
		Actual       :        -0.0343988162
		Projected    :        -0.0216991141

2025-12-23:11:03:05,939 INFO     [psi4.optking.stepAlgorithms:371] 	Energy ratio =    1.58526
2025-12-23:11:03:05,940 INFO     [psi4.optking.stepAlgorithms:929] 	Using RFO solution 1.
2025-12-23:11:03:05,940 INFO     [psi4.optking.displace:100] 	Determining Cartesian step for fragment 1.
2025-12-23:11:03:05,940 INFO     [psi4.optking.displace:415] 	Successfully converged to displaced geometry.
2025-12-23:11:03:05,940 INFO     [psi4.optking.displace:416] 	RMS(dx):  0.000e+00 	Max(dx):  0.000e+00 	RMS(dq):  0.000e+00
2025-12-23:11:03:05,940 INFO     [psi4.optking.displace:172] 

	        --- Internal Coordinate Step in ANG or DEG, aJ/ANG or AJ/DEG ---
	-------------------------------------------------------------------------------
	           Coordinate      Previous         Force          Change          New 
	           ----------      --------        ------          ------        ------
	               R(1,2)       1.52598        1.33024        0.09361       1.61959
	-------------------------------------------------------------------------------

2025-12-23:11:03:05,940 INFO     [psi4.optking.stepAlgorithms:113] 	|target step| :    0.1768909260
2025-12-23:11:03:05,940 INFO     [psi4.optking.stepAlgorithms:114] 	gradient     :   -0.1614617413
2025-12-23:11:03:05,940 INFO     [psi4.optking.stepAlgorithms:115] 	hessian      :    0.8842145970
2025-12-23:11:03:05,940 INFO     [psi4.optking.stepAlgorithms:113] 	|target step| :    0.1768909260
2025-12-23:11:03:05,940 INFO     [psi4.optking.stepAlgorithms:114] 	gradient     :   -0.1614617413
2025-12-23:11:03:05,940 INFO     [psi4.optking.stepAlgorithms:115] 	hessian      :    0.8842145970
2025-12-23:11:03:05,940 INFO     [psi4.optking.stepAlgorithms:206] 	Norm of achieved step-size    0.1768909260
2025-12-23:11:03:05,940 INFO     [psi4.optking.stepAlgorithms:208] 	Norm of achieved step-size (cart):    0.1250807733
2025-12-23:11:03:05,940 INFO     [psi4.optking.opt_helper:164] Molsys:

	                            ===> Fragment 1 <== 

	 Z (Atomic Numbers)          Masses                          Geom                  
	       7.000000            14.003074          0.00000000  0.00000000  2.22386376   
	      18.000000            39.962383          0.00000000  0.00000000 -0.83670966   

	 - Coordinate -           - BOHR/RAD -       - ANG/DEG -
	 R(1,2)           =         3.060573           1.619586

2025-12-23:11:03:05,940 INFO     [psi4.optking.convcheck:76] Performing convergence check.
2025-12-23:11:03:05,940 INFO     [psi4.optking.convcheck:282] 
	                                 ==> Convergence Check <==                                  
    
	Measures of convergence in internal coordinates in au.
    
	Criteria marked as inactive (o), active & met (*), and active & unmet ( ).

	----------------------------------------------------------------------------------------------
	   Step    Total Energy     Delta E     Max Force     RMS Force      Max Disp      RMS Disp   
	----------------------------------------------------------------------------------------------
	  Convergence Criteria     1.00e-06 *    3.00e-04 *             o    1.20e-03 *             o
	----------------------------------------------------------------------------------------------
	     4    -581.64892097   -3.44e-02      1.61e-01      1.61e-01 o    1.77e-01      1.77e-01 o  ~
	----------------------------------------------------------------------------------------------


2025-12-23:11:03:05,941 INFO     [psi4.optking.stepAlgorithms:296] 	Convergence check returned False
2025-12-23:11:03:05,950 INFO     [psi4.driver.task_planner:259] PLANNING Atomic:  keywords={'DAMPING_PERCENTAGE': 1.0, 'GEOM_MAXITER': 500, 'SCF__GUESS': 'READ', 'GUESS': 'SAP', 'MAXITER': 500, 'REFERENCE': 'UKS', 'function_kwargs': {}}
2025-12-23:11:03:05,952 INFO     [psi4.driver.driver:638] Compute gradient(): method=b3lyp, basis=cc-pvdz, molecule=default, nre=41.168755990769085
2025-12-23:11:03:06,444 INFO     [psi4.driver.driver:641] Return gradient(): -581.6708150869358
2025-12-23:11:03:06,444 INFO     [psi4.driver.driver:642] [[ 0.00000000 -0.00000000 -0.09128133]
 [ 0.00000000  0.00000000  0.09126614]]
2025-12-23:11:03:06,446 INFO     [psi4.optking.history:269] 	Performing BFGS update.
2025-12-23:11:03:06,446 INFO     [psi4.optking.history:280] 	Using 4 previous steps for update.
2025-12-23:11:03:06,446 WARNING  [psi4.optking.history:301] 	Change in internal coordinate of 5.74e-01 exceeds limit of 5.00e-01.
2025-12-23:11:03:06,446 WARNING  [psi4.optking.history:306] 	Skipping Hessian update for step 2.
2025-12-23:11:03:06,446 WARNING  [psi4.optking.history:301] 	Change in internal coordinate of 7.93e-01 exceeds limit of 5.00e-01.
2025-12-23:11:03:06,446 WARNING  [psi4.optking.history:306] 	Skipping Hessian update for step 1.
2025-12-23:11:03:06,446 INFO     [psi4.optking.history:317] 	Steps to be used in Hessian update:  4 3

2025-12-23:11:03:06,446 INFO     [psi4.optking.history:418] 	Updated Hessian (in au) 
 	   0.502982

2025-12-23:11:03:06,447 INFO     [psi4.optking.molsys:944] Projected (PHP) Hessian matrix
	   0.502982

2025-12-23:11:03:06,447 INFO     [psi4.optking.opt_helper:182] 
	         Geometry (au)                                       Gradient (au)
   0.0000000000   0.0000000000   2.2664091770		   0.0000000000  -0.0000000000  -0.0912813327
   0.0000000000   0.0000000000  -0.7941642352		   0.0000000000   0.0000000000   0.0912661351

2025-12-23:11:03:06,447 INFO     [psi4.optking.stepAlgorithms:368] 	Current Step Report 
 
	Current energy:      -581.6708150869
	Energy change for the previous step:
		Actual       :        -0.0218941133
		Projected    :        -0.0142805585

2025-12-23:11:03:06,447 INFO     [psi4.optking.stepAlgorithms:371] 	Energy ratio =    1.53314
2025-12-23:11:03:06,447 INFO     [psi4.optking.stepAlgorithms:929] 	Using RFO solution 1.
2025-12-23:11:03:06,447 INFO     [psi4.optking.displace:100] 	Determining Cartesian step for fragment 1.
2025-12-23:11:03:06,447 INFO     [psi4.optking.displace:415] 	Successfully converged to displaced geometry.
2025-12-23:11:03:06,447 INFO     [psi4.optking.displace:416] 	RMS(dx):  0.000e+00 	Max(dx):  0.000e+00 	RMS(dq):  0.000e+00
2025-12-23:11:03:06,447 INFO     [psi4.optking.displace:172] 

	        --- Internal Coordinate Step in ANG or DEG, aJ/ANG or AJ/DEG ---
	-------------------------------------------------------------------------------
	           Coordinate      Previous         Force          Change          New 
	           ----------      --------        ------          ------        ------
	               R(1,2)       1.61959        0.75198        0.09306       1.71264
	-------------------------------------------------------------------------------

2025-12-23:11:03:06,447 INFO     [psi4.optking.stepAlgorithms:113] 	|target step| :    0.1758533796
2025-12-23:11:03:06,447 INFO     [psi4.optking.stepAlgorithms:114] 	gradient     :   -0.0912737339
2025-12-23:11:03:06,447 INFO     [psi4.optking.stepAlgorithms:115] 	hessian      :    0.5029823573
2025-12-23:11:03:06,447 INFO     [psi4.optking.stepAlgorithms:113] 	|target step| :    0.1758533796
2025-12-23:11:03:06,447 INFO     [psi4.optking.stepAlgorithms:114] 	gradient     :   -0.0912737339
2025-12-23:11:03:06,447 INFO     [psi4.optking.stepAlgorithms:115] 	hessian      :    0.5029823573
2025-12-23:11:03:06,447 INFO     [psi4.optking.stepAlgorithms:206] 	Norm of achieved step-size    0.1758533796
2025-12-23:11:03:06,447 INFO     [psi4.optking.stepAlgorithms:208] 	Norm of achieved step-size (cart):    0.1243471172
2025-12-23:11:03:06,448 INFO     [psi4.optking.opt_helper:164] Molsys:

	                            ===> Fragment 1 <== 

	 Z (Atomic Numbers)          Masses                          Geom                  
	       7.000000            14.003074          0.00000000  0.00000000  2.35433587   
	      18.000000            39.962383          0.00000000  0.00000000 -0.88209093   

	 - Coordinate -           - BOHR/RAD -       - ANG/DEG -
	 R(1,2)           =         3.236427           1.712643

2025-12-23:11:03:06,448 INFO     [psi4.optking.convcheck:76] Performing convergence check.
2025-12-23:11:03:06,448 INFO     [psi4.optking.convcheck:282] 
	                                 ==> Convergence Check <==                                  
    
	Measures of convergence in internal coordinates in au.
    
	Criteria marked as inactive (o), active & met (*), and active & unmet ( ).

	----------------------------------------------------------------------------------------------
	   Step    Total Energy     Delta E     Max Force     RMS Force      Max Disp      RMS Disp   
	----------------------------------------------------------------------------------------------
	  Convergence Criteria     1.00e-06 *    3.00e-04 *             o    1.20e-03 *             o
	----------------------------------------------------------------------------------------------
	     5    -581.67081509   -2.19e-02      9.13e-02      9.13e-02 o    1.76e-01      1.76e-01 o  ~
	----------------------------------------------------------------------------------------------


2025-12-23:11:03:06,448 INFO     [psi4.optking.stepAlgorithms:296] 	Convergence check returned False
2025-12-23:11:03:06,459 INFO     [psi4.driver.task_planner:259] PLANNING Atomic:  keywords={'DAMPING_PERCENTAGE': 1.0, 'GEOM_MAXITER': 500, 'SCF__GUESS': 'READ', 'GUESS': 'SAP', 'MAXITER': 500, 'REFERENCE': 'UKS', 'function_kwargs': {}}
2025-12-23:11:03:06,460 INFO     [psi4.driver.driver:638] Compute gradient(): method=b3lyp, basis=cc-pvdz, molecule=default, nre=38.9318245407918
2025-12-23:11:03:06,998 INFO     [psi4.driver.driver:641] Return gradient(): -581.6826053019702
2025-12-23:11:03:06,999 INFO     [psi4.driver.driver:642] [[ 0.00000000 -0.00000000 -0.04600669]
 [-0.00000000 -0.00000000  0.04599460]]
2025-12-23:11:03:07,0 INFO     [psi4.optking.history:269] 	Performing BFGS update.
2025-12-23:11:03:07,0 INFO     [psi4.optking.history:280] 	Using 4 previous steps for update.
2025-12-23:11:03:07,0 WARNING  [psi4.optking.history:301] 	Change in internal coordinate of 5.18e-01 exceeds limit of 5.00e-01.
2025-12-23:11:03:07,0 WARNING  [psi4.optking.history:306] 	Skipping Hessian update for step 3.
2025-12-23:11:03:07,1 WARNING  [psi4.optking.history:301] 	Change in internal coordinate of 7.49e-01 exceeds limit of 5.00e-01.
2025-12-23:11:03:07,1 WARNING  [psi4.optking.history:306] 	Skipping Hessian update for step 2.
2025-12-23:11:03:07,1 WARNING  [psi4.optking.history:301] 	Change in internal coordinate of 9.69e-01 exceeds limit of 5.00e-01.
2025-12-23:11:03:07,1 WARNING  [psi4.optking.history:306] 	Skipping Hessian update for step 1.
2025-12-23:11:03:07,1 INFO     [psi4.optking.history:317] 	Steps to be used in Hessian update:  5 4

2025-12-23:11:03:07,1 INFO     [psi4.optking.history:418] 	Updated Hessian (in au) 
 	   0.327322

2025-12-23:11:03:07,1 INFO     [psi4.optking.molsys:944] Projected (PHP) Hessian matrix
	   0.327322

2025-12-23:11:03:07,1 INFO     [psi4.optking.opt_helper:182] 
	         Geometry (au)                                       Gradient (au)
   0.0000000000   0.0000000000   2.3966317398		   0.0000000000  -0.0000000000  -0.0460066899
   0.0000000000   0.0000000000  -0.8397950520		  -0.0000000000  -0.0000000000   0.0459946000

2025-12-23:11:03:07,1 INFO     [psi4.optking.stepAlgorithms:368] 	Current Step Report 
 
	Current energy:      -581.6826053020
	Energy change for the previous step:
		Actual       :        -0.0117902150
		Projected    :        -0.0080253973

2025-12-23:11:03:07,1 INFO     [psi4.optking.stepAlgorithms:371] 	Energy ratio =    1.46911
2025-12-23:11:03:07,1 INFO     [psi4.optking.stepAlgorithms:929] 	Using RFO solution 1.
2025-12-23:11:03:07,1 INFO     [psi4.optking.displace:100] 	Determining Cartesian step for fragment 1.
2025-12-23:11:03:07,1 INFO     [psi4.optking.displace:415] 	Successfully converged to displaced geometry.
2025-12-23:11:03:07,1 INFO     [psi4.optking.displace:416] 	RMS(dx):  1.282e-16 	Max(dx):  2.220e-16 	RMS(dq):  4.441e-16
2025-12-23:11:03:07,2 INFO     [psi4.optking.displace:172] 

	        --- Internal Coordinate Step in ANG or DEG, aJ/ANG or AJ/DEG ---
	-------------------------------------------------------------------------------
	           Coordinate      Previous         Force          Change          New 
	           ----------      --------        ------          ------        ------
	               R(1,2)       1.71264        0.37899        0.07296       1.78560
	-------------------------------------------------------------------------------

2025-12-23:11:03:07,2 INFO     [psi4.optking.stepAlgorithms:113] 	|target step| :    0.1378650751
2025-12-23:11:03:07,2 INFO     [psi4.optking.stepAlgorithms:114] 	gradient     :   -0.0460006449
2025-12-23:11:03:07,2 INFO     [psi4.optking.stepAlgorithms:115] 	hessian      :    0.3273223536
2025-12-23:11:03:07,2 INFO     [psi4.optking.stepAlgorithms:113] 	|target step| :    0.1378650751
2025-12-23:11:03:07,2 INFO     [psi4.optking.stepAlgorithms:114] 	gradient     :   -0.0460006449
2025-12-23:11:03:07,2 INFO     [psi4.optking.stepAlgorithms:115] 	hessian      :    0.3273223536
2025-12-23:11:03:07,2 INFO     [psi4.optking.stepAlgorithms:206] 	Norm of achieved step-size    0.1378650751
2025-12-23:11:03:07,2 INFO     [psi4.optking.stepAlgorithms:208] 	Norm of achieved step-size (cart):    0.0974853295
2025-12-23:11:03:07,2 INFO     [psi4.optking.opt_helper:164] Molsys:

	                            ===> Fragment 1 <== 

	 Z (Atomic Numbers)          Masses                          Geom                  
	       7.000000            14.003074          0.00000000  0.00000000  2.46556428   
	      18.000000            39.962383          0.00000000  0.00000000 -0.90872759   

	 - Coordinate -           - BOHR/RAD -       - ANG/DEG -
	 R(1,2)           =         3.374292           1.785598

2025-12-23:11:03:07,2 INFO     [psi4.optking.convcheck:76] Performing convergence check.
2025-12-23:11:03:07,2 INFO     [psi4.optking.convcheck:282] 
	                                 ==> Convergence Check <==                                  
    
	Measures of convergence in internal coordinates in au.
    
	Criteria marked as inactive (o), active & met (*), and active & unmet ( ).

	----------------------------------------------------------------------------------------------
	   Step    Total Energy     Delta E     Max Force     RMS Force      Max Disp      RMS Disp   
	----------------------------------------------------------------------------------------------
	  Convergence Criteria     1.00e-06 *    3.00e-04 *             o    1.20e-03 *             o
	----------------------------------------------------------------------------------------------
	     6    -581.68260530   -1.18e-02      4.60e-02      4.60e-02 o    1.38e-01      1.38e-01 o  ~
	----------------------------------------------------------------------------------------------


2025-12-23:11:03:07,2 INFO     [psi4.optking.stepAlgorithms:296] 	Convergence check returned False
2025-12-23:11:03:07,13 INFO     [psi4.driver.task_planner:259] PLANNING Atomic:  keywords={'DAMPING_PERCENTAGE': 1.0, 'GEOM_MAXITER': 500, 'SCF__GUESS': 'READ', 'GUESS': 'SAP', 'MAXITER': 500, 'REFERENCE': 'UKS', 'function_kwargs': {}}
2025-12-23:11:03:07,14 INFO     [psi4.driver.driver:638] Compute gradient(): method=b3lyp, basis=cc-pvdz, molecule=default, nre=37.341168152488876
2025-12-23:11:03:07,541 INFO     [psi4.driver.driver:641] Return gradient(): -581.6871746334388
2025-12-23:11:03:07,542 INFO     [psi4.driver.driver:642] [[ 0.00000000 -0.00000000 -0.02162193]
 [ 0.00000000  0.00000000  0.02161629]]
2025-12-23:11:03:07,543 INFO     [psi4.optking.history:269] 	Performing BFGS update.
2025-12-23:11:03:07,543 INFO     [psi4.optking.history:280] 	Using 4 previous steps for update.
2025-12-23:11:03:07,543 WARNING  [psi4.optking.history:301] 	Change in internal coordinate of 6.56e-01 exceeds limit of 5.00e-01.
2025-12-23:11:03:07,543 WARNING  [psi4.optking.history:306] 	Skipping Hessian update for step 3.
2025-12-23:11:03:07,543 WARNING  [psi4.optking.history:301] 	Change in internal coordinate of 8.87e-01 exceeds limit of 5.00e-01.
2025-12-23:11:03:07,543 WARNING  [psi4.optking.history:306] 	Skipping Hessian update for step 2.
2025-12-23:11:03:07,543 WARNING  [psi4.optking.history:301] 	Change in internal coordinate of 1.11e+00 exceeds limit of 5.00e-01.
2025-12-23:11:03:07,543 WARNING  [psi4.optking.history:306] 	Skipping Hessian update for step 1.
2025-12-23:11:03:07,543 INFO     [psi4.optking.history:317] 	Steps to be used in Hessian update:  6 5 4

2025-12-23:11:03:07,544 INFO     [psi4.optking.history:418] 	Updated Hessian (in au) 
 	   0.285039

2025-12-23:11:03:07,544 INFO     [psi4.optking.molsys:944] Projected (PHP) Hessian matrix
	   0.285039

2025-12-23:11:03:07,544 INFO     [psi4.optking.opt_helper:182] 
	         Geometry (au)                                       Gradient (au)
   0.0000000000   0.0000000000   2.4987232859		   0.0000000000  -0.0000000000  -0.0216219258
   0.0000000000   0.0000000000  -0.8755685811		   0.0000000000   0.0000000000   0.0216162934

2025-12-23:11:03:07,544 INFO     [psi4.optking.stepAlgorithms:368] 	Current Step Report 
 
	Current energy:      -581.6871746334
	Energy change for the previous step:
		Actual       :        -0.0045693315
		Projected    :        -0.0031709412

2025-12-23:11:03:07,544 INFO     [psi4.optking.stepAlgorithms:371] 	Energy ratio =    1.44100
2025-12-23:11:03:07,544 INFO     [psi4.optking.stepAlgorithms:929] 	Using RFO solution 1.
2025-12-23:11:03:07,544 INFO     [psi4.optking.displace:100] 	Determining Cartesian step for fragment 1.
2025-12-23:11:03:07,544 INFO     [psi4.optking.displace:415] 	Successfully converged to displaced geometry.
2025-12-23:11:03:07,544 INFO     [psi4.optking.displace:416] 	RMS(dx):  1.282e-16 	Max(dx):  2.220e-16 	RMS(dq):  4.441e-16
2025-12-23:11:03:07,544 INFO     [psi4.optking.displace:172] 

	        --- Internal Coordinate Step in ANG or DEG, aJ/ANG or AJ/DEG ---
	-------------------------------------------------------------------------------
	           Coordinate      Previous         Force          Change          New 
	           ----------      --------        ------          ------        ------
	               R(1,2)       1.78560        0.17811        0.03991       1.82551
	-------------------------------------------------------------------------------

2025-12-23:11:03:07,544 INFO     [psi4.optking.stepAlgorithms:113] 	|target step| :    0.0754148729
2025-12-23:11:03:07,544 INFO     [psi4.optking.stepAlgorithms:114] 	gradient     :   -0.0216191096
2025-12-23:11:03:07,544 INFO     [psi4.optking.stepAlgorithms:115] 	hessian      :    0.2850386421
2025-12-23:11:03:07,544 INFO     [psi4.optking.stepAlgorithms:113] 	|target step| :    0.0754148729
2025-12-23:11:03:07,544 INFO     [psi4.optking.stepAlgorithms:114] 	gradient     :   -0.0216191096
2025-12-23:11:03:07,544 INFO     [psi4.optking.stepAlgorithms:115] 	hessian      :    0.2850386421
2025-12-23:11:03:07,544 INFO     [psi4.optking.stepAlgorithms:206] 	Norm of achieved step-size    0.0754148729
2025-12-23:11:03:07,544 INFO     [psi4.optking.stepAlgorithms:208] 	Norm of achieved step-size (cart):    0.0533263681
2025-12-23:11:03:07,545 INFO     [psi4.optking.opt_helper:164] Molsys:

	                            ===> Fragment 1 <== 

	 Z (Atomic Numbers)          Masses                          Geom                  
	       7.000000            14.003074          0.00000000  0.00000000  2.53643072   
	      18.000000            39.962383          0.00000000  0.00000000 -0.91327602   

	 - Coordinate -           - BOHR/RAD -       - ANG/DEG -
	 R(1,2)           =         3.449707           1.825506

2025-12-23:11:03:07,545 INFO     [psi4.optking.convcheck:76] Performing convergence check.
2025-12-23:11:03:07,545 INFO     [psi4.optking.convcheck:282] 
	                                 ==> Convergence Check <==                                  
    
	Measures of convergence in internal coordinates in au.
    
	Criteria marked as inactive (o), active & met (*), and active & unmet ( ).

	----------------------------------------------------------------------------------------------
	   Step    Total Energy     Delta E     Max Force     RMS Force      Max Disp      RMS Disp   
	----------------------------------------------------------------------------------------------
	  Convergence Criteria     1.00e-06 *    3.00e-04 *             o    1.20e-03 *             o
	----------------------------------------------------------------------------------------------
	     7    -581.68717463   -4.57e-03      2.16e-02      2.16e-02 o    7.54e-02      7.54e-02 o  ~
	----------------------------------------------------------------------------------------------


2025-12-23:11:03:07,545 INFO     [psi4.optking.stepAlgorithms:296] 	Convergence check returned False
2025-12-23:11:03:07,555 INFO     [psi4.driver.task_planner:259] PLANNING Atomic:  keywords={'DAMPING_PERCENTAGE': 1.0, 'GEOM_MAXITER': 500, 'SCF__GUESS': 'READ', 'GUESS': 'SAP', 'MAXITER': 500, 'REFERENCE': 'UKS', 'function_kwargs': {}}
2025-12-23:11:03:07,556 INFO     [psi4.driver.driver:638] Compute gradient(): method=b3lyp, basis=cc-pvdz, molecule=default, nre=36.52484384896192
2025-12-23:11:03:08,133 INFO     [psi4.driver.driver:641] Return gradient(): -581.6884036801547
2025-12-23:11:03:08,133 INFO     [psi4.driver.driver:642] [[ 0.00000000 -0.00000000 -0.01130923]
 [ 0.00000000  0.00000000  0.01130058]]
2025-12-23:11:03:08,135 INFO     [psi4.optking.history:269] 	Performing BFGS update.
2025-12-23:11:03:08,135 INFO     [psi4.optking.history:280] 	Using 4 previous steps for update.
2025-12-23:11:03:08,135 WARNING  [psi4.optking.history:301] 	Change in internal coordinate of 5.66e-01 exceeds limit of 5.00e-01.
2025-12-23:11:03:08,135 WARNING  [psi4.optking.history:306] 	Skipping Hessian update for step 4.
2025-12-23:11:03:08,135 WARNING  [psi4.optking.history:301] 	Change in internal coordinate of 7.31e-01 exceeds limit of 5.00e-01.
2025-12-23:11:03:08,135 WARNING  [psi4.optking.history:306] 	Skipping Hessian update for step 3.
2025-12-23:11:03:08,135 WARNING  [psi4.optking.history:301] 	Change in internal coordinate of 9.63e-01 exceeds limit of 5.00e-01.
2025-12-23:11:03:08,135 WARNING  [psi4.optking.history:306] 	Skipping Hessian update for step 2.
2025-12-23:11:03:08,135 WARNING  [psi4.optking.history:301] 	Change in internal coordinate of 1.18e+00 exceeds limit of 5.00e-01.
2025-12-23:11:03:08,135 WARNING  [psi4.optking.history:306] 	Skipping Hessian update for step 1.
2025-12-23:11:03:08,135 INFO     [psi4.optking.history:317] 	Steps to be used in Hessian update:  7 6 5

2025-12-23:11:03:08,135 INFO     [psi4.optking.history:418] 	Updated Hessian (in au) 
 	   0.205505

2025-12-23:11:03:08,135 INFO     [psi4.optking.molsys:944] Projected (PHP) Hessian matrix
	   0.205505

2025-12-23:11:03:08,135 INFO     [psi4.optking.opt_helper:182] 
	         Geometry (au)                                       Gradient (au)
   0.0000000000   0.0000000000   2.5545693438		   0.0000000000  -0.0000000000  -0.0113092299
   0.0000000000   0.0000000000  -0.8951373961		   0.0000000000   0.0000000000   0.0113005790

2025-12-23:11:03:08,135 INFO     [psi4.optking.stepAlgorithms:368] 	Current Step Report 
 
	Current energy:      -581.6884036802
	Energy change for the previous step:
		Actual       :        -0.0012290467
		Projected    :        -0.0008152012

2025-12-23:11:03:08,135 INFO     [psi4.optking.stepAlgorithms:371] 	Energy ratio =    1.50766
2025-12-23:11:03:08,136 INFO     [psi4.optking.stepAlgorithms:929] 	Using RFO solution 1.
2025-12-23:11:03:08,136 INFO     [psi4.optking.displace:100] 	Determining Cartesian step for fragment 1.
2025-12-23:11:03:08,136 INFO     [psi4.optking.displace:415] 	Successfully converged to displaced geometry.
2025-12-23:11:03:08,136 INFO     [psi4.optking.displace:416] 	RMS(dx):  1.282e-16 	Max(dx):  2.220e-16 	RMS(dq):  0.000e+00
2025-12-23:11:03:08,136 INFO     [psi4.optking.displace:172] 

	        --- Internal Coordinate Step in ANG or DEG, aJ/ANG or AJ/DEG ---
	-------------------------------------------------------------------------------
	           Coordinate      Previous         Force          Change          New 
	           ----------      --------        ------          ------        ------
	               R(1,2)       1.82551        0.09314        0.02902       1.85453
	-------------------------------------------------------------------------------

2025-12-23:11:03:08,136 INFO     [psi4.optking.stepAlgorithms:113] 	|target step| :    0.0548449033
2025-12-23:11:03:08,136 INFO     [psi4.optking.stepAlgorithms:114] 	gradient     :   -0.0113049045
2025-12-23:11:03:08,136 INFO     [psi4.optking.stepAlgorithms:115] 	hessian      :    0.2055049613
2025-12-23:11:03:08,136 INFO     [psi4.optking.stepAlgorithms:113] 	|target step| :    0.0548449033
2025-12-23:11:03:08,136 INFO     [psi4.optking.stepAlgorithms:114] 	gradient     :   -0.0113049045
2025-12-23:11:03:08,136 INFO     [psi4.optking.stepAlgorithms:115] 	hessian      :    0.2055049613
2025-12-23:11:03:08,136 INFO     [psi4.optking.stepAlgorithms:206] 	Norm of achieved step-size    0.0548449033
2025-12-23:11:03:08,136 INFO     [psi4.optking.stepAlgorithms:208] 	Norm of achieved step-size (cart):    0.0387812030
2025-12-23:11:03:08,136 INFO     [psi4.optking.opt_helper:164] Molsys:

	                            ===> Fragment 1 <== 

	 Z (Atomic Numbers)          Masses                          Geom                  
	       7.000000            14.003074          0.00000000  0.00000000  2.58199180   
	      18.000000            39.962383          0.00000000  0.00000000 -0.92255985   

	 - Coordinate -           - BOHR/RAD -       - ANG/DEG -
	 R(1,2)           =         3.504552           1.854529

2025-12-23:11:03:08,136 INFO     [psi4.optking.convcheck:76] Performing convergence check.
2025-12-23:11:03:08,137 INFO     [psi4.optking.convcheck:282] 
	                                 ==> Convergence Check <==                                  
    
	Measures of convergence in internal coordinates in au.
    
	Criteria marked as inactive (o), active & met (*), and active & unmet ( ).

	----------------------------------------------------------------------------------------------
	   Step    Total Energy     Delta E     Max Force     RMS Force      Max Disp      RMS Disp   
	----------------------------------------------------------------------------------------------
	  Convergence Criteria     1.00e-06 *    3.00e-04 *             o    1.20e-03 *             o
	----------------------------------------------------------------------------------------------
	     8    -581.68840368   -1.23e-03      1.13e-02      1.13e-02 o    5.48e-02      5.48e-02 o  ~
	----------------------------------------------------------------------------------------------


2025-12-23:11:03:08,137 INFO     [psi4.optking.stepAlgorithms:296] 	Convergence check returned False
2025-12-23:11:03:08,147 INFO     [psi4.driver.task_planner:259] PLANNING Atomic:  keywords={'DAMPING_PERCENTAGE': 1.0, 'GEOM_MAXITER': 500, 'SCF__GUESS': 'READ', 'GUESS': 'SAP', 'MAXITER': 500, 'REFERENCE': 'UKS', 'function_kwargs': {}}
2025-12-23:11:03:08,148 INFO     [psi4.driver.driver:638] Compute gradient(): method=b3lyp, basis=cc-pvdz, molecule=default, nre=35.95324390361636
2025-12-23:11:03:08,659 INFO     [psi4.driver.driver:641] Return gradient(): -581.6888437635033
2025-12-23:11:03:08,660 INFO     [psi4.driver.driver:642] [[ 0.00000000  0.00000000 -0.00490442]
 [ 0.00000000  0.00000000  0.00489767]]
2025-12-23:11:03:08,661 INFO     [psi4.optking.history:269] 	Performing BFGS update.
2025-12-23:11:03:08,661 INFO     [psi4.optking.history:280] 	Using 4 previous steps for update.
2025-12-23:11:03:08,662 INFO     [psi4.optking.history:317] 	Steps to be used in Hessian update:  8 7 6 5

2025-12-23:11:03:08,662 INFO     [psi4.optking.history:418] 	Updated Hessian (in au) 
 	   0.194543

2025-12-23:11:03:08,662 INFO     [psi4.optking.molsys:944] Projected (PHP) Hessian matrix
	   0.194543

2025-12-23:11:03:08,662 INFO     [psi4.optking.opt_helper:182] 
	         Geometry (au)                                       Gradient (au)
   0.0000000000   0.0000000000   2.5951829725		   0.0000000000   0.0000000000  -0.0049044243
   0.0000000000   0.0000000000  -0.9093686707		   0.0000000000   0.0000000000   0.0048976702

2025-12-23:11:03:08,662 INFO     [psi4.optking.stepAlgorithms:368] 	Current Step Report 
 
	Current energy:      -581.6888437635
	Energy change for the previous step:
		Actual       :        -0.0004400833
		Projected    :        -0.0003100082

2025-12-23:11:03:08,662 INFO     [psi4.optking.stepAlgorithms:371] 	Energy ratio =    1.41959
2025-12-23:11:03:08,662 INFO     [psi4.optking.stepAlgorithms:929] 	Using RFO solution 1.
2025-12-23:11:03:08,662 INFO     [psi4.optking.displace:100] 	Determining Cartesian step for fragment 1.
2025-12-23:11:03:08,662 INFO     [psi4.optking.displace:415] 	Successfully converged to displaced geometry.
2025-12-23:11:03:08,663 INFO     [psi4.optking.displace:416] 	RMS(dx):  0.000e+00 	Max(dx):  0.000e+00 	RMS(dq):  0.000e+00
2025-12-23:11:03:08,663 INFO     [psi4.optking.displace:172] 

	        --- Internal Coordinate Step in ANG or DEG, aJ/ANG or AJ/DEG ---
	-------------------------------------------------------------------------------
	           Coordinate      Previous         Force          Change          New 
	           ----------      --------        ------          ------        ------
	               R(1,2)       1.85453        0.04038        0.01332       1.86785
	-------------------------------------------------------------------------------

2025-12-23:11:03:08,663 INFO     [psi4.optking.stepAlgorithms:113] 	|target step| :    0.0251766978
2025-12-23:11:03:08,663 INFO     [psi4.optking.stepAlgorithms:114] 	gradient     :   -0.0049010473
2025-12-23:11:03:08,663 INFO     [psi4.optking.stepAlgorithms:115] 	hessian      :    0.1945426163
2025-12-23:11:03:08,663 INFO     [psi4.optking.stepAlgorithms:113] 	|target step| :    0.0251766978
2025-12-23:11:03:08,663 INFO     [psi4.optking.stepAlgorithms:114] 	gradient     :   -0.0049010473
2025-12-23:11:03:08,663 INFO     [psi4.optking.stepAlgorithms:115] 	hessian      :    0.1945426163
2025-12-23:11:03:08,663 INFO     [psi4.optking.stepAlgorithms:206] 	Norm of achieved step-size    0.0251766978
2025-12-23:11:03:08,663 INFO     [psi4.optking.stepAlgorithms:208] 	Norm of achieved step-size (cart):    0.0178026138
2025-12-23:11:03:08,663 INFO     [psi4.optking.opt_helper:164] Molsys:

	                            ===> Fragment 1 <== 

	 Z (Atomic Numbers)          Masses                          Geom                  
	       7.000000            14.003074          0.00000000  0.00000000  2.60777132   
	      18.000000            39.962383          0.00000000  0.00000000 -0.92195702   

	 - Coordinate -           - BOHR/RAD -       - ANG/DEG -
	 R(1,2)           =         3.529728           1.867852

2025-12-23:11:03:08,663 INFO     [psi4.optking.convcheck:76] Performing convergence check.
2025-12-23:11:03:08,663 INFO     [psi4.optking.convcheck:282] 
	                                 ==> Convergence Check <==                                  
    
	Measures of convergence in internal coordinates in au.
    
	Criteria marked as inactive (o), active & met (*), and active & unmet ( ).

	----------------------------------------------------------------------------------------------
	   Step    Total Energy     Delta E     Max Force     RMS Force      Max Disp      RMS Disp   
	----------------------------------------------------------------------------------------------
	  Convergence Criteria     1.00e-06 *    3.00e-04 *             o    1.20e-03 *             o
	----------------------------------------------------------------------------------------------
	     9    -581.68884376   -4.40e-04      4.90e-03      4.90e-03 o    2.52e-02      2.52e-02 o  ~
	----------------------------------------------------------------------------------------------


2025-12-23:11:03:08,663 INFO     [psi4.optking.stepAlgorithms:296] 	Convergence check returned False
2025-12-23:11:03:08,673 INFO     [psi4.driver.task_planner:259] PLANNING Atomic:  keywords={'DAMPING_PERCENTAGE': 1.0, 'GEOM_MAXITER': 500, 'SCF__GUESS': 'READ', 'GUESS': 'SAP', 'MAXITER': 500, 'REFERENCE': 'UKS', 'function_kwargs': {}}
2025-12-23:11:03:08,674 INFO     [psi4.driver.driver:638] Compute gradient(): method=b3lyp, basis=cc-pvdz, molecule=default, nre=35.69679811809384
2025-12-23:11:03:09,213 INFO     [psi4.driver.driver:641] Return gradient(): -581.688933135804
2025-12-23:11:03:09,213 INFO     [psi4.driver.driver:642] [[-0.00000000 -0.00000000 -0.00224115]
 [ 0.00000000  0.00000000  0.00223615]]
2025-12-23:11:03:09,214 INFO     [psi4.optking.history:269] 	Performing BFGS update.
2025-12-23:11:03:09,214 INFO     [psi4.optking.history:280] 	Using 4 previous steps for update.
2025-12-23:11:03:09,215 INFO     [psi4.optking.history:317] 	Steps to be used in Hessian update:  9 8 7 6

2025-12-23:11:03:09,215 INFO     [psi4.optking.history:418] 	Updated Hessian (in au) 
 	   0.149205

2025-12-23:11:03:09,215 INFO     [psi4.optking.molsys:944] Projected (PHP) Hessian matrix
	   0.149205

2025-12-23:11:03:09,215 INFO     [psi4.optking.opt_helper:182] 
	         Geometry (au)                                       Gradient (au)
   0.0000000000   0.0000000000   2.6138267661		  -0.0000000000  -0.0000000000  -0.0022411515
   0.0000000000   0.0000000000  -0.9159015749		   0.0000000000   0.0000000000   0.0022361548

2025-12-23:11:03:09,215 INFO     [psi4.optking.stepAlgorithms:368] 	Current Step Report 
 
	Current energy:      -581.6889331358
	Energy change for the previous step:
		Actual       :        -0.0000893723
		Projected    :        -0.0000616961

2025-12-23:11:03:09,215 INFO     [psi4.optking.stepAlgorithms:371] 	Energy ratio =    1.44859
2025-12-23:11:03:09,215 INFO     [psi4.optking.stepAlgorithms:929] 	Using RFO solution 1.
2025-12-23:11:03:09,215 INFO     [psi4.optking.displace:100] 	Determining Cartesian step for fragment 1.
2025-12-23:11:03:09,215 INFO     [psi4.optking.displace:415] 	Successfully converged to displaced geometry.
2025-12-23:11:03:09,215 INFO     [psi4.optking.displace:416] 	RMS(dx):  1.282e-16 	Max(dx):  2.220e-16 	RMS(dq):  0.000e+00
2025-12-23:11:03:09,215 INFO     [psi4.optking.displace:172] 

	        --- Internal Coordinate Step in ANG or DEG, aJ/ANG or AJ/DEG ---
	-------------------------------------------------------------------------------
	           Coordinate      Previous         Force          Change          New 
	           ----------      --------        ------          ------        ------
	               R(1,2)       1.86785        0.01844        0.00794       1.87579
	-------------------------------------------------------------------------------

2025-12-23:11:03:09,215 INFO     [psi4.optking.stepAlgorithms:113] 	|target step| :    0.0150005213
2025-12-23:11:03:09,215 INFO     [psi4.optking.stepAlgorithms:114] 	gradient     :   -0.0022386531
2025-12-23:11:03:09,215 INFO     [psi4.optking.stepAlgorithms:115] 	hessian      :    0.1492047756
2025-12-23:11:03:09,215 INFO     [psi4.optking.stepAlgorithms:113] 	|target step| :    0.0150005213
2025-12-23:11:03:09,215 INFO     [psi4.optking.stepAlgorithms:114] 	gradient     :   -0.0022386531
2025-12-23:11:03:09,216 INFO     [psi4.optking.stepAlgorithms:115] 	hessian      :    0.1492047756
2025-12-23:11:03:09,216 INFO     [psi4.optking.stepAlgorithms:206] 	Norm of achieved step-size    0.0150005213
2025-12-23:11:03:09,216 INFO     [psi4.optking.stepAlgorithms:208] 	Norm of achieved step-size (cart):    0.0106069703
2025-12-23:11:03:09,216 INFO     [psi4.optking.opt_helper:164] Molsys:

	                            ===> Fragment 1 <== 

	 Z (Atomic Numbers)          Masses                          Geom                  
	       7.000000            14.003074          0.00000000  0.00000000  2.62132703   
	      18.000000            39.962383          0.00000000  0.00000000 -0.92340184   

	 - Coordinate -           - BOHR/RAD -       - ANG/DEG -
	 R(1,2)           =         3.544729           1.875790

2025-12-23:11:03:09,216 INFO     [psi4.optking.convcheck:76] Performing convergence check.
2025-12-23:11:03:09,216 INFO     [psi4.optking.convcheck:282] 
	                                 ==> Convergence Check <==                                  
    
	Measures of convergence in internal coordinates in au.
    
	Criteria marked as inactive (o), active & met (*), and active & unmet ( ).

	----------------------------------------------------------------------------------------------
	   Step    Total Energy     Delta E     Max Force     RMS Force      Max Disp      RMS Disp   
	----------------------------------------------------------------------------------------------
	  Convergence Criteria     1.00e-06 *    3.00e-04 *             o    1.20e-03 *             o
	----------------------------------------------------------------------------------------------
	    10    -581.68893314   -8.94e-05      2.24e-03      2.24e-03 o    1.50e-02      1.50e-02 o  ~
	----------------------------------------------------------------------------------------------


2025-12-23:11:03:09,216 INFO     [psi4.optking.stepAlgorithms:296] 	Convergence check returned False
2025-12-23:11:03:09,226 INFO     [psi4.driver.task_planner:259] PLANNING Atomic:  keywords={'DAMPING_PERCENTAGE': 1.0, 'GEOM_MAXITER': 500, 'SCF__GUESS': 'READ', 'GUESS': 'SAP', 'MAXITER': 500, 'REFERENCE': 'UKS', 'function_kwargs': {}}
2025-12-23:11:03:09,227 INFO     [psi4.driver.driver:638] Compute gradient(): method=b3lyp, basis=cc-pvdz, molecule=default, nre=35.545737035677334
2025-12-23:11:03:09,755 INFO     [psi4.driver.driver:641] Return gradient(): -581.6889552328769
2025-12-23:11:03:09,755 INFO     [psi4.driver.driver:642] [[-0.00000000 -0.00000000 -0.00073231]
 [ 0.00000000 -0.00000000  0.00072820]]
2025-12-23:11:03:09,757 INFO     [psi4.optking.history:269] 	Performing BFGS update.
2025-12-23:11:03:09,757 INFO     [psi4.optking.history:280] 	Using 4 previous steps for update.
2025-12-23:11:03:09,757 INFO     [psi4.optking.history:317] 	Steps to be used in Hessian update:  10 9 8 7

2025-12-23:11:03:09,757 INFO     [psi4.optking.history:418] 	Updated Hessian (in au) 
 	   0.122561

2025-12-23:11:03:09,757 INFO     [psi4.optking.molsys:944] Projected (PHP) Hessian matrix
	   0.122561

2025-12-23:11:03:09,757 INFO     [psi4.optking.opt_helper:182] 
	         Geometry (au)                                       Gradient (au)
   0.0000000000   0.0000000000   2.6249349195		  -0.0000000000  -0.0000000000  -0.0007323132
   0.0000000000   0.0000000000  -0.9197939427		   0.0000000000  -0.0000000000   0.0007282044

2025-12-23:11:03:09,757 INFO     [psi4.optking.stepAlgorithms:368] 	Current Step Report 
 
	Current energy:      -581.6889552329
	Energy change for the previous step:
		Actual       :        -0.0000220971
		Projected    :        -0.0000167905

2025-12-23:11:03:09,757 INFO     [psi4.optking.stepAlgorithms:371] 	Energy ratio =    1.31605
2025-12-23:11:03:09,757 INFO     [psi4.optking.stepAlgorithms:929] 	Using RFO solution 1.
2025-12-23:11:03:09,757 INFO     [psi4.optking.displace:100] 	Determining Cartesian step for fragment 1.
2025-12-23:11:03:09,758 INFO     [psi4.optking.displace:415] 	Successfully converged to displaced geometry.
2025-12-23:11:03:09,758 INFO     [psi4.optking.displace:416] 	RMS(dx):  1.282e-16 	Max(dx):  2.220e-16 	RMS(dq):  4.441e-16
2025-12-23:11:03:09,758 INFO     [psi4.optking.displace:172] 

	        --- Internal Coordinate Step in ANG or DEG, aJ/ANG or AJ/DEG ---
	-------------------------------------------------------------------------------
	           Coordinate      Previous         Force          Change          New 
	           ----------      --------        ------          ------        ------
	               R(1,2)       1.87579        0.00602        0.00315       1.87894
	-------------------------------------------------------------------------------

2025-12-23:11:03:09,758 INFO     [psi4.optking.stepAlgorithms:113] 	|target step| :    0.0059581402
2025-12-23:11:03:09,758 INFO     [psi4.optking.stepAlgorithms:114] 	gradient     :   -0.0007302588
2025-12-23:11:03:09,758 INFO     [psi4.optking.stepAlgorithms:115] 	hessian      :    0.1225605433
2025-12-23:11:03:09,758 INFO     [psi4.optking.stepAlgorithms:113] 	|target step| :    0.0059581402
2025-12-23:11:03:09,758 INFO     [psi4.optking.stepAlgorithms:114] 	gradient     :   -0.0007302588
2025-12-23:11:03:09,758 INFO     [psi4.optking.stepAlgorithms:115] 	hessian      :    0.1225605433
2025-12-23:11:03:09,758 INFO     [psi4.optking.stepAlgorithms:206] 	Norm of achieved step-size    0.0059581402
2025-12-23:11:03:09,758 INFO     [psi4.optking.stepAlgorithms:208] 	Norm of achieved step-size (cart):    0.0042130413
2025-12-23:11:03:09,758 INFO     [psi4.optking.opt_helper:164] Molsys:

	                            ===> Fragment 1 <== 

	 Z (Atomic Numbers)          Masses                          Geom                  
	       7.000000            14.003074          0.00000000  0.00000000  2.62791399   
	      18.000000            39.962383          0.00000000  0.00000000 -0.92277301   

	 - Coordinate -           - BOHR/RAD -       - ANG/DEG -
	 R(1,2)           =         3.550687           1.878943

2025-12-23:11:03:09,758 INFO     [psi4.optking.convcheck:76] Performing convergence check.
2025-12-23:11:03:09,758 INFO     [psi4.optking.convcheck:282] 
	                                 ==> Convergence Check <==                                  
    
	Measures of convergence in internal coordinates in au.
    
	Criteria marked as inactive (o), active & met (*), and active & unmet ( ).

	----------------------------------------------------------------------------------------------
	   Step    Total Energy     Delta E     Max Force     RMS Force      Max Disp      RMS Disp   
	----------------------------------------------------------------------------------------------
	  Convergence Criteria     1.00e-06 *    3.00e-04 *             o    1.20e-03 *             o
	----------------------------------------------------------------------------------------------
	    11    -581.68895523   -2.21e-05      7.30e-04      7.30e-04 o    5.96e-03      5.96e-03 o  ~
	----------------------------------------------------------------------------------------------


2025-12-23:11:03:09,758 INFO     [psi4.optking.stepAlgorithms:296] 	Convergence check returned False
2025-12-23:11:03:09,769 INFO     [psi4.driver.task_planner:259] PLANNING Atomic:  keywords={'DAMPING_PERCENTAGE': 1.0, 'GEOM_MAXITER': 500, 'SCF__GUESS': 'READ', 'GUESS': 'SAP', 'MAXITER': 500, 'REFERENCE': 'UKS', 'function_kwargs': {}}
2025-12-23:11:03:09,770 INFO     [psi4.driver.driver:638] Compute gradient(): method=b3lyp, basis=cc-pvdz, molecule=default, nre=35.48609041394735
2025-12-23:11:03:10,280 INFO     [psi4.driver.driver:641] Return gradient(): -581.6889577992973
2025-12-23:11:03:10,281 INFO     [psi4.driver.driver:642] [[ 0.00000000  0.00000000 -0.00014871]
 [-0.00000000  0.00000000  0.00014488]]
2025-12-23:11:03:10,282 INFO     [psi4.optking.history:269] 	Performing BFGS update.
2025-12-23:11:03:10,282 INFO     [psi4.optking.history:280] 	Using 4 previous steps for update.
2025-12-23:11:03:10,283 INFO     [psi4.optking.history:317] 	Steps to be used in Hessian update:  11 10 9 8

2025-12-23:11:03:10,283 INFO     [psi4.optking.history:418] 	Updated Hessian (in au) 
 	   0.110498

2025-12-23:11:03:10,283 INFO     [psi4.optking.molsys:944] Projected (PHP) Hessian matrix
	   0.110498

2025-12-23:11:03:10,283 INFO     [psi4.optking.opt_helper:182] 
	         Geometry (au)                                       Gradient (au)
   0.0000000000   0.0000000000   2.6293470285		   0.0000000000   0.0000000000  -0.0001487148
   0.0000000000   0.0000000000  -0.9213399739		  -0.0000000000   0.0000000000   0.0001448790

2025-12-23:11:03:10,283 INFO     [psi4.optking.stepAlgorithms:368] 	Current Step Report 
 
	Current energy:      -581.6889577993
	Energy change for the previous step:
		Actual       :        -0.0000025664
		Projected    :        -0.0000021755

2025-12-23:11:03:10,283 INFO     [psi4.optking.stepAlgorithms:371] 	Energy ratio =    1.17970
2025-12-23:11:03:10,283 INFO     [psi4.optking.stepAlgorithms:929] 	Using RFO solution 1.
2025-12-23:11:03:10,283 INFO     [psi4.optking.displace:100] 	Determining Cartesian step for fragment 1.
2025-12-23:11:03:10,283 INFO     [psi4.optking.displace:415] 	Successfully converged to displaced geometry.
2025-12-23:11:03:10,283 INFO     [psi4.optking.displace:416] 	RMS(dx):  0.000e+00 	Max(dx):  0.000e+00 	RMS(dq):  0.000e+00
2025-12-23:11:03:10,283 INFO     [psi4.optking.displace:172] 

	        --- Internal Coordinate Step in ANG or DEG, aJ/ANG or AJ/DEG ---
	-------------------------------------------------------------------------------
	           Coordinate      Previous         Force          Change          New 
	           ----------      --------        ------          ------        ------
	               R(1,2)       1.87894        0.00121        0.00070       1.87965
	-------------------------------------------------------------------------------

2025-12-23:11:03:10,283 INFO     [psi4.optking.stepAlgorithms:113] 	|target step| :    0.0013285016
2025-12-23:11:03:10,283 INFO     [psi4.optking.stepAlgorithms:114] 	gradient     :   -0.0001467969
2025-12-23:11:03:10,283 INFO     [psi4.optking.stepAlgorithms:115] 	hessian      :    0.1104979061
2025-12-23:11:03:10,283 INFO     [psi4.optking.stepAlgorithms:113] 	|target step| :    0.0013285016
2025-12-23:11:03:10,283 INFO     [psi4.optking.stepAlgorithms:114] 	gradient     :   -0.0001467969
2025-12-23:11:03:10,283 INFO     [psi4.optking.stepAlgorithms:115] 	hessian      :    0.1104979061
2025-12-23:11:03:10,283 INFO     [psi4.optking.stepAlgorithms:206] 	Norm of achieved step-size    0.0013285016
2025-12-23:11:03:10,284 INFO     [psi4.optking.stepAlgorithms:208] 	Norm of achieved step-size (cart):    0.0009393925
2025-12-23:11:03:10,284 INFO     [psi4.optking.opt_helper:164] Molsys:

	                            ===> Fragment 1 <== 

	 Z (Atomic Numbers)          Masses                          Geom                  
	       7.000000            14.003074          0.00000000  0.00000000  2.63001128   
	      18.000000            39.962383          0.00000000  0.00000000 -0.92200422   

	 - Coordinate -           - BOHR/RAD -       - ANG/DEG -
	 R(1,2)           =         3.552016           1.879646

2025-12-23:11:03:10,284 INFO     [psi4.optking.convcheck:76] Performing convergence check.
2025-12-23:11:03:10,284 INFO     [psi4.optking.convcheck:282] 
	                                 ==> Convergence Check <==                                  
    
	Measures of convergence in internal coordinates in au.
    
	Criteria marked as inactive (o), active & met (*), and active & unmet ( ).

	----------------------------------------------------------------------------------------------
	   Step    Total Energy     Delta E     Max Force     RMS Force      Max Disp      RMS Disp   
	----------------------------------------------------------------------------------------------
	  Convergence Criteria     1.00e-06 *    3.00e-04 *             o    1.20e-03 *             o
	----------------------------------------------------------------------------------------------
	    12    -581.68895780   -2.57e-06      1.47e-04 *    1.47e-04 o    1.33e-03      1.33e-03 o  ~
	----------------------------------------------------------------------------------------------


2025-12-23:11:03:10,284 INFO     [psi4.optking.stepAlgorithms:296] 	Convergence check returned False
2025-12-23:11:03:10,294 INFO     [psi4.driver.task_planner:259] PLANNING Atomic:  keywords={'DAMPING_PERCENTAGE': 1.0, 'GEOM_MAXITER': 500, 'SCF__GUESS': 'READ', 'GUESS': 'SAP', 'MAXITER': 500, 'REFERENCE': 'UKS', 'function_kwargs': {}}
2025-12-23:11:03:10,295 INFO     [psi4.driver.driver:638] Compute gradient(): method=b3lyp, basis=cc-pvdz, molecule=default, nre=35.472818138964875
2025-12-23:11:03:10,821 INFO     [psi4.driver.driver:641] Return gradient(): -581.6889578981102
2025-12-23:11:03:10,821 INFO     [psi4.driver.driver:642] [[ 0.00000000  0.00000000 -0.00001979]
 [ 0.00000000 -0.00000000  0.00001601]]
2025-12-23:11:03:10,823 INFO     [psi4.optking.history:269] 	Performing BFGS update.
2025-12-23:11:03:10,823 INFO     [psi4.optking.history:280] 	Using 4 previous steps for update.
2025-12-23:11:03:10,823 INFO     [psi4.optking.history:317] 	Steps to be used in Hessian update:  12 11 10 9

2025-12-23:11:03:10,823 INFO     [psi4.optking.history:418] 	Updated Hessian (in au) 
 	   0.102881

2025-12-23:11:03:10,823 INFO     [psi4.optking.molsys:944] Projected (PHP) Hessian matrix
	   0.102881

2025-12-23:11:03:10,823 INFO     [psi4.optking.opt_helper:182] 
	         Geometry (au)                                       Gradient (au)
   0.0000000000   0.0000000000   2.6303308076		   0.0000000000   0.0000000000  -0.0000197894
   0.0000000000   0.0000000000  -0.9216846964		   0.0000000000  -0.0000000000   0.0000160070

2025-12-23:11:03:10,824 INFO     [psi4.optking.stepAlgorithms:368] 	Current Step Report 
 
	Current energy:      -581.6889578981
	Energy change for the previous step:
		Actual       :        -0.0000000988
		Projected    :        -0.0000000975

2025-12-23:11:03:10,824 INFO     [psi4.optking.stepAlgorithms:371] 	Energy ratio =    1.01336
2025-12-23:11:03:10,824 INFO     [psi4.optking.stepAlgorithms:929] 	Using RFO solution 1.
2025-12-23:11:03:10,824 INFO     [psi4.optking.displace:100] 	Determining Cartesian step for fragment 1.
2025-12-23:11:03:10,824 INFO     [psi4.optking.displace:415] 	Successfully converged to displaced geometry.
2025-12-23:11:03:10,824 INFO     [psi4.optking.displace:416] 	RMS(dx):  0.000e+00 	Max(dx):  0.000e+00 	RMS(dq):  0.000e+00
2025-12-23:11:03:10,824 INFO     [psi4.optking.displace:172] 

	        --- Internal Coordinate Step in ANG or DEG, aJ/ANG or AJ/DEG ---
	-------------------------------------------------------------------------------
	           Coordinate      Previous         Force          Change          New 
	           ----------      --------        ------          ------        ------
	               R(1,2)       1.87965        0.00015        0.00009       1.87974
	-------------------------------------------------------------------------------

2025-12-23:11:03:10,824 INFO     [psi4.optking.stepAlgorithms:113] 	|target step| :    0.0001739692
2025-12-23:11:03:10,824 INFO     [psi4.optking.stepAlgorithms:114] 	gradient     :   -0.0000178982
2025-12-23:11:03:10,824 INFO     [psi4.optking.stepAlgorithms:115] 	hessian      :    0.1028814131
2025-12-23:11:03:10,824 INFO     [psi4.optking.stepAlgorithms:113] 	|target step| :    0.0001739692
2025-12-23:11:03:10,824 INFO     [psi4.optking.stepAlgorithms:114] 	gradient     :   -0.0000178982
2025-12-23:11:03:10,824 INFO     [psi4.optking.stepAlgorithms:115] 	hessian      :    0.1028814131
2025-12-23:11:03:10,824 INFO     [psi4.optking.stepAlgorithms:206] 	Norm of achieved step-size    0.0001739692
2025-12-23:11:03:10,824 INFO     [psi4.optking.stepAlgorithms:208] 	Norm of achieved step-size (cart):    0.0001230148
2025-12-23:11:03:10,824 INFO     [psi4.optking.opt_helper:164] Molsys:

	                            ===> Fragment 1 <== 

	 Z (Atomic Numbers)          Masses                          Geom                  
	       7.000000            14.003074          0.00000000  0.00000000  2.63041779   
	      18.000000            39.962383          0.00000000  0.00000000 -0.92177168   

	 - Coordinate -           - BOHR/RAD -       - ANG/DEG -
	 R(1,2)           =         3.552189           1.879738

2025-12-23:11:03:10,824 INFO     [psi4.optking.convcheck:76] Performing convergence check.
2025-12-23:11:03:10,825 INFO     [psi4.optking.convcheck:282] 
	                                 ==> Convergence Check <==                                  
    
	Measures of convergence in internal coordinates in au.
    
	Criteria marked as inactive (o), active & met (*), and active & unmet ( ).

	----------------------------------------------------------------------------------------------
	   Step    Total Energy     Delta E     Max Force     RMS Force      Max Disp      RMS Disp   
	----------------------------------------------------------------------------------------------
	  Convergence Criteria     1.00e-06 *    3.00e-04 *             o    1.20e-03 *             o
	----------------------------------------------------------------------------------------------
	    13    -581.68895790   -9.88e-08 *    1.79e-05 *    1.79e-05 o    1.74e-04 *    1.74e-04 o  ~
	----------------------------------------------------------------------------------------------


2025-12-23:11:03:10,825 INFO     [psi4.optking.convcheck:206] 
	                      ===> Final Convergence Report <===                     

	----------------------------------------------------------------------------
	|   Required Criteria    |  One or More Criteria  |   Alternate Criteria   |
	----------------------------------------------------------------------------
	| [x]     max_force      | [x]       max_DE       |                        |
	|                        | [x]      max_disp      |                        |
	----------------------------------------------------------------------------


2025-12-23:11:03:10,825 INFO     [psi4.optking.stepAlgorithms:296] 	Convergence check returned True
2025-12-23:11:03:10,825 INFO     [psi4.optking.optimize:332] 	Converged in 13 steps!
2025-12-23:11:03:10,825 INFO     [psi4.optking.optimize:333] 	Final energy is   -581.6889578981102
2025-12-23:11:03:10,825 INFO     [psi4.optking.optimize:334] 	Final structure (Angstroms): 
	Fragment 1 (Ang)

	    N   0.0000000000   0.0000000000   1.3919571502
	   Ar   0.0000000000   0.0000000000  -0.4877805670


2025-12-23:11:03:10,825 INFO     [psi4.optking.optimize:562] 	Optimization Finished

	==> Optimization Summary <==

        
	Measures of convergence in internal coordinates in au. (Any backward steps not shown.)
        
	---------------------------------------------------------------------------------------------------------------  ~
        
	 Step         Total Energy             Delta E       MAX Force       RMS Force        MAX Disp        RMS Disp   ~
        
	---------------------------------------------------------------------------------------------------------------  ~
        
	     1    -581.371222950328   -581.371222950328      0.96362499      0.96362499      0.21932635      0.21932635  ~
	     2    -581.527784554647     -0.156561604320      0.51221622      0.51221622      0.23178930      0.23178930  ~
	     3    -581.614522157501     -0.086737602854      0.26318627      0.26318627      0.16489549      0.16489549  ~
	     4    -581.648920973656     -0.034398816155      0.16146174      0.16146174      0.17689093      0.17689093  ~
	     5    -581.670815086936     -0.021894113279      0.09127373      0.09127373      0.17585338      0.17585338  ~
	     6    -581.682605301970     -0.011790215034      0.04600064      0.04600064      0.13786508      0.13786508  ~
	     7    -581.687174633439     -0.004569331469      0.02161911      0.02161911      0.07541487      0.07541487  ~
	     8    -581.688403680155     -0.001229046716      0.01130490      0.01130490      0.05484490      0.05484490  ~
	     9    -581.688843763503     -0.000440083349      0.00490105      0.00490105      0.02517670      0.02517670  ~
	    10    -581.688933135804     -0.000089372301      0.00223865      0.00223865      0.01500052      0.01500052  ~
	    11    -581.688955232877     -0.000022097073      0.00073026      0.00073026      0.00595814      0.00595814  ~
	    12    -581.688957799297     -0.000002566420      0.00014680      0.00014680      0.00132850      0.00132850  ~
	    13    -581.688957898110     -0.000000098813      0.00001790      0.00001790      0.00017397      0.00017397  ~
	----------------------------------------------------------------------------------------------------------------


2025-12-23:11:03:10,825 INFO     [psi4.optking.optimize:806] Preparing OptimizationResult
