2025-12-23:11:35:10,16 WARNING  [psi4.optking:38] Some dependencies such as QCElemental have not yet finished migration to pydantic v2. If issues are encountered please downgrade pydantic or upgrade QCElemental as appropriate
2025-12-23:11:35:10,169 INFO     [psi4.optking.optwrapper:234] Creating a UserComputer
2025-12-23:11:35:10,169 INFO     [psi4.optking.optwrapper:242] 
    			-----------------------------------------

    			 OPTKING 3.0: for geometry optimizations 

    			     By R.A. King, Bethel University     

    			        with contributions from          

    			    A.V. Copan, J. Cayton, A. Heide      

    			-----------------------------------------

    
2025-12-23:11:35:10,169 INFO     [psi4.optking.optwrapper:272] 
		 -- Optimization Parameters --
	GEOM_MAXITER                   =             500
	ALG_GEOM_MAXITER               =              50
	PRINT                          =               1
	OPT_TYPE                       =             MIN
	STEP_TYPE                      =             RFO
	PROGRAM                        =            PSI4
	STEEPEST_DESCENT_TYPE          =         OVERLAP
	CONJUGATE_GRADIENT_TYPE        =        FLETCHER
	OPT_COORDINATES                =        INTERNAL
	RFO_FOLLOW_ROOT                =           False
	RFO_ROOT                       =               0
	ACCEPT_SYMMETRY_BREAKING       =           False
	DYNAMIC_LVL                    =               0
	DYNAMIC_LVL_MAX                =               0
	IRC_STEP_SIZE                  =             0.2
	IRC_DIRECTION                  =         FORWARD
	IRC_POINTS                     =              20
	IRC_MODE                       =          NORMAL
	IRC_CONVERGENCE                =            -0.7
	INTRAFRAG_STEP_LIMIT           =             0.5
	INTRAFRAG_STEP_LIMIT_MIN       =           0.001
	INTRAFRAG_STEP_LIMIT_MAX       =             1.0
	INTERFRAG_STEP_LIMIT           =             0.5
	INTERFRAG_STEP_LIMIT_MIN       =           0.001
	INTERFRAG_STEP_LIMIT_MAX       =             1.0
	ENSURE_BT_CONVERGENCE          =           False
	SIMPLE_STEP_SCALING            =           False
	CONSECUTIVE_BACKSTEPS          =               0
	RFO_NORMALIZATION_MAX          =             100
	RSRFO_ALPHA_MAX                =     100000000.0
	PRINT_TRAJECTORY_XYZ_FILE      =           False
	WRITE_TRAJECTORY               =           False
	FROZEN_DISTANCE                =                
	FROZEN_BEND                    =                
	FROZEN_DIHEDRAL                =                
	FROZEN_OOFP                    =                
	FROZEN_CARTESIAN               =                
	FREEZE_ALL_DIHEDRALS           =           False
	UNFREEZE_DIHEDRALS             =                
	RANGED_DISTANCE                =                
	RANGED_BEND                    =                
	RANGED_DIHEDRAL                =                
	RANGED_OOFP                    =                
	RANGED_CARTESIAN               =                
	EXT_FORCE_DISTANCE             =                
	EXT_FORCE_BEND                 =                
	EXT_FORCE_DIHEDRAL             =                
	EXT_FORCE_OOFP                 =                
	EXT_FORCE_CARTESIAN            =                
	G_CONVERGENCE                  =           QCHEM
	MAX_FORCE_G_CONVERGENCE        =          0.0003
	RMS_FORCE_G_CONVERGENCE        =          0.0003
	MAX_ENERGY_G_CONVERGENCE       =           1e-06
	MAX_DISP_G_CONVERGENCE         =          0.0012
	RMS_DISP_G_CONVERGENCE         =          0.0012
	FLEXIBLE_G_CONVERGENCE         =           False
	HESS_UPDATE                    =            BFGS
	HESS_UPDATE_USE_LAST           =               4
	HESS_UPDATE_LIMIT              =            True
	HESS_UPDATE_LIMIT_MAX          =             1.0
	HESS_UPDATE_LIMIT_SCALE        =             0.5
	HESS_UPDATE_DEN_TOL            =           1e-07
	HESS_UPDATE_DQ_TOL             =             0.5
	CART_HESS_READ                 =           False
	HESSIAN_FILE                   =               .
	FULL_HESS_EVERY                =              -1
	INTRAFRAG_HESS                 =        SCHLEGEL
	H_GUESS_EVERY                  =           False
	BT_MAX_ITER                    =              25
	BT_DX_CONV                     =           1e-07
	BT_DX_RMS_CHANGE_CONV          =           1e-12
	BT_PINV_RCOND                  =           1e-06
	FRAG_MODE                      =          SINGLE
	FRAG_REF_ATOMS                 =              []
	FREEZE_INTRAFRAG               =           False
	INTERFRAG_MODE                 =           FIXED
	ADD_AUXILIARY_BONDS            =           False
	AUXILIARY_BOND_FACTOR          =             2.5
	INTERFRAG_DIST_INV             =           False
	INTERFRAG_COLLINEAR_TOL        =            0.01
	INTERFRAG_COORDS               =              []
	INTERFRAG_HESS                 =         DEFAULT
	COVALENT_CONNECT               =             1.3
	INTERFRAGMENT_CONNECT          =             1.8
	H_BOND_CONNECT                 =             4.3
	INCLUDE_OOFP                   =           False
	TEST_B                         =           False
	TEST_DERIVATIVE_B              =           False
	LINESEARCH_STEP                =             0.1
	LINESEARCH                     =           False
	SD_HESSIAN                     =             1.0
	FIX_VAL_NEAR_PI                =            1.57
	V3D_TORS_ANGLE_LIM             =           0.017
	V3D_TORS_COS_TOL               =           1e-10
	LINEAR_BEND_THRESHOLD          =            3.05
	SMALL_BEND_FIX_THRESHOLD       =            0.35
	REDUNDANT_EVAL_TOL             =           1e-10
	LINEAR_ALGEBRA_TOL             =           1e-10


2025-12-23:11:35:10,305 INFO     [psi4.optking.opt_helper:164] Molsys:

	                            ===> Fragment 1 <== 

	 Z (Atomic Numbers)          Masses                          Geom                  
	      12.000000            23.985042          0.00000000  0.00000000  1.27801750   
	      15.000000            30.973762          0.00000000  0.00000000 -0.98965385   

	 - Coordinate -           - BOHR/RAD -       - ANG/DEG -
	 R(1,2)           =         2.267671           1.200000

2025-12-23:11:35:10,316 INFO     [psi4.driver.task_planner:259] PLANNING Atomic:  keywords={'DAMPING_PERCENTAGE': 1.0, 'GEOM_MAXITER': 500, 'GUESS': 'SAP', 'MAXITER': 500, 'REFERENCE': 'UKS', 'function_kwargs': {}}
2025-12-23:11:35:10,317 INFO     [psi4.driver.driver:638] Compute gradient(): method=b3lyp, basis=cc-pvdz, molecule=default, nre=79.37658160050002
2025-12-23:11:35:11,83 INFO     [psi4.driver.driver:641] Return gradient(): -540.0582867421541
2025-12-23:11:35:11,83 INFO     [psi4.driver.driver:642] [[ 0.00000000 -0.00000000 -1.79192345]
 [ 0.00000000  0.00000000  1.79207641]]
2025-12-23:11:35:11,85 INFO     [psi4.optking.molsys:944] Projected (PHP) Hessian matrix
	 217.822043

2025-12-23:11:35:11,85 INFO     [psi4.optking.opt_helper:182] 
	         Geometry (au)                                       Gradient (au)
   0.0000000000   0.0000000000   1.2780174964		   0.0000000000  -0.0000000000  -1.7919234509
   0.0000000000   0.0000000000  -0.9896538542		   0.0000000000   0.0000000000   1.7920764127

2025-12-23:11:35:11,85 INFO     [psi4.optking.stepAlgorithms:929] 	Using RFO solution 1.
2025-12-23:11:35:11,85 INFO     [psi4.optking.displace:100] 	Determining Cartesian step for fragment 1.
2025-12-23:11:35:11,85 INFO     [psi4.optking.displace:415] 	Successfully converged to displaced geometry.
2025-12-23:11:35:11,85 INFO     [psi4.optking.displace:416] 	RMS(dx):  0.000e+00 	Max(dx):  0.000e+00 	RMS(dq):  0.000e+00
2025-12-23:11:35:11,85 INFO     [psi4.optking.displace:172] 

	        --- Internal Coordinate Step in ANG or DEG, aJ/ANG or AJ/DEG ---
	-------------------------------------------------------------------------------
	           Coordinate      Previous         Force          Change          New 
	           ----------      --------        ------          ------        ------
	               R(1,2)       1.20000       14.76379        0.00435       1.20435
	-------------------------------------------------------------------------------

2025-12-23:11:35:11,85 INFO     [psi4.optking.stepAlgorithms:113] 	|target step| :    0.0082263422
2025-12-23:11:35:11,86 INFO     [psi4.optking.stepAlgorithms:114] 	gradient     :   -1.7919999318
2025-12-23:11:35:11,86 INFO     [psi4.optking.stepAlgorithms:115] 	hessian      :  217.8220428578
2025-12-23:11:35:11,86 INFO     [psi4.optking.stepAlgorithms:113] 	|target step| :    0.0082263422
2025-12-23:11:35:11,86 INFO     [psi4.optking.stepAlgorithms:114] 	gradient     :   -1.7919999318
2025-12-23:11:35:11,86 INFO     [psi4.optking.stepAlgorithms:115] 	hessian      :  217.8220428578
2025-12-23:11:35:11,86 INFO     [psi4.optking.stepAlgorithms:206] 	Norm of achieved step-size    0.0082263422
2025-12-23:11:35:11,86 INFO     [psi4.optking.stepAlgorithms:208] 	Norm of achieved step-size (cart):    0.0058169024
2025-12-23:11:35:11,86 INFO     [psi4.optking.opt_helper:164] Molsys:

	                            ===> Fragment 1 <== 

	 Z (Atomic Numbers)          Masses                          Geom                  
	      12.000000            23.985042          0.00000000  0.00000000  1.28213067   
	      15.000000            30.973762          0.00000000  0.00000000 -0.99376703   

	 - Coordinate -           - BOHR/RAD -       - ANG/DEG -
	 R(1,2)           =         2.275898           1.204353

2025-12-23:11:35:11,86 INFO     [psi4.optking.convcheck:76] Performing convergence check.
2025-12-23:11:35:11,86 INFO     [psi4.optking.convcheck:282] 
	                                 ==> Convergence Check <==                                  
    
	Measures of convergence in internal coordinates in au.
    
	Criteria marked as inactive (o), active & met (*), and active & unmet ( ).

	----------------------------------------------------------------------------------------------~
	   Step    Total Energy     Delta E     Max Force     RMS Force      Max Disp      RMS Disp   ~
	----------------------------------------------------------------------------------------------~
	  Convergence Criteria     1.00e-06 *    3.00e-04 *             o    1.20e-03 *             o~
	----------------------------------------------------------------------------------------------~
	     1    -540.05828674   -5.40e+02      1.79e+00      1.79e+00 o    8.23e-03      8.23e-03 o  ~
	----------------------------------------------------------------------------------------------


2025-12-23:11:35:11,86 INFO     [psi4.optking.stepAlgorithms:296] 	Convergence check returned False
2025-12-23:11:35:11,97 INFO     [psi4.driver.task_planner:259] PLANNING Atomic:  keywords={'DAMPING_PERCENTAGE': 1.0, 'GEOM_MAXITER': 500, 'SCF__GUESS': 'READ', 'GUESS': 'SAP', 'MAXITER': 500, 'REFERENCE': 'UKS', 'function_kwargs': {}}
2025-12-23:11:35:11,98 INFO     [psi4.driver.driver:638] Compute gradient(): method=b3lyp, basis=cc-pvdz, molecule=default, nre=79.08967111034119
2025-12-23:11:35:11,803 INFO     [psi4.driver.driver:641] Return gradient(): -540.072923897615
2025-12-23:11:35:11,804 INFO     [psi4.driver.driver:642] [[ 0.00000000  0.00000000 -1.76674498]
 [ 0.00000000 -0.00000000  1.76688021]]
2025-12-23:11:35:11,805 INFO     [psi4.optking.history:269] 	Performing BFGS update.
2025-12-23:11:35:11,805 INFO     [psi4.optking.history:280] 	Using 1 previous steps for update.
2025-12-23:11:35:11,806 INFO     [psi4.optking.history:317] 	Steps to be used in Hessian update:  1

2025-12-23:11:35:11,806 INFO     [psi4.optking.history:418] 	Updated Hessian (in au) 
 	 108.911021

2025-12-23:11:35:11,806 INFO     [psi4.optking.molsys:944] Projected (PHP) Hessian matrix
	 108.911021

2025-12-23:11:35:11,806 INFO     [psi4.optking.opt_helper:182] 
	         Geometry (au)                                       Gradient (au)
   0.0000000000   0.0000000000   1.2826537102		   0.0000000000   0.0000000000  -1.7667449788
   0.0000000000   0.0000000000  -0.9932439825		   0.0000000000  -0.0000000000   1.7668802051

2025-12-23:11:35:11,806 INFO     [psi4.optking.stepAlgorithms:368] 	Current Step Report 
 
	Current energy:      -540.0729238976
	Energy change for the previous step:
		Actual       :        -0.0146371555
		Projected    :        -0.0073708023

2025-12-23:11:35:11,806 INFO     [psi4.optking.stepAlgorithms:371] 	Energy ratio =    1.98583
2025-12-23:11:35:11,806 INFO     [psi4.optking.stepAlgorithms:399] 	Energy ratio indicates good step.
2025-12-23:11:35:11,806 INFO     [psi4.optking.stepAlgorithms:400] 	Intrafrag trust radius increased to      1.
2025-12-23:11:35:11,806 INFO     [psi4.optking.stepAlgorithms:929] 	Using RFO solution 1.
2025-12-23:11:35:11,806 INFO     [psi4.optking.displace:100] 	Determining Cartesian step for fragment 1.
2025-12-23:11:35:11,807 INFO     [psi4.optking.displace:415] 	Successfully converged to displaced geometry.
2025-12-23:11:35:11,807 INFO     [psi4.optking.displace:416] 	RMS(dx):  1.282e-16 	Max(dx):  2.220e-16 	RMS(dq):  4.441e-16
2025-12-23:11:35:11,807 INFO     [psi4.optking.displace:172] 

	        --- Internal Coordinate Step in ANG or DEG, aJ/ANG or AJ/DEG ---
	-------------------------------------------------------------------------------
	           Coordinate      Previous         Force          Change          New 
	           ----------      --------        ------          ------        ------
	               R(1,2)       1.20435       14.55628        0.00858       1.21294
	-------------------------------------------------------------------------------

2025-12-23:11:35:11,807 INFO     [psi4.optking.stepAlgorithms:113] 	|target step| :    0.0162182655
2025-12-23:11:35:11,807 INFO     [psi4.optking.stepAlgorithms:114] 	gradient     :   -1.7668125920
2025-12-23:11:35:11,807 INFO     [psi4.optking.stepAlgorithms:115] 	hessian      :  108.9110214289
2025-12-23:11:35:11,807 INFO     [psi4.optking.stepAlgorithms:113] 	|target step| :    0.0162182655
2025-12-23:11:35:11,807 INFO     [psi4.optking.stepAlgorithms:114] 	gradient     :   -1.7668125920
2025-12-23:11:35:11,807 INFO     [psi4.optking.stepAlgorithms:115] 	hessian      :  108.9110214289
2025-12-23:11:35:11,807 INFO     [psi4.optking.stepAlgorithms:206] 	Norm of achieved step-size    0.0162182655
2025-12-23:11:35:11,807 INFO     [psi4.optking.stepAlgorithms:208] 	Norm of achieved step-size (cart):    0.0114680455
2025-12-23:11:35:11,807 INFO     [psi4.optking.opt_helper:164] Molsys:

	                            ===> Fragment 1 <== 

	 Z (Atomic Numbers)          Masses                          Geom                  
	      12.000000            23.985042          0.00000000  0.00000000  1.29076284   
	      15.000000            30.973762          0.00000000  0.00000000 -1.00135312   

	 - Coordinate -           - BOHR/RAD -       - ANG/DEG -
	 R(1,2)           =         2.292116           1.212936

2025-12-23:11:35:11,808 INFO     [psi4.optking.convcheck:76] Performing convergence check.
2025-12-23:11:35:11,808 INFO     [psi4.optking.convcheck:282] 
	                                 ==> Convergence Check <==                                  
    
	Measures of convergence in internal coordinates in au.
    
	Criteria marked as inactive (o), active & met (*), and active & unmet ( ).

	----------------------------------------------------------------------------------------------
	   Step    Total Energy     Delta E     Max Force     RMS Force      Max Disp      RMS Disp   
	----------------------------------------------------------------------------------------------
	  Convergence Criteria     1.00e-06 *    3.00e-04 *             o    1.20e-03 *             o
	----------------------------------------------------------------------------------------------
	     2    -540.07292390   -1.46e-02      1.77e+00      1.77e+00 o    1.62e-02      1.62e-02 o  ~
	----------------------------------------------------------------------------------------------


2025-12-23:11:35:11,808 INFO     [psi4.optking.stepAlgorithms:296] 	Convergence check returned False
2025-12-23:11:35:11,818 INFO     [psi4.driver.task_planner:259] PLANNING Atomic:  keywords={'DAMPING_PERCENTAGE': 1.0, 'GEOM_MAXITER': 500, 'SCF__GUESS': 'READ', 'GUESS': 'SAP', 'MAXITER': 500, 'REFERENCE': 'UKS', 'function_kwargs': {}}
2025-12-23:11:35:11,820 INFO     [psi4.driver.driver:638] Compute gradient(): method=b3lyp, basis=cc-pvdz, molecule=default, nre=78.53005837292727
2025-12-23:11:35:12,524 INFO     [psi4.driver.driver:641] Return gradient(): -540.101183647103
2025-12-23:11:35:12,525 INFO     [psi4.driver.driver:642] [[ 0.00000000  0.00000000 -1.71848610]
 [ 0.00000000  0.00000000  1.71858077]]
2025-12-23:11:35:12,526 INFO     [psi4.optking.history:269] 	Performing BFGS update.
2025-12-23:11:35:12,526 INFO     [psi4.optking.history:280] 	Using 2 previous steps for update.
2025-12-23:11:35:12,526 INFO     [psi4.optking.history:317] 	Steps to be used in Hessian update:  2 1

2025-12-23:11:35:12,526 INFO     [psi4.optking.history:418] 	Updated Hessian (in au) 
 	  27.227755

2025-12-23:11:35:12,527 INFO     [psi4.optking.molsys:944] Projected (PHP) Hessian matrix
	  27.227755

2025-12-23:11:35:12,527 INFO     [psi4.optking.opt_helper:182] 
	         Geometry (au)                                       Gradient (au)
   0.0000000000   0.0000000000   1.2917940237		   0.0000000000   0.0000000000  -1.7184860960
   0.0000000000   0.0000000000  -1.0003219346		   0.0000000000   0.0000000000   1.7185807701

2025-12-23:11:35:12,527 INFO     [psi4.optking.stepAlgorithms:368] 	Current Step Report 
 
	Current energy:      -540.1011836471
	Energy change for the previous step:
		Actual       :        -0.0282597495
		Projected    :        -0.0143273179

2025-12-23:11:35:12,527 INFO     [psi4.optking.stepAlgorithms:371] 	Energy ratio =    1.97244
2025-12-23:11:35:12,527 INFO     [psi4.optking.stepAlgorithms:929] 	Using RFO solution 1.
2025-12-23:11:35:12,527 INFO     [psi4.optking.displace:100] 	Determining Cartesian step for fragment 1.
2025-12-23:11:35:12,527 INFO     [psi4.optking.displace:415] 	Successfully converged to displaced geometry.
2025-12-23:11:35:12,527 INFO     [psi4.optking.displace:416] 	RMS(dx):  1.282e-16 	Max(dx):  2.220e-16 	RMS(dq):  4.441e-16
2025-12-23:11:35:12,527 INFO     [psi4.optking.displace:172] 

	        --- Internal Coordinate Step in ANG or DEG, aJ/ANG or AJ/DEG ---
	-------------------------------------------------------------------------------
	           Coordinate      Previous         Force          Change          New 
	           ----------      --------        ------          ------        ------
	               R(1,2)       1.21294       14.15852        0.03327       1.24620
	-------------------------------------------------------------------------------

2025-12-23:11:35:12,527 INFO     [psi4.optking.stepAlgorithms:113] 	|target step| :    0.0628675118
2025-12-23:11:35:12,527 INFO     [psi4.optking.stepAlgorithms:114] 	gradient     :   -1.7185334330
2025-12-23:11:35:12,527 INFO     [psi4.optking.stepAlgorithms:115] 	hessian      :   27.2277553572
2025-12-23:11:35:12,527 INFO     [psi4.optking.stepAlgorithms:113] 	|target step| :    0.0628675118
2025-12-23:11:35:12,527 INFO     [psi4.optking.stepAlgorithms:114] 	gradient     :   -1.7185334330
2025-12-23:11:35:12,527 INFO     [psi4.optking.stepAlgorithms:115] 	hessian      :   27.2277553572
2025-12-23:11:35:12,527 INFO     [psi4.optking.stepAlgorithms:206] 	Norm of achieved step-size    0.0628675118
2025-12-23:11:35:12,527 INFO     [psi4.optking.stepAlgorithms:208] 	Norm of achieved step-size (cart):    0.0444540439
2025-12-23:11:35:12,527 INFO     [psi4.optking.opt_helper:164] Molsys:

	                            ===> Fragment 1 <== 

	 Z (Atomic Numbers)          Masses                          Geom                  
	      12.000000            23.985042          0.00000000  0.00000000  1.32322778   
	      15.000000            30.973762          0.00000000  0.00000000 -1.03175569   

	 - Coordinate -           - BOHR/RAD -       - ANG/DEG -
	 R(1,2)           =         2.354983           1.246204

2025-12-23:11:35:12,528 INFO     [psi4.optking.convcheck:76] Performing convergence check.
2025-12-23:11:35:12,528 INFO     [psi4.optking.convcheck:282] 
	                                 ==> Convergence Check <==                                  
    
	Measures of convergence in internal coordinates in au.
    
	Criteria marked as inactive (o), active & met (*), and active & unmet ( ).

	----------------------------------------------------------------------------------------------
	   Step    Total Energy     Delta E     Max Force     RMS Force      Max Disp      RMS Disp   
	----------------------------------------------------------------------------------------------
	  Convergence Criteria     1.00e-06 *    3.00e-04 *             o    1.20e-03 *             o
	----------------------------------------------------------------------------------------------
	     3    -540.10118365   -2.83e-02      1.72e+00      1.72e+00 o    6.29e-02      6.29e-02 o  ~
	----------------------------------------------------------------------------------------------


2025-12-23:11:35:12,528 INFO     [psi4.optking.stepAlgorithms:296] 	Convergence check returned False
2025-12-23:11:35:12,538 INFO     [psi4.driver.task_planner:259] PLANNING Atomic:  keywords={'DAMPING_PERCENTAGE': 1.0, 'GEOM_MAXITER': 500, 'SCF__GUESS': 'READ', 'GUESS': 'SAP', 'MAXITER': 500, 'REFERENCE': 'UKS', 'function_kwargs': {}}
2025-12-23:11:35:12,539 INFO     [psi4.driver.driver:638] Compute gradient(): method=b3lyp, basis=cc-pvdz, molecule=default, nre=76.43365751215524
2025-12-23:11:35:13,324 INFO     [psi4.driver.driver:641] Return gradient(): -540.2037067001622
2025-12-23:11:35:13,324 INFO     [psi4.driver.driver:642] [[ 0.00000000 -0.00000000 -1.54704911]
 [ 0.00000000  0.00000000  1.54704714]]
2025-12-23:11:35:13,326 INFO     [psi4.optking.history:269] 	Performing BFGS update.
2025-12-23:11:35:13,326 INFO     [psi4.optking.history:280] 	Using 3 previous steps for update.
2025-12-23:11:35:13,326 INFO     [psi4.optking.history:317] 	Steps to be used in Hessian update:  3 2 1

2025-12-23:11:35:13,326 INFO     [psi4.optking.history:418] 	Updated Hessian (in au) 
 	   3.403469

2025-12-23:11:35:13,326 INFO     [psi4.optking.molsys:944] Projected (PHP) Hessian matrix
	   3.403469

2025-12-23:11:35:13,326 INFO     [psi4.optking.opt_helper:182] 
	         Geometry (au)                                       Gradient (au)
   0.0000000000   0.0000000000   1.3272249869		   0.0000000000  -0.0000000000  -1.5470491066
   0.0000000000   0.0000000000  -1.0277584832		   0.0000000000   0.0000000000   1.5470471413

2025-12-23:11:35:13,326 INFO     [psi4.optking.stepAlgorithms:368] 	Current Step Report 
 
	Current energy:      -540.2037067002
	Energy change for the previous step:
		Actual       :        -0.1025230531
		Projected    :        -0.0540199605

2025-12-23:11:35:13,326 INFO     [psi4.optking.stepAlgorithms:371] 	Energy ratio =    1.89787
2025-12-23:11:35:13,326 INFO     [psi4.optking.stepAlgorithms:929] 	Using RFO solution 1.
2025-12-23:11:35:13,326 INFO     [psi4.optking.displace:100] 	Determining Cartesian step for fragment 1.
2025-12-23:11:35:13,327 INFO     [psi4.optking.displace:415] 	Successfully converged to displaced geometry.
2025-12-23:11:35:13,327 INFO     [psi4.optking.displace:416] 	RMS(dx):  1.282e-16 	Max(dx):  2.220e-16 	RMS(dq):  0.000e+00
2025-12-23:11:35:13,327 INFO     [psi4.optking.displace:172] 

	        --- Internal Coordinate Step in ANG or DEG, aJ/ANG or AJ/DEG ---
	-------------------------------------------------------------------------------
	           Coordinate      Previous         Force          Change          New 
	           ----------      --------        ------          ------        ------
	               R(1,2)       1.24620       12.74570        0.20459       1.45079
	-------------------------------------------------------------------------------

2025-12-23:11:35:13,327 INFO     [psi4.optking.stepAlgorithms:113] 	|target step| :    0.3866099386
2025-12-23:11:35:13,327 INFO     [psi4.optking.stepAlgorithms:114] 	gradient     :   -1.5470481239
2025-12-23:11:35:13,327 INFO     [psi4.optking.stepAlgorithms:115] 	hessian      :    3.4034694197
2025-12-23:11:35:13,327 INFO     [psi4.optking.stepAlgorithms:113] 	|target step| :    0.3866099386
2025-12-23:11:35:13,327 INFO     [psi4.optking.stepAlgorithms:114] 	gradient     :   -1.5470481239
2025-12-23:11:35:13,327 INFO     [psi4.optking.stepAlgorithms:115] 	hessian      :    3.4034694197
2025-12-23:11:35:13,327 INFO     [psi4.optking.stepAlgorithms:206] 	Norm of achieved step-size    0.3866099386
2025-12-23:11:35:13,327 INFO     [psi4.optking.stepAlgorithms:208] 	Norm of achieved step-size (cart):    0.2733745093
2025-12-23:11:35:13,327 INFO     [psi4.optking.opt_helper:164] Molsys:

	                            ===> Fragment 1 <== 

	 Z (Atomic Numbers)          Masses                          Geom                  
	      12.000000            23.985042          0.00000000  0.00000000  1.52052996   
	      15.000000            30.973762          0.00000000  0.00000000 -1.22106345   

	 - Coordinate -           - BOHR/RAD -       - ANG/DEG -
	 R(1,2)           =         2.741593           1.450789

2025-12-23:11:35:13,327 INFO     [psi4.optking.convcheck:76] Performing convergence check.
2025-12-23:11:35:13,327 INFO     [psi4.optking.convcheck:282] 
	                                 ==> Convergence Check <==                                  
    
	Measures of convergence in internal coordinates in au.
    
	Criteria marked as inactive (o), active & met (*), and active & unmet ( ).

	----------------------------------------------------------------------------------------------
	   Step    Total Energy     Delta E     Max Force     RMS Force      Max Disp      RMS Disp   
	----------------------------------------------------------------------------------------------
	  Convergence Criteria     1.00e-06 *    3.00e-04 *             o    1.20e-03 *             o
	----------------------------------------------------------------------------------------------
	     4    -540.20370670   -1.03e-01      1.55e+00      1.55e+00 o    3.87e-01      3.87e-01 o  ~
	----------------------------------------------------------------------------------------------


2025-12-23:11:35:13,327 INFO     [psi4.optking.stepAlgorithms:296] 	Convergence check returned False
2025-12-23:11:35:13,337 INFO     [psi4.driver.task_planner:259] PLANNING Atomic:  keywords={'DAMPING_PERCENTAGE': 1.0, 'GEOM_MAXITER': 500, 'SCF__GUESS': 'READ', 'GUESS': 'SAP', 'MAXITER': 500, 'REFERENCE': 'UKS', 'function_kwargs': {}}
2025-12-23:11:35:13,339 INFO     [psi4.driver.driver:638] Compute gradient(): method=b3lyp, basis=cc-pvdz, molecule=default, nre=65.65524976338844
2025-12-23:11:35:14,85 INFO     [psi4.driver.driver:641] Return gradient(): -540.6497447850765
2025-12-23:11:35:14,86 INFO     [psi4.driver.driver:642] [[ 0.00000000  0.00000000 -0.83443500]
 [ 0.00000000  0.00000000  0.83439050]]
2025-12-23:11:35:14,87 INFO     [psi4.optking.history:269] 	Performing BFGS update.
2025-12-23:11:35:14,87 INFO     [psi4.optking.history:280] 	Using 4 previous steps for update.
2025-12-23:11:35:14,87 INFO     [psi4.optking.history:317] 	Steps to be used in Hessian update:  4 3 2 1

2025-12-23:11:35:14,87 INFO     [psi4.optking.history:418] 	Updated Hessian (in au) 
 	   2.020558

2025-12-23:11:35:14,88 INFO     [psi4.optking.molsys:944] Projected (PHP) Hessian matrix
	   2.020558

2025-12-23:11:35:14,88 INFO     [psi4.optking.opt_helper:182] 
	         Geometry (au)                                       Gradient (au)
   0.0000000000   0.0000000000   1.5451111747		   0.0000000000   0.0000000000  -0.8344349993
   0.0000000000   0.0000000000  -1.1964822340		   0.0000000000   0.0000000000   0.8343904990

2025-12-23:11:35:14,88 INFO     [psi4.optking.stepAlgorithms:368] 	Current Step Report 
 
	Current energy:      -540.6497447851
	Energy change for the previous step:
		Actual       :        -0.4460380849
		Projected    :        -0.2990520901

2025-12-23:11:35:14,88 INFO     [psi4.optking.stepAlgorithms:371] 	Energy ratio =    1.49151
2025-12-23:11:35:14,88 INFO     [psi4.optking.stepAlgorithms:929] 	Using RFO solution 1.
2025-12-23:11:35:14,88 INFO     [psi4.optking.displace:100] 	Determining Cartesian step for fragment 1.
2025-12-23:11:35:14,88 INFO     [psi4.optking.displace:415] 	Successfully converged to displaced geometry.
2025-12-23:11:35:14,88 INFO     [psi4.optking.displace:416] 	RMS(dx):  0.000e+00 	Max(dx):  0.000e+00 	RMS(dq):  0.000e+00
2025-12-23:11:35:14,88 INFO     [psi4.optking.displace:172] 

	        --- Internal Coordinate Step in ANG or DEG, aJ/ANG or AJ/DEG ---
	-------------------------------------------------------------------------------
	           Coordinate      Previous         Force          Change          New 
	           ----------      --------        ------          ------        ------
	               R(1,2)       1.45079        6.87450        0.19028       1.64106
	-------------------------------------------------------------------------------

2025-12-23:11:35:14,88 INFO     [psi4.optking.stepAlgorithms:113] 	|target step| :    0.3595695660
2025-12-23:11:35:14,88 INFO     [psi4.optking.stepAlgorithms:114] 	gradient     :   -0.8344127491
2025-12-23:11:35:14,88 INFO     [psi4.optking.stepAlgorithms:115] 	hessian      :    2.0205583728
2025-12-23:11:35:14,88 INFO     [psi4.optking.stepAlgorithms:113] 	|target step| :    0.3595695660
2025-12-23:11:35:14,88 INFO     [psi4.optking.stepAlgorithms:114] 	gradient     :   -0.8344127491
2025-12-23:11:35:14,88 INFO     [psi4.optking.stepAlgorithms:115] 	hessian      :    2.0205583728
2025-12-23:11:35:14,88 INFO     [psi4.optking.stepAlgorithms:206] 	Norm of achieved step-size    0.3595695660
2025-12-23:11:35:14,88 INFO     [psi4.optking.stepAlgorithms:208] 	Norm of achieved step-size (cart):    0.2542540784
2025-12-23:11:35:14,88 INFO     [psi4.optking.opt_helper:164] Molsys:

	                            ===> Fragment 1 <== 

	 Z (Atomic Numbers)          Masses                          Geom                  
	      12.000000            23.985042          0.00000000  0.00000000  1.72489596   
	      15.000000            30.973762          0.00000000  0.00000000 -1.37626702   

	 - Coordinate -           - BOHR/RAD -       - ANG/DEG -
	 R(1,2)           =         3.101163           1.641065

2025-12-23:11:35:14,89 INFO     [psi4.optking.convcheck:76] Performing convergence check.
2025-12-23:11:35:14,89 INFO     [psi4.optking.convcheck:282] 
	                                 ==> Convergence Check <==                                  
    
	Measures of convergence in internal coordinates in au.
    
	Criteria marked as inactive (o), active & met (*), and active & unmet ( ).

	----------------------------------------------------------------------------------------------
	   Step    Total Energy     Delta E     Max Force     RMS Force      Max Disp      RMS Disp   
	----------------------------------------------------------------------------------------------
	  Convergence Criteria     1.00e-06 *    3.00e-04 *             o    1.20e-03 *             o
	----------------------------------------------------------------------------------------------
	     5    -540.64974479   -4.46e-01      8.34e-01      8.34e-01 o    3.60e-01      3.60e-01 o  ~
	----------------------------------------------------------------------------------------------


2025-12-23:11:35:14,89 INFO     [psi4.optking.stepAlgorithms:296] 	Convergence check returned False
2025-12-23:11:35:14,99 INFO     [psi4.driver.task_planner:259] PLANNING Atomic:  keywords={'DAMPING_PERCENTAGE': 1.0, 'GEOM_MAXITER': 500, 'SCF__GUESS': 'READ', 'GUESS': 'SAP', 'MAXITER': 500, 'REFERENCE': 'UKS', 'function_kwargs': {}}
2025-12-23:11:35:14,100 INFO     [psi4.driver.driver:638] Compute gradient(): method=b3lyp, basis=cc-pvdz, molecule=default, nre=58.04274121262438
2025-12-23:11:35:14,832 INFO     [psi4.driver.driver:641] Return gradient(): -540.8743020260324
2025-12-23:11:35:14,832 INFO     [psi4.driver.driver:642] [[ 0.00000000  0.00000000 -0.44564411]
 [ 0.00000000  0.00000000  0.44554603]]
2025-12-23:11:35:14,834 INFO     [psi4.optking.history:269] 	Performing BFGS update.
2025-12-23:11:35:14,834 INFO     [psi4.optking.history:280] 	Using 4 previous steps for update.
2025-12-23:11:35:14,834 WARNING  [psi4.optking.history:301] 	Change in internal coordinate of 7.46e-01 exceeds limit of 5.00e-01.
2025-12-23:11:35:14,834 WARNING  [psi4.optking.history:306] 	Skipping Hessian update for step 4.
2025-12-23:11:35:14,834 WARNING  [psi4.optking.history:301] 	Change in internal coordinate of 8.09e-01 exceeds limit of 5.00e-01.
2025-12-23:11:35:14,834 WARNING  [psi4.optking.history:306] 	Skipping Hessian update for step 3.
2025-12-23:11:35:14,834 WARNING  [psi4.optking.history:301] 	Change in internal coordinate of 8.25e-01 exceeds limit of 5.00e-01.
2025-12-23:11:35:14,834 WARNING  [psi4.optking.history:306] 	Skipping Hessian update for step 2.
2025-12-23:11:35:14,834 WARNING  [psi4.optking.history:301] 	Change in internal coordinate of 8.33e-01 exceeds limit of 5.00e-01.
2025-12-23:11:35:14,834 WARNING  [psi4.optking.history:306] 	Skipping Hessian update for step 1.
2025-12-23:11:35:14,834 INFO     [psi4.optking.history:317] 	Steps to be used in Hessian update:  5

2025-12-23:11:35:14,834 INFO     [psi4.optking.history:418] 	Updated Hessian (in au) 
 	   1.081342

2025-12-23:11:35:14,834 INFO     [psi4.optking.molsys:944] Projected (PHP) Hessian matrix
	   1.081342

2025-12-23:11:35:14,834 INFO     [psi4.optking.opt_helper:182] 
	         Geometry (au)                                       Gradient (au)
   0.0000000000   0.0000000000   1.7477579103		   0.0000000000   0.0000000000  -0.4456441080
   0.0000000000   0.0000000000  -1.3534050645		   0.0000000000   0.0000000000   0.4455460348

2025-12-23:11:35:14,834 INFO     [psi4.optking.stepAlgorithms:368] 	Current Step Report 
 
	Current energy:      -540.8743020260
	Energy change for the previous step:
		Actual       :        -0.2245572410
		Projected    :        -0.1500147150

2025-12-23:11:35:14,834 INFO     [psi4.optking.stepAlgorithms:371] 	Energy ratio =    1.49690
2025-12-23:11:35:14,835 INFO     [psi4.optking.stepAlgorithms:929] 	Using RFO solution 1.
2025-12-23:11:35:14,835 INFO     [psi4.optking.displace:100] 	Determining Cartesian step for fragment 1.
2025-12-23:11:35:14,835 INFO     [psi4.optking.displace:415] 	Successfully converged to displaced geometry.
2025-12-23:11:35:14,835 INFO     [psi4.optking.displace:416] 	RMS(dx):  0.000e+00 	Max(dx):  0.000e+00 	RMS(dq):  0.000e+00
2025-12-23:11:35:14,835 INFO     [psi4.optking.displace:172] 

	        --- Internal Coordinate Step in ANG or DEG, aJ/ANG or AJ/DEG ---
	-------------------------------------------------------------------------------
	           Coordinate      Previous         Force          Change          New 
	           ----------      --------        ------          ------        ------
	               R(1,2)       1.64106        3.67113        0.18996       1.83103
	-------------------------------------------------------------------------------

2025-12-23:11:35:14,835 INFO     [psi4.optking.stepAlgorithms:113] 	|target step| :    0.3589747021
2025-12-23:11:35:14,835 INFO     [psi4.optking.stepAlgorithms:114] 	gradient     :   -0.4455950714
2025-12-23:11:35:14,835 INFO     [psi4.optking.stepAlgorithms:115] 	hessian      :    1.0813420114
2025-12-23:11:35:14,835 INFO     [psi4.optking.stepAlgorithms:113] 	|target step| :    0.3589747021
2025-12-23:11:35:14,835 INFO     [psi4.optking.stepAlgorithms:114] 	gradient     :   -0.4455950714
2025-12-23:11:35:14,835 INFO     [psi4.optking.stepAlgorithms:115] 	hessian      :    1.0813420114
2025-12-23:11:35:14,835 INFO     [psi4.optking.stepAlgorithms:206] 	Norm of achieved step-size    0.3589747021
2025-12-23:11:35:14,835 INFO     [psi4.optking.stepAlgorithms:208] 	Norm of achieved step-size (cart):    0.2538334461
2025-12-23:11:35:14,835 INFO     [psi4.optking.opt_helper:164] Molsys:

	                            ===> Fragment 1 <== 

	 Z (Atomic Numbers)          Masses                          Geom                  
	      12.000000            23.985042          0.00000000  0.00000000  1.92724526   
	      15.000000            30.973762          0.00000000  0.00000000 -1.53289242   

	 - Coordinate -           - BOHR/RAD -       - ANG/DEG -
	 R(1,2)           =         3.460138           1.831026

2025-12-23:11:35:14,835 INFO     [psi4.optking.convcheck:76] Performing convergence check.
2025-12-23:11:35:14,835 INFO     [psi4.optking.convcheck:282] 
	                                 ==> Convergence Check <==                                  
    
	Measures of convergence in internal coordinates in au.
    
	Criteria marked as inactive (o), active & met (*), and active & unmet ( ).

	----------------------------------------------------------------------------------------------
	   Step    Total Energy     Delta E     Max Force     RMS Force      Max Disp      RMS Disp   
	----------------------------------------------------------------------------------------------
	  Convergence Criteria     1.00e-06 *    3.00e-04 *             o    1.20e-03 *             o
	----------------------------------------------------------------------------------------------
	     6    -540.87430203   -2.25e-01      4.46e-01      4.46e-01 o    3.59e-01      3.59e-01 o  ~
	----------------------------------------------------------------------------------------------


2025-12-23:11:35:14,835 INFO     [psi4.optking.stepAlgorithms:296] 	Convergence check returned False
2025-12-23:11:35:14,846 INFO     [psi4.driver.task_planner:259] PLANNING Atomic:  keywords={'DAMPING_PERCENTAGE': 1.0, 'GEOM_MAXITER': 500, 'SCF__GUESS': 'READ', 'GUESS': 'SAP', 'MAXITER': 500, 'REFERENCE': 'UKS', 'function_kwargs': {}}
2025-12-23:11:35:14,847 INFO     [psi4.driver.driver:638] Compute gradient(): method=b3lyp, basis=cc-pvdz, molecule=default, nre=52.02105141805765
2025-12-23:11:35:15,601 INFO     [psi4.driver.driver:641] Return gradient(): -540.9889514642447
2025-12-23:11:35:15,601 INFO     [psi4.driver.driver:642] [[ 0.00000000 -0.00000000 -0.21480563]
 [ 0.00000000 -0.00000000  0.21476583]]
2025-12-23:11:35:15,603 INFO     [psi4.optking.history:269] 	Performing BFGS update.
2025-12-23:11:35:15,603 INFO     [psi4.optking.history:280] 	Using 4 previous steps for update.
2025-12-23:11:35:15,603 WARNING  [psi4.optking.history:301] 	Change in internal coordinate of 7.19e-01 exceeds limit of 5.00e-01.
2025-12-23:11:35:15,603 WARNING  [psi4.optking.history:306] 	Skipping Hessian update for step 5.
2025-12-23:11:35:15,603 WARNING  [psi4.optking.history:301] 	Change in internal coordinate of 1.11e+00 exceeds limit of 5.00e-01.
2025-12-23:11:35:15,603 WARNING  [psi4.optking.history:306] 	Skipping Hessian update for step 4.
2025-12-23:11:35:15,603 WARNING  [psi4.optking.history:301] 	Change in internal coordinate of 1.17e+00 exceeds limit of 5.00e-01.
2025-12-23:11:35:15,603 WARNING  [psi4.optking.history:306] 	Skipping Hessian update for step 3.
2025-12-23:11:35:15,603 WARNING  [psi4.optking.history:301] 	Change in internal coordinate of 1.18e+00 exceeds limit of 5.00e-01.
2025-12-23:11:35:15,603 WARNING  [psi4.optking.history:306] 	Skipping Hessian update for step 2.
2025-12-23:11:35:15,603 WARNING  [psi4.optking.history:301] 	Change in internal coordinate of 1.19e+00 exceeds limit of 5.00e-01.
2025-12-23:11:35:15,603 WARNING  [psi4.optking.history:306] 	Skipping Hessian update for step 1.
2025-12-23:11:35:15,603 INFO     [psi4.optking.history:317] 	Steps to be used in Hessian update:  6

2025-12-23:11:35:15,603 INFO     [psi4.optking.history:418] 	Updated Hessian (in au) 
 	   0.642968

2025-12-23:11:35:15,603 INFO     [psi4.optking.molsys:944] Projected (PHP) Hessian matrix
	   0.642968

2025-12-23:11:35:15,603 INFO     [psi4.optking.opt_helper:182] 
	         Geometry (au)                                       Gradient (au)
   0.0000000000   0.0000000000   1.9500693916		   0.0000000000  -0.0000000000  -0.2148056292
   0.0000000000   0.0000000000  -1.5100682853		   0.0000000000  -0.0000000000   0.2147658300

2025-12-23:11:35:15,603 INFO     [psi4.optking.stepAlgorithms:368] 	Current Step Report 
 
	Current energy:      -540.9889514642
	Energy change for the previous step:
		Actual       :        -0.1146494382
		Projected    :        -0.0799786790

2025-12-23:11:35:15,604 INFO     [psi4.optking.stepAlgorithms:371] 	Energy ratio =    1.43350
2025-12-23:11:35:15,604 INFO     [psi4.optking.stepAlgorithms:929] 	Using RFO solution 1.
2025-12-23:11:35:15,604 INFO     [psi4.optking.displace:100] 	Determining Cartesian step for fragment 1.
2025-12-23:11:35:15,604 INFO     [psi4.optking.displace:415] 	Successfully converged to displaced geometry.
2025-12-23:11:35:15,604 INFO     [psi4.optking.displace:416] 	RMS(dx):  0.000e+00 	Max(dx):  0.000e+00 	RMS(dq):  0.000e+00
2025-12-23:11:35:15,604 INFO     [psi4.optking.displace:172] 

	        --- Internal Coordinate Step in ANG or DEG, aJ/ANG or AJ/DEG ---
	-------------------------------------------------------------------------------
	           Coordinate      Previous         Force          Change          New 
	           ----------      --------        ------          ------        ------
	               R(1,2)       1.83103        1.76956        0.16051       1.99154
	-------------------------------------------------------------------------------

2025-12-23:11:35:15,604 INFO     [psi4.optking.stepAlgorithms:113] 	|target step| :    0.3033195588
2025-12-23:11:35:15,604 INFO     [psi4.optking.stepAlgorithms:114] 	gradient     :   -0.2147857296
2025-12-23:11:35:15,604 INFO     [psi4.optking.stepAlgorithms:115] 	hessian      :    0.6429682661
2025-12-23:11:35:15,604 INFO     [psi4.optking.stepAlgorithms:113] 	|target step| :    0.3033195588
2025-12-23:11:35:15,604 INFO     [psi4.optking.stepAlgorithms:114] 	gradient     :   -0.2147857296
2025-12-23:11:35:15,604 INFO     [psi4.optking.stepAlgorithms:115] 	hessian      :    0.6429682661
2025-12-23:11:35:15,604 INFO     [psi4.optking.stepAlgorithms:206] 	Norm of achieved step-size    0.3033195588
2025-12-23:11:35:15,604 INFO     [psi4.optking.stepAlgorithms:208] 	Norm of achieved step-size (cart):    0.2144793169
2025-12-23:11:35:15,604 INFO     [psi4.optking.opt_helper:164] Molsys:

	                            ===> Fragment 1 <== 

	 Z (Atomic Numbers)          Masses                          Geom                  
	      12.000000            23.985042          0.00000000  0.00000000  2.10172917   
	      15.000000            30.973762          0.00000000  0.00000000 -1.66172806   

	 - Coordinate -           - BOHR/RAD -       - ANG/DEG -
	 R(1,2)           =         3.763457           1.991536

2025-12-23:11:35:15,605 INFO     [psi4.optking.convcheck:76] Performing convergence check.
2025-12-23:11:35:15,605 INFO     [psi4.optking.convcheck:282] 
	                                 ==> Convergence Check <==                                  
    
	Measures of convergence in internal coordinates in au.
    
	Criteria marked as inactive (o), active & met (*), and active & unmet ( ).

	----------------------------------------------------------------------------------------------
	   Step    Total Energy     Delta E     Max Force     RMS Force      Max Disp      RMS Disp   
	----------------------------------------------------------------------------------------------
	  Convergence Criteria     1.00e-06 *    3.00e-04 *             o    1.20e-03 *             o
	----------------------------------------------------------------------------------------------
	     7    -540.98895146   -1.15e-01      2.15e-01      2.15e-01 o    3.03e-01      3.03e-01 o  ~
	----------------------------------------------------------------------------------------------


2025-12-23:11:35:15,605 INFO     [psi4.optking.stepAlgorithms:296] 	Convergence check returned False
2025-12-23:11:35:15,615 INFO     [psi4.driver.task_planner:259] PLANNING Atomic:  keywords={'DAMPING_PERCENTAGE': 1.0, 'GEOM_MAXITER': 500, 'SCF__GUESS': 'READ', 'GUESS': 'SAP', 'MAXITER': 500, 'REFERENCE': 'UKS', 'function_kwargs': {}}
2025-12-23:11:35:15,616 INFO     [psi4.driver.driver:638] Compute gradient(): method=b3lyp, basis=cc-pvdz, molecule=default, nre=47.828363318632455
2025-12-23:11:35:16,391 INFO     [psi4.driver.driver:641] Return gradient(): -541.0355454530365
2025-12-23:11:35:16,392 INFO     [psi4.driver.driver:642] [[-0.00000000  0.00000000 -0.10209418]
 [-0.00000000  0.00000000  0.10209571]]
2025-12-23:11:35:16,393 INFO     [psi4.optking.history:269] 	Performing BFGS update.
2025-12-23:11:35:16,393 INFO     [psi4.optking.history:280] 	Using 4 previous steps for update.
2025-12-23:11:35:16,393 WARNING  [psi4.optking.history:301] 	Change in internal coordinate of 6.62e-01 exceeds limit of 5.00e-01.
2025-12-23:11:35:16,393 WARNING  [psi4.optking.history:306] 	Skipping Hessian update for step 6.
2025-12-23:11:35:16,394 WARNING  [psi4.optking.history:301] 	Change in internal coordinate of 1.02e+00 exceeds limit of 5.00e-01.
2025-12-23:11:35:16,394 WARNING  [psi4.optking.history:306] 	Skipping Hessian update for step 5.
2025-12-23:11:35:16,394 WARNING  [psi4.optking.history:301] 	Change in internal coordinate of 1.41e+00 exceeds limit of 5.00e-01.
2025-12-23:11:35:16,394 WARNING  [psi4.optking.history:306] 	Skipping Hessian update for step 4.
2025-12-23:11:35:16,394 WARNING  [psi4.optking.history:301] 	Change in internal coordinate of 1.47e+00 exceeds limit of 5.00e-01.
2025-12-23:11:35:16,394 WARNING  [psi4.optking.history:306] 	Skipping Hessian update for step 3.
2025-12-23:11:35:16,394 WARNING  [psi4.optking.history:301] 	Change in internal coordinate of 1.49e+00 exceeds limit of 5.00e-01.
2025-12-23:11:35:16,394 WARNING  [psi4.optking.history:306] 	Skipping Hessian update for step 2.
2025-12-23:11:35:16,394 WARNING  [psi4.optking.history:301] 	Change in internal coordinate of 1.50e+00 exceeds limit of 5.00e-01.
2025-12-23:11:35:16,394 WARNING  [psi4.optking.history:306] 	Skipping Hessian update for step 1.
2025-12-23:11:35:16,394 INFO     [psi4.optking.history:317] 	Steps to be used in Hessian update:  7

2025-12-23:11:35:16,394 INFO     [psi4.optking.history:418] 	Updated Hessian (in au) 
 	   0.371525

2025-12-23:11:35:16,394 INFO     [psi4.optking.molsys:944] Projected (PHP) Hessian matrix
	   0.371525

2025-12-23:11:35:16,394 INFO     [psi4.optking.opt_helper:182] 
	         Geometry (au)                                       Gradient (au)
   0.0000000000   0.0000000000   2.1210146668		  -0.0000000000   0.0000000000  -0.1020941755
   0.0000000000   0.0000000000  -1.6424425688		  -0.0000000000   0.0000000000   0.1020957120

2025-12-23:11:35:16,394 INFO     [psi4.optking.stepAlgorithms:368] 	Current Step Report 
 
	Current energy:      -541.0355454530
	Energy change for the previous step:
		Actual       :        -0.0465939888
		Projected    :        -0.0325743564

2025-12-23:11:35:16,394 INFO     [psi4.optking.stepAlgorithms:371] 	Energy ratio =    1.43039
2025-12-23:11:35:16,394 INFO     [psi4.optking.stepAlgorithms:929] 	Using RFO solution 1.
2025-12-23:11:35:16,394 INFO     [psi4.optking.displace:100] 	Determining Cartesian step for fragment 1.
2025-12-23:11:35:16,394 INFO     [psi4.optking.displace:415] 	Successfully converged to displaced geometry.
2025-12-23:11:35:16,395 INFO     [psi4.optking.displace:416] 	RMS(dx):  0.000e+00 	Max(dx):  0.000e+00 	RMS(dq):  0.000e+00
2025-12-23:11:35:16,395 INFO     [psi4.optking.displace:172] 

	        --- Internal Coordinate Step in ANG or DEG, aJ/ANG or AJ/DEG ---
	-------------------------------------------------------------------------------
	           Coordinate      Previous         Force          Change          New 
	           ----------      --------        ------          ------        ------
	               R(1,2)       1.99154        0.84113        0.13584       2.12737
	-------------------------------------------------------------------------------

2025-12-23:11:35:16,395 INFO     [psi4.optking.stepAlgorithms:113] 	|target step| :    0.2566928113
2025-12-23:11:35:16,395 INFO     [psi4.optking.stepAlgorithms:114] 	gradient     :   -0.1020949438
2025-12-23:11:35:16,395 INFO     [psi4.optking.stepAlgorithms:115] 	hessian      :    0.3715249562
2025-12-23:11:35:16,395 INFO     [psi4.optking.stepAlgorithms:113] 	|target step| :    0.2566928113
2025-12-23:11:35:16,395 INFO     [psi4.optking.stepAlgorithms:114] 	gradient     :   -0.1020949438
2025-12-23:11:35:16,395 INFO     [psi4.optking.stepAlgorithms:115] 	hessian      :    0.3715249562
2025-12-23:11:35:16,395 INFO     [psi4.optking.stepAlgorithms:206] 	Norm of achieved step-size    0.2566928113
2025-12-23:11:35:16,395 INFO     [psi4.optking.stepAlgorithms:208] 	Norm of achieved step-size (cart):    0.1815092276
2025-12-23:11:35:16,395 INFO     [psi4.optking.opt_helper:164] Molsys:

	                            ===> Fragment 1 <== 

	 Z (Atomic Numbers)          Masses                          Geom                  
	      12.000000            23.985042          0.00000000  0.00000000  2.24936107   
	      15.000000            30.973762          0.00000000  0.00000000 -1.77078897   

	 - Coordinate -           - BOHR/RAD -       - ANG/DEG -
	 R(1,2)           =         4.020150           2.127372

2025-12-23:11:35:16,395 INFO     [psi4.optking.convcheck:76] Performing convergence check.
2025-12-23:11:35:16,395 INFO     [psi4.optking.convcheck:282] 
	                                 ==> Convergence Check <==                                  
    
	Measures of convergence in internal coordinates in au.
    
	Criteria marked as inactive (o), active & met (*), and active & unmet ( ).

	----------------------------------------------------------------------------------------------
	   Step    Total Energy     Delta E     Max Force     RMS Force      Max Disp      RMS Disp   
	----------------------------------------------------------------------------------------------
	  Convergence Criteria     1.00e-06 *    3.00e-04 *             o    1.20e-03 *             o
	----------------------------------------------------------------------------------------------
	     8    -541.03554545   -4.66e-02      1.02e-01      1.02e-01 o    2.57e-01      2.57e-01 o  ~
	----------------------------------------------------------------------------------------------


2025-12-23:11:35:16,395 INFO     [psi4.optking.stepAlgorithms:296] 	Convergence check returned False
2025-12-23:11:35:16,405 INFO     [psi4.driver.task_planner:259] PLANNING Atomic:  keywords={'DAMPING_PERCENTAGE': 1.0, 'GEOM_MAXITER': 500, 'SCF__GUESS': 'READ', 'GUESS': 'SAP', 'MAXITER': 500, 'REFERENCE': 'UKS', 'function_kwargs': {}}
2025-12-23:11:35:16,406 INFO     [psi4.driver.driver:638] Compute gradient(): method=b3lyp, basis=cc-pvdz, molecule=default, nre=44.774448191626114
2025-12-23:11:35:17,160 INFO     [psi4.driver.driver:641] Return gradient(): -541.1177835052212
2025-12-23:11:35:17,160 INFO     [psi4.driver.driver:642] [[ 0.00000000 -0.00000000 -0.07990492]
 [ 0.00000000  0.00000000  0.07991193]]
2025-12-23:11:35:17,162 INFO     [psi4.optking.history:269] 	Performing BFGS update.
2025-12-23:11:35:17,162 INFO     [psi4.optking.history:280] 	Using 4 previous steps for update.
2025-12-23:11:35:17,162 WARNING  [psi4.optking.history:301] 	Change in internal coordinate of 5.60e-01 exceeds limit of 5.00e-01.
2025-12-23:11:35:17,162 WARNING  [psi4.optking.history:306] 	Skipping Hessian update for step 7.
2025-12-23:11:35:17,162 WARNING  [psi4.optking.history:301] 	Change in internal coordinate of 9.19e-01 exceeds limit of 5.00e-01.
2025-12-23:11:35:17,162 WARNING  [psi4.optking.history:306] 	Skipping Hessian update for step 6.
2025-12-23:11:35:17,162 WARNING  [psi4.optking.history:301] 	Change in internal coordinate of 1.28e+00 exceeds limit of 5.00e-01.
2025-12-23:11:35:17,162 WARNING  [psi4.optking.history:306] 	Skipping Hessian update for step 5.
2025-12-23:11:35:17,162 WARNING  [psi4.optking.history:301] 	Change in internal coordinate of 1.67e+00 exceeds limit of 5.00e-01.
2025-12-23:11:35:17,162 WARNING  [psi4.optking.history:306] 	Skipping Hessian update for step 4.
2025-12-23:11:35:17,162 WARNING  [psi4.optking.history:301] 	Change in internal coordinate of 1.73e+00 exceeds limit of 5.00e-01.
2025-12-23:11:35:17,162 WARNING  [psi4.optking.history:306] 	Skipping Hessian update for step 3.
2025-12-23:11:35:17,162 WARNING  [psi4.optking.history:301] 	Change in internal coordinate of 1.74e+00 exceeds limit of 5.00e-01.
2025-12-23:11:35:17,162 WARNING  [psi4.optking.history:306] 	Skipping Hessian update for step 2.
2025-12-23:11:35:17,162 WARNING  [psi4.optking.history:301] 	Change in internal coordinate of 1.75e+00 exceeds limit of 5.00e-01.
2025-12-23:11:35:17,162 WARNING  [psi4.optking.history:306] 	Skipping Hessian update for step 1.
2025-12-23:11:35:17,162 INFO     [psi4.optking.history:317] 	Steps to be used in Hessian update:  8

2025-12-23:11:35:17,162 INFO     [psi4.optking.history:418] 	Updated Hessian (in au) 
 	   0.086432

2025-12-23:11:35:17,162 INFO     [psi4.optking.molsys:944] Projected (PHP) Hessian matrix
	   0.086432

2025-12-23:11:35:17,162 INFO     [psi4.optking.opt_helper:182] 
	         Geometry (au)                                       Gradient (au)
   0.0000000000   0.0000000000   2.2656819723		   0.0000000000  -0.0000000000  -0.0799049160
   0.0000000000   0.0000000000  -1.7544680746		   0.0000000000   0.0000000000   0.0799119281

2025-12-23:11:35:17,162 INFO     [psi4.optking.stepAlgorithms:368] 	Current Step Report 
 
	Current energy:      -541.1177835052
	Energy change for the previous step:
		Actual       :        -0.0822380522
		Projected    :        -0.0131035191

2025-12-23:11:35:17,162 INFO     [psi4.optking.stepAlgorithms:371] 	Energy ratio =    6.27603
2025-12-23:11:35:17,163 INFO     [psi4.optking.stepAlgorithms:929] 	Using RFO solution 1.
2025-12-23:11:35:17,163 INFO     [psi4.optking.displace:100] 	Determining Cartesian step for fragment 1.
2025-12-23:11:35:17,163 INFO     [psi4.optking.displace:415] 	Successfully converged to displaced geometry.
2025-12-23:11:35:17,163 INFO     [psi4.optking.displace:416] 	RMS(dx):  2.564e-16 	Max(dx):  4.441e-16 	RMS(dq):  8.882e-16
2025-12-23:11:35:17,163 INFO     [psi4.optking.displace:172] 

	        --- Internal Coordinate Step in ANG or DEG, aJ/ANG or AJ/DEG ---
	-------------------------------------------------------------------------------
	           Coordinate      Previous         Force          Change          New 
	           ----------      --------        ------          ------        ------
	               R(1,2)       2.12737        0.65834        0.31542       2.44279
	-------------------------------------------------------------------------------

2025-12-23:11:35:17,163 INFO     [psi4.optking.stepAlgorithms:113] 	|target step| :    0.5960555184
2025-12-23:11:35:17,163 INFO     [psi4.optking.stepAlgorithms:114] 	gradient     :   -0.0799084221
2025-12-23:11:35:17,163 INFO     [psi4.optking.stepAlgorithms:115] 	hessian      :    0.0864321896
2025-12-23:11:35:17,163 INFO     [psi4.optking.stepAlgorithms:113] 	|target step| :    0.5960555184
2025-12-23:11:35:17,163 INFO     [psi4.optking.stepAlgorithms:114] 	gradient     :   -0.0799084221
2025-12-23:11:35:17,163 INFO     [psi4.optking.stepAlgorithms:115] 	hessian      :    0.0864321896
2025-12-23:11:35:17,163 INFO     [psi4.optking.stepAlgorithms:206] 	Norm of achieved step-size    0.5960555184
2025-12-23:11:35:17,163 INFO     [psi4.optking.stepAlgorithms:208] 	Norm of achieved step-size (cart):    0.4214748990
2025-12-23:11:35:17,163 INFO     [psi4.optking.opt_helper:164] Molsys:

	                            ===> Fragment 1 <== 

	 Z (Atomic Numbers)          Masses                          Geom                  
	      12.000000            23.985042          0.00000000  0.00000000  2.56370973   
	      15.000000            30.973762          0.00000000  0.00000000 -2.05249583   

	 - Coordinate -           - BOHR/RAD -       - ANG/DEG -
	 R(1,2)           =         4.616206           2.442791

2025-12-23:11:35:17,163 INFO     [psi4.optking.convcheck:76] Performing convergence check.
2025-12-23:11:35:17,163 INFO     [psi4.optking.convcheck:282] 
	                                 ==> Convergence Check <==                                  
    
	Measures of convergence in internal coordinates in au.
    
	Criteria marked as inactive (o), active & met (*), and active & unmet ( ).

	----------------------------------------------------------------------------------------------
	   Step    Total Energy     Delta E     Max Force     RMS Force      Max Disp      RMS Disp   
	----------------------------------------------------------------------------------------------
	  Convergence Criteria     1.00e-06 *    3.00e-04 *             o    1.20e-03 *             o
	----------------------------------------------------------------------------------------------
	     9    -541.11778351   -8.22e-02      7.99e-02      7.99e-02 o    5.96e-01      5.96e-01 o  ~
	----------------------------------------------------------------------------------------------


2025-12-23:11:35:17,163 INFO     [psi4.optking.stepAlgorithms:296] 	Convergence check returned False
2025-12-23:11:35:17,173 INFO     [psi4.driver.task_planner:259] PLANNING Atomic:  keywords={'DAMPING_PERCENTAGE': 1.0, 'GEOM_MAXITER': 500, 'SCF__GUESS': 'READ', 'GUESS': 'SAP', 'MAXITER': 500, 'REFERENCE': 'UKS', 'function_kwargs': {}}
2025-12-23:11:35:17,175 INFO     [psi4.driver.driver:638] Compute gradient(): method=b3lyp, basis=cc-pvdz, molecule=default, nre=38.99306420616507
2025-12-23:11:35:17,921 INFO     [psi4.driver.driver:641] Return gradient(): -541.1387340909517
2025-12-23:11:35:17,921 INFO     [psi4.driver.driver:642] [[ 0.00000000  0.00000000 -0.00398496]
 [-0.00000000 -0.00000000  0.00402795]]
2025-12-23:11:35:17,922 INFO     [psi4.optking.history:269] 	Performing BFGS update.
2025-12-23:11:35:17,923 INFO     [psi4.optking.history:280] 	Using 4 previous steps for update.
2025-12-23:11:35:17,923 WARNING  [psi4.optking.history:301] 	Change in internal coordinate of 5.96e-01 exceeds limit of 5.00e-01.
2025-12-23:11:35:17,923 WARNING  [psi4.optking.history:306] 	Skipping Hessian update for step 9.
2025-12-23:11:35:17,923 WARNING  [psi4.optking.history:301] 	Change in internal coordinate of 8.53e-01 exceeds limit of 5.00e-01.
2025-12-23:11:35:17,923 WARNING  [psi4.optking.history:306] 	Skipping Hessian update for step 8.
2025-12-23:11:35:17,923 WARNING  [psi4.optking.history:301] 	Change in internal coordinate of 1.16e+00 exceeds limit of 5.00e-01.
2025-12-23:11:35:17,923 WARNING  [psi4.optking.history:306] 	Skipping Hessian update for step 7.
2025-12-23:11:35:17,923 WARNING  [psi4.optking.history:301] 	Change in internal coordinate of 1.52e+00 exceeds limit of 5.00e-01.
2025-12-23:11:35:17,923 WARNING  [psi4.optking.history:306] 	Skipping Hessian update for step 6.
2025-12-23:11:35:17,923 WARNING  [psi4.optking.history:301] 	Change in internal coordinate of 1.87e+00 exceeds limit of 5.00e-01.
2025-12-23:11:35:17,923 WARNING  [psi4.optking.history:306] 	Skipping Hessian update for step 5.
2025-12-23:11:35:17,923 WARNING  [psi4.optking.history:301] 	Change in internal coordinate of 2.26e+00 exceeds limit of 5.00e-01.
2025-12-23:11:35:17,923 WARNING  [psi4.optking.history:306] 	Skipping Hessian update for step 4.
2025-12-23:11:35:17,923 WARNING  [psi4.optking.history:301] 	Change in internal coordinate of 2.32e+00 exceeds limit of 5.00e-01.
2025-12-23:11:35:17,923 WARNING  [psi4.optking.history:306] 	Skipping Hessian update for step 3.
2025-12-23:11:35:17,923 WARNING  [psi4.optking.history:301] 	Change in internal coordinate of 2.34e+00 exceeds limit of 5.00e-01.
2025-12-23:11:35:17,923 WARNING  [psi4.optking.history:306] 	Skipping Hessian update for step 2.
2025-12-23:11:35:17,923 INFO     [psi4.optking.history:317] 	Steps to be used in Hessian update:  1

2025-12-23:11:35:17,923 INFO     [psi4.optking.history:418] 	Updated Hessian (in au) 
 	   0.761323

2025-12-23:11:35:17,923 INFO     [psi4.optking.molsys:944] Projected (PHP) Hessian matrix
	   0.761323

2025-12-23:11:35:17,923 INFO     [psi4.optking.opt_helper:182] 
	         Geometry (au)                                       Gradient (au)
   0.0000000000   0.0000000000   2.6016078026		   0.0000000000   0.0000000000  -0.0039849586
   0.0000000000   0.0000000000  -2.0145977627		  -0.0000000000  -0.0000000000   0.0040279489

2025-12-23:11:35:17,923 INFO     [psi4.optking.stepAlgorithms:368] 	Current Step Report 
 
	Current energy:      -541.1387340910
	Energy change for the previous step:
		Actual       :        -0.0209505857
		Projected    :        -0.0238149280

2025-12-23:11:35:17,923 INFO     [psi4.optking.stepAlgorithms:371] 	Energy ratio =    0.87972
2025-12-23:11:35:17,924 INFO     [psi4.optking.stepAlgorithms:929] 	Using RFO solution 1.
2025-12-23:11:35:17,924 INFO     [psi4.optking.displace:100] 	Determining Cartesian step for fragment 1.
2025-12-23:11:35:17,924 INFO     [psi4.optking.displace:415] 	Successfully converged to displaced geometry.
2025-12-23:11:35:17,924 INFO     [psi4.optking.displace:416] 	RMS(dx):  0.000e+00 	Max(dx):  0.000e+00 	RMS(dq):  0.000e+00
2025-12-23:11:35:17,924 INFO     [psi4.optking.displace:172] 

	        --- Internal Coordinate Step in ANG or DEG, aJ/ANG or AJ/DEG ---
	-------------------------------------------------------------------------------
	           Coordinate      Previous         Force          Change          New 
	           ----------      --------        ------          ------        ------
	               R(1,2)       2.44279        0.03301        0.00278       2.44558
	-------------------------------------------------------------------------------

2025-12-23:11:35:17,924 INFO     [psi4.optking.stepAlgorithms:113] 	|target step| :    0.0052623419
2025-12-23:11:35:17,924 INFO     [psi4.optking.stepAlgorithms:114] 	gradient     :   -0.0040064537
2025-12-23:11:35:17,924 INFO     [psi4.optking.stepAlgorithms:115] 	hessian      :    0.7613231550
2025-12-23:11:35:17,924 INFO     [psi4.optking.stepAlgorithms:113] 	|target step| :    0.0052623419
2025-12-23:11:35:17,924 INFO     [psi4.optking.stepAlgorithms:114] 	gradient     :   -0.0040064537
2025-12-23:11:35:17,924 INFO     [psi4.optking.stepAlgorithms:115] 	hessian      :    0.7613231550
2025-12-23:11:35:17,924 INFO     [psi4.optking.stepAlgorithms:206] 	Norm of achieved step-size    0.0052623419
2025-12-23:11:35:17,924 INFO     [psi4.optking.stepAlgorithms:208] 	Norm of achieved step-size (cart):    0.0037210377
2025-12-23:11:35:17,924 INFO     [psi4.optking.opt_helper:164] Molsys:

	                            ===> Fragment 1 <== 

	 Z (Atomic Numbers)          Masses                          Geom                  
	      12.000000            23.985042          0.00000000  0.00000000  2.60423897   
	      15.000000            30.973762          0.00000000  0.00000000 -2.01722893   

	 - Coordinate -           - BOHR/RAD -       - ANG/DEG -
	 R(1,2)           =         4.621468           2.445575

2025-12-23:11:35:17,924 INFO     [psi4.optking.convcheck:76] Performing convergence check.
2025-12-23:11:35:17,924 INFO     [psi4.optking.convcheck:282] 
	                                 ==> Convergence Check <==                                  
    
	Measures of convergence in internal coordinates in au.
    
	Criteria marked as inactive (o), active & met (*), and active & unmet ( ).

	----------------------------------------------------------------------------------------------
	   Step    Total Energy     Delta E     Max Force     RMS Force      Max Disp      RMS Disp   
	----------------------------------------------------------------------------------------------
	  Convergence Criteria     1.00e-06 *    3.00e-04 *             o    1.20e-03 *             o
	----------------------------------------------------------------------------------------------
	    10    -541.13873409   -2.10e-02      4.01e-03      4.01e-03 o    5.26e-03      5.26e-03 o  ~
	----------------------------------------------------------------------------------------------


2025-12-23:11:35:17,924 INFO     [psi4.optking.stepAlgorithms:296] 	Convergence check returned False
2025-12-23:11:35:17,935 INFO     [psi4.driver.task_planner:259] PLANNING Atomic:  keywords={'DAMPING_PERCENTAGE': 1.0, 'GEOM_MAXITER': 500, 'SCF__GUESS': 'READ', 'GUESS': 'SAP', 'MAXITER': 500, 'REFERENCE': 'UKS', 'function_kwargs': {}}
2025-12-23:11:35:17,936 INFO     [psi4.driver.driver:638] Compute gradient(): method=b3lyp, basis=cc-pvdz, molecule=default, nre=38.94866384648476
2025-12-23:11:35:18,642 INFO     [psi4.driver.driver:641] Return gradient(): -541.1387541312886
2025-12-23:11:35:18,642 INFO     [psi4.driver.driver:642] [[ 0.00000000  0.00000000 -0.00362570]
 [ 0.00000000 -0.00000000  0.00366897]]
2025-12-23:11:35:18,644 INFO     [psi4.optking.history:269] 	Performing BFGS update.
2025-12-23:11:35:18,644 INFO     [psi4.optking.history:280] 	Using 4 previous steps for update.
2025-12-23:11:35:18,644 WARNING  [psi4.optking.history:301] 	Change in internal coordinate of 6.01e-01 exceeds limit of 5.00e-01.
2025-12-23:11:35:18,644 WARNING  [psi4.optking.history:306] 	Skipping Hessian update for step 9.
2025-12-23:11:35:18,644 WARNING  [psi4.optking.history:301] 	Change in internal coordinate of 8.58e-01 exceeds limit of 5.00e-01.
2025-12-23:11:35:18,644 WARNING  [psi4.optking.history:306] 	Skipping Hessian update for step 8.
2025-12-23:11:35:18,644 WARNING  [psi4.optking.history:301] 	Change in internal coordinate of 1.16e+00 exceeds limit of 5.00e-01.
2025-12-23:11:35:18,644 WARNING  [psi4.optking.history:306] 	Skipping Hessian update for step 7.
2025-12-23:11:35:18,644 WARNING  [psi4.optking.history:301] 	Change in internal coordinate of 1.52e+00 exceeds limit of 5.00e-01.
2025-12-23:11:35:18,644 WARNING  [psi4.optking.history:306] 	Skipping Hessian update for step 6.
2025-12-23:11:35:18,644 WARNING  [psi4.optking.history:301] 	Change in internal coordinate of 1.88e+00 exceeds limit of 5.00e-01.
2025-12-23:11:35:18,644 WARNING  [psi4.optking.history:306] 	Skipping Hessian update for step 5.
2025-12-23:11:35:18,644 WARNING  [psi4.optking.history:301] 	Change in internal coordinate of 2.27e+00 exceeds limit of 5.00e-01.
2025-12-23:11:35:18,644 WARNING  [psi4.optking.history:306] 	Skipping Hessian update for step 4.
2025-12-23:11:35:18,644 WARNING  [psi4.optking.history:301] 	Change in internal coordinate of 2.33e+00 exceeds limit of 5.00e-01.
2025-12-23:11:35:18,644 WARNING  [psi4.optking.history:306] 	Skipping Hessian update for step 3.
2025-12-23:11:35:18,644 WARNING  [psi4.optking.history:301] 	Change in internal coordinate of 2.35e+00 exceeds limit of 5.00e-01.
2025-12-23:11:35:18,645 WARNING  [psi4.optking.history:306] 	Skipping Hessian update for step 2.
2025-12-23:11:35:18,645 WARNING  [psi4.optking.history:301] 	Change in internal coordinate of 2.35e+00 exceeds limit of 5.00e-01.
2025-12-23:11:35:18,645 WARNING  [psi4.optking.history:306] 	Skipping Hessian update for step 1.
2025-12-23:11:35:18,645 INFO     [psi4.optking.history:317] 	Steps to be used in Hessian update:  10

2025-12-23:11:35:18,645 INFO     [psi4.optking.history:418] 	Updated Hessian (in au) 
 	   0.068243

2025-12-23:11:35:18,645 INFO     [psi4.optking.molsys:944] Projected (PHP) Hessian matrix
	   0.068243

2025-12-23:11:35:18,645 INFO     [psi4.optking.opt_helper:182] 
	         Geometry (au)                                       Gradient (au)
   0.0000000000   0.0000000000   2.6045735609		   0.0000000000   0.0000000000  -0.0036256987
   0.0000000000   0.0000000000  -2.0168943464		   0.0000000000  -0.0000000000   0.0036689743

2025-12-23:11:35:18,645 INFO     [psi4.optking.stepAlgorithms:368] 	Current Step Report 
 
	Current energy:      -541.1387541313
	Energy change for the previous step:
		Actual       :        -0.0000200403
		Projected    :        -0.0000105417

2025-12-23:11:35:18,645 INFO     [psi4.optking.stepAlgorithms:371] 	Energy ratio =    1.90106
2025-12-23:11:35:18,645 INFO     [psi4.optking.stepAlgorithms:929] 	Using RFO solution 1.
2025-12-23:11:35:18,645 INFO     [psi4.optking.displace:100] 	Determining Cartesian step for fragment 1.
2025-12-23:11:35:18,645 INFO     [psi4.optking.displace:415] 	Successfully converged to displaced geometry.
2025-12-23:11:35:18,645 INFO     [psi4.optking.displace:416] 	RMS(dx):  2.564e-16 	Max(dx):  4.441e-16 	RMS(dq):  8.882e-16
2025-12-23:11:35:18,645 INFO     [psi4.optking.displace:172] 

	        --- Internal Coordinate Step in ANG or DEG, aJ/ANG or AJ/DEG ---
	-------------------------------------------------------------------------------
	           Coordinate      Previous         Force          Change          New 
	           ----------      --------        ------          ------        ------
	               R(1,2)       2.44558        0.03005        0.02820       2.47378
	-------------------------------------------------------------------------------

2025-12-23:11:35:18,645 INFO     [psi4.optking.stepAlgorithms:113] 	|target step| :    0.0532946260
2025-12-23:11:35:18,645 INFO     [psi4.optking.stepAlgorithms:114] 	gradient     :   -0.0036473365
2025-12-23:11:35:18,645 INFO     [psi4.optking.stepAlgorithms:115] 	hessian      :    0.0682428457
2025-12-23:11:35:18,645 INFO     [psi4.optking.stepAlgorithms:113] 	|target step| :    0.0532946260
2025-12-23:11:35:18,645 INFO     [psi4.optking.stepAlgorithms:114] 	gradient     :   -0.0036473365
2025-12-23:11:35:18,645 INFO     [psi4.optking.stepAlgorithms:115] 	hessian      :    0.0682428457
2025-12-23:11:35:18,646 INFO     [psi4.optking.stepAlgorithms:206] 	Norm of achieved step-size    0.0532946260
2025-12-23:11:35:18,646 INFO     [psi4.optking.stepAlgorithms:208] 	Norm of achieved step-size (cart):    0.0376849914
2025-12-23:11:35:18,646 INFO     [psi4.optking.opt_helper:164] Molsys:

	                            ===> Fragment 1 <== 

	 Z (Atomic Numbers)          Masses                          Geom                  
	      12.000000            23.985042          0.00000000  0.00000000  2.63122087   
	      15.000000            30.973762          0.00000000  0.00000000 -2.04354166   

	 - Coordinate -           - BOHR/RAD -       - ANG/DEG -
	 R(1,2)           =         4.674763           2.473778

2025-12-23:11:35:18,646 INFO     [psi4.optking.convcheck:76] Performing convergence check.
2025-12-23:11:35:18,646 INFO     [psi4.optking.convcheck:282] 
	                                 ==> Convergence Check <==                                  
    
	Measures of convergence in internal coordinates in au.
    
	Criteria marked as inactive (o), active & met (*), and active & unmet ( ).

	----------------------------------------------------------------------------------------------
	   Step    Total Energy     Delta E     Max Force     RMS Force      Max Disp      RMS Disp   
	----------------------------------------------------------------------------------------------
	  Convergence Criteria     1.00e-06 *    3.00e-04 *             o    1.20e-03 *             o
	----------------------------------------------------------------------------------------------
	    11    -541.13875413   -2.00e-05      3.65e-03      3.65e-03 o    5.33e-02      5.33e-02 o  ~
	----------------------------------------------------------------------------------------------


2025-12-23:11:35:18,646 INFO     [psi4.optking.stepAlgorithms:296] 	Convergence check returned False
2025-12-23:11:35:18,656 INFO     [psi4.driver.task_planner:259] PLANNING Atomic:  keywords={'DAMPING_PERCENTAGE': 1.0, 'GEOM_MAXITER': 500, 'SCF__GUESS': 'READ', 'GUESS': 'SAP', 'MAXITER': 500, 'REFERENCE': 'UKS', 'function_kwargs': {}}
2025-12-23:11:35:18,658 INFO     [psi4.driver.driver:638] Compute gradient(): method=b3lyp, basis=cc-pvdz, molecule=default, nre=38.50462964000744
2025-12-23:11:35:19,393 INFO     [psi4.driver.driver:641] Return gradient(): -541.1388548074306
2025-12-23:11:35:19,393 INFO     [psi4.driver.driver:642] [[ 0.00000000  0.00000000 -0.00019916]
 [ 0.00000000  0.00000000  0.00023991]]
2025-12-23:11:35:19,395 INFO     [psi4.optking.history:269] 	Performing BFGS update.
2025-12-23:11:35:19,395 INFO     [psi4.optking.history:280] 	Using 4 previous steps for update.
2025-12-23:11:35:19,395 WARNING  [psi4.optking.history:301] 	Change in internal coordinate of 6.55e-01 exceeds limit of 5.00e-01.
2025-12-23:11:35:19,395 WARNING  [psi4.optking.history:306] 	Skipping Hessian update for step 9.
2025-12-23:11:35:19,395 WARNING  [psi4.optking.history:301] 	Change in internal coordinate of 9.11e-01 exceeds limit of 5.00e-01.
2025-12-23:11:35:19,395 WARNING  [psi4.optking.history:306] 	Skipping Hessian update for step 8.
2025-12-23:11:35:19,395 WARNING  [psi4.optking.history:301] 	Change in internal coordinate of 1.21e+00 exceeds limit of 5.00e-01.
2025-12-23:11:35:19,395 WARNING  [psi4.optking.history:306] 	Skipping Hessian update for step 7.
2025-12-23:11:35:19,395 WARNING  [psi4.optking.history:301] 	Change in internal coordinate of 1.57e+00 exceeds limit of 5.00e-01.
2025-12-23:11:35:19,395 WARNING  [psi4.optking.history:306] 	Skipping Hessian update for step 6.
2025-12-23:11:35:19,395 WARNING  [psi4.optking.history:301] 	Change in internal coordinate of 1.93e+00 exceeds limit of 5.00e-01.
2025-12-23:11:35:19,395 WARNING  [psi4.optking.history:306] 	Skipping Hessian update for step 5.
2025-12-23:11:35:19,395 WARNING  [psi4.optking.history:301] 	Change in internal coordinate of 2.32e+00 exceeds limit of 5.00e-01.
2025-12-23:11:35:19,395 WARNING  [psi4.optking.history:306] 	Skipping Hessian update for step 4.
2025-12-23:11:35:19,395 WARNING  [psi4.optking.history:301] 	Change in internal coordinate of 2.38e+00 exceeds limit of 5.00e-01.
2025-12-23:11:35:19,395 WARNING  [psi4.optking.history:306] 	Skipping Hessian update for step 3.
2025-12-23:11:35:19,395 WARNING  [psi4.optking.history:301] 	Change in internal coordinate of 2.40e+00 exceeds limit of 5.00e-01.
2025-12-23:11:35:19,395 WARNING  [psi4.optking.history:306] 	Skipping Hessian update for step 2.
2025-12-23:11:35:19,395 WARNING  [psi4.optking.history:301] 	Change in internal coordinate of 2.41e+00 exceeds limit of 5.00e-01.
2025-12-23:11:35:19,395 WARNING  [psi4.optking.history:306] 	Skipping Hessian update for step 1.
2025-12-23:11:35:19,395 INFO     [psi4.optking.history:317] 	Steps to be used in Hessian update:  11 10

2025-12-23:11:35:19,395 INFO     [psi4.optking.history:418] 	Updated Hessian (in au) 
 	   0.064671

2025-12-23:11:35:19,396 INFO     [psi4.optking.molsys:944] Projected (PHP) Hessian matrix
	   0.064671

2025-12-23:11:35:19,396 INFO     [psi4.optking.opt_helper:182] 
	         Geometry (au)                                       Gradient (au)
   0.0000000000   0.0000000000   2.6346094232		   0.0000000000   0.0000000000  -0.0001991614
   0.0000000000   0.0000000000  -2.0401531101		   0.0000000000   0.0000000000   0.0002399095

2025-12-23:11:35:19,396 INFO     [psi4.optking.stepAlgorithms:368] 	Current Step Report 
 
	Current energy:      -541.1388548074
	Energy change for the previous step:
		Actual       :        -0.0001006761
		Projected    :        -0.0000971917

2025-12-23:11:35:19,396 INFO     [psi4.optking.stepAlgorithms:371] 	Energy ratio =    1.03585
2025-12-23:11:35:19,396 INFO     [psi4.optking.stepAlgorithms:929] 	Using RFO solution 1.
2025-12-23:11:35:19,396 INFO     [psi4.optking.displace:100] 	Determining Cartesian step for fragment 1.
2025-12-23:11:35:19,396 INFO     [psi4.optking.displace:415] 	Successfully converged to displaced geometry.
2025-12-23:11:35:19,396 INFO     [psi4.optking.displace:416] 	RMS(dx):  2.564e-16 	Max(dx):  4.441e-16 	RMS(dq):  8.882e-16
2025-12-23:11:35:19,396 INFO     [psi4.optking.displace:172] 

	        --- Internal Coordinate Step in ANG or DEG, aJ/ANG or AJ/DEG ---
	-------------------------------------------------------------------------------
	           Coordinate      Previous         Force          Change          New 
	           ----------      --------        ------          ------        ------
	               R(1,2)       2.47378        0.00181        0.00180       2.47557
	-------------------------------------------------------------------------------

2025-12-23:11:35:19,396 INFO     [psi4.optking.stepAlgorithms:113] 	|target step| :    0.0033946288
2025-12-23:11:35:19,396 INFO     [psi4.optking.stepAlgorithms:114] 	gradient     :   -0.0002195354
2025-12-23:11:35:19,396 INFO     [psi4.optking.stepAlgorithms:115] 	hessian      :    0.0646706688
2025-12-23:11:35:19,396 INFO     [psi4.optking.stepAlgorithms:113] 	|target step| :    0.0033946288
2025-12-23:11:35:19,396 INFO     [psi4.optking.stepAlgorithms:114] 	gradient     :   -0.0002195354
2025-12-23:11:35:19,396 INFO     [psi4.optking.stepAlgorithms:115] 	hessian      :    0.0646706688
2025-12-23:11:35:19,396 INFO     [psi4.optking.stepAlgorithms:206] 	Norm of achieved step-size    0.0033946288
2025-12-23:11:35:19,396 INFO     [psi4.optking.stepAlgorithms:208] 	Norm of achieved step-size (cart):    0.0024003650
2025-12-23:11:35:19,396 INFO     [psi4.optking.opt_helper:164] Molsys:

	                            ===> Fragment 1 <== 

	 Z (Atomic Numbers)          Masses                          Geom                  
	      12.000000            23.985042          0.00000000  0.00000000  2.63630674   
	      15.000000            30.973762          0.00000000  0.00000000 -2.04185042   

	 - Coordinate -           - BOHR/RAD -       - ANG/DEG -
	 R(1,2)           =         4.678157           2.475574

2025-12-23:11:35:19,397 INFO     [psi4.optking.convcheck:76] Performing convergence check.
2025-12-23:11:35:19,397 INFO     [psi4.optking.convcheck:282] 
	                                 ==> Convergence Check <==                                  
    
	Measures of convergence in internal coordinates in au.
    
	Criteria marked as inactive (o), active & met (*), and active & unmet ( ).

	----------------------------------------------------------------------------------------------
	   Step    Total Energy     Delta E     Max Force     RMS Force      Max Disp      RMS Disp   
	----------------------------------------------------------------------------------------------
	  Convergence Criteria     1.00e-06 *    3.00e-04 *             o    1.20e-03 *             o
	----------------------------------------------------------------------------------------------
	    12    -541.13885481   -1.01e-04      2.20e-04 *    2.20e-04 o    3.39e-03      3.39e-03 o  ~
	----------------------------------------------------------------------------------------------


2025-12-23:11:35:19,397 INFO     [psi4.optking.stepAlgorithms:296] 	Convergence check returned False
2025-12-23:11:35:19,408 INFO     [psi4.driver.task_planner:259] PLANNING Atomic:  keywords={'DAMPING_PERCENTAGE': 1.0, 'GEOM_MAXITER': 500, 'SCF__GUESS': 'READ', 'GUESS': 'SAP', 'MAXITER': 500, 'REFERENCE': 'UKS', 'function_kwargs': {}}
2025-12-23:11:35:19,409 INFO     [psi4.driver.driver:638] Compute gradient(): method=b3lyp, basis=cc-pvdz, molecule=default, nre=38.47668938061139
2025-12-23:11:35:20,98 INFO     [psi4.driver.driver:641] Return gradient(): -541.1388551669004
2025-12-23:11:35:20,99 INFO     [psi4.driver.driver:642] [[ 0.00000000  0.00000000  0.00000645]
 [ 0.00000000  0.00000000  0.00003385]]
2025-12-23:11:35:20,100 INFO     [psi4.optking.history:269] 	Performing BFGS update.
2025-12-23:11:35:20,100 INFO     [psi4.optking.history:280] 	Using 4 previous steps for update.
2025-12-23:11:35:20,100 WARNING  [psi4.optking.history:301] 	Change in internal coordinate of 6.58e-01 exceeds limit of 5.00e-01.
2025-12-23:11:35:20,100 WARNING  [psi4.optking.history:306] 	Skipping Hessian update for step 9.
2025-12-23:11:35:20,101 WARNING  [psi4.optking.history:301] 	Change in internal coordinate of 9.15e-01 exceeds limit of 5.00e-01.
2025-12-23:11:35:20,101 WARNING  [psi4.optking.history:306] 	Skipping Hessian update for step 8.
2025-12-23:11:35:20,101 WARNING  [psi4.optking.history:301] 	Change in internal coordinate of 1.22e+00 exceeds limit of 5.00e-01.
2025-12-23:11:35:20,101 WARNING  [psi4.optking.history:306] 	Skipping Hessian update for step 7.
2025-12-23:11:35:20,101 WARNING  [psi4.optking.history:301] 	Change in internal coordinate of 1.58e+00 exceeds limit of 5.00e-01.
2025-12-23:11:35:20,101 WARNING  [psi4.optking.history:306] 	Skipping Hessian update for step 6.
2025-12-23:11:35:20,101 WARNING  [psi4.optking.history:301] 	Change in internal coordinate of 1.94e+00 exceeds limit of 5.00e-01.
2025-12-23:11:35:20,101 WARNING  [psi4.optking.history:306] 	Skipping Hessian update for step 5.
2025-12-23:11:35:20,101 WARNING  [psi4.optking.history:301] 	Change in internal coordinate of 2.32e+00 exceeds limit of 5.00e-01.
2025-12-23:11:35:20,101 WARNING  [psi4.optking.history:306] 	Skipping Hessian update for step 4.
2025-12-23:11:35:20,101 WARNING  [psi4.optking.history:301] 	Change in internal coordinate of 2.39e+00 exceeds limit of 5.00e-01.
2025-12-23:11:35:20,101 WARNING  [psi4.optking.history:306] 	Skipping Hessian update for step 3.
2025-12-23:11:35:20,101 WARNING  [psi4.optking.history:301] 	Change in internal coordinate of 2.40e+00 exceeds limit of 5.00e-01.
2025-12-23:11:35:20,101 WARNING  [psi4.optking.history:306] 	Skipping Hessian update for step 2.
2025-12-23:11:35:20,101 WARNING  [psi4.optking.history:301] 	Change in internal coordinate of 2.41e+00 exceeds limit of 5.00e-01.
2025-12-23:11:35:20,101 WARNING  [psi4.optking.history:306] 	Skipping Hessian update for step 1.
2025-12-23:11:35:20,101 INFO     [psi4.optking.history:317] 	Steps to be used in Hessian update:  12 11 10

2025-12-23:11:35:20,101 INFO     [psi4.optking.history:418] 	Updated Hessian (in au) 
 	   0.064450

2025-12-23:11:35:20,101 INFO     [psi4.optking.molsys:944] Projected (PHP) Hessian matrix
	   0.064450

2025-12-23:11:35:20,101 INFO     [psi4.optking.opt_helper:182] 
	         Geometry (au)                                       Gradient (au)
   0.0000000000   0.0000000000   2.6365225730		   0.0000000000   0.0000000000   0.0000064536
   0.0000000000   0.0000000000  -2.0416345891		   0.0000000000   0.0000000000   0.0000338461

2025-12-23:11:35:20,101 INFO     [psi4.optking.stepAlgorithms:368] 	Current Step Report 
 
	Current energy:      -541.1388551669
	Energy change for the previous step:
		Actual       :        -0.0000003595
		Projected    :        -0.0000003726

2025-12-23:11:35:20,101 INFO     [psi4.optking.stepAlgorithms:371] 	Energy ratio =    0.96471
2025-12-23:11:35:20,101 INFO     [psi4.optking.stepAlgorithms:929] 	Using RFO solution 1.
2025-12-23:11:35:20,102 INFO     [psi4.optking.displace:100] 	Determining Cartesian step for fragment 1.
2025-12-23:11:35:20,102 INFO     [psi4.optking.displace:415] 	Successfully converged to displaced geometry.
2025-12-23:11:35:20,102 INFO     [psi4.optking.displace:416] 	RMS(dx):  2.564e-16 	Max(dx):  4.441e-16 	RMS(dq):  8.882e-16
2025-12-23:11:35:20,102 INFO     [psi4.optking.displace:172] 

	        --- Internal Coordinate Step in ANG or DEG, aJ/ANG or AJ/DEG ---
	-------------------------------------------------------------------------------
	           Coordinate      Previous         Force          Change          New 
	           ----------      --------        ------          ------        ------
	               R(1,2)       2.47557        0.00011        0.00011       2.47569
	-------------------------------------------------------------------------------

2025-12-23:11:35:20,102 INFO     [psi4.optking.stepAlgorithms:113] 	|target step| :    0.0002125108
2025-12-23:11:35:20,102 INFO     [psi4.optking.stepAlgorithms:114] 	gradient     :   -0.0000136962
2025-12-23:11:35:20,102 INFO     [psi4.optking.stepAlgorithms:115] 	hessian      :    0.0644496299
2025-12-23:11:35:20,102 INFO     [psi4.optking.stepAlgorithms:113] 	|target step| :    0.0002125108
2025-12-23:11:35:20,102 INFO     [psi4.optking.stepAlgorithms:114] 	gradient     :   -0.0000136962
2025-12-23:11:35:20,102 INFO     [psi4.optking.stepAlgorithms:115] 	hessian      :    0.0644496299
2025-12-23:11:35:20,102 INFO     [psi4.optking.stepAlgorithms:206] 	Norm of achieved step-size    0.0002125108
2025-12-23:11:35:20,102 INFO     [psi4.optking.stepAlgorithms:208] 	Norm of achieved step-size (cart):    0.0001502678
2025-12-23:11:35:20,102 INFO     [psi4.optking.opt_helper:164] Molsys:

	                            ===> Fragment 1 <== 

	 Z (Atomic Numbers)          Masses                          Geom                  
	      12.000000            23.985042          0.00000000  0.00000000  2.63662883   
	      15.000000            30.973762          0.00000000  0.00000000 -2.04174084   

	 - Coordinate -           - BOHR/RAD -       - ANG/DEG -
	 R(1,2)           =         4.678370           2.475687

2025-12-23:11:35:20,102 INFO     [psi4.optking.convcheck:76] Performing convergence check.
2025-12-23:11:35:20,102 INFO     [psi4.optking.convcheck:282] 
	                                 ==> Convergence Check <==                                  
    
	Measures of convergence in internal coordinates in au.
    
	Criteria marked as inactive (o), active & met (*), and active & unmet ( ).

	----------------------------------------------------------------------------------------------
	   Step    Total Energy     Delta E     Max Force     RMS Force      Max Disp      RMS Disp   
	----------------------------------------------------------------------------------------------
	  Convergence Criteria     1.00e-06 *    3.00e-04 *             o    1.20e-03 *             o
	----------------------------------------------------------------------------------------------
	    13    -541.13885517   -3.59e-07 *    1.37e-05 *    1.37e-05 o    2.13e-04 *    2.13e-04 o  ~
	----------------------------------------------------------------------------------------------


2025-12-23:11:35:20,102 INFO     [psi4.optking.convcheck:206] 
	                      ===> Final Convergence Report <===                     

	----------------------------------------------------------------------------
	|   Required Criteria    |  One or More Criteria  |   Alternate Criteria   |
	----------------------------------------------------------------------------
	| [x]     max_force      | [x]       max_DE       |                        |
	|                        | [x]      max_disp      |                        |
	----------------------------------------------------------------------------


2025-12-23:11:35:20,102 INFO     [psi4.optking.stepAlgorithms:296] 	Convergence check returned True
2025-12-23:11:35:20,102 INFO     [psi4.optking.optimize:332] 	Converged in 13 steps!
2025-12-23:11:35:20,102 INFO     [psi4.optking.optimize:333] 	Final energy is   -541.1388551669004
2025-12-23:11:35:20,102 INFO     [psi4.optking.optimize:334] 	Final structure (Angstroms): 
	Fragment 1 (Ang)

	   Mg   0.0000000000   0.0000000000   1.3952438890
	    P   0.0000000000   0.0000000000  -1.0804427250


2025-12-23:11:35:20,103 INFO     [psi4.optking.optimize:562] 	Optimization Finished

	==> Optimization Summary <==

        
	Measures of convergence in internal coordinates in au. (Any backward steps not shown.)
        
	---------------------------------------------------------------------------------------------------------------  ~
        
	 Step         Total Energy             Delta E       MAX Force       RMS Force        MAX Disp        RMS Disp   ~
        
	---------------------------------------------------------------------------------------------------------------  ~
        
	     1    -540.058286742154   -540.058286742154      1.79199993      1.79199993      0.00822634      0.00822634  ~
	     2    -540.072923897615     -0.014637155461      1.76681259      1.76681259      0.01621827      0.01621827  ~
	     3    -540.101183647103     -0.028259749488      1.71853343      1.71853343      0.06286751      0.06286751  ~
	     4    -540.203706700162     -0.102523053059      1.54704812      1.54704812      0.38660994      0.38660994  ~
	     5    -540.649744785076     -0.446038084914      0.83441275      0.83441275      0.35956957      0.35956957  ~
	     6    -540.874302026032     -0.224557240956      0.44559507      0.44559507      0.35897470      0.35897470  ~
	     7    -540.988951464245     -0.114649438212      0.21478573      0.21478573      0.30331956      0.30331956  ~
	     8    -541.035545453037     -0.046593988792      0.10209494      0.10209494      0.25669281      0.25669281  ~
	     9    -541.117783505221     -0.082238052185      0.07990842      0.07990842      0.59605552      0.59605552  ~
	    10    -541.138734090952     -0.020950585731      0.00400645      0.00400645      0.00526234      0.00526234  ~
	    11    -541.138754131289     -0.000020040337      0.00364734      0.00364734      0.05329463      0.05329463  ~
	    12    -541.138854807431     -0.000100676142      0.00021954      0.00021954      0.00339463      0.00339463  ~
	    13    -541.138855166900     -0.000000359470      0.00001370      0.00001370      0.00021251      0.00021251  ~
	----------------------------------------------------------------------------------------------------------------


2025-12-23:11:35:20,103 INFO     [psi4.optking.optimize:806] Preparing OptimizationResult
