2025-12-23:10:39:15,226 WARNING  [psi4.optking:38] Some dependencies such as QCElemental have not yet finished migration to pydantic v2. If issues are encountered please downgrade pydantic or upgrade QCElemental as appropriate
2025-12-23:10:39:15,387 INFO     [psi4.optking.optwrapper:234] Creating a UserComputer
2025-12-23:10:39:15,387 INFO     [psi4.optking.optwrapper:242] 
    			-----------------------------------------

    			 OPTKING 3.0: for geometry optimizations 

    			     By R.A. King, Bethel University     

    			        with contributions from          

    			    A.V. Copan, J. Cayton, A. Heide      

    			-----------------------------------------

    
2025-12-23:10:39:15,387 INFO     [psi4.optking.optwrapper:272] 
		 -- Optimization Parameters --
	GEOM_MAXITER                   =             500
	ALG_GEOM_MAXITER               =              50
	PRINT                          =               1
	OPT_TYPE                       =             MIN
	STEP_TYPE                      =             RFO
	PROGRAM                        =            PSI4
	STEEPEST_DESCENT_TYPE          =         OVERLAP
	CONJUGATE_GRADIENT_TYPE        =        FLETCHER
	OPT_COORDINATES                =        INTERNAL
	RFO_FOLLOW_ROOT                =           False
	RFO_ROOT                       =               0
	ACCEPT_SYMMETRY_BREAKING       =           False
	DYNAMIC_LVL                    =               0
	DYNAMIC_LVL_MAX                =               0
	IRC_STEP_SIZE                  =             0.2
	IRC_DIRECTION                  =         FORWARD
	IRC_POINTS                     =              20
	IRC_MODE                       =          NORMAL
	IRC_CONVERGENCE                =            -0.7
	INTRAFRAG_STEP_LIMIT           =             0.5
	INTRAFRAG_STEP_LIMIT_MIN       =           0.001
	INTRAFRAG_STEP_LIMIT_MAX       =             1.0
	INTERFRAG_STEP_LIMIT           =             0.5
	INTERFRAG_STEP_LIMIT_MIN       =           0.001
	INTERFRAG_STEP_LIMIT_MAX       =             1.0
	ENSURE_BT_CONVERGENCE          =           False
	SIMPLE_STEP_SCALING            =           False
	CONSECUTIVE_BACKSTEPS          =               0
	RFO_NORMALIZATION_MAX          =             100
	RSRFO_ALPHA_MAX                =     100000000.0
	PRINT_TRAJECTORY_XYZ_FILE      =           False
	WRITE_TRAJECTORY               =           False
	FROZEN_DISTANCE                =                
	FROZEN_BEND                    =                
	FROZEN_DIHEDRAL                =                
	FROZEN_OOFP                    =                
	FROZEN_CARTESIAN               =                
	FREEZE_ALL_DIHEDRALS           =           False
	UNFREEZE_DIHEDRALS             =                
	RANGED_DISTANCE                =                
	RANGED_BEND                    =                
	RANGED_DIHEDRAL                =                
	RANGED_OOFP                    =                
	RANGED_CARTESIAN               =                
	EXT_FORCE_DISTANCE             =                
	EXT_FORCE_BEND                 =                
	EXT_FORCE_DIHEDRAL             =                
	EXT_FORCE_OOFP                 =                
	EXT_FORCE_CARTESIAN            =                
	G_CONVERGENCE                  =           QCHEM
	MAX_FORCE_G_CONVERGENCE        =          0.0003
	RMS_FORCE_G_CONVERGENCE        =          0.0003
	MAX_ENERGY_G_CONVERGENCE       =           1e-06
	MAX_DISP_G_CONVERGENCE         =          0.0012
	RMS_DISP_G_CONVERGENCE         =          0.0012
	FLEXIBLE_G_CONVERGENCE         =           False
	HESS_UPDATE                    =            BFGS
	HESS_UPDATE_USE_LAST           =               4
	HESS_UPDATE_LIMIT              =            True
	HESS_UPDATE_LIMIT_MAX          =             1.0
	HESS_UPDATE_LIMIT_SCALE        =             0.5
	HESS_UPDATE_DEN_TOL            =           1e-07
	HESS_UPDATE_DQ_TOL             =             0.5
	CART_HESS_READ                 =           False
	HESSIAN_FILE                   =               .
	FULL_HESS_EVERY                =              -1
	INTRAFRAG_HESS                 =        SCHLEGEL
	H_GUESS_EVERY                  =           False
	BT_MAX_ITER                    =              25
	BT_DX_CONV                     =           1e-07
	BT_DX_RMS_CHANGE_CONV          =           1e-12
	BT_PINV_RCOND                  =           1e-06
	FRAG_MODE                      =          SINGLE
	FRAG_REF_ATOMS                 =              []
	FREEZE_INTRAFRAG               =           False
	INTERFRAG_MODE                 =           FIXED
	ADD_AUXILIARY_BONDS            =           False
	AUXILIARY_BOND_FACTOR          =             2.5
	INTERFRAG_DIST_INV             =           False
	INTERFRAG_COLLINEAR_TOL        =            0.01
	INTERFRAG_COORDS               =              []
	INTERFRAG_HESS                 =         DEFAULT
	COVALENT_CONNECT               =             1.3
	INTERFRAGMENT_CONNECT          =             1.8
	H_BOND_CONNECT                 =             4.3
	INCLUDE_OOFP                   =           False
	TEST_B                         =           False
	TEST_DERIVATIVE_B              =           False
	LINESEARCH_STEP                =             0.1
	LINESEARCH                     =           False
	SD_HESSIAN                     =             1.0
	FIX_VAL_NEAR_PI                =            1.57
	V3D_TORS_ANGLE_LIM             =           0.017
	V3D_TORS_COS_TOL               =           1e-10
	LINEAR_BEND_THRESHOLD          =            3.05
	SMALL_BEND_FIX_THRESHOLD       =            0.35
	REDUNDANT_EVAL_TOL             =           1e-10
	LINEAR_ALGEBRA_TOL             =           1e-10


2025-12-23:10:39:15,526 INFO     [psi4.optking.opt_helper:164] Molsys:

	                            ===> Fragment 1 <== 

	 Z (Atomic Numbers)          Masses                          Geom                  
	       3.000000             7.016003          0.00000000  0.00000000  1.67859668   
	      10.000000            19.992440          0.00000000  0.00000000 -0.58907467   

	 - Coordinate -           - BOHR/RAD -       - ANG/DEG -
	 R(1,2)           =         2.267671           1.200000

2025-12-23:10:39:15,537 INFO     [psi4.driver.task_planner:259] PLANNING Atomic:  keywords={'DAMPING_PERCENTAGE': 1.0, 'GEOM_MAXITER': 500, 'GUESS': 'SAP', 'MAXITER': 500, 'REFERENCE': 'UKS', 'function_kwargs': {}}
2025-12-23:10:39:15,539 INFO     [psi4.driver.driver:638] Compute gradient(): method=b3lyp, basis=cc-pvdz, molecule=default, nre=13.229430266750002
2025-12-23:10:39:15,946 INFO     [psi4.driver.driver:641] Return gradient(): -135.33817537198803
2025-12-23:10:39:15,946 INFO     [psi4.driver.driver:642] [[-0.00000000 -0.00000000 -0.40059037]
 [ 0.00000000  0.00000000  0.40079810]]
2025-12-23:10:39:15,948 INFO     [psi4.optking.molsys:944] Projected (PHP) Hessian matrix
	   1.048231

2025-12-23:10:39:15,948 INFO     [psi4.optking.opt_helper:182] 
	         Geometry (au)                                       Gradient (au)
   0.0000000000   0.0000000000   1.6785966813		  -0.0000000000  -0.0000000000  -0.4005903750
   0.0000000000   0.0000000000  -0.5890746693		   0.0000000000   0.0000000000   0.4007981038

2025-12-23:10:39:15,948 INFO     [psi4.optking.stepAlgorithms:929] 	Using RFO solution 1.
2025-12-23:10:39:15,948 INFO     [psi4.optking.displace:100] 	Determining Cartesian step for fragment 1.
2025-12-23:10:39:15,949 INFO     [psi4.optking.displace:415] 	Successfully converged to displaced geometry.
2025-12-23:10:39:15,949 INFO     [psi4.optking.displace:416] 	RMS(dx):  0.000e+00 	Max(dx):  0.000e+00 	RMS(dq):  0.000e+00
2025-12-23:10:39:15,949 INFO     [psi4.optking.displace:172] 

	        --- Internal Coordinate Step in ANG or DEG, aJ/ANG or AJ/DEG ---
	-------------------------------------------------------------------------------
	           Coordinate      Previous         Force          Change          New 
	           ----------      --------        ------          ------        ------
	               R(1,2)       1.20000        3.30121        0.17911       1.37911
	-------------------------------------------------------------------------------

2025-12-23:10:39:15,949 INFO     [psi4.optking.stepAlgorithms:113] 	|target step| :    0.3384664332
2025-12-23:10:39:15,949 INFO     [psi4.optking.stepAlgorithms:114] 	gradient     :   -0.4006942394
2025-12-23:10:39:15,949 INFO     [psi4.optking.stepAlgorithms:115] 	hessian      :    1.0482306732
2025-12-23:10:39:15,949 INFO     [psi4.optking.stepAlgorithms:113] 	|target step| :    0.3384664332
2025-12-23:10:39:15,949 INFO     [psi4.optking.stepAlgorithms:114] 	gradient     :   -0.4006942394
2025-12-23:10:39:15,949 INFO     [psi4.optking.stepAlgorithms:115] 	hessian      :    1.0482306732
2025-12-23:10:39:15,949 INFO     [psi4.optking.stepAlgorithms:206] 	Norm of achieved step-size    0.3384664332
2025-12-23:10:39:15,949 INFO     [psi4.optking.stepAlgorithms:208] 	Norm of achieved step-size (cart):    0.2393319101
2025-12-23:10:39:15,949 INFO     [psi4.optking.opt_helper:164] Molsys:

	                            ===> Fragment 1 <== 

	 Z (Atomic Numbers)          Masses                          Geom                  
	       3.000000             7.016003          0.00000000  0.00000000  1.84782990   
	      10.000000            19.992440          0.00000000  0.00000000 -0.75830789   

	 - Coordinate -           - BOHR/RAD -       - ANG/DEG -
	 R(1,2)           =         2.606138           1.379109

2025-12-23:10:39:15,949 INFO     [psi4.optking.convcheck:76] Performing convergence check.
2025-12-23:10:39:15,949 INFO     [psi4.optking.convcheck:282] 
	                                 ==> Convergence Check <==                                  
    
	Measures of convergence in internal coordinates in au.
    
	Criteria marked as inactive (o), active & met (*), and active & unmet ( ).

	----------------------------------------------------------------------------------------------~
	   Step    Total Energy     Delta E     Max Force     RMS Force      Max Disp      RMS Disp   ~
	----------------------------------------------------------------------------------------------~
	  Convergence Criteria     1.00e-06 *    3.00e-04 *             o    1.20e-03 *             o~
	----------------------------------------------------------------------------------------------~
	     1    -135.33817537   -1.35e+02      4.01e-01      4.01e-01 o    3.38e-01      3.38e-01 o  ~
	----------------------------------------------------------------------------------------------


2025-12-23:10:39:15,949 INFO     [psi4.optking.stepAlgorithms:296] 	Convergence check returned False
2025-12-23:10:39:15,960 INFO     [psi4.driver.task_planner:259] PLANNING Atomic:  keywords={'DAMPING_PERCENTAGE': 1.0, 'GEOM_MAXITER': 500, 'SCF__GUESS': 'READ', 'GUESS': 'SAP', 'MAXITER': 500, 'REFERENCE': 'UKS', 'function_kwargs': {}}
2025-12-23:10:39:15,962 INFO     [psi4.driver.driver:638] Compute gradient(): method=b3lyp, basis=cc-pvdz, molecule=default, nre=11.511287003792846
2025-12-23:10:39:16,286 INFO     [psi4.driver.driver:641] Return gradient(): -135.4381206324493
2025-12-23:10:39:16,286 INFO     [psi4.driver.driver:642] [[ 0.00000000 -0.00000000 -0.21750692]
 [ 0.00000000  0.00000000  0.21776990]]
2025-12-23:10:39:16,288 INFO     [psi4.optking.history:269] 	Performing BFGS update.
2025-12-23:10:39:16,288 INFO     [psi4.optking.history:280] 	Using 1 previous steps for update.
2025-12-23:10:39:16,288 INFO     [psi4.optking.history:317] 	Steps to be used in Hessian update:  1

2025-12-23:10:39:16,288 INFO     [psi4.optking.history:418] 	Updated Hessian (in au) 
 	   0.540839

2025-12-23:10:39:16,288 INFO     [psi4.optking.molsys:944] Projected (PHP) Hessian matrix
	   0.540839

2025-12-23:10:39:16,288 INFO     [psi4.optking.opt_helper:182] 
	         Geometry (au)                                       Gradient (au)
   0.0000000000   0.0000000000   1.9291394380		   0.0000000000  -0.0000000000  -0.2175069162
   0.0000000000   0.0000000000  -0.6769983457		   0.0000000000   0.0000000000   0.2177698957

2025-12-23:10:39:16,288 INFO     [psi4.optking.stepAlgorithms:368] 	Current Step Report 
 
	Current energy:      -135.4381206324
	Energy change for the previous step:
		Actual       :        -0.0999452605
		Projected    :        -0.0678107750

2025-12-23:10:39:16,289 INFO     [psi4.optking.stepAlgorithms:371] 	Energy ratio =    1.47388
2025-12-23:10:39:16,289 INFO     [psi4.optking.stepAlgorithms:399] 	Energy ratio indicates good step.
2025-12-23:10:39:16,289 INFO     [psi4.optking.stepAlgorithms:400] 	Intrafrag trust radius increased to      1.
2025-12-23:10:39:16,289 INFO     [psi4.optking.stepAlgorithms:929] 	Using RFO solution 1.
2025-12-23:10:39:16,289 INFO     [psi4.optking.displace:100] 	Determining Cartesian step for fragment 1.
2025-12-23:10:39:16,289 INFO     [psi4.optking.displace:415] 	Successfully converged to displaced geometry.
2025-12-23:10:39:16,289 INFO     [psi4.optking.displace:416] 	RMS(dx):  1.282e-16 	Max(dx):  2.220e-16 	RMS(dq):  0.000e+00
2025-12-23:10:39:16,289 INFO     [psi4.optking.displace:172] 

	        --- Internal Coordinate Step in ANG or DEG, aJ/ANG or AJ/DEG ---
	-------------------------------------------------------------------------------
	           Coordinate      Previous         Force          Change          New 
	           ----------      --------        ------          ------        ------
	               R(1,2)       1.37911        1.79306        0.18650       1.56561
	-------------------------------------------------------------------------------

2025-12-23:10:39:16,289 INFO     [psi4.optking.stepAlgorithms:113] 	|target step| :    0.3524276071
2025-12-23:10:39:16,289 INFO     [psi4.optking.stepAlgorithms:114] 	gradient     :   -0.2176384059
2025-12-23:10:39:16,289 INFO     [psi4.optking.stepAlgorithms:115] 	hessian      :    0.5408389593
2025-12-23:10:39:16,289 INFO     [psi4.optking.stepAlgorithms:113] 	|target step| :    0.3524276071
2025-12-23:10:39:16,289 INFO     [psi4.optking.stepAlgorithms:114] 	gradient     :   -0.2176384059
2025-12-23:10:39:16,289 INFO     [psi4.optking.stepAlgorithms:115] 	hessian      :    0.5408389593
2025-12-23:10:39:16,289 INFO     [psi4.optking.stepAlgorithms:206] 	Norm of achieved step-size    0.3524276071
2025-12-23:10:39:16,289 INFO     [psi4.optking.stepAlgorithms:208] 	Norm of achieved step-size (cart):    0.2492039508
2025-12-23:10:39:16,289 INFO     [psi4.optking.opt_helper:164] Molsys:

	                            ===> Fragment 1 <== 

	 Z (Atomic Numbers)          Masses                          Geom                  
	       3.000000             7.016003          0.00000000  0.00000000  2.10535324   
	      10.000000            19.992440          0.00000000  0.00000000 -0.85321215   

	 - Coordinate -           - BOHR/RAD -       - ANG/DEG -
	 R(1,2)           =         2.958565           1.565605

2025-12-23:10:39:16,290 INFO     [psi4.optking.convcheck:76] Performing convergence check.
2025-12-23:10:39:16,290 INFO     [psi4.optking.convcheck:282] 
	                                 ==> Convergence Check <==                                  
    
	Measures of convergence in internal coordinates in au.
    
	Criteria marked as inactive (o), active & met (*), and active & unmet ( ).

	----------------------------------------------------------------------------------------------
	   Step    Total Energy     Delta E     Max Force     RMS Force      Max Disp      RMS Disp   
	----------------------------------------------------------------------------------------------
	  Convergence Criteria     1.00e-06 *    3.00e-04 *             o    1.20e-03 *             o
	----------------------------------------------------------------------------------------------
	     2    -135.43812063   -9.99e-02      2.18e-01      2.18e-01 o    3.52e-01      3.52e-01 o  ~
	----------------------------------------------------------------------------------------------


2025-12-23:10:39:16,290 INFO     [psi4.optking.stepAlgorithms:296] 	Convergence check returned False
2025-12-23:10:39:16,300 INFO     [psi4.driver.task_planner:259] PLANNING Atomic:  keywords={'DAMPING_PERCENTAGE': 1.0, 'GEOM_MAXITER': 500, 'SCF__GUESS': 'READ', 'GUESS': 'SAP', 'MAXITER': 500, 'REFERENCE': 'UKS', 'function_kwargs': {}}
2025-12-23:10:39:16,302 INFO     [psi4.driver.driver:638] Compute gradient(): method=b3lyp, basis=cc-pvdz, molecule=default, nre=10.140049665021392
2025-12-23:10:39:16,641 INFO     [psi4.driver.driver:641] Return gradient(): -135.499197080625
2025-12-23:10:39:16,641 INFO     [psi4.driver.driver:642] [[-0.00000000 -0.00000000 -0.14045852]
 [ 0.00000000 -0.00000000  0.14069319]]
2025-12-23:10:39:16,643 INFO     [psi4.optking.history:269] 	Performing BFGS update.
2025-12-23:10:39:16,643 INFO     [psi4.optking.history:280] 	Using 2 previous steps for update.
2025-12-23:10:39:16,643 WARNING  [psi4.optking.history:301] 	Change in internal coordinate of 6.91e-01 exceeds limit of 5.00e-01.
2025-12-23:10:39:16,643 WARNING  [psi4.optking.history:306] 	Skipping Hessian update for step 1.
2025-12-23:10:39:16,643 INFO     [psi4.optking.history:317] 	Steps to be used in Hessian update:  2

2025-12-23:10:39:16,643 INFO     [psi4.optking.history:418] 	Updated Hessian (in au) 
 	   0.218662

2025-12-23:10:39:16,643 INFO     [psi4.optking.molsys:944] Projected (PHP) Hessian matrix
	   0.218662

2025-12-23:10:39:16,643 INFO     [psi4.optking.opt_helper:182] 
	         Geometry (au)                                       Gradient (au)
   0.0000000000   0.0000000000   2.1900166641		  -0.0000000000  -0.0000000000  -0.1404585229
   0.0000000000   0.0000000000  -0.7685487267		   0.0000000000  -0.0000000000   0.1406931930

2025-12-23:10:39:16,643 INFO     [psi4.optking.stepAlgorithms:368] 	Current Step Report 
 
	Current energy:      -135.4991970806
	Energy change for the previous step:
		Actual       :        -0.0610764482
		Projected    :        -0.0383508913

2025-12-23:10:39:16,643 INFO     [psi4.optking.stepAlgorithms:371] 	Energy ratio =    1.59257
2025-12-23:10:39:16,643 INFO     [psi4.optking.stepAlgorithms:929] 	Using RFO solution 1.
2025-12-23:10:39:16,643 INFO     [psi4.optking.displace:100] 	Determining Cartesian step for fragment 1.
2025-12-23:10:39:16,644 INFO     [psi4.optking.displace:415] 	Successfully converged to displaced geometry.
2025-12-23:10:39:16,644 INFO     [psi4.optking.displace:416] 	RMS(dx):  0.000e+00 	Max(dx):  0.000e+00 	RMS(dq):  0.000e+00
2025-12-23:10:39:16,644 INFO     [psi4.optking.displace:172] 

	        --- Internal Coordinate Step in ANG or DEG, aJ/ANG or AJ/DEG ---
	-------------------------------------------------------------------------------
	           Coordinate      Previous         Force          Change          New 
	           ----------      --------        ------          ------        ------
	               R(1,2)       1.56561        1.15817        0.25882       1.82443
	-------------------------------------------------------------------------------

2025-12-23:10:39:16,644 INFO     [psi4.optking.stepAlgorithms:113] 	|target step| :    0.4890995873
2025-12-23:10:39:16,644 INFO     [psi4.optking.stepAlgorithms:114] 	gradient     :   -0.1405758580
2025-12-23:10:39:16,644 INFO     [psi4.optking.stepAlgorithms:115] 	hessian      :    0.2186620640
2025-12-23:10:39:16,644 INFO     [psi4.optking.stepAlgorithms:113] 	|target step| :    0.4890995873
2025-12-23:10:39:16,644 INFO     [psi4.optking.stepAlgorithms:114] 	gradient     :   -0.1405758580
2025-12-23:10:39:16,644 INFO     [psi4.optking.stepAlgorithms:115] 	hessian      :    0.2186620640
2025-12-23:10:39:16,644 INFO     [psi4.optking.stepAlgorithms:206] 	Norm of achieved step-size    0.4890995873
2025-12-23:10:39:16,644 INFO     [psi4.optking.stepAlgorithms:208] 	Norm of achieved step-size (cart):    0.3458456348
2025-12-23:10:39:16,644 INFO     [psi4.optking.opt_helper:164] Molsys:

	                            ===> Fragment 1 <== 

	 Z (Atomic Numbers)          Masses                          Geom                  
	       3.000000             7.016003          0.00000000  0.00000000  2.43456646   
	      10.000000            19.992440          0.00000000  0.00000000 -1.01309852   

	 - Coordinate -           - BOHR/RAD -       - ANG/DEG -
	 R(1,2)           =         3.447665           1.824426

2025-12-23:10:39:16,644 INFO     [psi4.optking.convcheck:76] Performing convergence check.
2025-12-23:10:39:16,644 INFO     [psi4.optking.convcheck:282] 
	                                 ==> Convergence Check <==                                  
    
	Measures of convergence in internal coordinates in au.
    
	Criteria marked as inactive (o), active & met (*), and active & unmet ( ).

	----------------------------------------------------------------------------------------------
	   Step    Total Energy     Delta E     Max Force     RMS Force      Max Disp      RMS Disp   
	----------------------------------------------------------------------------------------------
	  Convergence Criteria     1.00e-06 *    3.00e-04 *             o    1.20e-03 *             o
	----------------------------------------------------------------------------------------------
	     3    -135.49919708   -6.11e-02      1.41e-01      1.41e-01 o    4.89e-01      4.89e-01 o  ~
	----------------------------------------------------------------------------------------------


2025-12-23:10:39:16,644 INFO     [psi4.optking.stepAlgorithms:296] 	Convergence check returned False
2025-12-23:10:39:16,655 INFO     [psi4.driver.task_planner:259] PLANNING Atomic:  keywords={'DAMPING_PERCENTAGE': 1.0, 'GEOM_MAXITER': 500, 'SCF__GUESS': 'READ', 'GUESS': 'SAP', 'MAXITER': 500, 'REFERENCE': 'UKS', 'function_kwargs': {}}
2025-12-23:10:39:16,656 INFO     [psi4.driver.driver:638] Compute gradient(): method=b3lyp, basis=cc-pvdz, molecule=default, nre=8.701541533422924
2025-12-23:10:39:17,30 INFO     [psi4.driver.driver:641] Return gradient(): -135.5553194839634
2025-12-23:10:39:17,30 INFO     [psi4.driver.driver:642] [[-0.00000000  0.00000000 -0.09421582]
 [ 0.00000000  0.00000000  0.09421049]]
2025-12-23:10:39:17,32 INFO     [psi4.optking.history:269] 	Performing BFGS update.
2025-12-23:10:39:17,32 INFO     [psi4.optking.history:280] 	Using 3 previous steps for update.
2025-12-23:10:39:17,32 WARNING  [psi4.optking.history:301] 	Change in internal coordinate of 8.42e-01 exceeds limit of 5.00e-01.
2025-12-23:10:39:17,32 WARNING  [psi4.optking.history:306] 	Skipping Hessian update for step 2.
2025-12-23:10:39:17,32 WARNING  [psi4.optking.history:301] 	Change in internal coordinate of 1.18e+00 exceeds limit of 5.00e-01.
2025-12-23:10:39:17,32 WARNING  [psi4.optking.history:306] 	Skipping Hessian update for step 1.
2025-12-23:10:39:17,32 INFO     [psi4.optking.history:317] 	Steps to be used in Hessian update:  3

2025-12-23:10:39:17,32 INFO     [psi4.optking.history:418] 	Updated Hessian (in au) 
 	   0.094792

2025-12-23:10:39:17,32 INFO     [psi4.optking.molsys:944] Projected (PHP) Hessian matrix
	   0.094792

2025-12-23:10:39:17,32 INFO     [psi4.optking.opt_helper:182] 
	         Geometry (au)                                       Gradient (au)
   0.0000000000   0.0000000000   2.5520624887		  -0.0000000000   0.0000000000  -0.0942158163
   0.0000000000   0.0000000000  -0.8956024894		   0.0000000000   0.0000000000   0.0942104944

2025-12-23:10:39:17,32 INFO     [psi4.optking.stepAlgorithms:368] 	Current Step Report 
 
	Current energy:      -135.5553194840
	Energy change for the previous step:
		Actual       :        -0.0561224033
		Projected    :        -0.0343777971

2025-12-23:10:39:17,32 INFO     [psi4.optking.stepAlgorithms:371] 	Energy ratio =    1.63252
2025-12-23:10:39:17,33 INFO     [psi4.optking.stepAlgorithms:929] 	Using RFO solution 1.
2025-12-23:10:39:17,33 INFO     [psi4.optking.displace:100] 	Determining Cartesian step for fragment 1.
2025-12-23:10:39:17,33 INFO     [psi4.optking.displace:415] 	Successfully converged to displaced geometry.
2025-12-23:10:39:17,33 INFO     [psi4.optking.displace:416] 	RMS(dx):  0.000e+00 	Max(dx):  0.000e+00 	RMS(dq):  0.000e+00
2025-12-23:10:39:17,33 INFO     [psi4.optking.displace:172] 

	        --- Internal Coordinate Step in ANG or DEG, aJ/ANG or AJ/DEG ---
	-------------------------------------------------------------------------------
	           Coordinate      Previous         Force          Change          New 
	           ----------      --------        ------          ------        ------
	               R(1,2)       1.82443        0.77620        0.32615       2.15058
	-------------------------------------------------------------------------------

2025-12-23:10:39:17,33 INFO     [psi4.optking.stepAlgorithms:113] 	|target step| :    0.6163393560
2025-12-23:10:39:17,33 INFO     [psi4.optking.stepAlgorithms:114] 	gradient     :   -0.0942131553
2025-12-23:10:39:17,33 INFO     [psi4.optking.stepAlgorithms:115] 	hessian      :    0.0947919480
2025-12-23:10:39:17,33 INFO     [psi4.optking.stepAlgorithms:113] 	|target step| :    0.6163393560
2025-12-23:10:39:17,33 INFO     [psi4.optking.stepAlgorithms:114] 	gradient     :   -0.0942131553
2025-12-23:10:39:17,33 INFO     [psi4.optking.stepAlgorithms:115] 	hessian      :    0.0947919480
2025-12-23:10:39:17,33 INFO     [psi4.optking.stepAlgorithms:206] 	Norm of achieved step-size    0.6163393560
2025-12-23:10:39:17,33 INFO     [psi4.optking.stepAlgorithms:208] 	Norm of achieved step-size (cart):    0.4358177381
2025-12-23:10:39:17,33 INFO     [psi4.optking.opt_helper:164] Molsys:

	                            ===> Fragment 1 <== 

	 Z (Atomic Numbers)          Masses                          Geom                  
	       3.000000             7.016003          0.00000000  0.00000000  2.86023217   
	      10.000000            19.992440          0.00000000  0.00000000 -1.20377217   

	 - Coordinate -           - BOHR/RAD -       - ANG/DEG -
	 R(1,2)           =         4.064004           2.150578

2025-12-23:10:39:17,33 INFO     [psi4.optking.convcheck:76] Performing convergence check.
2025-12-23:10:39:17,33 INFO     [psi4.optking.convcheck:282] 
	                                 ==> Convergence Check <==                                  
    
	Measures of convergence in internal coordinates in au.
    
	Criteria marked as inactive (o), active & met (*), and active & unmet ( ).

	----------------------------------------------------------------------------------------------
	   Step    Total Energy     Delta E     Max Force     RMS Force      Max Disp      RMS Disp   
	----------------------------------------------------------------------------------------------
	  Convergence Criteria     1.00e-06 *    3.00e-04 *             o    1.20e-03 *             o
	----------------------------------------------------------------------------------------------
	     4    -135.55531948   -5.61e-02      9.42e-02      9.42e-02 o    6.16e-01      6.16e-01 o  ~
	----------------------------------------------------------------------------------------------


2025-12-23:10:39:17,33 INFO     [psi4.optking.stepAlgorithms:296] 	Convergence check returned False
2025-12-23:10:39:17,44 INFO     [psi4.driver.task_planner:259] PLANNING Atomic:  keywords={'DAMPING_PERCENTAGE': 1.0, 'GEOM_MAXITER': 500, 'SCF__GUESS': 'READ', 'GUESS': 'SAP', 'MAXITER': 500, 'REFERENCE': 'UKS', 'function_kwargs': {}}
2025-12-23:10:39:17,45 INFO     [psi4.driver.driver:638] Compute gradient(): method=b3lyp, basis=cc-pvdz, molecule=default, nre=7.381881891386249
2025-12-23:10:39:17,386 INFO     [psi4.driver.driver:641] Return gradient(): -135.60161002884104
2025-12-23:10:39:17,386 INFO     [psi4.driver.driver:642] [[-0.00000000  0.00000000 -0.05757177]
 [-0.00000000  0.00000000  0.05730638]]
2025-12-23:10:39:17,388 INFO     [psi4.optking.history:269] 	Performing BFGS update.
2025-12-23:10:39:17,388 INFO     [psi4.optking.history:280] 	Using 4 previous steps for update.
2025-12-23:10:39:17,388 WARNING  [psi4.optking.history:301] 	Change in internal coordinate of 6.16e-01 exceeds limit of 5.00e-01.
2025-12-23:10:39:17,388 WARNING  [psi4.optking.history:306] 	Skipping Hessian update for step 4.
2025-12-23:10:39:17,388 WARNING  [psi4.optking.history:301] 	Change in internal coordinate of 1.11e+00 exceeds limit of 5.00e-01.
2025-12-23:10:39:17,388 WARNING  [psi4.optking.history:306] 	Skipping Hessian update for step 3.
2025-12-23:10:39:17,388 WARNING  [psi4.optking.history:301] 	Change in internal coordinate of 1.46e+00 exceeds limit of 5.00e-01.
2025-12-23:10:39:17,388 WARNING  [psi4.optking.history:306] 	Skipping Hessian update for step 2.
2025-12-23:10:39:17,388 INFO     [psi4.optking.history:317] 	Steps to be used in Hessian update:  1

2025-12-23:10:39:17,388 INFO     [psi4.optking.history:418] 	Updated Hessian (in au) 
 	   0.191087

2025-12-23:10:39:17,388 INFO     [psi4.optking.molsys:944] Projected (PHP) Hessian matrix
	   0.191087

2025-12-23:10:39:17,388 INFO     [psi4.optking.opt_helper:182] 
	         Geometry (au)                                       Gradient (au)
   0.0000000000   0.0000000000   3.0082949128		  -0.0000000000   0.0000000000  -0.0575717728
   0.0000000000   0.0000000000  -1.0557094212		  -0.0000000000   0.0000000000   0.0573063849

2025-12-23:10:39:17,388 INFO     [psi4.optking.stepAlgorithms:368] 	Current Step Report 
 
	Current energy:      -135.6016100288
	Energy change for the previous step:
		Actual       :        -0.0462905449
		Projected    :        -0.0290336377

2025-12-23:10:39:17,388 INFO     [psi4.optking.stepAlgorithms:371] 	Energy ratio =    1.59438
2025-12-23:10:39:17,388 INFO     [psi4.optking.stepAlgorithms:929] 	Using RFO solution 1.
2025-12-23:10:39:17,388 INFO     [psi4.optking.displace:100] 	Determining Cartesian step for fragment 1.
2025-12-23:10:39:17,389 INFO     [psi4.optking.displace:415] 	Successfully converged to displaced geometry.
2025-12-23:10:39:17,389 INFO     [psi4.optking.displace:416] 	RMS(dx):  0.000e+00 	Max(dx):  0.000e+00 	RMS(dq):  0.000e+00
2025-12-23:10:39:17,389 INFO     [psi4.optking.displace:172] 

	        --- Internal Coordinate Step in ANG or DEG, aJ/ANG or AJ/DEG ---
	-------------------------------------------------------------------------------
	           Coordinate      Previous         Force          Change          New 
	           ----------      --------        ------          ------        ------
	               R(1,2)       2.15058        0.47322        0.14682       2.29740
	-------------------------------------------------------------------------------

2025-12-23:10:39:17,389 INFO     [psi4.optking.stepAlgorithms:113] 	|target step| :    0.2774523666
2025-12-23:10:39:17,389 INFO     [psi4.optking.stepAlgorithms:114] 	gradient     :   -0.0574390788
2025-12-23:10:39:17,389 INFO     [psi4.optking.stepAlgorithms:115] 	hessian      :    0.1910865990
2025-12-23:10:39:17,389 INFO     [psi4.optking.stepAlgorithms:113] 	|target step| :    0.2774523666
2025-12-23:10:39:17,389 INFO     [psi4.optking.stepAlgorithms:114] 	gradient     :   -0.0574390788
2025-12-23:10:39:17,389 INFO     [psi4.optking.stepAlgorithms:115] 	hessian      :    0.1910865990
2025-12-23:10:39:17,389 INFO     [psi4.optking.stepAlgorithms:206] 	Norm of achieved step-size    0.2774523666
2025-12-23:10:39:17,389 INFO     [psi4.optking.stepAlgorithms:208] 	Norm of achieved step-size (cart):    0.1961884499
2025-12-23:10:39:17,389 INFO     [psi4.optking.opt_helper:164] Molsys:

	                            ===> Fragment 1 <== 

	 Z (Atomic Numbers)          Masses                          Geom                  
	       3.000000             7.016003          0.00000000  0.00000000  3.14702110   
	      10.000000            19.992440          0.00000000  0.00000000 -1.19443560   

	 - Coordinate -           - BOHR/RAD -       - ANG/DEG -
	 R(1,2)           =         4.341457           2.297400

2025-12-23:10:39:17,389 INFO     [psi4.optking.convcheck:76] Performing convergence check.
2025-12-23:10:39:17,389 INFO     [psi4.optking.convcheck:282] 
	                                 ==> Convergence Check <==                                  
    
	Measures of convergence in internal coordinates in au.
    
	Criteria marked as inactive (o), active & met (*), and active & unmet ( ).

	----------------------------------------------------------------------------------------------
	   Step    Total Energy     Delta E     Max Force     RMS Force      Max Disp      RMS Disp   
	----------------------------------------------------------------------------------------------
	  Convergence Criteria     1.00e-06 *    3.00e-04 *             o    1.20e-03 *             o
	----------------------------------------------------------------------------------------------
	     5    -135.60161003   -4.63e-02      5.74e-02      5.74e-02 o    2.77e-01      2.77e-01 o  ~
	----------------------------------------------------------------------------------------------


2025-12-23:10:39:17,389 INFO     [psi4.optking.stepAlgorithms:296] 	Convergence check returned False
2025-12-23:10:39:17,399 INFO     [psi4.driver.task_planner:259] PLANNING Atomic:  keywords={'DAMPING_PERCENTAGE': 1.0, 'GEOM_MAXITER': 500, 'SCF__GUESS': 'READ', 'GUESS': 'SAP', 'MAXITER': 500, 'REFERENCE': 'UKS', 'function_kwargs': {}}
2025-12-23:10:39:17,401 INFO     [psi4.driver.driver:638] Compute gradient(): method=b3lyp, basis=cc-pvdz, molecule=default, nre=6.9101230458928455
2025-12-23:10:39:17,719 INFO     [psi4.driver.driver:641] Return gradient(): -135.61563200750817
2025-12-23:10:39:17,720 INFO     [psi4.driver.driver:642] [[ 0.00000000  0.00000000 -0.04396229]
 [-0.00000000 -0.00000000  0.04379580]]
2025-12-23:10:39:17,721 INFO     [psi4.optking.history:269] 	Performing BFGS update.
2025-12-23:10:39:17,721 INFO     [psi4.optking.history:280] 	Using 4 previous steps for update.
2025-12-23:10:39:17,721 WARNING  [psi4.optking.history:301] 	Change in internal coordinate of 8.94e-01 exceeds limit of 5.00e-01.
2025-12-23:10:39:17,721 WARNING  [psi4.optking.history:306] 	Skipping Hessian update for step 4.
2025-12-23:10:39:17,721 WARNING  [psi4.optking.history:301] 	Change in internal coordinate of 1.38e+00 exceeds limit of 5.00e-01.
2025-12-23:10:39:17,721 WARNING  [psi4.optking.history:306] 	Skipping Hessian update for step 3.
2025-12-23:10:39:17,721 WARNING  [psi4.optking.history:301] 	Change in internal coordinate of 1.74e+00 exceeds limit of 5.00e-01.
2025-12-23:10:39:17,721 WARNING  [psi4.optking.history:306] 	Skipping Hessian update for step 2.
2025-12-23:10:39:17,721 WARNING  [psi4.optking.history:301] 	Change in internal coordinate of 2.07e+00 exceeds limit of 5.00e-01.
2025-12-23:10:39:17,722 WARNING  [psi4.optking.history:306] 	Skipping Hessian update for step 1.
2025-12-23:10:39:17,722 INFO     [psi4.optking.history:317] 	Steps to be used in Hessian update:  5

2025-12-23:10:39:17,722 INFO     [psi4.optking.history:418] 	Updated Hessian (in au) 
 	   0.048873

2025-12-23:10:39:17,722 INFO     [psi4.optking.molsys:944] Projected (PHP) Hessian matrix
	   0.048873

2025-12-23:10:39:17,722 INFO     [psi4.optking.opt_helper:182] 
	         Geometry (au)                                       Gradient (au)
   0.0000000000   0.0000000000   3.2136732723		   0.0000000000   0.0000000000  -0.0439622919
   0.0000000000   0.0000000000  -1.1277834283		  -0.0000000000  -0.0000000000   0.0437958018

2025-12-23:10:39:17,722 INFO     [psi4.optking.stepAlgorithms:368] 	Current Step Report 
 
	Current energy:      -135.6156320075
	Energy change for the previous step:
		Actual       :        -0.0140219787
		Projected    :        -0.0079683042

2025-12-23:10:39:17,722 INFO     [psi4.optking.stepAlgorithms:371] 	Energy ratio =    1.75972
2025-12-23:10:39:17,722 INFO     [psi4.optking.stepAlgorithms:929] 	Using RFO solution 1.
2025-12-23:10:39:17,722 INFO     [psi4.optking.displace:100] 	Determining Cartesian step for fragment 1.
2025-12-23:10:39:17,722 INFO     [psi4.optking.displace:415] 	Successfully converged to displaced geometry.
2025-12-23:10:39:17,722 INFO     [psi4.optking.displace:416] 	RMS(dx):  0.000e+00 	Max(dx):  0.000e+00 	RMS(dq):  0.000e+00
2025-12-23:10:39:17,722 INFO     [psi4.optking.displace:172] 

	        --- Internal Coordinate Step in ANG or DEG, aJ/ANG or AJ/DEG ---
	-------------------------------------------------------------------------------
	           Coordinate      Previous         Force          Change          New 
	           ----------      --------        ------          ------        ------
	               R(1,2)       2.29740        0.36151        0.31100       2.60840
	-------------------------------------------------------------------------------

2025-12-23:10:39:17,722 INFO     [psi4.optking.stepAlgorithms:113] 	|target step| :    0.5877072382
2025-12-23:10:39:17,722 INFO     [psi4.optking.stepAlgorithms:114] 	gradient     :   -0.0438790468
2025-12-23:10:39:17,722 INFO     [psi4.optking.stepAlgorithms:115] 	hessian      :    0.0488733694
2025-12-23:10:39:17,722 INFO     [psi4.optking.stepAlgorithms:113] 	|target step| :    0.5877072382
2025-12-23:10:39:17,722 INFO     [psi4.optking.stepAlgorithms:114] 	gradient     :   -0.0438790468
2025-12-23:10:39:17,722 INFO     [psi4.optking.stepAlgorithms:115] 	hessian      :    0.0488733694
2025-12-23:10:39:17,722 INFO     [psi4.optking.stepAlgorithms:206] 	Norm of achieved step-size    0.5877072382
2025-12-23:10:39:17,722 INFO     [psi4.optking.stepAlgorithms:208] 	Norm of achieved step-size (cart):    0.4155717735
2025-12-23:10:39:17,723 INFO     [psi4.optking.opt_helper:164] Molsys:

	                            ===> Fragment 1 <== 

	 Z (Atomic Numbers)          Masses                          Geom                  
	       3.000000             7.016003          0.00000000  0.00000000  3.50752689   
	      10.000000            19.992440          0.00000000  0.00000000 -1.42163705   

	 - Coordinate -           - BOHR/RAD -       - ANG/DEG -
	 R(1,2)           =         4.929164           2.608401

2025-12-23:10:39:17,723 INFO     [psi4.optking.convcheck:76] Performing convergence check.
2025-12-23:10:39:17,723 INFO     [psi4.optking.convcheck:282] 
	                                 ==> Convergence Check <==                                  
    
	Measures of convergence in internal coordinates in au.
    
	Criteria marked as inactive (o), active & met (*), and active & unmet ( ).

	----------------------------------------------------------------------------------------------
	   Step    Total Energy     Delta E     Max Force     RMS Force      Max Disp      RMS Disp   
	----------------------------------------------------------------------------------------------
	  Convergence Criteria     1.00e-06 *    3.00e-04 *             o    1.20e-03 *             o
	----------------------------------------------------------------------------------------------
	     6    -135.61563201   -1.40e-02      4.39e-02      4.39e-02 o    5.88e-01      5.88e-01 o  ~
	----------------------------------------------------------------------------------------------


2025-12-23:10:39:17,723 INFO     [psi4.optking.stepAlgorithms:296] 	Convergence check returned False
2025-12-23:10:39:17,734 INFO     [psi4.driver.task_planner:259] PLANNING Atomic:  keywords={'DAMPING_PERCENTAGE': 1.0, 'GEOM_MAXITER': 500, 'SCF__GUESS': 'READ', 'GUESS': 'SAP', 'MAXITER': 500, 'REFERENCE': 'UKS', 'function_kwargs': {}}
2025-12-23:10:39:17,735 INFO     [psi4.driver.driver:638] Compute gradient(): method=b3lyp, basis=cc-pvdz, molecule=default, nre=6.086224838916327
2025-12-23:10:39:18,63 INFO     [psi4.driver.driver:641] Return gradient(): -135.63439075894985
2025-12-23:10:39:18,63 INFO     [psi4.driver.driver:642] [[ 0.00000000 -0.00000000 -0.02146425]
 [ 0.00000000  0.00000000  0.02146757]]
2025-12-23:10:39:18,65 INFO     [psi4.optking.history:269] 	Performing BFGS update.
2025-12-23:10:39:18,65 INFO     [psi4.optking.history:280] 	Using 4 previous steps for update.
2025-12-23:10:39:18,65 WARNING  [psi4.optking.history:301] 	Change in internal coordinate of 5.88e-01 exceeds limit of 5.00e-01.
2025-12-23:10:39:18,65 WARNING  [psi4.optking.history:306] 	Skipping Hessian update for step 6.
2025-12-23:10:39:18,65 WARNING  [psi4.optking.history:301] 	Change in internal coordinate of 8.65e-01 exceeds limit of 5.00e-01.
2025-12-23:10:39:18,65 WARNING  [psi4.optking.history:306] 	Skipping Hessian update for step 5.
2025-12-23:10:39:18,65 WARNING  [psi4.optking.history:301] 	Change in internal coordinate of 1.48e+00 exceeds limit of 5.00e-01.
2025-12-23:10:39:18,65 WARNING  [psi4.optking.history:306] 	Skipping Hessian update for step 4.
2025-12-23:10:39:18,65 WARNING  [psi4.optking.history:301] 	Change in internal coordinate of 1.97e+00 exceeds limit of 5.00e-01.
2025-12-23:10:39:18,65 WARNING  [psi4.optking.history:306] 	Skipping Hessian update for step 3.
2025-12-23:10:39:18,65 WARNING  [psi4.optking.history:301] 	Change in internal coordinate of 2.32e+00 exceeds limit of 5.00e-01.
2025-12-23:10:39:18,65 WARNING  [psi4.optking.history:306] 	Skipping Hessian update for step 2.
2025-12-23:10:39:18,65 INFO     [psi4.optking.history:317] 	Steps to be used in Hessian update:  1

2025-12-23:10:39:18,65 INFO     [psi4.optking.history:418] 	Updated Hessian (in au) 
 	   0.142487

2025-12-23:10:39:18,65 INFO     [psi4.optking.molsys:944] Projected (PHP) Hessian matrix
	   0.142487

2025-12-23:10:39:18,65 INFO     [psi4.optking.opt_helper:182] 
	         Geometry (au)                                       Gradient (au)
   0.0000000000   0.0000000000   3.6487113652		   0.0000000000  -0.0000000000  -0.0214642532
   0.0000000000   0.0000000000  -1.2804525737		   0.0000000000   0.0000000000   0.0214675659

2025-12-23:10:39:18,65 INFO     [psi4.optking.stepAlgorithms:368] 	Current Step Report 
 
	Current energy:      -135.6343907589
	Energy change for the previous step:
		Actual       :        -0.0187587514
		Projected    :        -0.0128940167

2025-12-23:10:39:18,65 INFO     [psi4.optking.stepAlgorithms:371] 	Energy ratio =    1.45484
2025-12-23:10:39:18,66 INFO     [psi4.optking.stepAlgorithms:929] 	Using RFO solution 1.
2025-12-23:10:39:18,66 INFO     [psi4.optking.displace:100] 	Determining Cartesian step for fragment 1.
2025-12-23:10:39:18,66 INFO     [psi4.optking.displace:415] 	Successfully converged to displaced geometry.
2025-12-23:10:39:18,66 INFO     [psi4.optking.displace:416] 	RMS(dx):  0.000e+00 	Max(dx):  0.000e+00 	RMS(dq):  0.000e+00
2025-12-23:10:39:18,66 INFO     [psi4.optking.displace:172] 

	        --- Internal Coordinate Step in ANG or DEG, aJ/ANG or AJ/DEG ---
	-------------------------------------------------------------------------------
	           Coordinate      Previous         Force          Change          New 
	           ----------      --------        ------          ------        ------
	               R(1,2)       2.60840        0.17685        0.07799       2.68639
	-------------------------------------------------------------------------------

2025-12-23:10:39:18,66 INFO     [psi4.optking.stepAlgorithms:113] 	|target step| :    0.1473793572
2025-12-23:10:39:18,66 INFO     [psi4.optking.stepAlgorithms:114] 	gradient     :   -0.0214659095
2025-12-23:10:39:18,66 INFO     [psi4.optking.stepAlgorithms:115] 	hessian      :    0.1424870885
2025-12-23:10:39:18,66 INFO     [psi4.optking.stepAlgorithms:113] 	|target step| :    0.1473793572
2025-12-23:10:39:18,66 INFO     [psi4.optking.stepAlgorithms:114] 	gradient     :   -0.0214659095
2025-12-23:10:39:18,66 INFO     [psi4.optking.stepAlgorithms:115] 	hessian      :    0.1424870885
2025-12-23:10:39:18,66 INFO     [psi4.optking.stepAlgorithms:206] 	Norm of achieved step-size    0.1473793572
2025-12-23:10:39:18,66 INFO     [psi4.optking.stepAlgorithms:208] 	Norm of achieved step-size (cart):    0.1042129429
2025-12-23:10:39:18,66 INFO     [psi4.optking.opt_helper:164] Molsys:

	                            ===> Fragment 1 <== 

	 Z (Atomic Numbers)          Masses                          Geom                  
	       3.000000             7.016003          0.00000000  0.00000000  3.72240104   
	      10.000000            19.992440          0.00000000  0.00000000 -1.35414225   

	 - Coordinate -           - BOHR/RAD -       - ANG/DEG -
	 R(1,2)           =         5.076543           2.686391

2025-12-23:10:39:18,66 INFO     [psi4.optking.convcheck:76] Performing convergence check.
2025-12-23:10:39:18,66 INFO     [psi4.optking.convcheck:282] 
	                                 ==> Convergence Check <==                                  
    
	Measures of convergence in internal coordinates in au.
    
	Criteria marked as inactive (o), active & met (*), and active & unmet ( ).

	----------------------------------------------------------------------------------------------
	   Step    Total Energy     Delta E     Max Force     RMS Force      Max Disp      RMS Disp   
	----------------------------------------------------------------------------------------------
	  Convergence Criteria     1.00e-06 *    3.00e-04 *             o    1.20e-03 *             o
	----------------------------------------------------------------------------------------------
	     7    -135.63439076   -1.88e-02      2.15e-02      2.15e-02 o    1.47e-01      1.47e-01 o  ~
	----------------------------------------------------------------------------------------------


2025-12-23:10:39:18,67 INFO     [psi4.optking.stepAlgorithms:296] 	Convergence check returned False
2025-12-23:10:39:18,77 INFO     [psi4.driver.task_planner:259] PLANNING Atomic:  keywords={'DAMPING_PERCENTAGE': 1.0, 'GEOM_MAXITER': 500, 'SCF__GUESS': 'READ', 'GUESS': 'SAP', 'MAXITER': 500, 'REFERENCE': 'UKS', 'function_kwargs': {}}
2025-12-23:10:39:18,78 INFO     [psi4.driver.driver:638] Compute gradient(): method=b3lyp, basis=cc-pvdz, molecule=default, nre=5.9095329735778375
2025-12-23:10:39:18,390 INFO     [psi4.driver.driver:641] Return gradient(): -135.63723054122613
2025-12-23:10:39:18,390 INFO     [psi4.driver.driver:642] [[-0.00000000 -0.00000000 -0.01716949]
 [ 0.00000000 -0.00000000  0.01715457]]
2025-12-23:10:39:18,392 INFO     [psi4.optking.history:269] 	Performing BFGS update.
2025-12-23:10:39:18,392 INFO     [psi4.optking.history:280] 	Using 4 previous steps for update.
2025-12-23:10:39:18,392 WARNING  [psi4.optking.history:301] 	Change in internal coordinate of 7.35e-01 exceeds limit of 5.00e-01.
2025-12-23:10:39:18,392 WARNING  [psi4.optking.history:306] 	Skipping Hessian update for step 6.
2025-12-23:10:39:18,392 WARNING  [psi4.optking.history:301] 	Change in internal coordinate of 1.01e+00 exceeds limit of 5.00e-01.
2025-12-23:10:39:18,392 WARNING  [psi4.optking.history:306] 	Skipping Hessian update for step 5.
2025-12-23:10:39:18,392 WARNING  [psi4.optking.history:301] 	Change in internal coordinate of 1.63e+00 exceeds limit of 5.00e-01.
2025-12-23:10:39:18,392 WARNING  [psi4.optking.history:306] 	Skipping Hessian update for step 4.
2025-12-23:10:39:18,392 WARNING  [psi4.optking.history:301] 	Change in internal coordinate of 2.12e+00 exceeds limit of 5.00e-01.
2025-12-23:10:39:18,392 WARNING  [psi4.optking.history:306] 	Skipping Hessian update for step 3.
2025-12-23:10:39:18,392 WARNING  [psi4.optking.history:301] 	Change in internal coordinate of 2.47e+00 exceeds limit of 5.00e-01.
2025-12-23:10:39:18,392 WARNING  [psi4.optking.history:306] 	Skipping Hessian update for step 2.
2025-12-23:10:39:18,392 WARNING  [psi4.optking.history:301] 	Change in internal coordinate of 2.81e+00 exceeds limit of 5.00e-01.
2025-12-23:10:39:18,392 WARNING  [psi4.optking.history:306] 	Skipping Hessian update for step 1.
2025-12-23:10:39:18,392 INFO     [psi4.optking.history:317] 	Steps to be used in Hessian update:  7

2025-12-23:10:39:18,392 INFO     [psi4.optking.history:418] 	Updated Hessian (in au) 
 	   0.029203

2025-12-23:10:39:18,392 INFO     [psi4.optking.molsys:944] Projected (PHP) Hessian matrix
	   0.029203

2025-12-23:10:39:18,392 INFO     [psi4.optking.opt_helper:182] 
	         Geometry (au)                                       Gradient (au)
   0.0000000000   0.0000000000   3.7578058774		  -0.0000000000  -0.0000000000  -0.0171694861
   0.0000000000   0.0000000000  -1.3187374186		   0.0000000000  -0.0000000000   0.0171545741

2025-12-23:10:39:18,392 INFO     [psi4.optking.stepAlgorithms:368] 	Current Step Report 
 
	Current energy:      -135.6372305412
	Energy change for the previous step:
		Actual       :        -0.0028397823
		Projected    :        -0.0015818160

2025-12-23:10:39:18,392 INFO     [psi4.optking.stepAlgorithms:371] 	Energy ratio =    1.79527
2025-12-23:10:39:18,392 INFO     [psi4.optking.stepAlgorithms:929] 	Using RFO solution 1.
2025-12-23:10:39:18,392 INFO     [psi4.optking.displace:100] 	Determining Cartesian step for fragment 1.
2025-12-23:10:39:18,393 INFO     [psi4.optking.displace:415] 	Successfully converged to displaced geometry.
2025-12-23:10:39:18,393 INFO     [psi4.optking.displace:416] 	RMS(dx):  0.000e+00 	Max(dx):  0.000e+00 	RMS(dq):  0.000e+00
2025-12-23:10:39:18,393 INFO     [psi4.optking.displace:172] 

	        --- Internal Coordinate Step in ANG or DEG, aJ/ANG or AJ/DEG ---
	-------------------------------------------------------------------------------
	           Coordinate      Previous         Force          Change          New 
	           ----------      --------        ------          ------        ------
	               R(1,2)       2.68639        0.14139        0.24456       2.93096
	-------------------------------------------------------------------------------

2025-12-23:10:39:18,393 INFO     [psi4.optking.stepAlgorithms:113] 	|target step| :    0.4621605928
2025-12-23:10:39:18,393 INFO     [psi4.optking.stepAlgorithms:114] 	gradient     :   -0.0171620301
2025-12-23:10:39:18,393 INFO     [psi4.optking.stepAlgorithms:115] 	hessian      :    0.0292027292
2025-12-23:10:39:18,393 INFO     [psi4.optking.stepAlgorithms:113] 	|target step| :    0.4621605928
2025-12-23:10:39:18,393 INFO     [psi4.optking.stepAlgorithms:114] 	gradient     :   -0.0171620301
2025-12-23:10:39:18,393 INFO     [psi4.optking.stepAlgorithms:115] 	hessian      :    0.0292027292
2025-12-23:10:39:18,393 INFO     [psi4.optking.stepAlgorithms:206] 	Norm of achieved step-size    0.4621605928
2025-12-23:10:39:18,393 INFO     [psi4.optking.stepAlgorithms:208] 	Norm of achieved step-size (cart):    0.3267968891
2025-12-23:10:39:18,393 INFO     [psi4.optking.opt_helper:164] Molsys:

	                            ===> Fragment 1 <== 

	 Z (Atomic Numbers)          Masses                          Geom                  
	       3.000000             7.016003          0.00000000  0.00000000  3.98888617   
	      10.000000            19.992440          0.00000000  0.00000000 -1.54981772   

	 - Coordinate -           - BOHR/RAD -       - ANG/DEG -
	 R(1,2)           =         5.538704           2.930956

2025-12-23:10:39:18,393 INFO     [psi4.optking.convcheck:76] Performing convergence check.
2025-12-23:10:39:18,393 INFO     [psi4.optking.convcheck:282] 
	                                 ==> Convergence Check <==                                  
    
	Measures of convergence in internal coordinates in au.
    
	Criteria marked as inactive (o), active & met (*), and active & unmet ( ).

	----------------------------------------------------------------------------------------------
	   Step    Total Energy     Delta E     Max Force     RMS Force      Max Disp      RMS Disp   
	----------------------------------------------------------------------------------------------
	  Convergence Criteria     1.00e-06 *    3.00e-04 *             o    1.20e-03 *             o
	----------------------------------------------------------------------------------------------
	     8    -135.63723054   -2.84e-03      1.72e-02      1.72e-02 o    4.62e-01      4.62e-01 o  ~
	----------------------------------------------------------------------------------------------


2025-12-23:10:39:18,393 INFO     [psi4.optking.stepAlgorithms:296] 	Convergence check returned False
2025-12-23:10:39:18,404 INFO     [psi4.driver.task_planner:259] PLANNING Atomic:  keywords={'DAMPING_PERCENTAGE': 1.0, 'GEOM_MAXITER': 500, 'SCF__GUESS': 'READ', 'GUESS': 'SAP', 'MAXITER': 500, 'REFERENCE': 'UKS', 'function_kwargs': {}}
2025-12-23:10:39:18,405 INFO     [psi4.driver.driver:638] Compute gradient(): method=b3lyp, basis=cc-pvdz, molecule=default, nre=5.416429656114658
2025-12-23:10:39:18,715 INFO     [psi4.driver.driver:641] Return gradient(): -135.6426021931766
2025-12-23:10:39:18,715 INFO     [psi4.driver.driver:642] [[-0.00000000  0.00000000 -0.00676272]
 [ 0.00000000 -0.00000000  0.00675125]]
2025-12-23:10:39:18,717 INFO     [psi4.optking.history:269] 	Performing BFGS update.
2025-12-23:10:39:18,717 INFO     [psi4.optking.history:280] 	Using 4 previous steps for update.
2025-12-23:10:39:18,717 WARNING  [psi4.optking.history:301] 	Change in internal coordinate of 6.10e-01 exceeds limit of 5.00e-01.
2025-12-23:10:39:18,717 WARNING  [psi4.optking.history:306] 	Skipping Hessian update for step 7.
2025-12-23:10:39:18,717 WARNING  [psi4.optking.history:301] 	Change in internal coordinate of 1.20e+00 exceeds limit of 5.00e-01.
2025-12-23:10:39:18,717 WARNING  [psi4.optking.history:306] 	Skipping Hessian update for step 6.
2025-12-23:10:39:18,717 WARNING  [psi4.optking.history:301] 	Change in internal coordinate of 1.47e+00 exceeds limit of 5.00e-01.
2025-12-23:10:39:18,717 WARNING  [psi4.optking.history:306] 	Skipping Hessian update for step 5.
2025-12-23:10:39:18,717 WARNING  [psi4.optking.history:301] 	Change in internal coordinate of 2.09e+00 exceeds limit of 5.00e-01.
2025-12-23:10:39:18,717 WARNING  [psi4.optking.history:306] 	Skipping Hessian update for step 4.
2025-12-23:10:39:18,717 WARNING  [psi4.optking.history:301] 	Change in internal coordinate of 2.58e+00 exceeds limit of 5.00e-01.
2025-12-23:10:39:18,717 WARNING  [psi4.optking.history:306] 	Skipping Hessian update for step 3.
2025-12-23:10:39:18,717 WARNING  [psi4.optking.history:301] 	Change in internal coordinate of 2.93e+00 exceeds limit of 5.00e-01.
2025-12-23:10:39:18,717 WARNING  [psi4.optking.history:306] 	Skipping Hessian update for step 2.
2025-12-23:10:39:18,717 WARNING  [psi4.optking.history:301] 	Change in internal coordinate of 3.27e+00 exceeds limit of 5.00e-01.
2025-12-23:10:39:18,717 WARNING  [psi4.optking.history:306] 	Skipping Hessian update for step 1.
2025-12-23:10:39:18,717 INFO     [psi4.optking.history:317] 	Steps to be used in Hessian update:  8

2025-12-23:10:39:18,718 INFO     [psi4.optking.history:418] 	Updated Hessian (in au) 
 	   0.022514

2025-12-23:10:39:18,718 INFO     [psi4.optking.molsys:944] Projected (PHP) Hessian matrix
	   0.022514

2025-12-23:10:39:18,718 INFO     [psi4.optking.opt_helper:182] 
	         Geometry (au)                                       Gradient (au)
   0.0000000000   0.0000000000   4.0999106701		  -0.0000000000   0.0000000000  -0.0067627242
   0.0000000000   0.0000000000  -1.4387932187		   0.0000000000  -0.0000000000   0.0067512513

2025-12-23:10:39:18,718 INFO     [psi4.optking.stepAlgorithms:368] 	Current Step Report 
 
	Current energy:      -135.6426021932
	Energy change for the previous step:
		Actual       :        -0.0053716520
		Projected    :        -0.0039658070

2025-12-23:10:39:18,718 INFO     [psi4.optking.stepAlgorithms:371] 	Energy ratio =    1.35449
2025-12-23:10:39:18,718 INFO     [psi4.optking.stepAlgorithms:929] 	Using RFO solution 1.
2025-12-23:10:39:18,718 INFO     [psi4.optking.displace:100] 	Determining Cartesian step for fragment 1.
2025-12-23:10:39:18,718 INFO     [psi4.optking.displace:415] 	Successfully converged to displaced geometry.
2025-12-23:10:39:18,718 INFO     [psi4.optking.displace:416] 	RMS(dx):  0.000e+00 	Max(dx):  0.000e+00 	RMS(dq):  0.000e+00
2025-12-23:10:39:18,718 INFO     [psi4.optking.displace:172] 

	        --- Internal Coordinate Step in ANG or DEG, aJ/ANG or AJ/DEG ---
	-------------------------------------------------------------------------------
	           Coordinate      Previous         Force          Change          New 
	           ----------      --------        ------          ------        ------
	               R(1,2)       2.93096        0.05567        0.14663       3.07758
	-------------------------------------------------------------------------------

2025-12-23:10:39:18,718 INFO     [psi4.optking.stepAlgorithms:113] 	|target step| :    0.2770829298
2025-12-23:10:39:18,718 INFO     [psi4.optking.stepAlgorithms:114] 	gradient     :   -0.0067569877
2025-12-23:10:39:18,718 INFO     [psi4.optking.stepAlgorithms:115] 	hessian      :    0.0225139107
2025-12-23:10:39:18,718 INFO     [psi4.optking.stepAlgorithms:113] 	|target step| :    0.2770829298
2025-12-23:10:39:18,718 INFO     [psi4.optking.stepAlgorithms:114] 	gradient     :   -0.0067569877
2025-12-23:10:39:18,718 INFO     [psi4.optking.stepAlgorithms:115] 	hessian      :    0.0225139107
2025-12-23:10:39:18,718 INFO     [psi4.optking.stepAlgorithms:206] 	Norm of achieved step-size    0.2770829298
2025-12-23:10:39:18,718 INFO     [psi4.optking.stepAlgorithms:208] 	Norm of achieved step-size (cart):    0.1959272186
2025-12-23:10:39:18,719 INFO     [psi4.optking.opt_helper:164] Molsys:

	                            ===> Fragment 1 <== 

	 Z (Atomic Numbers)          Masses                          Geom                  
	       3.000000             7.016003          0.00000000  0.00000000  4.23845214   
	      10.000000            19.992440          0.00000000  0.00000000 -1.57733468   

	 - Coordinate -           - BOHR/RAD -       - ANG/DEG -
	 R(1,2)           =         5.815787           3.077582

2025-12-23:10:39:18,719 INFO     [psi4.optking.convcheck:76] Performing convergence check.
2025-12-23:10:39:18,719 INFO     [psi4.optking.convcheck:282] 
	                                 ==> Convergence Check <==                                  
    
	Measures of convergence in internal coordinates in au.
    
	Criteria marked as inactive (o), active & met (*), and active & unmet ( ).

	----------------------------------------------------------------------------------------------
	   Step    Total Energy     Delta E     Max Force     RMS Force      Max Disp      RMS Disp   
	----------------------------------------------------------------------------------------------
	  Convergence Criteria     1.00e-06 *    3.00e-04 *             o    1.20e-03 *             o
	----------------------------------------------------------------------------------------------
	     9    -135.64260219   -5.37e-03      6.76e-03      6.76e-03 o    2.77e-01      2.77e-01 o  ~
	----------------------------------------------------------------------------------------------


2025-12-23:10:39:18,719 INFO     [psi4.optking.stepAlgorithms:296] 	Convergence check returned False
2025-12-23:10:39:18,730 INFO     [psi4.driver.task_planner:259] PLANNING Atomic:  keywords={'DAMPING_PERCENTAGE': 1.0, 'GEOM_MAXITER': 500, 'SCF__GUESS': 'READ', 'GUESS': 'SAP', 'MAXITER': 500, 'REFERENCE': 'UKS', 'function_kwargs': {}}
2025-12-23:10:39:18,731 INFO     [psi4.driver.driver:638] Compute gradient(): method=b3lyp, basis=cc-pvdz, molecule=default, nre=5.158373395633293
2025-12-23:10:39:19,9 INFO     [psi4.driver.driver:641] Return gradient(): -135.6438627785578
2025-12-23:10:39:19,10 INFO     [psi4.driver.driver:642] [[-0.00000000  0.00000000 -0.00242167]
 [-0.00000000  0.00000000  0.00235786]]
2025-12-23:10:39:19,11 INFO     [psi4.optking.history:269] 	Performing BFGS update.
2025-12-23:10:39:19,11 INFO     [psi4.optking.history:280] 	Using 4 previous steps for update.
2025-12-23:10:39:19,11 WARNING  [psi4.optking.history:301] 	Change in internal coordinate of 7.39e-01 exceeds limit of 5.00e-01.
2025-12-23:10:39:19,11 WARNING  [psi4.optking.history:306] 	Skipping Hessian update for step 8.
2025-12-23:10:39:19,11 WARNING  [psi4.optking.history:301] 	Change in internal coordinate of 8.87e-01 exceeds limit of 5.00e-01.
2025-12-23:10:39:19,11 WARNING  [psi4.optking.history:306] 	Skipping Hessian update for step 7.
2025-12-23:10:39:19,12 WARNING  [psi4.optking.history:301] 	Change in internal coordinate of 1.47e+00 exceeds limit of 5.00e-01.
2025-12-23:10:39:19,12 WARNING  [psi4.optking.history:306] 	Skipping Hessian update for step 6.
2025-12-23:10:39:19,12 WARNING  [psi4.optking.history:301] 	Change in internal coordinate of 1.75e+00 exceeds limit of 5.00e-01.
2025-12-23:10:39:19,12 WARNING  [psi4.optking.history:306] 	Skipping Hessian update for step 5.
2025-12-23:10:39:19,12 WARNING  [psi4.optking.history:301] 	Change in internal coordinate of 2.37e+00 exceeds limit of 5.00e-01.
2025-12-23:10:39:19,12 WARNING  [psi4.optking.history:306] 	Skipping Hessian update for step 4.
2025-12-23:10:39:19,12 WARNING  [psi4.optking.history:301] 	Change in internal coordinate of 2.86e+00 exceeds limit of 5.00e-01.
2025-12-23:10:39:19,12 WARNING  [psi4.optking.history:306] 	Skipping Hessian update for step 3.
2025-12-23:10:39:19,12 WARNING  [psi4.optking.history:301] 	Change in internal coordinate of 3.21e+00 exceeds limit of 5.00e-01.
2025-12-23:10:39:19,12 WARNING  [psi4.optking.history:306] 	Skipping Hessian update for step 2.
2025-12-23:10:39:19,12 WARNING  [psi4.optking.history:301] 	Change in internal coordinate of 3.55e+00 exceeds limit of 5.00e-01.
2025-12-23:10:39:19,12 WARNING  [psi4.optking.history:306] 	Skipping Hessian update for step 1.
2025-12-23:10:39:19,12 INFO     [psi4.optking.history:317] 	Steps to be used in Hessian update:  9

2025-12-23:10:39:19,12 INFO     [psi4.optking.history:418] 	Updated Hessian (in au) 
 	   0.015761

2025-12-23:10:39:19,12 INFO     [psi4.optking.molsys:944] Projected (PHP) Hessian matrix
	   0.015761

2025-12-23:10:39:19,12 INFO     [psi4.optking.opt_helper:182] 
	         Geometry (au)                                       Gradient (au)
   0.0000000000   0.0000000000   4.3050155617		  -0.0000000000   0.0000000000  -0.0024216715
   0.0000000000   0.0000000000  -1.5107712570		  -0.0000000000   0.0000000000   0.0023578635

2025-12-23:10:39:19,12 INFO     [psi4.optking.stepAlgorithms:368] 	Current Step Report 
 
	Current energy:      -135.6438627786
	Energy change for the previous step:
		Actual       :        -0.0012605854
		Projected    :        -0.0009361230

2025-12-23:10:39:19,12 INFO     [psi4.optking.stepAlgorithms:371] 	Energy ratio =    1.34660
2025-12-23:10:39:19,12 INFO     [psi4.optking.stepAlgorithms:929] 	Using RFO solution 1.
2025-12-23:10:39:19,12 INFO     [psi4.optking.displace:100] 	Determining Cartesian step for fragment 1.
2025-12-23:10:39:19,13 INFO     [psi4.optking.displace:415] 	Successfully converged to displaced geometry.
2025-12-23:10:39:19,13 INFO     [psi4.optking.displace:416] 	RMS(dx):  2.564e-16 	Max(dx):  4.441e-16 	RMS(dq):  8.882e-16
2025-12-23:10:39:19,13 INFO     [psi4.optking.displace:172] 

	        --- Internal Coordinate Step in ANG or DEG, aJ/ANG or AJ/DEG ---
	-------------------------------------------------------------------------------
	           Coordinate      Previous         Force          Change          New 
	           ----------      --------        ------          ------        ------
	               R(1,2)       3.07758        0.01969        0.07847       3.15605
	-------------------------------------------------------------------------------

2025-12-23:10:39:19,13 INFO     [psi4.optking.stepAlgorithms:113] 	|target step| :    0.1482873182
2025-12-23:10:39:19,13 INFO     [psi4.optking.stepAlgorithms:114] 	gradient     :   -0.0023897675
2025-12-23:10:39:19,13 INFO     [psi4.optking.stepAlgorithms:115] 	hessian      :    0.0157614193
2025-12-23:10:39:19,13 INFO     [psi4.optking.stepAlgorithms:113] 	|target step| :    0.1482873182
2025-12-23:10:39:19,13 INFO     [psi4.optking.stepAlgorithms:114] 	gradient     :   -0.0023897675
2025-12-23:10:39:19,13 INFO     [psi4.optking.stepAlgorithms:115] 	hessian      :    0.0157614193
2025-12-23:10:39:19,13 INFO     [psi4.optking.stepAlgorithms:206] 	Norm of achieved step-size    0.1482873182
2025-12-23:10:39:19,13 INFO     [psi4.optking.stepAlgorithms:208] 	Norm of achieved step-size (cart):    0.1048549683
2025-12-23:10:39:19,13 INFO     [psi4.optking.opt_helper:164] Molsys:

	                            ===> Fragment 1 <== 

	 Z (Atomic Numbers)          Masses                          Geom                  
	       3.000000             7.016003          0.00000000  0.00000000  4.37915922   
	      10.000000            19.992440          0.00000000  0.00000000 -1.58491492   

	 - Coordinate -           - BOHR/RAD -       - ANG/DEG -
	 R(1,2)           =         5.964074           3.156052

2025-12-23:10:39:19,13 INFO     [psi4.optking.convcheck:76] Performing convergence check.
2025-12-23:10:39:19,13 INFO     [psi4.optking.convcheck:282] 
	                                 ==> Convergence Check <==                                  
    
	Measures of convergence in internal coordinates in au.
    
	Criteria marked as inactive (o), active & met (*), and active & unmet ( ).

	----------------------------------------------------------------------------------------------
	   Step    Total Energy     Delta E     Max Force     RMS Force      Max Disp      RMS Disp   
	----------------------------------------------------------------------------------------------
	  Convergence Criteria     1.00e-06 *    3.00e-04 *             o    1.20e-03 *             o
	----------------------------------------------------------------------------------------------
	    10    -135.64386278   -1.26e-03      2.39e-03      2.39e-03 o    1.48e-01      1.48e-01 o  ~
	----------------------------------------------------------------------------------------------


2025-12-23:10:39:19,13 INFO     [psi4.optking.stepAlgorithms:296] 	Convergence check returned False
2025-12-23:10:39:19,24 INFO     [psi4.driver.task_planner:259] PLANNING Atomic:  keywords={'DAMPING_PERCENTAGE': 1.0, 'GEOM_MAXITER': 500, 'SCF__GUESS': 'READ', 'GUESS': 'SAP', 'MAXITER': 500, 'REFERENCE': 'UKS', 'function_kwargs': {}}
2025-12-23:10:39:19,25 INFO     [psi4.driver.driver:638] Compute gradient(): method=b3lyp, basis=cc-pvdz, molecule=default, nre=5.030118558466045
2025-12-23:10:39:19,312 INFO     [psi4.driver.driver:641] Return gradient(): -135.6440900016989
2025-12-23:10:39:19,312 INFO     [psi4.driver.driver:642] [[ 0.00000000 -0.00000000 -0.00058411]
 [ 0.00000000 -0.00000000  0.00051920]]
2025-12-23:10:39:19,313 INFO     [psi4.optking.history:269] 	Performing BFGS update.
2025-12-23:10:39:19,313 INFO     [psi4.optking.history:280] 	Using 4 previous steps for update.
2025-12-23:10:39:19,314 WARNING  [psi4.optking.history:301] 	Change in internal coordinate of 8.88e-01 exceeds limit of 5.00e-01.
2025-12-23:10:39:19,314 WARNING  [psi4.optking.history:306] 	Skipping Hessian update for step 8.
2025-12-23:10:39:19,314 WARNING  [psi4.optking.history:301] 	Change in internal coordinate of 1.03e+00 exceeds limit of 5.00e-01.
2025-12-23:10:39:19,314 WARNING  [psi4.optking.history:306] 	Skipping Hessian update for step 7.
2025-12-23:10:39:19,314 WARNING  [psi4.optking.history:301] 	Change in internal coordinate of 1.62e+00 exceeds limit of 5.00e-01.
2025-12-23:10:39:19,314 WARNING  [psi4.optking.history:306] 	Skipping Hessian update for step 6.
2025-12-23:10:39:19,314 WARNING  [psi4.optking.history:301] 	Change in internal coordinate of 1.90e+00 exceeds limit of 5.00e-01.
2025-12-23:10:39:19,314 WARNING  [psi4.optking.history:306] 	Skipping Hessian update for step 5.
2025-12-23:10:39:19,314 WARNING  [psi4.optking.history:301] 	Change in internal coordinate of 2.52e+00 exceeds limit of 5.00e-01.
2025-12-23:10:39:19,314 WARNING  [psi4.optking.history:306] 	Skipping Hessian update for step 4.
2025-12-23:10:39:19,314 WARNING  [psi4.optking.history:301] 	Change in internal coordinate of 3.01e+00 exceeds limit of 5.00e-01.
2025-12-23:10:39:19,314 WARNING  [psi4.optking.history:306] 	Skipping Hessian update for step 3.
2025-12-23:10:39:19,314 WARNING  [psi4.optking.history:301] 	Change in internal coordinate of 3.36e+00 exceeds limit of 5.00e-01.
2025-12-23:10:39:19,314 WARNING  [psi4.optking.history:306] 	Skipping Hessian update for step 2.
2025-12-23:10:39:19,314 WARNING  [psi4.optking.history:301] 	Change in internal coordinate of 3.70e+00 exceeds limit of 5.00e-01.
2025-12-23:10:39:19,314 WARNING  [psi4.optking.history:306] 	Skipping Hessian update for step 1.
2025-12-23:10:39:19,314 INFO     [psi4.optking.history:317] 	Steps to be used in Hessian update:  10 9

2025-12-23:10:39:19,314 INFO     [psi4.optking.history:418] 	Updated Hessian (in au) 
 	   0.014588

2025-12-23:10:39:19,314 INFO     [psi4.optking.molsys:944] Projected (PHP) Hessian matrix
	   0.014588

2025-12-23:10:39:19,314 INFO     [psi4.optking.opt_helper:182] 
	         Geometry (au)                                       Gradient (au)
   0.0000000000   0.0000000000   4.4147821732		   0.0000000000  -0.0000000000  -0.0005841060
   0.0000000000   0.0000000000  -1.5492919637		   0.0000000000  -0.0000000000   0.0005192042

2025-12-23:10:39:19,314 INFO     [psi4.optking.stepAlgorithms:368] 	Current Step Report 
 
	Current energy:      -135.6440900017
	Energy change for the previous step:
		Actual       :        -0.0002272231
		Projected    :        -0.0001771861

2025-12-23:10:39:19,314 INFO     [psi4.optking.stepAlgorithms:371] 	Energy ratio =    1.28240
2025-12-23:10:39:19,314 INFO     [psi4.optking.stepAlgorithms:929] 	Using RFO solution 1.
2025-12-23:10:39:19,315 INFO     [psi4.optking.displace:100] 	Determining Cartesian step for fragment 1.
2025-12-23:10:39:19,315 INFO     [psi4.optking.displace:415] 	Successfully converged to displaced geometry.
2025-12-23:10:39:19,315 INFO     [psi4.optking.displace:416] 	RMS(dx):  0.000e+00 	Max(dx):  0.000e+00 	RMS(dq):  0.000e+00
2025-12-23:10:39:19,315 INFO     [psi4.optking.displace:172] 

	        --- Internal Coordinate Step in ANG or DEG, aJ/ANG or AJ/DEG ---
	-------------------------------------------------------------------------------
	           Coordinate      Previous         Force          Change          New 
	           ----------      --------        ------          ------        ------
	               R(1,2)       3.15605        0.00454        0.01998       3.17603
	-------------------------------------------------------------------------------

2025-12-23:10:39:19,315 INFO     [psi4.optking.stepAlgorithms:113] 	|target step| :    0.0377615638
2025-12-23:10:39:19,315 INFO     [psi4.optking.stepAlgorithms:114] 	gradient     :   -0.0005516551
2025-12-23:10:39:19,315 INFO     [psi4.optking.stepAlgorithms:115] 	hessian      :    0.0145880740
2025-12-23:10:39:19,315 INFO     [psi4.optking.stepAlgorithms:113] 	|target step| :    0.0377615638
2025-12-23:10:39:19,315 INFO     [psi4.optking.stepAlgorithms:114] 	gradient     :   -0.0005516551
2025-12-23:10:39:19,315 INFO     [psi4.optking.stepAlgorithms:115] 	hessian      :    0.0145880740
2025-12-23:10:39:19,315 INFO     [psi4.optking.stepAlgorithms:206] 	Norm of achieved step-size    0.0377615638
2025-12-23:10:39:19,315 INFO     [psi4.optking.stepAlgorithms:208] 	Norm of achieved step-size (cart):    0.0267014578
2025-12-23:10:39:19,315 INFO     [psi4.optking.opt_helper:164] Molsys:

	                            ===> Fragment 1 <== 

	 Z (Atomic Numbers)          Masses                          Geom                  
	       3.000000             7.016003          0.00000000  0.00000000  4.43366296   
	      10.000000            19.992440          0.00000000  0.00000000 -1.56817275   

	 - Coordinate -           - BOHR/RAD -       - ANG/DEG -
	 R(1,2)           =         6.001836           3.176035

2025-12-23:10:39:19,315 INFO     [psi4.optking.convcheck:76] Performing convergence check.
2025-12-23:10:39:19,315 INFO     [psi4.optking.convcheck:282] 
	                                 ==> Convergence Check <==                                  
    
	Measures of convergence in internal coordinates in au.
    
	Criteria marked as inactive (o), active & met (*), and active & unmet ( ).

	----------------------------------------------------------------------------------------------
	   Step    Total Energy     Delta E     Max Force     RMS Force      Max Disp      RMS Disp   
	----------------------------------------------------------------------------------------------
	  Convergence Criteria     1.00e-06 *    3.00e-04 *             o    1.20e-03 *             o
	----------------------------------------------------------------------------------------------
	    11    -135.64409000   -2.27e-04      5.52e-04      5.52e-04 o    3.78e-02      3.78e-02 o  ~
	----------------------------------------------------------------------------------------------


2025-12-23:10:39:19,315 INFO     [psi4.optking.stepAlgorithms:296] 	Convergence check returned False
2025-12-23:10:39:19,326 INFO     [psi4.driver.task_planner:259] PLANNING Atomic:  keywords={'DAMPING_PERCENTAGE': 1.0, 'GEOM_MAXITER': 500, 'SCF__GUESS': 'READ', 'GUESS': 'SAP', 'MAXITER': 500, 'REFERENCE': 'UKS', 'function_kwargs': {}}
2025-12-23:10:39:19,327 INFO     [psi4.driver.driver:638] Compute gradient(): method=b3lyp, basis=cc-pvdz, molecule=default, nre=4.99847071734551
2025-12-23:10:39:19,608 INFO     [psi4.driver.driver:641] Return gradient(): -135.644106751623
2025-12-23:10:39:19,609 INFO     [psi4.driver.driver:642] [[ 0.00000000  0.00000000 -0.00016436]
 [-0.00000000  0.00000000  0.00009180]]
2025-12-23:10:39:19,610 INFO     [psi4.optking.history:269] 	Performing BFGS update.
2025-12-23:10:39:19,610 INFO     [psi4.optking.history:280] 	Using 4 previous steps for update.
2025-12-23:10:39:19,611 WARNING  [psi4.optking.history:301] 	Change in internal coordinate of 9.25e-01 exceeds limit of 5.00e-01.
2025-12-23:10:39:19,611 WARNING  [psi4.optking.history:306] 	Skipping Hessian update for step 8.
2025-12-23:10:39:19,611 WARNING  [psi4.optking.history:301] 	Change in internal coordinate of 1.07e+00 exceeds limit of 5.00e-01.
2025-12-23:10:39:19,611 WARNING  [psi4.optking.history:306] 	Skipping Hessian update for step 7.
2025-12-23:10:39:19,611 WARNING  [psi4.optking.history:301] 	Change in internal coordinate of 1.66e+00 exceeds limit of 5.00e-01.
2025-12-23:10:39:19,611 WARNING  [psi4.optking.history:306] 	Skipping Hessian update for step 6.
2025-12-23:10:39:19,611 WARNING  [psi4.optking.history:301] 	Change in internal coordinate of 1.94e+00 exceeds limit of 5.00e-01.
2025-12-23:10:39:19,611 WARNING  [psi4.optking.history:306] 	Skipping Hessian update for step 5.
2025-12-23:10:39:19,611 WARNING  [psi4.optking.history:301] 	Change in internal coordinate of 2.55e+00 exceeds limit of 5.00e-01.
2025-12-23:10:39:19,611 WARNING  [psi4.optking.history:306] 	Skipping Hessian update for step 4.
2025-12-23:10:39:19,611 WARNING  [psi4.optking.history:301] 	Change in internal coordinate of 3.04e+00 exceeds limit of 5.00e-01.
2025-12-23:10:39:19,611 WARNING  [psi4.optking.history:306] 	Skipping Hessian update for step 3.
2025-12-23:10:39:19,611 WARNING  [psi4.optking.history:301] 	Change in internal coordinate of 3.40e+00 exceeds limit of 5.00e-01.
2025-12-23:10:39:19,611 WARNING  [psi4.optking.history:306] 	Skipping Hessian update for step 2.
2025-12-23:10:39:19,611 WARNING  [psi4.optking.history:301] 	Change in internal coordinate of 3.73e+00 exceeds limit of 5.00e-01.
2025-12-23:10:39:19,611 WARNING  [psi4.optking.history:306] 	Skipping Hessian update for step 1.
2025-12-23:10:39:19,611 INFO     [psi4.optking.history:317] 	Steps to be used in Hessian update:  11 10 9

2025-12-23:10:39:19,611 INFO     [psi4.optking.history:418] 	Updated Hessian (in au) 
 	   0.014313

2025-12-23:10:39:19,611 INFO     [psi4.optking.molsys:944] Projected (PHP) Hessian matrix
	   0.014313

2025-12-23:10:39:19,611 INFO     [psi4.optking.opt_helper:182] 
	         Geometry (au)                                       Gradient (au)
   0.0000000000   0.0000000000   4.4427343875		   0.0000000000   0.0000000000  -0.0001643638
   0.0000000000   0.0000000000  -1.5591013131		  -0.0000000000   0.0000000000   0.0000917974

2025-12-23:10:39:19,611 INFO     [psi4.optking.stepAlgorithms:368] 	Current Step Report 
 
	Current energy:      -135.6441067516
	Energy change for the previous step:
		Actual       :        -0.0000167499
		Projected    :        -0.0000104157

2025-12-23:10:39:19,611 INFO     [psi4.optking.stepAlgorithms:371] 	Energy ratio =    1.60815
2025-12-23:10:39:19,612 INFO     [psi4.optking.stepAlgorithms:929] 	Using RFO solution 1.
2025-12-23:10:39:19,612 INFO     [psi4.optking.displace:100] 	Determining Cartesian step for fragment 1.
2025-12-23:10:39:19,612 INFO     [psi4.optking.displace:415] 	Successfully converged to displaced geometry.
2025-12-23:10:39:19,612 INFO     [psi4.optking.displace:416] 	RMS(dx):  2.564e-16 	Max(dx):  4.441e-16 	RMS(dq):  0.000e+00
2025-12-23:10:39:19,612 INFO     [psi4.optking.displace:172] 

	        --- Internal Coordinate Step in ANG or DEG, aJ/ANG or AJ/DEG ---
	-------------------------------------------------------------------------------
	           Coordinate      Previous         Force          Change          New 
	           ----------      --------        ------          ------        ------
	               R(1,2)       3.17603        0.00106        0.00473       3.18077
	-------------------------------------------------------------------------------

2025-12-23:10:39:19,612 INFO     [psi4.optking.stepAlgorithms:113] 	|target step| :    0.0089476984
2025-12-23:10:39:19,612 INFO     [psi4.optking.stepAlgorithms:114] 	gradient     :   -0.0001280806
2025-12-23:10:39:19,612 INFO     [psi4.optking.stepAlgorithms:115] 	hessian      :    0.0143132192
2025-12-23:10:39:19,612 INFO     [psi4.optking.stepAlgorithms:113] 	|target step| :    0.0089476984
2025-12-23:10:39:19,612 INFO     [psi4.optking.stepAlgorithms:114] 	gradient     :   -0.0001280806
2025-12-23:10:39:19,612 INFO     [psi4.optking.stepAlgorithms:115] 	hessian      :    0.0143132192
2025-12-23:10:39:19,612 INFO     [psi4.optking.stepAlgorithms:206] 	Norm of achieved step-size    0.0089476984
2025-12-23:10:39:19,612 INFO     [psi4.optking.stepAlgorithms:208] 	Norm of achieved step-size (cart):    0.0063269782
2025-12-23:10:39:19,612 INFO     [psi4.optking.opt_helper:164] Molsys:

	                            ===> Fragment 1 <== 

	 Z (Atomic Numbers)          Masses                          Geom                  
	       3.000000             7.016003          0.00000000  0.00000000  4.44720824   
	      10.000000            19.992440          0.00000000  0.00000000 -1.56357516   

	 - Coordinate -           - BOHR/RAD -       - ANG/DEG -
	 R(1,2)           =         6.010783           3.180770

2025-12-23:10:39:19,612 INFO     [psi4.optking.convcheck:76] Performing convergence check.
2025-12-23:10:39:19,612 INFO     [psi4.optking.convcheck:282] 
	                                 ==> Convergence Check <==                                  
    
	Measures of convergence in internal coordinates in au.
    
	Criteria marked as inactive (o), active & met (*), and active & unmet ( ).

	----------------------------------------------------------------------------------------------
	   Step    Total Energy     Delta E     Max Force     RMS Force      Max Disp      RMS Disp   
	----------------------------------------------------------------------------------------------
	  Convergence Criteria     1.00e-06 *    3.00e-04 *             o    1.20e-03 *             o
	----------------------------------------------------------------------------------------------
	    12    -135.64410675   -1.67e-05      1.28e-04 *    1.28e-04 o    8.95e-03      8.95e-03 o  ~
	----------------------------------------------------------------------------------------------


2025-12-23:10:39:19,612 INFO     [psi4.optking.stepAlgorithms:296] 	Convergence check returned False
2025-12-23:10:39:19,623 INFO     [psi4.driver.task_planner:259] PLANNING Atomic:  keywords={'DAMPING_PERCENTAGE': 1.0, 'GEOM_MAXITER': 500, 'SCF__GUESS': 'READ', 'GUESS': 'SAP', 'MAXITER': 500, 'REFERENCE': 'UKS', 'function_kwargs': {}}
2025-12-23:10:39:19,624 INFO     [psi4.driver.driver:638] Compute gradient(): method=b3lyp, basis=cc-pvdz, molecule=default, nre=4.991029955383248
2025-12-23:10:39:19,914 INFO     [psi4.driver.driver:641] Return gradient(): -135.64410845056346
2025-12-23:10:39:19,915 INFO     [psi4.driver.driver:642] [[ 0.00000000  0.00000000 -0.00006765]
 [-0.00000000  0.00000000 -0.00000736]]
2025-12-23:10:39:19,916 INFO     [psi4.optking.history:269] 	Performing BFGS update.
2025-12-23:10:39:19,916 INFO     [psi4.optking.history:280] 	Using 4 previous steps for update.
2025-12-23:10:39:19,916 INFO     [psi4.optking.history:317] 	Steps to be used in Hessian update:  12 11 10 9

2025-12-23:10:39:19,917 INFO     [psi4.optking.history:418] 	Updated Hessian (in au) 
 	   0.014249

2025-12-23:10:39:19,917 INFO     [psi4.optking.molsys:944] Projected (PHP) Hessian matrix
	   0.014249

2025-12-23:10:39:19,917 INFO     [psi4.optking.opt_helper:182] 
	         Geometry (au)                                       Gradient (au)
   0.0000000000   0.0000000000   4.4493577357		   0.0000000000   0.0000000000  -0.0000676456
   0.0000000000   0.0000000000  -1.5614256634		  -0.0000000000   0.0000000000  -0.0000073578

2025-12-23:10:39:19,917 INFO     [psi4.optking.stepAlgorithms:368] 	Current Step Report 
 
	Current energy:      -135.6441084506
	Energy change for the previous step:
		Actual       :        -0.0000016989
		Projected    :        -0.0000005730

2025-12-23:10:39:19,917 INFO     [psi4.optking.stepAlgorithms:371] 	Energy ratio =    2.96492
2025-12-23:10:39:19,917 INFO     [psi4.optking.stepAlgorithms:929] 	Using RFO solution 1.
2025-12-23:10:39:19,917 INFO     [psi4.optking.displace:100] 	Determining Cartesian step for fragment 1.
2025-12-23:10:39:19,917 INFO     [psi4.optking.displace:415] 	Successfully converged to displaced geometry.
2025-12-23:10:39:19,917 INFO     [psi4.optking.displace:416] 	RMS(dx):  0.000e+00 	Max(dx):  0.000e+00 	RMS(dq):  0.000e+00
2025-12-23:10:39:19,918 INFO     [psi4.optking.displace:172] 

	        --- Internal Coordinate Step in ANG or DEG, aJ/ANG or AJ/DEG ---
	-------------------------------------------------------------------------------
	           Coordinate      Previous         Force          Change          New 
	           ----------      --------        ------          ------        ------
	               R(1,2)       3.18077        0.00025        0.00112       3.18189
	-------------------------------------------------------------------------------

2025-12-23:10:39:19,918 INFO     [psi4.optking.stepAlgorithms:113] 	|target step| :    0.0021154405
2025-12-23:10:39:19,918 INFO     [psi4.optking.stepAlgorithms:114] 	gradient     :   -0.0000301439
2025-12-23:10:39:19,918 INFO     [psi4.optking.stepAlgorithms:115] 	hessian      :    0.0142493875
2025-12-23:10:39:19,918 INFO     [psi4.optking.stepAlgorithms:113] 	|target step| :    0.0021154405
2025-12-23:10:39:19,918 INFO     [psi4.optking.stepAlgorithms:114] 	gradient     :   -0.0000301439
2025-12-23:10:39:19,918 INFO     [psi4.optking.stepAlgorithms:115] 	hessian      :    0.0142493875
2025-12-23:10:39:19,918 INFO     [psi4.optking.stepAlgorithms:206] 	Norm of achieved step-size    0.0021154405
2025-12-23:10:39:19,918 INFO     [psi4.optking.stepAlgorithms:208] 	Norm of achieved step-size (cart):    0.0014958423
2025-12-23:10:39:19,918 INFO     [psi4.optking.opt_helper:164] Molsys:

	                            ===> Fragment 1 <== 

	 Z (Atomic Numbers)          Masses                          Geom                  
	       3.000000             7.016003          0.00000000  0.00000000  4.45041546   
	      10.000000            19.992440          0.00000000  0.00000000 -1.56248338   

	 - Coordinate -           - BOHR/RAD -       - ANG/DEG -
	 R(1,2)           =         6.012899           3.181889

2025-12-23:10:39:19,918 INFO     [psi4.optking.convcheck:76] Performing convergence check.
2025-12-23:10:39:19,918 INFO     [psi4.optking.convcheck:282] 
	                                 ==> Convergence Check <==                                  
    
	Measures of convergence in internal coordinates in au.
    
	Criteria marked as inactive (o), active & met (*), and active & unmet ( ).

	----------------------------------------------------------------------------------------------
	   Step    Total Energy     Delta E     Max Force     RMS Force      Max Disp      RMS Disp   
	----------------------------------------------------------------------------------------------
	  Convergence Criteria     1.00e-06 *    3.00e-04 *             o    1.20e-03 *             o
	----------------------------------------------------------------------------------------------
	    13    -135.64410845   -1.70e-06      3.01e-05 *    3.01e-05 o    2.12e-03      2.12e-03 o  ~
	----------------------------------------------------------------------------------------------


2025-12-23:10:39:19,918 INFO     [psi4.optking.stepAlgorithms:296] 	Convergence check returned False
2025-12-23:10:39:19,929 INFO     [psi4.driver.task_planner:259] PLANNING Atomic:  keywords={'DAMPING_PERCENTAGE': 1.0, 'GEOM_MAXITER': 500, 'SCF__GUESS': 'READ', 'GUESS': 'SAP', 'MAXITER': 500, 'REFERENCE': 'UKS', 'function_kwargs': {}}
2025-12-23:10:39:19,930 INFO     [psi4.driver.driver:638] Compute gradient(): method=b3lyp, basis=cc-pvdz, molecule=default, nre=4.989274025819374
2025-12-23:10:39:20,235 INFO     [psi4.driver.driver:641] Return gradient(): -135.64410872698704
2025-12-23:10:39:20,235 INFO     [psi4.driver.driver:642] [[-0.00000000  0.00000000 -0.00004493]
 [ 0.00000000  0.00000000 -0.00003068]]
2025-12-23:10:39:20,237 INFO     [psi4.optking.history:269] 	Performing BFGS update.
2025-12-23:10:39:20,237 INFO     [psi4.optking.history:280] 	Using 4 previous steps for update.
2025-12-23:10:39:20,237 WARNING  [psi4.optking.history:297] 	Denominators (dg)(dq) or (dq)(dq) are very small.
2025-12-23:10:39:20,237 WARNING  [psi4.optking.history:298] 	Skipping Hessian update for step 13.
2025-12-23:10:39:20,237 INFO     [psi4.optking.history:317] 	Steps to be used in Hessian update:  12 11 10 9

2025-12-23:10:39:20,237 INFO     [psi4.optking.history:418] 	Updated Hessian (in au) 
 	   0.014234

2025-12-23:10:39:20,237 INFO     [psi4.optking.molsys:944] Projected (PHP) Hessian matrix
	   0.014234

2025-12-23:10:39:20,237 INFO     [psi4.optking.opt_helper:182] 
	         Geometry (au)                                       Gradient (au)
   0.0000000000   0.0000000000   4.4509236466		  -0.0000000000   0.0000000000  -0.0000449313
   0.0000000000   0.0000000000  -1.5619751929		   0.0000000000   0.0000000000  -0.0000306780

2025-12-23:10:39:20,237 INFO     [psi4.optking.stepAlgorithms:368] 	Current Step Report 
 
	Current energy:      -135.6441087270
	Energy change for the previous step:
		Actual       :        -0.0000002764
		Projected    :        -0.0000000319

2025-12-23:10:39:20,237 INFO     [psi4.optking.stepAlgorithms:371] 	Energy ratio =    8.66972
2025-12-23:10:39:20,237 INFO     [psi4.optking.stepAlgorithms:929] 	Using RFO solution 1.
2025-12-23:10:39:20,238 INFO     [psi4.optking.displace:100] 	Determining Cartesian step for fragment 1.
2025-12-23:10:39:20,238 INFO     [psi4.optking.displace:415] 	Successfully converged to displaced geometry.
2025-12-23:10:39:20,238 INFO     [psi4.optking.displace:416] 	RMS(dx):  0.000e+00 	Max(dx):  0.000e+00 	RMS(dq):  0.000e+00
2025-12-23:10:39:20,238 INFO     [psi4.optking.displace:172] 

	        --- Internal Coordinate Step in ANG or DEG, aJ/ANG or AJ/DEG ---
	-------------------------------------------------------------------------------
	           Coordinate      Previous         Force          Change          New 
	           ----------      --------        ------          ------        ------
	               R(1,2)       3.18189        0.00006        0.00026       3.18215
	-------------------------------------------------------------------------------

2025-12-23:10:39:20,238 INFO     [psi4.optking.stepAlgorithms:113] 	|target step| :    0.0005006646
2025-12-23:10:39:20,238 INFO     [psi4.optking.stepAlgorithms:114] 	gradient     :   -0.0000071266
2025-12-23:10:39:20,238 INFO     [psi4.optking.stepAlgorithms:115] 	hessian      :    0.0142343589
2025-12-23:10:39:20,238 INFO     [psi4.optking.stepAlgorithms:113] 	|target step| :    0.0005006646
2025-12-23:10:39:20,238 INFO     [psi4.optking.stepAlgorithms:114] 	gradient     :   -0.0000071266
2025-12-23:10:39:20,238 INFO     [psi4.optking.stepAlgorithms:115] 	hessian      :    0.0142343589
2025-12-23:10:39:20,238 INFO     [psi4.optking.stepAlgorithms:206] 	Norm of achieved step-size    0.0005006646
2025-12-23:10:39:20,238 INFO     [psi4.optking.stepAlgorithms:208] 	Norm of achieved step-size (cart):    0.0003540234
2025-12-23:10:39:20,238 INFO     [psi4.optking.opt_helper:164] Molsys:

	                            ===> Fragment 1 <== 

	 Z (Atomic Numbers)          Masses                          Geom                  
	       3.000000             7.016003          0.00000000  0.00000000  4.45117398   
	      10.000000            19.992440          0.00000000  0.00000000 -1.56222553   

	 - Coordinate -           - BOHR/RAD -       - ANG/DEG -
	 R(1,2)           =         6.013400           3.182154

2025-12-23:10:39:20,238 INFO     [psi4.optking.convcheck:76] Performing convergence check.
2025-12-23:10:39:20,238 INFO     [psi4.optking.convcheck:282] 
	                                 ==> Convergence Check <==                                  
    
	Measures of convergence in internal coordinates in au.
    
	Criteria marked as inactive (o), active & met (*), and active & unmet ( ).

	----------------------------------------------------------------------------------------------
	   Step    Total Energy     Delta E     Max Force     RMS Force      Max Disp      RMS Disp   
	----------------------------------------------------------------------------------------------
	  Convergence Criteria     1.00e-06 *    3.00e-04 *             o    1.20e-03 *             o
	----------------------------------------------------------------------------------------------
	    14    -135.64410873   -2.76e-07 *    7.13e-06 *    7.13e-06 o    5.01e-04 *    5.01e-04 o  ~
	----------------------------------------------------------------------------------------------


2025-12-23:10:39:20,238 INFO     [psi4.optking.convcheck:206] 
	                      ===> Final Convergence Report <===                     

	----------------------------------------------------------------------------
	|   Required Criteria    |  One or More Criteria  |   Alternate Criteria   |
	----------------------------------------------------------------------------
	| [x]     max_force      | [x]       max_DE       |                        |
	|                        | [x]      max_disp      |                        |
	----------------------------------------------------------------------------


2025-12-23:10:39:20,238 INFO     [psi4.optking.stepAlgorithms:296] 	Convergence check returned True
2025-12-23:10:39:20,238 INFO     [psi4.optking.optimize:332] 	Converged in 14 steps!
2025-12-23:10:39:20,238 INFO     [psi4.optking.optimize:333] 	Final energy is   -135.6441087269870
2025-12-23:10:39:20,238 INFO     [psi4.optking.optimize:334] 	Final structure (Angstroms): 
	Fragment 1 (Ang)

	   Li   0.0000000000   0.0000000000   2.3554598304
	   Ne   0.0000000000   0.0000000000  -0.8266941459


2025-12-23:10:39:20,239 INFO     [psi4.optking.optimize:562] 	Optimization Finished

	==> Optimization Summary <==

        
	Measures of convergence in internal coordinates in au. (Any backward steps not shown.)
        
	---------------------------------------------------------------------------------------------------------------  ~
        
	 Step         Total Energy             Delta E       MAX Force       RMS Force        MAX Disp        RMS Disp   ~
        
	---------------------------------------------------------------------------------------------------------------  ~
        
	     1    -135.338175371988   -135.338175371988      0.40069424      0.40069424      0.33846643      0.33846643  ~
	     2    -135.438120632449     -0.099945260461      0.21763841      0.21763841      0.35242761      0.35242761  ~
	     3    -135.499197080625     -0.061076448176      0.14057586      0.14057586      0.48909959      0.48909959  ~
	     4    -135.555319483963     -0.056122403338      0.09421316      0.09421316      0.61633936      0.61633936  ~
	     5    -135.601610028841     -0.046290544878      0.05743908      0.05743908      0.27745237      0.27745237  ~
	     6    -135.615632007508     -0.014021978667      0.04387905      0.04387905      0.58770724      0.58770724  ~
	     7    -135.634390758950     -0.018758751442      0.02146591      0.02146591      0.14737936      0.14737936  ~
	     8    -135.637230541226     -0.002839782276      0.01716203      0.01716203      0.46216059      0.46216059  ~
	     9    -135.642602193177     -0.005371651950      0.00675699      0.00675699      0.27708293      0.27708293  ~
	    10    -135.643862778558     -0.001260585381      0.00238977      0.00238977      0.14828732      0.14828732  ~
	    11    -135.644090001699     -0.000227223141      0.00055166      0.00055166      0.03776156      0.03776156  ~
	    12    -135.644106751623     -0.000016749924      0.00012808      0.00012808      0.00894770      0.00894770  ~
	    13    -135.644108450563     -0.000001698940      0.00003014      0.00003014      0.00211544      0.00211544  ~
	    14    -135.644108726987     -0.000000276424      0.00000713      0.00000713      0.00050066      0.00050066  ~
	----------------------------------------------------------------------------------------------------------------


2025-12-23:10:39:20,239 INFO     [psi4.optking.optimize:806] Preparing OptimizationResult
