2025-12-23:10:50:50,325 WARNING  [psi4.optking:38] Some dependencies such as QCElemental have not yet finished migration to pydantic v2. If issues are encountered please downgrade pydantic or upgrade QCElemental as appropriate
2025-12-23:10:50:50,500 INFO     [psi4.optking.optwrapper:234] Creating a UserComputer
2025-12-23:10:50:50,501 INFO     [psi4.optking.optwrapper:242] 
    			-----------------------------------------

    			 OPTKING 3.0: for geometry optimizations 

    			     By R.A. King, Bethel University     

    			        with contributions from          

    			    A.V. Copan, J. Cayton, A. Heide      

    			-----------------------------------------

    
2025-12-23:10:50:50,501 INFO     [psi4.optking.optwrapper:272] 
		 -- Optimization Parameters --
	GEOM_MAXITER                   =             500
	ALG_GEOM_MAXITER               =              50
	PRINT                          =               1
	OPT_TYPE                       =             MIN
	STEP_TYPE                      =             RFO
	PROGRAM                        =            PSI4
	STEEPEST_DESCENT_TYPE          =         OVERLAP
	CONJUGATE_GRADIENT_TYPE        =        FLETCHER
	OPT_COORDINATES                =        INTERNAL
	RFO_FOLLOW_ROOT                =           False
	RFO_ROOT                       =               0
	ACCEPT_SYMMETRY_BREAKING       =           False
	DYNAMIC_LVL                    =               0
	DYNAMIC_LVL_MAX                =               0
	IRC_STEP_SIZE                  =             0.2
	IRC_DIRECTION                  =         FORWARD
	IRC_POINTS                     =              20
	IRC_MODE                       =          NORMAL
	IRC_CONVERGENCE                =            -0.7
	INTRAFRAG_STEP_LIMIT           =             0.5
	INTRAFRAG_STEP_LIMIT_MIN       =           0.001
	INTRAFRAG_STEP_LIMIT_MAX       =             1.0
	INTERFRAG_STEP_LIMIT           =             0.5
	INTERFRAG_STEP_LIMIT_MIN       =           0.001
	INTERFRAG_STEP_LIMIT_MAX       =             1.0
	ENSURE_BT_CONVERGENCE          =           False
	SIMPLE_STEP_SCALING            =           False
	CONSECUTIVE_BACKSTEPS          =               0
	RFO_NORMALIZATION_MAX          =             100
	RSRFO_ALPHA_MAX                =     100000000.0
	PRINT_TRAJECTORY_XYZ_FILE      =           False
	WRITE_TRAJECTORY               =           False
	FROZEN_DISTANCE                =                
	FROZEN_BEND                    =                
	FROZEN_DIHEDRAL                =                
	FROZEN_OOFP                    =                
	FROZEN_CARTESIAN               =                
	FREEZE_ALL_DIHEDRALS           =           False
	UNFREEZE_DIHEDRALS             =                
	RANGED_DISTANCE                =                
	RANGED_BEND                    =                
	RANGED_DIHEDRAL                =                
	RANGED_OOFP                    =                
	RANGED_CARTESIAN               =                
	EXT_FORCE_DISTANCE             =                
	EXT_FORCE_BEND                 =                
	EXT_FORCE_DIHEDRAL             =                
	EXT_FORCE_OOFP                 =                
	EXT_FORCE_CARTESIAN            =                
	G_CONVERGENCE                  =           QCHEM
	MAX_FORCE_G_CONVERGENCE        =          0.0003
	RMS_FORCE_G_CONVERGENCE        =          0.0003
	MAX_ENERGY_G_CONVERGENCE       =           1e-06
	MAX_DISP_G_CONVERGENCE         =          0.0012
	RMS_DISP_G_CONVERGENCE         =          0.0012
	FLEXIBLE_G_CONVERGENCE         =           False
	HESS_UPDATE                    =            BFGS
	HESS_UPDATE_USE_LAST           =               4
	HESS_UPDATE_LIMIT              =            True
	HESS_UPDATE_LIMIT_MAX          =             1.0
	HESS_UPDATE_LIMIT_SCALE        =             0.5
	HESS_UPDATE_DEN_TOL            =           1e-07
	HESS_UPDATE_DQ_TOL             =             0.5
	CART_HESS_READ                 =           False
	HESSIAN_FILE                   =               .
	FULL_HESS_EVERY                =              -1
	INTRAFRAG_HESS                 =        SCHLEGEL
	H_GUESS_EVERY                  =           False
	BT_MAX_ITER                    =              25
	BT_DX_CONV                     =           1e-07
	BT_DX_RMS_CHANGE_CONV          =           1e-12
	BT_PINV_RCOND                  =           1e-06
	FRAG_MODE                      =          SINGLE
	FRAG_REF_ATOMS                 =              []
	FREEZE_INTRAFRAG               =           False
	INTERFRAG_MODE                 =           FIXED
	ADD_AUXILIARY_BONDS            =           False
	AUXILIARY_BOND_FACTOR          =             2.5
	INTERFRAG_DIST_INV             =           False
	INTERFRAG_COLLINEAR_TOL        =            0.01
	INTERFRAG_COORDS               =              []
	INTERFRAG_HESS                 =         DEFAULT
	COVALENT_CONNECT               =             1.3
	INTERFRAGMENT_CONNECT          =             1.8
	H_BOND_CONNECT                 =             4.3
	INCLUDE_OOFP                   =           False
	TEST_B                         =           False
	TEST_DERIVATIVE_B              =           False
	LINESEARCH_STEP                =             0.1
	LINESEARCH                     =           False
	SD_HESSIAN                     =             1.0
	FIX_VAL_NEAR_PI                =            1.57
	V3D_TORS_ANGLE_LIM             =           0.017
	V3D_TORS_COS_TOL               =           1e-10
	LINEAR_BEND_THRESHOLD          =            3.05
	SMALL_BEND_FIX_THRESHOLD       =            0.35
	REDUNDANT_EVAL_TOL             =           1e-10
	LINEAR_ALGEBRA_TOL             =           1e-10


2025-12-23:10:50:50,647 INFO     [psi4.optking.opt_helper:164] Molsys:

	                            ===> Fragment 1 <== 

	 Z (Atomic Numbers)          Masses                          Geom                  
	       5.000000            11.009305          0.00000000  0.00000000  1.62730461   
	      14.000000            27.976927          0.00000000  0.00000000 -0.64036674   

	 - Coordinate -           - BOHR/RAD -       - ANG/DEG -
	 R(1,2)           =         2.267671           1.200000

2025-12-23:10:50:50,658 INFO     [psi4.driver.task_planner:259] PLANNING Atomic:  keywords={'DAMPING_PERCENTAGE': 1.0, 'GEOM_MAXITER': 500, 'GUESS': 'SAP', 'MAXITER': 500, 'REFERENCE': 'UKS', 'function_kwargs': {}}
2025-12-23:10:50:50,660 INFO     [psi4.driver.driver:638] Compute gradient(): method=b3lyp, basis=cc-pvdz, molecule=default, nre=30.868670622416673
2025-12-23:10:50:51,295 INFO     [psi4.driver.driver:641] Return gradient(): -313.68624183783
2025-12-23:10:50:51,295 INFO     [psi4.driver.driver:642] [[ 0.00000000 -0.00000000 -0.98576406]
 [-0.00000000  0.00000000  0.98577433]]
2025-12-23:10:50:51,297 INFO     [psi4.optking.molsys:944] Projected (PHP) Hessian matrix
	   4.182219

2025-12-23:10:50:51,297 INFO     [psi4.optking.opt_helper:182] 
	         Geometry (au)                                       Gradient (au)
   0.0000000000   0.0000000000   1.6273046072		   0.0000000000  -0.0000000000  -0.9857640637
   0.0000000000   0.0000000000  -0.6403667434		  -0.0000000000   0.0000000000   0.9857743313

2025-12-23:10:50:51,297 INFO     [psi4.optking.stepAlgorithms:929] 	Using RFO solution 1.
2025-12-23:10:50:51,297 INFO     [psi4.optking.displace:100] 	Determining Cartesian step for fragment 1.
2025-12-23:10:50:51,297 INFO     [psi4.optking.displace:415] 	Successfully converged to displaced geometry.
2025-12-23:10:50:51,297 INFO     [psi4.optking.displace:416] 	RMS(dx):  0.000e+00 	Max(dx):  0.000e+00 	RMS(dq):  0.000e+00
2025-12-23:10:50:51,297 INFO     [psi4.optking.displace:172] 

	        --- Internal Coordinate Step in ANG or DEG, aJ/ANG or AJ/DEG ---
	-------------------------------------------------------------------------------
	           Coordinate      Previous         Force          Change          New 
	           ----------      --------        ------          ------        ------
	               R(1,2)       1.20000        8.12148        0.11848       1.31848
	-------------------------------------------------------------------------------

2025-12-23:10:50:51,297 INFO     [psi4.optking.stepAlgorithms:113] 	|target step| :    0.2238897630
2025-12-23:10:50:51,298 INFO     [psi4.optking.stepAlgorithms:114] 	gradient     :   -0.9857691975
2025-12-23:10:50:51,298 INFO     [psi4.optking.stepAlgorithms:115] 	hessian      :    4.1822185214
2025-12-23:10:50:51,298 INFO     [psi4.optking.stepAlgorithms:113] 	|target step| :    0.2238897630
2025-12-23:10:50:51,298 INFO     [psi4.optking.stepAlgorithms:114] 	gradient     :   -0.9857691975
2025-12-23:10:50:51,298 INFO     [psi4.optking.stepAlgorithms:115] 	hessian      :    4.1822185214
2025-12-23:10:50:51,298 INFO     [psi4.optking.stepAlgorithms:206] 	Norm of achieved step-size    0.2238897630
2025-12-23:10:50:51,298 INFO     [psi4.optking.stepAlgorithms:208] 	Norm of achieved step-size (cart):    0.1583139697
2025-12-23:10:50:51,298 INFO     [psi4.optking.opt_helper:164] Molsys:

	                            ===> Fragment 1 <== 

	 Z (Atomic Numbers)          Masses                          Geom                  
	       5.000000            11.009305          0.00000000  0.00000000  1.73924949   
	      14.000000            27.976927          0.00000000  0.00000000 -0.75231162   

	 - Coordinate -           - BOHR/RAD -       - ANG/DEG -
	 R(1,2)           =         2.491561           1.318477

2025-12-23:10:50:51,298 INFO     [psi4.optking.convcheck:76] Performing convergence check.
2025-12-23:10:50:51,298 INFO     [psi4.optking.convcheck:282] 
	                                 ==> Convergence Check <==                                  
    
	Measures of convergence in internal coordinates in au.
    
	Criteria marked as inactive (o), active & met (*), and active & unmet ( ).

	----------------------------------------------------------------------------------------------~
	   Step    Total Energy     Delta E     Max Force     RMS Force      Max Disp      RMS Disp   ~
	----------------------------------------------------------------------------------------------~
	  Convergence Criteria     1.00e-06 *    3.00e-04 *             o    1.20e-03 *             o~
	----------------------------------------------------------------------------------------------~
	     1    -313.68624184   -3.14e+02      9.86e-01      9.86e-01 o    2.24e-01      2.24e-01 o  ~
	----------------------------------------------------------------------------------------------


2025-12-23:10:50:51,298 INFO     [psi4.optking.stepAlgorithms:296] 	Convergence check returned False
2025-12-23:10:50:51,309 INFO     [psi4.driver.task_planner:259] PLANNING Atomic:  keywords={'DAMPING_PERCENTAGE': 1.0, 'GEOM_MAXITER': 500, 'SCF__GUESS': 'READ', 'GUESS': 'SAP', 'MAXITER': 500, 'REFERENCE': 'UKS', 'function_kwargs': {}}
2025-12-23:10:50:51,310 INFO     [psi4.driver.driver:638] Compute gradient(): method=b3lyp, basis=cc-pvdz, molecule=default, nre=28.09483565098754
2025-12-23:10:50:51,859 INFO     [psi4.driver.driver:641] Return gradient(): -313.8596180981927
2025-12-23:10:50:51,859 INFO     [psi4.driver.driver:642] [[-0.00000000  0.00000000 -0.58611595]
 [ 0.00000000  0.00000000  0.58610975]]
2025-12-23:10:50:51,861 INFO     [psi4.optking.history:269] 	Performing BFGS update.
2025-12-23:10:50:51,861 INFO     [psi4.optking.history:280] 	Using 1 previous steps for update.
2025-12-23:10:50:51,861 INFO     [psi4.optking.history:317] 	Steps to be used in Hessian update:  1

2025-12-23:10:50:51,861 INFO     [psi4.optking.history:418] 	Updated Hessian (in au) 
 	   2.091109

2025-12-23:10:50:51,861 INFO     [psi4.optking.molsys:944] Projected (PHP) Hessian matrix
	   2.091109

2025-12-23:10:50:51,861 INFO     [psi4.optking.opt_helper:182] 
	         Geometry (au)                                       Gradient (au)
   0.0000000000   0.0000000000   1.7879702357		  -0.0000000000   0.0000000000  -0.5861159548
   0.0000000000   0.0000000000  -0.7035908778		   0.0000000000   0.0000000000   0.5861097519

2025-12-23:10:50:51,861 INFO     [psi4.optking.stepAlgorithms:368] 	Current Step Report 
 
	Current energy:      -313.8596180982
	Energy change for the previous step:
		Actual       :        -0.1733762604
		Projected    :        -0.1103518160

2025-12-23:10:50:51,861 INFO     [psi4.optking.stepAlgorithms:371] 	Energy ratio =    1.57112
2025-12-23:10:50:51,861 INFO     [psi4.optking.stepAlgorithms:399] 	Energy ratio indicates good step.
2025-12-23:10:50:51,861 INFO     [psi4.optking.stepAlgorithms:400] 	Intrafrag trust radius increased to      1.
2025-12-23:10:50:51,861 INFO     [psi4.optking.stepAlgorithms:929] 	Using RFO solution 1.
2025-12-23:10:50:51,862 INFO     [psi4.optking.displace:100] 	Determining Cartesian step for fragment 1.
2025-12-23:10:50:51,862 INFO     [psi4.optking.displace:415] 	Successfully converged to displaced geometry.
2025-12-23:10:50:51,862 INFO     [psi4.optking.displace:416] 	RMS(dx):  0.000e+00 	Max(dx):  0.000e+00 	RMS(dq):  0.000e+00
2025-12-23:10:50:51,862 INFO     [psi4.optking.displace:172] 

	        --- Internal Coordinate Step in ANG or DEG, aJ/ANG or AJ/DEG ---
	-------------------------------------------------------------------------------
	           Coordinate      Previous         Force          Change          New 
	           ----------      --------        ------          ------        ------
	               R(1,2)       1.31848        4.82882        0.13821       1.45668
	-------------------------------------------------------------------------------

2025-12-23:10:50:51,862 INFO     [psi4.optking.stepAlgorithms:113] 	|target step| :    0.2611696769
2025-12-23:10:50:51,862 INFO     [psi4.optking.stepAlgorithms:114] 	gradient     :   -0.5861128533
2025-12-23:10:50:51,862 INFO     [psi4.optking.stepAlgorithms:115] 	hessian      :    2.0911092607
2025-12-23:10:50:51,862 INFO     [psi4.optking.stepAlgorithms:113] 	|target step| :    0.2611696769
2025-12-23:10:50:51,862 INFO     [psi4.optking.stepAlgorithms:114] 	gradient     :   -0.5861128533
2025-12-23:10:50:51,862 INFO     [psi4.optking.stepAlgorithms:115] 	hessian      :    2.0911092607
2025-12-23:10:50:51,862 INFO     [psi4.optking.stepAlgorithms:206] 	Norm of achieved step-size    0.2611696769
2025-12-23:10:50:51,862 INFO     [psi4.optking.stepAlgorithms:208] 	Norm of achieved step-size (cart):    0.1846748496
2025-12-23:10:50:51,862 INFO     [psi4.optking.opt_helper:164] Molsys:

	                            ===> Fragment 1 <== 

	 Z (Atomic Numbers)          Masses                          Geom                  
	       5.000000            11.009305          0.00000000  0.00000000  1.91855507   
	      14.000000            27.976927          0.00000000  0.00000000 -0.83417572   

	 - Coordinate -           - BOHR/RAD -       - ANG/DEG -
	 R(1,2)           =         2.752731           1.456682

2025-12-23:10:50:51,862 INFO     [psi4.optking.convcheck:76] Performing convergence check.
2025-12-23:10:50:51,862 INFO     [psi4.optking.convcheck:282] 
	                                 ==> Convergence Check <==                                  
    
	Measures of convergence in internal coordinates in au.
    
	Criteria marked as inactive (o), active & met (*), and active & unmet ( ).

	----------------------------------------------------------------------------------------------
	   Step    Total Energy     Delta E     Max Force     RMS Force      Max Disp      RMS Disp   
	----------------------------------------------------------------------------------------------
	  Convergence Criteria     1.00e-06 *    3.00e-04 *             o    1.20e-03 *             o
	----------------------------------------------------------------------------------------------
	     2    -313.85961810   -1.73e-01      5.86e-01      5.86e-01 o    2.61e-01      2.61e-01 o  ~
	----------------------------------------------------------------------------------------------


2025-12-23:10:50:51,862 INFO     [psi4.optking.stepAlgorithms:296] 	Convergence check returned False
2025-12-23:10:50:51,874 INFO     [psi4.driver.task_planner:259] PLANNING Atomic:  keywords={'DAMPING_PERCENTAGE': 1.0, 'GEOM_MAXITER': 500, 'SCF__GUESS': 'READ', 'GUESS': 'SAP', 'MAXITER': 500, 'REFERENCE': 'UKS', 'function_kwargs': {}}
2025-12-23:10:50:51,876 INFO     [psi4.driver.driver:638] Compute gradient(): method=b3lyp, basis=cc-pvdz, molecule=default, nre=25.429293791702424
2025-12-23:10:50:52,495 INFO     [psi4.driver.driver:641] Return gradient(): -313.96899450804807
2025-12-23:10:50:52,496 INFO     [psi4.driver.driver:642] [[ 0.00000000  0.00000000 -0.27596972]
 [ 0.00000000  0.00000000  0.27596572]]
2025-12-23:10:50:52,497 INFO     [psi4.optking.history:269] 	Performing BFGS update.
2025-12-23:10:50:52,497 INFO     [psi4.optking.history:280] 	Using 2 previous steps for update.
2025-12-23:10:50:52,497 INFO     [psi4.optking.history:317] 	Steps to be used in Hessian update:  2 1

2025-12-23:10:50:52,497 INFO     [psi4.optking.history:418] 	Updated Hessian (in au) 
 	   1.463329

2025-12-23:10:50:52,498 INFO     [psi4.optking.molsys:944] Projected (PHP) Hessian matrix
	   1.463329

2025-12-23:10:50:52,498 INFO     [psi4.optking.opt_helper:182] 
	         Geometry (au)                                       Gradient (au)
   0.0000000000   0.0000000000   1.9753883192		   0.0000000000   0.0000000000  -0.2759697192
   0.0000000000   0.0000000000  -0.7773424713		   0.0000000000   0.0000000000   0.2759657249

2025-12-23:10:50:52,498 INFO     [psi4.optking.stepAlgorithms:368] 	Current Step Report 
 
	Current energy:      -313.9689945080
	Energy change for the previous step:
		Actual       :        -0.1093764099
		Projected    :        -0.0765374523

2025-12-23:10:50:52,498 INFO     [psi4.optking.stepAlgorithms:371] 	Energy ratio =    1.42906
2025-12-23:10:50:52,498 INFO     [psi4.optking.stepAlgorithms:929] 	Using RFO solution 1.
2025-12-23:10:50:52,498 INFO     [psi4.optking.displace:100] 	Determining Cartesian step for fragment 1.
2025-12-23:10:50:52,498 INFO     [psi4.optking.displace:415] 	Successfully converged to displaced geometry.
2025-12-23:10:50:52,498 INFO     [psi4.optking.displace:416] 	RMS(dx):  1.282e-16 	Max(dx):  2.220e-16 	RMS(dq):  0.000e+00
2025-12-23:10:50:52,498 INFO     [psi4.optking.displace:172] 

	        --- Internal Coordinate Step in ANG or DEG, aJ/ANG or AJ/DEG ---
	-------------------------------------------------------------------------------
	           Coordinate      Previous         Force          Change          New 
	           ----------      --------        ------          ------        ------
	               R(1,2)       1.45668        2.27362        0.09648       1.55316
	-------------------------------------------------------------------------------

2025-12-23:10:50:52,498 INFO     [psi4.optking.stepAlgorithms:113] 	|target step| :    0.1823201772
2025-12-23:10:50:52,498 INFO     [psi4.optking.stepAlgorithms:114] 	gradient     :   -0.2759677220
2025-12-23:10:50:52,498 INFO     [psi4.optking.stepAlgorithms:115] 	hessian      :    1.4633288564
2025-12-23:10:50:52,498 INFO     [psi4.optking.stepAlgorithms:113] 	|target step| :    0.1823201772
2025-12-23:10:50:52,498 INFO     [psi4.optking.stepAlgorithms:114] 	gradient     :   -0.2759677220
2025-12-23:10:50:52,498 INFO     [psi4.optking.stepAlgorithms:115] 	hessian      :    1.4633288564
2025-12-23:10:50:52,498 INFO     [psi4.optking.stepAlgorithms:206] 	Norm of achieved step-size    0.1823201772
2025-12-23:10:50:52,498 INFO     [psi4.optking.stepAlgorithms:208] 	Norm of achieved step-size (cart):    0.1289198336
2025-12-23:10:50:52,499 INFO     [psi4.optking.opt_helper:164] Molsys:

	                            ===> Fragment 1 <== 

	 Z (Atomic Numbers)          Masses                          Geom                  
	       5.000000            11.009305          0.00000000  0.00000000  2.06654841   
	      14.000000            27.976927          0.00000000  0.00000000 -0.86850256   

	 - Coordinate -           - BOHR/RAD -       - ANG/DEG -
	 R(1,2)           =         2.935051           1.553162

2025-12-23:10:50:52,499 INFO     [psi4.optking.convcheck:76] Performing convergence check.
2025-12-23:10:50:52,499 INFO     [psi4.optking.convcheck:282] 
	                                 ==> Convergence Check <==                                  
    
	Measures of convergence in internal coordinates in au.
    
	Criteria marked as inactive (o), active & met (*), and active & unmet ( ).

	----------------------------------------------------------------------------------------------
	   Step    Total Energy     Delta E     Max Force     RMS Force      Max Disp      RMS Disp   
	----------------------------------------------------------------------------------------------
	  Convergence Criteria     1.00e-06 *    3.00e-04 *             o    1.20e-03 *             o
	----------------------------------------------------------------------------------------------
	     3    -313.96899451   -1.09e-01      2.76e-01      2.76e-01 o    1.82e-01      1.82e-01 o  ~
	----------------------------------------------------------------------------------------------


2025-12-23:10:50:52,499 INFO     [psi4.optking.stepAlgorithms:296] 	Convergence check returned False
2025-12-23:10:50:52,510 INFO     [psi4.driver.task_planner:259] PLANNING Atomic:  keywords={'DAMPING_PERCENTAGE': 1.0, 'GEOM_MAXITER': 500, 'SCF__GUESS': 'READ', 'GUESS': 'SAP', 'MAXITER': 500, 'REFERENCE': 'UKS', 'function_kwargs': {}}
2025-12-23:10:50:52,512 INFO     [psi4.driver.driver:638] Compute gradient(): method=b3lyp, basis=cc-pvdz, molecule=default, nre=23.849671018179695
2025-12-23:10:50:53,242 INFO     [psi4.driver.driver:641] Return gradient(): -314.08235703934173
2025-12-23:10:50:53,242 INFO     [psi4.driver.driver:642] [[ 0.00000000  0.00000000 -0.22220501]
 [ 0.00000000 -0.00000000  0.22220055]]
2025-12-23:10:50:53,244 INFO     [psi4.optking.history:269] 	Performing BFGS update.
2025-12-23:10:50:53,244 INFO     [psi4.optking.history:280] 	Using 3 previous steps for update.
2025-12-23:10:50:53,244 WARNING  [psi4.optking.history:301] 	Change in internal coordinate of 6.67e-01 exceeds limit of 5.00e-01.
2025-12-23:10:50:53,244 WARNING  [psi4.optking.history:306] 	Skipping Hessian update for step 1.
2025-12-23:10:50:53,244 INFO     [psi4.optking.history:317] 	Steps to be used in Hessian update:  3 2

2025-12-23:10:50:53,244 INFO     [psi4.optking.history:418] 	Updated Hessian (in au) 
 	   0.820560

2025-12-23:10:50:53,245 INFO     [psi4.optking.molsys:944] Projected (PHP) Hessian matrix
	   0.820560

2025-12-23:10:50:53,245 INFO     [psi4.optking.opt_helper:182] 
	         Geometry (au)                                       Gradient (au)
   0.0000000000   0.0000000000   2.1062231795		   0.0000000000   0.0000000000  -0.2222050095
   0.0000000000   0.0000000000  -0.8288277882		   0.0000000000  -0.0000000000   0.2222005497

2025-12-23:10:50:53,245 INFO     [psi4.optking.stepAlgorithms:368] 	Current Step Report 
 
	Current energy:      -314.0823570393
	Energy change for the previous step:
		Actual       :        -0.1133625313
		Projected    :        -0.0251572420

2025-12-23:10:50:53,245 INFO     [psi4.optking.stepAlgorithms:371] 	Energy ratio =    4.50616
2025-12-23:10:50:53,245 INFO     [psi4.optking.stepAlgorithms:929] 	Using RFO solution 1.
2025-12-23:10:50:53,245 INFO     [psi4.optking.displace:100] 	Determining Cartesian step for fragment 1.
2025-12-23:10:50:53,245 INFO     [psi4.optking.displace:415] 	Successfully converged to displaced geometry.
2025-12-23:10:50:53,245 INFO     [psi4.optking.displace:416] 	RMS(dx):  1.282e-16 	Max(dx):  2.220e-16 	RMS(dq):  0.000e+00
2025-12-23:10:50:53,245 INFO     [psi4.optking.displace:172] 

	        --- Internal Coordinate Step in ANG or DEG, aJ/ANG or AJ/DEG ---
	-------------------------------------------------------------------------------
	           Coordinate      Previous         Force          Change          New 
	           ----------      --------        ------          ------        ------
	               R(1,2)       1.55316        1.83067        0.13410       1.68726
	-------------------------------------------------------------------------------

2025-12-23:10:50:53,245 INFO     [psi4.optking.stepAlgorithms:113] 	|target step| :    0.2534052147
2025-12-23:10:50:53,245 INFO     [psi4.optking.stepAlgorithms:114] 	gradient     :   -0.2222027796
2025-12-23:10:50:53,245 INFO     [psi4.optking.stepAlgorithms:115] 	hessian      :    0.8205600880
2025-12-23:10:50:53,245 INFO     [psi4.optking.stepAlgorithms:113] 	|target step| :    0.2534052147
2025-12-23:10:50:53,245 INFO     [psi4.optking.stepAlgorithms:114] 	gradient     :   -0.2222027796
2025-12-23:10:50:53,245 INFO     [psi4.optking.stepAlgorithms:115] 	hessian      :    0.8205600880
2025-12-23:10:50:53,245 INFO     [psi4.optking.stepAlgorithms:206] 	Norm of achieved step-size    0.2534052147
2025-12-23:10:50:53,245 INFO     [psi4.optking.stepAlgorithms:208] 	Norm of achieved step-size (cart):    0.1791845457
2025-12-23:10:50:53,245 INFO     [psi4.optking.opt_helper:164] Molsys:

	                            ===> Fragment 1 <== 

	 Z (Atomic Numbers)          Masses                          Geom                  
	       5.000000            11.009305          0.00000000  0.00000000  2.23292579   
	      14.000000            27.976927          0.00000000  0.00000000 -0.95553040   

	 - Coordinate -           - BOHR/RAD -       - ANG/DEG -
	 R(1,2)           =         3.188456           1.687258

2025-12-23:10:50:53,246 INFO     [psi4.optking.convcheck:76] Performing convergence check.
2025-12-23:10:50:53,246 INFO     [psi4.optking.convcheck:282] 
	                                 ==> Convergence Check <==                                  
    
	Measures of convergence in internal coordinates in au.
    
	Criteria marked as inactive (o), active & met (*), and active & unmet ( ).

	----------------------------------------------------------------------------------------------
	   Step    Total Energy     Delta E     Max Force     RMS Force      Max Disp      RMS Disp   
	----------------------------------------------------------------------------------------------
	  Convergence Criteria     1.00e-06 *    3.00e-04 *             o    1.20e-03 *             o
	----------------------------------------------------------------------------------------------
	     4    -314.08235704   -1.13e-01      2.22e-01      2.22e-01 o    2.53e-01      2.53e-01 o  ~
	----------------------------------------------------------------------------------------------


2025-12-23:10:50:53,246 INFO     [psi4.optking.stepAlgorithms:296] 	Convergence check returned False
2025-12-23:10:50:53,257 INFO     [psi4.driver.task_planner:259] PLANNING Atomic:  keywords={'DAMPING_PERCENTAGE': 1.0, 'GEOM_MAXITER': 500, 'SCF__GUESS': 'READ', 'GUESS': 'SAP', 'MAXITER': 500, 'REFERENCE': 'UKS', 'function_kwargs': {}}
2025-12-23:10:50:53,258 INFO     [psi4.driver.driver:638] Compute gradient(): method=b3lyp, basis=cc-pvdz, molecule=default, nre=21.95419852024034
2025-12-23:10:50:53,860 INFO     [psi4.driver.driver:641] Return gradient(): -314.1199177072503
2025-12-23:10:50:53,861 INFO     [psi4.driver.driver:642] [[ 0.00000000  0.00000000 -0.08621401]
 [-0.00000000  0.00000000  0.08620240]]
2025-12-23:10:50:53,862 INFO     [psi4.optking.history:269] 	Performing BFGS update.
2025-12-23:10:50:53,862 INFO     [psi4.optking.history:280] 	Using 4 previous steps for update.
2025-12-23:10:50:53,863 WARNING  [psi4.optking.history:301] 	Change in internal coordinate of 6.97e-01 exceeds limit of 5.00e-01.
2025-12-23:10:50:53,863 WARNING  [psi4.optking.history:306] 	Skipping Hessian update for step 2.
2025-12-23:10:50:53,863 WARNING  [psi4.optking.history:301] 	Change in internal coordinate of 9.21e-01 exceeds limit of 5.00e-01.
2025-12-23:10:50:53,863 WARNING  [psi4.optking.history:306] 	Skipping Hessian update for step 1.
2025-12-23:10:50:53,863 INFO     [psi4.optking.history:317] 	Steps to be used in Hessian update:  4 3

2025-12-23:10:50:53,863 INFO     [psi4.optking.history:418] 	Updated Hessian (in au) 
 	   0.435503

2025-12-23:10:50:53,863 INFO     [psi4.optking.molsys:944] Projected (PHP) Hessian matrix
	   0.435503

2025-12-23:10:50:53,863 INFO     [psi4.optking.opt_helper:182] 
	         Geometry (au)                                       Gradient (au)
   0.0000000000   0.0000000000   2.2880694039		   0.0000000000   0.0000000000  -0.0862140097
   0.0000000000   0.0000000000  -0.9003867784		  -0.0000000000   0.0000000000   0.0862023952

2025-12-23:10:50:53,863 INFO     [psi4.optking.stepAlgorithms:368] 	Current Step Report 
 
	Current energy:      -314.1199177073
	Energy change for the previous step:
		Actual       :        -0.0375606679
		Projected    :        -0.0281536715

2025-12-23:10:50:53,863 INFO     [psi4.optking.stepAlgorithms:371] 	Energy ratio =    1.33413
2025-12-23:10:50:53,863 INFO     [psi4.optking.stepAlgorithms:929] 	Using RFO solution 1.
2025-12-23:10:50:53,863 INFO     [psi4.optking.displace:100] 	Determining Cartesian step for fragment 1.
2025-12-23:10:50:53,864 INFO     [psi4.optking.displace:415] 	Successfully converged to displaced geometry.
2025-12-23:10:50:53,864 INFO     [psi4.optking.displace:416] 	RMS(dx):  0.000e+00 	Max(dx):  0.000e+00 	RMS(dq):  0.000e+00
2025-12-23:10:50:53,864 INFO     [psi4.optking.displace:172] 

	        --- Internal Coordinate Step in ANG or DEG, aJ/ANG or AJ/DEG ---
	-------------------------------------------------------------------------------
	           Coordinate      Previous         Force          Change          New 
	           ----------      --------        ------          ------        ------
	               R(1,2)       1.68726        0.71025        0.10094       1.78820
	-------------------------------------------------------------------------------

2025-12-23:10:50:53,864 INFO     [psi4.optking.stepAlgorithms:113] 	|target step| :    0.1907486271
2025-12-23:10:50:53,864 INFO     [psi4.optking.stepAlgorithms:114] 	gradient     :   -0.0862082025
2025-12-23:10:50:53,864 INFO     [psi4.optking.stepAlgorithms:115] 	hessian      :    0.4355025507
2025-12-23:10:50:53,864 INFO     [psi4.optking.stepAlgorithms:113] 	|target step| :    0.1907486271
2025-12-23:10:50:53,864 INFO     [psi4.optking.stepAlgorithms:114] 	gradient     :   -0.0862082025
2025-12-23:10:50:53,864 INFO     [psi4.optking.stepAlgorithms:115] 	hessian      :    0.4355025507
2025-12-23:10:50:53,864 INFO     [psi4.optking.stepAlgorithms:206] 	Norm of achieved step-size    0.1907486271
2025-12-23:10:50:53,864 INFO     [psi4.optking.stepAlgorithms:208] 	Norm of achieved step-size (cart):    0.1348796478
2025-12-23:10:50:53,864 INFO     [psi4.optking.opt_helper:164] Molsys:

	                            ===> Fragment 1 <== 

	 Z (Atomic Numbers)          Masses                          Geom                  
	       5.000000            11.009305          0.00000000  0.00000000  2.38344372   
	      14.000000            27.976927          0.00000000  0.00000000 -0.99576109   

	 - Coordinate -           - BOHR/RAD -       - ANG/DEG -
	 R(1,2)           =         3.379205           1.788198

2025-12-23:10:50:53,864 INFO     [psi4.optking.convcheck:76] Performing convergence check.
2025-12-23:10:50:53,864 INFO     [psi4.optking.convcheck:282] 
	                                 ==> Convergence Check <==                                  
    
	Measures of convergence in internal coordinates in au.
    
	Criteria marked as inactive (o), active & met (*), and active & unmet ( ).

	----------------------------------------------------------------------------------------------
	   Step    Total Energy     Delta E     Max Force     RMS Force      Max Disp      RMS Disp   
	----------------------------------------------------------------------------------------------
	  Convergence Criteria     1.00e-06 *    3.00e-04 *             o    1.20e-03 *             o
	----------------------------------------------------------------------------------------------
	     5    -314.11991771   -3.76e-02      8.62e-02      8.62e-02 o    1.91e-01      1.91e-01 o  ~
	----------------------------------------------------------------------------------------------


2025-12-23:10:50:53,864 INFO     [psi4.optking.stepAlgorithms:296] 	Convergence check returned False
2025-12-23:10:50:53,875 INFO     [psi4.driver.task_planner:259] PLANNING Atomic:  keywords={'DAMPING_PERCENTAGE': 1.0, 'GEOM_MAXITER': 500, 'SCF__GUESS': 'READ', 'GUESS': 'SAP', 'MAXITER': 500, 'REFERENCE': 'UKS', 'function_kwargs': {}}
2025-12-23:10:50:53,877 INFO     [psi4.driver.driver:638] Compute gradient(): method=b3lyp, basis=cc-pvdz, molecule=default, nre=20.714932638531934
2025-12-23:10:50:54,457 INFO     [psi4.driver.driver:641] Return gradient(): -314.1299431732971
2025-12-23:10:50:54,457 INFO     [psi4.driver.driver:642] [[ 0.00000000 -0.00000000 -0.02346738]
 [ 0.00000000  0.00000000  0.02345439]]
2025-12-23:10:50:54,459 INFO     [psi4.optking.history:269] 	Performing BFGS update.
2025-12-23:10:50:54,459 INFO     [psi4.optking.history:280] 	Using 4 previous steps for update.
2025-12-23:10:50:54,459 WARNING  [psi4.optking.history:301] 	Change in internal coordinate of 6.26e-01 exceeds limit of 5.00e-01.
2025-12-23:10:50:54,459 WARNING  [psi4.optking.history:306] 	Skipping Hessian update for step 3.
2025-12-23:10:50:54,459 WARNING  [psi4.optking.history:301] 	Change in internal coordinate of 8.88e-01 exceeds limit of 5.00e-01.
2025-12-23:10:50:54,459 WARNING  [psi4.optking.history:306] 	Skipping Hessian update for step 2.
2025-12-23:10:50:54,459 WARNING  [psi4.optking.history:301] 	Change in internal coordinate of 1.11e+00 exceeds limit of 5.00e-01.
2025-12-23:10:50:54,459 WARNING  [psi4.optking.history:306] 	Skipping Hessian update for step 1.
2025-12-23:10:50:54,459 INFO     [psi4.optking.history:317] 	Steps to be used in Hessian update:  5 4

2025-12-23:10:50:54,459 INFO     [psi4.optking.history:418] 	Updated Hessian (in au) 
 	   0.447462

2025-12-23:10:50:54,459 INFO     [psi4.optking.molsys:944] Projected (PHP) Hessian matrix
	   0.447462

2025-12-23:10:50:54,459 INFO     [psi4.optking.opt_helper:182] 
	         Geometry (au)                                       Gradient (au)
   0.0000000000   0.0000000000   2.4249526078		   0.0000000000  -0.0000000000  -0.0234673840
   0.0000000000   0.0000000000  -0.9542522017		   0.0000000000   0.0000000000   0.0234543877

2025-12-23:10:50:54,459 INFO     [psi4.optking.stepAlgorithms:368] 	Current Step Report 
 
	Current energy:      -314.1299431733
	Energy change for the previous step:
		Actual       :        -0.0100254660
		Projected    :        -0.0082220481

2025-12-23:10:50:54,459 INFO     [psi4.optking.stepAlgorithms:371] 	Energy ratio =    1.21934
2025-12-23:10:50:54,460 INFO     [psi4.optking.stepAlgorithms:929] 	Using RFO solution 1.
2025-12-23:10:50:54,460 INFO     [psi4.optking.displace:100] 	Determining Cartesian step for fragment 1.
2025-12-23:10:50:54,460 INFO     [psi4.optking.displace:415] 	Successfully converged to displaced geometry.
2025-12-23:10:50:54,460 INFO     [psi4.optking.displace:416] 	RMS(dx):  1.282e-16 	Max(dx):  2.220e-16 	RMS(dq):  4.441e-16
2025-12-23:10:50:54,460 INFO     [psi4.optking.displace:172] 

	        --- Internal Coordinate Step in ANG or DEG, aJ/ANG or AJ/DEG ---
	-------------------------------------------------------------------------------
	           Coordinate      Previous         Force          Change          New 
	           ----------      --------        ------          ------        ------
	               R(1,2)       1.78820        0.19329        0.02767       1.81587
	-------------------------------------------------------------------------------

2025-12-23:10:50:54,460 INFO     [psi4.optking.stepAlgorithms:113] 	|target step| :    0.0522876854
2025-12-23:10:50:54,460 INFO     [psi4.optking.stepAlgorithms:114] 	gradient     :   -0.0234608859
2025-12-23:10:50:54,460 INFO     [psi4.optking.stepAlgorithms:115] 	hessian      :    0.4474618365
2025-12-23:10:50:54,460 INFO     [psi4.optking.stepAlgorithms:113] 	|target step| :    0.0522876854
2025-12-23:10:50:54,460 INFO     [psi4.optking.stepAlgorithms:114] 	gradient     :   -0.0234608859
2025-12-23:10:50:54,460 INFO     [psi4.optking.stepAlgorithms:115] 	hessian      :    0.4474618365
2025-12-23:10:50:54,460 INFO     [psi4.optking.stepAlgorithms:206] 	Norm of achieved step-size    0.0522876854
2025-12-23:10:50:54,460 INFO     [psi4.optking.stepAlgorithms:208] 	Norm of achieved step-size (cart):    0.0369729769
2025-12-23:10:50:54,460 INFO     [psi4.optking.opt_helper:164] Molsys:

	                            ===> Fragment 1 <== 

	 Z (Atomic Numbers)          Masses                          Geom                  
	       5.000000            11.009305          0.00000000  0.00000000  2.45109645   
	      14.000000            27.976927          0.00000000  0.00000000 -0.98039604   

	 - Coordinate -           - BOHR/RAD -       - ANG/DEG -
	 R(1,2)           =         3.431492           1.815868

2025-12-23:10:50:54,460 INFO     [psi4.optking.convcheck:76] Performing convergence check.
2025-12-23:10:50:54,460 INFO     [psi4.optking.convcheck:282] 
	                                 ==> Convergence Check <==                                  
    
	Measures of convergence in internal coordinates in au.
    
	Criteria marked as inactive (o), active & met (*), and active & unmet ( ).

	----------------------------------------------------------------------------------------------
	   Step    Total Energy     Delta E     Max Force     RMS Force      Max Disp      RMS Disp   
	----------------------------------------------------------------------------------------------
	  Convergence Criteria     1.00e-06 *    3.00e-04 *             o    1.20e-03 *             o
	----------------------------------------------------------------------------------------------
	     6    -314.12994317   -1.00e-02      2.35e-02      2.35e-02 o    5.23e-02      5.23e-02 o  ~
	----------------------------------------------------------------------------------------------


2025-12-23:10:50:54,460 INFO     [psi4.optking.stepAlgorithms:296] 	Convergence check returned False
2025-12-23:10:50:54,471 INFO     [psi4.driver.task_planner:259] PLANNING Atomic:  keywords={'DAMPING_PERCENTAGE': 1.0, 'GEOM_MAXITER': 500, 'SCF__GUESS': 'READ', 'GUESS': 'SAP', 'MAXITER': 500, 'REFERENCE': 'UKS', 'function_kwargs': {}}
2025-12-23:10:50:54,473 INFO     [psi4.driver.driver:638] Compute gradient(): method=b3lyp, basis=cc-pvdz, molecule=default, nre=20.39928692954149
2025-12-23:10:50:55,112 INFO     [psi4.driver.driver:641] Return gradient(): -314.1308274048001
2025-12-23:10:50:55,112 INFO     [psi4.driver.driver:642] [[ 0.00000000  0.00000000 -0.01063505]
 [-0.00000000 -0.00000000  0.01062174]]
2025-12-23:10:50:55,114 INFO     [psi4.optking.history:269] 	Performing BFGS update.
2025-12-23:10:50:55,114 INFO     [psi4.optking.history:280] 	Using 4 previous steps for update.
2025-12-23:10:50:55,115 WARNING  [psi4.optking.history:301] 	Change in internal coordinate of 6.79e-01 exceeds limit of 5.00e-01.
2025-12-23:10:50:55,115 WARNING  [psi4.optking.history:306] 	Skipping Hessian update for step 3.
2025-12-23:10:50:55,115 WARNING  [psi4.optking.history:301] 	Change in internal coordinate of 9.40e-01 exceeds limit of 5.00e-01.
2025-12-23:10:50:55,115 WARNING  [psi4.optking.history:306] 	Skipping Hessian update for step 2.
2025-12-23:10:50:55,115 WARNING  [psi4.optking.history:301] 	Change in internal coordinate of 1.16e+00 exceeds limit of 5.00e-01.
2025-12-23:10:50:55,115 WARNING  [psi4.optking.history:306] 	Skipping Hessian update for step 1.
2025-12-23:10:50:55,115 INFO     [psi4.optking.history:317] 	Steps to be used in Hessian update:  6 5 4

2025-12-23:10:50:55,115 INFO     [psi4.optking.history:418] 	Updated Hessian (in au) 
 	   0.426182

2025-12-23:10:50:55,115 INFO     [psi4.optking.molsys:944] Projected (PHP) Hessian matrix
	   0.426182

2025-12-23:10:50:55,115 INFO     [psi4.optking.opt_helper:182] 
	         Geometry (au)                                       Gradient (au)
   0.0000000000   0.0000000000   2.4624747961		   0.0000000000   0.0000000000  -0.0106350489
   0.0000000000   0.0000000000  -0.9690176988		  -0.0000000000  -0.0000000000   0.0106217405

2025-12-23:10:50:55,115 INFO     [psi4.optking.stepAlgorithms:368] 	Current Step Report 
 
	Current energy:      -314.1308274048
	Energy change for the previous step:
		Actual       :        -0.0008842315
		Projected    :        -0.0006133577

2025-12-23:10:50:55,115 INFO     [psi4.optking.stepAlgorithms:371] 	Energy ratio =    1.44162
2025-12-23:10:50:55,115 INFO     [psi4.optking.stepAlgorithms:929] 	Using RFO solution 1.
2025-12-23:10:50:55,115 INFO     [psi4.optking.displace:100] 	Determining Cartesian step for fragment 1.
2025-12-23:10:50:55,116 INFO     [psi4.optking.displace:415] 	Successfully converged to displaced geometry.
2025-12-23:10:50:55,116 INFO     [psi4.optking.displace:416] 	RMS(dx):  0.000e+00 	Max(dx):  0.000e+00 	RMS(dq):  0.000e+00
2025-12-23:10:50:55,116 INFO     [psi4.optking.displace:172] 

	        --- Internal Coordinate Step in ANG or DEG, aJ/ANG or AJ/DEG ---
	-------------------------------------------------------------------------------
	           Coordinate      Previous         Force          Change          New 
	           ----------      --------        ------          ------        ------
	               R(1,2)       1.81587        0.08756        0.01319       1.82906
	-------------------------------------------------------------------------------

2025-12-23:10:50:55,116 INFO     [psi4.optking.stepAlgorithms:113] 	|target step| :    0.0249231447
2025-12-23:10:50:55,116 INFO     [psi4.optking.stepAlgorithms:114] 	gradient     :   -0.0106283947
2025-12-23:10:50:55,116 INFO     [psi4.optking.stepAlgorithms:115] 	hessian      :    0.4261818831
2025-12-23:10:50:55,116 INFO     [psi4.optking.stepAlgorithms:113] 	|target step| :    0.0249231447
2025-12-23:10:50:55,116 INFO     [psi4.optking.stepAlgorithms:114] 	gradient     :   -0.0106283947
2025-12-23:10:50:55,116 INFO     [psi4.optking.stepAlgorithms:115] 	hessian      :    0.4261818831
2025-12-23:10:50:55,116 INFO     [psi4.optking.stepAlgorithms:206] 	Norm of achieved step-size    0.0249231447
2025-12-23:10:50:55,116 INFO     [psi4.optking.stepAlgorithms:208] 	Norm of achieved step-size (cart):    0.0176233246
2025-12-23:10:50:55,116 INFO     [psi4.optking.opt_helper:164] Molsys:

	                            ===> Fragment 1 <== 

	 Z (Atomic Numbers)          Masses                          Geom                  
	       5.000000            11.009305          0.00000000  0.00000000  2.47493637   
	      14.000000            27.976927          0.00000000  0.00000000 -0.98147927   

	 - Coordinate -           - BOHR/RAD -       - ANG/DEG -
	 R(1,2)           =         3.456416           1.829056

2025-12-23:10:50:55,116 INFO     [psi4.optking.convcheck:76] Performing convergence check.
2025-12-23:10:50:55,116 INFO     [psi4.optking.convcheck:282] 
	                                 ==> Convergence Check <==                                  
    
	Measures of convergence in internal coordinates in au.
    
	Criteria marked as inactive (o), active & met (*), and active & unmet ( ).

	----------------------------------------------------------------------------------------------
	   Step    Total Energy     Delta E     Max Force     RMS Force      Max Disp      RMS Disp   
	----------------------------------------------------------------------------------------------
	  Convergence Criteria     1.00e-06 *    3.00e-04 *             o    1.20e-03 *             o
	----------------------------------------------------------------------------------------------
	     7    -314.13082740   -8.84e-04      1.06e-02      1.06e-02 o    2.49e-02      2.49e-02 o  ~
	----------------------------------------------------------------------------------------------


2025-12-23:10:50:55,116 INFO     [psi4.optking.stepAlgorithms:296] 	Convergence check returned False
2025-12-23:10:50:55,128 INFO     [psi4.driver.task_planner:259] PLANNING Atomic:  keywords={'DAMPING_PERCENTAGE': 1.0, 'GEOM_MAXITER': 500, 'SCF__GUESS': 'READ', 'GUESS': 'SAP', 'MAXITER': 500, 'REFERENCE': 'UKS', 'function_kwargs': {}}
2025-12-23:10:50:55,129 INFO     [psi4.driver.driver:638] Compute gradient(): method=b3lyp, basis=cc-pvdz, molecule=default, nre=20.252193977667478
2025-12-23:10:50:55,768 INFO     [psi4.driver.driver:641] Return gradient(): -314.1310223472052
2025-12-23:10:50:55,768 INFO     [psi4.driver.driver:642] [[-0.00000000  0.00000000 -0.00507547]
 [ 0.00000000 -0.00000000  0.00506283]]
2025-12-23:10:50:55,769 INFO     [psi4.optking.history:269] 	Performing BFGS update.
2025-12-23:10:50:55,770 INFO     [psi4.optking.history:280] 	Using 4 previous steps for update.
2025-12-23:10:50:55,770 WARNING  [psi4.optking.history:301] 	Change in internal coordinate of 5.21e-01 exceeds limit of 5.00e-01.
2025-12-23:10:50:55,770 WARNING  [psi4.optking.history:306] 	Skipping Hessian update for step 4.
2025-12-23:10:50:55,770 WARNING  [psi4.optking.history:301] 	Change in internal coordinate of 7.04e-01 exceeds limit of 5.00e-01.
2025-12-23:10:50:55,770 WARNING  [psi4.optking.history:306] 	Skipping Hessian update for step 3.
2025-12-23:10:50:55,770 WARNING  [psi4.optking.history:301] 	Change in internal coordinate of 9.65e-01 exceeds limit of 5.00e-01.
2025-12-23:10:50:55,770 WARNING  [psi4.optking.history:306] 	Skipping Hessian update for step 2.
2025-12-23:10:50:55,770 WARNING  [psi4.optking.history:301] 	Change in internal coordinate of 1.19e+00 exceeds limit of 5.00e-01.
2025-12-23:10:50:55,770 WARNING  [psi4.optking.history:306] 	Skipping Hessian update for step 1.
2025-12-23:10:50:55,770 INFO     [psi4.optking.history:317] 	Steps to be used in Hessian update:  7 6 5

2025-12-23:10:50:55,770 INFO     [psi4.optking.history:418] 	Updated Hessian (in au) 
 	   0.302803

2025-12-23:10:50:55,770 INFO     [psi4.optking.molsys:944] Projected (PHP) Hessian matrix
	   0.302803

2025-12-23:10:50:55,770 INFO     [psi4.optking.opt_helper:182] 
	         Geometry (au)                                       Gradient (au)
   0.0000000000   0.0000000000   2.4803599046		  -0.0000000000   0.0000000000  -0.0050754740
   0.0000000000   0.0000000000  -0.9760557350		   0.0000000000  -0.0000000000   0.0050628277

2025-12-23:10:50:55,770 INFO     [psi4.optking.stepAlgorithms:368] 	Current Step Report 
 
	Current energy:      -314.1310223472
	Energy change for the previous step:
		Actual       :        -0.0001949424
		Projected    :        -0.0001324465

2025-12-23:10:50:55,770 INFO     [psi4.optking.stepAlgorithms:371] 	Energy ratio =    1.47186
2025-12-23:10:50:55,770 INFO     [psi4.optking.stepAlgorithms:929] 	Using RFO solution 1.
2025-12-23:10:50:55,770 INFO     [psi4.optking.displace:100] 	Determining Cartesian step for fragment 1.
2025-12-23:10:50:55,771 INFO     [psi4.optking.displace:415] 	Successfully converged to displaced geometry.
2025-12-23:10:50:55,771 INFO     [psi4.optking.displace:416] 	RMS(dx):  1.282e-16 	Max(dx):  2.220e-16 	RMS(dq):  4.441e-16
2025-12-23:10:50:55,771 INFO     [psi4.optking.displace:172] 

	        --- Internal Coordinate Step in ANG or DEG, aJ/ANG or AJ/DEG ---
	-------------------------------------------------------------------------------
	           Coordinate      Previous         Force          Change          New 
	           ----------      --------        ------          ------        ------
	               R(1,2)       1.82906        0.04176        0.00886       1.83791
	-------------------------------------------------------------------------------

2025-12-23:10:50:55,771 INFO     [psi4.optking.stepAlgorithms:113] 	|target step| :    0.0167360404
2025-12-23:10:50:55,771 INFO     [psi4.optking.stepAlgorithms:114] 	gradient     :   -0.0050691508
2025-12-23:10:50:55,771 INFO     [psi4.optking.stepAlgorithms:115] 	hessian      :    0.3028034631
2025-12-23:10:50:55,771 INFO     [psi4.optking.stepAlgorithms:113] 	|target step| :    0.0167360404
2025-12-23:10:50:55,771 INFO     [psi4.optking.stepAlgorithms:114] 	gradient     :   -0.0050691508
2025-12-23:10:50:55,771 INFO     [psi4.optking.stepAlgorithms:115] 	hessian      :    0.3028034631
2025-12-23:10:50:55,771 INFO     [psi4.optking.stepAlgorithms:206] 	Norm of achieved step-size    0.0167360404
2025-12-23:10:50:55,771 INFO     [psi4.optking.stepAlgorithms:208] 	Norm of achieved step-size (cart):    0.0118341677
2025-12-23:10:50:55,771 INFO     [psi4.optking.opt_helper:164] Molsys:

	                            ===> Fragment 1 <== 

	 Z (Atomic Numbers)          Masses                          Geom                  
	       5.000000            11.009305          0.00000000  0.00000000  2.48872792   
	      14.000000            27.976927          0.00000000  0.00000000 -0.98442376   

	 - Coordinate -           - BOHR/RAD -       - ANG/DEG -
	 R(1,2)           =         3.473152           1.837913

2025-12-23:10:50:55,771 INFO     [psi4.optking.convcheck:76] Performing convergence check.
2025-12-23:10:50:55,771 INFO     [psi4.optking.convcheck:282] 
	                                 ==> Convergence Check <==                                  
    
	Measures of convergence in internal coordinates in au.
    
	Criteria marked as inactive (o), active & met (*), and active & unmet ( ).

	----------------------------------------------------------------------------------------------
	   Step    Total Energy     Delta E     Max Force     RMS Force      Max Disp      RMS Disp   
	----------------------------------------------------------------------------------------------
	  Convergence Criteria     1.00e-06 *    3.00e-04 *             o    1.20e-03 *             o
	----------------------------------------------------------------------------------------------
	     8    -314.13102235   -1.95e-04      5.07e-03      5.07e-03 o    1.67e-02      1.67e-02 o  ~
	----------------------------------------------------------------------------------------------


2025-12-23:10:50:55,771 INFO     [psi4.optking.stepAlgorithms:296] 	Convergence check returned False
2025-12-23:10:50:55,782 INFO     [psi4.driver.task_planner:259] PLANNING Atomic:  keywords={'DAMPING_PERCENTAGE': 1.0, 'GEOM_MAXITER': 500, 'SCF__GUESS': 'READ', 'GUESS': 'SAP', 'MAXITER': 500, 'REFERENCE': 'UKS', 'function_kwargs': {}}
2025-12-23:10:50:55,783 INFO     [psi4.driver.driver:638] Compute gradient(): method=b3lyp, basis=cc-pvdz, molecule=default, nre=20.154604938041285
2025-12-23:10:50:56,387 INFO     [psi4.driver.driver:641] Return gradient(): -314.13107734544866
2025-12-23:10:50:56,387 INFO     [psi4.driver.driver:642] [[ 0.00000000 -0.00000000 -0.00153243]
 [ 0.00000000 -0.00000000  0.00152033]]
2025-12-23:10:50:56,389 INFO     [psi4.optking.history:269] 	Performing BFGS update.
2025-12-23:10:50:56,389 INFO     [psi4.optking.history:280] 	Using 4 previous steps for update.
2025-12-23:10:50:56,389 INFO     [psi4.optking.history:317] 	Steps to be used in Hessian update:  8 7 6 5

2025-12-23:10:50:56,389 INFO     [psi4.optking.history:418] 	Updated Hessian (in au) 
 	   0.297447

2025-12-23:10:50:56,389 INFO     [psi4.optking.molsys:944] Projected (PHP) Hessian matrix
	   0.297447

2025-12-23:10:50:56,389 INFO     [psi4.optking.opt_helper:182] 
	         Geometry (au)                                       Gradient (au)
   0.0000000000   0.0000000000   2.4923698617		   0.0000000000  -0.0000000000  -0.0015324319
   0.0000000000   0.0000000000  -0.9807818183		   0.0000000000  -0.0000000000   0.0015203286

2025-12-23:10:50:56,389 INFO     [psi4.optking.stepAlgorithms:368] 	Current Step Report 
 
	Current energy:      -314.1310773454
	Energy change for the previous step:
		Actual       :        -0.0000549982
		Projected    :        -0.0000424188

2025-12-23:10:50:56,389 INFO     [psi4.optking.stepAlgorithms:371] 	Energy ratio =    1.29655
2025-12-23:10:50:56,389 INFO     [psi4.optking.stepAlgorithms:929] 	Using RFO solution 1.
2025-12-23:10:50:56,389 INFO     [psi4.optking.displace:100] 	Determining Cartesian step for fragment 1.
2025-12-23:10:50:56,390 INFO     [psi4.optking.displace:415] 	Successfully converged to displaced geometry.
2025-12-23:10:50:56,390 INFO     [psi4.optking.displace:416] 	RMS(dx):  1.282e-16 	Max(dx):  2.220e-16 	RMS(dq):  4.441e-16
2025-12-23:10:50:56,390 INFO     [psi4.optking.displace:172] 

	        --- Internal Coordinate Step in ANG or DEG, aJ/ANG or AJ/DEG ---
	-------------------------------------------------------------------------------
	           Coordinate      Previous         Force          Change          New 
	           ----------      --------        ------          ------        ------
	               R(1,2)       1.83791        0.01258        0.00272       1.84063
	-------------------------------------------------------------------------------

2025-12-23:10:50:56,390 INFO     [psi4.optking.stepAlgorithms:113] 	|target step| :    0.0051314690
2025-12-23:10:50:56,390 INFO     [psi4.optking.stepAlgorithms:114] 	gradient     :   -0.0015263803
2025-12-23:10:50:56,390 INFO     [psi4.optking.stepAlgorithms:115] 	hessian      :    0.2974470017
2025-12-23:10:50:56,390 INFO     [psi4.optking.stepAlgorithms:113] 	|target step| :    0.0051314690
2025-12-23:10:50:56,390 INFO     [psi4.optking.stepAlgorithms:114] 	gradient     :   -0.0015263803
2025-12-23:10:50:56,390 INFO     [psi4.optking.stepAlgorithms:115] 	hessian      :    0.2974470017
2025-12-23:10:50:56,390 INFO     [psi4.optking.stepAlgorithms:206] 	Norm of achieved step-size    0.0051314690
2025-12-23:10:50:56,390 INFO     [psi4.optking.stepAlgorithms:208] 	Norm of achieved step-size (cart):    0.0036284965
2025-12-23:10:50:56,390 INFO     [psi4.optking.opt_helper:164] Molsys:

	                            ===> Fragment 1 <== 

	 Z (Atomic Numbers)          Masses                          Geom                  
	       5.000000            11.009305          0.00000000  0.00000000  2.49493560   
	      14.000000            27.976927          0.00000000  0.00000000 -0.98334755   

	 - Coordinate -           - BOHR/RAD -       - ANG/DEG -
	 R(1,2)           =         3.478283           1.840628

2025-12-23:10:50:56,390 INFO     [psi4.optking.convcheck:76] Performing convergence check.
2025-12-23:10:50:56,390 INFO     [psi4.optking.convcheck:282] 
	                                 ==> Convergence Check <==                                  
    
	Measures of convergence in internal coordinates in au.
    
	Criteria marked as inactive (o), active & met (*), and active & unmet ( ).

	----------------------------------------------------------------------------------------------
	   Step    Total Energy     Delta E     Max Force     RMS Force      Max Disp      RMS Disp   
	----------------------------------------------------------------------------------------------
	  Convergence Criteria     1.00e-06 *    3.00e-04 *             o    1.20e-03 *             o
	----------------------------------------------------------------------------------------------
	     9    -314.13107735   -5.50e-05      1.53e-03      1.53e-03 o    5.13e-03      5.13e-03 o  ~
	----------------------------------------------------------------------------------------------


2025-12-23:10:50:56,390 INFO     [psi4.optking.stepAlgorithms:296] 	Convergence check returned False
2025-12-23:10:50:56,401 INFO     [psi4.driver.task_planner:259] PLANNING Atomic:  keywords={'DAMPING_PERCENTAGE': 1.0, 'GEOM_MAXITER': 500, 'SCF__GUESS': 'READ', 'GUESS': 'SAP', 'MAXITER': 500, 'REFERENCE': 'UKS', 'function_kwargs': {}}
2025-12-23:10:50:56,402 INFO     [psi4.driver.driver:638] Compute gradient(): method=b3lyp, basis=cc-pvdz, molecule=default, nre=20.12487109343894
2025-12-23:10:50:56,967 INFO     [psi4.driver.driver:641] Return gradient(): -314.1310824629468
2025-12-23:10:50:56,968 INFO     [psi4.driver.driver:642] [[ 0.00000000  0.00000000 -0.00047583]
 [ 0.00000000 -0.00000000  0.00046389]]
2025-12-23:10:50:56,969 INFO     [psi4.optking.history:269] 	Performing BFGS update.
2025-12-23:10:50:56,969 INFO     [psi4.optking.history:280] 	Using 4 previous steps for update.
2025-12-23:10:50:56,970 INFO     [psi4.optking.history:317] 	Steps to be used in Hessian update:  9 8 7 6

2025-12-23:10:50:56,970 INFO     [psi4.optking.history:418] 	Updated Hessian (in au) 
 	   0.232049

2025-12-23:10:50:56,970 INFO     [psi4.optking.molsys:944] Projected (PHP) Hessian matrix
	   0.232049

2025-12-23:10:50:56,970 INFO     [psi4.optking.opt_helper:182] 
	         Geometry (au)                                       Gradient (au)
   0.0000000000   0.0000000000   2.4960522573		   0.0000000000   0.0000000000  -0.0004758314
   0.0000000000   0.0000000000  -0.9822308916		   0.0000000000  -0.0000000000   0.0004638875

2025-12-23:10:50:56,970 INFO     [psi4.optking.stepAlgorithms:368] 	Current Step Report 
 
	Current energy:      -314.1310824629
	Energy change for the previous step:
		Actual       :        -0.0000051175
		Projected    :        -0.0000039163

2025-12-23:10:50:56,970 INFO     [psi4.optking.stepAlgorithms:371] 	Energy ratio =    1.30672
2025-12-23:10:50:56,970 INFO     [psi4.optking.stepAlgorithms:929] 	Using RFO solution 1.
2025-12-23:10:50:56,970 INFO     [psi4.optking.displace:100] 	Determining Cartesian step for fragment 1.
2025-12-23:10:50:56,971 INFO     [psi4.optking.displace:415] 	Successfully converged to displaced geometry.
2025-12-23:10:50:56,971 INFO     [psi4.optking.displace:416] 	RMS(dx):  1.282e-16 	Max(dx):  2.220e-16 	RMS(dq):  4.441e-16
2025-12-23:10:50:56,971 INFO     [psi4.optking.displace:172] 

	        --- Internal Coordinate Step in ANG or DEG, aJ/ANG or AJ/DEG ---
	-------------------------------------------------------------------------------
	           Coordinate      Previous         Force          Change          New 
	           ----------      --------        ------          ------        ------
	               R(1,2)       1.84063        0.00387        0.00107       1.84170
	-------------------------------------------------------------------------------

2025-12-23:10:50:56,971 INFO     [psi4.optking.stepAlgorithms:113] 	|target step| :    0.0020248206
2025-12-23:10:50:56,971 INFO     [psi4.optking.stepAlgorithms:114] 	gradient     :   -0.0004698595
2025-12-23:10:50:56,971 INFO     [psi4.optking.stepAlgorithms:115] 	hessian      :    0.2320489677
2025-12-23:10:50:56,971 INFO     [psi4.optking.stepAlgorithms:113] 	|target step| :    0.0020248206
2025-12-23:10:50:56,971 INFO     [psi4.optking.stepAlgorithms:114] 	gradient     :   -0.0004698595
2025-12-23:10:50:56,971 INFO     [psi4.optking.stepAlgorithms:115] 	hessian      :    0.2320489677
2025-12-23:10:50:56,971 INFO     [psi4.optking.stepAlgorithms:206] 	Norm of achieved step-size    0.0020248206
2025-12-23:10:50:56,971 INFO     [psi4.optking.stepAlgorithms:208] 	Norm of achieved step-size (cart):    0.0014317644
2025-12-23:10:50:56,971 INFO     [psi4.optking.opt_helper:164] Molsys:

	                            ===> Fragment 1 <== 

	 Z (Atomic Numbers)          Masses                          Geom                  
	       5.000000            11.009305          0.00000000  0.00000000  2.49706467   
	      14.000000            27.976927          0.00000000  0.00000000 -0.98324330   

	 - Coordinate -           - BOHR/RAD -       - ANG/DEG -
	 R(1,2)           =         3.480308           1.841700

2025-12-23:10:50:56,971 INFO     [psi4.optking.convcheck:76] Performing convergence check.
2025-12-23:10:50:56,971 INFO     [psi4.optking.convcheck:282] 
	                                 ==> Convergence Check <==                                  
    
	Measures of convergence in internal coordinates in au.
    
	Criteria marked as inactive (o), active & met (*), and active & unmet ( ).

	----------------------------------------------------------------------------------------------
	   Step    Total Energy     Delta E     Max Force     RMS Force      Max Disp      RMS Disp   
	----------------------------------------------------------------------------------------------
	  Convergence Criteria     1.00e-06 *    3.00e-04 *             o    1.20e-03 *             o
	----------------------------------------------------------------------------------------------
	    10    -314.13108246   -5.12e-06      4.70e-04      4.70e-04 o    2.02e-03      2.02e-03 o  ~
	----------------------------------------------------------------------------------------------


2025-12-23:10:50:56,971 INFO     [psi4.optking.stepAlgorithms:296] 	Convergence check returned False
2025-12-23:10:50:56,983 INFO     [psi4.driver.task_planner:259] PLANNING Atomic:  keywords={'DAMPING_PERCENTAGE': 1.0, 'GEOM_MAXITER': 500, 'SCF__GUESS': 'READ', 'GUESS': 'SAP', 'MAXITER': 500, 'REFERENCE': 'UKS', 'function_kwargs': {}}
2025-12-23:10:50:56,984 INFO     [psi4.driver.driver:638] Compute gradient(): method=b3lyp, basis=cc-pvdz, molecule=default, nre=20.11316257402653
2025-12-23:10:50:57,625 INFO     [psi4.driver.driver:641] Return gradient(): -314.1310829988295
2025-12-23:10:50:57,625 INFO     [psi4.driver.driver:642] [[ 0.00000000  0.00000000 -0.00006269]
 [ 0.00000000  0.00000000  0.00005081]]
2025-12-23:10:50:57,627 INFO     [psi4.optking.history:269] 	Performing BFGS update.
2025-12-23:10:50:57,627 INFO     [psi4.optking.history:280] 	Using 4 previous steps for update.
2025-12-23:10:50:57,627 INFO     [psi4.optking.history:317] 	Steps to be used in Hessian update:  10 9 8 7

2025-12-23:10:50:57,628 INFO     [psi4.optking.history:418] 	Updated Hessian (in au) 
 	   0.216563

2025-12-23:10:50:57,628 INFO     [psi4.optking.molsys:944] Projected (PHP) Hessian matrix
	   0.216563

2025-12-23:10:50:57,628 INFO     [psi4.optking.opt_helper:182] 
	         Geometry (au)                                       Gradient (au)
   0.0000000000   0.0000000000   2.4975052897		   0.0000000000   0.0000000000  -0.0000626912
   0.0000000000   0.0000000000  -0.9828026799		   0.0000000000   0.0000000000   0.0000508079

2025-12-23:10:50:57,628 INFO     [psi4.optking.stepAlgorithms:368] 	Current Step Report 
 
	Current energy:      -314.1310829988
	Energy change for the previous step:
		Actual       :        -0.0000005359
		Projected    :        -0.0000004757

2025-12-23:10:50:57,628 INFO     [psi4.optking.stepAlgorithms:371] 	Energy ratio =    1.12654
2025-12-23:10:50:57,628 INFO     [psi4.optking.stepAlgorithms:929] 	Using RFO solution 1.
2025-12-23:10:50:57,628 INFO     [psi4.optking.displace:100] 	Determining Cartesian step for fragment 1.
2025-12-23:10:50:57,628 INFO     [psi4.optking.displace:415] 	Successfully converged to displaced geometry.
2025-12-23:10:50:57,628 INFO     [psi4.optking.displace:416] 	RMS(dx):  0.000e+00 	Max(dx):  0.000e+00 	RMS(dq):  0.000e+00
2025-12-23:10:50:57,628 INFO     [psi4.optking.displace:172] 

	        --- Internal Coordinate Step in ANG or DEG, aJ/ANG or AJ/DEG ---
	-------------------------------------------------------------------------------
	           Coordinate      Previous         Force          Change          New 
	           ----------      --------        ------          ------        ------
	               R(1,2)       1.84170        0.00047        0.00014       1.84184
	-------------------------------------------------------------------------------

2025-12-23:10:50:57,628 INFO     [psi4.optking.stepAlgorithms:113] 	|target step| :    0.0002620459
2025-12-23:10:50:57,628 INFO     [psi4.optking.stepAlgorithms:114] 	gradient     :   -0.0000567495
2025-12-23:10:50:57,628 INFO     [psi4.optking.stepAlgorithms:115] 	hessian      :    0.2165633995
2025-12-23:10:50:57,628 INFO     [psi4.optking.stepAlgorithms:113] 	|target step| :    0.0002620459
2025-12-23:10:50:57,629 INFO     [psi4.optking.stepAlgorithms:114] 	gradient     :   -0.0000567495
2025-12-23:10:50:57,629 INFO     [psi4.optking.stepAlgorithms:115] 	hessian      :    0.2165633995
2025-12-23:10:50:57,629 INFO     [psi4.optking.stepAlgorithms:206] 	Norm of achieved step-size    0.0002620459
2025-12-23:10:50:57,629 INFO     [psi4.optking.stepAlgorithms:208] 	Norm of achieved step-size (cart):    0.0001852944
2025-12-23:10:50:57,629 INFO     [psi4.optking.opt_helper:164] Molsys:

	                            ===> Fragment 1 <== 

	 Z (Atomic Numbers)          Masses                          Geom                  
	       5.000000            11.009305          0.00000000  0.00000000  2.49763631   
	      14.000000            27.976927          0.00000000  0.00000000 -0.98293370   

	 - Coordinate -           - BOHR/RAD -       - ANG/DEG -
	 R(1,2)           =         3.480570           1.841838

2025-12-23:10:50:57,629 INFO     [psi4.optking.convcheck:76] Performing convergence check.
2025-12-23:10:50:57,629 INFO     [psi4.optking.convcheck:282] 
	                                 ==> Convergence Check <==                                  
    
	Measures of convergence in internal coordinates in au.
    
	Criteria marked as inactive (o), active & met (*), and active & unmet ( ).

	----------------------------------------------------------------------------------------------
	   Step    Total Energy     Delta E     Max Force     RMS Force      Max Disp      RMS Disp   
	----------------------------------------------------------------------------------------------
	  Convergence Criteria     1.00e-06 *    3.00e-04 *             o    1.20e-03 *             o
	----------------------------------------------------------------------------------------------
	    11    -314.13108300   -5.36e-07 *    5.67e-05 *    5.67e-05 o    2.62e-04 *    2.62e-04 o  ~
	----------------------------------------------------------------------------------------------


2025-12-23:10:50:57,629 INFO     [psi4.optking.convcheck:206] 
	                      ===> Final Convergence Report <===                     

	----------------------------------------------------------------------------
	|   Required Criteria    |  One or More Criteria  |   Alternate Criteria   |
	----------------------------------------------------------------------------
	| [x]     max_force      | [x]       max_DE       |                        |
	|                        | [x]      max_disp      |                        |
	----------------------------------------------------------------------------


2025-12-23:10:50:57,629 INFO     [psi4.optking.stepAlgorithms:296] 	Convergence check returned True
2025-12-23:10:50:57,629 INFO     [psi4.optking.optimize:332] 	Converged in 11 steps!
2025-12-23:10:50:57,629 INFO     [psi4.optking.optimize:333] 	Final energy is   -314.1310829988295
2025-12-23:10:50:57,629 INFO     [psi4.optking.optimize:334] 	Final structure (Angstroms): 
	Fragment 1 (Ang)

	    B   0.0000000000   0.0000000000   1.3216922172
	   Si   0.0000000000   0.0000000000  -0.5201461151


2025-12-23:10:50:57,630 INFO     [psi4.optking.optimize:562] 	Optimization Finished

	==> Optimization Summary <==

        
	Measures of convergence in internal coordinates in au. (Any backward steps not shown.)
        
	---------------------------------------------------------------------------------------------------------------  ~
        
	 Step         Total Energy             Delta E       MAX Force       RMS Force        MAX Disp        RMS Disp   ~
        
	---------------------------------------------------------------------------------------------------------------  ~
        
	     1    -313.686241837830   -313.686241837830      0.98576920      0.98576920      0.22388976      0.22388976  ~
	     2    -313.859618098193     -0.173376260363      0.58611285      0.58611285      0.26116968      0.26116968  ~
	     3    -313.968994508048     -0.109376409855      0.27596772      0.27596772      0.18232018      0.18232018  ~
	     4    -314.082357039342     -0.113362531294      0.22220278      0.22220278      0.25340521      0.25340521  ~
	     5    -314.119917707250     -0.037560667909      0.08620820      0.08620820      0.19074863      0.19074863  ~
	     6    -314.129943173297     -0.010025466047      0.02346089      0.02346089      0.05228769      0.05228769  ~
	     7    -314.130827404800     -0.000884231503      0.01062839      0.01062839      0.02492314      0.02492314  ~
	     8    -314.131022347205     -0.000194942405      0.00506915      0.00506915      0.01673604      0.01673604  ~
	     9    -314.131077345449     -0.000054998243      0.00152638      0.00152638      0.00513147      0.00513147  ~
	    10    -314.131082462947     -0.000005117498      0.00046986      0.00046986      0.00202482      0.00202482  ~
	    11    -314.131082998830     -0.000000535883      0.00005675      0.00005675      0.00026205      0.00026205  ~
	----------------------------------------------------------------------------------------------------------------


2025-12-23:10:50:57,630 INFO     [psi4.optking.optimize:806] Preparing OptimizationResult
