2025-12-23:10:50:00,350 WARNING  [psi4.optking:38] Some dependencies such as QCElemental have not yet finished migration to pydantic v2. If issues are encountered please downgrade pydantic or upgrade QCElemental as appropriate
2025-12-23:10:50:00,515 INFO     [psi4.optking.optwrapper:234] Creating a UserComputer
2025-12-23:10:50:00,515 INFO     [psi4.optking.optwrapper:242] 
    			-----------------------------------------

    			 OPTKING 3.0: for geometry optimizations 

    			     By R.A. King, Bethel University     

    			        with contributions from          

    			    A.V. Copan, J. Cayton, A. Heide      

    			-----------------------------------------

    
2025-12-23:10:50:00,515 INFO     [psi4.optking.optwrapper:272] 
		 -- Optimization Parameters --
	GEOM_MAXITER                   =             500
	ALG_GEOM_MAXITER               =              50
	PRINT                          =               1
	OPT_TYPE                       =             MIN
	STEP_TYPE                      =             RFO
	PROGRAM                        =            PSI4
	STEEPEST_DESCENT_TYPE          =         OVERLAP
	CONJUGATE_GRADIENT_TYPE        =        FLETCHER
	OPT_COORDINATES                =        INTERNAL
	RFO_FOLLOW_ROOT                =           False
	RFO_ROOT                       =               0
	ACCEPT_SYMMETRY_BREAKING       =           False
	DYNAMIC_LVL                    =               0
	DYNAMIC_LVL_MAX                =               0
	IRC_STEP_SIZE                  =             0.2
	IRC_DIRECTION                  =         FORWARD
	IRC_POINTS                     =              20
	IRC_MODE                       =          NORMAL
	IRC_CONVERGENCE                =            -0.7
	INTRAFRAG_STEP_LIMIT           =             0.5
	INTRAFRAG_STEP_LIMIT_MIN       =           0.001
	INTRAFRAG_STEP_LIMIT_MAX       =             1.0
	INTERFRAG_STEP_LIMIT           =             0.5
	INTERFRAG_STEP_LIMIT_MIN       =           0.001
	INTERFRAG_STEP_LIMIT_MAX       =             1.0
	ENSURE_BT_CONVERGENCE          =           False
	SIMPLE_STEP_SCALING            =           False
	CONSECUTIVE_BACKSTEPS          =               0
	RFO_NORMALIZATION_MAX          =             100
	RSRFO_ALPHA_MAX                =     100000000.0
	PRINT_TRAJECTORY_XYZ_FILE      =           False
	WRITE_TRAJECTORY               =           False
	FROZEN_DISTANCE                =                
	FROZEN_BEND                    =                
	FROZEN_DIHEDRAL                =                
	FROZEN_OOFP                    =                
	FROZEN_CARTESIAN               =                
	FREEZE_ALL_DIHEDRALS           =           False
	UNFREEZE_DIHEDRALS             =                
	RANGED_DISTANCE                =                
	RANGED_BEND                    =                
	RANGED_DIHEDRAL                =                
	RANGED_OOFP                    =                
	RANGED_CARTESIAN               =                
	EXT_FORCE_DISTANCE             =                
	EXT_FORCE_BEND                 =                
	EXT_FORCE_DIHEDRAL             =                
	EXT_FORCE_OOFP                 =                
	EXT_FORCE_CARTESIAN            =                
	G_CONVERGENCE                  =           QCHEM
	MAX_FORCE_G_CONVERGENCE        =          0.0003
	RMS_FORCE_G_CONVERGENCE        =          0.0003
	MAX_ENERGY_G_CONVERGENCE       =           1e-06
	MAX_DISP_G_CONVERGENCE         =          0.0012
	RMS_DISP_G_CONVERGENCE         =          0.0012
	FLEXIBLE_G_CONVERGENCE         =           False
	HESS_UPDATE                    =            BFGS
	HESS_UPDATE_USE_LAST           =               4
	HESS_UPDATE_LIMIT              =            True
	HESS_UPDATE_LIMIT_MAX          =             1.0
	HESS_UPDATE_LIMIT_SCALE        =             0.5
	HESS_UPDATE_DEN_TOL            =           1e-07
	HESS_UPDATE_DQ_TOL             =             0.5
	CART_HESS_READ                 =           False
	HESSIAN_FILE                   =               .
	FULL_HESS_EVERY                =              -1
	INTRAFRAG_HESS                 =        SCHLEGEL
	H_GUESS_EVERY                  =           False
	BT_MAX_ITER                    =              25
	BT_DX_CONV                     =           1e-07
	BT_DX_RMS_CHANGE_CONV          =           1e-12
	BT_PINV_RCOND                  =           1e-06
	FRAG_MODE                      =          SINGLE
	FRAG_REF_ATOMS                 =              []
	FREEZE_INTRAFRAG               =           False
	INTERFRAG_MODE                 =           FIXED
	ADD_AUXILIARY_BONDS            =           False
	AUXILIARY_BOND_FACTOR          =             2.5
	INTERFRAG_DIST_INV             =           False
	INTERFRAG_COLLINEAR_TOL        =            0.01
	INTERFRAG_COORDS               =              []
	INTERFRAG_HESS                 =         DEFAULT
	COVALENT_CONNECT               =             1.3
	INTERFRAGMENT_CONNECT          =             1.8
	H_BOND_CONNECT                 =             4.3
	INCLUDE_OOFP                   =           False
	TEST_B                         =           False
	TEST_DERIVATIVE_B              =           False
	LINESEARCH_STEP                =             0.1
	LINESEARCH                     =           False
	SD_HESSIAN                     =             1.0
	FIX_VAL_NEAR_PI                =            1.57
	V3D_TORS_ANGLE_LIM             =           0.017
	V3D_TORS_COS_TOL               =           1e-10
	LINEAR_BEND_THRESHOLD          =            3.05
	SMALL_BEND_FIX_THRESHOLD       =            0.35
	REDUNDANT_EVAL_TOL             =           1e-10
	LINEAR_ALGEBRA_TOL             =           1e-10


2025-12-23:10:50:00,659 INFO     [psi4.optking.opt_helper:164] Molsys:

	                            ===> Fragment 1 <== 

	 Z (Atomic Numbers)          Masses                          Geom                  
	       5.000000            11.009305          0.00000000  0.00000000  1.55425651   
	      12.000000            23.985042          0.00000000  0.00000000 -0.71341484   

	 - Coordinate -           - BOHR/RAD -       - ANG/DEG -
	 R(1,2)           =         2.267671           1.200000

2025-12-23:10:50:00,669 INFO     [psi4.driver.task_planner:259] PLANNING Atomic:  keywords={'DAMPING_PERCENTAGE': 1.0, 'GEOM_MAXITER': 500, 'GUESS': 'SAP', 'MAXITER': 500, 'REFERENCE': 'UKS', 'function_kwargs': {}}
2025-12-23:10:50:00,671 INFO     [psi4.driver.driver:638] Compute gradient(): method=b3lyp, basis=cc-pvdz, molecule=default, nre=26.458860533500005
2025-12-23:10:50:01,478 INFO     [psi4.driver.driver:641] Return gradient(): -224.2551437920609
2025-12-23:10:50:01,478 INFO     [psi4.driver.driver:642] [[ 0.00000000  0.00000000 -0.77173992]
 [ 0.00000000  0.00000000  0.77178090]]
2025-12-23:10:50:01,481 INFO     [psi4.optking.molsys:944] Projected (PHP) Hessian matrix
	   4.182219

2025-12-23:10:50:01,481 INFO     [psi4.optking.opt_helper:182] 
	         Geometry (au)                                       Gradient (au)
   0.0000000000   0.0000000000   1.5542565149		   0.0000000000   0.0000000000  -0.7717399183
   0.0000000000   0.0000000000  -0.7134148356		   0.0000000000   0.0000000000   0.7717809004

2025-12-23:10:50:01,481 INFO     [psi4.optking.stepAlgorithms:929] 	Using RFO solution 1.
2025-12-23:10:50:01,481 INFO     [psi4.optking.displace:100] 	Determining Cartesian step for fragment 1.
2025-12-23:10:50:01,482 INFO     [psi4.optking.displace:415] 	Successfully converged to displaced geometry.
2025-12-23:10:50:01,482 INFO     [psi4.optking.displace:416] 	RMS(dx):  0.000e+00 	Max(dx):  0.000e+00 	RMS(dq):  0.000e+00
2025-12-23:10:50:01,482 INFO     [psi4.optking.displace:172] 

	        --- Internal Coordinate Step in ANG or DEG, aJ/ANG or AJ/DEG ---
	-------------------------------------------------------------------------------
	           Coordinate      Previous         Force          Change          New 
	           ----------      --------        ------          ------        ------
	               R(1,2)       1.20000        6.35832        0.09453       1.29453
	-------------------------------------------------------------------------------

2025-12-23:10:50:01,482 INFO     [psi4.optking.stepAlgorithms:113] 	|target step| :    0.1786445496
2025-12-23:10:50:01,482 INFO     [psi4.optking.stepAlgorithms:114] 	gradient     :   -0.7717604094
2025-12-23:10:50:01,482 INFO     [psi4.optking.stepAlgorithms:115] 	hessian      :    4.1822185214
2025-12-23:10:50:01,482 INFO     [psi4.optking.stepAlgorithms:113] 	|target step| :    0.1786445496
2025-12-23:10:50:01,482 INFO     [psi4.optking.stepAlgorithms:114] 	gradient     :   -0.7717604094
2025-12-23:10:50:01,482 INFO     [psi4.optking.stepAlgorithms:115] 	hessian      :    4.1822185214
2025-12-23:10:50:01,482 INFO     [psi4.optking.stepAlgorithms:206] 	Norm of achieved step-size    0.1786445496
2025-12-23:10:50:01,482 INFO     [psi4.optking.stepAlgorithms:208] 	Norm of achieved step-size (cart):    0.1263207724
2025-12-23:10:50:01,482 INFO     [psi4.optking.opt_helper:164] Molsys:

	                            ===> Fragment 1 <== 

	 Z (Atomic Numbers)          Masses                          Geom                  
	       5.000000            11.009305          0.00000000  0.00000000  1.64357879   
	      12.000000            23.985042          0.00000000  0.00000000 -0.80273711   

	 - Coordinate -           - BOHR/RAD -       - ANG/DEG -
	 R(1,2)           =         2.446316           1.294535

2025-12-23:10:50:01,482 INFO     [psi4.optking.convcheck:76] Performing convergence check.
2025-12-23:10:50:01,482 INFO     [psi4.optking.convcheck:282] 
	                                 ==> Convergence Check <==                                  
    
	Measures of convergence in internal coordinates in au.
    
	Criteria marked as inactive (o), active & met (*), and active & unmet ( ).

	----------------------------------------------------------------------------------------------~
	   Step    Total Energy     Delta E     Max Force     RMS Force      Max Disp      RMS Disp   ~
	----------------------------------------------------------------------------------------------~
	  Convergence Criteria     1.00e-06 *    3.00e-04 *             o    1.20e-03 *             o~
	----------------------------------------------------------------------------------------------~
	     1    -224.25514379   -2.24e+02      7.72e-01      7.72e-01 o    1.79e-01      1.79e-01 o  ~
	----------------------------------------------------------------------------------------------


2025-12-23:10:50:01,482 INFO     [psi4.optking.stepAlgorithms:296] 	Convergence check returned False
2025-12-23:10:50:01,492 INFO     [psi4.driver.task_planner:259] PLANNING Atomic:  keywords={'DAMPING_PERCENTAGE': 1.0, 'GEOM_MAXITER': 500, 'SCF__GUESS': 'READ', 'GUESS': 'SAP', 'MAXITER': 500, 'REFERENCE': 'UKS', 'function_kwargs': {}}
2025-12-23:10:50:01,493 INFO     [psi4.driver.driver:638] Compute gradient(): method=b3lyp, basis=cc-pvdz, molecule=default, nre=24.52667703159192
2025-12-23:10:50:02,184 INFO     [psi4.driver.driver:641] Return gradient(): -224.37455429331249
2025-12-23:10:50:02,185 INFO     [psi4.driver.driver:642] [[-0.00000000 -0.00000000 -0.57434993]
 [-0.00000000  0.00000000  0.57434573]]
2025-12-23:10:50:02,186 INFO     [psi4.optking.history:269] 	Performing BFGS update.
2025-12-23:10:50:02,186 INFO     [psi4.optking.history:280] 	Using 1 previous steps for update.
2025-12-23:10:50:02,186 INFO     [psi4.optking.history:317] 	Steps to be used in Hessian update:  1

2025-12-23:10:50:02,187 INFO     [psi4.optking.history:418] 	Updated Hessian (in au) 
 	   2.091109

2025-12-23:10:50:02,187 INFO     [psi4.optking.molsys:944] Projected (PHP) Hessian matrix
	   2.091109

2025-12-23:10:50:02,187 INFO     [psi4.optking.opt_helper:182] 
	         Geometry (au)                                       Gradient (au)
   0.0000000000   0.0000000000   1.6766990615		  -0.0000000000  -0.0000000000  -0.5743499317
   0.0000000000   0.0000000000  -0.7696168386		  -0.0000000000   0.0000000000   0.5743457274

2025-12-23:10:50:02,187 INFO     [psi4.optking.stepAlgorithms:368] 	Current Step Report 
 
	Current energy:      -224.3745542933
	Energy change for the previous step:
		Actual       :        -0.1194105013
		Projected    :        -0.0689353954

2025-12-23:10:50:02,187 INFO     [psi4.optking.stepAlgorithms:371] 	Energy ratio =    1.73221
2025-12-23:10:50:02,187 INFO     [psi4.optking.stepAlgorithms:399] 	Energy ratio indicates good step.
2025-12-23:10:50:02,187 INFO     [psi4.optking.stepAlgorithms:400] 	Intrafrag trust radius increased to      1.
2025-12-23:10:50:02,187 INFO     [psi4.optking.stepAlgorithms:929] 	Using RFO solution 1.
2025-12-23:10:50:02,187 INFO     [psi4.optking.displace:100] 	Determining Cartesian step for fragment 1.
2025-12-23:10:50:02,188 INFO     [psi4.optking.displace:415] 	Successfully converged to displaced geometry.
2025-12-23:10:50:02,188 INFO     [psi4.optking.displace:416] 	RMS(dx):  0.000e+00 	Max(dx):  0.000e+00 	RMS(dq):  0.000e+00
2025-12-23:10:50:02,188 INFO     [psi4.optking.displace:172] 

	        --- Internal Coordinate Step in ANG or DEG, aJ/ANG or AJ/DEG ---
	-------------------------------------------------------------------------------
	           Coordinate      Previous         Force          Change          New 
	           ----------      --------        ------          ------        ------
	               R(1,2)       1.29453        4.73189        0.13578       1.43031
	-------------------------------------------------------------------------------

2025-12-23:10:50:02,188 INFO     [psi4.optking.stepAlgorithms:113] 	|target step| :    0.2565799181
2025-12-23:10:50:02,188 INFO     [psi4.optking.stepAlgorithms:114] 	gradient     :   -0.5743478295
2025-12-23:10:50:02,188 INFO     [psi4.optking.stepAlgorithms:115] 	hessian      :    2.0911092607
2025-12-23:10:50:02,188 INFO     [psi4.optking.stepAlgorithms:113] 	|target step| :    0.2565799181
2025-12-23:10:50:02,188 INFO     [psi4.optking.stepAlgorithms:114] 	gradient     :   -0.5743478295
2025-12-23:10:50:02,188 INFO     [psi4.optking.stepAlgorithms:115] 	hessian      :    2.0911092607
2025-12-23:10:50:02,188 INFO     [psi4.optking.stepAlgorithms:206] 	Norm of achieved step-size    0.2565799181
2025-12-23:10:50:02,188 INFO     [psi4.optking.stepAlgorithms:208] 	Norm of achieved step-size (cart):    0.1814294000
2025-12-23:10:50:02,188 INFO     [psi4.optking.opt_helper:164] Molsys:

	                            ===> Fragment 1 <== 

	 Z (Atomic Numbers)          Masses                          Geom                  
	       5.000000            11.009305          0.00000000  0.00000000  1.80498902   
	      12.000000            23.985042          0.00000000  0.00000000 -0.89790680   

	 - Coordinate -           - BOHR/RAD -       - ANG/DEG -
	 R(1,2)           =         2.702896           1.430311

2025-12-23:10:50:02,188 INFO     [psi4.optking.convcheck:76] Performing convergence check.
2025-12-23:10:50:02,188 INFO     [psi4.optking.convcheck:282] 
	                                 ==> Convergence Check <==                                  
    
	Measures of convergence in internal coordinates in au.
    
	Criteria marked as inactive (o), active & met (*), and active & unmet ( ).

	----------------------------------------------------------------------------------------------
	   Step    Total Energy     Delta E     Max Force     RMS Force      Max Disp      RMS Disp   
	----------------------------------------------------------------------------------------------
	  Convergence Criteria     1.00e-06 *    3.00e-04 *             o    1.20e-03 *             o
	----------------------------------------------------------------------------------------------
	     2    -224.37455429   -1.19e-01      5.74e-01      5.74e-01 o    2.57e-01      2.57e-01 o  ~
	----------------------------------------------------------------------------------------------


2025-12-23:10:50:02,188 INFO     [psi4.optking.stepAlgorithms:296] 	Convergence check returned False
2025-12-23:10:50:02,198 INFO     [psi4.driver.task_planner:259] PLANNING Atomic:  keywords={'DAMPING_PERCENTAGE': 1.0, 'GEOM_MAXITER': 500, 'SCF__GUESS': 'READ', 'GUESS': 'SAP', 'MAXITER': 500, 'REFERENCE': 'UKS', 'function_kwargs': {}}
2025-12-23:10:50:02,200 INFO     [psi4.driver.driver:638] Compute gradient(): method=b3lyp, basis=cc-pvdz, molecule=default, nre=22.19841386252309
2025-12-23:10:50:02,938 INFO     [psi4.driver.driver:641] Return gradient(): -224.49348651398
2025-12-23:10:50:02,939 INFO     [psi4.driver.driver:642] [[ 0.00000000 -0.00000000 -0.36406753]
 [ 0.00000000 -0.00000000  0.36405542]]
2025-12-23:10:50:02,940 INFO     [psi4.optking.history:269] 	Performing BFGS update.
2025-12-23:10:50:02,940 INFO     [psi4.optking.history:280] 	Using 2 previous steps for update.
2025-12-23:10:50:02,940 INFO     [psi4.optking.history:317] 	Steps to be used in Hessian update:  2 1

2025-12-23:10:50:02,940 INFO     [psi4.optking.history:418] 	Updated Hessian (in au) 
 	   0.936756

2025-12-23:10:50:02,940 INFO     [psi4.optking.molsys:944] Projected (PHP) Hessian matrix
	   0.936756

2025-12-23:10:50:02,941 INFO     [psi4.optking.opt_helper:182] 
	         Geometry (au)                                       Gradient (au)
   0.0000000000   0.0000000000   1.8525583231		   0.0000000000  -0.0000000000  -0.3640675292
   0.0000000000   0.0000000000  -0.8503374951		   0.0000000000  -0.0000000000   0.3640554166

2025-12-23:10:50:02,941 INFO     [psi4.optking.stepAlgorithms:368] 	Current Step Report 
 
	Current energy:      -224.4934865140
	Energy change for the previous step:
		Actual       :        -0.1189322207
		Projected    :        -0.0736830595

2025-12-23:10:50:02,941 INFO     [psi4.optking.stepAlgorithms:371] 	Energy ratio =    1.61411
2025-12-23:10:50:02,941 INFO     [psi4.optking.stepAlgorithms:929] 	Using RFO solution 1.
2025-12-23:10:50:02,941 INFO     [psi4.optking.displace:100] 	Determining Cartesian step for fragment 1.
2025-12-23:10:50:02,941 INFO     [psi4.optking.displace:415] 	Successfully converged to displaced geometry.
2025-12-23:10:50:02,941 INFO     [psi4.optking.displace:416] 	RMS(dx):  0.000e+00 	Max(dx):  0.000e+00 	RMS(dq):  0.000e+00
2025-12-23:10:50:02,941 INFO     [psi4.optking.displace:172] 

	        --- Internal Coordinate Step in ANG or DEG, aJ/ANG or AJ/DEG ---
	-------------------------------------------------------------------------------
	           Coordinate      Previous         Force          Change          New 
	           ----------      --------        ------          ------        ------
	               R(1,2)       1.43031        2.99940        0.18147       1.61178
	-------------------------------------------------------------------------------

2025-12-23:10:50:02,941 INFO     [psi4.optking.stepAlgorithms:113] 	|target step| :    0.3429349759
2025-12-23:10:50:02,941 INFO     [psi4.optking.stepAlgorithms:114] 	gradient     :   -0.3640614729
2025-12-23:10:50:02,941 INFO     [psi4.optking.stepAlgorithms:115] 	hessian      :    0.9367555520
2025-12-23:10:50:02,941 INFO     [psi4.optking.stepAlgorithms:113] 	|target step| :    0.3429349759
2025-12-23:10:50:02,941 INFO     [psi4.optking.stepAlgorithms:114] 	gradient     :   -0.3640614729
2025-12-23:10:50:02,941 INFO     [psi4.optking.stepAlgorithms:115] 	hessian      :    0.9367555520
2025-12-23:10:50:02,941 INFO     [psi4.optking.stepAlgorithms:206] 	Norm of achieved step-size    0.3429349759
2025-12-23:10:50:02,941 INFO     [psi4.optking.stepAlgorithms:208] 	Norm of achieved step-size (cart):    0.2424916470
2025-12-23:10:50:02,941 INFO     [psi4.optking.opt_helper:164] Molsys:

	                            ===> Fragment 1 <== 

	 Z (Atomic Numbers)          Masses                          Geom                  
	       5.000000            11.009305          0.00000000  0.00000000  2.02402581   
	      12.000000            23.985042          0.00000000  0.00000000 -1.02180498   

	 - Coordinate -           - BOHR/RAD -       - ANG/DEG -
	 R(1,2)           =         3.045831           1.611784

2025-12-23:10:50:02,942 INFO     [psi4.optking.convcheck:76] Performing convergence check.
2025-12-23:10:50:02,942 INFO     [psi4.optking.convcheck:282] 
	                                 ==> Convergence Check <==                                  
    
	Measures of convergence in internal coordinates in au.
    
	Criteria marked as inactive (o), active & met (*), and active & unmet ( ).

	----------------------------------------------------------------------------------------------
	   Step    Total Energy     Delta E     Max Force     RMS Force      Max Disp      RMS Disp   
	----------------------------------------------------------------------------------------------
	  Convergence Criteria     1.00e-06 *    3.00e-04 *             o    1.20e-03 *             o
	----------------------------------------------------------------------------------------------
	     3    -224.49348651   -1.19e-01      3.64e-01      3.64e-01 o    3.43e-01      3.43e-01 o  ~
	----------------------------------------------------------------------------------------------


2025-12-23:10:50:02,942 INFO     [psi4.optking.stepAlgorithms:296] 	Convergence check returned False
2025-12-23:10:50:02,952 INFO     [psi4.driver.task_planner:259] PLANNING Atomic:  keywords={'DAMPING_PERCENTAGE': 1.0, 'GEOM_MAXITER': 500, 'SCF__GUESS': 'READ', 'GUESS': 'SAP', 'MAXITER': 500, 'REFERENCE': 'UKS', 'function_kwargs': {}}
2025-12-23:10:50:02,954 INFO     [psi4.driver.driver:638] Compute gradient(): method=b3lyp, basis=cc-pvdz, molecule=default, nre=19.69905882994034
