2025-12-23:10:48:37,664 WARNING  [psi4.optking:38] Some dependencies such as QCElemental have not yet finished migration to pydantic v2. If issues are encountered please downgrade pydantic or upgrade QCElemental as appropriate
2025-12-23:10:48:37,825 INFO     [psi4.optking.optwrapper:234] Creating a UserComputer
2025-12-23:10:48:37,826 INFO     [psi4.optking.optwrapper:242] 
    			-----------------------------------------

    			 OPTKING 3.0: for geometry optimizations 

    			     By R.A. King, Bethel University     

    			        with contributions from          

    			    A.V. Copan, J. Cayton, A. Heide      

    			-----------------------------------------

    
2025-12-23:10:48:37,826 INFO     [psi4.optking.optwrapper:272] 
		 -- Optimization Parameters --
	GEOM_MAXITER                   =             500
	ALG_GEOM_MAXITER               =              50
	PRINT                          =               1
	OPT_TYPE                       =             MIN
	STEP_TYPE                      =             RFO
	PROGRAM                        =            PSI4
	STEEPEST_DESCENT_TYPE          =         OVERLAP
	CONJUGATE_GRADIENT_TYPE        =        FLETCHER
	OPT_COORDINATES                =        INTERNAL
	RFO_FOLLOW_ROOT                =           False
	RFO_ROOT                       =               0
	ACCEPT_SYMMETRY_BREAKING       =           False
	DYNAMIC_LVL                    =               0
	DYNAMIC_LVL_MAX                =               0
	IRC_STEP_SIZE                  =             0.2
	IRC_DIRECTION                  =         FORWARD
	IRC_POINTS                     =              20
	IRC_MODE                       =          NORMAL
	IRC_CONVERGENCE                =            -0.7
	INTRAFRAG_STEP_LIMIT           =             0.5
	INTRAFRAG_STEP_LIMIT_MIN       =           0.001
	INTRAFRAG_STEP_LIMIT_MAX       =             1.0
	INTERFRAG_STEP_LIMIT           =             0.5
	INTERFRAG_STEP_LIMIT_MIN       =           0.001
	INTERFRAG_STEP_LIMIT_MAX       =             1.0
	ENSURE_BT_CONVERGENCE          =           False
	SIMPLE_STEP_SCALING            =           False
	CONSECUTIVE_BACKSTEPS          =               0
	RFO_NORMALIZATION_MAX          =             100
	RSRFO_ALPHA_MAX                =     100000000.0
	PRINT_TRAJECTORY_XYZ_FILE      =           False
	WRITE_TRAJECTORY               =           False
	FROZEN_DISTANCE                =                
	FROZEN_BEND                    =                
	FROZEN_DIHEDRAL                =                
	FROZEN_OOFP                    =                
	FROZEN_CARTESIAN               =                
	FREEZE_ALL_DIHEDRALS           =           False
	UNFREEZE_DIHEDRALS             =                
	RANGED_DISTANCE                =                
	RANGED_BEND                    =                
	RANGED_DIHEDRAL                =                
	RANGED_OOFP                    =                
	RANGED_CARTESIAN               =                
	EXT_FORCE_DISTANCE             =                
	EXT_FORCE_BEND                 =                
	EXT_FORCE_DIHEDRAL             =                
	EXT_FORCE_OOFP                 =                
	EXT_FORCE_CARTESIAN            =                
	G_CONVERGENCE                  =           QCHEM
	MAX_FORCE_G_CONVERGENCE        =          0.0003
	RMS_FORCE_G_CONVERGENCE        =          0.0003
	MAX_ENERGY_G_CONVERGENCE       =           1e-06
	MAX_DISP_G_CONVERGENCE         =          0.0012
	RMS_DISP_G_CONVERGENCE         =          0.0012
	FLEXIBLE_G_CONVERGENCE         =           False
	HESS_UPDATE                    =            BFGS
	HESS_UPDATE_USE_LAST           =               4
	HESS_UPDATE_LIMIT              =            True
	HESS_UPDATE_LIMIT_MAX          =             1.0
	HESS_UPDATE_LIMIT_SCALE        =             0.5
	HESS_UPDATE_DEN_TOL            =           1e-07
	HESS_UPDATE_DQ_TOL             =             0.5
	CART_HESS_READ                 =           False
	HESSIAN_FILE                   =               .
	FULL_HESS_EVERY                =              -1
	INTRAFRAG_HESS                 =        SCHLEGEL
	H_GUESS_EVERY                  =           False
	BT_MAX_ITER                    =              25
	BT_DX_CONV                     =           1e-07
	BT_DX_RMS_CHANGE_CONV          =           1e-12
	BT_PINV_RCOND                  =           1e-06
	FRAG_MODE                      =          SINGLE
	FRAG_REF_ATOMS                 =              []
	FREEZE_INTRAFRAG               =           False
	INTERFRAG_MODE                 =           FIXED
	ADD_AUXILIARY_BONDS            =           False
	AUXILIARY_BOND_FACTOR          =             2.5
	INTERFRAG_DIST_INV             =           False
	INTERFRAG_COLLINEAR_TOL        =            0.01
	INTERFRAG_COORDS               =              []
	INTERFRAG_HESS                 =         DEFAULT
	COVALENT_CONNECT               =             1.3
	INTERFRAGMENT_CONNECT          =             1.8
	H_BOND_CONNECT                 =             4.3
	INCLUDE_OOFP                   =           False
	TEST_B                         =           False
	TEST_DERIVATIVE_B              =           False
	LINESEARCH_STEP                =             0.1
	LINESEARCH                     =           False
	SD_HESSIAN                     =             1.0
	FIX_VAL_NEAR_PI                =            1.57
	V3D_TORS_ANGLE_LIM             =           0.017
	V3D_TORS_COS_TOL               =           1e-10
	LINEAR_BEND_THRESHOLD          =            3.05
	SMALL_BEND_FIX_THRESHOLD       =            0.35
	REDUNDANT_EVAL_TOL             =           1e-10
	LINEAR_ALGEBRA_TOL             =           1e-10


2025-12-23:10:48:37,959 INFO     [psi4.optking.opt_helper:164] Molsys:

	                            ===> Fragment 1 <== 

	 Z (Atomic Numbers)          Masses                          Geom                  
	       5.000000            11.009305          0.00000000  0.00000000  1.18265440   
	       6.000000            12.000000          0.00000000  0.00000000 -1.08501695   

	 - Coordinate -           - BOHR/RAD -       - ANG/DEG -
	 R(1,2)           =         2.267671           1.200000

2025-12-23:10:48:37,969 INFO     [psi4.driver.task_planner:259] PLANNING Atomic:  keywords={'DAMPING_PERCENTAGE': 1.0, 'GEOM_MAXITER': 500, 'GUESS': 'SAP', 'MAXITER': 500, 'REFERENCE': 'UKS', 'function_kwargs': {}}
2025-12-23:10:48:37,970 INFO     [psi4.driver.driver:638] Compute gradient(): method=b3lyp, basis=cc-pvdz, molecule=default, nre=13.229430266750002
2025-12-23:10:48:38,422 INFO     [psi4.driver.driver:641] Return gradient(): -62.598833590699684
2025-12-23:10:48:38,422 INFO     [psi4.driver.driver:642] [[-0.00000000  0.00000000 -0.31171493]
 [ 0.00000000 -0.00000000  0.31172359]]
2025-12-23:10:48:38,424 INFO     [psi4.optking.molsys:944] Projected (PHP) Hessian matrix
	   1.048231

2025-12-23:10:48:38,424 INFO     [psi4.optking.opt_helper:182] 
	         Geometry (au)                                       Gradient (au)
   0.0000000000   0.0000000000   1.1826543992		  -0.0000000000   0.0000000000  -0.3117149289
   0.0000000000   0.0000000000  -1.0850169513		   0.0000000000  -0.0000000000   0.3117235890

2025-12-23:10:48:38,424 INFO     [psi4.optking.stepAlgorithms:929] 	Using RFO solution 1.
2025-12-23:10:48:38,424 INFO     [psi4.optking.displace:100] 	Determining Cartesian step for fragment 1.
2025-12-23:10:48:38,424 INFO     [psi4.optking.displace:415] 	Successfully converged to displaced geometry.
2025-12-23:10:48:38,424 INFO     [psi4.optking.displace:416] 	RMS(dx):  0.000e+00 	Max(dx):  0.000e+00 	RMS(dq):  0.000e+00
2025-12-23:10:48:38,425 INFO     [psi4.optking.displace:172] 

	        --- Internal Coordinate Step in ANG or DEG, aJ/ANG or AJ/DEG ---
	-------------------------------------------------------------------------------
	           Coordinate      Previous         Force          Change          New 
	           ----------      --------        ------          ------        ------
	               R(1,2)       1.20000        2.56817        0.14547       1.34547
	-------------------------------------------------------------------------------

2025-12-23:10:48:38,425 INFO     [psi4.optking.stepAlgorithms:113] 	|target step| :    0.2749032956
2025-12-23:10:48:38,425 INFO     [psi4.optking.stepAlgorithms:114] 	gradient     :   -0.3117192590
2025-12-23:10:48:38,425 INFO     [psi4.optking.stepAlgorithms:115] 	hessian      :    1.0482306732
2025-12-23:10:48:38,425 INFO     [psi4.optking.stepAlgorithms:113] 	|target step| :    0.2749032956
2025-12-23:10:48:38,425 INFO     [psi4.optking.stepAlgorithms:114] 	gradient     :   -0.3117192590
2025-12-23:10:48:38,425 INFO     [psi4.optking.stepAlgorithms:115] 	hessian      :    1.0482306732
2025-12-23:10:48:38,425 INFO     [psi4.optking.stepAlgorithms:206] 	Norm of achieved step-size    0.2749032956
2025-12-23:10:48:38,425 INFO     [psi4.optking.stepAlgorithms:208] 	Norm of achieved step-size (cart):    0.1943859845
2025-12-23:10:48:38,425 INFO     [psi4.optking.opt_helper:164] Molsys:

	                            ===> Fragment 1 <== 

	 Z (Atomic Numbers)          Masses                          Geom                  
	       5.000000            11.009305          0.00000000  0.00000000  1.32010605   
	       6.000000            12.000000          0.00000000  0.00000000 -1.22246860   

	 - Coordinate -           - BOHR/RAD -       - ANG/DEG -
	 R(1,2)           =         2.542575           1.345473

2025-12-23:10:48:38,425 INFO     [psi4.optking.convcheck:76] Performing convergence check.
2025-12-23:10:48:38,425 INFO     [psi4.optking.convcheck:282] 
	                                 ==> Convergence Check <==                                  
    
	Measures of convergence in internal coordinates in au.
    
	Criteria marked as inactive (o), active & met (*), and active & unmet ( ).

	----------------------------------------------------------------------------------------------~
	   Step    Total Energy     Delta E     Max Force     RMS Force      Max Disp      RMS Disp   ~
	----------------------------------------------------------------------------------------------~
	  Convergence Criteria     1.00e-06 *    3.00e-04 *             o    1.20e-03 *             o~
	----------------------------------------------------------------------------------------------~
	     1     -62.59883359   -6.26e+01      3.12e-01      3.12e-01 o    2.75e-01      2.75e-01 o  ~
	----------------------------------------------------------------------------------------------


2025-12-23:10:48:38,425 INFO     [psi4.optking.stepAlgorithms:296] 	Convergence check returned False
2025-12-23:10:48:38,435 INFO     [psi4.driver.task_planner:259] PLANNING Atomic:  keywords={'DAMPING_PERCENTAGE': 1.0, 'GEOM_MAXITER': 500, 'SCF__GUESS': 'READ', 'GUESS': 'SAP', 'MAXITER': 500, 'REFERENCE': 'UKS', 'function_kwargs': {}}
2025-12-23:10:48:38,437 INFO     [psi4.driver.driver:638] Compute gradient(): method=b3lyp, basis=cc-pvdz, molecule=default, nre=11.799063616625757
2025-12-23:10:48:38,785 INFO     [psi4.driver.driver:641] Return gradient(): -62.645230374338006
2025-12-23:10:48:38,785 INFO     [psi4.driver.driver:642] [[ 0.00000000  0.00000000 -0.05708624]
 [ 0.00000000 -0.00000000  0.05709379]]
2025-12-23:10:48:38,787 INFO     [psi4.optking.history:269] 	Performing BFGS update.
2025-12-23:10:48:38,787 INFO     [psi4.optking.history:280] 	Using 1 previous steps for update.
2025-12-23:10:48:38,787 INFO     [psi4.optking.history:317] 	Steps to be used in Hessian update:  1

2025-12-23:10:48:38,787 INFO     [psi4.optking.history:418] 	Updated Hessian (in au) 
 	   0.926250

2025-12-23:10:48:38,787 INFO     [psi4.optking.molsys:944] Projected (PHP) Hessian matrix
	   0.926250

2025-12-23:10:48:38,787 INFO     [psi4.optking.opt_helper:182] 
	         Geometry (au)                                       Gradient (au)
   0.0000000000   0.0000000000   1.3260242009		   0.0000000000   0.0000000000  -0.0570862433
   0.0000000000   0.0000000000  -1.2165504452		   0.0000000000  -0.0000000000   0.0570937906

2025-12-23:10:48:38,787 INFO     [psi4.optking.stepAlgorithms:368] 	Current Step Report 
 
	Current energy:       -62.6452303743
	Energy change for the previous step:
		Actual       :        -0.0463967836
		Projected    :        -0.0428463258

2025-12-23:10:48:38,787 INFO     [psi4.optking.stepAlgorithms:371] 	Energy ratio =    1.08286
2025-12-23:10:48:38,787 INFO     [psi4.optking.stepAlgorithms:399] 	Energy ratio indicates good step.
2025-12-23:10:48:38,787 INFO     [psi4.optking.stepAlgorithms:400] 	Intrafrag trust radius increased to      1.
2025-12-23:10:48:38,788 INFO     [psi4.optking.stepAlgorithms:929] 	Using RFO solution 1.
2025-12-23:10:48:38,788 INFO     [psi4.optking.displace:100] 	Determining Cartesian step for fragment 1.
2025-12-23:10:48:38,788 INFO     [psi4.optking.displace:415] 	Successfully converged to displaced geometry.
2025-12-23:10:48:38,788 INFO     [psi4.optking.displace:416] 	RMS(dx):  0.000e+00 	Max(dx):  0.000e+00 	RMS(dq):  0.000e+00
2025-12-23:10:48:38,788 INFO     [psi4.optking.displace:172] 

	        --- Internal Coordinate Step in ANG or DEG, aJ/ANG or AJ/DEG ---
	-------------------------------------------------------------------------------
	           Coordinate      Previous         Force          Change          New 
	           ----------      --------        ------          ------        ------
	               R(1,2)       1.34547        0.47035        0.03249       1.37797
	-------------------------------------------------------------------------------

2025-12-23:10:48:38,788 INFO     [psi4.optking.stepAlgorithms:113] 	|target step| :    0.0614032418
2025-12-23:10:48:38,788 INFO     [psi4.optking.stepAlgorithms:114] 	gradient     :   -0.0570900169
2025-12-23:10:48:38,788 INFO     [psi4.optking.stepAlgorithms:115] 	hessian      :    0.9262502345
2025-12-23:10:48:38,788 INFO     [psi4.optking.stepAlgorithms:113] 	|target step| :    0.0614032418
2025-12-23:10:48:38,788 INFO     [psi4.optking.stepAlgorithms:114] 	gradient     :   -0.0570900169
2025-12-23:10:48:38,788 INFO     [psi4.optking.stepAlgorithms:115] 	hessian      :    0.9262502345
2025-12-23:10:48:38,788 INFO     [psi4.optking.stepAlgorithms:206] 	Norm of achieved step-size    0.0614032418
2025-12-23:10:48:38,788 INFO     [psi4.optking.stepAlgorithms:208] 	Norm of achieved step-size (cart):    0.0434186487
2025-12-23:10:48:38,788 INFO     [psi4.optking.opt_helper:164] Molsys:

	                            ===> Fragment 1 <== 

	 Z (Atomic Numbers)          Masses                          Geom                  
	       5.000000            11.009305          0.00000000  0.00000000  1.35672582   
	       6.000000            12.000000          0.00000000  0.00000000 -1.24725207   

	 - Coordinate -           - BOHR/RAD -       - ANG/DEG -
	 R(1,2)           =         2.603978           1.377966

2025-12-23:10:48:38,788 INFO     [psi4.optking.convcheck:76] Performing convergence check.
2025-12-23:10:48:38,788 INFO     [psi4.optking.convcheck:282] 
	                                 ==> Convergence Check <==                                  
    
	Measures of convergence in internal coordinates in au.
    
	Criteria marked as inactive (o), active & met (*), and active & unmet ( ).

	----------------------------------------------------------------------------------------------
	   Step    Total Energy     Delta E     Max Force     RMS Force      Max Disp      RMS Disp   
	----------------------------------------------------------------------------------------------
	  Convergence Criteria     1.00e-06 *    3.00e-04 *             o    1.20e-03 *             o
	----------------------------------------------------------------------------------------------
	     2     -62.64523037   -4.64e-02      5.71e-02      5.71e-02 o    6.14e-02      6.14e-02 o  ~
	----------------------------------------------------------------------------------------------


2025-12-23:10:48:38,788 INFO     [psi4.optking.stepAlgorithms:296] 	Convergence check returned False
2025-12-23:10:48:38,799 INFO     [psi4.driver.task_planner:259] PLANNING Atomic:  keywords={'DAMPING_PERCENTAGE': 1.0, 'GEOM_MAXITER': 500, 'SCF__GUESS': 'READ', 'GUESS': 'SAP', 'MAXITER': 500, 'REFERENCE': 'UKS', 'function_kwargs': {}}
2025-12-23:10:48:38,800 INFO     [psi4.driver.driver:638] Compute gradient(): method=b3lyp, basis=cc-pvdz, molecule=default, nre=11.520835157069424
2025-12-23:10:48:39,93 INFO     [psi4.driver.driver:641] Return gradient(): -62.64763463106442
2025-12-23:10:48:39,94 INFO     [psi4.driver.driver:642] [[-0.00000000  0.00000000 -0.02227162]
 [ 0.00000000  0.00000000  0.02227723]]
2025-12-23:10:48:39,95 INFO     [psi4.optking.history:269] 	Performing BFGS update.
2025-12-23:10:48:39,95 INFO     [psi4.optking.history:280] 	Using 2 previous steps for update.
2025-12-23:10:48:39,95 INFO     [psi4.optking.history:317] 	Steps to be used in Hessian update:  2 1

2025-12-23:10:48:39,95 INFO     [psi4.optking.history:418] 	Updated Hessian (in au) 
 	   0.860658

2025-12-23:10:48:39,95 INFO     [psi4.optking.molsys:944] Projected (PHP) Hessian matrix
	   0.860658

2025-12-23:10:48:39,95 INFO     [psi4.optking.opt_helper:182] 
	         Geometry (au)                                       Gradient (au)
   0.0000000000   0.0000000000   1.3580477188		  -0.0000000000   0.0000000000  -0.0222716194
   0.0000000000   0.0000000000  -1.2459301692		   0.0000000000   0.0000000000   0.0222772322

2025-12-23:10:48:39,96 INFO     [psi4.optking.stepAlgorithms:368] 	Current Step Report 
 
	Current energy:       -62.6476346311
	Energy change for the previous step:
		Actual       :        -0.0024042567
		Projected    :        -0.0017527561

2025-12-23:10:48:39,96 INFO     [psi4.optking.stepAlgorithms:371] 	Energy ratio =    1.37170
2025-12-23:10:48:39,96 INFO     [psi4.optking.stepAlgorithms:929] 	Using RFO solution 1.
2025-12-23:10:48:39,96 INFO     [psi4.optking.displace:100] 	Determining Cartesian step for fragment 1.
2025-12-23:10:48:39,96 INFO     [psi4.optking.displace:415] 	Successfully converged to displaced geometry.
2025-12-23:10:48:39,96 INFO     [psi4.optking.displace:416] 	RMS(dx):  0.000e+00 	Max(dx):  0.000e+00 	RMS(dq):  0.000e+00
2025-12-23:10:48:39,96 INFO     [psi4.optking.displace:172] 

	        --- Internal Coordinate Step in ANG or DEG, aJ/ANG or AJ/DEG ---
	-------------------------------------------------------------------------------
	           Coordinate      Previous         Force          Change          New 
	           ----------      --------        ------          ------        ------
	               R(1,2)       1.37797        0.18351        0.01369       1.39165
	-------------------------------------------------------------------------------

2025-12-23:10:48:39,96 INFO     [psi4.optking.stepAlgorithms:113] 	|target step| :    0.0258633884
2025-12-23:10:48:39,96 INFO     [psi4.optking.stepAlgorithms:114] 	gradient     :   -0.0222744258
2025-12-23:10:48:39,96 INFO     [psi4.optking.stepAlgorithms:115] 	hessian      :    0.8606577659
2025-12-23:10:48:39,96 INFO     [psi4.optking.stepAlgorithms:113] 	|target step| :    0.0258633884
2025-12-23:10:48:39,96 INFO     [psi4.optking.stepAlgorithms:114] 	gradient     :   -0.0222744258
2025-12-23:10:48:39,96 INFO     [psi4.optking.stepAlgorithms:115] 	hessian      :    0.8606577659
2025-12-23:10:48:39,96 INFO     [psi4.optking.stepAlgorithms:206] 	Norm of achieved step-size    0.0258633884
2025-12-23:10:48:39,96 INFO     [psi4.optking.stepAlgorithms:208] 	Norm of achieved step-size (cart):    0.0182881774
2025-12-23:10:48:39,96 INFO     [psi4.optking.opt_helper:164] Molsys:

	                            ===> Fragment 1 <== 

	 Z (Atomic Numbers)          Masses                          Geom                  
	       5.000000            11.009305          0.00000000  0.00000000  1.37097941   
	       6.000000            12.000000          0.00000000  0.00000000 -1.25886186   

	 - Coordinate -           - BOHR/RAD -       - ANG/DEG -
	 R(1,2)           =         2.629841           1.391652

2025-12-23:10:48:39,96 INFO     [psi4.optking.convcheck:76] Performing convergence check.
2025-12-23:10:48:39,97 INFO     [psi4.optking.convcheck:282] 
	                                 ==> Convergence Check <==                                  
    
	Measures of convergence in internal coordinates in au.
    
	Criteria marked as inactive (o), active & met (*), and active & unmet ( ).

	----------------------------------------------------------------------------------------------
	   Step    Total Energy     Delta E     Max Force     RMS Force      Max Disp      RMS Disp   
	----------------------------------------------------------------------------------------------
	  Convergence Criteria     1.00e-06 *    3.00e-04 *             o    1.20e-03 *             o
	----------------------------------------------------------------------------------------------
	     3     -62.64763463   -2.40e-03      2.23e-02      2.23e-02 o    2.59e-02      2.59e-02 o  ~
	----------------------------------------------------------------------------------------------


2025-12-23:10:48:39,97 INFO     [psi4.optking.stepAlgorithms:296] 	Convergence check returned False
2025-12-23:10:48:39,107 INFO     [psi4.driver.task_planner:259] PLANNING Atomic:  keywords={'DAMPING_PERCENTAGE': 1.0, 'GEOM_MAXITER': 500, 'SCF__GUESS': 'READ', 'GUESS': 'SAP', 'MAXITER': 500, 'REFERENCE': 'UKS', 'function_kwargs': {}}
2025-12-23:10:48:39,108 INFO     [psi4.driver.driver:638] Compute gradient(): method=b3lyp, basis=cc-pvdz, molecule=default, nre=11.407532564430094
2025-12-23:10:48:39,413 INFO     [psi4.driver.driver:641] Return gradient(): -62.6480421068309
2025-12-23:10:48:39,414 INFO     [psi4.driver.driver:642] [[ 0.00000000 -0.00000000 -0.00940690]
 [ 0.00000000 -0.00000000  0.00941266]]
2025-12-23:10:48:39,415 INFO     [psi4.optking.history:269] 	Performing BFGS update.
2025-12-23:10:48:39,415 INFO     [psi4.optking.history:280] 	Using 3 previous steps for update.
2025-12-23:10:48:39,415 INFO     [psi4.optking.history:317] 	Steps to be used in Hessian update:  3 2 1

2025-12-23:10:48:39,416 INFO     [psi4.optking.history:418] 	Updated Hessian (in au) 
 	   0.834717

2025-12-23:10:48:39,416 INFO     [psi4.optking.molsys:944] Projected (PHP) Hessian matrix
	   0.834717

2025-12-23:10:48:39,416 INFO     [psi4.optking.opt_helper:182] 
	         Geometry (au)                                       Gradient (au)
   0.0000000000   0.0000000000   1.3715362034		   0.0000000000  -0.0000000000  -0.0094069043
   0.0000000000   0.0000000000  -1.2583050730		   0.0000000000  -0.0000000000   0.0094126594

2025-12-23:10:48:39,416 INFO     [psi4.optking.stepAlgorithms:368] 	Current Step Report 
 
	Current energy:       -62.6480421068
	Energy change for the previous step:
		Actual       :        -0.0004074758
		Projected    :        -0.0002880461

2025-12-23:10:48:39,416 INFO     [psi4.optking.stepAlgorithms:371] 	Energy ratio =    1.41462
2025-12-23:10:48:39,416 INFO     [psi4.optking.stepAlgorithms:929] 	Using RFO solution 1.
2025-12-23:10:48:39,416 INFO     [psi4.optking.displace:100] 	Determining Cartesian step for fragment 1.
2025-12-23:10:48:39,416 INFO     [psi4.optking.displace:415] 	Successfully converged to displaced geometry.
2025-12-23:10:48:39,416 INFO     [psi4.optking.displace:416] 	RMS(dx):  0.000e+00 	Max(dx):  0.000e+00 	RMS(dq):  0.000e+00
2025-12-23:10:48:39,416 INFO     [psi4.optking.displace:172] 

	        --- Internal Coordinate Step in ANG or DEG, aJ/ANG or AJ/DEG ---
	-------------------------------------------------------------------------------
	           Coordinate      Previous         Force          Change          New 
	           ----------      --------        ------          ------        ------
	               R(1,2)       1.39165        0.07752        0.00596       1.39762
	-------------------------------------------------------------------------------

2025-12-23:10:48:39,416 INFO     [psi4.optking.stepAlgorithms:113] 	|target step| :    0.0112715852
2025-12-23:10:48:39,416 INFO     [psi4.optking.stepAlgorithms:114] 	gradient     :   -0.0094097819
2025-12-23:10:48:39,416 INFO     [psi4.optking.stepAlgorithms:115] 	hessian      :    0.8347172294
2025-12-23:10:48:39,416 INFO     [psi4.optking.stepAlgorithms:113] 	|target step| :    0.0112715852
2025-12-23:10:48:39,416 INFO     [psi4.optking.stepAlgorithms:114] 	gradient     :   -0.0094097819
2025-12-23:10:48:39,416 INFO     [psi4.optking.stepAlgorithms:115] 	hessian      :    0.8347172294
2025-12-23:10:48:39,416 INFO     [psi4.optking.stepAlgorithms:206] 	Norm of achieved step-size    0.0112715852
2025-12-23:10:48:39,416 INFO     [psi4.optking.stepAlgorithms:208] 	Norm of achieved step-size (cart):    0.0079702143
2025-12-23:10:48:39,417 INFO     [psi4.optking.opt_helper:164] Molsys:

	                            ===> Fragment 1 <== 

	 Z (Atomic Numbers)          Masses                          Geom                  
	       5.000000            11.009305          0.00000000  0.00000000  1.37717200   
	       6.000000            12.000000          0.00000000  0.00000000 -1.26394087   

	 - Coordinate -           - BOHR/RAD -       - ANG/DEG -
	 R(1,2)           =         2.641113           1.397617

2025-12-23:10:48:39,417 INFO     [psi4.optking.convcheck:76] Performing convergence check.
2025-12-23:10:48:39,417 INFO     [psi4.optking.convcheck:282] 
	                                 ==> Convergence Check <==                                  
    
	Measures of convergence in internal coordinates in au.
    
	Criteria marked as inactive (o), active & met (*), and active & unmet ( ).

	----------------------------------------------------------------------------------------------
	   Step    Total Energy     Delta E     Max Force     RMS Force      Max Disp      RMS Disp   
	----------------------------------------------------------------------------------------------
	  Convergence Criteria     1.00e-06 *    3.00e-04 *             o    1.20e-03 *             o
	----------------------------------------------------------------------------------------------
	     4     -62.64804211   -4.07e-04      9.41e-03      9.41e-03 o    1.13e-02      1.13e-02 o  ~
	----------------------------------------------------------------------------------------------


2025-12-23:10:48:39,417 INFO     [psi4.optking.stepAlgorithms:296] 	Convergence check returned False
2025-12-23:10:48:39,427 INFO     [psi4.driver.task_planner:259] PLANNING Atomic:  keywords={'DAMPING_PERCENTAGE': 1.0, 'GEOM_MAXITER': 500, 'SCF__GUESS': 'READ', 'GUESS': 'SAP', 'MAXITER': 500, 'REFERENCE': 'UKS', 'function_kwargs': {}}
2025-12-23:10:48:39,429 INFO     [psi4.driver.driver:638] Compute gradient(): method=b3lyp, basis=cc-pvdz, molecule=default, nre=11.358848171971236
2025-12-23:10:48:39,717 INFO     [psi4.driver.driver:641] Return gradient(): -62.648118112939926
2025-12-23:10:48:39,718 INFO     [psi4.driver.driver:642] [[-0.00000000  0.00000000 -0.00410979]
 [ 0.00000000  0.00000000  0.00411567]]
2025-12-23:10:48:39,720 INFO     [psi4.optking.history:269] 	Performing BFGS update.
2025-12-23:10:48:39,720 INFO     [psi4.optking.history:280] 	Using 4 previous steps for update.
2025-12-23:10:48:39,720 INFO     [psi4.optking.history:317] 	Steps to be used in Hessian update:  4 3 2 1

2025-12-23:10:48:39,720 INFO     [psi4.optking.history:418] 	Updated Hessian (in au) 
 	   0.823707

2025-12-23:10:48:39,720 INFO     [psi4.optking.molsys:944] Projected (PHP) Hessian matrix
	   0.823707

2025-12-23:10:48:39,720 INFO     [psi4.optking.opt_helper:182] 
	         Geometry (au)                                       Gradient (au)
   0.0000000000   0.0000000000   1.3774146522		  -0.0000000000   0.0000000000  -0.0041097944
   0.0000000000   0.0000000000  -1.2636982094		   0.0000000000   0.0000000000   0.0041156710

2025-12-23:10:48:39,720 INFO     [psi4.optking.stepAlgorithms:368] 	Current Step Report 
 
	Current energy:       -62.6481181129
	Energy change for the previous step:
		Actual       :        -0.0000760061
		Projected    :        -0.0000530316

2025-12-23:10:48:39,720 INFO     [psi4.optking.stepAlgorithms:371] 	Energy ratio =    1.43322
2025-12-23:10:48:39,720 INFO     [psi4.optking.stepAlgorithms:929] 	Using RFO solution 1.
2025-12-23:10:48:39,720 INFO     [psi4.optking.displace:100] 	Determining Cartesian step for fragment 1.
2025-12-23:10:48:39,721 INFO     [psi4.optking.displace:415] 	Successfully converged to displaced geometry.
2025-12-23:10:48:39,721 INFO     [psi4.optking.displace:416] 	RMS(dx):  0.000e+00 	Max(dx):  0.000e+00 	RMS(dq):  0.000e+00
2025-12-23:10:48:39,721 INFO     [psi4.optking.displace:172] 

	        --- Internal Coordinate Step in ANG or DEG, aJ/ANG or AJ/DEG ---
	-------------------------------------------------------------------------------
	           Coordinate      Previous         Force          Change          New 
	           ----------      --------        ------          ------        ------
	               R(1,2)       1.39762        0.03388        0.00264       1.40026
	-------------------------------------------------------------------------------

2025-12-23:10:48:39,721 INFO     [psi4.optking.stepAlgorithms:113] 	|target step| :    0.0049928292
2025-12-23:10:48:39,721 INFO     [psi4.optking.stepAlgorithms:114] 	gradient     :   -0.0041127327
2025-12-23:10:48:39,721 INFO     [psi4.optking.stepAlgorithms:115] 	hessian      :    0.8237073735
2025-12-23:10:48:39,721 INFO     [psi4.optking.stepAlgorithms:113] 	|target step| :    0.0049928292
2025-12-23:10:48:39,721 INFO     [psi4.optking.stepAlgorithms:114] 	gradient     :   -0.0041127327
2025-12-23:10:48:39,721 INFO     [psi4.optking.stepAlgorithms:115] 	hessian      :    0.8237073735
2025-12-23:10:48:39,721 INFO     [psi4.optking.stepAlgorithms:206] 	Norm of achieved step-size    0.0049928292
2025-12-23:10:48:39,721 INFO     [psi4.optking.stepAlgorithms:208] 	Norm of achieved step-size (cart):    0.0035304634
2025-12-23:10:48:39,721 INFO     [psi4.optking.opt_helper:164] Molsys:

	                            ===> Fragment 1 <== 

	 Z (Atomic Numbers)          Masses                          Geom                  
	       5.000000            11.009305          0.00000000  0.00000000  1.37991107   
	       6.000000            12.000000          0.00000000  0.00000000 -1.26619462   

	 - Coordinate -           - BOHR/RAD -       - ANG/DEG -
	 R(1,2)           =         2.646106           1.400259

2025-12-23:10:48:39,721 INFO     [psi4.optking.convcheck:76] Performing convergence check.
2025-12-23:10:48:39,721 INFO     [psi4.optking.convcheck:282] 
	                                 ==> Convergence Check <==                                  
    
	Measures of convergence in internal coordinates in au.
    
	Criteria marked as inactive (o), active & met (*), and active & unmet ( ).

	----------------------------------------------------------------------------------------------
	   Step    Total Energy     Delta E     Max Force     RMS Force      Max Disp      RMS Disp   
	----------------------------------------------------------------------------------------------
	  Convergence Criteria     1.00e-06 *    3.00e-04 *             o    1.20e-03 *             o
	----------------------------------------------------------------------------------------------
	     5     -62.64811811   -7.60e-05      4.11e-03      4.11e-03 o    4.99e-03      4.99e-03 o  ~
	----------------------------------------------------------------------------------------------


2025-12-23:10:48:39,721 INFO     [psi4.optking.stepAlgorithms:296] 	Convergence check returned False
2025-12-23:10:48:39,732 INFO     [psi4.driver.task_planner:259] PLANNING Atomic:  keywords={'DAMPING_PERCENTAGE': 1.0, 'GEOM_MAXITER': 500, 'SCF__GUESS': 'READ', 'GUESS': 'SAP', 'MAXITER': 500, 'REFERENCE': 'UKS', 'function_kwargs': {}}
2025-12-23:10:48:39,733 INFO     [psi4.driver.driver:638] Compute gradient(): method=b3lyp, basis=cc-pvdz, molecule=default, nre=11.337415623411797
2025-12-23:10:48:40,43 INFO     [psi4.driver.driver:641] Return gradient(): -62.648132908372254
2025-12-23:10:48:40,43 INFO     [psi4.driver.driver:642] [[-0.00000000  0.00000000 -0.00182157]
 [ 0.00000000  0.00000000  0.00182749]]
2025-12-23:10:48:40,45 INFO     [psi4.optking.history:269] 	Performing BFGS update.
2025-12-23:10:48:40,45 INFO     [psi4.optking.history:280] 	Using 4 previous steps for update.
2025-12-23:10:48:40,45 INFO     [psi4.optking.history:317] 	Steps to be used in Hessian update:  5 4 3 2

2025-12-23:10:48:40,45 INFO     [psi4.optking.history:418] 	Updated Hessian (in au) 
 	   0.533806

2025-12-23:10:48:40,45 INFO     [psi4.optking.molsys:944] Projected (PHP) Hessian matrix
	   0.533806

2025-12-23:10:48:40,45 INFO     [psi4.optking.opt_helper:182] 
	         Geometry (au)                                       Gradient (au)
   0.0000000000   0.0000000000   1.3800185530		  -0.0000000000   0.0000000000  -0.0018215673
   0.0000000000   0.0000000000  -1.2660871377		   0.0000000000   0.0000000000   0.0018274866

2025-12-23:10:48:40,45 INFO     [psi4.optking.stepAlgorithms:368] 	Current Step Report 
 
	Current energy:       -62.6481329084
	Energy change for the previous step:
		Actual       :        -0.0000147954
		Projected    :        -0.0000102671

2025-12-23:10:48:40,45 INFO     [psi4.optking.stepAlgorithms:371] 	Energy ratio =    1.44105
2025-12-23:10:48:40,46 INFO     [psi4.optking.stepAlgorithms:929] 	Using RFO solution 1.
2025-12-23:10:48:40,46 INFO     [psi4.optking.displace:100] 	Determining Cartesian step for fragment 1.
2025-12-23:10:48:40,46 INFO     [psi4.optking.displace:415] 	Successfully converged to displaced geometry.
2025-12-23:10:48:40,46 INFO     [psi4.optking.displace:416] 	RMS(dx):  0.000e+00 	Max(dx):  0.000e+00 	RMS(dq):  0.000e+00
2025-12-23:10:48:40,46 INFO     [psi4.optking.displace:172] 

	        --- Internal Coordinate Step in ANG or DEG, aJ/ANG or AJ/DEG ---
	-------------------------------------------------------------------------------
	           Coordinate      Previous         Force          Change          New 
	           ----------      --------        ------          ------        ------
	               R(1,2)       1.40026        0.01503        0.00181       1.40207
	-------------------------------------------------------------------------------

2025-12-23:10:48:40,46 INFO     [psi4.optking.stepAlgorithms:113] 	|target step| :    0.0034179191
2025-12-23:10:48:40,46 INFO     [psi4.optking.stepAlgorithms:114] 	gradient     :   -0.0018245269
2025-12-23:10:48:40,46 INFO     [psi4.optking.stepAlgorithms:115] 	hessian      :    0.5338059728
2025-12-23:10:48:40,46 INFO     [psi4.optking.stepAlgorithms:113] 	|target step| :    0.0034179191
2025-12-23:10:48:40,46 INFO     [psi4.optking.stepAlgorithms:114] 	gradient     :   -0.0018245269
2025-12-23:10:48:40,46 INFO     [psi4.optking.stepAlgorithms:115] 	hessian      :    0.5338059728
2025-12-23:10:48:40,46 INFO     [psi4.optking.stepAlgorithms:206] 	Norm of achieved step-size    0.0034179191
2025-12-23:10:48:40,46 INFO     [psi4.optking.stepAlgorithms:208] 	Norm of achieved step-size (cart):    0.0024168338
2025-12-23:10:48:40,46 INFO     [psi4.optking.opt_helper:164] Molsys:

	                            ===> Fragment 1 <== 

	 Z (Atomic Numbers)          Masses                          Geom                  
	       5.000000            11.009305          0.00000000  0.00000000  1.38172751   
	       6.000000            12.000000          0.00000000  0.00000000 -1.26779610   

	 - Coordinate -           - BOHR/RAD -       - ANG/DEG -
	 R(1,2)           =         2.649524           1.402068

2025-12-23:10:48:40,46 INFO     [psi4.optking.convcheck:76] Performing convergence check.
2025-12-23:10:48:40,47 INFO     [psi4.optking.convcheck:282] 
	                                 ==> Convergence Check <==                                  
    
	Measures of convergence in internal coordinates in au.
    
	Criteria marked as inactive (o), active & met (*), and active & unmet ( ).

	----------------------------------------------------------------------------------------------
	   Step    Total Energy     Delta E     Max Force     RMS Force      Max Disp      RMS Disp   
	----------------------------------------------------------------------------------------------
	  Convergence Criteria     1.00e-06 *    3.00e-04 *             o    1.20e-03 *             o
	----------------------------------------------------------------------------------------------
	     6     -62.64813291   -1.48e-05      1.82e-03      1.82e-03 o    3.42e-03      3.42e-03 o  ~
	----------------------------------------------------------------------------------------------


2025-12-23:10:48:40,47 INFO     [psi4.optking.stepAlgorithms:296] 	Convergence check returned False
2025-12-23:10:48:40,57 INFO     [psi4.driver.task_planner:259] PLANNING Atomic:  keywords={'DAMPING_PERCENTAGE': 1.0, 'GEOM_MAXITER': 500, 'SCF__GUESS': 'READ', 'GUESS': 'SAP', 'MAXITER': 500, 'REFERENCE': 'UKS', 'function_kwargs': {}}
2025-12-23:10:48:40,58 INFO     [psi4.driver.driver:638] Compute gradient(): method=b3lyp, basis=cc-pvdz, molecule=default, nre=11.322790213286059
2025-12-23:10:48:40,407 INFO     [psi4.driver.driver:641] Return gradient(): -62.64813648800697
2025-12-23:10:48:40,408 INFO     [psi4.driver.driver:642] [[-0.00000000  0.00000000 -0.00027541]
 [ 0.00000000  0.00000000  0.00028135]]
2025-12-23:10:48:40,409 INFO     [psi4.optking.history:269] 	Performing BFGS update.
2025-12-23:10:48:40,409 INFO     [psi4.optking.history:280] 	Using 4 previous steps for update.
2025-12-23:10:48:40,409 INFO     [psi4.optking.history:317] 	Steps to be used in Hessian update:  6 5 4 3

2025-12-23:10:48:40,409 INFO     [psi4.optking.history:418] 	Updated Hessian (in au) 
 	   0.482944

2025-12-23:10:48:40,410 INFO     [psi4.optking.molsys:944] Projected (PHP) Hessian matrix
	   0.482944

2025-12-23:10:48:40,410 INFO     [psi4.optking.opt_helper:182] 
	         Geometry (au)                                       Gradient (au)
   0.0000000000   0.0000000000   1.3818010940		  -0.0000000000   0.0000000000  -0.0002754120
   0.0000000000   0.0000000000  -1.2677225159		   0.0000000000   0.0000000000   0.0002813534

2025-12-23:10:48:40,410 INFO     [psi4.optking.stepAlgorithms:368] 	Current Step Report 
 
	Current energy:       -62.6481364880
	Energy change for the previous step:
		Actual       :        -0.0000035796
		Projected    :        -0.0000031180

2025-12-23:10:48:40,410 INFO     [psi4.optking.stepAlgorithms:371] 	Energy ratio =    1.14804
2025-12-23:10:48:40,410 INFO     [psi4.optking.stepAlgorithms:929] 	Using RFO solution 1.
2025-12-23:10:48:40,410 INFO     [psi4.optking.displace:100] 	Determining Cartesian step for fragment 1.
2025-12-23:10:48:40,410 INFO     [psi4.optking.displace:415] 	Successfully converged to displaced geometry.
2025-12-23:10:48:40,410 INFO     [psi4.optking.displace:416] 	RMS(dx):  0.000e+00 	Max(dx):  0.000e+00 	RMS(dq):  0.000e+00
2025-12-23:10:48:40,410 INFO     [psi4.optking.displace:172] 

	        --- Internal Coordinate Step in ANG or DEG, aJ/ANG or AJ/DEG ---
	-------------------------------------------------------------------------------
	           Coordinate      Previous         Force          Change          New 
	           ----------      --------        ------          ------        ------
	               R(1,2)       1.40207        0.00229        0.00031       1.40237
	-------------------------------------------------------------------------------

2025-12-23:10:48:40,410 INFO     [psi4.optking.stepAlgorithms:113] 	|target step| :    0.0005764281
2025-12-23:10:48:40,410 INFO     [psi4.optking.stepAlgorithms:114] 	gradient     :   -0.0002783827
2025-12-23:10:48:40,410 INFO     [psi4.optking.stepAlgorithms:115] 	hessian      :    0.4829442193
2025-12-23:10:48:40,410 INFO     [psi4.optking.stepAlgorithms:113] 	|target step| :    0.0005764281
2025-12-23:10:48:40,410 INFO     [psi4.optking.stepAlgorithms:114] 	gradient     :   -0.0002783827
2025-12-23:10:48:40,410 INFO     [psi4.optking.stepAlgorithms:115] 	hessian      :    0.4829442193
2025-12-23:10:48:40,410 INFO     [psi4.optking.stepAlgorithms:206] 	Norm of achieved step-size    0.0005764281
2025-12-23:10:48:40,410 INFO     [psi4.optking.stepAlgorithms:208] 	Norm of achieved step-size (cart):    0.0004075962
2025-12-23:10:48:40,410 INFO     [psi4.optking.opt_helper:164] Molsys:

	                            ===> Fragment 1 <== 

	 Z (Atomic Numbers)          Masses                          Geom                  
	       5.000000            11.009305          0.00000000  0.00000000  1.38208931   
	       6.000000            12.000000          0.00000000  0.00000000 -1.26801073   

	 - Coordinate -           - BOHR/RAD -       - ANG/DEG -
	 R(1,2)           =         2.650100           1.402373

2025-12-23:10:48:40,411 INFO     [psi4.optking.convcheck:76] Performing convergence check.
2025-12-23:10:48:40,411 INFO     [psi4.optking.convcheck:282] 
	                                 ==> Convergence Check <==                                  
    
	Measures of convergence in internal coordinates in au.
    
	Criteria marked as inactive (o), active & met (*), and active & unmet ( ).

	----------------------------------------------------------------------------------------------
	   Step    Total Energy     Delta E     Max Force     RMS Force      Max Disp      RMS Disp   
	----------------------------------------------------------------------------------------------
	  Convergence Criteria     1.00e-06 *    3.00e-04 *             o    1.20e-03 *             o
	----------------------------------------------------------------------------------------------
	     7     -62.64813649   -3.58e-06      2.78e-04 *    2.78e-04 o    5.76e-04 *    5.76e-04 o  ~
	----------------------------------------------------------------------------------------------


2025-12-23:10:48:40,411 INFO     [psi4.optking.convcheck:206] 
	                      ===> Final Convergence Report <===                     

	----------------------------------------------------------------------------
	|   Required Criteria    |  One or More Criteria  |   Alternate Criteria   |
	----------------------------------------------------------------------------
	| [x]     max_force      | [ ]       max_DE       |                        |
	|                        | [x]      max_disp      |                        |
	----------------------------------------------------------------------------


2025-12-23:10:48:40,411 INFO     [psi4.optking.stepAlgorithms:296] 	Convergence check returned True
2025-12-23:10:48:40,411 INFO     [psi4.optking.optimize:332] 	Converged in 7 steps!
2025-12-23:10:48:40,411 INFO     [psi4.optking.optimize:333] 	Final energy is    -62.6481364880070
2025-12-23:10:48:40,411 INFO     [psi4.optking.optimize:334] 	Final structure (Angstroms): 
	Fragment 1 (Ang)

	    B   0.0000000000   0.0000000000   0.7313701649
	    C   0.0000000000   0.0000000000  -0.6710023812


2025-12-23:10:48:40,412 INFO     [psi4.optking.optimize:562] 	Optimization Finished

	==> Optimization Summary <==

        
	Measures of convergence in internal coordinates in au. (Any backward steps not shown.)
        
	---------------------------------------------------------------------------------------------------------------  ~
        
	 Step         Total Energy             Delta E       MAX Force       RMS Force        MAX Disp        RMS Disp   ~
        
	---------------------------------------------------------------------------------------------------------------  ~
        
	     1     -62.598833590700    -62.598833590700      0.31171926      0.31171926      0.27490330      0.27490330  ~
	     2     -62.645230374338     -0.046396783638      0.05709002      0.05709002      0.06140324      0.06140324  ~
	     3     -62.647634631064     -0.002404256726      0.02227443      0.02227443      0.02586339      0.02586339  ~
	     4     -62.648042106831     -0.000407475766      0.00940978      0.00940978      0.01127159      0.01127159  ~
	     5     -62.648118112940     -0.000076006109      0.00411273      0.00411273      0.00499283      0.00499283  ~
	     6     -62.648132908372     -0.000014795432      0.00182453      0.00182453      0.00341792      0.00341792  ~
	     7     -62.648136488007     -0.000003579635      0.00027838      0.00027838      0.00057643      0.00057643  ~
	----------------------------------------------------------------------------------------------------------------


2025-12-23:10:48:40,412 INFO     [psi4.optking.optimize:806] Preparing OptimizationResult
