2025-12-23:10:38:24,772 WARNING  [psi4.optking:38] Some dependencies such as QCElemental have not yet finished migration to pydantic v2. If issues are encountered please downgrade pydantic or upgrade QCElemental as appropriate
2025-12-23:10:38:24,933 INFO     [psi4.optking.optwrapper:234] Creating a UserComputer
2025-12-23:10:38:24,933 INFO     [psi4.optking.optwrapper:242] 
    			-----------------------------------------

    			 OPTKING 3.0: for geometry optimizations 

    			     By R.A. King, Bethel University     

    			        with contributions from          

    			    A.V. Copan, J. Cayton, A. Heide      

    			-----------------------------------------

    
2025-12-23:10:38:24,933 INFO     [psi4.optking.optwrapper:272] 
		 -- Optimization Parameters --
	GEOM_MAXITER                   =             500
	ALG_GEOM_MAXITER               =              50
	PRINT                          =               1
	OPT_TYPE                       =             MIN
	STEP_TYPE                      =             RFO
	PROGRAM                        =            PSI4
	STEEPEST_DESCENT_TYPE          =         OVERLAP
	CONJUGATE_GRADIENT_TYPE        =        FLETCHER
	OPT_COORDINATES                =        INTERNAL
	RFO_FOLLOW_ROOT                =           False
	RFO_ROOT                       =               0
	ACCEPT_SYMMETRY_BREAKING       =           False
	DYNAMIC_LVL                    =               0
	DYNAMIC_LVL_MAX                =               0
	IRC_STEP_SIZE                  =             0.2
	IRC_DIRECTION                  =         FORWARD
	IRC_POINTS                     =              20
	IRC_MODE                       =          NORMAL
	IRC_CONVERGENCE                =            -0.7
	INTRAFRAG_STEP_LIMIT           =             0.5
	INTRAFRAG_STEP_LIMIT_MIN       =           0.001
	INTRAFRAG_STEP_LIMIT_MAX       =             1.0
	INTERFRAG_STEP_LIMIT           =             0.5
	INTERFRAG_STEP_LIMIT_MIN       =           0.001
	INTERFRAG_STEP_LIMIT_MAX       =             1.0
	ENSURE_BT_CONVERGENCE          =           False
	SIMPLE_STEP_SCALING            =           False
	CONSECUTIVE_BACKSTEPS          =               0
	RFO_NORMALIZATION_MAX          =             100
	RSRFO_ALPHA_MAX                =     100000000.0
	PRINT_TRAJECTORY_XYZ_FILE      =           False
	WRITE_TRAJECTORY               =           False
	FROZEN_DISTANCE                =                
	FROZEN_BEND                    =                
	FROZEN_DIHEDRAL                =                
	FROZEN_OOFP                    =                
	FROZEN_CARTESIAN               =                
	FREEZE_ALL_DIHEDRALS           =           False
	UNFREEZE_DIHEDRALS             =                
	RANGED_DISTANCE                =                
	RANGED_BEND                    =                
	RANGED_DIHEDRAL                =                
	RANGED_OOFP                    =                
	RANGED_CARTESIAN               =                
	EXT_FORCE_DISTANCE             =                
	EXT_FORCE_BEND                 =                
	EXT_FORCE_DIHEDRAL             =                
	EXT_FORCE_OOFP                 =                
	EXT_FORCE_CARTESIAN            =                
	G_CONVERGENCE                  =           QCHEM
	MAX_FORCE_G_CONVERGENCE        =          0.0003
	RMS_FORCE_G_CONVERGENCE        =          0.0003
	MAX_ENERGY_G_CONVERGENCE       =           1e-06
	MAX_DISP_G_CONVERGENCE         =          0.0012
	RMS_DISP_G_CONVERGENCE         =          0.0012
	FLEXIBLE_G_CONVERGENCE         =           False
	HESS_UPDATE                    =            BFGS
	HESS_UPDATE_USE_LAST           =               4
	HESS_UPDATE_LIMIT              =            True
	HESS_UPDATE_LIMIT_MAX          =             1.0
	HESS_UPDATE_LIMIT_SCALE        =             0.5
	HESS_UPDATE_DEN_TOL            =           1e-07
	HESS_UPDATE_DQ_TOL             =             0.5
	CART_HESS_READ                 =           False
	HESSIAN_FILE                   =               .
	FULL_HESS_EVERY                =              -1
	INTRAFRAG_HESS                 =        SCHLEGEL
	H_GUESS_EVERY                  =           False
	BT_MAX_ITER                    =              25
	BT_DX_CONV                     =           1e-07
	BT_DX_RMS_CHANGE_CONV          =           1e-12
	BT_PINV_RCOND                  =           1e-06
	FRAG_MODE                      =          SINGLE
	FRAG_REF_ATOMS                 =              []
	FREEZE_INTRAFRAG               =           False
	INTERFRAG_MODE                 =           FIXED
	ADD_AUXILIARY_BONDS            =           False
	AUXILIARY_BOND_FACTOR          =             2.5
	INTERFRAG_DIST_INV             =           False
	INTERFRAG_COLLINEAR_TOL        =            0.01
	INTERFRAG_COORDS               =              []
	INTERFRAG_HESS                 =         DEFAULT
	COVALENT_CONNECT               =             1.3
	INTERFRAGMENT_CONNECT          =             1.8
	H_BOND_CONNECT                 =             4.3
	INCLUDE_OOFP                   =           False
	TEST_B                         =           False
	TEST_DERIVATIVE_B              =           False
	LINESEARCH_STEP                =             0.1
	LINESEARCH                     =           False
	SD_HESSIAN                     =             1.0
	FIX_VAL_NEAR_PI                =            1.57
	V3D_TORS_ANGLE_LIM             =           0.017
	V3D_TORS_COS_TOL               =           1e-10
	LINEAR_BEND_THRESHOLD          =            3.05
	SMALL_BEND_FIX_THRESHOLD       =            0.35
	REDUNDANT_EVAL_TOL             =           1e-10
	LINEAR_ALGEBRA_TOL             =           1e-10


2025-12-23:10:38:25,68 INFO     [psi4.optking.opt_helper:164] Molsys:

	                            ===> Fragment 1 <== 

	 Z (Atomic Numbers)          Masses                          Geom                  
	       3.000000             7.016003          0.00000000  0.00000000  1.57626087   
	       8.000000            15.994915          0.00000000  0.00000000 -0.69141048   

	 - Coordinate -           - BOHR/RAD -       - ANG/DEG -
	 R(1,2)           =         2.267671           1.200000

2025-12-23:10:38:25,78 INFO     [psi4.driver.task_planner:259] PLANNING Atomic:  keywords={'DAMPING_PERCENTAGE': 1.0, 'GEOM_MAXITER': 500, 'GUESS': 'SAP', 'MAXITER': 500, 'REFERENCE': 'UKS', 'function_kwargs': {}}
2025-12-23:10:38:25,79 INFO     [psi4.driver.driver:638] Compute gradient(): method=b3lyp, basis=cc-pvdz, molecule=default, nre=10.583544213400002
2025-12-23:10:38:25,518 INFO     [psi4.driver.driver:641] Return gradient(): -82.58252782765695
2025-12-23:10:38:25,519 INFO     [psi4.driver.driver:642] [[ 0.00000000 -0.00000000 -0.35929090]
 [-0.00000000  0.00000000  0.35936614]]
2025-12-23:10:38:25,520 INFO     [psi4.optking.molsys:944] Projected (PHP) Hessian matrix
	   1.048231

2025-12-23:10:38:25,520 INFO     [psi4.optking.opt_helper:182] 
	         Geometry (au)                                       Gradient (au)
   0.0000000000   0.0000000000   1.5762608666		   0.0000000000  -0.0000000000  -0.3592909015
   0.0000000000   0.0000000000  -0.6914104839		  -0.0000000000   0.0000000000   0.3593661421

2025-12-23:10:38:25,521 INFO     [psi4.optking.stepAlgorithms:929] 	Using RFO solution 1.
2025-12-23:10:38:25,521 INFO     [psi4.optking.displace:100] 	Determining Cartesian step for fragment 1.
2025-12-23:10:38:25,521 INFO     [psi4.optking.displace:415] 	Successfully converged to displaced geometry.
2025-12-23:10:38:25,521 INFO     [psi4.optking.displace:416] 	RMS(dx):  0.000e+00 	Max(dx):  0.000e+00 	RMS(dq):  0.000e+00
2025-12-23:10:38:25,522 INFO     [psi4.optking.displace:172] 

	        --- Internal Coordinate Step in ANG or DEG, aJ/ANG or AJ/DEG ---
	-------------------------------------------------------------------------------
	           Coordinate      Previous         Force          Change          New 
	           ----------      --------        ------          ------        ------
	               R(1,2)       1.20000        2.96041        0.16398       1.36398
	-------------------------------------------------------------------------------

2025-12-23:10:38:25,522 INFO     [psi4.optking.stepAlgorithms:113] 	|target step| :    0.3098784725
2025-12-23:10:38:25,522 INFO     [psi4.optking.stepAlgorithms:114] 	gradient     :   -0.3593285218
2025-12-23:10:38:25,522 INFO     [psi4.optking.stepAlgorithms:115] 	hessian      :    1.0482306732
2025-12-23:10:38:25,522 INFO     [psi4.optking.stepAlgorithms:113] 	|target step| :    0.3098784725
2025-12-23:10:38:25,522 INFO     [psi4.optking.stepAlgorithms:114] 	gradient     :   -0.3593285218
2025-12-23:10:38:25,522 INFO     [psi4.optking.stepAlgorithms:115] 	hessian      :    1.0482306732
2025-12-23:10:38:25,522 INFO     [psi4.optking.stepAlgorithms:206] 	Norm of achieved step-size    0.3098784725
2025-12-23:10:38:25,522 INFO     [psi4.optking.stepAlgorithms:208] 	Norm of achieved step-size (cart):    0.2191171693
2025-12-23:10:38:25,522 INFO     [psi4.optking.opt_helper:164] Molsys:

	                            ===> Fragment 1 <== 

	 Z (Atomic Numbers)          Masses                          Geom                  
	       3.000000             7.016003          0.00000000  0.00000000  1.73120010   
	       8.000000            15.994915          0.00000000  0.00000000 -0.84634972   

	 - Coordinate -           - BOHR/RAD -       - ANG/DEG -
	 R(1,2)           =         2.577550           1.363981

2025-12-23:10:38:25,522 INFO     [psi4.optking.convcheck:76] Performing convergence check.
2025-12-23:10:38:25,522 INFO     [psi4.optking.convcheck:282] 
	                                 ==> Convergence Check <==                                  
    
	Measures of convergence in internal coordinates in au.
    
	Criteria marked as inactive (o), active & met (*), and active & unmet ( ).

	----------------------------------------------------------------------------------------------~
	   Step    Total Energy     Delta E     Max Force     RMS Force      Max Disp      RMS Disp   ~
	----------------------------------------------------------------------------------------------~
	  Convergence Criteria     1.00e-06 *    3.00e-04 *             o    1.20e-03 *             o~
	----------------------------------------------------------------------------------------------~
	     1     -82.58252783   -8.26e+01      3.59e-01      3.59e-01 o    3.10e-01      3.10e-01 o  ~
	----------------------------------------------------------------------------------------------


2025-12-23:10:38:25,522 INFO     [psi4.optking.stepAlgorithms:296] 	Convergence check returned False
2025-12-23:10:38:25,532 INFO     [psi4.driver.task_planner:259] PLANNING Atomic:  keywords={'DAMPING_PERCENTAGE': 1.0, 'GEOM_MAXITER': 500, 'SCF__GUESS': 'READ', 'GUESS': 'SAP', 'MAXITER': 500, 'REFERENCE': 'UKS', 'function_kwargs': {}}
2025-12-23:10:38:25,533 INFO     [psi4.driver.driver:638] Compute gradient(): method=b3lyp, basis=cc-pvdz, molecule=default, nre=9.311168220678166
2025-12-23:10:38:25,905 INFO     [psi4.driver.driver:641] Return gradient(): -82.6555079681095
2025-12-23:10:38:25,905 INFO     [psi4.driver.driver:642] [[ 0.00000000 -0.00000000 -0.13755782]
 [ 0.00000000 -0.00000000  0.13756379]]
2025-12-23:10:38:25,907 INFO     [psi4.optking.history:269] 	Performing BFGS update.
2025-12-23:10:38:25,907 INFO     [psi4.optking.history:280] 	Using 1 previous steps for update.
2025-12-23:10:38:25,907 INFO     [psi4.optking.history:317] 	Steps to be used in Hessian update:  1

2025-12-23:10:38:25,907 INFO     [psi4.optking.history:418] 	Updated Hessian (in au) 
 	   0.715660

2025-12-23:10:38:25,907 INFO     [psi4.optking.molsys:944] Projected (PHP) Hessian matrix
	   0.715660

2025-12-23:10:38:25,907 INFO     [psi4.optking.opt_helper:182] 
	         Geometry (au)                                       Gradient (au)
   0.0000000000   0.0000000000   1.7916577360		   0.0000000000  -0.0000000000  -0.1375578248
   0.0000000000   0.0000000000  -0.7858920871		   0.0000000000  -0.0000000000   0.1375637862

2025-12-23:10:38:25,907 INFO     [psi4.optking.stepAlgorithms:368] 	Current Step Report 
 
	Current energy:       -82.6555079681
	Energy change for the previous step:
		Actual       :        -0.0729801405
		Projected    :        -0.0556740867

2025-12-23:10:38:25,907 INFO     [psi4.optking.stepAlgorithms:371] 	Energy ratio =    1.31085
2025-12-23:10:38:25,907 INFO     [psi4.optking.stepAlgorithms:399] 	Energy ratio indicates good step.
2025-12-23:10:38:25,907 INFO     [psi4.optking.stepAlgorithms:400] 	Intrafrag trust radius increased to      1.
2025-12-23:10:38:25,907 INFO     [psi4.optking.stepAlgorithms:929] 	Using RFO solution 1.
2025-12-23:10:38:25,908 INFO     [psi4.optking.displace:100] 	Determining Cartesian step for fragment 1.
2025-12-23:10:38:25,908 INFO     [psi4.optking.displace:415] 	Successfully converged to displaced geometry.
2025-12-23:10:38:25,908 INFO     [psi4.optking.displace:416] 	RMS(dx):  0.000e+00 	Max(dx):  0.000e+00 	RMS(dq):  0.000e+00
2025-12-23:10:38:25,908 INFO     [psi4.optking.displace:172] 

	        --- Internal Coordinate Step in ANG or DEG, aJ/ANG or AJ/DEG ---
	-------------------------------------------------------------------------------
	           Coordinate      Previous         Force          Change          New 
	           ----------      --------        ------          ------        ------
	               R(1,2)       1.36398        1.13333        0.09821       1.46219
	-------------------------------------------------------------------------------

2025-12-23:10:38:25,908 INFO     [psi4.optking.stepAlgorithms:113] 	|target step| :    0.1855943263
2025-12-23:10:38:25,908 INFO     [psi4.optking.stepAlgorithms:114] 	gradient     :   -0.1375608055
2025-12-23:10:38:25,908 INFO     [psi4.optking.stepAlgorithms:115] 	hessian      :    0.7156602861
2025-12-23:10:38:25,908 INFO     [psi4.optking.stepAlgorithms:113] 	|target step| :    0.1855943263
2025-12-23:10:38:25,908 INFO     [psi4.optking.stepAlgorithms:114] 	gradient     :   -0.1375608055
2025-12-23:10:38:25,908 INFO     [psi4.optking.stepAlgorithms:115] 	hessian      :    0.7156602861
2025-12-23:10:38:25,908 INFO     [psi4.optking.stepAlgorithms:206] 	Norm of achieved step-size    0.1855943263
2025-12-23:10:38:25,908 INFO     [psi4.optking.stepAlgorithms:208] 	Norm of achieved step-size (cart):    0.1312350067
2025-12-23:10:38:25,908 INFO     [psi4.optking.opt_helper:164] Molsys:

	                            ===> Fragment 1 <== 

	 Z (Atomic Numbers)          Masses                          Geom                  
	       3.000000             7.016003          0.00000000  0.00000000  1.88445490   
	       8.000000            15.994915          0.00000000  0.00000000 -0.87868925   

	 - Coordinate -           - BOHR/RAD -       - ANG/DEG -
	 R(1,2)           =         2.763144           1.462193

2025-12-23:10:38:25,908 INFO     [psi4.optking.convcheck:76] Performing convergence check.
2025-12-23:10:38:25,908 INFO     [psi4.optking.convcheck:282] 
	                                 ==> Convergence Check <==                                  
    
	Measures of convergence in internal coordinates in au.
    
	Criteria marked as inactive (o), active & met (*), and active & unmet ( ).

	----------------------------------------------------------------------------------------------
	   Step    Total Energy     Delta E     Max Force     RMS Force      Max Disp      RMS Disp   
	----------------------------------------------------------------------------------------------
	  Convergence Criteria     1.00e-06 *    3.00e-04 *             o    1.20e-03 *             o
	----------------------------------------------------------------------------------------------
	     2     -82.65550797   -7.30e-02      1.38e-01      1.38e-01 o    1.86e-01      1.86e-01 o  ~
	----------------------------------------------------------------------------------------------


2025-12-23:10:38:25,908 INFO     [psi4.optking.stepAlgorithms:296] 	Convergence check returned False
2025-12-23:10:38:25,919 INFO     [psi4.driver.task_planner:259] PLANNING Atomic:  keywords={'DAMPING_PERCENTAGE': 1.0, 'GEOM_MAXITER': 500, 'SCF__GUESS': 'READ', 'GUESS': 'SAP', 'MAXITER': 500, 'REFERENCE': 'UKS', 'function_kwargs': {}}
2025-12-23:10:38:25,920 INFO     [psi4.driver.driver:638] Compute gradient(): method=b3lyp, basis=cc-pvdz, molecule=default, nre=8.685757493169818
2025-12-23:10:38:26,271 INFO     [psi4.driver.driver:641] Return gradient(): -82.67369813532495
2025-12-23:10:38:26,272 INFO     [psi4.driver.driver:642] [[-0.00000000  0.00000000 -0.06384569]
 [-0.00000000  0.00000000  0.06388159]]
2025-12-23:10:38:26,273 INFO     [psi4.optking.history:269] 	Performing BFGS update.
2025-12-23:10:38:26,273 INFO     [psi4.optking.history:280] 	Using 2 previous steps for update.
2025-12-23:10:38:26,273 INFO     [psi4.optking.history:317] 	Steps to be used in Hessian update:  2 1

2025-12-23:10:38:26,273 INFO     [psi4.optking.history:418] 	Updated Hessian (in au) 
 	   0.596329

2025-12-23:10:38:26,273 INFO     [psi4.optking.molsys:944] Projected (PHP) Hessian matrix
	   0.596329

2025-12-23:10:38:26,273 INFO     [psi4.optking.opt_helper:182] 
	         Geometry (au)                                       Gradient (au)
   0.0000000000   0.0000000000   1.9206645577		  -0.0000000000   0.0000000000  -0.0638456905
   0.0000000000   0.0000000000  -0.8424795917		  -0.0000000000   0.0000000000   0.0638815937

2025-12-23:10:38:26,274 INFO     [psi4.optking.stepAlgorithms:368] 	Current Step Report 
 
	Current energy:       -82.6736981353
	Energy change for the previous step:
		Actual       :        -0.0181901672
		Projected    :        -0.0127652525

2025-12-23:10:38:26,274 INFO     [psi4.optking.stepAlgorithms:371] 	Energy ratio =    1.42498
2025-12-23:10:38:26,274 INFO     [psi4.optking.stepAlgorithms:929] 	Using RFO solution 1.
2025-12-23:10:38:26,274 INFO     [psi4.optking.displace:100] 	Determining Cartesian step for fragment 1.
2025-12-23:10:38:26,274 INFO     [psi4.optking.displace:415] 	Successfully converged to displaced geometry.
2025-12-23:10:38:26,274 INFO     [psi4.optking.displace:416] 	RMS(dx):  0.000e+00 	Max(dx):  0.000e+00 	RMS(dq):  0.000e+00
2025-12-23:10:38:26,274 INFO     [psi4.optking.displace:172] 

	        --- Internal Coordinate Step in ANG or DEG, aJ/ANG or AJ/DEG ---
	-------------------------------------------------------------------------------
	           Coordinate      Previous         Force          Change          New 
	           ----------      --------        ------          ------        ------
	               R(1,2)       1.46219        0.52615        0.05604       1.51823
	-------------------------------------------------------------------------------

2025-12-23:10:38:26,274 INFO     [psi4.optking.stepAlgorithms:113] 	|target step| :    0.1058937117
2025-12-23:10:38:26,274 INFO     [psi4.optking.stepAlgorithms:114] 	gradient     :   -0.0638636421
2025-12-23:10:38:26,274 INFO     [psi4.optking.stepAlgorithms:115] 	hessian      :    0.5963291637
2025-12-23:10:38:26,274 INFO     [psi4.optking.stepAlgorithms:113] 	|target step| :    0.1058937117
2025-12-23:10:38:26,274 INFO     [psi4.optking.stepAlgorithms:114] 	gradient     :   -0.0638636421
2025-12-23:10:38:26,274 INFO     [psi4.optking.stepAlgorithms:115] 	hessian      :    0.5963291637
2025-12-23:10:38:26,274 INFO     [psi4.optking.stepAlgorithms:206] 	Norm of achieved step-size    0.1058937117
2025-12-23:10:38:26,274 INFO     [psi4.optking.stepAlgorithms:208] 	Norm of achieved step-size (cart):    0.0748781616
2025-12-23:10:38:26,274 INFO     [psi4.optking.opt_helper:164] Molsys:

	                            ===> Fragment 1 <== 

	 Z (Atomic Numbers)          Masses                          Geom                  
	       3.000000             7.016003          0.00000000  0.00000000  1.97361141   
	       8.000000            15.994915          0.00000000  0.00000000 -0.89542645   

	 - Coordinate -           - BOHR/RAD -       - ANG/DEG -
	 R(1,2)           =         2.869038           1.518229

2025-12-23:10:38:26,275 INFO     [psi4.optking.convcheck:76] Performing convergence check.
2025-12-23:10:38:26,275 INFO     [psi4.optking.convcheck:282] 
	                                 ==> Convergence Check <==                                  
    
	Measures of convergence in internal coordinates in au.
    
	Criteria marked as inactive (o), active & met (*), and active & unmet ( ).

	----------------------------------------------------------------------------------------------
	   Step    Total Energy     Delta E     Max Force     RMS Force      Max Disp      RMS Disp   
	----------------------------------------------------------------------------------------------
	  Convergence Criteria     1.00e-06 *    3.00e-04 *             o    1.20e-03 *             o
	----------------------------------------------------------------------------------------------
	     3     -82.67369814   -1.82e-02      6.39e-02      6.39e-02 o    1.06e-01      1.06e-01 o  ~
	----------------------------------------------------------------------------------------------


2025-12-23:10:38:26,275 INFO     [psi4.optking.stepAlgorithms:296] 	Convergence check returned False
2025-12-23:10:38:26,286 INFO     [psi4.driver.task_planner:259] PLANNING Atomic:  keywords={'DAMPING_PERCENTAGE': 1.0, 'GEOM_MAXITER': 500, 'SCF__GUESS': 'READ', 'GUESS': 'SAP', 'MAXITER': 500, 'REFERENCE': 'UKS', 'function_kwargs': {}}
2025-12-23:10:38:26,287 INFO     [psi4.driver.driver:638] Compute gradient(): method=b3lyp, basis=cc-pvdz, molecule=default, nre=8.365173679310013
2025-12-23:10:38:26,635 INFO     [psi4.driver.driver:641] Return gradient(): -82.67883420785151
2025-12-23:10:38:26,635 INFO     [psi4.driver.driver:642] [[ 0.00000000  0.00000000 -0.03446415]
 [ 0.00000000  0.00000000  0.03450170]]
2025-12-23:10:38:26,637 INFO     [psi4.optking.history:269] 	Performing BFGS update.
2025-12-23:10:38:26,637 INFO     [psi4.optking.history:280] 	Using 3 previous steps for update.
2025-12-23:10:38:26,637 WARNING  [psi4.optking.history:301] 	Change in internal coordinate of 6.01e-01 exceeds limit of 5.00e-01.
2025-12-23:10:38:26,637 WARNING  [psi4.optking.history:306] 	Skipping Hessian update for step 1.
2025-12-23:10:38:26,637 INFO     [psi4.optking.history:317] 	Steps to be used in Hessian update:  3 2

2025-12-23:10:38:26,637 INFO     [psi4.optking.history:418] 	Updated Hessian (in au) 
 	   0.353626

2025-12-23:10:38:26,637 INFO     [psi4.optking.molsys:944] Projected (PHP) Hessian matrix
	   0.353626

2025-12-23:10:38:26,637 INFO     [psi4.optking.opt_helper:182] 
	         Geometry (au)                                       Gradient (au)
   0.0000000000   0.0000000000   1.9942713939		   0.0000000000   0.0000000000  -0.0344641494
   0.0000000000   0.0000000000  -0.8747664671		   0.0000000000   0.0000000000   0.0345017045

2025-12-23:10:38:26,637 INFO     [psi4.optking.stepAlgorithms:368] 	Current Step Report 
 
	Current energy:       -82.6788342079
	Energy change for the previous step:
		Actual       :        -0.0051360725
		Projected    :        -0.0033813790

2025-12-23:10:38:26,637 INFO     [psi4.optking.stepAlgorithms:371] 	Energy ratio =    1.51893
2025-12-23:10:38:26,637 INFO     [psi4.optking.stepAlgorithms:929] 	Using RFO solution 1.
2025-12-23:10:38:26,637 INFO     [psi4.optking.displace:100] 	Determining Cartesian step for fragment 1.
2025-12-23:10:38:26,638 INFO     [psi4.optking.displace:415] 	Successfully converged to displaced geometry.
2025-12-23:10:38:26,638 INFO     [psi4.optking.displace:416] 	RMS(dx):  0.000e+00 	Max(dx):  0.000e+00 	RMS(dq):  0.000e+00
2025-12-23:10:38:26,638 INFO     [psi4.optking.displace:172] 

	        --- Internal Coordinate Step in ANG or DEG, aJ/ANG or AJ/DEG ---
	-------------------------------------------------------------------------------
	           Coordinate      Previous         Force          Change          New 
	           ----------      --------        ------          ------        ------
	               R(1,2)       1.51823        0.28410        0.05112       1.56935
	-------------------------------------------------------------------------------

2025-12-23:10:38:26,638 INFO     [psi4.optking.stepAlgorithms:113] 	|target step| :    0.0966023119
2025-12-23:10:38:26,638 INFO     [psi4.optking.stepAlgorithms:114] 	gradient     :   -0.0344829270
2025-12-23:10:38:26,638 INFO     [psi4.optking.stepAlgorithms:115] 	hessian      :    0.3536264446
2025-12-23:10:38:26,638 INFO     [psi4.optking.stepAlgorithms:113] 	|target step| :    0.0966023119
2025-12-23:10:38:26,638 INFO     [psi4.optking.stepAlgorithms:114] 	gradient     :   -0.0344829270
2025-12-23:10:38:26,638 INFO     [psi4.optking.stepAlgorithms:115] 	hessian      :    0.3536264446
2025-12-23:10:38:26,638 INFO     [psi4.optking.stepAlgorithms:206] 	Norm of achieved step-size    0.0966023119
2025-12-23:10:38:26,638 INFO     [psi4.optking.stepAlgorithms:208] 	Norm of achieved step-size (cart):    0.0683081498
2025-12-23:10:38:26,638 INFO     [psi4.optking.opt_helper:164] Molsys:

	                            ===> Fragment 1 <== 

	 Z (Atomic Numbers)          Masses                          Geom                  
	       3.000000             7.016003          0.00000000  0.00000000  2.04257255   
	       8.000000            15.994915          0.00000000  0.00000000 -0.92306762   

	 - Coordinate -           - BOHR/RAD -       - ANG/DEG -
	 R(1,2)           =         2.965640           1.569349

2025-12-23:10:38:26,638 INFO     [psi4.optking.convcheck:76] Performing convergence check.
2025-12-23:10:38:26,638 INFO     [psi4.optking.convcheck:282] 
	                                 ==> Convergence Check <==                                  
    
	Measures of convergence in internal coordinates in au.
    
	Criteria marked as inactive (o), active & met (*), and active & unmet ( ).

	----------------------------------------------------------------------------------------------
	   Step    Total Energy     Delta E     Max Force     RMS Force      Max Disp      RMS Disp   
	----------------------------------------------------------------------------------------------
	  Convergence Criteria     1.00e-06 *    3.00e-04 *             o    1.20e-03 *             o
	----------------------------------------------------------------------------------------------
	     4     -82.67883421   -5.14e-03      3.45e-02      3.45e-02 o    9.66e-02      9.66e-02 o  ~
	----------------------------------------------------------------------------------------------


2025-12-23:10:38:26,638 INFO     [psi4.optking.stepAlgorithms:296] 	Convergence check returned False
2025-12-23:10:38:26,648 INFO     [psi4.driver.task_planner:259] PLANNING Atomic:  keywords={'DAMPING_PERCENTAGE': 1.0, 'GEOM_MAXITER': 500, 'SCF__GUESS': 'READ', 'GUESS': 'SAP', 'MAXITER': 500, 'REFERENCE': 'UKS', 'function_kwargs': {}}
2025-12-23:10:38:26,650 INFO     [psi4.driver.driver:638] Compute gradient(): method=b3lyp, basis=cc-pvdz, molecule=default, nre=8.092687784336215
2025-12-23:10:38:26,975 INFO     [psi4.driver.driver:641] Return gradient(): -82.68111543922397
2025-12-23:10:38:26,976 INFO     [psi4.driver.driver:642] [[ 0.00000000 -0.00000000 -0.01360997]
 [ 0.00000000 -0.00000000  0.01366996]]
2025-12-23:10:38:26,977 INFO     [psi4.optking.history:269] 	Performing BFGS update.
2025-12-23:10:38:26,977 INFO     [psi4.optking.history:280] 	Using 4 previous steps for update.
2025-12-23:10:38:26,977 WARNING  [psi4.optking.history:301] 	Change in internal coordinate of 6.98e-01 exceeds limit of 5.00e-01.
2025-12-23:10:38:26,977 WARNING  [psi4.optking.history:306] 	Skipping Hessian update for step 1.
2025-12-23:10:38:26,977 INFO     [psi4.optking.history:317] 	Steps to be used in Hessian update:  4 3 2

2025-12-23:10:38:26,978 INFO     [psi4.optking.history:418] 	Updated Hessian (in au) 
 	   0.319309

2025-12-23:10:38:26,978 INFO     [psi4.optking.molsys:944] Projected (PHP) Hessian matrix
	   0.319309

2025-12-23:10:38:26,978 INFO     [psi4.optking.opt_helper:182] 
	         Geometry (au)                                       Gradient (au)
   0.0000000000   0.0000000000   2.0614197679		   0.0000000000  -0.0000000000  -0.0136099721
   0.0000000000   0.0000000000  -0.9042204050		   0.0000000000  -0.0000000000   0.0136699578

2025-12-23:10:38:26,978 INFO     [psi4.optking.stepAlgorithms:368] 	Current Step Report 
 
	Current energy:       -82.6811154392
	Energy change for the previous step:
		Actual       :        -0.0022812314
		Projected    :        -0.0016655652

2025-12-23:10:38:26,978 INFO     [psi4.optking.stepAlgorithms:371] 	Energy ratio =    1.36964
2025-12-23:10:38:26,978 INFO     [psi4.optking.stepAlgorithms:929] 	Using RFO solution 1.
2025-12-23:10:38:26,978 INFO     [psi4.optking.displace:100] 	Determining Cartesian step for fragment 1.
2025-12-23:10:38:26,978 INFO     [psi4.optking.displace:415] 	Successfully converged to displaced geometry.
2025-12-23:10:38:26,978 INFO     [psi4.optking.displace:416] 	RMS(dx):  1.282e-16 	Max(dx):  2.220e-16 	RMS(dq):  4.441e-16
2025-12-23:10:38:26,978 INFO     [psi4.optking.displace:172] 

	        --- Internal Coordinate Step in ANG or DEG, aJ/ANG or AJ/DEG ---
	-------------------------------------------------------------------------------
	           Coordinate      Previous         Force          Change          New 
	           ----------      --------        ------          ------        ------
	               R(1,2)       1.56935        0.11238        0.02256       1.59191
	-------------------------------------------------------------------------------

2025-12-23:10:38:26,978 INFO     [psi4.optking.stepAlgorithms:113] 	|target step| :    0.0426394338
2025-12-23:10:38:26,978 INFO     [psi4.optking.stepAlgorithms:114] 	gradient     :   -0.0136399650
2025-12-23:10:38:26,978 INFO     [psi4.optking.stepAlgorithms:115] 	hessian      :    0.3193092552
2025-12-23:10:38:26,978 INFO     [psi4.optking.stepAlgorithms:113] 	|target step| :    0.0426394338
2025-12-23:10:38:26,978 INFO     [psi4.optking.stepAlgorithms:114] 	gradient     :   -0.0136399650
2025-12-23:10:38:26,978 INFO     [psi4.optking.stepAlgorithms:115] 	hessian      :    0.3193092552
2025-12-23:10:38:26,978 INFO     [psi4.optking.stepAlgorithms:206] 	Norm of achieved step-size    0.0426394338
2025-12-23:10:38:26,978 INFO     [psi4.optking.stepAlgorithms:208] 	Norm of achieved step-size (cart):    0.0301506328
2025-12-23:10:38:26,979 INFO     [psi4.optking.opt_helper:164] Molsys:

	                            ===> Fragment 1 <== 

	 Z (Atomic Numbers)          Masses                          Geom                  
	       3.000000             7.016003          0.00000000  0.00000000  2.08273948   
	       8.000000            15.994915          0.00000000  0.00000000 -0.92554012   

	 - Coordinate -           - BOHR/RAD -       - ANG/DEG -
	 R(1,2)           =         3.008280           1.591913

2025-12-23:10:38:26,979 INFO     [psi4.optking.convcheck:76] Performing convergence check.
2025-12-23:10:38:26,979 INFO     [psi4.optking.convcheck:282] 
	                                 ==> Convergence Check <==                                  
    
	Measures of convergence in internal coordinates in au.
    
	Criteria marked as inactive (o), active & met (*), and active & unmet ( ).

	----------------------------------------------------------------------------------------------
	   Step    Total Energy     Delta E     Max Force     RMS Force      Max Disp      RMS Disp   
	----------------------------------------------------------------------------------------------
	  Convergence Criteria     1.00e-06 *    3.00e-04 *             o    1.20e-03 *             o
	----------------------------------------------------------------------------------------------
	     5     -82.68111544   -2.28e-03      1.36e-02      1.36e-02 o    4.26e-02      4.26e-02 o  ~
	----------------------------------------------------------------------------------------------


2025-12-23:10:38:26,979 INFO     [psi4.optking.stepAlgorithms:296] 	Convergence check returned False
2025-12-23:10:38:26,989 INFO     [psi4.driver.task_planner:259] PLANNING Atomic:  keywords={'DAMPING_PERCENTAGE': 1.0, 'GEOM_MAXITER': 500, 'SCF__GUESS': 'READ', 'GUESS': 'SAP', 'MAXITER': 500, 'REFERENCE': 'UKS', 'function_kwargs': {}}
2025-12-23:10:38:26,990 INFO     [psi4.driver.driver:638] Compute gradient(): method=b3lyp, basis=cc-pvdz, molecule=default, nre=7.977981816078464
2025-12-23:10:38:27,340 INFO     [psi4.driver.driver:641] Return gradient(): -82.68152982399876
2025-12-23:10:38:27,340 INFO     [psi4.driver.driver:642] [[ 0.00000000 -0.00000000 -0.00591258]
 [ 0.00000000  0.00000000  0.00597158]]
2025-12-23:10:38:27,342 INFO     [psi4.optking.history:269] 	Performing BFGS update.
2025-12-23:10:38:27,342 INFO     [psi4.optking.history:280] 	Using 4 previous steps for update.
2025-12-23:10:38:27,342 INFO     [psi4.optking.history:317] 	Steps to be used in Hessian update:  5 4 3 2

2025-12-23:10:38:27,342 INFO     [psi4.optking.history:418] 	Updated Hessian (in au) 
 	   0.305571

2025-12-23:10:38:27,342 INFO     [psi4.optking.molsys:944] Projected (PHP) Hessian matrix
	   0.305571

2025-12-23:10:38:27,342 INFO     [psi4.optking.opt_helper:182] 
	         Geometry (au)                                       Gradient (au)
   0.0000000000   0.0000000000   2.0910584855		   0.0000000000  -0.0000000000  -0.0059125841
   0.0000000000   0.0000000000  -0.9172211212		   0.0000000000   0.0000000000   0.0059715759

2025-12-23:10:38:27,342 INFO     [psi4.optking.stepAlgorithms:368] 	Current Step Report 
 
	Current energy:       -82.6815298240
	Energy change for the previous step:
		Actual       :        -0.0004143848
		Projected    :        -0.0002908002

2025-12-23:10:38:27,342 INFO     [psi4.optking.stepAlgorithms:371] 	Energy ratio =    1.42498
2025-12-23:10:38:27,342 INFO     [psi4.optking.stepAlgorithms:929] 	Using RFO solution 1.
2025-12-23:10:38:27,343 INFO     [psi4.optking.displace:100] 	Determining Cartesian step for fragment 1.
2025-12-23:10:38:27,343 INFO     [psi4.optking.displace:415] 	Successfully converged to displaced geometry.
2025-12-23:10:38:27,343 INFO     [psi4.optking.displace:416] 	RMS(dx):  1.282e-16 	Max(dx):  2.220e-16 	RMS(dq):  4.441e-16
2025-12-23:10:38:27,343 INFO     [psi4.optking.displace:172] 

	        --- Internal Coordinate Step in ANG or DEG, aJ/ANG or AJ/DEG ---
	-------------------------------------------------------------------------------
	           Coordinate      Previous         Force          Change          New 
	           ----------      --------        ------          ------        ------
	               R(1,2)       1.59191        0.04896        0.01029       1.60220
	-------------------------------------------------------------------------------

2025-12-23:10:38:27,343 INFO     [psi4.optking.stepAlgorithms:113] 	|target step| :    0.0194384479
2025-12-23:10:38:27,343 INFO     [psi4.optking.stepAlgorithms:114] 	gradient     :   -0.0059420800
2025-12-23:10:38:27,343 INFO     [psi4.optking.stepAlgorithms:115] 	hessian      :    0.3055714523
2025-12-23:10:38:27,343 INFO     [psi4.optking.stepAlgorithms:113] 	|target step| :    0.0194384479
2025-12-23:10:38:27,343 INFO     [psi4.optking.stepAlgorithms:114] 	gradient     :   -0.0059420800
2025-12-23:10:38:27,343 INFO     [psi4.optking.stepAlgorithms:115] 	hessian      :    0.3055714523
2025-12-23:10:38:27,343 INFO     [psi4.optking.stepAlgorithms:206] 	Norm of achieved step-size    0.0194384479
2025-12-23:10:38:27,343 INFO     [psi4.optking.stepAlgorithms:208] 	Norm of achieved step-size (cart):    0.0137450583
2025-12-23:10:38:27,343 INFO     [psi4.optking.opt_helper:164] Molsys:

	                            ===> Fragment 1 <== 

	 Z (Atomic Numbers)          Masses                          Geom                  
	       3.000000             7.016003          0.00000000  0.00000000  2.10077771   
	       8.000000            15.994915          0.00000000  0.00000000 -0.92694035   

	 - Coordinate -           - BOHR/RAD -       - ANG/DEG -
	 R(1,2)           =         3.027718           1.602199

2025-12-23:10:38:27,343 INFO     [psi4.optking.convcheck:76] Performing convergence check.
2025-12-23:10:38:27,343 INFO     [psi4.optking.convcheck:282] 
	                                 ==> Convergence Check <==                                  
    
	Measures of convergence in internal coordinates in au.
    
	Criteria marked as inactive (o), active & met (*), and active & unmet ( ).

	----------------------------------------------------------------------------------------------
	   Step    Total Energy     Delta E     Max Force     RMS Force      Max Disp      RMS Disp   
	----------------------------------------------------------------------------------------------
	  Convergence Criteria     1.00e-06 *    3.00e-04 *             o    1.20e-03 *             o
	----------------------------------------------------------------------------------------------
	     6     -82.68152982   -4.14e-04      5.94e-03      5.94e-03 o    1.94e-02      1.94e-02 o  ~
	----------------------------------------------------------------------------------------------


2025-12-23:10:38:27,343 INFO     [psi4.optking.stepAlgorithms:296] 	Convergence check returned False
2025-12-23:10:38:27,354 INFO     [psi4.driver.task_planner:259] PLANNING Atomic:  keywords={'DAMPING_PERCENTAGE': 1.0, 'GEOM_MAXITER': 500, 'SCF__GUESS': 'READ', 'GUESS': 'SAP', 'MAXITER': 500, 'REFERENCE': 'UKS', 'function_kwargs': {}}
2025-12-23:10:38:27,355 INFO     [psi4.driver.driver:638] Compute gradient(): method=b3lyp, basis=cc-pvdz, molecule=default, nre=7.926761860586454
2025-12-23:10:38:27,675 INFO     [psi4.driver.driver:641] Return gradient(): -82.68161338029216
2025-12-23:10:38:27,675 INFO     [psi4.driver.driver:642] [[ 0.00000000  0.00000000 -0.00267725]
 [-0.00000000  0.00000000  0.00273777]]
2025-12-23:10:38:27,677 INFO     [psi4.optking.history:269] 	Performing BFGS update.
2025-12-23:10:38:27,677 INFO     [psi4.optking.history:280] 	Using 4 previous steps for update.
2025-12-23:10:38:27,677 INFO     [psi4.optking.history:317] 	Steps to be used in Hessian update:  6 5 4 3

2025-12-23:10:38:27,677 INFO     [psi4.optking.history:418] 	Updated Hessian (in au) 
 	   0.231150

2025-12-23:10:38:27,677 INFO     [psi4.optking.molsys:944] Projected (PHP) Hessian matrix
	   0.231150

2025-12-23:10:38:27,677 INFO     [psi4.optking.opt_helper:182] 
	         Geometry (au)                                       Gradient (au)
   0.0000000000   0.0000000000   2.1045701722		   0.0000000000   0.0000000000  -0.0026772544
   0.0000000000   0.0000000000  -0.9231478824		  -0.0000000000   0.0000000000   0.0027377680

2025-12-23:10:38:27,677 INFO     [psi4.optking.stepAlgorithms:368] 	Current Step Report 
 
	Current energy:       -82.6816133803
	Energy change for the previous step:
		Actual       :        -0.0000835563
		Projected    :        -0.0000577524

2025-12-23:10:38:27,677 INFO     [psi4.optking.stepAlgorithms:371] 	Energy ratio =    1.44680
2025-12-23:10:38:27,677 INFO     [psi4.optking.stepAlgorithms:929] 	Using RFO solution 1.
2025-12-23:10:38:27,678 INFO     [psi4.optking.displace:100] 	Determining Cartesian step for fragment 1.
2025-12-23:10:38:27,678 INFO     [psi4.optking.displace:415] 	Successfully converged to displaced geometry.
2025-12-23:10:38:27,678 INFO     [psi4.optking.displace:416] 	RMS(dx):  1.282e-16 	Max(dx):  2.220e-16 	RMS(dq):  4.441e-16
2025-12-23:10:38:27,678 INFO     [psi4.optking.displace:172] 

	        --- Internal Coordinate Step in ANG or DEG, aJ/ANG or AJ/DEG ---
	-------------------------------------------------------------------------------
	           Coordinate      Previous         Force          Change          New 
	           ----------      --------        ------          ------        ------
	               R(1,2)       1.60220        0.02231        0.00620       1.60840
	-------------------------------------------------------------------------------

2025-12-23:10:38:27,678 INFO     [psi4.optking.stepAlgorithms:113] 	|target step| :    0.0117116394
2025-12-23:10:38:27,678 INFO     [psi4.optking.stepAlgorithms:114] 	gradient     :   -0.0027075112
2025-12-23:10:38:27,678 INFO     [psi4.optking.stepAlgorithms:115] 	hessian      :    0.2311495188
2025-12-23:10:38:27,678 INFO     [psi4.optking.stepAlgorithms:113] 	|target step| :    0.0117116394
2025-12-23:10:38:27,678 INFO     [psi4.optking.stepAlgorithms:114] 	gradient     :   -0.0027075112
2025-12-23:10:38:27,678 INFO     [psi4.optking.stepAlgorithms:115] 	hessian      :    0.2311495188
2025-12-23:10:38:27,678 INFO     [psi4.optking.stepAlgorithms:206] 	Norm of achieved step-size    0.0117116394
2025-12-23:10:38:27,678 INFO     [psi4.optking.stepAlgorithms:208] 	Norm of achieved step-size (cart):    0.0082813797
2025-12-23:10:38:27,678 INFO     [psi4.optking.opt_helper:164] Molsys:

	                            ===> Fragment 1 <== 

	 Z (Atomic Numbers)          Masses                          Geom                  
	       3.000000             7.016003          0.00000000  0.00000000  2.11042599   
	       8.000000            15.994915          0.00000000  0.00000000 -0.92900370   

	 - Coordinate -           - BOHR/RAD -       - ANG/DEG -
	 R(1,2)           =         3.039430           1.608397

2025-12-23:10:38:27,678 INFO     [psi4.optking.convcheck:76] Performing convergence check.
2025-12-23:10:38:27,678 INFO     [psi4.optking.convcheck:282] 
	                                 ==> Convergence Check <==                                  
    
	Measures of convergence in internal coordinates in au.
    
	Criteria marked as inactive (o), active & met (*), and active & unmet ( ).

	----------------------------------------------------------------------------------------------
	   Step    Total Energy     Delta E     Max Force     RMS Force      Max Disp      RMS Disp   
	----------------------------------------------------------------------------------------------
	  Convergence Criteria     1.00e-06 *    3.00e-04 *             o    1.20e-03 *             o
	----------------------------------------------------------------------------------------------
	     7     -82.68161338   -8.36e-05      2.71e-03      2.71e-03 o    1.17e-02      1.17e-02 o  ~
	----------------------------------------------------------------------------------------------


2025-12-23:10:38:27,678 INFO     [psi4.optking.stepAlgorithms:296] 	Convergence check returned False
2025-12-23:10:38:27,689 INFO     [psi4.driver.task_planner:259] PLANNING Atomic:  keywords={'DAMPING_PERCENTAGE': 1.0, 'GEOM_MAXITER': 500, 'SCF__GUESS': 'READ', 'GUESS': 'SAP', 'MAXITER': 500, 'REFERENCE': 'UKS', 'function_kwargs': {}}
2025-12-23:10:38:27,690 INFO     [psi4.driver.driver:638] Compute gradient(): method=b3lyp, basis=cc-pvdz, molecule=default, nre=7.896218177678984
2025-12-23:10:38:28,2 INFO     [psi4.driver.driver:641] Return gradient(): -82.68163381309142
2025-12-23:10:38:28,2 INFO     [psi4.driver.driver:642] [[-0.00000000  0.00000000 -0.00080631]
 [-0.00000000 -0.00000000  0.00086831]]
2025-12-23:10:38:28,4 INFO     [psi4.optking.history:269] 	Performing BFGS update.
2025-12-23:10:38:28,4 INFO     [psi4.optking.history:280] 	Using 4 previous steps for update.
2025-12-23:10:38:28,4 INFO     [psi4.optking.history:317] 	Steps to be used in Hessian update:  7 6 5 4

2025-12-23:10:38:28,4 INFO     [psi4.optking.history:418] 	Updated Hessian (in au) 
 	   0.197460

2025-12-23:10:38:28,5 INFO     [psi4.optking.molsys:944] Projected (PHP) Hessian matrix
	   0.197460

2025-12-23:10:38:28,5 INFO     [psi4.optking.opt_helper:182] 
	         Geometry (au)                                       Gradient (au)
   0.0000000000   0.0000000000   2.1127109457		  -0.0000000000   0.0000000000  -0.0008063118
   0.0000000000   0.0000000000  -0.9267187483		  -0.0000000000  -0.0000000000   0.0008683127

2025-12-23:10:38:28,5 INFO     [psi4.optking.stepAlgorithms:368] 	Current Step Report 
 
	Current energy:       -82.6816338131
	Energy change for the previous step:
		Actual       :        -0.0000204328
		Projected    :        -0.0000158547

2025-12-23:10:38:28,5 INFO     [psi4.optking.stepAlgorithms:371] 	Energy ratio =    1.28875
2025-12-23:10:38:28,5 INFO     [psi4.optking.stepAlgorithms:929] 	Using RFO solution 1.
2025-12-23:10:38:28,5 INFO     [psi4.optking.displace:100] 	Determining Cartesian step for fragment 1.
2025-12-23:10:38:28,5 INFO     [psi4.optking.displace:415] 	Successfully converged to displaced geometry.
2025-12-23:10:38:28,5 INFO     [psi4.optking.displace:416] 	RMS(dx):  0.000e+00 	Max(dx):  0.000e+00 	RMS(dq):  0.000e+00
2025-12-23:10:38:28,5 INFO     [psi4.optking.displace:172] 

	        --- Internal Coordinate Step in ANG or DEG, aJ/ANG or AJ/DEG ---
	-------------------------------------------------------------------------------
	           Coordinate      Previous         Force          Change          New 
	           ----------      --------        ------          ------        ------
	               R(1,2)       1.60840        0.00690        0.00224       1.61064
	-------------------------------------------------------------------------------

2025-12-23:10:38:28,5 INFO     [psi4.optking.stepAlgorithms:113] 	|target step| :    0.0042403328
2025-12-23:10:38:28,5 INFO     [psi4.optking.stepAlgorithms:114] 	gradient     :   -0.0008373123
2025-12-23:10:38:28,5 INFO     [psi4.optking.stepAlgorithms:115] 	hessian      :    0.1974602547
2025-12-23:10:38:28,5 INFO     [psi4.optking.stepAlgorithms:113] 	|target step| :    0.0042403328
2025-12-23:10:38:28,5 INFO     [psi4.optking.stepAlgorithms:114] 	gradient     :   -0.0008373123
2025-12-23:10:38:28,5 INFO     [psi4.optking.stepAlgorithms:115] 	hessian      :    0.1974602547
2025-12-23:10:38:28,5 INFO     [psi4.optking.stepAlgorithms:206] 	Norm of achieved step-size    0.0042403328
2025-12-23:10:38:28,5 INFO     [psi4.optking.stepAlgorithms:208] 	Norm of achieved step-size (cart):    0.0029983681
2025-12-23:10:38:28,6 INFO     [psi4.optking.opt_helper:164] Molsys:

	                            ===> Fragment 1 <== 

	 Z (Atomic Numbers)          Masses                          Geom                  
	       3.000000             7.016003          0.00000000  0.00000000  2.11483111   
	       8.000000            15.994915          0.00000000  0.00000000 -0.92883891   

	 - Coordinate -           - BOHR/RAD -       - ANG/DEG -
	 R(1,2)           =         3.043670           1.610641

2025-12-23:10:38:28,6 INFO     [psi4.optking.convcheck:76] Performing convergence check.
2025-12-23:10:38:28,6 INFO     [psi4.optking.convcheck:282] 
	                                 ==> Convergence Check <==                                  
    
	Measures of convergence in internal coordinates in au.
    
	Criteria marked as inactive (o), active & met (*), and active & unmet ( ).

	----------------------------------------------------------------------------------------------
	   Step    Total Energy     Delta E     Max Force     RMS Force      Max Disp      RMS Disp   
	----------------------------------------------------------------------------------------------
	  Convergence Criteria     1.00e-06 *    3.00e-04 *             o    1.20e-03 *             o
	----------------------------------------------------------------------------------------------
	     8     -82.68163381   -2.04e-05      8.37e-04      8.37e-04 o    4.24e-03      4.24e-03 o  ~
	----------------------------------------------------------------------------------------------


2025-12-23:10:38:28,6 INFO     [psi4.optking.stepAlgorithms:296] 	Convergence check returned False
2025-12-23:10:38:28,16 INFO     [psi4.driver.task_planner:259] PLANNING Atomic:  keywords={'DAMPING_PERCENTAGE': 1.0, 'GEOM_MAXITER': 500, 'SCF__GUESS': 'READ', 'GUESS': 'SAP', 'MAXITER': 500, 'REFERENCE': 'UKS', 'function_kwargs': {}}
2025-12-23:10:38:28,18 INFO     [psi4.driver.driver:638] Compute gradient(): method=b3lyp, basis=cc-pvdz, molecule=default, nre=7.885217447372425
2025-12-23:10:38:28,317 INFO     [psi4.driver.driver:641] Return gradient(): -82.68163583255856
2025-12-23:10:38:28,317 INFO     [psi4.driver.driver:642] [[ 0.00000000  0.00000000 -0.00014305]
 [ 0.00000000  0.00000000  0.00020564]]
2025-12-23:10:38:28,319 INFO     [psi4.optking.history:269] 	Performing BFGS update.
2025-12-23:10:38:28,319 INFO     [psi4.optking.history:280] 	Using 4 previous steps for update.
2025-12-23:10:38:28,319 INFO     [psi4.optking.history:317] 	Steps to be used in Hessian update:  8 7 6 5

2025-12-23:10:38:28,319 INFO     [psi4.optking.history:418] 	Updated Hessian (in au) 
 	   0.172570

2025-12-23:10:38:28,319 INFO     [psi4.optking.molsys:944] Projected (PHP) Hessian matrix
	   0.172570

2025-12-23:10:38:28,319 INFO     [psi4.optking.opt_helper:182] 
	         Geometry (au)                                       Gradient (au)
   0.0000000000   0.0000000000   2.1156584058		   0.0000000000   0.0000000000  -0.0001430494
   0.0000000000   0.0000000000  -0.9280116211		   0.0000000000   0.0000000000   0.0002056396

2025-12-23:10:38:28,319 INFO     [psi4.optking.stepAlgorithms:368] 	Current Step Report 
 
	Current energy:       -82.6816358326
	Energy change for the previous step:
		Actual       :        -0.0000020195
		Projected    :        -0.0000017752

2025-12-23:10:38:28,319 INFO     [psi4.optking.stepAlgorithms:371] 	Energy ratio =    1.13757
2025-12-23:10:38:28,319 INFO     [psi4.optking.stepAlgorithms:929] 	Using RFO solution 1.
2025-12-23:10:38:28,320 INFO     [psi4.optking.displace:100] 	Determining Cartesian step for fragment 1.
2025-12-23:10:38:28,320 INFO     [psi4.optking.displace:415] 	Successfully converged to displaced geometry.
2025-12-23:10:38:28,320 INFO     [psi4.optking.displace:416] 	RMS(dx):  0.000e+00 	Max(dx):  0.000e+00 	RMS(dq):  0.000e+00
2025-12-23:10:38:28,320 INFO     [psi4.optking.displace:172] 

	        --- Internal Coordinate Step in ANG or DEG, aJ/ANG or AJ/DEG ---
	-------------------------------------------------------------------------------
	           Coordinate      Previous         Force          Change          New 
	           ----------      --------        ------          ------        ------
	               R(1,2)       1.61064        0.00144        0.00053       1.61118
	-------------------------------------------------------------------------------

2025-12-23:10:38:28,320 INFO     [psi4.optking.stepAlgorithms:113] 	|target step| :    0.0010102813
2025-12-23:10:38:28,320 INFO     [psi4.optking.stepAlgorithms:114] 	gradient     :   -0.0001743445
2025-12-23:10:38:28,320 INFO     [psi4.optking.stepAlgorithms:115] 	hessian      :    0.1725701094
2025-12-23:10:38:28,320 INFO     [psi4.optking.stepAlgorithms:113] 	|target step| :    0.0010102813
2025-12-23:10:38:28,320 INFO     [psi4.optking.stepAlgorithms:114] 	gradient     :   -0.0001743445
2025-12-23:10:38:28,320 INFO     [psi4.optking.stepAlgorithms:115] 	hessian      :    0.1725701094
2025-12-23:10:38:28,320 INFO     [psi4.optking.stepAlgorithms:206] 	Norm of achieved step-size    0.0010102813
2025-12-23:10:38:28,320 INFO     [psi4.optking.stepAlgorithms:208] 	Norm of achieved step-size (cart):    0.0007143767
2025-12-23:10:38:28,320 INFO     [psi4.optking.opt_helper:164] Molsys:

	                            ===> Fragment 1 <== 

	 Z (Atomic Numbers)          Masses                          Geom                  
	       3.000000             7.016003          0.00000000  0.00000000  2.11616355   
	       8.000000            15.994915          0.00000000  0.00000000 -0.92851676   

	 - Coordinate -           - BOHR/RAD -       - ANG/DEG -
	 R(1,2)           =         3.044680           1.611175

2025-12-23:10:38:28,320 INFO     [psi4.optking.convcheck:76] Performing convergence check.
2025-12-23:10:38:28,320 INFO     [psi4.optking.convcheck:282] 
	                                 ==> Convergence Check <==                                  
    
	Measures of convergence in internal coordinates in au.
    
	Criteria marked as inactive (o), active & met (*), and active & unmet ( ).

	----------------------------------------------------------------------------------------------
	   Step    Total Energy     Delta E     Max Force     RMS Force      Max Disp      RMS Disp   
	----------------------------------------------------------------------------------------------
	  Convergence Criteria     1.00e-06 *    3.00e-04 *             o    1.20e-03 *             o
	----------------------------------------------------------------------------------------------
	     9     -82.68163583   -2.02e-06      1.74e-04 *    1.74e-04 o    1.01e-03 *    1.01e-03 o  ~
	----------------------------------------------------------------------------------------------


2025-12-23:10:38:28,320 INFO     [psi4.optking.convcheck:206] 
	                      ===> Final Convergence Report <===                     

	----------------------------------------------------------------------------
	|   Required Criteria    |  One or More Criteria  |   Alternate Criteria   |
	----------------------------------------------------------------------------
	| [x]     max_force      | [ ]       max_DE       |                        |
	|                        | [x]      max_disp      |                        |
	----------------------------------------------------------------------------


2025-12-23:10:38:28,320 INFO     [psi4.optking.stepAlgorithms:296] 	Convergence check returned True
2025-12-23:10:38:28,320 INFO     [psi4.optking.optimize:332] 	Converged in 9 steps!
2025-12-23:10:38:28,320 INFO     [psi4.optking.optimize:333] 	Final energy is    -82.6816358325586
2025-12-23:10:38:28,320 INFO     [psi4.optking.optimize:334] 	Final structure (Angstroms): 
	Fragment 1 (Ang)

	   Li   0.0000000000   0.0000000000   1.1198255228
	    O   0.0000000000   0.0000000000  -0.4913499100


2025-12-23:10:38:28,321 INFO     [psi4.optking.optimize:562] 	Optimization Finished

	==> Optimization Summary <==

        
	Measures of convergence in internal coordinates in au. (Any backward steps not shown.)
        
	---------------------------------------------------------------------------------------------------------------  ~
        
	 Step         Total Energy             Delta E       MAX Force       RMS Force        MAX Disp        RMS Disp   ~
        
	---------------------------------------------------------------------------------------------------------------  ~
        
	     1     -82.582527827657    -82.582527827657      0.35932852      0.35932852      0.30987847      0.30987847  ~
	     2     -82.655507968110     -0.072980140453      0.13756081      0.13756081      0.18559433      0.18559433  ~
	     3     -82.673698135325     -0.018190167215      0.06386364      0.06386364      0.10589371      0.10589371  ~
	     4     -82.678834207852     -0.005136072527      0.03448293      0.03448293      0.09660231      0.09660231  ~
	     5     -82.681115439224     -0.002281231372      0.01363996      0.01363996      0.04263943      0.04263943  ~
	     6     -82.681529823999     -0.000414384775      0.00594208      0.00594208      0.01943845      0.01943845  ~
	     7     -82.681613380292     -0.000083556293      0.00270751      0.00270751      0.01171164      0.01171164  ~
	     8     -82.681633813091     -0.000020432799      0.00083731      0.00083731      0.00424033      0.00424033  ~
	     9     -82.681635832559     -0.000002019467      0.00017434      0.00017434      0.00101028      0.00101028  ~
	----------------------------------------------------------------------------------------------------------------


2025-12-23:10:38:28,321 INFO     [psi4.optking.optimize:806] Preparing OptimizationResult
