2025-12-23:11:03:10,459 WARNING  [psi4.optking:38] Some dependencies such as QCElemental have not yet finished migration to pydantic v2. If issues are encountered please downgrade pydantic or upgrade QCElemental as appropriate
2025-12-23:11:03:10,617 INFO     [psi4.optking.optwrapper:234] Creating a UserComputer
2025-12-23:11:03:10,617 INFO     [psi4.optking.optwrapper:242] 
    			-----------------------------------------

    			 OPTKING 3.0: for geometry optimizations 

    			     By R.A. King, Bethel University     

    			        with contributions from          

    			    A.V. Copan, J. Cayton, A. Heide      

    			-----------------------------------------

    
2025-12-23:11:03:10,617 INFO     [psi4.optking.optwrapper:272] 
		 -- Optimization Parameters --
	GEOM_MAXITER                   =             500
	ALG_GEOM_MAXITER               =              50
	PRINT                          =               1
	OPT_TYPE                       =             MIN
	STEP_TYPE                      =             RFO
	PROGRAM                        =            PSI4
	STEEPEST_DESCENT_TYPE          =         OVERLAP
	CONJUGATE_GRADIENT_TYPE        =        FLETCHER
	OPT_COORDINATES                =        INTERNAL
	RFO_FOLLOW_ROOT                =           False
	RFO_ROOT                       =               0
	ACCEPT_SYMMETRY_BREAKING       =           False
	DYNAMIC_LVL                    =               0
	DYNAMIC_LVL_MAX                =               0
	IRC_STEP_SIZE                  =             0.2
	IRC_DIRECTION                  =         FORWARD
	IRC_POINTS                     =              20
	IRC_MODE                       =          NORMAL
	IRC_CONVERGENCE                =            -0.7
	INTRAFRAG_STEP_LIMIT           =             0.5
	INTRAFRAG_STEP_LIMIT_MIN       =           0.001
	INTRAFRAG_STEP_LIMIT_MAX       =             1.0
	INTERFRAG_STEP_LIMIT           =             0.5
	INTERFRAG_STEP_LIMIT_MIN       =           0.001
	INTERFRAG_STEP_LIMIT_MAX       =             1.0
	ENSURE_BT_CONVERGENCE          =           False
	SIMPLE_STEP_SCALING            =           False
	CONSECUTIVE_BACKSTEPS          =               0
	RFO_NORMALIZATION_MAX          =             100
	RSRFO_ALPHA_MAX                =     100000000.0
	PRINT_TRAJECTORY_XYZ_FILE      =           False
	WRITE_TRAJECTORY               =           False
	FROZEN_DISTANCE                =                
	FROZEN_BEND                    =                
	FROZEN_DIHEDRAL                =                
	FROZEN_OOFP                    =                
	FROZEN_CARTESIAN               =                
	FREEZE_ALL_DIHEDRALS           =           False
	UNFREEZE_DIHEDRALS             =                
	RANGED_DISTANCE                =                
	RANGED_BEND                    =                
	RANGED_DIHEDRAL                =                
	RANGED_OOFP                    =                
	RANGED_CARTESIAN               =                
	EXT_FORCE_DISTANCE             =                
	EXT_FORCE_BEND                 =                
	EXT_FORCE_DIHEDRAL             =                
	EXT_FORCE_OOFP                 =                
	EXT_FORCE_CARTESIAN            =                
	G_CONVERGENCE                  =           QCHEM
	MAX_FORCE_G_CONVERGENCE        =          0.0003
	RMS_FORCE_G_CONVERGENCE        =          0.0003
	MAX_ENERGY_G_CONVERGENCE       =           1e-06
	MAX_DISP_G_CONVERGENCE         =          0.0012
	RMS_DISP_G_CONVERGENCE         =          0.0012
	FLEXIBLE_G_CONVERGENCE         =           False
	HESS_UPDATE                    =            BFGS
	HESS_UPDATE_USE_LAST           =               4
	HESS_UPDATE_LIMIT              =            True
	HESS_UPDATE_LIMIT_MAX          =             1.0
	HESS_UPDATE_LIMIT_SCALE        =             0.5
	HESS_UPDATE_DEN_TOL            =           1e-07
	HESS_UPDATE_DQ_TOL             =             0.5
	CART_HESS_READ                 =           False
	HESSIAN_FILE                   =               .
	FULL_HESS_EVERY                =              -1
	INTRAFRAG_HESS                 =        SCHLEGEL
	H_GUESS_EVERY                  =           False
	BT_MAX_ITER                    =              25
	BT_DX_CONV                     =           1e-07
	BT_DX_RMS_CHANGE_CONV          =           1e-12
	BT_PINV_RCOND                  =           1e-06
	FRAG_MODE                      =          SINGLE
	FRAG_REF_ATOMS                 =              []
	FREEZE_INTRAFRAG               =           False
	INTERFRAG_MODE                 =           FIXED
	ADD_AUXILIARY_BONDS            =           False
	AUXILIARY_BOND_FACTOR          =             2.5
	INTERFRAG_DIST_INV             =           False
	INTERFRAG_COLLINEAR_TOL        =            0.01
	INTERFRAG_COORDS               =              []
	INTERFRAG_HESS                 =         DEFAULT
	COVALENT_CONNECT               =             1.3
	INTERFRAGMENT_CONNECT          =             1.8
	H_BOND_CONNECT                 =             4.3
	INCLUDE_OOFP                   =           False
	TEST_B                         =           False
	TEST_DERIVATIVE_B              =           False
	LINESEARCH_STEP                =             0.1
	LINESEARCH                     =           False
	SD_HESSIAN                     =             1.0
	FIX_VAL_NEAR_PI                =            1.57
	V3D_TORS_ANGLE_LIM             =           0.017
	V3D_TORS_COS_TOL               =           1e-10
	LINEAR_BEND_THRESHOLD          =            3.05
	SMALL_BEND_FIX_THRESHOLD       =            0.35
	REDUNDANT_EVAL_TOL             =           1e-10
	LINEAR_ALGEBRA_TOL             =           1e-10


2025-12-23:11:03:10,748 INFO     [psi4.optking.opt_helper:164] Molsys:

	                            ===> Fragment 1 <== 

	 Z (Atomic Numbers)          Masses                          Geom                  
	       8.000000            15.994915          0.00000000  0.00000000  1.42369268   
	      13.000000            26.981539          0.00000000  0.00000000 -0.84397867   

	 - Coordinate -           - BOHR/RAD -       - ANG/DEG -
	 R(1,2)           =         2.267671           1.200000

2025-12-23:11:03:10,757 INFO     [psi4.driver.task_planner:259] PLANNING Atomic:  keywords={'DAMPING_PERCENTAGE': 1.0, 'GEOM_MAXITER': 500, 'GUESS': 'SAP', 'MAXITER': 500, 'REFERENCE': 'UKS', 'function_kwargs': {}}
2025-12-23:11:03:10,759 INFO     [psi4.driver.driver:638] Compute gradient(): method=b3lyp, basis=cc-pvdz, molecule=default, nre=45.86202492473334
2025-12-23:11:03:11,333 INFO     [psi4.driver.driver:641] Return gradient(): -317.3145801685829
2025-12-23:11:03:11,334 INFO     [psi4.driver.driver:642] [[ 0.00000000 -0.00000000 -1.11068459]
 [ 0.00000000 -0.00000000  1.11066394]]
2025-12-23:11:03:11,335 INFO     [psi4.optking.molsys:944] Projected (PHP) Hessian matrix
	   4.182219

2025-12-23:11:03:11,335 INFO     [psi4.optking.opt_helper:182] 
	         Geometry (au)                                       Gradient (au)
   0.0000000000   0.0000000000   1.4236926836		   0.0000000000  -0.0000000000  -1.1106845888
   0.0000000000   0.0000000000  -0.8439786669		   0.0000000000  -0.0000000000   1.1106639360

2025-12-23:11:03:11,336 INFO     [psi4.optking.stepAlgorithms:929] 	Using RFO solution 1.
2025-12-23:11:03:11,336 INFO     [psi4.optking.displace:100] 	Determining Cartesian step for fragment 1.
2025-12-23:11:03:11,336 INFO     [psi4.optking.displace:415] 	Successfully converged to displaced geometry.
2025-12-23:11:03:11,336 INFO     [psi4.optking.displace:416] 	RMS(dx):  1.282e-16 	Max(dx):  2.220e-16 	RMS(dq):  0.000e+00
2025-12-23:11:03:11,336 INFO     [psi4.optking.displace:172] 

	        --- Internal Coordinate Step in ANG or DEG, aJ/ANG or AJ/DEG ---
	-------------------------------------------------------------------------------
	           Coordinate      Previous         Force          Change          New 
	           ----------      --------        ------          ------        ------
	               R(1,2)       1.20000        9.15054        0.13181       1.33181
	-------------------------------------------------------------------------------

2025-12-23:11:03:11,336 INFO     [psi4.optking.stepAlgorithms:113] 	|target step| :    0.2490926917
2025-12-23:11:03:11,336 INFO     [psi4.optking.stepAlgorithms:114] 	gradient     :   -1.1106742624
2025-12-23:11:03:11,336 INFO     [psi4.optking.stepAlgorithms:115] 	hessian      :    4.1822185214
2025-12-23:11:03:11,336 INFO     [psi4.optking.stepAlgorithms:113] 	|target step| :    0.2490926917
2025-12-23:11:03:11,336 INFO     [psi4.optking.stepAlgorithms:114] 	gradient     :   -1.1106742624
2025-12-23:11:03:11,336 INFO     [psi4.optking.stepAlgorithms:115] 	hessian      :    4.1822185214
2025-12-23:11:03:11,336 INFO     [psi4.optking.stepAlgorithms:206] 	Norm of achieved step-size    0.2490926917
2025-12-23:11:03:11,336 INFO     [psi4.optking.stepAlgorithms:208] 	Norm of achieved step-size (cart):    0.1761351314
2025-12-23:11:03:11,336 INFO     [psi4.optking.opt_helper:164] Molsys:

	                            ===> Fragment 1 <== 

	 Z (Atomic Numbers)          Masses                          Geom                  
	       8.000000            15.994915          0.00000000  0.00000000  1.54823903   
	      13.000000            26.981539          0.00000000  0.00000000 -0.96852501   

	 - Coordinate -           - BOHR/RAD -       - ANG/DEG -
	 R(1,2)           =         2.516764           1.331814

2025-12-23:11:03:11,336 INFO     [psi4.optking.convcheck:76] Performing convergence check.
2025-12-23:11:03:11,337 INFO     [psi4.optking.convcheck:282] 
	                                 ==> Convergence Check <==                                  
    
	Measures of convergence in internal coordinates in au.
    
	Criteria marked as inactive (o), active & met (*), and active & unmet ( ).

	----------------------------------------------------------------------------------------------~
	   Step    Total Energy     Delta E     Max Force     RMS Force      Max Disp      RMS Disp   ~
	----------------------------------------------------------------------------------------------~
	  Convergence Criteria     1.00e-06 *    3.00e-04 *             o    1.20e-03 *             o~
	----------------------------------------------------------------------------------------------~
	     1    -317.31458017   -3.17e+02      1.11e+00      1.11e+00 o    2.49e-01      2.49e-01 o  ~
	----------------------------------------------------------------------------------------------


2025-12-23:11:03:11,337 INFO     [psi4.optking.stepAlgorithms:296] 	Convergence check returned False
2025-12-23:11:03:11,347 INFO     [psi4.driver.task_planner:259] PLANNING Atomic:  keywords={'DAMPING_PERCENTAGE': 1.0, 'GEOM_MAXITER': 500, 'SCF__GUESS': 'READ', 'GUESS': 'SAP', 'MAXITER': 500, 'REFERENCE': 'UKS', 'function_kwargs': {}}
2025-12-23:11:03:11,348 INFO     [psi4.driver.driver:638] Compute gradient(): method=b3lyp, basis=cc-pvdz, molecule=default, nre=41.3229044340892
2025-12-23:11:03:11,857 INFO     [psi4.driver.driver:641] Return gradient(): -317.5094487701687
2025-12-23:11:03:11,857 INFO     [psi4.driver.driver:642] [[ 0.00000000  0.00000000 -0.51724660]
 [ 0.00000000  0.00000000  0.51719022]]
2025-12-23:11:03:11,858 INFO     [psi4.optking.history:269] 	Performing BFGS update.
2025-12-23:11:03:11,858 INFO     [psi4.optking.history:280] 	Using 1 previous steps for update.
2025-12-23:11:03:11,859 INFO     [psi4.optking.history:317] 	Steps to be used in Hessian update:  1

2025-12-23:11:03:11,859 INFO     [psi4.optking.history:418] 	Updated Hessian (in au) 
 	   2.382470

2025-12-23:11:03:11,859 INFO     [psi4.optking.molsys:944] Projected (PHP) Hessian matrix
	   2.382470

2025-12-23:11:03:11,859 INFO     [psi4.optking.opt_helper:182] 
	         Geometry (au)                                       Gradient (au)
   0.0000000000   0.0000000000   1.5800784150		   0.0000000000   0.0000000000  -0.5172466003
   0.0000000000   0.0000000000  -0.9366856272		   0.0000000000   0.0000000000   0.5171902177

2025-12-23:11:03:11,859 INFO     [psi4.optking.stepAlgorithms:368] 	Current Step Report 
 
	Current energy:      -317.5094487702
	Energy change for the previous step:
		Actual       :        -0.1948686016
		Projected    :        -0.1383304208

2025-12-23:11:03:11,859 INFO     [psi4.optking.stepAlgorithms:371] 	Energy ratio =    1.40872
2025-12-23:11:03:11,859 INFO     [psi4.optking.stepAlgorithms:399] 	Energy ratio indicates good step.
2025-12-23:11:03:11,859 INFO     [psi4.optking.stepAlgorithms:400] 	Intrafrag trust radius increased to      1.
2025-12-23:11:03:11,859 INFO     [psi4.optking.stepAlgorithms:929] 	Using RFO solution 1.
2025-12-23:11:03:11,859 INFO     [psi4.optking.displace:100] 	Determining Cartesian step for fragment 1.
2025-12-23:11:03:11,859 INFO     [psi4.optking.displace:415] 	Successfully converged to displaced geometry.
2025-12-23:11:03:11,859 INFO     [psi4.optking.displace:416] 	RMS(dx):  0.000e+00 	Max(dx):  0.000e+00 	RMS(dq):  0.000e+00
2025-12-23:11:03:11,860 INFO     [psi4.optking.displace:172] 

	        --- Internal Coordinate Step in ANG or DEG, aJ/ANG or AJ/DEG ---
	-------------------------------------------------------------------------------
	           Coordinate      Previous         Force          Change          New 
	           ----------      --------        ------          ------        ------
	               R(1,2)       1.33181        4.26122        0.10992       1.44174
	-------------------------------------------------------------------------------

2025-12-23:11:03:11,860 INFO     [psi4.optking.stepAlgorithms:113] 	|target step| :    0.2077257821
2025-12-23:11:03:11,860 INFO     [psi4.optking.stepAlgorithms:114] 	gradient     :   -0.5172184090
2025-12-23:11:03:11,860 INFO     [psi4.optking.stepAlgorithms:115] 	hessian      :    2.3824699528
2025-12-23:11:03:11,860 INFO     [psi4.optking.stepAlgorithms:113] 	|target step| :    0.2077257821
2025-12-23:11:03:11,860 INFO     [psi4.optking.stepAlgorithms:114] 	gradient     :   -0.5172184090
2025-12-23:11:03:11,860 INFO     [psi4.optking.stepAlgorithms:115] 	hessian      :    2.3824699528
2025-12-23:11:03:11,860 INFO     [psi4.optking.stepAlgorithms:206] 	Norm of achieved step-size    0.2077257821
2025-12-23:11:03:11,860 INFO     [psi4.optking.stepAlgorithms:208] 	Norm of achieved step-size (cart):    0.1468843092
2025-12-23:11:03:11,860 INFO     [psi4.optking.opt_helper:164] Molsys:

	                            ===> Fragment 1 <== 

	 Z (Atomic Numbers)          Masses                          Geom                  
	       8.000000            15.994915          0.00000000  0.00000000  1.68394131   
	      13.000000            26.981539          0.00000000  0.00000000 -1.04054852   

	 - Coordinate -           - BOHR/RAD -       - ANG/DEG -
	 R(1,2)           =         2.724490           1.441738

2025-12-23:11:03:11,860 INFO     [psi4.optking.convcheck:76] Performing convergence check.
2025-12-23:11:03:11,860 INFO     [psi4.optking.convcheck:282] 
	                                 ==> Convergence Check <==                                  
    
	Measures of convergence in internal coordinates in au.
    
	Criteria marked as inactive (o), active & met (*), and active & unmet ( ).

	----------------------------------------------------------------------------------------------
	   Step    Total Energy     Delta E     Max Force     RMS Force      Max Disp      RMS Disp   
	----------------------------------------------------------------------------------------------
	  Convergence Criteria     1.00e-06 *    3.00e-04 *             o    1.20e-03 *             o
	----------------------------------------------------------------------------------------------
	     2    -317.50944877   -1.95e-01      5.17e-01      5.17e-01 o    2.08e-01      2.08e-01 o  ~
	----------------------------------------------------------------------------------------------


2025-12-23:11:03:11,860 INFO     [psi4.optking.stepAlgorithms:296] 	Convergence check returned False
2025-12-23:11:03:11,870 INFO     [psi4.driver.task_planner:259] PLANNING Atomic:  keywords={'DAMPING_PERCENTAGE': 1.0, 'GEOM_MAXITER': 500, 'SCF__GUESS': 'READ', 'GUESS': 'SAP', 'MAXITER': 500, 'REFERENCE': 'UKS', 'function_kwargs': {}}
2025-12-23:11:03:11,871 INFO     [psi4.driver.driver:638] Compute gradient(): method=b3lyp, basis=cc-pvdz, molecule=default, nre=38.17228424558516
2025-12-23:11:03:12,484 INFO     [psi4.driver.driver:641] Return gradient(): -317.58623419146835
2025-12-23:11:03:12,485 INFO     [psi4.driver.driver:642] [[ 0.00000000  0.00000000 -0.24658863]
 [ 0.00000000  0.00000000  0.24653030]]
2025-12-23:11:03:12,486 INFO     [psi4.optking.history:269] 	Performing BFGS update.
2025-12-23:11:03:12,486 INFO     [psi4.optking.history:280] 	Using 2 previous steps for update.
2025-12-23:11:03:12,486 INFO     [psi4.optking.history:317] 	Steps to be used in Hessian update:  2 1

2025-12-23:11:03:12,486 INFO     [psi4.optking.history:418] 	Updated Hessian (in au) 
 	   1.891593

2025-12-23:11:03:12,487 INFO     [psi4.optking.molsys:944] Projected (PHP) Hessian matrix
	   1.891593

2025-12-23:11:03:12,487 INFO     [psi4.optking.opt_helper:182] 
	         Geometry (au)                                       Gradient (au)
   0.0000000000   0.0000000000   1.7104931139		   0.0000000000   0.0000000000  -0.2465886263
   0.0000000000   0.0000000000  -1.0139967105		   0.0000000000   0.0000000000   0.2465303044

2025-12-23:11:03:12,487 INFO     [psi4.optking.stepAlgorithms:368] 	Current Step Report 
 
	Current energy:      -317.5862341915
	Energy change for the previous step:
		Actual       :        -0.0767854213
		Projected    :        -0.0537197993

2025-12-23:11:03:12,487 INFO     [psi4.optking.stepAlgorithms:371] 	Energy ratio =    1.42937
2025-12-23:11:03:12,487 INFO     [psi4.optking.stepAlgorithms:929] 	Using RFO solution 1.
2025-12-23:11:03:12,487 INFO     [psi4.optking.displace:100] 	Determining Cartesian step for fragment 1.
2025-12-23:11:03:12,487 INFO     [psi4.optking.displace:415] 	Successfully converged to displaced geometry.
2025-12-23:11:03:12,487 INFO     [psi4.optking.displace:416] 	RMS(dx):  0.000e+00 	Max(dx):  0.000e+00 	RMS(dq):  0.000e+00
2025-12-23:11:03:12,487 INFO     [psi4.optking.displace:172] 

	        --- Internal Coordinate Step in ANG or DEG, aJ/ANG or AJ/DEG ---
	-------------------------------------------------------------------------------
	           Coordinate      Previous         Force          Change          New 
	           ----------      --------        ------          ------        ------
	               R(1,2)       1.44174        2.03134        0.06784       1.50958
	-------------------------------------------------------------------------------

2025-12-23:11:03:12,487 INFO     [psi4.optking.stepAlgorithms:113] 	|target step| :    0.1282025226
2025-12-23:11:03:12,487 INFO     [psi4.optking.stepAlgorithms:114] 	gradient     :   -0.2465594654
2025-12-23:11:03:12,487 INFO     [psi4.optking.stepAlgorithms:115] 	hessian      :    1.8915933714
2025-12-23:11:03:12,487 INFO     [psi4.optking.stepAlgorithms:113] 	|target step| :    0.1282025226
2025-12-23:11:03:12,487 INFO     [psi4.optking.stepAlgorithms:114] 	gradient     :   -0.2465594654
2025-12-23:11:03:12,487 INFO     [psi4.optking.stepAlgorithms:115] 	hessian      :    1.8915933714
2025-12-23:11:03:12,487 INFO     [psi4.optking.stepAlgorithms:206] 	Norm of achieved step-size    0.1282025226
2025-12-23:11:03:12,487 INFO     [psi4.optking.stepAlgorithms:208] 	Norm of achieved step-size (cart):    0.0906528731
2025-12-23:11:03:12,488 INFO     [psi4.optking.opt_helper:164] Molsys:

	                            ===> Fragment 1 <== 

	 Z (Atomic Numbers)          Masses                          Geom                  
	       8.000000            15.994915          0.00000000  0.00000000  1.77459438   
	      13.000000            26.981539          0.00000000  0.00000000 -1.07809797   

	 - Coordinate -           - BOHR/RAD -       - ANG/DEG -
	 R(1,2)           =         2.852692           1.509580

2025-12-23:11:03:12,488 INFO     [psi4.optking.convcheck:76] Performing convergence check.
2025-12-23:11:03:12,488 INFO     [psi4.optking.convcheck:282] 
	                                 ==> Convergence Check <==                                  
    
	Measures of convergence in internal coordinates in au.
    
	Criteria marked as inactive (o), active & met (*), and active & unmet ( ).

	----------------------------------------------------------------------------------------------
	   Step    Total Energy     Delta E     Max Force     RMS Force      Max Disp      RMS Disp   
	----------------------------------------------------------------------------------------------
	  Convergence Criteria     1.00e-06 *    3.00e-04 *             o    1.20e-03 *             o
	----------------------------------------------------------------------------------------------
	     3    -317.58623419   -7.68e-02      2.47e-01      2.47e-01 o    1.28e-01      1.28e-01 o  ~
	----------------------------------------------------------------------------------------------


2025-12-23:11:03:12,488 INFO     [psi4.optking.stepAlgorithms:296] 	Convergence check returned False
2025-12-23:11:03:12,498 INFO     [psi4.driver.task_planner:259] PLANNING Atomic:  keywords={'DAMPING_PERCENTAGE': 1.0, 'GEOM_MAXITER': 500, 'SCF__GUESS': 'READ', 'GUESS': 'SAP', 'MAXITER': 500, 'REFERENCE': 'UKS', 'function_kwargs': {}}
2025-12-23:11:03:12,499 INFO     [psi4.driver.driver:638] Compute gradient(): method=b3lyp, basis=cc-pvdz, molecule=default, nre=36.456787957159385
2025-12-23:11:03:13,37 INFO     [psi4.driver.driver:641] Return gradient(): -317.61060943841113
2025-12-23:11:03:13,37 INFO     [psi4.driver.driver:642] [[ 0.00000000  0.00000000 -0.13968355]
 [ 0.00000000 -0.00000000  0.13963382]]
2025-12-23:11:03:13,39 INFO     [psi4.optking.history:269] 	Performing BFGS update.
2025-12-23:11:03:13,39 INFO     [psi4.optking.history:280] 	Using 3 previous steps for update.
2025-12-23:11:03:13,39 WARNING  [psi4.optking.history:301] 	Change in internal coordinate of 5.85e-01 exceeds limit of 5.00e-01.
2025-12-23:11:03:13,39 WARNING  [psi4.optking.history:306] 	Skipping Hessian update for step 1.
2025-12-23:11:03:13,39 INFO     [psi4.optking.history:317] 	Steps to be used in Hessian update:  3 2

2025-12-23:11:03:13,39 INFO     [psi4.optking.history:418] 	Updated Hessian (in au) 
 	   1.123929

2025-12-23:11:03:13,39 INFO     [psi4.optking.molsys:944] Projected (PHP) Hessian matrix
	   1.123929

2025-12-23:11:03:13,39 INFO     [psi4.optking.opt_helper:182] 
	         Geometry (au)                                       Gradient (au)
   0.0000000000   0.0000000000   1.7909814057		   0.0000000000   0.0000000000  -0.1396835546
   0.0000000000   0.0000000000  -1.0617109413		   0.0000000000  -0.0000000000   0.1396338161

2025-12-23:11:03:13,39 INFO     [psi4.optking.stepAlgorithms:368] 	Current Step Report 
 
	Current energy:      -317.6106094384
	Energy change for the previous step:
		Actual       :        -0.0243752469
		Projected    :        -0.0158047727

2025-12-23:11:03:13,39 INFO     [psi4.optking.stepAlgorithms:371] 	Energy ratio =    1.54227
2025-12-23:11:03:13,39 INFO     [psi4.optking.stepAlgorithms:929] 	Using RFO solution 1.
2025-12-23:11:03:13,40 INFO     [psi4.optking.displace:100] 	Determining Cartesian step for fragment 1.
2025-12-23:11:03:13,40 INFO     [psi4.optking.displace:415] 	Successfully converged to displaced geometry.
2025-12-23:11:03:13,40 INFO     [psi4.optking.displace:416] 	RMS(dx):  0.000e+00 	Max(dx):  0.000e+00 	RMS(dq):  0.000e+00
2025-12-23:11:03:13,40 INFO     [psi4.optking.displace:172] 

	        --- Internal Coordinate Step in ANG or DEG, aJ/ANG or AJ/DEG ---
	-------------------------------------------------------------------------------
	           Coordinate      Previous         Force          Change          New 
	           ----------      --------        ------          ------        ------
	               R(1,2)       1.50958        1.15061        0.06477       1.57435
	-------------------------------------------------------------------------------

2025-12-23:11:03:13,40 INFO     [psi4.optking.stepAlgorithms:113] 	|target step| :    0.1223977416
2025-12-23:11:03:13,40 INFO     [psi4.optking.stepAlgorithms:114] 	gradient     :   -0.1396586853
2025-12-23:11:03:13,40 INFO     [psi4.optking.stepAlgorithms:115] 	hessian      :    1.1239294766
2025-12-23:11:03:13,40 INFO     [psi4.optking.stepAlgorithms:113] 	|target step| :    0.1223977416
2025-12-23:11:03:13,40 INFO     [psi4.optking.stepAlgorithms:114] 	gradient     :   -0.1396586853
2025-12-23:11:03:13,40 INFO     [psi4.optking.stepAlgorithms:115] 	hessian      :    1.1239294766
2025-12-23:11:03:13,40 INFO     [psi4.optking.stepAlgorithms:206] 	Norm of achieved step-size    0.1223977416
2025-12-23:11:03:13,40 INFO     [psi4.optking.stepAlgorithms:208] 	Norm of achieved step-size (cart):    0.0865482731
2025-12-23:11:03:13,40 INFO     [psi4.optking.opt_helper:164] Molsys:

	                            ===> Fragment 1 <== 

	 Z (Atomic Numbers)          Masses                          Geom                  
	       8.000000            15.994915          0.00000000  0.00000000  1.85218028   
	      13.000000            26.981539          0.00000000  0.00000000 -1.12290981   

	 - Coordinate -           - BOHR/RAD -       - ANG/DEG -
	 R(1,2)           =         2.975090           1.574350

2025-12-23:11:03:13,40 INFO     [psi4.optking.convcheck:76] Performing convergence check.
2025-12-23:11:03:13,40 INFO     [psi4.optking.convcheck:282] 
	                                 ==> Convergence Check <==                                  
    
	Measures of convergence in internal coordinates in au.
    
	Criteria marked as inactive (o), active & met (*), and active & unmet ( ).

	----------------------------------------------------------------------------------------------
	   Step    Total Energy     Delta E     Max Force     RMS Force      Max Disp      RMS Disp   
	----------------------------------------------------------------------------------------------
	  Convergence Criteria     1.00e-06 *    3.00e-04 *             o    1.20e-03 *             o
	----------------------------------------------------------------------------------------------
	     4    -317.61060944   -2.44e-02      1.40e-01      1.40e-01 o    1.22e-01      1.22e-01 o  ~
	----------------------------------------------------------------------------------------------


2025-12-23:11:03:13,40 INFO     [psi4.optking.stepAlgorithms:296] 	Convergence check returned False
2025-12-23:11:03:13,51 INFO     [psi4.driver.task_planner:259] PLANNING Atomic:  keywords={'DAMPING_PERCENTAGE': 1.0, 'GEOM_MAXITER': 500, 'SCF__GUESS': 'READ', 'GUESS': 'SAP', 'MAXITER': 500, 'REFERENCE': 'UKS', 'function_kwargs': {}}
2025-12-23:11:03:13,52 INFO     [psi4.driver.driver:638] Compute gradient(): method=b3lyp, basis=cc-pvdz, molecule=default, nre=34.95692463263549
2025-12-23:11:03:13,667 INFO     [psi4.driver.driver:641] Return gradient(): -317.62297831922285
2025-12-23:11:03:13,667 INFO     [psi4.driver.driver:642] [[ 0.00000000  0.00000000 -0.06653513]
 [ 0.00000000  0.00000000  0.06650971]]
2025-12-23:11:03:13,669 INFO     [psi4.optking.history:269] 	Performing BFGS update.
2025-12-23:11:03:13,669 INFO     [psi4.optking.history:280] 	Using 4 previous steps for update.
2025-12-23:11:03:13,669 WARNING  [psi4.optking.history:301] 	Change in internal coordinate of 7.07e-01 exceeds limit of 5.00e-01.
2025-12-23:11:03:13,669 WARNING  [psi4.optking.history:306] 	Skipping Hessian update for step 1.
2025-12-23:11:03:13,669 INFO     [psi4.optking.history:317] 	Steps to be used in Hessian update:  4 3 2

2025-12-23:11:03:13,669 INFO     [psi4.optking.history:418] 	Updated Hessian (in au) 
 	   0.983352

2025-12-23:11:03:13,669 INFO     [psi4.optking.molsys:944] Projected (PHP) Hessian matrix
	   0.983352

2025-12-23:11:03:13,669 INFO     [psi4.optking.opt_helper:182] 
	         Geometry (au)                                       Gradient (au)
   0.0000000000   0.0000000000   1.8678253316		   0.0000000000   0.0000000000  -0.0665351347
   0.0000000000   0.0000000000  -1.1072647570		   0.0000000000   0.0000000000   0.0665097104

2025-12-23:11:03:13,669 INFO     [psi4.optking.stepAlgorithms:368] 	Current Step Report 
 
	Current energy:      -317.6229783192
	Energy change for the previous step:
		Actual       :        -0.0123688808
		Projected    :        -0.0085469538

2025-12-23:11:03:13,669 INFO     [psi4.optking.stepAlgorithms:371] 	Energy ratio =    1.44717
2025-12-23:11:03:13,670 INFO     [psi4.optking.stepAlgorithms:929] 	Using RFO solution 1.
2025-12-23:11:03:13,670 INFO     [psi4.optking.displace:100] 	Determining Cartesian step for fragment 1.
2025-12-23:11:03:13,670 INFO     [psi4.optking.displace:415] 	Successfully converged to displaced geometry.
2025-12-23:11:03:13,670 INFO     [psi4.optking.displace:416] 	RMS(dx):  0.000e+00 	Max(dx):  0.000e+00 	RMS(dq):  0.000e+00
2025-12-23:11:03:13,670 INFO     [psi4.optking.displace:172] 

	        --- Internal Coordinate Step in ANG or DEG, aJ/ANG or AJ/DEG ---
	-------------------------------------------------------------------------------
	           Coordinate      Previous         Force          Change          New 
	           ----------      --------        ------          ------        ------
	               R(1,2)       1.57435        0.54806        0.03564       1.60999
	-------------------------------------------------------------------------------

2025-12-23:11:03:13,670 INFO     [psi4.optking.stepAlgorithms:113] 	|target step| :    0.0673418330
2025-12-23:11:03:13,670 INFO     [psi4.optking.stepAlgorithms:114] 	gradient     :   -0.0665224225
2025-12-23:11:03:13,670 INFO     [psi4.optking.stepAlgorithms:115] 	hessian      :    0.9833523321
2025-12-23:11:03:13,670 INFO     [psi4.optking.stepAlgorithms:113] 	|target step| :    0.0673418330
2025-12-23:11:03:13,670 INFO     [psi4.optking.stepAlgorithms:114] 	gradient     :   -0.0665224225
2025-12-23:11:03:13,670 INFO     [psi4.optking.stepAlgorithms:115] 	hessian      :    0.9833523321
2025-12-23:11:03:13,670 INFO     [psi4.optking.stepAlgorithms:206] 	Norm of achieved step-size    0.0673418330
2025-12-23:11:03:13,670 INFO     [psi4.optking.stepAlgorithms:208] 	Norm of achieved step-size (cart):    0.0476178668
2025-12-23:11:03:13,670 INFO     [psi4.optking.opt_helper:164] Molsys:

	                            ===> Fragment 1 <== 

	 Z (Atomic Numbers)          Masses                          Geom                  
	       8.000000            15.994915          0.00000000  0.00000000  1.90149625   
	      13.000000            26.981539          0.00000000  0.00000000 -1.14093567   

	 - Coordinate -           - BOHR/RAD -       - ANG/DEG -
	 R(1,2)           =         3.042432           1.609986

2025-12-23:11:03:13,671 INFO     [psi4.optking.convcheck:76] Performing convergence check.
2025-12-23:11:03:13,671 INFO     [psi4.optking.convcheck:282] 
	                                 ==> Convergence Check <==                                  
    
	Measures of convergence in internal coordinates in au.
    
	Criteria marked as inactive (o), active & met (*), and active & unmet ( ).

	----------------------------------------------------------------------------------------------
	   Step    Total Energy     Delta E     Max Force     RMS Force      Max Disp      RMS Disp   
	----------------------------------------------------------------------------------------------
	  Convergence Criteria     1.00e-06 *    3.00e-04 *             o    1.20e-03 *             o
	----------------------------------------------------------------------------------------------
	     5    -317.62297832   -1.24e-02      6.65e-02      6.65e-02 o    6.73e-02      6.73e-02 o  ~
	----------------------------------------------------------------------------------------------


2025-12-23:11:03:13,671 INFO     [psi4.optking.stepAlgorithms:296] 	Convergence check returned False
2025-12-23:11:03:13,681 INFO     [psi4.driver.task_planner:259] PLANNING Atomic:  keywords={'DAMPING_PERCENTAGE': 1.0, 'GEOM_MAXITER': 500, 'SCF__GUESS': 'READ', 'GUESS': 'SAP', 'MAXITER': 500, 'REFERENCE': 'UKS', 'function_kwargs': {}}
2025-12-23:11:03:13,683 INFO     [psi4.driver.driver:638] Compute gradient(): method=b3lyp, basis=cc-pvdz, molecule=default, nre=34.18318065380941
2025-12-23:11:03:14,263 INFO     [psi4.driver.driver:641] Return gradient(): -317.62638333641337
2025-12-23:11:03:14,263 INFO     [psi4.driver.driver:642] [[ 0.00000000  0.00000000 -0.03563823]
 [ 0.00000000  0.00000000  0.03562353]]
2025-12-23:11:03:14,265 INFO     [psi4.optking.history:269] 	Performing BFGS update.
2025-12-23:11:03:14,265 INFO     [psi4.optking.history:280] 	Using 4 previous steps for update.
2025-12-23:11:03:14,265 WARNING  [psi4.optking.history:301] 	Change in internal coordinate of 5.26e-01 exceeds limit of 5.00e-01.
2025-12-23:11:03:14,265 WARNING  [psi4.optking.history:306] 	Skipping Hessian update for step 2.
2025-12-23:11:03:14,265 WARNING  [psi4.optking.history:301] 	Change in internal coordinate of 7.75e-01 exceeds limit of 5.00e-01.
2025-12-23:11:03:14,265 WARNING  [psi4.optking.history:306] 	Skipping Hessian update for step 1.
2025-12-23:11:03:14,265 INFO     [psi4.optking.history:317] 	Steps to be used in Hessian update:  5 4 3

2025-12-23:11:03:14,266 INFO     [psi4.optking.history:418] 	Updated Hessian (in au) 
 	   0.663418

2025-12-23:11:03:14,266 INFO     [psi4.optking.molsys:944] Projected (PHP) Hessian matrix
	   0.663418

2025-12-23:11:03:14,266 INFO     [psi4.optking.opt_helper:182] 
	         Geometry (au)                                       Gradient (au)
   0.0000000000   0.0000000000   1.9101039779		   0.0000000000   0.0000000000  -0.0356382257
   0.0000000000   0.0000000000  -1.1323279437		   0.0000000000   0.0000000000   0.0356235255

2025-12-23:11:03:14,266 INFO     [psi4.optking.stepAlgorithms:368] 	Current Step Report 
 
	Current energy:      -317.6263833364
	Energy change for the previous step:
		Actual       :        -0.0034050172
		Projected    :        -0.0022398709

2025-12-23:11:03:14,266 INFO     [psi4.optking.stepAlgorithms:371] 	Energy ratio =    1.52018
2025-12-23:11:03:14,266 INFO     [psi4.optking.stepAlgorithms:929] 	Using RFO solution 1.
2025-12-23:11:03:14,266 INFO     [psi4.optking.displace:100] 	Determining Cartesian step for fragment 1.
2025-12-23:11:03:14,266 INFO     [psi4.optking.displace:415] 	Successfully converged to displaced geometry.
2025-12-23:11:03:14,266 INFO     [psi4.optking.displace:416] 	RMS(dx):  0.000e+00 	Max(dx):  0.000e+00 	RMS(dq):  0.000e+00
2025-12-23:11:03:14,266 INFO     [psi4.optking.displace:172] 

	        --- Internal Coordinate Step in ANG or DEG, aJ/ANG or AJ/DEG ---
	-------------------------------------------------------------------------------
	           Coordinate      Previous         Force          Change          New 
	           ----------      --------        ------          ------        ------
	               R(1,2)       1.60999        0.29355        0.02834       1.63833
	-------------------------------------------------------------------------------

2025-12-23:11:03:14,266 INFO     [psi4.optking.stepAlgorithms:113] 	|target step| :    0.0535539762
2025-12-23:11:03:14,266 INFO     [psi4.optking.stepAlgorithms:114] 	gradient     :   -0.0356308756
2025-12-23:11:03:14,266 INFO     [psi4.optking.stepAlgorithms:115] 	hessian      :    0.6634182503
2025-12-23:11:03:14,266 INFO     [psi4.optking.stepAlgorithms:113] 	|target step| :    0.0535539762
2025-12-23:11:03:14,266 INFO     [psi4.optking.stepAlgorithms:114] 	gradient     :   -0.0356308756
2025-12-23:11:03:14,266 INFO     [psi4.optking.stepAlgorithms:115] 	hessian      :    0.6634182503
2025-12-23:11:03:14,266 INFO     [psi4.optking.stepAlgorithms:206] 	Norm of achieved step-size    0.0535539762
2025-12-23:11:03:14,266 INFO     [psi4.optking.stepAlgorithms:208] 	Norm of achieved step-size (cart):    0.0378683798
2025-12-23:11:03:14,267 INFO     [psi4.optking.opt_helper:164] Molsys:

	                            ===> Fragment 1 <== 

	 Z (Atomic Numbers)          Masses                          Geom                  
	       8.000000            15.994915          0.00000000  0.00000000  1.93688097   
	      13.000000            26.981539          0.00000000  0.00000000 -1.15910493   

	 - Coordinate -           - BOHR/RAD -       - ANG/DEG -
	 R(1,2)           =         3.095986           1.638325

2025-12-23:11:03:14,267 INFO     [psi4.optking.convcheck:76] Performing convergence check.
2025-12-23:11:03:14,267 INFO     [psi4.optking.convcheck:282] 
	                                 ==> Convergence Check <==                                  
    
	Measures of convergence in internal coordinates in au.
    
	Criteria marked as inactive (o), active & met (*), and active & unmet ( ).

	----------------------------------------------------------------------------------------------
	   Step    Total Energy     Delta E     Max Force     RMS Force      Max Disp      RMS Disp   
	----------------------------------------------------------------------------------------------
	  Convergence Criteria     1.00e-06 *    3.00e-04 *             o    1.20e-03 *             o
	----------------------------------------------------------------------------------------------
	     6    -317.62638334   -3.41e-03      3.56e-02      3.56e-02 o    5.36e-02      5.36e-02 o  ~
	----------------------------------------------------------------------------------------------


2025-12-23:11:03:14,267 INFO     [psi4.optking.stepAlgorithms:296] 	Convergence check returned False
2025-12-23:11:03:14,277 INFO     [psi4.driver.task_planner:259] PLANNING Atomic:  keywords={'DAMPING_PERCENTAGE': 1.0, 'GEOM_MAXITER': 500, 'SCF__GUESS': 'READ', 'GUESS': 'SAP', 'MAXITER': 500, 'REFERENCE': 'UKS', 'function_kwargs': {}}
2025-12-23:11:03:14,278 INFO     [psi4.driver.driver:638] Compute gradient(): method=b3lyp, basis=cc-pvdz, molecule=default, nre=33.591884276744366
2025-12-23:11:03:14,809 INFO     [psi4.driver.driver:641] Return gradient(): -317.62772303307287
2025-12-23:11:03:14,809 INFO     [psi4.driver.driver:642] [[ 0.00000000  0.00000000 -0.01501854]
 [ 0.00000000 -0.00000000  0.01498824]]
2025-12-23:11:03:14,811 INFO     [psi4.optking.history:269] 	Performing BFGS update.
2025-12-23:11:03:14,811 INFO     [psi4.optking.history:280] 	Using 4 previous steps for update.
2025-12-23:11:03:14,811 INFO     [psi4.optking.history:317] 	Steps to be used in Hessian update:  6 5 4 3

2025-12-23:11:03:14,811 INFO     [psi4.optking.history:418] 	Updated Hessian (in au) 
 	   0.623307

2025-12-23:11:03:14,811 INFO     [psi4.optking.molsys:944] Projected (PHP) Hessian matrix
	   0.623307

2025-12-23:11:03:14,811 INFO     [psi4.optking.opt_helper:182] 
	         Geometry (au)                                       Gradient (au)
   0.0000000000   0.0000000000   1.9437263121		   0.0000000000   0.0000000000  -0.0150185411
   0.0000000000   0.0000000000  -1.1522595856		   0.0000000000  -0.0000000000   0.0149882363

2025-12-23:11:03:14,811 INFO     [psi4.optking.stepAlgorithms:368] 	Current Step Report 
 
	Current energy:      -317.6277230331
	Energy change for the previous step:
		Actual       :        -0.0013396967
		Projected    :        -0.0009540875

2025-12-23:11:03:14,811 INFO     [psi4.optking.stepAlgorithms:371] 	Energy ratio =    1.40417
2025-12-23:11:03:14,812 INFO     [psi4.optking.stepAlgorithms:929] 	Using RFO solution 1.
2025-12-23:11:03:14,812 INFO     [psi4.optking.displace:100] 	Determining Cartesian step for fragment 1.
2025-12-23:11:03:14,812 INFO     [psi4.optking.displace:415] 	Successfully converged to displaced geometry.
2025-12-23:11:03:14,812 INFO     [psi4.optking.displace:416] 	RMS(dx):  0.000e+00 	Max(dx):  0.000e+00 	RMS(dq):  0.000e+00
2025-12-23:11:03:14,812 INFO     [psi4.optking.displace:172] 

	        --- Internal Coordinate Step in ANG or DEG, aJ/ANG or AJ/DEG ---
	-------------------------------------------------------------------------------
	           Coordinate      Previous         Force          Change          New 
	           ----------      --------        ------          ------        ------
	               R(1,2)       1.63833        0.12361        0.01273       1.65106
	-------------------------------------------------------------------------------

2025-12-23:11:03:14,812 INFO     [psi4.optking.stepAlgorithms:113] 	|target step| :    0.0240566969
2025-12-23:11:03:14,812 INFO     [psi4.optking.stepAlgorithms:114] 	gradient     :   -0.0150033887
2025-12-23:11:03:14,812 INFO     [psi4.optking.stepAlgorithms:115] 	hessian      :    0.6233069291
2025-12-23:11:03:14,812 INFO     [psi4.optking.stepAlgorithms:113] 	|target step| :    0.0240566969
2025-12-23:11:03:14,812 INFO     [psi4.optking.stepAlgorithms:114] 	gradient     :   -0.0150033887
2025-12-23:11:03:14,812 INFO     [psi4.optking.stepAlgorithms:115] 	hessian      :    0.6233069291
2025-12-23:11:03:14,812 INFO     [psi4.optking.stepAlgorithms:206] 	Norm of achieved step-size    0.0240566969
2025-12-23:11:03:14,812 INFO     [psi4.optking.stepAlgorithms:208] 	Norm of achieved step-size (cart):    0.0170106535
2025-12-23:11:03:14,812 INFO     [psi4.optking.opt_helper:164] Molsys:

	                            ===> Fragment 1 <== 

	 Z (Atomic Numbers)          Masses                          Geom                  
	       8.000000            15.994915          0.00000000  0.00000000  1.95575466   
	      13.000000            26.981539          0.00000000  0.00000000 -1.16428793   

	 - Coordinate -           - BOHR/RAD -       - ANG/DEG -
	 R(1,2)           =         3.120043           1.651055

2025-12-23:11:03:14,813 INFO     [psi4.optking.convcheck:76] Performing convergence check.
2025-12-23:11:03:14,813 INFO     [psi4.optking.convcheck:282] 
	                                 ==> Convergence Check <==                                  
    
	Measures of convergence in internal coordinates in au.
    
	Criteria marked as inactive (o), active & met (*), and active & unmet ( ).

	----------------------------------------------------------------------------------------------
	   Step    Total Energy     Delta E     Max Force     RMS Force      Max Disp      RMS Disp   
	----------------------------------------------------------------------------------------------
	  Convergence Criteria     1.00e-06 *    3.00e-04 *             o    1.20e-03 *             o
	----------------------------------------------------------------------------------------------
	     7    -317.62772303   -1.34e-03      1.50e-02      1.50e-02 o    2.41e-02      2.41e-02 o  ~
	----------------------------------------------------------------------------------------------


2025-12-23:11:03:14,813 INFO     [psi4.optking.stepAlgorithms:296] 	Convergence check returned False
2025-12-23:11:03:14,823 INFO     [psi4.driver.task_planner:259] PLANNING Atomic:  keywords={'DAMPING_PERCENTAGE': 1.0, 'GEOM_MAXITER': 500, 'SCF__GUESS': 'READ', 'GUESS': 'SAP', 'MAXITER': 500, 'REFERENCE': 'UKS', 'function_kwargs': {}}
2025-12-23:11:03:14,824 INFO     [psi4.driver.driver:638] Compute gradient(): method=b3lyp, basis=cc-pvdz, molecule=default, nre=33.3328782682667
2025-12-23:11:03:15,403 INFO     [psi4.driver.driver:641] Return gradient(): -317.6279825933947
2025-12-23:11:03:15,403 INFO     [psi4.driver.driver:642] [[-0.00000000  0.00000000 -0.00677437]
 [-0.00000000 -0.00000000  0.00673447]]
2025-12-23:11:03:15,405 INFO     [psi4.optking.history:269] 	Performing BFGS update.
2025-12-23:11:03:15,405 INFO     [psi4.optking.history:280] 	Using 4 previous steps for update.
2025-12-23:11:03:15,405 INFO     [psi4.optking.history:317] 	Steps to be used in Hessian update:  7 6 5 4

2025-12-23:11:03:15,405 INFO     [psi4.optking.history:418] 	Updated Hessian (in au) 
 	   0.497117

2025-12-23:11:03:15,405 INFO     [psi4.optking.molsys:944] Projected (PHP) Hessian matrix
	   0.497117

2025-12-23:11:03:15,405 INFO     [psi4.optking.opt_helper:182] 
	         Geometry (au)                                       Gradient (au)
   0.0000000000   0.0000000000   1.9588296221		  -0.0000000000   0.0000000000  -0.0067743728
   0.0000000000   0.0000000000  -1.1612129725		  -0.0000000000  -0.0000000000   0.0067344678

2025-12-23:11:03:15,405 INFO     [psi4.optking.stepAlgorithms:368] 	Current Step Report 
 
	Current energy:      -317.6279825934
	Energy change for the previous step:
		Actual       :        -0.0002595603
		Projected    :        -0.0001804660

2025-12-23:11:03:15,405 INFO     [psi4.optking.stepAlgorithms:371] 	Energy ratio =    1.43828
2025-12-23:11:03:15,405 INFO     [psi4.optking.stepAlgorithms:929] 	Using RFO solution 1.
2025-12-23:11:03:15,405 INFO     [psi4.optking.displace:100] 	Determining Cartesian step for fragment 1.
2025-12-23:11:03:15,406 INFO     [psi4.optking.displace:415] 	Successfully converged to displaced geometry.
2025-12-23:11:03:15,406 INFO     [psi4.optking.displace:416] 	RMS(dx):  0.000e+00 	Max(dx):  0.000e+00 	RMS(dq):  0.000e+00
2025-12-23:11:03:15,406 INFO     [psi4.optking.displace:172] 

	        --- Internal Coordinate Step in ANG or DEG, aJ/ANG or AJ/DEG ---
	-------------------------------------------------------------------------------
	           Coordinate      Previous         Force          Change          New 
	           ----------      --------        ------          ------        ------
	               R(1,2)       1.65106        0.05565        0.00719       1.65824
	-------------------------------------------------------------------------------

2025-12-23:11:03:15,406 INFO     [psi4.optking.stepAlgorithms:113] 	|target step| :    0.0135846859
2025-12-23:11:03:15,406 INFO     [psi4.optking.stepAlgorithms:114] 	gradient     :   -0.0067544203
2025-12-23:11:03:15,406 INFO     [psi4.optking.stepAlgorithms:115] 	hessian      :    0.4971166705
2025-12-23:11:03:15,406 INFO     [psi4.optking.stepAlgorithms:113] 	|target step| :    0.0135846859
2025-12-23:11:03:15,406 INFO     [psi4.optking.stepAlgorithms:114] 	gradient     :   -0.0067544203
2025-12-23:11:03:15,406 INFO     [psi4.optking.stepAlgorithms:115] 	hessian      :    0.4971166705
2025-12-23:11:03:15,406 INFO     [psi4.optking.stepAlgorithms:206] 	Norm of achieved step-size    0.0135846859
2025-12-23:11:03:15,406 INFO     [psi4.optking.stepAlgorithms:208] 	Norm of achieved step-size (cart):    0.0096058235
2025-12-23:11:03:15,406 INFO     [psi4.optking.opt_helper:164] Molsys:

	                            ===> Fragment 1 <== 

	 Z (Atomic Numbers)          Masses                          Geom                  
	       8.000000            15.994915          0.00000000  0.00000000  1.96562197   
	      13.000000            26.981539          0.00000000  0.00000000 -1.16800532   

	 - Coordinate -           - BOHR/RAD -       - ANG/DEG -
	 R(1,2)           =         3.133627           1.658244

2025-12-23:11:03:15,406 INFO     [psi4.optking.convcheck:76] Performing convergence check.
2025-12-23:11:03:15,406 INFO     [psi4.optking.convcheck:282] 
	                                 ==> Convergence Check <==                                  
    
	Measures of convergence in internal coordinates in au.
    
	Criteria marked as inactive (o), active & met (*), and active & unmet ( ).

	----------------------------------------------------------------------------------------------
	   Step    Total Energy     Delta E     Max Force     RMS Force      Max Disp      RMS Disp   
	----------------------------------------------------------------------------------------------
	  Convergence Criteria     1.00e-06 *    3.00e-04 *             o    1.20e-03 *             o
	----------------------------------------------------------------------------------------------
	     8    -317.62798259   -2.60e-04      6.75e-03      6.75e-03 o    1.36e-02      1.36e-02 o  ~
	----------------------------------------------------------------------------------------------


2025-12-23:11:03:15,406 INFO     [psi4.optking.stepAlgorithms:296] 	Convergence check returned False
2025-12-23:11:03:15,417 INFO     [psi4.driver.task_planner:259] PLANNING Atomic:  keywords={'DAMPING_PERCENTAGE': 1.0, 'GEOM_MAXITER': 500, 'SCF__GUESS': 'READ', 'GUESS': 'SAP', 'MAXITER': 500, 'REFERENCE': 'UKS', 'function_kwargs': {}}
2025-12-23:11:03:15,418 INFO     [psi4.driver.driver:638] Compute gradient(): method=b3lyp, basis=cc-pvdz, molecule=default, nre=33.188375862347435
2025-12-23:11:03:15,998 INFO     [psi4.driver.driver:641] Return gradient(): -317.6280436990617
2025-12-23:11:03:15,998 INFO     [psi4.driver.driver:642] [[ 0.00000000  0.00000000 -0.00237769]
 [ 0.00000000 -0.00000000  0.00233310]]
2025-12-23:11:03:16,0 INFO     [psi4.optking.history:269] 	Performing BFGS update.
2025-12-23:11:03:16,0 INFO     [psi4.optking.history:280] 	Using 4 previous steps for update.
2025-12-23:11:03:16,0 INFO     [psi4.optking.history:317] 	Steps to be used in Hessian update:  8 7 6 5

2025-12-23:11:03:16,0 INFO     [psi4.optking.history:418] 	Updated Hessian (in au) 
 	   0.404744

2025-12-23:11:03:16,0 INFO     [psi4.optking.molsys:944] Projected (PHP) Hessian matrix
	   0.404744

2025-12-23:11:03:16,0 INFO     [psi4.optking.opt_helper:182] 
	         Geometry (au)                                       Gradient (au)
   0.0000000000   0.0000000000   1.9673583791		   0.0000000000   0.0000000000  -0.0023776943
   0.0000000000   0.0000000000  -1.1662689014		   0.0000000000  -0.0000000000   0.0023331026

2025-12-23:11:03:16,0 INFO     [psi4.optking.stepAlgorithms:368] 	Current Step Report 
 
	Current energy:      -317.6280436991
	Energy change for the previous step:
		Actual       :        -0.0000611057
		Projected    :        -0.0000458783

2025-12-23:11:03:16,0 INFO     [psi4.optking.stepAlgorithms:371] 	Energy ratio =    1.33191
2025-12-23:11:03:16,1 INFO     [psi4.optking.stepAlgorithms:929] 	Using RFO solution 1.
2025-12-23:11:03:16,1 INFO     [psi4.optking.displace:100] 	Determining Cartesian step for fragment 1.
2025-12-23:11:03:16,1 INFO     [psi4.optking.displace:415] 	Successfully converged to displaced geometry.
2025-12-23:11:03:16,1 INFO     [psi4.optking.displace:416] 	RMS(dx):  1.282e-16 	Max(dx):  2.220e-16 	RMS(dq):  4.441e-16
2025-12-23:11:03:16,1 INFO     [psi4.optking.displace:172] 

	        --- Internal Coordinate Step in ANG or DEG, aJ/ANG or AJ/DEG ---
	-------------------------------------------------------------------------------
	           Coordinate      Previous         Force          Change          New 
	           ----------      --------        ------          ------        ------
	               R(1,2)       1.65824        0.01941        0.00308       1.66132
	-------------------------------------------------------------------------------

2025-12-23:11:03:16,1 INFO     [psi4.optking.stepAlgorithms:113] 	|target step| :    0.0058192758
2025-12-23:11:03:16,1 INFO     [psi4.optking.stepAlgorithms:114] 	gradient     :   -0.0023553985
2025-12-23:11:03:16,1 INFO     [psi4.optking.stepAlgorithms:115] 	hessian      :    0.4047442954
2025-12-23:11:03:16,1 INFO     [psi4.optking.stepAlgorithms:113] 	|target step| :    0.0058192758
2025-12-23:11:03:16,1 INFO     [psi4.optking.stepAlgorithms:114] 	gradient     :   -0.0023553985
2025-12-23:11:03:16,1 INFO     [psi4.optking.stepAlgorithms:115] 	hessian      :    0.4047442954
2025-12-23:11:03:16,1 INFO     [psi4.optking.stepAlgorithms:206] 	Norm of achieved step-size    0.0058192758
2025-12-23:11:03:16,1 INFO     [psi4.optking.stepAlgorithms:208] 	Norm of achieved step-size (cart):    0.0041148494
2025-12-23:11:03:16,1 INFO     [psi4.optking.opt_helper:164] Molsys:

	                            ===> Fragment 1 <== 

	 Z (Atomic Numbers)          Masses                          Geom                  
	       8.000000            15.994915          0.00000000  0.00000000  1.97026802   
	      13.000000            26.981539          0.00000000  0.00000000 -1.16917854   

	 - Coordinate -           - BOHR/RAD -       - ANG/DEG -
	 R(1,2)           =         3.139447           1.661324

2025-12-23:11:03:16,1 INFO     [psi4.optking.convcheck:76] Performing convergence check.
2025-12-23:11:03:16,1 INFO     [psi4.optking.convcheck:282] 
	                                 ==> Convergence Check <==                                  
    
	Measures of convergence in internal coordinates in au.
    
	Criteria marked as inactive (o), active & met (*), and active & unmet ( ).

	----------------------------------------------------------------------------------------------
	   Step    Total Energy     Delta E     Max Force     RMS Force      Max Disp      RMS Disp   
	----------------------------------------------------------------------------------------------
	  Convergence Criteria     1.00e-06 *    3.00e-04 *             o    1.20e-03 *             o
	----------------------------------------------------------------------------------------------
	     9    -317.62804370   -6.11e-05      2.36e-03      2.36e-03 o    5.82e-03      5.82e-03 o  ~
	----------------------------------------------------------------------------------------------


2025-12-23:11:03:16,1 INFO     [psi4.optking.stepAlgorithms:296] 	Convergence check returned False
2025-12-23:11:03:16,11 INFO     [psi4.driver.task_planner:259] PLANNING Atomic:  keywords={'DAMPING_PERCENTAGE': 1.0, 'GEOM_MAXITER': 500, 'SCF__GUESS': 'READ', 'GUESS': 'SAP', 'MAXITER': 500, 'REFERENCE': 'UKS', 'function_kwargs': {}}
2025-12-23:11:03:16,12 INFO     [psi4.driver.driver:638] Compute gradient(): method=b3lyp, basis=cc-pvdz, molecule=default, nre=33.12685791328711
2025-12-23:11:03:16,518 INFO     [psi4.driver.driver:641] Return gradient(): -317.62805182273564
2025-12-23:11:03:16,518 INFO     [psi4.driver.driver:642] [[-0.00000000  0.00000000 -0.00054941]
 [ 0.00000000  0.00000000  0.00050310]]
2025-12-23:11:03:16,520 INFO     [psi4.optking.history:269] 	Performing BFGS update.
2025-12-23:11:03:16,520 INFO     [psi4.optking.history:280] 	Using 4 previous steps for update.
2025-12-23:11:03:16,520 INFO     [psi4.optking.history:317] 	Steps to be used in Hessian update:  9 8 7 6

2025-12-23:11:03:16,520 INFO     [psi4.optking.history:418] 	Updated Hessian (in au) 
 	   0.361849

2025-12-23:11:03:16,520 INFO     [psi4.optking.molsys:944] Projected (PHP) Hessian matrix
	   0.361849

2025-12-23:11:03:16,520 INFO     [psi4.optking.opt_helper:182] 
	         Geometry (au)                                       Gradient (au)
   0.0000000000   0.0000000000   1.9710118452		  -0.0000000000   0.0000000000  -0.0005494142
   0.0000000000   0.0000000000  -1.1684347112		   0.0000000000   0.0000000000   0.0005030994

2025-12-23:11:03:16,521 INFO     [psi4.optking.stepAlgorithms:368] 	Current Step Report 
 
	Current energy:      -317.6280518227
	Energy change for the previous step:
		Actual       :        -0.0000081237
		Projected    :        -0.0000068534

2025-12-23:11:03:16,521 INFO     [psi4.optking.stepAlgorithms:371] 	Energy ratio =    1.18536
2025-12-23:11:03:16,521 INFO     [psi4.optking.stepAlgorithms:929] 	Using RFO solution 1.
2025-12-23:11:03:16,521 INFO     [psi4.optking.displace:100] 	Determining Cartesian step for fragment 1.
2025-12-23:11:03:16,521 INFO     [psi4.optking.displace:415] 	Successfully converged to displaced geometry.
2025-12-23:11:03:16,521 INFO     [psi4.optking.displace:416] 	RMS(dx):  0.000e+00 	Max(dx):  0.000e+00 	RMS(dq):  0.000e+00
2025-12-23:11:03:16,521 INFO     [psi4.optking.displace:172] 

	        --- Internal Coordinate Step in ANG or DEG, aJ/ANG or AJ/DEG ---
	-------------------------------------------------------------------------------
	           Coordinate      Previous         Force          Change          New 
	           ----------      --------        ------          ------        ------
	               R(1,2)       1.66132        0.00434        0.00077       1.66209
	-------------------------------------------------------------------------------

2025-12-23:11:03:16,521 INFO     [psi4.optking.stepAlgorithms:113] 	|target step| :    0.0014543529
2025-12-23:11:03:16,521 INFO     [psi4.optking.stepAlgorithms:114] 	gradient     :   -0.0005262568
2025-12-23:11:03:16,521 INFO     [psi4.optking.stepAlgorithms:115] 	hessian      :    0.3618486925
2025-12-23:11:03:16,521 INFO     [psi4.optking.stepAlgorithms:113] 	|target step| :    0.0014543529
2025-12-23:11:03:16,521 INFO     [psi4.optking.stepAlgorithms:114] 	gradient     :   -0.0005262568
2025-12-23:11:03:16,521 INFO     [psi4.optking.stepAlgorithms:115] 	hessian      :    0.3618486925
2025-12-23:11:03:16,521 INFO     [psi4.optking.stepAlgorithms:206] 	Norm of achieved step-size    0.0014543529
2025-12-23:11:03:16,521 INFO     [psi4.optking.stepAlgorithms:208] 	Norm of achieved step-size (cart):    0.0010283828
2025-12-23:11:03:16,521 INFO     [psi4.optking.opt_helper:164] Molsys:

	                            ===> Fragment 1 <== 

	 Z (Atomic Numbers)          Masses                          Geom                  
	       8.000000            15.994915          0.00000000  0.00000000  1.97173902   
	      13.000000            26.981539          0.00000000  0.00000000 -1.16916189   

	 - Coordinate -           - BOHR/RAD -       - ANG/DEG -
	 R(1,2)           =         3.140901           1.662093

2025-12-23:11:03:16,522 INFO     [psi4.optking.convcheck:76] Performing convergence check.
2025-12-23:11:03:16,522 INFO     [psi4.optking.convcheck:282] 
	                                 ==> Convergence Check <==                                  
    
	Measures of convergence in internal coordinates in au.
    
	Criteria marked as inactive (o), active & met (*), and active & unmet ( ).

	----------------------------------------------------------------------------------------------
	   Step    Total Energy     Delta E     Max Force     RMS Force      Max Disp      RMS Disp   
	----------------------------------------------------------------------------------------------
	  Convergence Criteria     1.00e-06 *    3.00e-04 *             o    1.20e-03 *             o
	----------------------------------------------------------------------------------------------
	    10    -317.62805182   -8.12e-06      5.26e-04      5.26e-04 o    1.45e-03      1.45e-03 o  ~
	----------------------------------------------------------------------------------------------


2025-12-23:11:03:16,522 INFO     [psi4.optking.stepAlgorithms:296] 	Convergence check returned False
2025-12-23:11:03:16,533 INFO     [psi4.driver.task_planner:259] PLANNING Atomic:  keywords={'DAMPING_PERCENTAGE': 1.0, 'GEOM_MAXITER': 500, 'SCF__GUESS': 'READ', 'GUESS': 'SAP', 'MAXITER': 500, 'REFERENCE': 'UKS', 'function_kwargs': {}}
2025-12-23:11:03:16,534 INFO     [psi4.driver.driver:638] Compute gradient(): method=b3lyp, basis=cc-pvdz, molecule=default, nre=33.11151895711859
2025-12-23:11:03:17,61 INFO     [psi4.driver.driver:641] Return gradient(): -317.6280521983801
2025-12-23:11:03:17,61 INFO     [psi4.driver.driver:642] [[ 0.00000000  0.00000000 -0.00009757]
 [ 0.00000000 -0.00000000  0.00005085]]
2025-12-23:11:03:17,63 INFO     [psi4.optking.history:269] 	Performing BFGS update.
2025-12-23:11:03:17,63 INFO     [psi4.optking.history:280] 	Using 4 previous steps for update.
2025-12-23:11:03:17,63 INFO     [psi4.optking.history:317] 	Steps to be used in Hessian update:  10 9 8 7

2025-12-23:11:03:17,63 INFO     [psi4.optking.history:418] 	Updated Hessian (in au) 
 	   0.332387

2025-12-23:11:03:17,63 INFO     [psi4.optking.molsys:944] Projected (PHP) Hessian matrix
	   0.332387

2025-12-23:11:03:17,64 INFO     [psi4.optking.opt_helper:182] 
	         Geometry (au)                                       Gradient (au)
   0.0000000000   0.0000000000   1.9719249192		   0.0000000000   0.0000000000  -0.0000975675
   0.0000000000   0.0000000000  -1.1689759901		   0.0000000000  -0.0000000000   0.0000508525

2025-12-23:11:03:17,64 INFO     [psi4.optking.stepAlgorithms:368] 	Current Step Report 
 
	Current energy:      -317.6280521984
	Energy change for the previous step:
		Actual       :        -0.0000003756
		Projected    :        -0.0000003827

2025-12-23:11:03:17,64 INFO     [psi4.optking.stepAlgorithms:371] 	Energy ratio =    0.98161
2025-12-23:11:03:17,64 INFO     [psi4.optking.stepAlgorithms:929] 	Using RFO solution 1.
2025-12-23:11:03:17,64 INFO     [psi4.optking.displace:100] 	Determining Cartesian step for fragment 1.
2025-12-23:11:03:17,64 INFO     [psi4.optking.displace:415] 	Successfully converged to displaced geometry.
2025-12-23:11:03:17,64 INFO     [psi4.optking.displace:416] 	RMS(dx):  0.000e+00 	Max(dx):  0.000e+00 	RMS(dq):  0.000e+00
2025-12-23:11:03:17,64 INFO     [psi4.optking.displace:172] 

	        --- Internal Coordinate Step in ANG or DEG, aJ/ANG or AJ/DEG ---
	-------------------------------------------------------------------------------
	           Coordinate      Previous         Force          Change          New 
	           ----------      --------        ------          ------        ------
	               R(1,2)       1.66209        0.00061        0.00012       1.66221
	-------------------------------------------------------------------------------

2025-12-23:11:03:17,64 INFO     [psi4.optking.stepAlgorithms:113] 	|target step| :    0.0002232636
2025-12-23:11:03:17,64 INFO     [psi4.optking.stepAlgorithms:114] 	gradient     :   -0.0000742100
2025-12-23:11:03:17,64 INFO     [psi4.optking.stepAlgorithms:115] 	hessian      :    0.3323872844
2025-12-23:11:03:17,64 INFO     [psi4.optking.stepAlgorithms:113] 	|target step| :    0.0002232636
2025-12-23:11:03:17,64 INFO     [psi4.optking.stepAlgorithms:114] 	gradient     :   -0.0000742100
2025-12-23:11:03:17,64 INFO     [psi4.optking.stepAlgorithms:115] 	hessian      :    0.3323872844
2025-12-23:11:03:17,64 INFO     [psi4.optking.stepAlgorithms:206] 	Norm of achieved step-size    0.0002232636
2025-12-23:11:03:17,64 INFO     [psi4.optking.stepAlgorithms:208] 	Norm of achieved step-size (cart):    0.0001578712
2025-12-23:11:03:17,64 INFO     [psi4.optking.opt_helper:164] Molsys:

	                            ===> Fragment 1 <== 

	 Z (Atomic Numbers)          Masses                          Geom                  
	       8.000000            15.994915          0.00000000  0.00000000  1.97203655   
	      13.000000            26.981539          0.00000000  0.00000000 -1.16908762   

	 - Coordinate -           - BOHR/RAD -       - ANG/DEG -
	 R(1,2)           =         3.141124           1.662211

2025-12-23:11:03:17,65 INFO     [psi4.optking.convcheck:76] Performing convergence check.
2025-12-23:11:03:17,65 INFO     [psi4.optking.convcheck:282] 
	                                 ==> Convergence Check <==                                  
    
	Measures of convergence in internal coordinates in au.
    
	Criteria marked as inactive (o), active & met (*), and active & unmet ( ).

	----------------------------------------------------------------------------------------------
	   Step    Total Energy     Delta E     Max Force     RMS Force      Max Disp      RMS Disp   
	----------------------------------------------------------------------------------------------
	  Convergence Criteria     1.00e-06 *    3.00e-04 *             o    1.20e-03 *             o
	----------------------------------------------------------------------------------------------
	    11    -317.62805220   -3.76e-07 *    7.42e-05 *    7.42e-05 o    2.23e-04 *    2.23e-04 o  ~
	----------------------------------------------------------------------------------------------


2025-12-23:11:03:17,65 INFO     [psi4.optking.convcheck:206] 
	                      ===> Final Convergence Report <===                     

	----------------------------------------------------------------------------
	|   Required Criteria    |  One or More Criteria  |   Alternate Criteria   |
	----------------------------------------------------------------------------
	| [x]     max_force      | [x]       max_DE       |                        |
	|                        | [x]      max_disp      |                        |
	----------------------------------------------------------------------------


2025-12-23:11:03:17,65 INFO     [psi4.optking.stepAlgorithms:296] 	Convergence check returned True
2025-12-23:11:03:17,65 INFO     [psi4.optking.optimize:332] 	Converged in 11 steps!
2025-12-23:11:03:17,65 INFO     [psi4.optking.optimize:333] 	Final energy is   -317.6280521983801
2025-12-23:11:03:17,65 INFO     [psi4.optking.optimize:334] 	Final structure (Angstroms): 
	Fragment 1 (Ang)

	    O   0.0000000000   0.0000000000   1.0435568014
	   Al   0.0000000000   0.0000000000  -0.6186545268


2025-12-23:11:03:17,65 INFO     [psi4.optking.optimize:562] 	Optimization Finished

	==> Optimization Summary <==

        
	Measures of convergence in internal coordinates in au. (Any backward steps not shown.)
        
	---------------------------------------------------------------------------------------------------------------  ~
        
	 Step         Total Energy             Delta E       MAX Force       RMS Force        MAX Disp        RMS Disp   ~
        
	---------------------------------------------------------------------------------------------------------------  ~
        
	     1    -317.314580168583   -317.314580168583      1.11067426      1.11067426      0.24909269      0.24909269  ~
	     2    -317.509448770169     -0.194868601586      0.51721841      0.51721841      0.20772578      0.20772578  ~
	     3    -317.586234191468     -0.076785421300      0.24655947      0.24655947      0.12820252      0.12820252  ~
	     4    -317.610609438411     -0.024375246943      0.13965869      0.13965869      0.12239774      0.12239774  ~
	     5    -317.622978319223     -0.012368880812      0.06652242      0.06652242      0.06734183      0.06734183  ~
	     6    -317.626383336413     -0.003405017191      0.03563088      0.03563088      0.05355398      0.05355398  ~
	     7    -317.627723033073     -0.001339696659      0.01500339      0.01500339      0.02405670      0.02405670  ~
	     8    -317.627982593395     -0.000259560322      0.00675442      0.00675442      0.01358469      0.01358469  ~
	     9    -317.628043699062     -0.000061105667      0.00235540      0.00235540      0.00581928      0.00581928  ~
	    10    -317.628051822736     -0.000008123674      0.00052626      0.00052626      0.00145435      0.00145435  ~
	    11    -317.628052198380     -0.000000375644      0.00007421      0.00007421      0.00022326      0.00022326  ~
	----------------------------------------------------------------------------------------------------------------


2025-12-23:11:03:17,65 INFO     [psi4.optking.optimize:806] Preparing OptimizationResult
