2025-12-23:10:59:31,761 WARNING  [psi4.optking:38] Some dependencies such as QCElemental have not yet finished migration to pydantic v2. If issues are encountered please downgrade pydantic or upgrade QCElemental as appropriate
2025-12-23:10:59:31,923 INFO     [psi4.optking.optwrapper:234] Creating a UserComputer
2025-12-23:10:59:31,924 INFO     [psi4.optking.optwrapper:242] 
    			-----------------------------------------

    			 OPTKING 3.0: for geometry optimizations 

    			     By R.A. King, Bethel University     

    			        with contributions from          

    			    A.V. Copan, J. Cayton, A. Heide      

    			-----------------------------------------

    
2025-12-23:10:59:31,924 INFO     [psi4.optking.optwrapper:272] 
		 -- Optimization Parameters --
	GEOM_MAXITER                   =             500
	ALG_GEOM_MAXITER               =              50
	PRINT                          =               1
	OPT_TYPE                       =             MIN
	STEP_TYPE                      =             RFO
	PROGRAM                        =            PSI4
	STEEPEST_DESCENT_TYPE          =         OVERLAP
	CONJUGATE_GRADIENT_TYPE        =        FLETCHER
	OPT_COORDINATES                =        INTERNAL
	RFO_FOLLOW_ROOT                =           False
	RFO_ROOT                       =               0
	ACCEPT_SYMMETRY_BREAKING       =           False
	DYNAMIC_LVL                    =               0
	DYNAMIC_LVL_MAX                =               0
	IRC_STEP_SIZE                  =             0.2
	IRC_DIRECTION                  =         FORWARD
	IRC_POINTS                     =              20
	IRC_MODE                       =          NORMAL
	IRC_CONVERGENCE                =            -0.7
	INTRAFRAG_STEP_LIMIT           =             0.5
	INTRAFRAG_STEP_LIMIT_MIN       =           0.001
	INTRAFRAG_STEP_LIMIT_MAX       =             1.0
	INTERFRAG_STEP_LIMIT           =             0.5
	INTERFRAG_STEP_LIMIT_MIN       =           0.001
	INTERFRAG_STEP_LIMIT_MAX       =             1.0
	ENSURE_BT_CONVERGENCE          =           False
	SIMPLE_STEP_SCALING            =           False
	CONSECUTIVE_BACKSTEPS          =               0
	RFO_NORMALIZATION_MAX          =             100
	RSRFO_ALPHA_MAX                =     100000000.0
	PRINT_TRAJECTORY_XYZ_FILE      =           False
	WRITE_TRAJECTORY               =           False
	FROZEN_DISTANCE                =                
	FROZEN_BEND                    =                
	FROZEN_DIHEDRAL                =                
	FROZEN_OOFP                    =                
	FROZEN_CARTESIAN               =                
	FREEZE_ALL_DIHEDRALS           =           False
	UNFREEZE_DIHEDRALS             =                
	RANGED_DISTANCE                =                
	RANGED_BEND                    =                
	RANGED_DIHEDRAL                =                
	RANGED_OOFP                    =                
	RANGED_CARTESIAN               =                
	EXT_FORCE_DISTANCE             =                
	EXT_FORCE_BEND                 =                
	EXT_FORCE_DIHEDRAL             =                
	EXT_FORCE_OOFP                 =                
	EXT_FORCE_CARTESIAN            =                
	G_CONVERGENCE                  =           QCHEM
	MAX_FORCE_G_CONVERGENCE        =          0.0003
	RMS_FORCE_G_CONVERGENCE        =          0.0003
	MAX_ENERGY_G_CONVERGENCE       =           1e-06
	MAX_DISP_G_CONVERGENCE         =          0.0012
	RMS_DISP_G_CONVERGENCE         =          0.0012
	FLEXIBLE_G_CONVERGENCE         =           False
	HESS_UPDATE                    =            BFGS
	HESS_UPDATE_USE_LAST           =               4
	HESS_UPDATE_LIMIT              =            True
	HESS_UPDATE_LIMIT_MAX          =             1.0
	HESS_UPDATE_LIMIT_SCALE        =             0.5
	HESS_UPDATE_DEN_TOL            =           1e-07
	HESS_UPDATE_DQ_TOL             =             0.5
	CART_HESS_READ                 =           False
	HESSIAN_FILE                   =               .
	FULL_HESS_EVERY                =              -1
	INTRAFRAG_HESS                 =        SCHLEGEL
	H_GUESS_EVERY                  =           False
	BT_MAX_ITER                    =              25
	BT_DX_CONV                     =           1e-07
	BT_DX_RMS_CHANGE_CONV          =           1e-12
	BT_PINV_RCOND                  =           1e-06
	FRAG_MODE                      =          SINGLE
	FRAG_REF_ATOMS                 =              []
	FREEZE_INTRAFRAG               =           False
	INTERFRAG_MODE                 =           FIXED
	ADD_AUXILIARY_BONDS            =           False
	AUXILIARY_BOND_FACTOR          =             2.5
	INTERFRAG_DIST_INV             =           False
	INTERFRAG_COLLINEAR_TOL        =            0.01
	INTERFRAG_COORDS               =              []
	INTERFRAG_HESS                 =         DEFAULT
	COVALENT_CONNECT               =             1.3
	INTERFRAGMENT_CONNECT          =             1.8
	H_BOND_CONNECT                 =             4.3
	INCLUDE_OOFP                   =           False
	TEST_B                         =           False
	TEST_DERIVATIVE_B              =           False
	LINESEARCH_STEP                =             0.1
	LINESEARCH                     =           False
	SD_HESSIAN                     =             1.0
	FIX_VAL_NEAR_PI                =            1.57
	V3D_TORS_ANGLE_LIM             =           0.017
	V3D_TORS_COS_TOL               =           1e-10
	LINEAR_BEND_THRESHOLD          =            3.05
	SMALL_BEND_FIX_THRESHOLD       =            0.35
	REDUNDANT_EVAL_TOL             =           1e-10
	LINEAR_ALGEBRA_TOL             =           1e-10


2025-12-23:10:59:32,64 INFO     [psi4.optking.opt_helper:164] Molsys:

	                            ===> Fragment 1 <== 

	 Z (Atomic Numbers)          Masses                          Geom                  
	       7.000000            14.003074          0.00000000  0.00000000  1.51125474   
	      14.000000            27.976927          0.00000000  0.00000000 -0.75641661   

	 - Coordinate -           - BOHR/RAD -       - ANG/DEG -
	 R(1,2)           =         2.267671           1.200000

2025-12-23:10:59:32,75 INFO     [psi4.driver.task_planner:259] PLANNING Atomic:  keywords={'DAMPING_PERCENTAGE': 1.0, 'GEOM_MAXITER': 500, 'GUESS': 'SAP', 'MAXITER': 500, 'REFERENCE': 'UKS', 'function_kwargs': {}}
2025-12-23:10:59:32,76 INFO     [psi4.driver.driver:638] Compute gradient(): method=b3lyp, basis=cc-pvdz, molecule=default, nre=43.216138871383336
2025-12-23:10:59:32,640 INFO     [psi4.driver.driver:641] Return gradient(): -343.6395191136335
2025-12-23:10:59:32,641 INFO     [psi4.driver.driver:642] [[ 0.00000000 -0.00000000 -1.01748604]
 [-0.00000000  0.00000000  1.01745110]]
2025-12-23:10:59:32,642 INFO     [psi4.optking.molsys:944] Projected (PHP) Hessian matrix
	   4.182219

2025-12-23:10:59:32,642 INFO     [psi4.optking.opt_helper:182] 
	         Geometry (au)                                       Gradient (au)
   0.0000000000   0.0000000000   1.5112547395		   0.0000000000  -0.0000000000  -1.0174860357
   0.0000000000   0.0000000000  -0.7564166110		  -0.0000000000   0.0000000000   1.0174510994

2025-12-23:10:59:32,643 INFO     [psi4.optking.stepAlgorithms:929] 	Using RFO solution 1.
2025-12-23:10:59:32,643 INFO     [psi4.optking.displace:100] 	Determining Cartesian step for fragment 1.
2025-12-23:10:59:32,643 INFO     [psi4.optking.displace:415] 	Successfully converged to displaced geometry.
2025-12-23:10:59:32,643 INFO     [psi4.optking.displace:416] 	RMS(dx):  0.000e+00 	Max(dx):  0.000e+00 	RMS(dq):  0.000e+00
2025-12-23:10:59:32,643 INFO     [psi4.optking.displace:172] 

	        --- Internal Coordinate Step in ANG or DEG, aJ/ANG or AJ/DEG ---
	-------------------------------------------------------------------------------
	           Coordinate      Previous         Force          Change          New 
	           ----------      --------        ------          ------        ------
	               R(1,2)       1.20000        8.38264        0.12191       1.32191
	-------------------------------------------------------------------------------

2025-12-23:10:59:32,643 INFO     [psi4.optking.stepAlgorithms:113] 	|target step| :    0.2303728998
2025-12-23:10:59:32,643 INFO     [psi4.optking.stepAlgorithms:114] 	gradient     :   -1.0174685675
2025-12-23:10:59:32,643 INFO     [psi4.optking.stepAlgorithms:115] 	hessian      :    4.1822185214
2025-12-23:10:59:32,643 INFO     [psi4.optking.stepAlgorithms:113] 	|target step| :    0.2303728998
2025-12-23:10:59:32,643 INFO     [psi4.optking.stepAlgorithms:114] 	gradient     :   -1.0174685675
2025-12-23:10:59:32,643 INFO     [psi4.optking.stepAlgorithms:115] 	hessian      :    4.1822185214
2025-12-23:10:59:32,643 INFO     [psi4.optking.stepAlgorithms:206] 	Norm of achieved step-size    0.2303728998
2025-12-23:10:59:32,643 INFO     [psi4.optking.stepAlgorithms:208] 	Norm of achieved step-size (cart):    0.1628982397
2025-12-23:10:59:32,644 INFO     [psi4.optking.opt_helper:164] Molsys:

	                            ===> Fragment 1 <== 

	 Z (Atomic Numbers)          Masses                          Geom                  
	       7.000000            14.003074          0.00000000  0.00000000  1.62644119   
	      14.000000            27.976927          0.00000000  0.00000000 -0.87160306   

	 - Coordinate -           - BOHR/RAD -       - ANG/DEG -
	 R(1,2)           =         2.498044           1.321908

2025-12-23:10:59:32,644 INFO     [psi4.optking.convcheck:76] Performing convergence check.
2025-12-23:10:59:32,644 INFO     [psi4.optking.convcheck:282] 
	                                 ==> Convergence Check <==                                  
    
	Measures of convergence in internal coordinates in au.
    
	Criteria marked as inactive (o), active & met (*), and active & unmet ( ).

	----------------------------------------------------------------------------------------------~
	   Step    Total Energy     Delta E     Max Force     RMS Force      Max Disp      RMS Disp   ~
	----------------------------------------------------------------------------------------------~
	  Convergence Criteria     1.00e-06 *    3.00e-04 *             o    1.20e-03 *             o~
	----------------------------------------------------------------------------------------------~
	     1    -343.63951911   -3.44e+02      1.02e+00      1.02e+00 o    2.30e-01      2.30e-01 o  ~
	----------------------------------------------------------------------------------------------


2025-12-23:10:59:32,644 INFO     [psi4.optking.stepAlgorithms:296] 	Convergence check returned False
2025-12-23:10:59:32,654 INFO     [psi4.driver.task_planner:259] PLANNING Atomic:  keywords={'DAMPING_PERCENTAGE': 1.0, 'GEOM_MAXITER': 500, 'SCF__GUESS': 'READ', 'GUESS': 'SAP', 'MAXITER': 500, 'REFERENCE': 'UKS', 'function_kwargs': {}}
2025-12-23:10:59:32,655 INFO     [psi4.driver.driver:638] Compute gradient(): method=b3lyp, basis=cc-pvdz, molecule=default, nre=39.230690163113415
2025-12-23:10:59:33,163 INFO     [psi4.driver.driver:641] Return gradient(): -343.80697989245766
2025-12-23:10:59:33,163 INFO     [psi4.driver.driver:642] [[-0.00000000 -0.00000000 -0.48630339]
 [ 0.00000000 -0.00000000  0.48629565]]
2025-12-23:10:59:33,164 INFO     [psi4.optking.history:269] 	Performing BFGS update.
2025-12-23:10:59:33,164 INFO     [psi4.optking.history:280] 	Using 1 previous steps for update.
2025-12-23:10:59:33,165 INFO     [psi4.optking.history:317] 	Steps to be used in Hessian update:  1

2025-12-23:10:59:33,165 INFO     [psi4.optking.history:418] 	Updated Hessian (in au) 
 	   2.305692

2025-12-23:10:59:33,165 INFO     [psi4.optking.molsys:944] Projected (PHP) Hessian matrix
	   2.305692

2025-12-23:10:59:33,165 INFO     [psi4.optking.opt_helper:182] 
	         Geometry (au)                                       Gradient (au)
   0.0000000000   0.0000000000   1.6647832200		  -0.0000000000  -0.0000000000  -0.4863033920
   0.0000000000   0.0000000000  -0.8332610304		   0.0000000000  -0.0000000000   0.4862956464

2025-12-23:10:59:33,165 INFO     [psi4.optking.stepAlgorithms:368] 	Current Step Report 
 
	Current energy:      -343.8069798925
	Energy change for the previous step:
		Actual       :        -0.1674607788
		Projected    :        -0.1171985922

2025-12-23:10:59:33,165 INFO     [psi4.optking.stepAlgorithms:371] 	Energy ratio =    1.42886
2025-12-23:10:59:33,165 INFO     [psi4.optking.stepAlgorithms:399] 	Energy ratio indicates good step.
2025-12-23:10:59:33,165 INFO     [psi4.optking.stepAlgorithms:400] 	Intrafrag trust radius increased to      1.
2025-12-23:10:59:33,165 INFO     [psi4.optking.stepAlgorithms:929] 	Using RFO solution 1.
2025-12-23:10:59:33,165 INFO     [psi4.optking.displace:100] 	Determining Cartesian step for fragment 1.
2025-12-23:10:59:33,165 INFO     [psi4.optking.displace:415] 	Successfully converged to displaced geometry.
2025-12-23:10:59:33,165 INFO     [psi4.optking.displace:416] 	RMS(dx):  1.282e-16 	Max(dx):  2.220e-16 	RMS(dq):  4.441e-16
2025-12-23:10:59:33,166 INFO     [psi4.optking.displace:172] 

	        --- Internal Coordinate Step in ANG or DEG, aJ/ANG or AJ/DEG ---
	-------------------------------------------------------------------------------
	           Coordinate      Previous         Force          Change          New 
	           ----------      --------        ------          ------        ------
	               R(1,2)       1.32191        4.00649        0.10704       1.42895
	-------------------------------------------------------------------------------

2025-12-23:10:59:33,166 INFO     [psi4.optking.stepAlgorithms:113] 	|target step| :    0.2022824149
2025-12-23:10:59:33,166 INFO     [psi4.optking.stepAlgorithms:114] 	gradient     :   -0.4862995192
2025-12-23:10:59:33,166 INFO     [psi4.optking.stepAlgorithms:115] 	hessian      :    2.3056924175
2025-12-23:10:59:33,166 INFO     [psi4.optking.stepAlgorithms:113] 	|target step| :    0.2022824149
2025-12-23:10:59:33,166 INFO     [psi4.optking.stepAlgorithms:114] 	gradient     :   -0.4862995192
2025-12-23:10:59:33,166 INFO     [psi4.optking.stepAlgorithms:115] 	hessian      :    2.3056924175
2025-12-23:10:59:33,166 INFO     [psi4.optking.stepAlgorithms:206] 	Norm of achieved step-size    0.2022824149
2025-12-23:10:59:33,166 INFO     [psi4.optking.stepAlgorithms:208] 	Norm of achieved step-size (cart):    0.1430352673
2025-12-23:10:59:33,166 INFO     [psi4.optking.opt_helper:164] Molsys:

	                            ===> Fragment 1 <== 

	 Z (Atomic Numbers)          Masses                          Geom                  
	       7.000000            14.003074          0.00000000  0.00000000  1.76592443   
	      14.000000            27.976927          0.00000000  0.00000000 -0.93440224   

	 - Coordinate -           - BOHR/RAD -       - ANG/DEG -
	 R(1,2)           =         2.700327           1.428951

2025-12-23:10:59:33,166 INFO     [psi4.optking.convcheck:76] Performing convergence check.
2025-12-23:10:59:33,166 INFO     [psi4.optking.convcheck:282] 
	                                 ==> Convergence Check <==                                  
    
	Measures of convergence in internal coordinates in au.
    
	Criteria marked as inactive (o), active & met (*), and active & unmet ( ).

	----------------------------------------------------------------------------------------------
	   Step    Total Energy     Delta E     Max Force     RMS Force      Max Disp      RMS Disp   
	----------------------------------------------------------------------------------------------
	  Convergence Criteria     1.00e-06 *    3.00e-04 *             o    1.20e-03 *             o
	----------------------------------------------------------------------------------------------
	     2    -343.80697989   -1.67e-01      4.86e-01      4.86e-01 o    2.02e-01      2.02e-01 o  ~
	----------------------------------------------------------------------------------------------


2025-12-23:10:59:33,166 INFO     [psi4.optking.stepAlgorithms:296] 	Convergence check returned False
2025-12-23:10:59:33,176 INFO     [psi4.driver.task_planner:259] PLANNING Atomic:  keywords={'DAMPING_PERCENTAGE': 1.0, 'GEOM_MAXITER': 500, 'SCF__GUESS': 'READ', 'GUESS': 'SAP', 'MAXITER': 500, 'REFERENCE': 'UKS', 'function_kwargs': {}}
2025-12-23:10:59:33,178 INFO     [psi4.driver.driver:638] Compute gradient(): method=b3lyp, basis=cc-pvdz, molecule=default, nre=36.29190544258421
2025-12-23:10:59:33,771 INFO     [psi4.driver.driver:641] Return gradient(): -343.9481994412424
2025-12-23:10:59:33,771 INFO     [psi4.driver.driver:642] [[ 0.00000000  0.00000000 -0.36188650]
 [ 0.00000000  0.00000000  0.36187042]]
2025-12-23:10:59:33,773 INFO     [psi4.optking.history:269] 	Performing BFGS update.
2025-12-23:10:59:33,773 INFO     [psi4.optking.history:280] 	Using 2 previous steps for update.
2025-12-23:10:59:33,773 INFO     [psi4.optking.history:317] 	Steps to be used in Hessian update:  2 1

2025-12-23:10:59:33,773 INFO     [psi4.optking.history:418] 	Updated Hessian (in au) 
 	   1.515271

2025-12-23:10:59:33,773 INFO     [psi4.optking.molsys:944] Projected (PHP) Hessian matrix
	   1.515271

2025-12-23:10:59:33,773 INFO     [psi4.optking.opt_helper:182] 
	         Geometry (au)                                       Gradient (au)
   0.0000000000   0.0000000000   1.7995912283		   0.0000000000   0.0000000000  -0.3618865006
   0.0000000000   0.0000000000  -0.9007354370		   0.0000000000   0.0000000000   0.3618704217

2025-12-23:10:59:33,773 INFO     [psi4.optking.stepAlgorithms:368] 	Current Step Report 
 
	Current energy:      -343.9481994412
	Energy change for the previous step:
		Actual       :        -0.1412195488
		Projected    :        -0.0491849206

2025-12-23:10:59:33,773 INFO     [psi4.optking.stepAlgorithms:371] 	Energy ratio =    2.87120
2025-12-23:10:59:33,773 INFO     [psi4.optking.stepAlgorithms:929] 	Using RFO solution 1.
2025-12-23:10:59:33,773 INFO     [psi4.optking.displace:100] 	Determining Cartesian step for fragment 1.
2025-12-23:10:59:33,774 INFO     [psi4.optking.displace:415] 	Successfully converged to displaced geometry.
2025-12-23:10:59:33,774 INFO     [psi4.optking.displace:416] 	RMS(dx):  0.000e+00 	Max(dx):  0.000e+00 	RMS(dq):  0.000e+00
2025-12-23:10:59:33,774 INFO     [psi4.optking.displace:172] 

	        --- Internal Coordinate Step in ANG or DEG, aJ/ANG or AJ/DEG ---
	-------------------------------------------------------------------------------
	           Coordinate      Previous         Force          Change          New 
	           ----------      --------        ------          ------        ------
	               R(1,2)       1.42895        2.98142        0.11989       1.54884
	-------------------------------------------------------------------------------

2025-12-23:10:59:33,774 INFO     [psi4.optking.stepAlgorithms:113] 	|target step| :    0.2265621546
2025-12-23:10:59:33,774 INFO     [psi4.optking.stepAlgorithms:114] 	gradient     :   -0.3618784612
2025-12-23:10:59:33,774 INFO     [psi4.optking.stepAlgorithms:115] 	hessian      :    1.5152711271
2025-12-23:10:59:33,774 INFO     [psi4.optking.stepAlgorithms:113] 	|target step| :    0.2265621546
2025-12-23:10:59:33,774 INFO     [psi4.optking.stepAlgorithms:114] 	gradient     :   -0.3618784612
2025-12-23:10:59:33,774 INFO     [psi4.optking.stepAlgorithms:115] 	hessian      :    1.5152711271
2025-12-23:10:59:33,774 INFO     [psi4.optking.stepAlgorithms:206] 	Norm of achieved step-size    0.2265621546
2025-12-23:10:59:33,774 INFO     [psi4.optking.stepAlgorithms:208] 	Norm of achieved step-size (cart):    0.1602036359
2025-12-23:10:59:33,774 INFO     [psi4.optking.opt_helper:164] Molsys:

	                            ===> Fragment 1 <== 

	 Z (Atomic Numbers)          Masses                          Geom                  
	       7.000000            14.003074          0.00000000  0.00000000  1.91287231   
	      14.000000            27.976927          0.00000000  0.00000000 -1.01401651   

	 - Coordinate -           - BOHR/RAD -       - ANG/DEG -
	 R(1,2)           =         2.926889           1.548843

2025-12-23:10:59:33,774 INFO     [psi4.optking.convcheck:76] Performing convergence check.
2025-12-23:10:59:33,774 INFO     [psi4.optking.convcheck:282] 
	                                 ==> Convergence Check <==                                  
    
	Measures of convergence in internal coordinates in au.
    
	Criteria marked as inactive (o), active & met (*), and active & unmet ( ).

	----------------------------------------------------------------------------------------------
	   Step    Total Energy     Delta E     Max Force     RMS Force      Max Disp      RMS Disp   
	----------------------------------------------------------------------------------------------
	  Convergence Criteria     1.00e-06 *    3.00e-04 *             o    1.20e-03 *             o
	----------------------------------------------------------------------------------------------
	     3    -343.94819944   -1.41e-01      3.62e-01      3.62e-01 o    2.27e-01      2.27e-01 o  ~
	----------------------------------------------------------------------------------------------


2025-12-23:10:59:33,774 INFO     [psi4.optking.stepAlgorithms:296] 	Convergence check returned False
2025-12-23:10:59:33,785 INFO     [psi4.driver.task_planner:259] PLANNING Atomic:  keywords={'DAMPING_PERCENTAGE': 1.0, 'GEOM_MAXITER': 500, 'SCF__GUESS': 'READ', 'GUESS': 'SAP', 'MAXITER': 500, 'REFERENCE': 'UKS', 'function_kwargs': {}}
2025-12-23:10:59:33,786 INFO     [psi4.driver.driver:638] Compute gradient(): method=b3lyp, basis=cc-pvdz, molecule=default, nre=33.48265206836919
2025-12-23:10:59:34,323 INFO     [psi4.driver.driver:641] Return gradient(): -344.0064918901587
2025-12-23:10:59:34,323 INFO     [psi4.driver.driver:642] [[ 0.00000000  0.00000000 -0.17044190]
 [ 0.00000000  0.00000000  0.17042419]]
2025-12-23:10:59:34,325 INFO     [psi4.optking.history:269] 	Performing BFGS update.
2025-12-23:10:59:34,325 INFO     [psi4.optking.history:280] 	Using 3 previous steps for update.
2025-12-23:10:59:34,325 WARNING  [psi4.optking.history:301] 	Change in internal coordinate of 6.59e-01 exceeds limit of 5.00e-01.
2025-12-23:10:59:34,325 WARNING  [psi4.optking.history:306] 	Skipping Hessian update for step 1.
2025-12-23:10:59:34,325 INFO     [psi4.optking.history:317] 	Steps to be used in Hessian update:  3 2

2025-12-23:10:59:34,325 INFO     [psi4.optking.history:418] 	Updated Hessian (in au) 
 	   0.736552

2025-12-23:10:59:34,325 INFO     [psi4.optking.molsys:944] Projected (PHP) Hessian matrix
	   0.736552

2025-12-23:10:59:34,325 INFO     [psi4.optking.opt_helper:182] 
	         Geometry (au)                                       Gradient (au)
   0.0000000000   0.0000000000   1.9505800962		   0.0000000000   0.0000000000  -0.1704419014
   0.0000000000   0.0000000000  -0.9763087237		   0.0000000000   0.0000000000   0.1704241940

2025-12-23:10:59:34,325 INFO     [psi4.optking.stepAlgorithms:368] 	Current Step Report 
 
	Current energy:      -344.0064918902
	Energy change for the previous step:
		Actual       :        -0.0582924489
		Projected    :        -0.0409939819

2025-12-23:10:59:34,325 INFO     [psi4.optking.stepAlgorithms:371] 	Energy ratio =    1.42198
2025-12-23:10:59:34,325 INFO     [psi4.optking.stepAlgorithms:929] 	Using RFO solution 1.
2025-12-23:10:59:34,325 INFO     [psi4.optking.displace:100] 	Determining Cartesian step for fragment 1.
2025-12-23:10:59:34,326 INFO     [psi4.optking.displace:415] 	Successfully converged to displaced geometry.
2025-12-23:10:59:34,326 INFO     [psi4.optking.displace:416] 	RMS(dx):  0.000e+00 	Max(dx):  0.000e+00 	RMS(dq):  0.000e+00
2025-12-23:10:59:34,326 INFO     [psi4.optking.displace:172] 

	        --- Internal Coordinate Step in ANG or DEG, aJ/ANG or AJ/DEG ---
	-------------------------------------------------------------------------------
	           Coordinate      Previous         Force          Change          New 
	           ----------      --------        ------          ------        ------
	               R(1,2)       1.54884        1.40415        0.11651       1.66535
	-------------------------------------------------------------------------------

2025-12-23:10:59:34,326 INFO     [psi4.optking.stepAlgorithms:113] 	|target step| :    0.2201756752
2025-12-23:10:59:34,326 INFO     [psi4.optking.stepAlgorithms:114] 	gradient     :   -0.1704330477
2025-12-23:10:59:34,326 INFO     [psi4.optking.stepAlgorithms:115] 	hessian      :    0.7365523408
2025-12-23:10:59:34,326 INFO     [psi4.optking.stepAlgorithms:113] 	|target step| :    0.2201756752
2025-12-23:10:59:34,326 INFO     [psi4.optking.stepAlgorithms:114] 	gradient     :   -0.1704330477
2025-12-23:10:59:34,326 INFO     [psi4.optking.stepAlgorithms:115] 	hessian      :    0.7365523408
2025-12-23:10:59:34,326 INFO     [psi4.optking.stepAlgorithms:206] 	Norm of achieved step-size    0.2201756752
2025-12-23:10:59:34,326 INFO     [psi4.optking.stepAlgorithms:208] 	Norm of achieved step-size (cart):    0.1556877130
2025-12-23:10:59:34,326 INFO     [psi4.optking.opt_helper:164] Molsys:

	                            ===> Fragment 1 <== 

	 Z (Atomic Numbers)          Masses                          Geom                  
	       7.000000            14.003074          0.00000000  0.00000000  2.06066793   
	      14.000000            27.976927          0.00000000  0.00000000 -1.08639656   

	 - Coordinate -           - BOHR/RAD -       - ANG/DEG -
	 R(1,2)           =         3.147064           1.665355

2025-12-23:10:59:34,326 INFO     [psi4.optking.convcheck:76] Performing convergence check.
2025-12-23:10:59:34,326 INFO     [psi4.optking.convcheck:282] 
	                                 ==> Convergence Check <==                                  
    
	Measures of convergence in internal coordinates in au.
    
	Criteria marked as inactive (o), active & met (*), and active & unmet ( ).

	----------------------------------------------------------------------------------------------
	   Step    Total Energy     Delta E     Max Force     RMS Force      Max Disp      RMS Disp   
	----------------------------------------------------------------------------------------------
	  Convergence Criteria     1.00e-06 *    3.00e-04 *             o    1.20e-03 *             o
	----------------------------------------------------------------------------------------------
	     4    -344.00649189   -5.83e-02      1.70e-01      1.70e-01 o    2.20e-01      2.20e-01 o  ~
	----------------------------------------------------------------------------------------------


2025-12-23:10:59:34,326 INFO     [psi4.optking.stepAlgorithms:296] 	Convergence check returned False
2025-12-23:10:59:34,337 INFO     [psi4.driver.task_planner:259] PLANNING Atomic:  keywords={'DAMPING_PERCENTAGE': 1.0, 'GEOM_MAXITER': 500, 'SCF__GUESS': 'READ', 'GUESS': 'SAP', 'MAXITER': 500, 'REFERENCE': 'UKS', 'function_kwargs': {}}
2025-12-23:10:59:34,338 INFO     [psi4.driver.driver:638] Compute gradient(): method=b3lyp, basis=cc-pvdz, molecule=default, nre=31.140130795841824
2025-12-23:10:59:34,892 INFO     [psi4.driver.driver:641] Return gradient(): -344.03119765981296
2025-12-23:10:59:34,893 INFO     [psi4.driver.driver:642] [[-0.00000000  0.00000000 -0.06385682]
 [ 0.00000000  0.00000000  0.06383700]]
2025-12-23:10:59:34,894 INFO     [psi4.optking.history:269] 	Performing BFGS update.
2025-12-23:10:59:34,894 INFO     [psi4.optking.history:280] 	Using 4 previous steps for update.
2025-12-23:10:59:34,894 WARNING  [psi4.optking.history:301] 	Change in internal coordinate of 6.49e-01 exceeds limit of 5.00e-01.
2025-12-23:10:59:34,894 WARNING  [psi4.optking.history:306] 	Skipping Hessian update for step 2.
2025-12-23:10:59:34,894 WARNING  [psi4.optking.history:301] 	Change in internal coordinate of 8.79e-01 exceeds limit of 5.00e-01.
2025-12-23:10:59:34,894 WARNING  [psi4.optking.history:306] 	Skipping Hessian update for step 1.
2025-12-23:10:59:34,894 INFO     [psi4.optking.history:317] 	Steps to be used in Hessian update:  4 3

2025-12-23:10:59:34,894 INFO     [psi4.optking.history:418] 	Updated Hessian (in au) 
 	   0.667129

2025-12-23:10:59:34,895 INFO     [psi4.optking.molsys:944] Projected (PHP) Hessian matrix
	   0.667129

2025-12-23:10:59:34,895 INFO     [psi4.optking.opt_helper:182] 
	         Geometry (au)                                       Gradient (au)
   0.0000000000   0.0000000000   2.0973127930		  -0.0000000000   0.0000000000  -0.0638568160
   0.0000000000   0.0000000000  -1.0497517021		   0.0000000000   0.0000000000   0.0638369974

2025-12-23:10:59:34,895 INFO     [psi4.optking.stepAlgorithms:368] 	Current Step Report 
 
	Current energy:      -344.0311976598
	Energy change for the previous step:
		Actual       :        -0.0247057697
		Projected    :        -0.0187626057

2025-12-23:10:59:34,895 INFO     [psi4.optking.stepAlgorithms:371] 	Energy ratio =    1.31676
2025-12-23:10:59:34,895 INFO     [psi4.optking.stepAlgorithms:929] 	Using RFO solution 1.
2025-12-23:10:59:34,895 INFO     [psi4.optking.displace:100] 	Determining Cartesian step for fragment 1.
2025-12-23:10:59:34,895 INFO     [psi4.optking.displace:415] 	Successfully converged to displaced geometry.
2025-12-23:10:59:34,895 INFO     [psi4.optking.displace:416] 	RMS(dx):  0.000e+00 	Max(dx):  0.000e+00 	RMS(dq):  0.000e+00
2025-12-23:10:59:34,895 INFO     [psi4.optking.displace:172] 

	        --- Internal Coordinate Step in ANG or DEG, aJ/ANG or AJ/DEG ---
	-------------------------------------------------------------------------------
	           Coordinate      Previous         Force          Change          New 
	           ----------      --------        ------          ------        ------
	               R(1,2)       1.66535        0.52602        0.05019       1.71554
	-------------------------------------------------------------------------------

2025-12-23:10:59:34,895 INFO     [psi4.optking.stepAlgorithms:113] 	|target step| :    0.0948431760
2025-12-23:10:59:34,895 INFO     [psi4.optking.stepAlgorithms:114] 	gradient     :   -0.0638469067
2025-12-23:10:59:34,895 INFO     [psi4.optking.stepAlgorithms:115] 	hessian      :    0.6671285362
2025-12-23:10:59:34,895 INFO     [psi4.optking.stepAlgorithms:113] 	|target step| :    0.0948431760
2025-12-23:10:59:34,895 INFO     [psi4.optking.stepAlgorithms:114] 	gradient     :   -0.0638469067
2025-12-23:10:59:34,895 INFO     [psi4.optking.stepAlgorithms:115] 	hessian      :    0.6671285362
2025-12-23:10:59:34,895 INFO     [psi4.optking.stepAlgorithms:206] 	Norm of achieved step-size    0.0948431760
2025-12-23:10:59:34,895 INFO     [psi4.optking.stepAlgorithms:208] 	Norm of achieved step-size (cart):    0.0670642529
2025-12-23:10:59:34,895 INFO     [psi4.optking.opt_helper:164] Molsys:

	                            ===> Fragment 1 <== 

	 Z (Atomic Numbers)          Masses                          Geom                  
	       7.000000            14.003074          0.00000000  0.00000000  2.14473438   
	      14.000000            27.976927          0.00000000  0.00000000 -1.09717329   

	 - Coordinate -           - BOHR/RAD -       - ANG/DEG -
	 R(1,2)           =         3.241908           1.715544

2025-12-23:10:59:34,896 INFO     [psi4.optking.convcheck:76] Performing convergence check.
2025-12-23:10:59:34,896 INFO     [psi4.optking.convcheck:282] 
	                                 ==> Convergence Check <==                                  
    
	Measures of convergence in internal coordinates in au.
    
	Criteria marked as inactive (o), active & met (*), and active & unmet ( ).

	----------------------------------------------------------------------------------------------
	   Step    Total Energy     Delta E     Max Force     RMS Force      Max Disp      RMS Disp   
	----------------------------------------------------------------------------------------------
	  Convergence Criteria     1.00e-06 *    3.00e-04 *             o    1.20e-03 *             o
	----------------------------------------------------------------------------------------------
	     5    -344.03119766   -2.47e-02      6.38e-02      6.38e-02 o    9.48e-02      9.48e-02 o  ~
	----------------------------------------------------------------------------------------------


2025-12-23:10:59:34,896 INFO     [psi4.optking.stepAlgorithms:296] 	Convergence check returned False
2025-12-23:10:59:34,907 INFO     [psi4.driver.task_planner:259] PLANNING Atomic:  keywords={'DAMPING_PERCENTAGE': 1.0, 'GEOM_MAXITER': 500, 'SCF__GUESS': 'READ', 'GUESS': 'SAP', 'MAXITER': 500, 'REFERENCE': 'UKS', 'function_kwargs': {}}
2025-12-23:10:59:34,908 INFO     [psi4.driver.driver:638] Compute gradient(): method=b3lyp, basis=cc-pvdz, molecule=default, nre=30.22911505873441
2025-12-23:10:59:35,486 INFO     [psi4.driver.driver:641] Return gradient(): -344.0357566856927
2025-12-23:10:59:35,487 INFO     [psi4.driver.driver:642] [[-0.00000000  0.00000000 -0.03357204]
 [-0.00000000 -0.00000000  0.03355267]]
2025-12-23:10:59:35,488 INFO     [psi4.optking.history:269] 	Performing BFGS update.
2025-12-23:10:59:35,488 INFO     [psi4.optking.history:280] 	Using 4 previous steps for update.
2025-12-23:10:59:35,489 WARNING  [psi4.optking.history:301] 	Change in internal coordinate of 5.42e-01 exceeds limit of 5.00e-01.
2025-12-23:10:59:35,489 WARNING  [psi4.optking.history:306] 	Skipping Hessian update for step 3.
2025-12-23:10:59:35,489 WARNING  [psi4.optking.history:301] 	Change in internal coordinate of 7.44e-01 exceeds limit of 5.00e-01.
2025-12-23:10:59:35,489 WARNING  [psi4.optking.history:306] 	Skipping Hessian update for step 2.
2025-12-23:10:59:35,489 WARNING  [psi4.optking.history:301] 	Change in internal coordinate of 9.74e-01 exceeds limit of 5.00e-01.
2025-12-23:10:59:35,489 WARNING  [psi4.optking.history:306] 	Skipping Hessian update for step 1.
2025-12-23:10:59:35,489 INFO     [psi4.optking.history:317] 	Steps to be used in Hessian update:  5 4

2025-12-23:10:59:35,489 INFO     [psi4.optking.history:418] 	Updated Hessian (in au) 
 	   0.434484

2025-12-23:10:59:35,489 INFO     [psi4.optking.molsys:944] Projected (PHP) Hessian matrix
	   0.434484

2025-12-23:10:59:35,489 INFO     [psi4.optking.opt_helper:182] 
	         Geometry (au)                                       Gradient (au)
   0.0000000000   0.0000000000   2.1605195708		  -0.0000000000   0.0000000000  -0.0335720436
   0.0000000000   0.0000000000  -1.0813881003		  -0.0000000000  -0.0000000000   0.0335526658

2025-12-23:10:59:35,489 INFO     [psi4.optking.stepAlgorithms:368] 	Current Step Report 
 
	Current energy:      -344.0357566857
	Energy change for the previous step:
		Actual       :        -0.0045590259
		Projected    :        -0.0030277217

2025-12-23:10:59:35,489 INFO     [psi4.optking.stepAlgorithms:371] 	Energy ratio =    1.50576
2025-12-23:10:59:35,489 INFO     [psi4.optking.stepAlgorithms:929] 	Using RFO solution 1.
2025-12-23:10:59:35,489 INFO     [psi4.optking.displace:100] 	Determining Cartesian step for fragment 1.
2025-12-23:10:59:35,490 INFO     [psi4.optking.displace:415] 	Successfully converged to displaced geometry.
2025-12-23:10:59:35,490 INFO     [psi4.optking.displace:416] 	RMS(dx):  0.000e+00 	Max(dx):  0.000e+00 	RMS(dq):  0.000e+00
2025-12-23:10:59:35,490 INFO     [psi4.optking.displace:172] 

	        --- Internal Coordinate Step in ANG or DEG, aJ/ANG or AJ/DEG ---
	-------------------------------------------------------------------------------
	           Coordinate      Previous         Force          Change          New 
	           ----------      --------        ------          ------        ------
	               R(1,2)       1.71554        0.27651        0.04064       1.75618
	-------------------------------------------------------------------------------

2025-12-23:10:59:35,490 INFO     [psi4.optking.stepAlgorithms:113] 	|target step| :    0.0767909342
2025-12-23:10:59:35,490 INFO     [psi4.optking.stepAlgorithms:114] 	gradient     :   -0.0335623547
2025-12-23:10:59:35,490 INFO     [psi4.optking.stepAlgorithms:115] 	hessian      :    0.4344841347
2025-12-23:10:59:35,490 INFO     [psi4.optking.stepAlgorithms:113] 	|target step| :    0.0767909342
2025-12-23:10:59:35,490 INFO     [psi4.optking.stepAlgorithms:114] 	gradient     :   -0.0335623547
2025-12-23:10:59:35,490 INFO     [psi4.optking.stepAlgorithms:115] 	hessian      :    0.4344841347
2025-12-23:10:59:35,490 INFO     [psi4.optking.stepAlgorithms:206] 	Norm of achieved step-size    0.0767909342
2025-12-23:10:59:35,490 INFO     [psi4.optking.stepAlgorithms:208] 	Norm of achieved step-size (cart):    0.0542993903
2025-12-23:10:59:35,490 INFO     [psi4.optking.opt_helper:164] Molsys:

	                            ===> Fragment 1 <== 

	 Z (Atomic Numbers)          Masses                          Geom                  
	       7.000000            14.003074          0.00000000  0.00000000  2.19891504   
	      14.000000            27.976927          0.00000000  0.00000000 -1.11978357   

	 - Coordinate -           - BOHR/RAD -       - ANG/DEG -
	 R(1,2)           =         3.318699           1.756180

2025-12-23:10:59:35,490 INFO     [psi4.optking.convcheck:76] Performing convergence check.
2025-12-23:10:59:35,490 INFO     [psi4.optking.convcheck:282] 
	                                 ==> Convergence Check <==                                  
    
	Measures of convergence in internal coordinates in au.
    
	Criteria marked as inactive (o), active & met (*), and active & unmet ( ).

	----------------------------------------------------------------------------------------------
	   Step    Total Energy     Delta E     Max Force     RMS Force      Max Disp      RMS Disp   
	----------------------------------------------------------------------------------------------
	  Convergence Criteria     1.00e-06 *    3.00e-04 *             o    1.20e-03 *             o
	----------------------------------------------------------------------------------------------
	     6    -344.03575669   -4.56e-03      3.36e-02      3.36e-02 o    7.68e-02      7.68e-02 o  ~
	----------------------------------------------------------------------------------------------


2025-12-23:10:59:35,490 INFO     [psi4.optking.stepAlgorithms:296] 	Convergence check returned False
2025-12-23:10:59:35,502 INFO     [psi4.driver.task_planner:259] PLANNING Atomic:  keywords={'DAMPING_PERCENTAGE': 1.0, 'GEOM_MAXITER': 500, 'SCF__GUESS': 'READ', 'GUESS': 'SAP', 'MAXITER': 500, 'REFERENCE': 'UKS', 'function_kwargs': {}}
2025-12-23:10:59:35,504 INFO     [psi4.driver.driver:638] Compute gradient(): method=b3lyp, basis=cc-pvdz, molecule=default, nre=29.529647507927585
2025-12-23:10:59:36,86 INFO     [psi4.driver.driver:641] Return gradient(): -344.0375597740537
2025-12-23:10:59:36,87 INFO     [psi4.driver.driver:642] [[ 0.00000000 -0.00000000 -0.01409648]
 [-0.00000000  0.00000000  0.01407512]]
2025-12-23:10:59:36,88 INFO     [psi4.optking.history:269] 	Performing BFGS update.
2025-12-23:10:59:36,88 INFO     [psi4.optking.history:280] 	Using 4 previous steps for update.
2025-12-23:10:59:36,89 WARNING  [psi4.optking.history:301] 	Change in internal coordinate of 6.18e-01 exceeds limit of 5.00e-01.
2025-12-23:10:59:36,89 WARNING  [psi4.optking.history:306] 	Skipping Hessian update for step 3.
2025-12-23:10:59:36,89 WARNING  [psi4.optking.history:301] 	Change in internal coordinate of 8.21e-01 exceeds limit of 5.00e-01.
2025-12-23:10:59:36,89 WARNING  [psi4.optking.history:306] 	Skipping Hessian update for step 2.
2025-12-23:10:59:36,89 WARNING  [psi4.optking.history:301] 	Change in internal coordinate of 1.05e+00 exceeds limit of 5.00e-01.
2025-12-23:10:59:36,89 WARNING  [psi4.optking.history:306] 	Skipping Hessian update for step 1.
2025-12-23:10:59:36,89 INFO     [psi4.optking.history:317] 	Steps to be used in Hessian update:  6 5 4

2025-12-23:10:59:36,89 INFO     [psi4.optking.history:418] 	Updated Hessian (in au) 
 	   0.399039

2025-12-23:10:59:36,89 INFO     [psi4.optking.molsys:944] Projected (PHP) Hessian matrix
	   0.399039

2025-12-23:10:59:36,89 INFO     [psi4.optking.opt_helper:182] 
	         Geometry (au)                                       Gradient (au)
   0.0000000000   0.0000000000   2.2116957094		   0.0000000000  -0.0000000000  -0.0140964809
   0.0000000000   0.0000000000  -1.1070028959		  -0.0000000000   0.0000000000   0.0140751249

2025-12-23:10:59:36,89 INFO     [psi4.optking.stepAlgorithms:368] 	Current Step Report 
 
	Current energy:      -344.0375597741
	Energy change for the previous step:
		Actual       :        -0.0018030884
		Projected    :        -0.0012886423

2025-12-23:10:59:36,89 INFO     [psi4.optking.stepAlgorithms:371] 	Energy ratio =    1.39922
2025-12-23:10:59:36,89 INFO     [psi4.optking.stepAlgorithms:929] 	Using RFO solution 1.
2025-12-23:10:59:36,89 INFO     [psi4.optking.displace:100] 	Determining Cartesian step for fragment 1.
2025-12-23:10:59:36,90 INFO     [psi4.optking.displace:415] 	Successfully converged to displaced geometry.
2025-12-23:10:59:36,90 INFO     [psi4.optking.displace:416] 	RMS(dx):  0.000e+00 	Max(dx):  0.000e+00 	RMS(dq):  0.000e+00
2025-12-23:10:59:36,90 INFO     [psi4.optking.displace:172] 

	        --- Internal Coordinate Step in ANG or DEG, aJ/ANG or AJ/DEG ---
	-------------------------------------------------------------------------------
	           Coordinate      Previous         Force          Change          New 
	           ----------      --------        ------          ------        ------
	               R(1,2)       1.75618        0.11605        0.01866       1.77484
	-------------------------------------------------------------------------------

2025-12-23:10:59:36,90 INFO     [psi4.optking.stepAlgorithms:113] 	|target step| :    0.0352554701
2025-12-23:10:59:36,90 INFO     [psi4.optking.stepAlgorithms:114] 	gradient     :   -0.0140858029
2025-12-23:10:59:36,90 INFO     [psi4.optking.stepAlgorithms:115] 	hessian      :    0.3990386423
2025-12-23:10:59:36,90 INFO     [psi4.optking.stepAlgorithms:113] 	|target step| :    0.0352554701
2025-12-23:10:59:36,90 INFO     [psi4.optking.stepAlgorithms:114] 	gradient     :   -0.0140858029
2025-12-23:10:59:36,90 INFO     [psi4.optking.stepAlgorithms:115] 	hessian      :    0.3990386423
2025-12-23:10:59:36,90 INFO     [psi4.optking.stepAlgorithms:206] 	Norm of achieved step-size    0.0352554701
2025-12-23:10:59:36,90 INFO     [psi4.optking.stepAlgorithms:208] 	Norm of achieved step-size (cart):    0.0249293820
2025-12-23:10:59:36,90 INFO     [psi4.optking.opt_helper:164] Molsys:

	                            ===> Fragment 1 <== 

	 Z (Atomic Numbers)          Masses                          Geom                  
	       7.000000            14.003074          0.00000000  0.00000000  2.22932344   
	      14.000000            27.976927          0.00000000  0.00000000 -1.12463063   

	 - Coordinate -           - BOHR/RAD -       - ANG/DEG -
	 R(1,2)           =         3.353954           1.774836

2025-12-23:10:59:36,90 INFO     [psi4.optking.convcheck:76] Performing convergence check.
2025-12-23:10:59:36,90 INFO     [psi4.optking.convcheck:282] 
	                                 ==> Convergence Check <==                                  
    
	Measures of convergence in internal coordinates in au.
    
	Criteria marked as inactive (o), active & met (*), and active & unmet ( ).

	----------------------------------------------------------------------------------------------
	   Step    Total Energy     Delta E     Max Force     RMS Force      Max Disp      RMS Disp   
	----------------------------------------------------------------------------------------------
	  Convergence Criteria     1.00e-06 *    3.00e-04 *             o    1.20e-03 *             o
	----------------------------------------------------------------------------------------------
	     7    -344.03755977   -1.80e-03      1.41e-02      1.41e-02 o    3.53e-02      3.53e-02 o  ~
	----------------------------------------------------------------------------------------------


2025-12-23:10:59:36,90 INFO     [psi4.optking.stepAlgorithms:296] 	Convergence check returned False
2025-12-23:10:59:36,101 INFO     [psi4.driver.task_planner:259] PLANNING Atomic:  keywords={'DAMPING_PERCENTAGE': 1.0, 'GEOM_MAXITER': 500, 'SCF__GUESS': 'READ', 'GUESS': 'SAP', 'MAXITER': 500, 'REFERENCE': 'UKS', 'function_kwargs': {}}
2025-12-23:10:59:36,102 INFO     [psi4.driver.driver:638] Compute gradient(): method=b3lyp, basis=cc-pvdz, molecule=default, nre=29.219243255897894
2025-12-23:10:59:36,685 INFO     [psi4.driver.driver:641] Return gradient(): -344.0379191563305
2025-12-23:10:59:36,685 INFO     [psi4.driver.driver:642] [[ 0.00000000  0.00000000 -0.00643845]
 [ 0.00000000  0.00000000  0.00641949]]
2025-12-23:10:59:36,686 INFO     [psi4.optking.history:269] 	Performing BFGS update.
2025-12-23:10:59:36,686 INFO     [psi4.optking.history:280] 	Using 4 previous steps for update.
2025-12-23:10:59:36,686 INFO     [psi4.optking.history:317] 	Steps to be used in Hessian update:  7 6 5 4

2025-12-23:10:59:36,687 INFO     [psi4.optking.history:418] 	Updated Hessian (in au) 
 	   0.384026

2025-12-23:10:59:36,687 INFO     [psi4.optking.molsys:944] Projected (PHP) Hessian matrix
	   0.384026

2025-12-23:10:59:36,687 INFO     [psi4.optking.opt_helper:182] 
	         Geometry (au)                                       Gradient (au)
   0.0000000000   0.0000000000   2.2351911759		   0.0000000000   0.0000000000  -0.0064384542
   0.0000000000   0.0000000000  -1.1187628995		   0.0000000000   0.0000000000   0.0064194858

2025-12-23:10:59:36,687 INFO     [psi4.optking.stepAlgorithms:368] 	Current Step Report 
 
	Current energy:      -344.0379191563
	Energy change for the previous step:
		Actual       :        -0.0003593823
		Projected    :        -0.0002483008

2025-12-23:10:59:36,687 INFO     [psi4.optking.stepAlgorithms:371] 	Energy ratio =    1.44737
2025-12-23:10:59:36,687 INFO     [psi4.optking.stepAlgorithms:929] 	Using RFO solution 1.
2025-12-23:10:59:36,687 INFO     [psi4.optking.displace:100] 	Determining Cartesian step for fragment 1.
2025-12-23:10:59:36,687 INFO     [psi4.optking.displace:415] 	Successfully converged to displaced geometry.
2025-12-23:10:59:36,687 INFO     [psi4.optking.displace:416] 	RMS(dx):  0.000e+00 	Max(dx):  0.000e+00 	RMS(dq):  0.000e+00
2025-12-23:10:59:36,687 INFO     [psi4.optking.displace:172] 

	        --- Internal Coordinate Step in ANG or DEG, aJ/ANG or AJ/DEG ---
	-------------------------------------------------------------------------------
	           Coordinate      Previous         Force          Change          New 
	           ----------      --------        ------          ------        ------
	               R(1,2)       1.77484        0.05297        0.00886       1.78369
	-------------------------------------------------------------------------------

2025-12-23:10:59:36,687 INFO     [psi4.optking.stepAlgorithms:113] 	|target step| :    0.0167362953
2025-12-23:10:59:36,687 INFO     [psi4.optking.stepAlgorithms:114] 	gradient     :   -0.0064289700
2025-12-23:10:59:36,687 INFO     [psi4.optking.stepAlgorithms:115] 	hessian      :    0.3840258029
2025-12-23:10:59:36,687 INFO     [psi4.optking.stepAlgorithms:113] 	|target step| :    0.0167362953
2025-12-23:10:59:36,687 INFO     [psi4.optking.stepAlgorithms:114] 	gradient     :   -0.0064289700
2025-12-23:10:59:36,687 INFO     [psi4.optking.stepAlgorithms:115] 	hessian      :    0.3840258029
2025-12-23:10:59:36,687 INFO     [psi4.optking.stepAlgorithms:206] 	Norm of achieved step-size    0.0167362953
2025-12-23:10:59:36,687 INFO     [psi4.optking.stepAlgorithms:208] 	Norm of achieved step-size (cart):    0.0118343479
2025-12-23:10:59:36,688 INFO     [psi4.optking.opt_helper:164] Molsys:

	                            ===> Fragment 1 <== 

	 Z (Atomic Numbers)          Masses                          Geom                  
	       7.000000            14.003074          0.00000000  0.00000000  2.24355932   
	      14.000000            27.976927          0.00000000  0.00000000 -1.12713105   

	 - Coordinate -           - BOHR/RAD -       - ANG/DEG -
	 R(1,2)           =         3.370690           1.783693

2025-12-23:10:59:36,688 INFO     [psi4.optking.convcheck:76] Performing convergence check.
2025-12-23:10:59:36,688 INFO     [psi4.optking.convcheck:282] 
	                                 ==> Convergence Check <==                                  
    
	Measures of convergence in internal coordinates in au.
    
	Criteria marked as inactive (o), active & met (*), and active & unmet ( ).

	----------------------------------------------------------------------------------------------
	   Step    Total Energy     Delta E     Max Force     RMS Force      Max Disp      RMS Disp   
	----------------------------------------------------------------------------------------------
	  Convergence Criteria     1.00e-06 *    3.00e-04 *             o    1.20e-03 *             o
	----------------------------------------------------------------------------------------------
	     8    -344.03791916   -3.59e-04      6.43e-03      6.43e-03 o    1.67e-02      1.67e-02 o  ~
	----------------------------------------------------------------------------------------------


2025-12-23:10:59:36,688 INFO     [psi4.optking.stepAlgorithms:296] 	Convergence check returned False
2025-12-23:10:59:36,698 INFO     [psi4.driver.task_planner:259] PLANNING Atomic:  keywords={'DAMPING_PERCENTAGE': 1.0, 'GEOM_MAXITER': 500, 'SCF__GUESS': 'READ', 'GUESS': 'SAP', 'MAXITER': 500, 'REFERENCE': 'UKS', 'function_kwargs': {}}
2025-12-23:10:59:36,699 INFO     [psi4.driver.driver:638] Compute gradient(): method=b3lyp, basis=cc-pvdz, molecule=default, nre=29.07416262571484
2025-12-23:10:59:37,252 INFO     [psi4.driver.driver:641] Return gradient(): -344.0379982479074
2025-12-23:10:59:37,252 INFO     [psi4.driver.driver:642] [[-0.00000000 -0.00000000 -0.00305959]
 [ 0.00000000  0.00000000  0.00304186]]
2025-12-23:10:59:37,254 INFO     [psi4.optking.history:269] 	Performing BFGS update.
2025-12-23:10:59:37,254 INFO     [psi4.optking.history:280] 	Using 4 previous steps for update.
2025-12-23:10:59:37,254 INFO     [psi4.optking.history:317] 	Steps to be used in Hessian update:  8 7 6 5

2025-12-23:10:59:37,254 INFO     [psi4.optking.history:418] 	Updated Hessian (in au) 
 	   0.271866

2025-12-23:10:59:37,254 INFO     [psi4.optking.molsys:944] Projected (PHP) Hessian matrix
	   0.271866

2025-12-23:10:59:37,255 INFO     [psi4.optking.opt_helper:182] 
	         Geometry (au)                                       Gradient (au)
   0.0000000000   0.0000000000   2.2463448228		  -0.0000000000  -0.0000000000  -0.0030595939
   0.0000000000   0.0000000000  -1.1243455479		   0.0000000000   0.0000000000   0.0030418640

2025-12-23:10:59:37,255 INFO     [psi4.optking.stepAlgorithms:368] 	Current Step Report 
 
	Current energy:      -344.0379982479
	Energy change for the previous step:
		Actual       :        -0.0000790916
		Projected    :        -0.0000537986

2025-12-23:10:59:37,255 INFO     [psi4.optking.stepAlgorithms:371] 	Energy ratio =    1.47014
2025-12-23:10:59:37,255 INFO     [psi4.optking.stepAlgorithms:929] 	Using RFO solution 1.
2025-12-23:10:59:37,255 INFO     [psi4.optking.displace:100] 	Determining Cartesian step for fragment 1.
2025-12-23:10:59:37,255 INFO     [psi4.optking.displace:415] 	Successfully converged to displaced geometry.
2025-12-23:10:59:37,255 INFO     [psi4.optking.displace:416] 	RMS(dx):  0.000e+00 	Max(dx):  0.000e+00 	RMS(dq):  0.000e+00
2025-12-23:10:59:37,255 INFO     [psi4.optking.displace:172] 

	        --- Internal Coordinate Step in ANG or DEG, aJ/ANG or AJ/DEG ---
	-------------------------------------------------------------------------------
	           Coordinate      Previous         Force          Change          New 
	           ----------      --------        ------          ------        ------
	               R(1,2)       1.78369        0.02513        0.00594       1.78963
	-------------------------------------------------------------------------------

2025-12-23:10:59:37,255 INFO     [psi4.optking.stepAlgorithms:113] 	|target step| :    0.0112200483
2025-12-23:10:59:37,255 INFO     [psi4.optking.stepAlgorithms:114] 	gradient     :   -0.0030507289
2025-12-23:10:59:37,255 INFO     [psi4.optking.stepAlgorithms:115] 	hessian      :    0.2718655771
2025-12-23:10:59:37,255 INFO     [psi4.optking.stepAlgorithms:113] 	|target step| :    0.0112200483
2025-12-23:10:59:37,255 INFO     [psi4.optking.stepAlgorithms:114] 	gradient     :   -0.0030507289
2025-12-23:10:59:37,255 INFO     [psi4.optking.stepAlgorithms:115] 	hessian      :    0.2718655771
2025-12-23:10:59:37,255 INFO     [psi4.optking.stepAlgorithms:206] 	Norm of achieved step-size    0.0112200483
2025-12-23:10:59:37,255 INFO     [psi4.optking.stepAlgorithms:208] 	Norm of achieved step-size (cart):    0.0079337722
2025-12-23:10:59:37,255 INFO     [psi4.optking.opt_helper:164] Molsys:

	                            ===> Fragment 1 <== 

	 Z (Atomic Numbers)          Masses                          Geom                  
	       7.000000            14.003074          0.00000000  0.00000000  2.25195485   
	      14.000000            27.976927          0.00000000  0.00000000 -1.12995557   

	 - Coordinate -           - BOHR/RAD -       - ANG/DEG -
	 R(1,2)           =         3.381910           1.789630

2025-12-23:10:59:37,256 INFO     [psi4.optking.convcheck:76] Performing convergence check.
2025-12-23:10:59:37,256 INFO     [psi4.optking.convcheck:282] 
	                                 ==> Convergence Check <==                                  
    
	Measures of convergence in internal coordinates in au.
    
	Criteria marked as inactive (o), active & met (*), and active & unmet ( ).

	----------------------------------------------------------------------------------------------
	   Step    Total Energy     Delta E     Max Force     RMS Force      Max Disp      RMS Disp   
	----------------------------------------------------------------------------------------------
	  Convergence Criteria     1.00e-06 *    3.00e-04 *             o    1.20e-03 *             o
	----------------------------------------------------------------------------------------------
	     9    -344.03799825   -7.91e-05      3.05e-03      3.05e-03 o    1.12e-02      1.12e-02 o  ~
	----------------------------------------------------------------------------------------------


2025-12-23:10:59:37,256 INFO     [psi4.optking.stepAlgorithms:296] 	Convergence check returned False
2025-12-23:10:59:37,267 INFO     [psi4.driver.task_planner:259] PLANNING Atomic:  keywords={'DAMPING_PERCENTAGE': 1.0, 'GEOM_MAXITER': 500, 'SCF__GUESS': 'READ', 'GUESS': 'SAP', 'MAXITER': 500, 'REFERENCE': 'UKS', 'function_kwargs': {}}
2025-12-23:10:59:37,268 INFO     [psi4.driver.driver:638] Compute gradient(): method=b3lyp, basis=cc-pvdz, molecule=default, nre=28.97770427314832
2025-12-23:10:59:37,837 INFO     [psi4.driver.driver:641] Return gradient(): -344.0380201852046
2025-12-23:10:59:37,838 INFO     [psi4.driver.driver:642] [[ 0.00000000 -0.00000000 -0.00088273]
 [ 0.00000000 -0.00000000  0.00086566]]
2025-12-23:10:59:37,839 INFO     [psi4.optking.history:269] 	Performing BFGS update.
2025-12-23:10:59:37,839 INFO     [psi4.optking.history:280] 	Using 4 previous steps for update.
2025-12-23:10:59:37,840 INFO     [psi4.optking.history:317] 	Steps to be used in Hessian update:  9 8 7 6

2025-12-23:10:59:37,840 INFO     [psi4.optking.history:418] 	Updated Hessian (in au) 
 	   0.233482

2025-12-23:10:59:37,840 INFO     [psi4.optking.molsys:944] Projected (PHP) Hessian matrix
	   0.233482

2025-12-23:10:59:37,840 INFO     [psi4.optking.opt_helper:182] 
	         Geometry (au)                                       Gradient (au)
   0.0000000000   0.0000000000   2.2538222516		   0.0000000000  -0.0000000000  -0.0008827252
   0.0000000000   0.0000000000  -1.1280881674		   0.0000000000  -0.0000000000   0.0008656576

2025-12-23:10:59:37,840 INFO     [psi4.optking.stepAlgorithms:368] 	Current Step Report 
 
	Current energy:      -344.0380201852
	Energy change for the previous step:
		Actual       :        -0.0000219373
		Projected    :        -0.0000171147

2025-12-23:10:59:37,840 INFO     [psi4.optking.stepAlgorithms:371] 	Energy ratio =    1.28178
2025-12-23:10:59:37,840 INFO     [psi4.optking.stepAlgorithms:929] 	Using RFO solution 1.
2025-12-23:10:59:37,840 INFO     [psi4.optking.displace:100] 	Determining Cartesian step for fragment 1.
2025-12-23:10:59:37,840 INFO     [psi4.optking.displace:415] 	Successfully converged to displaced geometry.
2025-12-23:10:59:37,841 INFO     [psi4.optking.displace:416] 	RMS(dx):  0.000e+00 	Max(dx):  0.000e+00 	RMS(dq):  0.000e+00
2025-12-23:10:59:37,841 INFO     [psi4.optking.displace:172] 

	        --- Internal Coordinate Step in ANG or DEG, aJ/ANG or AJ/DEG ---
	-------------------------------------------------------------------------------
	           Coordinate      Previous         Force          Change          New 
	           ----------      --------        ------          ------        ------
	               R(1,2)       1.78963        0.00720        0.00198       1.79161
	-------------------------------------------------------------------------------

2025-12-23:10:59:37,841 INFO     [psi4.optking.stepAlgorithms:113] 	|target step| :    0.0037440918
2025-12-23:10:59:37,841 INFO     [psi4.optking.stepAlgorithms:114] 	gradient     :   -0.0008741914
2025-12-23:10:59:37,841 INFO     [psi4.optking.stepAlgorithms:115] 	hessian      :    0.2334822978
2025-12-23:10:59:37,841 INFO     [psi4.optking.stepAlgorithms:113] 	|target step| :    0.0037440918
2025-12-23:10:59:37,841 INFO     [psi4.optking.stepAlgorithms:114] 	gradient     :   -0.0008741914
2025-12-23:10:59:37,841 INFO     [psi4.optking.stepAlgorithms:115] 	hessian      :    0.2334822978
2025-12-23:10:59:37,841 INFO     [psi4.optking.stepAlgorithms:206] 	Norm of achieved step-size    0.0037440918
2025-12-23:10:59:37,841 INFO     [psi4.optking.stepAlgorithms:208] 	Norm of achieved step-size (cart):    0.0026474727
2025-12-23:10:59:37,841 INFO     [psi4.optking.opt_helper:164] Molsys:

	                            ===> Fragment 1 <== 

	 Z (Atomic Numbers)          Masses                          Geom                  
	       7.000000            14.003074          0.00000000  0.00000000  2.25569430   
	      14.000000            27.976927          0.00000000  0.00000000 -1.12996021   

	 - Coordinate -           - BOHR/RAD -       - ANG/DEG -
	 R(1,2)           =         3.385655           1.791611

2025-12-23:10:59:37,841 INFO     [psi4.optking.convcheck:76] Performing convergence check.
2025-12-23:10:59:37,841 INFO     [psi4.optking.convcheck:282] 
	                                 ==> Convergence Check <==                                  
    
	Measures of convergence in internal coordinates in au.
    
	Criteria marked as inactive (o), active & met (*), and active & unmet ( ).

	----------------------------------------------------------------------------------------------
	   Step    Total Energy     Delta E     Max Force     RMS Force      Max Disp      RMS Disp   
	----------------------------------------------------------------------------------------------
	  Convergence Criteria     1.00e-06 *    3.00e-04 *             o    1.20e-03 *             o
	----------------------------------------------------------------------------------------------
	    10    -344.03802019   -2.19e-05      8.74e-04      8.74e-04 o    3.74e-03      3.74e-03 o  ~
	----------------------------------------------------------------------------------------------


2025-12-23:10:59:37,841 INFO     [psi4.optking.stepAlgorithms:296] 	Convergence check returned False
2025-12-23:10:59:37,852 INFO     [psi4.driver.task_planner:259] PLANNING Atomic:  keywords={'DAMPING_PERCENTAGE': 1.0, 'GEOM_MAXITER': 500, 'SCF__GUESS': 'READ', 'GUESS': 'SAP', 'MAXITER': 500, 'REFERENCE': 'UKS', 'function_kwargs': {}}
2025-12-23:10:59:37,854 INFO     [psi4.driver.driver:638] Compute gradient(): method=b3lyp, basis=cc-pvdz, molecule=default, nre=28.94565871591275
2025-12-23:10:59:38,422 INFO     [psi4.driver.driver:641] Return gradient(): -344.0380221180214
2025-12-23:10:59:38,423 INFO     [psi4.driver.driver:642] [[-0.00000000  0.00000000 -0.00017173]
 [ 0.00000000  0.00000000  0.00015484]]
2025-12-23:10:59:38,424 INFO     [psi4.optking.history:269] 	Performing BFGS update.
2025-12-23:10:59:38,424 INFO     [psi4.optking.history:280] 	Using 4 previous steps for update.
2025-12-23:10:59:38,424 INFO     [psi4.optking.history:317] 	Steps to be used in Hessian update:  10 9 8 7

2025-12-23:10:59:38,425 INFO     [psi4.optking.history:418] 	Updated Hessian (in au) 
 	   0.207936

2025-12-23:10:59:38,425 INFO     [psi4.optking.molsys:944] Projected (PHP) Hessian matrix
	   0.207936

2025-12-23:10:59:38,425 INFO     [psi4.optking.opt_helper:182] 
	         Geometry (au)                                       Gradient (au)
   0.0000000000   0.0000000000   2.2563174441		  -0.0000000000   0.0000000000  -0.0001717309
   0.0000000000   0.0000000000  -1.1293370667		   0.0000000000   0.0000000000   0.0001548381

2025-12-23:10:59:38,425 INFO     [psi4.optking.stepAlgorithms:368] 	Current Step Report 
 
	Current energy:      -344.0380221180
	Energy change for the previous step:
		Actual       :        -0.0000019328
		Projected    :        -0.0000016365

2025-12-23:10:59:38,425 INFO     [psi4.optking.stepAlgorithms:371] 	Energy ratio =    1.18105
2025-12-23:10:59:38,425 INFO     [psi4.optking.stepAlgorithms:929] 	Using RFO solution 1.
2025-12-23:10:59:38,425 INFO     [psi4.optking.displace:100] 	Determining Cartesian step for fragment 1.
2025-12-23:10:59:38,425 INFO     [psi4.optking.displace:415] 	Successfully converged to displaced geometry.
2025-12-23:10:59:38,425 INFO     [psi4.optking.displace:416] 	RMS(dx):  0.000e+00 	Max(dx):  0.000e+00 	RMS(dq):  0.000e+00
2025-12-23:10:59:38,425 INFO     [psi4.optking.displace:172] 

	        --- Internal Coordinate Step in ANG or DEG, aJ/ANG or AJ/DEG ---
	-------------------------------------------------------------------------------
	           Coordinate      Previous         Force          Change          New 
	           ----------      --------        ------          ------        ------
	               R(1,2)       1.79161        0.00135        0.00042       1.79203
	-------------------------------------------------------------------------------

2025-12-23:10:59:38,426 INFO     [psi4.optking.stepAlgorithms:113] 	|target step| :    0.0007852643
2025-12-23:10:59:38,426 INFO     [psi4.optking.stepAlgorithms:114] 	gradient     :   -0.0001632845
2025-12-23:10:59:38,426 INFO     [psi4.optking.stepAlgorithms:115] 	hessian      :    0.2079356293
2025-12-23:10:59:38,426 INFO     [psi4.optking.stepAlgorithms:113] 	|target step| :    0.0007852643
2025-12-23:10:59:38,426 INFO     [psi4.optking.stepAlgorithms:114] 	gradient     :   -0.0001632845
2025-12-23:10:59:38,426 INFO     [psi4.optking.stepAlgorithms:115] 	hessian      :    0.2079356293
2025-12-23:10:59:38,426 INFO     [psi4.optking.stepAlgorithms:206] 	Norm of achieved step-size    0.0007852643
2025-12-23:10:59:38,426 INFO     [psi4.optking.stepAlgorithms:208] 	Norm of achieved step-size (cart):    0.0005552657
2025-12-23:10:59:38,426 INFO     [psi4.optking.opt_helper:164] Molsys:

	                            ===> Fragment 1 <== 

	 Z (Atomic Numbers)          Masses                          Geom                  
	       7.000000            14.003074          0.00000000  0.00000000  2.25671008   
	      14.000000            27.976927          0.00000000  0.00000000 -1.12972970   

	 - Coordinate -           - BOHR/RAD -       - ANG/DEG -
	 R(1,2)           =         3.386440           1.792027

2025-12-23:10:59:38,426 INFO     [psi4.optking.convcheck:76] Performing convergence check.
2025-12-23:10:59:38,426 INFO     [psi4.optking.convcheck:282] 
	                                 ==> Convergence Check <==                                  
    
	Measures of convergence in internal coordinates in au.
    
	Criteria marked as inactive (o), active & met (*), and active & unmet ( ).

	----------------------------------------------------------------------------------------------
	   Step    Total Energy     Delta E     Max Force     RMS Force      Max Disp      RMS Disp   
	----------------------------------------------------------------------------------------------
	  Convergence Criteria     1.00e-06 *    3.00e-04 *             o    1.20e-03 *             o
	----------------------------------------------------------------------------------------------
	    11    -344.03802212   -1.93e-06      1.63e-04 *    1.63e-04 o    7.85e-04 *    7.85e-04 o  ~
	----------------------------------------------------------------------------------------------


2025-12-23:10:59:38,426 INFO     [psi4.optking.convcheck:206] 
	                      ===> Final Convergence Report <===                     

	----------------------------------------------------------------------------
	|   Required Criteria    |  One or More Criteria  |   Alternate Criteria   |
	----------------------------------------------------------------------------
	| [x]     max_force      | [ ]       max_DE       |                        |
	|                        | [x]      max_disp      |                        |
	----------------------------------------------------------------------------


2025-12-23:10:59:38,426 INFO     [psi4.optking.stepAlgorithms:296] 	Convergence check returned True
2025-12-23:10:59:38,426 INFO     [psi4.optking.optimize:332] 	Converged in 11 steps!
2025-12-23:10:59:38,426 INFO     [psi4.optking.optimize:333] 	Final energy is   -344.0380221180214
2025-12-23:10:59:38,426 INFO     [psi4.optking.optimize:334] 	Final structure (Angstroms): 
	Fragment 1 (Ang)

	    N   0.0000000000   0.0000000000   1.1941995434
	   Si   0.0000000000   0.0000000000  -0.5978272108


2025-12-23:10:59:38,427 INFO     [psi4.optking.optimize:562] 	Optimization Finished

	==> Optimization Summary <==

        
	Measures of convergence in internal coordinates in au. (Any backward steps not shown.)
        
	---------------------------------------------------------------------------------------------------------------  ~
        
	 Step         Total Energy             Delta E       MAX Force       RMS Force        MAX Disp        RMS Disp   ~
        
	---------------------------------------------------------------------------------------------------------------  ~
        
	     1    -343.639519113634   -343.639519113634      1.01746857      1.01746857      0.23037290      0.23037290  ~
	     2    -343.806979892458     -0.167460778824      0.48629952      0.48629952      0.20228241      0.20228241  ~
	     3    -343.948199441242     -0.141219548785      0.36187846      0.36187846      0.22656215      0.22656215  ~
	     4    -344.006491890159     -0.058292448916      0.17043305      0.17043305      0.22017568      0.22017568  ~
	     5    -344.031197659813     -0.024705769654      0.06384691      0.06384691      0.09484318      0.09484318  ~
	     6    -344.035756685693     -0.004559025880      0.03356235      0.03356235      0.07679093      0.07679093  ~
	     7    -344.037559774054     -0.001803088361      0.01408580      0.01408580      0.03525547      0.03525547  ~
	     8    -344.037919156330     -0.000359382277      0.00642897      0.00642897      0.01673630      0.01673630  ~
	     9    -344.037998247907     -0.000079091577      0.00305073      0.00305073      0.01122005      0.01122005  ~
	    10    -344.038020185205     -0.000021937297      0.00087419      0.00087419      0.00374409      0.00374409  ~
	    11    -344.038022118021     -0.000001932817      0.00016328      0.00016328      0.00078526      0.00078526  ~
	----------------------------------------------------------------------------------------------------------------


2025-12-23:10:59:38,427 INFO     [psi4.optking.optimize:806] Preparing OptimizationResult
