2025-12-23:10:56:15,897 WARNING  [psi4.optking:38] Some dependencies such as QCElemental have not yet finished migration to pydantic v2. If issues are encountered please downgrade pydantic or upgrade QCElemental as appropriate
2025-12-23:10:56:16,65 INFO     [psi4.optking.optwrapper:234] Creating a UserComputer
2025-12-23:10:56:16,65 INFO     [psi4.optking.optwrapper:242] 
    			-----------------------------------------

    			 OPTKING 3.0: for geometry optimizations 

    			     By R.A. King, Bethel University     

    			        with contributions from          

    			    A.V. Copan, J. Cayton, A. Heide      

    			-----------------------------------------

    
2025-12-23:10:56:16,66 INFO     [psi4.optking.optwrapper:272] 
		 -- Optimization Parameters --
	GEOM_MAXITER                   =             500
	ALG_GEOM_MAXITER               =              50
	PRINT                          =               1
	OPT_TYPE                       =             MIN
	STEP_TYPE                      =             RFO
	PROGRAM                        =            PSI4
	STEEPEST_DESCENT_TYPE          =         OVERLAP
	CONJUGATE_GRADIENT_TYPE        =        FLETCHER
	OPT_COORDINATES                =        INTERNAL
	RFO_FOLLOW_ROOT                =           False
	RFO_ROOT                       =               0
	ACCEPT_SYMMETRY_BREAKING       =           False
	DYNAMIC_LVL                    =               0
	DYNAMIC_LVL_MAX                =               0
	IRC_STEP_SIZE                  =             0.2
	IRC_DIRECTION                  =         FORWARD
	IRC_POINTS                     =              20
	IRC_MODE                       =          NORMAL
	IRC_CONVERGENCE                =            -0.7
	INTRAFRAG_STEP_LIMIT           =             0.5
	INTRAFRAG_STEP_LIMIT_MIN       =           0.001
	INTRAFRAG_STEP_LIMIT_MAX       =             1.0
	INTERFRAG_STEP_LIMIT           =             0.5
	INTERFRAG_STEP_LIMIT_MIN       =           0.001
	INTERFRAG_STEP_LIMIT_MAX       =             1.0
	ENSURE_BT_CONVERGENCE          =           False
	SIMPLE_STEP_SCALING            =           False
	CONSECUTIVE_BACKSTEPS          =               0
	RFO_NORMALIZATION_MAX          =             100
	RSRFO_ALPHA_MAX                =     100000000.0
	PRINT_TRAJECTORY_XYZ_FILE      =           False
	WRITE_TRAJECTORY               =           False
	FROZEN_DISTANCE                =                
	FROZEN_BEND                    =                
	FROZEN_DIHEDRAL                =                
	FROZEN_OOFP                    =                
	FROZEN_CARTESIAN               =                
	FREEZE_ALL_DIHEDRALS           =           False
	UNFREEZE_DIHEDRALS             =                
	RANGED_DISTANCE                =                
	RANGED_BEND                    =                
	RANGED_DIHEDRAL                =                
	RANGED_OOFP                    =                
	RANGED_CARTESIAN               =                
	EXT_FORCE_DISTANCE             =                
	EXT_FORCE_BEND                 =                
	EXT_FORCE_DIHEDRAL             =                
	EXT_FORCE_OOFP                 =                
	EXT_FORCE_CARTESIAN            =                
	G_CONVERGENCE                  =           QCHEM
	MAX_FORCE_G_CONVERGENCE        =          0.0003
	RMS_FORCE_G_CONVERGENCE        =          0.0003
	MAX_ENERGY_G_CONVERGENCE       =           1e-06
	MAX_DISP_G_CONVERGENCE         =          0.0012
	RMS_DISP_G_CONVERGENCE         =          0.0012
	FLEXIBLE_G_CONVERGENCE         =           False
	HESS_UPDATE                    =            BFGS
	HESS_UPDATE_USE_LAST           =               4
	HESS_UPDATE_LIMIT              =            True
	HESS_UPDATE_LIMIT_MAX          =             1.0
	HESS_UPDATE_LIMIT_SCALE        =             0.5
	HESS_UPDATE_DEN_TOL            =           1e-07
	HESS_UPDATE_DQ_TOL             =             0.5
	CART_HESS_READ                 =           False
	HESSIAN_FILE                   =               .
	FULL_HESS_EVERY                =              -1
	INTRAFRAG_HESS                 =        SCHLEGEL
	H_GUESS_EVERY                  =           False
	BT_MAX_ITER                    =              25
	BT_DX_CONV                     =           1e-07
	BT_DX_RMS_CHANGE_CONV          =           1e-12
	BT_PINV_RCOND                  =           1e-06
	FRAG_MODE                      =          SINGLE
	FRAG_REF_ATOMS                 =              []
	FREEZE_INTRAFRAG               =           False
	INTERFRAG_MODE                 =           FIXED
	ADD_AUXILIARY_BONDS            =           False
	AUXILIARY_BOND_FACTOR          =             2.5
	INTERFRAG_DIST_INV             =           False
	INTERFRAG_COLLINEAR_TOL        =            0.01
	INTERFRAG_COORDS               =              []
	INTERFRAG_HESS                 =         DEFAULT
	COVALENT_CONNECT               =             1.3
	INTERFRAGMENT_CONNECT          =             1.8
	H_BOND_CONNECT                 =             4.3
	INCLUDE_OOFP                   =           False
	TEST_B                         =           False
	TEST_DERIVATIVE_B              =           False
	LINESEARCH_STEP                =             0.1
	LINESEARCH                     =           False
	SD_HESSIAN                     =             1.0
	FIX_VAL_NEAR_PI                =            1.57
	V3D_TORS_ANGLE_LIM             =           0.017
	V3D_TORS_COS_TOL               =           1e-10
	LINEAR_BEND_THRESHOLD          =            3.05
	SMALL_BEND_FIX_THRESHOLD       =            0.35
	REDUNDANT_EVAL_TOL             =           1e-10
	LINEAR_ALGEBRA_TOL             =           1e-10


2025-12-23:10:56:16,199 INFO     [psi4.optking.opt_helper:164] Molsys:

	                            ===> Fragment 1 <== 

	 Z (Atomic Numbers)          Masses                          Geom                  
	       6.000000            12.000000          0.00000000  0.00000000  1.68830748   
	      17.000000            34.968853          0.00000000  0.00000000 -0.57936387   

	 - Coordinate -           - BOHR/RAD -       - ANG/DEG -
	 R(1,2)           =         2.267671           1.200000

2025-12-23:10:56:16,210 INFO     [psi4.driver.task_planner:259] PLANNING Atomic:  keywords={'DAMPING_PERCENTAGE': 1.0, 'GEOM_MAXITER': 500, 'GUESS': 'SAP', 'MAXITER': 500, 'REFERENCE': 'UKS', 'function_kwargs': {}}
2025-12-23:10:56:16,212 INFO     [psi4.driver.driver:638] Compute gradient(): method=b3lyp, basis=cc-pvdz, molecule=default, nre=44.98006290695
2025-12-23:10:56:16,797 INFO     [psi4.driver.driver:641] Return gradient(): -497.754226208791
2025-12-23:10:56:16,797 INFO     [psi4.driver.driver:642] [[ 0.00000000  0.00000000 -1.08313877]
 [-0.00000000 -0.00000000  1.08313504]]
2025-12-23:10:56:16,799 INFO     [psi4.optking.molsys:944] Projected (PHP) Hessian matrix
	   4.182219

2025-12-23:10:56:16,799 INFO     [psi4.optking.opt_helper:182] 
	         Geometry (au)                                       Gradient (au)
   0.0000000000   0.0000000000   1.6883074817		   0.0000000000   0.0000000000  -1.0831387698
   0.0000000000   0.0000000000  -0.5793638689		  -0.0000000000  -0.0000000000   1.0831350418

2025-12-23:10:56:16,800 INFO     [psi4.optking.stepAlgorithms:929] 	Using RFO solution 1.
2025-12-23:10:56:16,800 INFO     [psi4.optking.displace:100] 	Determining Cartesian step for fragment 1.
2025-12-23:10:56:16,800 INFO     [psi4.optking.displace:415] 	Successfully converged to displaced geometry.
2025-12-23:10:56:16,800 INFO     [psi4.optking.displace:416] 	RMS(dx):  0.000e+00 	Max(dx):  0.000e+00 	RMS(dq):  0.000e+00
2025-12-23:10:56:16,800 INFO     [psi4.optking.displace:172] 

	        --- Internal Coordinate Step in ANG or DEG, aJ/ANG or AJ/DEG ---
	-------------------------------------------------------------------------------
	           Coordinate      Previous         Force          Change          New 
	           ----------      --------        ------          ------        ------
	               R(1,2)       1.20000        8.92367        0.12892       1.32892
	-------------------------------------------------------------------------------

2025-12-23:10:56:16,800 INFO     [psi4.optking.stepAlgorithms:113] 	|target step| :    0.2436157306
2025-12-23:10:56:16,800 INFO     [psi4.optking.stepAlgorithms:114] 	gradient     :   -1.0831369058
2025-12-23:10:56:16,800 INFO     [psi4.optking.stepAlgorithms:115] 	hessian      :    4.1822185214
2025-12-23:10:56:16,800 INFO     [psi4.optking.stepAlgorithms:113] 	|target step| :    0.2436157306
2025-12-23:10:56:16,800 INFO     [psi4.optking.stepAlgorithms:114] 	gradient     :   -1.0831369058
2025-12-23:10:56:16,800 INFO     [psi4.optking.stepAlgorithms:115] 	hessian      :    4.1822185214
2025-12-23:10:56:16,800 INFO     [psi4.optking.stepAlgorithms:206] 	Norm of achieved step-size    0.2436157306
2025-12-23:10:56:16,800 INFO     [psi4.optking.stepAlgorithms:208] 	Norm of achieved step-size (cart):    0.1722623351
2025-12-23:10:56:16,800 INFO     [psi4.optking.opt_helper:164] Molsys:

	                            ===> Fragment 1 <== 

	 Z (Atomic Numbers)          Masses                          Geom                  
	       6.000000            12.000000          0.00000000  0.00000000  1.81011535   
	      17.000000            34.968853          0.00000000  0.00000000 -0.70117173   

	 - Coordinate -           - BOHR/RAD -       - ANG/DEG -
	 R(1,2)           =         2.511287           1.328916

2025-12-23:10:56:16,800 INFO     [psi4.optking.convcheck:76] Performing convergence check.
2025-12-23:10:56:16,801 INFO     [psi4.optking.convcheck:282] 
	                                 ==> Convergence Check <==                                  
    
	Measures of convergence in internal coordinates in au.
    
	Criteria marked as inactive (o), active & met (*), and active & unmet ( ).

	----------------------------------------------------------------------------------------------~
	   Step    Total Energy     Delta E     Max Force     RMS Force      Max Disp      RMS Disp   ~
	----------------------------------------------------------------------------------------------~
	  Convergence Criteria     1.00e-06 *    3.00e-04 *             o    1.20e-03 *             o~
	----------------------------------------------------------------------------------------------~
	     1    -497.75422621   -4.98e+02      1.08e+00      1.08e+00 o    2.44e-01      2.44e-01 o  ~
	----------------------------------------------------------------------------------------------


2025-12-23:10:56:16,801 INFO     [psi4.optking.stepAlgorithms:296] 	Convergence check returned False
2025-12-23:10:56:16,812 INFO     [psi4.driver.task_planner:259] PLANNING Atomic:  keywords={'DAMPING_PERCENTAGE': 1.0, 'GEOM_MAXITER': 500, 'SCF__GUESS': 'READ', 'GUESS': 'SAP', 'MAXITER': 500, 'REFERENCE': 'UKS', 'function_kwargs': {}}
2025-12-23:10:56:16,813 INFO     [psi4.driver.driver:638] Compute gradient(): method=b3lyp, basis=cc-pvdz, molecule=default, nre=40.61662275306116
2025-12-23:10:56:17,342 INFO     [psi4.driver.driver:641] Return gradient(): -497.942039563028
2025-12-23:10:56:17,342 INFO     [psi4.driver.driver:642] [[ 0.00000000  0.00000000 -0.51771117]
 [ 0.00000000 -0.00000000  0.51768544]]
2025-12-23:10:56:17,344 INFO     [psi4.optking.history:269] 	Performing BFGS update.
2025-12-23:10:56:17,344 INFO     [psi4.optking.history:280] 	Using 1 previous steps for update.
2025-12-23:10:56:17,344 INFO     [psi4.optking.history:317] 	Steps to be used in Hessian update:  1

2025-12-23:10:56:17,344 INFO     [psi4.optking.history:418] 	Updated Hessian (in au) 
 	   2.321027

2025-12-23:10:56:17,344 INFO     [psi4.optking.molsys:944] Projected (PHP) Hessian matrix
	   2.321027

2025-12-23:10:56:17,344 INFO     [psi4.optking.opt_helper:182] 
	         Geometry (au)                                       Gradient (au)
   0.0000000000   0.0000000000   1.8696822036		   0.0000000000   0.0000000000  -0.5177111671
   0.0000000000   0.0000000000  -0.6416048776		   0.0000000000  -0.0000000000   0.5176854380

2025-12-23:10:56:17,344 INFO     [psi4.optking.stepAlgorithms:368] 	Current Step Report 
 
	Current energy:      -497.9420395630
	Energy change for the previous step:
		Actual       :        -0.1878133542
		Projected    :        -0.1319345943

2025-12-23:10:56:17,344 INFO     [psi4.optking.stepAlgorithms:371] 	Energy ratio =    1.42353
2025-12-23:10:56:17,344 INFO     [psi4.optking.stepAlgorithms:399] 	Energy ratio indicates good step.
2025-12-23:10:56:17,344 INFO     [psi4.optking.stepAlgorithms:400] 	Intrafrag trust radius increased to      1.
2025-12-23:10:56:17,345 INFO     [psi4.optking.stepAlgorithms:929] 	Using RFO solution 1.
2025-12-23:10:56:17,345 INFO     [psi4.optking.displace:100] 	Determining Cartesian step for fragment 1.
2025-12-23:10:56:17,345 INFO     [psi4.optking.displace:415] 	Successfully converged to displaced geometry.
2025-12-23:10:56:17,345 INFO     [psi4.optking.displace:416] 	RMS(dx):  1.282e-16 	Max(dx):  2.220e-16 	RMS(dq):  4.441e-16
2025-12-23:10:56:17,345 INFO     [psi4.optking.displace:172] 

	        --- Internal Coordinate Step in ANG or DEG, aJ/ANG or AJ/DEG ---
	-------------------------------------------------------------------------------
	           Coordinate      Previous         Force          Change          New 
	           ----------      --------        ------          ------        ------
	               R(1,2)       1.32892        4.26517        0.11268       1.44160
	-------------------------------------------------------------------------------

2025-12-23:10:56:17,345 INFO     [psi4.optking.stepAlgorithms:113] 	|target step| :    0.2129339656
2025-12-23:10:56:17,345 INFO     [psi4.optking.stepAlgorithms:114] 	gradient     :   -0.5176983025
2025-12-23:10:56:17,345 INFO     [psi4.optking.stepAlgorithms:115] 	hessian      :    2.3210266509
2025-12-23:10:56:17,345 INFO     [psi4.optking.stepAlgorithms:113] 	|target step| :    0.2129339656
2025-12-23:10:56:17,345 INFO     [psi4.optking.stepAlgorithms:114] 	gradient     :   -0.5176983025
2025-12-23:10:56:17,345 INFO     [psi4.optking.stepAlgorithms:115] 	hessian      :    2.3210266509
2025-12-23:10:56:17,345 INFO     [psi4.optking.stepAlgorithms:206] 	Norm of achieved step-size    0.2129339656
2025-12-23:10:56:17,345 INFO     [psi4.optking.stepAlgorithms:208] 	Norm of achieved step-size (cart):    0.1505670511
2025-12-23:10:56:17,345 INFO     [psi4.optking.opt_helper:164] Molsys:

	                            ===> Fragment 1 <== 

	 Z (Atomic Numbers)          Masses                          Geom                  
	       6.000000            12.000000          0.00000000  0.00000000  1.97614919   
	      17.000000            34.968853          0.00000000  0.00000000 -0.74807186   

	 - Coordinate -           - BOHR/RAD -       - ANG/DEG -
	 R(1,2)           =         2.724221           1.441596

2025-12-23:10:56:17,346 INFO     [psi4.optking.convcheck:76] Performing convergence check.
2025-12-23:10:56:17,346 INFO     [psi4.optking.convcheck:282] 
	                                 ==> Convergence Check <==                                  
    
	Measures of convergence in internal coordinates in au.
    
	Criteria marked as inactive (o), active & met (*), and active & unmet ( ).

	----------------------------------------------------------------------------------------------
	   Step    Total Energy     Delta E     Max Force     RMS Force      Max Disp      RMS Disp   
	----------------------------------------------------------------------------------------------
	  Convergence Criteria     1.00e-06 *    3.00e-04 *             o    1.20e-03 *             o
	----------------------------------------------------------------------------------------------
	     2    -497.94203956   -1.88e-01      5.18e-01      5.18e-01 o    2.13e-01      2.13e-01 o  ~
	----------------------------------------------------------------------------------------------


2025-12-23:10:56:17,346 INFO     [psi4.optking.stepAlgorithms:296] 	Convergence check returned False
2025-12-23:10:56:17,357 INFO     [psi4.driver.task_planner:259] PLANNING Atomic:  keywords={'DAMPING_PERCENTAGE': 1.0, 'GEOM_MAXITER': 500, 'SCF__GUESS': 'READ', 'GUESS': 'SAP', 'MAXITER': 500, 'REFERENCE': 'UKS', 'function_kwargs': {}}
2025-12-23:10:56:17,358 INFO     [psi4.driver.driver:638] Compute gradient(): method=b3lyp, basis=cc-pvdz, molecule=default, nre=37.44189559061015
2025-12-23:10:56:17,841 INFO     [psi4.driver.driver:641] Return gradient(): -498.0207228312115
2025-12-23:10:56:17,842 INFO     [psi4.driver.driver:642] [[ 0.00000000  0.00000000 -0.24673143]
 [ 0.00000000  0.00000000  0.24671058]]
2025-12-23:10:56:17,843 INFO     [psi4.optking.history:269] 	Performing BFGS update.
2025-12-23:10:56:17,843 INFO     [psi4.optking.history:280] 	Using 2 previous steps for update.
2025-12-23:10:56:17,843 INFO     [psi4.optking.history:317] 	Steps to be used in Hessian update:  2 1

2025-12-23:10:56:17,843 INFO     [psi4.optking.history:418] 	Updated Hessian (in au) 
 	   1.832037

2025-12-23:10:56:17,843 INFO     [psi4.optking.molsys:944] Projected (PHP) Hessian matrix
	   1.832037

2025-12-23:10:56:17,843 INFO     [psi4.optking.opt_helper:182] 
	         Geometry (au)                                       Gradient (au)
   0.0000000000   0.0000000000   2.0282139976		   0.0000000000   0.0000000000  -0.2467314258
   0.0000000000   0.0000000000  -0.6960070492		   0.0000000000   0.0000000000   0.2467105822

2025-12-23:10:56:17,843 INFO     [psi4.optking.stepAlgorithms:368] 	Current Step Report 
 
	Current energy:      -498.0207228312
	Energy change for the previous step:
		Actual       :        -0.0786832682
		Projected    :        -0.0551177763

2025-12-23:10:56:17,843 INFO     [psi4.optking.stepAlgorithms:371] 	Energy ratio =    1.42755
2025-12-23:10:56:17,844 INFO     [psi4.optking.stepAlgorithms:929] 	Using RFO solution 1.
2025-12-23:10:56:17,844 INFO     [psi4.optking.displace:100] 	Determining Cartesian step for fragment 1.
2025-12-23:10:56:17,844 INFO     [psi4.optking.displace:415] 	Successfully converged to displaced geometry.
2025-12-23:10:56:17,844 INFO     [psi4.optking.displace:416] 	RMS(dx):  0.000e+00 	Max(dx):  0.000e+00 	RMS(dq):  0.000e+00
2025-12-23:10:56:17,844 INFO     [psi4.optking.displace:172] 

	        --- Internal Coordinate Step in ANG or DEG, aJ/ANG or AJ/DEG ---
	-------------------------------------------------------------------------------
	           Coordinate      Previous         Force          Change          New 
	           ----------      --------        ------          ------        ------
	               R(1,2)       1.44160        2.03267        0.07002       1.51161
	-------------------------------------------------------------------------------

2025-12-23:10:56:17,844 INFO     [psi4.optking.stepAlgorithms:113] 	|target step| :    0.1323126966
2025-12-23:10:56:17,844 INFO     [psi4.optking.stepAlgorithms:114] 	gradient     :   -0.2467210040
2025-12-23:10:56:17,844 INFO     [psi4.optking.stepAlgorithms:115] 	hessian      :    1.8320369254
2025-12-23:10:56:17,844 INFO     [psi4.optking.stepAlgorithms:113] 	|target step| :    0.1323126966
2025-12-23:10:56:17,844 INFO     [psi4.optking.stepAlgorithms:114] 	gradient     :   -0.2467210040
2025-12-23:10:56:17,844 INFO     [psi4.optking.stepAlgorithms:115] 	hessian      :    1.8320369254
2025-12-23:10:56:17,844 INFO     [psi4.optking.stepAlgorithms:206] 	Norm of achieved step-size    0.1323126966
2025-12-23:10:56:17,844 INFO     [psi4.optking.stepAlgorithms:208] 	Norm of achieved step-size (cart):    0.0935592050
2025-12-23:10:56:17,844 INFO     [psi4.optking.opt_helper:164] Molsys:

	                            ===> Fragment 1 <== 

	 Z (Atomic Numbers)          Masses                          Geom                  
	       6.000000            12.000000          0.00000000  0.00000000  2.09437035   
	      17.000000            34.968853          0.00000000  0.00000000 -0.76216340   

	 - Coordinate -           - BOHR/RAD -       - ANG/DEG -
	 R(1,2)           =         2.856534           1.511613

2025-12-23:10:56:17,844 INFO     [psi4.optking.convcheck:76] Performing convergence check.
2025-12-23:10:56:17,844 INFO     [psi4.optking.convcheck:282] 
	                                 ==> Convergence Check <==                                  
    
	Measures of convergence in internal coordinates in au.
    
	Criteria marked as inactive (o), active & met (*), and active & unmet ( ).

	----------------------------------------------------------------------------------------------
	   Step    Total Energy     Delta E     Max Force     RMS Force      Max Disp      RMS Disp   
	----------------------------------------------------------------------------------------------
	  Convergence Criteria     1.00e-06 *    3.00e-04 *             o    1.20e-03 *             o
	----------------------------------------------------------------------------------------------
	     3    -498.02072283   -7.87e-02      2.47e-01      2.47e-01 o    1.32e-01      1.32e-01 o  ~
	----------------------------------------------------------------------------------------------


2025-12-23:10:56:17,844 INFO     [psi4.optking.stepAlgorithms:296] 	Convergence check returned False
2025-12-23:10:56:17,855 INFO     [psi4.driver.task_planner:259] PLANNING Atomic:  keywords={'DAMPING_PERCENTAGE': 1.0, 'GEOM_MAXITER': 500, 'SCF__GUESS': 'READ', 'GUESS': 'SAP', 'MAXITER': 500, 'REFERENCE': 'UKS', 'function_kwargs': {}}
2025-12-23:10:56:17,856 INFO     [psi4.driver.driver:638] Compute gradient(): method=b3lyp, basis=cc-pvdz, molecule=default, nre=35.70761249947412
2025-12-23:10:56:18,366 INFO     [psi4.driver.driver:641] Return gradient(): -498.0460013882658
2025-12-23:10:56:18,366 INFO     [psi4.driver.driver:642] [[ 0.00000000  0.00000000 -0.14171756]
 [-0.00000000  0.00000000  0.14169736]]
2025-12-23:10:56:18,368 INFO     [psi4.optking.history:269] 	Performing BFGS update.
2025-12-23:10:56:18,368 INFO     [psi4.optking.history:280] 	Using 3 previous steps for update.
2025-12-23:10:56:18,368 WARNING  [psi4.optking.history:301] 	Change in internal coordinate of 5.89e-01 exceeds limit of 5.00e-01.
2025-12-23:10:56:18,368 WARNING  [psi4.optking.history:306] 	Skipping Hessian update for step 1.
2025-12-23:10:56:18,368 INFO     [psi4.optking.history:317] 	Steps to be used in Hessian update:  3 2

2025-12-23:10:56:18,368 INFO     [psi4.optking.history:418] 	Updated Hessian (in au) 
 	   1.089050

2025-12-23:10:56:18,368 INFO     [psi4.optking.molsys:944] Projected (PHP) Hessian matrix
	   1.089050

2025-12-23:10:56:18,368 INFO     [psi4.optking.opt_helper:182] 
	         Geometry (au)                                       Gradient (au)
   0.0000000000   0.0000000000   2.1267223266		   0.0000000000   0.0000000000  -0.1417175575
   0.0000000000   0.0000000000  -0.7298114168		  -0.0000000000   0.0000000000   0.1416973621

2025-12-23:10:56:18,368 INFO     [psi4.optking.stepAlgorithms:368] 	Current Step Report 
 
	Current energy:      -498.0460013883
	Energy change for the previous step:
		Actual       :        -0.0252785571
		Projected    :        -0.0163221607

2025-12-23:10:56:18,368 INFO     [psi4.optking.stepAlgorithms:371] 	Energy ratio =    1.54873
2025-12-23:10:56:18,368 INFO     [psi4.optking.stepAlgorithms:929] 	Using RFO solution 1.
2025-12-23:10:56:18,369 INFO     [psi4.optking.displace:100] 	Determining Cartesian step for fragment 1.
2025-12-23:10:56:18,369 INFO     [psi4.optking.displace:415] 	Successfully converged to displaced geometry.
2025-12-23:10:56:18,369 INFO     [psi4.optking.displace:416] 	RMS(dx):  1.282e-16 	Max(dx):  2.220e-16 	RMS(dq):  4.441e-16
2025-12-23:10:56:18,369 INFO     [psi4.optking.displace:172] 

	        --- Internal Coordinate Step in ANG or DEG, aJ/ANG or AJ/DEG ---
	-------------------------------------------------------------------------------
	           Coordinate      Previous         Force          Change          New 
	           ----------      --------        ------          ------        ------
	               R(1,2)       1.51161        1.16749        0.06773       1.57934
	-------------------------------------------------------------------------------

2025-12-23:10:56:18,369 INFO     [psi4.optking.stepAlgorithms:113] 	|target step| :    0.1279887478
2025-12-23:10:56:18,369 INFO     [psi4.optking.stepAlgorithms:114] 	gradient     :   -0.1417074598
2025-12-23:10:56:18,369 INFO     [psi4.optking.stepAlgorithms:115] 	hessian      :    1.0890498993
2025-12-23:10:56:18,369 INFO     [psi4.optking.stepAlgorithms:113] 	|target step| :    0.1279887478
2025-12-23:10:56:18,369 INFO     [psi4.optking.stepAlgorithms:114] 	gradient     :   -0.1417074598
2025-12-23:10:56:18,369 INFO     [psi4.optking.stepAlgorithms:115] 	hessian      :    1.0890498993
2025-12-23:10:56:18,369 INFO     [psi4.optking.stepAlgorithms:206] 	Norm of achieved step-size    0.1279887478
2025-12-23:10:56:18,369 INFO     [psi4.optking.stepAlgorithms:208] 	Norm of achieved step-size (cart):    0.0905017115
2025-12-23:10:56:18,369 INFO     [psi4.optking.opt_helper:164] Molsys:

	                            ===> Fragment 1 <== 

	 Z (Atomic Numbers)          Masses                          Geom                  
	       6.000000            12.000000          0.00000000  0.00000000  2.19071670   
	      17.000000            34.968853          0.00000000  0.00000000 -0.79380579   

	 - Coordinate -           - BOHR/RAD -       - ANG/DEG -
	 R(1,2)           =         2.984522           1.579341

2025-12-23:10:56:18,369 INFO     [psi4.optking.convcheck:76] Performing convergence check.
2025-12-23:10:56:18,369 INFO     [psi4.optking.convcheck:282] 
	                                 ==> Convergence Check <==                                  
    
	Measures of convergence in internal coordinates in au.
    
	Criteria marked as inactive (o), active & met (*), and active & unmet ( ).

	----------------------------------------------------------------------------------------------
	   Step    Total Energy     Delta E     Max Force     RMS Force      Max Disp      RMS Disp   
	----------------------------------------------------------------------------------------------
	  Convergence Criteria     1.00e-06 *    3.00e-04 *             o    1.20e-03 *             o
	----------------------------------------------------------------------------------------------
	     4    -498.04600139   -2.53e-02      1.42e-01      1.42e-01 o    1.28e-01      1.28e-01 o  ~
	----------------------------------------------------------------------------------------------


2025-12-23:10:56:18,369 INFO     [psi4.optking.stepAlgorithms:296] 	Convergence check returned False
2025-12-23:10:56:18,379 INFO     [psi4.driver.task_planner:259] PLANNING Atomic:  keywords={'DAMPING_PERCENTAGE': 1.0, 'GEOM_MAXITER': 500, 'SCF__GUESS': 'READ', 'GUESS': 'SAP', 'MAXITER': 500, 'REFERENCE': 'UKS', 'function_kwargs': {}}
2025-12-23:10:56:18,381 INFO     [psi4.driver.driver:638] Compute gradient(): method=b3lyp, basis=cc-pvdz, molecule=default, nre=34.17632143854581
2025-12-23:10:56:18,939 INFO     [psi4.driver.driver:641] Return gradient(): -498.05934034765465
2025-12-23:10:56:18,939 INFO     [psi4.driver.driver:642] [[ 0.00000000 -0.00000000 -0.07101979]
 [-0.00000000 -0.00000000  0.07100382]]
2025-12-23:10:56:18,941 INFO     [psi4.optking.history:269] 	Performing BFGS update.
2025-12-23:10:56:18,941 INFO     [psi4.optking.history:280] 	Using 4 previous steps for update.
2025-12-23:10:56:18,941 WARNING  [psi4.optking.history:301] 	Change in internal coordinate of 7.17e-01 exceeds limit of 5.00e-01.
2025-12-23:10:56:18,941 WARNING  [psi4.optking.history:306] 	Skipping Hessian update for step 1.
2025-12-23:10:56:18,941 INFO     [psi4.optking.history:317] 	Steps to be used in Hessian update:  4 3 2

2025-12-23:10:56:18,941 INFO     [psi4.optking.history:418] 	Updated Hessian (in au) 
 	   0.943899

2025-12-23:10:56:18,941 INFO     [psi4.optking.molsys:944] Projected (PHP) Hessian matrix
	   0.943899

2025-12-23:10:56:18,941 INFO     [psi4.optking.opt_helper:182] 
	         Geometry (au)                                       Gradient (au)
   0.0000000000   0.0000000000   2.2220114259		   0.0000000000  -0.0000000000  -0.0710197897
   0.0000000000   0.0000000000  -0.7625110653		  -0.0000000000  -0.0000000000   0.0710038170

2025-12-23:10:56:18,941 INFO     [psi4.optking.stepAlgorithms:368] 	Current Step Report 
 
	Current energy:      -498.0593403477
	Energy change for the previous step:
		Actual       :        -0.0133389594
		Projected    :        -0.0090684802

2025-12-23:10:56:18,941 INFO     [psi4.optking.stepAlgorithms:371] 	Energy ratio =    1.47091
2025-12-23:10:56:18,941 INFO     [psi4.optking.stepAlgorithms:929] 	Using RFO solution 1.
2025-12-23:10:56:18,942 INFO     [psi4.optking.displace:100] 	Determining Cartesian step for fragment 1.
2025-12-23:10:56:18,942 INFO     [psi4.optking.displace:415] 	Successfully converged to displaced geometry.
2025-12-23:10:56:18,942 INFO     [psi4.optking.displace:416] 	RMS(dx):  0.000e+00 	Max(dx):  0.000e+00 	RMS(dq):  0.000e+00
2025-12-23:10:56:18,942 INFO     [psi4.optking.displace:172] 

	        --- Internal Coordinate Step in ANG or DEG, aJ/ANG or AJ/DEG ---
	-------------------------------------------------------------------------------
	           Coordinate      Previous         Force          Change          New 
	           ----------      --------        ------          ------        ------
	               R(1,2)       1.57934        0.58505        0.03959       1.61893
	-------------------------------------------------------------------------------

2025-12-23:10:56:18,942 INFO     [psi4.optking.stepAlgorithms:113] 	|target step| :    0.0748113495
2025-12-23:10:56:18,942 INFO     [psi4.optking.stepAlgorithms:114] 	gradient     :   -0.0710118033
2025-12-23:10:56:18,942 INFO     [psi4.optking.stepAlgorithms:115] 	hessian      :    0.9438991455
2025-12-23:10:56:18,942 INFO     [psi4.optking.stepAlgorithms:113] 	|target step| :    0.0748113495
2025-12-23:10:56:18,942 INFO     [psi4.optking.stepAlgorithms:114] 	gradient     :   -0.0710118033
2025-12-23:10:56:18,942 INFO     [psi4.optking.stepAlgorithms:115] 	hessian      :    0.9438991455
2025-12-23:10:56:18,942 INFO     [psi4.optking.stepAlgorithms:206] 	Norm of achieved step-size    0.0748113495
2025-12-23:10:56:18,942 INFO     [psi4.optking.stepAlgorithms:208] 	Norm of achieved step-size (cart):    0.0528996125
2025-12-23:10:56:18,942 INFO     [psi4.optking.opt_helper:164] Molsys:

	                            ===> Fragment 1 <== 

	 Z (Atomic Numbers)          Masses                          Geom                  
	       6.000000            12.000000          0.00000000  0.00000000  2.25941710   
	      17.000000            34.968853          0.00000000  0.00000000 -0.79991674   

	 - Coordinate -           - BOHR/RAD -       - ANG/DEG -
	 R(1,2)           =         3.059334           1.618930

2025-12-23:10:56:18,942 INFO     [psi4.optking.convcheck:76] Performing convergence check.
2025-12-23:10:56:18,942 INFO     [psi4.optking.convcheck:282] 
	                                 ==> Convergence Check <==                                  
    
	Measures of convergence in internal coordinates in au.
    
	Criteria marked as inactive (o), active & met (*), and active & unmet ( ).

	----------------------------------------------------------------------------------------------
	   Step    Total Energy     Delta E     Max Force     RMS Force      Max Disp      RMS Disp   
	----------------------------------------------------------------------------------------------
	  Convergence Criteria     1.00e-06 *    3.00e-04 *             o    1.20e-03 *             o
	----------------------------------------------------------------------------------------------
	     5    -498.05934035   -1.33e-02      7.10e-02      7.10e-02 o    7.48e-02      7.48e-02 o  ~
	----------------------------------------------------------------------------------------------


2025-12-23:10:56:18,942 INFO     [psi4.optking.stepAlgorithms:296] 	Convergence check returned False
2025-12-23:10:56:18,953 INFO     [psi4.driver.task_planner:259] PLANNING Atomic:  keywords={'DAMPING_PERCENTAGE': 1.0, 'GEOM_MAXITER': 500, 'SCF__GUESS': 'READ', 'GUESS': 'SAP', 'MAXITER': 500, 'REFERENCE': 'UKS', 'function_kwargs': {}}
2025-12-23:10:56:18,954 INFO     [psi4.driver.driver:638] Compute gradient(): method=b3lyp, basis=cc-pvdz, molecule=default, nre=33.34059155058426
2025-12-23:10:56:19,573 INFO     [psi4.driver.driver:641] Return gradient(): -498.0634616325963
2025-12-23:10:56:19,573 INFO     [psi4.driver.driver:642] [[-0.00000000 -0.00000000 -0.04031614]
 [-0.00000000  0.00000000  0.04030132]]
2025-12-23:10:56:19,574 INFO     [psi4.optking.history:269] 	Performing BFGS update.
2025-12-23:10:56:19,575 INFO     [psi4.optking.history:280] 	Using 4 previous steps for update.
2025-12-23:10:56:19,575 WARNING  [psi4.optking.history:301] 	Change in internal coordinate of 5.48e-01 exceeds limit of 5.00e-01.
2025-12-23:10:56:19,575 WARNING  [psi4.optking.history:306] 	Skipping Hessian update for step 2.
2025-12-23:10:56:19,575 WARNING  [psi4.optking.history:301] 	Change in internal coordinate of 7.92e-01 exceeds limit of 5.00e-01.
2025-12-23:10:56:19,575 WARNING  [psi4.optking.history:306] 	Skipping Hessian update for step 1.
2025-12-23:10:56:19,575 INFO     [psi4.optking.history:317] 	Steps to be used in Hessian update:  5 4 3

2025-12-23:10:56:19,575 INFO     [psi4.optking.history:418] 	Updated Hessian (in au) 
 	   0.615949

2025-12-23:10:56:19,575 INFO     [psi4.optking.molsys:944] Projected (PHP) Hessian matrix
	   0.615949

2025-12-23:10:56:19,575 INFO     [psi4.optking.opt_helper:182] 
	         Geometry (au)                                       Gradient (au)
   0.0000000000   0.0000000000   2.2777093387		  -0.0000000000  -0.0000000000  -0.0403161421
   0.0000000000   0.0000000000  -0.7816245020		  -0.0000000000   0.0000000000   0.0403013201

2025-12-23:10:56:19,575 INFO     [psi4.optking.stepAlgorithms:368] 	Current Step Report 
 
	Current energy:      -498.0634616326
	Energy change for the previous step:
		Actual       :        -0.0041212849
		Projected    :        -0.0026562444

2025-12-23:10:56:19,575 INFO     [psi4.optking.stepAlgorithms:371] 	Energy ratio =    1.55155
2025-12-23:10:56:19,575 INFO     [psi4.optking.stepAlgorithms:929] 	Using RFO solution 1.
2025-12-23:10:56:19,575 INFO     [psi4.optking.displace:100] 	Determining Cartesian step for fragment 1.
2025-12-23:10:56:19,576 INFO     [psi4.optking.displace:415] 	Successfully converged to displaced geometry.
2025-12-23:10:56:19,576 INFO     [psi4.optking.displace:416] 	RMS(dx):  0.000e+00 	Max(dx):  0.000e+00 	RMS(dq):  0.000e+00
2025-12-23:10:56:19,576 INFO     [psi4.optking.displace:172] 

	        --- Internal Coordinate Step in ANG or DEG, aJ/ANG or AJ/DEG ---
	-------------------------------------------------------------------------------
	           Coordinate      Previous         Force          Change          New 
	           ----------      --------        ------          ------        ------
	               R(1,2)       1.61893        0.33209        0.03448       1.65341
	-------------------------------------------------------------------------------

2025-12-23:10:56:19,576 INFO     [psi4.optking.stepAlgorithms:113] 	|target step| :    0.0651638204
2025-12-23:10:56:19,576 INFO     [psi4.optking.stepAlgorithms:114] 	gradient     :   -0.0403087311
2025-12-23:10:56:19,576 INFO     [psi4.optking.stepAlgorithms:115] 	hessian      :    0.6159486497
2025-12-23:10:56:19,576 INFO     [psi4.optking.stepAlgorithms:113] 	|target step| :    0.0651638204
2025-12-23:10:56:19,576 INFO     [psi4.optking.stepAlgorithms:114] 	gradient     :   -0.0403087311
2025-12-23:10:56:19,576 INFO     [psi4.optking.stepAlgorithms:115] 	hessian      :    0.6159486497
2025-12-23:10:56:19,576 INFO     [psi4.optking.stepAlgorithms:206] 	Norm of achieved step-size    0.0651638204
2025-12-23:10:56:19,576 INFO     [psi4.optking.stepAlgorithms:208] 	Norm of achieved step-size (cart):    0.0460777793
2025-12-23:10:56:19,576 INFO     [psi4.optking.opt_helper:164] Molsys:

	                            ===> Fragment 1 <== 

	 Z (Atomic Numbers)          Masses                          Geom                  
	       6.000000            12.000000          0.00000000  0.00000000  2.31029125   
	      17.000000            34.968853          0.00000000  0.00000000 -0.81420641   

	 - Coordinate -           - BOHR/RAD -       - ANG/DEG -
	 R(1,2)           =         3.124498           1.653413

2025-12-23:10:56:19,576 INFO     [psi4.optking.convcheck:76] Performing convergence check.
2025-12-23:10:56:19,576 INFO     [psi4.optking.convcheck:282] 
	                                 ==> Convergence Check <==                                  
    
	Measures of convergence in internal coordinates in au.
    
	Criteria marked as inactive (o), active & met (*), and active & unmet ( ).

	----------------------------------------------------------------------------------------------
	   Step    Total Energy     Delta E     Max Force     RMS Force      Max Disp      RMS Disp   
	----------------------------------------------------------------------------------------------
	  Convergence Criteria     1.00e-06 *    3.00e-04 *             o    1.20e-03 *             o
	----------------------------------------------------------------------------------------------
	     6    -498.06346163   -4.12e-03      4.03e-02      4.03e-02 o    6.52e-02      6.52e-02 o  ~
	----------------------------------------------------------------------------------------------


2025-12-23:10:56:19,576 INFO     [psi4.optking.stepAlgorithms:296] 	Convergence check returned False
2025-12-23:10:56:19,587 INFO     [psi4.driver.task_planner:259] PLANNING Atomic:  keywords={'DAMPING_PERCENTAGE': 1.0, 'GEOM_MAXITER': 500, 'SCF__GUESS': 'READ', 'GUESS': 'SAP', 'MAXITER': 500, 'REFERENCE': 'UKS', 'function_kwargs': {}}
2025-12-23:10:56:19,588 INFO     [psi4.driver.driver:638] Compute gradient(): method=b3lyp, basis=cc-pvdz, molecule=default, nre=32.64524767294243
2025-12-23:10:56:20,129 INFO     [psi4.driver.driver:641] Return gradient(): -498.0653594278567
2025-12-23:10:56:20,129 INFO     [psi4.driver.driver:642] [[ 0.00000000  0.00000000 -0.01867496]
 [-0.00000000  0.00000000  0.01866409]]
2025-12-23:10:56:20,131 INFO     [psi4.optking.history:269] 	Performing BFGS update.
2025-12-23:10:56:20,131 INFO     [psi4.optking.history:280] 	Using 4 previous steps for update.
2025-12-23:10:56:20,131 INFO     [psi4.optking.history:317] 	Steps to be used in Hessian update:  6 5 4 3

2025-12-23:10:56:20,131 INFO     [psi4.optking.history:418] 	Updated Hessian (in au) 
 	   0.569735

2025-12-23:10:56:20,132 INFO     [psi4.optking.molsys:944] Projected (PHP) Hessian matrix
	   0.569735

2025-12-23:10:56:20,132 INFO     [psi4.optking.opt_helper:182] 
	         Geometry (au)                                       Gradient (au)
   0.0000000000   0.0000000000   2.3262245547		   0.0000000000   0.0000000000  -0.0186749567
   0.0000000000   0.0000000000  -0.7982731064		  -0.0000000000   0.0000000000   0.0186640921

2025-12-23:10:56:20,132 INFO     [psi4.optking.stepAlgorithms:368] 	Current Step Report 
 
	Current energy:      -498.0653594279
	Energy change for the previous step:
		Actual       :        -0.0018977953
		Projected    :        -0.0013133355

2025-12-23:10:56:20,132 INFO     [psi4.optking.stepAlgorithms:371] 	Energy ratio =    1.44502
2025-12-23:10:56:20,132 INFO     [psi4.optking.stepAlgorithms:929] 	Using RFO solution 1.
2025-12-23:10:56:20,132 INFO     [psi4.optking.displace:100] 	Determining Cartesian step for fragment 1.
2025-12-23:10:56:20,132 INFO     [psi4.optking.displace:415] 	Successfully converged to displaced geometry.
2025-12-23:10:56:20,132 INFO     [psi4.optking.displace:416] 	RMS(dx):  0.000e+00 	Max(dx):  0.000e+00 	RMS(dq):  0.000e+00
2025-12-23:10:56:20,132 INFO     [psi4.optking.displace:172] 

	        --- Internal Coordinate Step in ANG or DEG, aJ/ANG or AJ/DEG ---
	-------------------------------------------------------------------------------
	           Coordinate      Previous         Force          Change          New 
	           ----------      --------        ------          ------        ------
	               R(1,2)       1.65341        0.15381        0.01732       1.67073
	-------------------------------------------------------------------------------

2025-12-23:10:56:20,132 INFO     [psi4.optking.stepAlgorithms:113] 	|target step| :    0.0327336914
2025-12-23:10:56:20,132 INFO     [psi4.optking.stepAlgorithms:114] 	gradient     :   -0.0186695244
2025-12-23:10:56:20,132 INFO     [psi4.optking.stepAlgorithms:115] 	hessian      :    0.5697347072
2025-12-23:10:56:20,132 INFO     [psi4.optking.stepAlgorithms:113] 	|target step| :    0.0327336914
2025-12-23:10:56:20,132 INFO     [psi4.optking.stepAlgorithms:114] 	gradient     :   -0.0186695244
2025-12-23:10:56:20,132 INFO     [psi4.optking.stepAlgorithms:115] 	hessian      :    0.5697347072
2025-12-23:10:56:20,132 INFO     [psi4.optking.stepAlgorithms:206] 	Norm of achieved step-size    0.0327336914
2025-12-23:10:56:20,132 INFO     [psi4.optking.stepAlgorithms:208] 	Norm of achieved step-size (cart):    0.0231462152
2025-12-23:10:56:20,132 INFO     [psi4.optking.opt_helper:164] Molsys:

	                            ===> Fragment 1 <== 

	 Z (Atomic Numbers)          Masses                          Geom                  
	       6.000000            12.000000          0.00000000  0.00000000  2.34259140   
	      17.000000            34.968853          0.00000000  0.00000000 -0.81463995   

	 - Coordinate -           - BOHR/RAD -       - ANG/DEG -
	 R(1,2)           =         3.157231           1.670735

2025-12-23:10:56:20,133 INFO     [psi4.optking.convcheck:76] Performing convergence check.
2025-12-23:10:56:20,133 INFO     [psi4.optking.convcheck:282] 
	                                 ==> Convergence Check <==                                  
    
	Measures of convergence in internal coordinates in au.
    
	Criteria marked as inactive (o), active & met (*), and active & unmet ( ).

	----------------------------------------------------------------------------------------------
	   Step    Total Energy     Delta E     Max Force     RMS Force      Max Disp      RMS Disp   
	----------------------------------------------------------------------------------------------
	  Convergence Criteria     1.00e-06 *    3.00e-04 *             o    1.20e-03 *             o
	----------------------------------------------------------------------------------------------
	     7    -498.06535943   -1.90e-03      1.87e-02      1.87e-02 o    3.27e-02      3.27e-02 o  ~
	----------------------------------------------------------------------------------------------


2025-12-23:10:56:20,133 INFO     [psi4.optking.stepAlgorithms:296] 	Convergence check returned False
2025-12-23:10:56:20,144 INFO     [psi4.driver.task_planner:259] PLANNING Atomic:  keywords={'DAMPING_PERCENTAGE': 1.0, 'GEOM_MAXITER': 500, 'SCF__GUESS': 'READ', 'GUESS': 'SAP', 'MAXITER': 500, 'REFERENCE': 'UKS', 'function_kwargs': {}}
2025-12-23:10:56:20,145 INFO     [psi4.driver.driver:638] Compute gradient(): method=b3lyp, basis=cc-pvdz, molecule=default, nre=32.306786741840874
2025-12-23:10:56:20,640 INFO     [psi4.driver.driver:641] Return gradient(): -498.0658152940877
2025-12-23:10:56:20,640 INFO     [psi4.driver.driver:642] [[ 0.00000000  0.00000000 -0.00936123]
 [ 0.00000000  0.00000000  0.00935073]]
2025-12-23:10:56:20,641 INFO     [psi4.optking.history:269] 	Performing BFGS update.
2025-12-23:10:56:20,641 INFO     [psi4.optking.history:280] 	Using 4 previous steps for update.
2025-12-23:10:56:20,641 INFO     [psi4.optking.history:317] 	Steps to be used in Hessian update:  7 6 5 4

2025-12-23:10:56:20,642 INFO     [psi4.optking.history:418] 	Updated Hessian (in au) 
 	   0.440148

2025-12-23:10:56:20,642 INFO     [psi4.optking.molsys:944] Projected (PHP) Hessian matrix
	   0.440148

2025-12-23:10:56:20,642 INFO     [psi4.optking.opt_helper:182] 
	         Geometry (au)                                       Gradient (au)
   0.0000000000   0.0000000000   2.3505951656		   0.0000000000   0.0000000000  -0.0093612272
   0.0000000000   0.0000000000  -0.8066361869		   0.0000000000   0.0000000000   0.0093507297

2025-12-23:10:56:20,642 INFO     [psi4.optking.stepAlgorithms:368] 	Current Step Report 
 
	Current energy:      -498.0658152941
	Energy change for the previous step:
		Actual       :        -0.0004558662
		Projected    :        -0.0003055612

2025-12-23:10:56:20,642 INFO     [psi4.optking.stepAlgorithms:371] 	Energy ratio =    1.49190
2025-12-23:10:56:20,642 INFO     [psi4.optking.stepAlgorithms:929] 	Using RFO solution 1.
2025-12-23:10:56:20,642 INFO     [psi4.optking.displace:100] 	Determining Cartesian step for fragment 1.
2025-12-23:10:56:20,642 INFO     [psi4.optking.displace:415] 	Successfully converged to displaced geometry.
2025-12-23:10:56:20,642 INFO     [psi4.optking.displace:416] 	RMS(dx):  0.000e+00 	Max(dx):  0.000e+00 	RMS(dq):  0.000e+00
2025-12-23:10:56:20,642 INFO     [psi4.optking.displace:172] 

	        --- Internal Coordinate Step in ANG or DEG, aJ/ANG or AJ/DEG ---
	-------------------------------------------------------------------------------
	           Coordinate      Previous         Force          Change          New 
	           ----------      --------        ------          ------        ------
	               R(1,2)       1.67073        0.07708        0.01124       1.68198
	-------------------------------------------------------------------------------

2025-12-23:10:56:20,642 INFO     [psi4.optking.stepAlgorithms:113] 	|target step| :    0.0212468368
2025-12-23:10:56:20,642 INFO     [psi4.optking.stepAlgorithms:114] 	gradient     :   -0.0093559784
2025-12-23:10:56:20,642 INFO     [psi4.optking.stepAlgorithms:115] 	hessian      :    0.4401481001
2025-12-23:10:56:20,642 INFO     [psi4.optking.stepAlgorithms:113] 	|target step| :    0.0212468368
2025-12-23:10:56:20,642 INFO     [psi4.optking.stepAlgorithms:114] 	gradient     :   -0.0093559784
2025-12-23:10:56:20,642 INFO     [psi4.optking.stepAlgorithms:115] 	hessian      :    0.4401481001
2025-12-23:10:56:20,643 INFO     [psi4.optking.stepAlgorithms:206] 	Norm of achieved step-size    0.0212468368
2025-12-23:10:56:20,643 INFO     [psi4.optking.stepAlgorithms:208] 	Norm of achieved step-size (cart):    0.0150237824
2025-12-23:10:56:20,643 INFO     [psi4.optking.opt_helper:164] Molsys:

	                            ===> Fragment 1 <== 

	 Z (Atomic Numbers)          Masses                          Geom                  
	       6.000000            12.000000          0.00000000  0.00000000  2.36121858   
	      17.000000            34.968853          0.00000000  0.00000000 -0.81725961   

	 - Coordinate -           - BOHR/RAD -       - ANG/DEG -
	 R(1,2)           =         3.178478           1.681978

2025-12-23:10:56:20,643 INFO     [psi4.optking.convcheck:76] Performing convergence check.
2025-12-23:10:56:20,643 INFO     [psi4.optking.convcheck:282] 
	                                 ==> Convergence Check <==                                  
    
	Measures of convergence in internal coordinates in au.
    
	Criteria marked as inactive (o), active & met (*), and active & unmet ( ).

	----------------------------------------------------------------------------------------------
	   Step    Total Energy     Delta E     Max Force     RMS Force      Max Disp      RMS Disp   
	----------------------------------------------------------------------------------------------
	  Convergence Criteria     1.00e-06 *    3.00e-04 *             o    1.20e-03 *             o
	----------------------------------------------------------------------------------------------
	     8    -498.06581529   -4.56e-04      9.36e-03      9.36e-03 o    2.12e-02      2.12e-02 o  ~
	----------------------------------------------------------------------------------------------


2025-12-23:10:56:20,643 INFO     [psi4.optking.stepAlgorithms:296] 	Convergence check returned False
2025-12-23:10:56:20,653 INFO     [psi4.driver.task_planner:259] PLANNING Atomic:  keywords={'DAMPING_PERCENTAGE': 1.0, 'GEOM_MAXITER': 500, 'SCF__GUESS': 'READ', 'GUESS': 'SAP', 'MAXITER': 500, 'REFERENCE': 'UKS', 'function_kwargs': {}}
2025-12-23:10:56:20,654 INFO     [psi4.driver.driver:638] Compute gradient(): method=b3lyp, basis=cc-pvdz, molecule=default, nre=32.09082898284551
2025-12-23:10:56:21,193 INFO     [psi4.driver.driver:641] Return gradient(): -498.06595440988616
2025-12-23:10:56:21,193 INFO     [psi4.driver.driver:642] [[ 0.00000000 -0.00000000 -0.00382144]
 [ 0.00000000  0.00000000  0.00381058]]
2025-12-23:10:56:21,195 INFO     [psi4.optking.history:269] 	Performing BFGS update.
2025-12-23:10:56:21,195 INFO     [psi4.optking.history:280] 	Using 4 previous steps for update.
2025-12-23:10:56:21,195 INFO     [psi4.optking.history:317] 	Steps to be used in Hessian update:  8 7 6 5

2025-12-23:10:56:21,195 INFO     [psi4.optking.history:418] 	Updated Hessian (in au) 
 	   0.346449

2025-12-23:10:56:21,195 INFO     [psi4.optking.molsys:944] Projected (PHP) Hessian matrix
	   0.346449

2025-12-23:10:56:21,195 INFO     [psi4.optking.opt_helper:182] 
	         Geometry (au)                                       Gradient (au)
   0.0000000000   0.0000000000   2.3664136808		   0.0000000000  -0.0000000000  -0.0038214406
   0.0000000000   0.0000000000  -0.8120645086		   0.0000000000   0.0000000000   0.0038105760

2025-12-23:10:56:21,195 INFO     [psi4.optking.stepAlgorithms:368] 	Current Step Report 
 
	Current energy:      -498.0659544099
	Energy change for the previous step:
		Actual       :        -0.0001391158
		Projected    :        -0.0000993925

2025-12-23:10:56:21,195 INFO     [psi4.optking.stepAlgorithms:371] 	Energy ratio =    1.39966
2025-12-23:10:56:21,196 INFO     [psi4.optking.stepAlgorithms:929] 	Using RFO solution 1.
2025-12-23:10:56:21,196 INFO     [psi4.optking.displace:100] 	Determining Cartesian step for fragment 1.
2025-12-23:10:56:21,196 INFO     [psi4.optking.displace:415] 	Successfully converged to displaced geometry.
2025-12-23:10:56:21,196 INFO     [psi4.optking.displace:416] 	RMS(dx):  0.000e+00 	Max(dx):  0.000e+00 	RMS(dq):  0.000e+00
2025-12-23:10:56:21,196 INFO     [psi4.optking.displace:172] 

	        --- Internal Coordinate Step in ANG or DEG, aJ/ANG or AJ/DEG ---
	-------------------------------------------------------------------------------
	           Coordinate      Previous         Force          Change          New 
	           ----------      --------        ------          ------        ------
	               R(1,2)       1.68198        0.03144        0.00583       1.68781
	-------------------------------------------------------------------------------

2025-12-23:10:56:21,196 INFO     [psi4.optking.stepAlgorithms:113] 	|target step| :    0.0110132900
2025-12-23:10:56:21,196 INFO     [psi4.optking.stepAlgorithms:114] 	gradient     :   -0.0038160083
2025-12-23:10:56:21,196 INFO     [psi4.optking.stepAlgorithms:115] 	hessian      :    0.3464491927
2025-12-23:10:56:21,196 INFO     [psi4.optking.stepAlgorithms:113] 	|target step| :    0.0110132900
2025-12-23:10:56:21,196 INFO     [psi4.optking.stepAlgorithms:114] 	gradient     :   -0.0038160083
2025-12-23:10:56:21,196 INFO     [psi4.optking.stepAlgorithms:115] 	hessian      :    0.3464491927
2025-12-23:10:56:21,196 INFO     [psi4.optking.stepAlgorithms:206] 	Norm of achieved step-size    0.0110132900
2025-12-23:10:56:21,196 INFO     [psi4.optking.stepAlgorithms:208] 	Norm of achieved step-size (cart):    0.0077875721
2025-12-23:10:56:21,196 INFO     [psi4.optking.opt_helper:164] Molsys:

	                            ===> Fragment 1 <== 

	 Z (Atomic Numbers)          Masses                          Geom                  
	       6.000000            12.000000          0.00000000  0.00000000  2.37192033   
	      17.000000            34.968853          0.00000000  0.00000000 -0.81757115   

	 - Coordinate -           - BOHR/RAD -       - ANG/DEG -
	 R(1,2)           =         3.189491           1.687806

2025-12-23:10:56:21,196 INFO     [psi4.optking.convcheck:76] Performing convergence check.
2025-12-23:10:56:21,197 INFO     [psi4.optking.convcheck:282] 
	                                 ==> Convergence Check <==                                  
    
	Measures of convergence in internal coordinates in au.
    
	Criteria marked as inactive (o), active & met (*), and active & unmet ( ).

	----------------------------------------------------------------------------------------------
	   Step    Total Energy     Delta E     Max Force     RMS Force      Max Disp      RMS Disp   
	----------------------------------------------------------------------------------------------
	  Convergence Criteria     1.00e-06 *    3.00e-04 *             o    1.20e-03 *             o
	----------------------------------------------------------------------------------------------
	     9    -498.06595441   -1.39e-04      3.82e-03      3.82e-03 o    1.10e-02      1.10e-02 o  ~
	----------------------------------------------------------------------------------------------


2025-12-23:10:56:21,197 INFO     [psi4.optking.stepAlgorithms:296] 	Convergence check returned False
2025-12-23:10:56:21,207 INFO     [psi4.driver.task_planner:259] PLANNING Atomic:  keywords={'DAMPING_PERCENTAGE': 1.0, 'GEOM_MAXITER': 500, 'SCF__GUESS': 'READ', 'GUESS': 'SAP', 'MAXITER': 500, 'REFERENCE': 'UKS', 'function_kwargs': {}}
2025-12-23:10:56:21,209 INFO     [psi4.driver.driver:638] Compute gradient(): method=b3lyp, basis=cc-pvdz, molecule=default, nre=31.980019592376678
2025-12-23:10:56:21,692 INFO     [psi4.driver.driver:641] Return gradient(): -498.06598127365083
2025-12-23:10:56:21,692 INFO     [psi4.driver.driver:642] [[-0.00000000  0.00000000 -0.00109835]
 [ 0.00000000 -0.00000000  0.00108725]]
2025-12-23:10:56:21,694 INFO     [psi4.optking.history:269] 	Performing BFGS update.
2025-12-23:10:56:21,694 INFO     [psi4.optking.history:280] 	Using 4 previous steps for update.
2025-12-23:10:56:21,694 INFO     [psi4.optking.history:317] 	Steps to be used in Hessian update:  9 8 7 6

2025-12-23:10:56:21,694 INFO     [psi4.optking.history:418] 	Updated Hessian (in au) 
 	   0.301296

2025-12-23:10:56:21,694 INFO     [psi4.optking.molsys:944] Projected (PHP) Hessian matrix
	   0.301296

2025-12-23:10:56:21,694 INFO     [psi4.optking.opt_helper:182] 
	         Geometry (au)                                       Gradient (au)
   0.0000000000   0.0000000000   2.3746132022		  -0.0000000000   0.0000000000  -0.0010983498
   0.0000000000   0.0000000000  -0.8148782771		   0.0000000000  -0.0000000000   0.0010872529

2025-12-23:10:56:21,694 INFO     [psi4.optking.stepAlgorithms:368] 	Current Step Report 
 
	Current energy:      -498.0659812737
	Energy change for the previous step:
		Actual       :        -0.0000268638
		Projected    :        -0.0000210134

2025-12-23:10:56:21,694 INFO     [psi4.optking.stepAlgorithms:371] 	Energy ratio =    1.27841
2025-12-23:10:56:21,694 INFO     [psi4.optking.stepAlgorithms:929] 	Using RFO solution 1.
2025-12-23:10:56:21,694 INFO     [psi4.optking.displace:100] 	Determining Cartesian step for fragment 1.
2025-12-23:10:56:21,695 INFO     [psi4.optking.displace:415] 	Successfully converged to displaced geometry.
2025-12-23:10:56:21,695 INFO     [psi4.optking.displace:416] 	RMS(dx):  1.282e-16 	Max(dx):  2.220e-16 	RMS(dq):  0.000e+00
2025-12-23:10:56:21,695 INFO     [psi4.optking.displace:172] 

	        --- Internal Coordinate Step in ANG or DEG, aJ/ANG or AJ/DEG ---
	-------------------------------------------------------------------------------
	           Coordinate      Previous         Force          Change          New 
	           ----------      --------        ------          ------        ------
	               R(1,2)       1.68781        0.00900        0.00192       1.68973
	-------------------------------------------------------------------------------

2025-12-23:10:56:21,695 INFO     [psi4.optking.stepAlgorithms:113] 	|target step| :    0.0036269590
2025-12-23:10:56:21,695 INFO     [psi4.optking.stepAlgorithms:114] 	gradient     :   -0.0010928013
2025-12-23:10:56:21,695 INFO     [psi4.optking.stepAlgorithms:115] 	hessian      :    0.3012956455
2025-12-23:10:56:21,695 INFO     [psi4.optking.stepAlgorithms:113] 	|target step| :    0.0036269590
2025-12-23:10:56:21,695 INFO     [psi4.optking.stepAlgorithms:114] 	gradient     :   -0.0010928013
2025-12-23:10:56:21,695 INFO     [psi4.optking.stepAlgorithms:115] 	hessian      :    0.3012956455
2025-12-23:10:56:21,695 INFO     [psi4.optking.stepAlgorithms:206] 	Norm of achieved step-size    0.0036269590
2025-12-23:10:56:21,695 INFO     [psi4.optking.stepAlgorithms:208] 	Norm of achieved step-size (cart):    0.0025646473
2025-12-23:10:56:21,695 INFO     [psi4.optking.opt_helper:164] Molsys:

	                            ===> Fragment 1 <== 

	 Z (Atomic Numbers)          Masses                          Geom                  
	       6.000000            12.000000          0.00000000  0.00000000  2.37642668   
	      17.000000            34.968853          0.00000000  0.00000000 -0.81669176   

	 - Coordinate -           - BOHR/RAD -       - ANG/DEG -
	 R(1,2)           =         3.193118           1.689726

2025-12-23:10:56:21,695 INFO     [psi4.optking.convcheck:76] Performing convergence check.
2025-12-23:10:56:21,695 INFO     [psi4.optking.convcheck:282] 
	                                 ==> Convergence Check <==                                  
    
	Measures of convergence in internal coordinates in au.
    
	Criteria marked as inactive (o), active & met (*), and active & unmet ( ).

	----------------------------------------------------------------------------------------------
	   Step    Total Energy     Delta E     Max Force     RMS Force      Max Disp      RMS Disp   
	----------------------------------------------------------------------------------------------
	  Convergence Criteria     1.00e-06 *    3.00e-04 *             o    1.20e-03 *             o
	----------------------------------------------------------------------------------------------
	    10    -498.06598127   -2.69e-05      1.09e-03      1.09e-03 o    3.63e-03      3.63e-03 o  ~
	----------------------------------------------------------------------------------------------


2025-12-23:10:56:21,695 INFO     [psi4.optking.stepAlgorithms:296] 	Convergence check returned False
2025-12-23:10:56:21,705 INFO     [psi4.driver.task_planner:259] PLANNING Atomic:  keywords={'DAMPING_PERCENTAGE': 1.0, 'GEOM_MAXITER': 500, 'SCF__GUESS': 'READ', 'GUESS': 'SAP', 'MAXITER': 500, 'REFERENCE': 'UKS', 'function_kwargs': {}}
2025-12-23:10:56:21,707 INFO     [psi4.driver.driver:638] Compute gradient(): method=b3lyp, basis=cc-pvdz, molecule=default, nre=31.94369453173931
2025-12-23:10:56:22,223 INFO     [psi4.driver.driver:641] Return gradient(): -498.0659836208742
2025-12-23:10:56:22,224 INFO     [psi4.driver.driver:642] [[ 0.00000000  0.00000000 -0.00022311]
 [-0.00000000  0.00000000  0.00021194]]
2025-12-23:10:56:22,225 INFO     [psi4.optking.history:269] 	Performing BFGS update.
2025-12-23:10:56:22,225 INFO     [psi4.optking.history:280] 	Using 4 previous steps for update.
2025-12-23:10:56:22,225 INFO     [psi4.optking.history:317] 	Steps to be used in Hessian update:  10 9 8 7

2025-12-23:10:56:22,226 INFO     [psi4.optking.history:418] 	Updated Hessian (in au) 
 	   0.268898

2025-12-23:10:56:22,226 INFO     [psi4.optking.molsys:944] Projected (PHP) Hessian matrix
	   0.268898

2025-12-23:10:56:22,226 INFO     [psi4.optking.opt_helper:182] 
	         Geometry (au)                                       Gradient (au)
   0.0000000000   0.0000000000   2.3773135151		   0.0000000000   0.0000000000  -0.0002231070
   0.0000000000   0.0000000000  -0.8158049233		  -0.0000000000   0.0000000000   0.0002119411

2025-12-23:10:56:22,226 INFO     [psi4.optking.stepAlgorithms:368] 	Current Step Report 
 
	Current energy:      -498.0659836209
	Energy change for the previous step:
		Actual       :        -0.0000023472
		Projected    :        -0.0000019818

2025-12-23:10:56:22,226 INFO     [psi4.optking.stepAlgorithms:371] 	Energy ratio =    1.18441
2025-12-23:10:56:22,226 INFO     [psi4.optking.stepAlgorithms:929] 	Using RFO solution 1.
2025-12-23:10:56:22,226 INFO     [psi4.optking.displace:100] 	Determining Cartesian step for fragment 1.
2025-12-23:10:56:22,226 INFO     [psi4.optking.displace:415] 	Successfully converged to displaced geometry.
2025-12-23:10:56:22,226 INFO     [psi4.optking.displace:416] 	RMS(dx):  0.000e+00 	Max(dx):  0.000e+00 	RMS(dq):  0.000e+00
2025-12-23:10:56:22,226 INFO     [psi4.optking.displace:172] 

	        --- Internal Coordinate Step in ANG or DEG, aJ/ANG or AJ/DEG ---
	-------------------------------------------------------------------------------
	           Coordinate      Previous         Force          Change          New 
	           ----------      --------        ------          ------        ------
	               R(1,2)       1.68973        0.00179        0.00043       1.69015
	-------------------------------------------------------------------------------

2025-12-23:10:56:22,226 INFO     [psi4.optking.stepAlgorithms:113] 	|target step| :    0.0008089453
2025-12-23:10:56:22,226 INFO     [psi4.optking.stepAlgorithms:114] 	gradient     :   -0.0002175240
2025-12-23:10:56:22,226 INFO     [psi4.optking.stepAlgorithms:115] 	hessian      :    0.2688981540
2025-12-23:10:56:22,226 INFO     [psi4.optking.stepAlgorithms:113] 	|target step| :    0.0008089453
2025-12-23:10:56:22,226 INFO     [psi4.optking.stepAlgorithms:114] 	gradient     :   -0.0002175240
2025-12-23:10:56:22,226 INFO     [psi4.optking.stepAlgorithms:115] 	hessian      :    0.2688981540
2025-12-23:10:56:22,226 INFO     [psi4.optking.stepAlgorithms:206] 	Norm of achieved step-size    0.0008089453
2025-12-23:10:56:22,227 INFO     [psi4.optking.stepAlgorithms:208] 	Norm of achieved step-size (cart):    0.0005720107
2025-12-23:10:56:22,227 INFO     [psi4.optking.opt_helper:164] Molsys:

	                            ===> Fragment 1 <== 

	 Z (Atomic Numbers)          Masses                          Geom                  
	       6.000000            12.000000          0.00000000  0.00000000  2.37771799   
	      17.000000            34.968853          0.00000000  0.00000000 -0.81620940   

	 - Coordinate -           - BOHR/RAD -       - ANG/DEG -
	 R(1,2)           =         3.193927           1.690154

2025-12-23:10:56:22,227 INFO     [psi4.optking.convcheck:76] Performing convergence check.
2025-12-23:10:56:22,227 INFO     [psi4.optking.convcheck:282] 
	                                 ==> Convergence Check <==                                  
    
	Measures of convergence in internal coordinates in au.
    
	Criteria marked as inactive (o), active & met (*), and active & unmet ( ).

	----------------------------------------------------------------------------------------------
	   Step    Total Energy     Delta E     Max Force     RMS Force      Max Disp      RMS Disp   
	----------------------------------------------------------------------------------------------
	  Convergence Criteria     1.00e-06 *    3.00e-04 *             o    1.20e-03 *             o
	----------------------------------------------------------------------------------------------
	    11    -498.06598362   -2.35e-06      2.18e-04 *    2.18e-04 o    8.09e-04 *    8.09e-04 o  ~
	----------------------------------------------------------------------------------------------


2025-12-23:10:56:22,227 INFO     [psi4.optking.convcheck:206] 
	                      ===> Final Convergence Report <===                     

	----------------------------------------------------------------------------
	|   Required Criteria    |  One or More Criteria  |   Alternate Criteria   |
	----------------------------------------------------------------------------
	| [x]     max_force      | [ ]       max_DE       |                        |
	|                        | [x]      max_disp      |                        |
	----------------------------------------------------------------------------


2025-12-23:10:56:22,227 INFO     [psi4.optking.stepAlgorithms:296] 	Convergence check returned True
2025-12-23:10:56:22,227 INFO     [psi4.optking.optimize:332] 	Converged in 11 steps!
2025-12-23:10:56:22,227 INFO     [psi4.optking.optimize:333] 	Final energy is   -498.0659836208742
2025-12-23:10:56:22,227 INFO     [psi4.optking.optimize:334] 	Final structure (Angstroms): 
	Fragment 1 (Ang)

	    C   0.0000000000   0.0000000000   1.2582341725
	   Cl   0.0000000000   0.0000000000  -0.4319194115


2025-12-23:10:56:22,228 INFO     [psi4.optking.optimize:562] 	Optimization Finished

	==> Optimization Summary <==

        
	Measures of convergence in internal coordinates in au. (Any backward steps not shown.)
        
	---------------------------------------------------------------------------------------------------------------  ~
        
	 Step         Total Energy             Delta E       MAX Force       RMS Force        MAX Disp        RMS Disp   ~
        
	---------------------------------------------------------------------------------------------------------------  ~
        
	     1    -497.754226208791   -497.754226208791      1.08313691      1.08313691      0.24361573      0.24361573  ~
	     2    -497.942039563028     -0.187813354237      0.51769830      0.51769830      0.21293397      0.21293397  ~
	     3    -498.020722831212     -0.078683268184      0.24672100      0.24672100      0.13231270      0.13231270  ~
	     4    -498.046001388266     -0.025278557054      0.14170746      0.14170746      0.12798875      0.12798875  ~
	     5    -498.059340347655     -0.013338959389      0.07101180      0.07101180      0.07481135      0.07481135  ~
	     6    -498.063461632596     -0.004121284942      0.04030873      0.04030873      0.06516382      0.06516382  ~
	     7    -498.065359427857     -0.001897795260      0.01866952      0.01866952      0.03273369      0.03273369  ~
	     8    -498.065815294088     -0.000455866231      0.00935598      0.00935598      0.02124684      0.02124684  ~
	     9    -498.065954409886     -0.000139115798      0.00381601      0.00381601      0.01101329      0.01101329  ~
	    10    -498.065981273651     -0.000026863765      0.00109280      0.00109280      0.00362696      0.00362696  ~
	    11    -498.065983620874     -0.000002347223      0.00021752      0.00021752      0.00080895      0.00080895  ~
	----------------------------------------------------------------------------------------------------------------


2025-12-23:10:56:22,228 INFO     [psi4.optking.optimize:806] Preparing OptimizationResult
