2025-12-23:10:44:44,473 WARNING  [psi4.optking:38] Some dependencies such as QCElemental have not yet finished migration to pydantic v2. If issues are encountered please downgrade pydantic or upgrade QCElemental as appropriate
2025-12-23:10:44:44,631 INFO     [psi4.optking.optwrapper:234] Creating a UserComputer
2025-12-23:10:44:44,631 INFO     [psi4.optking.optwrapper:242] 
    			-----------------------------------------

    			 OPTKING 3.0: for geometry optimizations 

    			     By R.A. King, Bethel University     

    			        with contributions from          

    			    A.V. Copan, J. Cayton, A. Heide      

    			-----------------------------------------

    
2025-12-23:10:44:44,632 INFO     [psi4.optking.optwrapper:272] 
		 -- Optimization Parameters --
	GEOM_MAXITER                   =             500
	ALG_GEOM_MAXITER               =              50
	PRINT                          =               1
	OPT_TYPE                       =             MIN
	STEP_TYPE                      =             RFO
	PROGRAM                        =            PSI4
	STEEPEST_DESCENT_TYPE          =         OVERLAP
	CONJUGATE_GRADIENT_TYPE        =        FLETCHER
	OPT_COORDINATES                =        INTERNAL
	RFO_FOLLOW_ROOT                =           False
	RFO_ROOT                       =               0
	ACCEPT_SYMMETRY_BREAKING       =           False
	DYNAMIC_LVL                    =               0
	DYNAMIC_LVL_MAX                =               0
	IRC_STEP_SIZE                  =             0.2
	IRC_DIRECTION                  =         FORWARD
	IRC_POINTS                     =              20
	IRC_MODE                       =          NORMAL
	IRC_CONVERGENCE                =            -0.7
	INTRAFRAG_STEP_LIMIT           =             0.5
	INTRAFRAG_STEP_LIMIT_MIN       =           0.001
	INTRAFRAG_STEP_LIMIT_MAX       =             1.0
	INTERFRAG_STEP_LIMIT           =             0.5
	INTERFRAG_STEP_LIMIT_MIN       =           0.001
	INTERFRAG_STEP_LIMIT_MAX       =             1.0
	ENSURE_BT_CONVERGENCE          =           False
	SIMPLE_STEP_SCALING            =           False
	CONSECUTIVE_BACKSTEPS          =               0
	RFO_NORMALIZATION_MAX          =             100
	RSRFO_ALPHA_MAX                =     100000000.0
	PRINT_TRAJECTORY_XYZ_FILE      =           False
	WRITE_TRAJECTORY               =           False
	FROZEN_DISTANCE                =                
	FROZEN_BEND                    =                
	FROZEN_DIHEDRAL                =                
	FROZEN_OOFP                    =                
	FROZEN_CARTESIAN               =                
	FREEZE_ALL_DIHEDRALS           =           False
	UNFREEZE_DIHEDRALS             =                
	RANGED_DISTANCE                =                
	RANGED_BEND                    =                
	RANGED_DIHEDRAL                =                
	RANGED_OOFP                    =                
	RANGED_CARTESIAN               =                
	EXT_FORCE_DISTANCE             =                
	EXT_FORCE_BEND                 =                
	EXT_FORCE_DIHEDRAL             =                
	EXT_FORCE_OOFP                 =                
	EXT_FORCE_CARTESIAN            =                
	G_CONVERGENCE                  =           QCHEM
	MAX_FORCE_G_CONVERGENCE        =          0.0003
	RMS_FORCE_G_CONVERGENCE        =          0.0003
	MAX_ENERGY_G_CONVERGENCE       =           1e-06
	MAX_DISP_G_CONVERGENCE         =          0.0012
	RMS_DISP_G_CONVERGENCE         =          0.0012
	FLEXIBLE_G_CONVERGENCE         =           False
	HESS_UPDATE                    =            BFGS
	HESS_UPDATE_USE_LAST           =               4
	HESS_UPDATE_LIMIT              =            True
	HESS_UPDATE_LIMIT_MAX          =             1.0
	HESS_UPDATE_LIMIT_SCALE        =             0.5
	HESS_UPDATE_DEN_TOL            =           1e-07
	HESS_UPDATE_DQ_TOL             =             0.5
	CART_HESS_READ                 =           False
	HESSIAN_FILE                   =               .
	FULL_HESS_EVERY                =              -1
	INTRAFRAG_HESS                 =        SCHLEGEL
	H_GUESS_EVERY                  =           False
	BT_MAX_ITER                    =              25
	BT_DX_CONV                     =           1e-07
	BT_DX_RMS_CHANGE_CONV          =           1e-12
	BT_PINV_RCOND                  =           1e-06
	FRAG_MODE                      =          SINGLE
	FRAG_REF_ATOMS                 =              []
	FREEZE_INTRAFRAG               =           False
	INTERFRAG_MODE                 =           FIXED
	ADD_AUXILIARY_BONDS            =           False
	AUXILIARY_BOND_FACTOR          =             2.5
	INTERFRAG_DIST_INV             =           False
	INTERFRAG_COLLINEAR_TOL        =            0.01
	INTERFRAG_COORDS               =              []
	INTERFRAG_HESS                 =         DEFAULT
	COVALENT_CONNECT               =             1.3
	INTERFRAGMENT_CONNECT          =             1.8
	H_BOND_CONNECT                 =             4.3
	INCLUDE_OOFP                   =           False
	TEST_B                         =           False
	TEST_DERIVATIVE_B              =           False
	LINESEARCH_STEP                =             0.1
	LINESEARCH                     =           False
	SD_HESSIAN                     =             1.0
	FIX_VAL_NEAR_PI                =            1.57
	V3D_TORS_ANGLE_LIM             =           0.017
	V3D_TORS_COS_TOL               =           1e-10
	LINEAR_BEND_THRESHOLD          =            3.05
	SMALL_BEND_FIX_THRESHOLD       =            0.35
	REDUNDANT_EVAL_TOL             =           1e-10
	LINEAR_ALGEBRA_TOL             =           1e-10


2025-12-23:10:44:44,768 INFO     [psi4.optking.opt_helper:164] Molsys:

	                            ===> Fragment 1 <== 

	 Z (Atomic Numbers)          Masses                          Geom                  
	       4.000000             9.012183          0.00000000  0.00000000  1.56307094   
	      10.000000            19.992440          0.00000000  0.00000000 -0.70460041   

	 - Coordinate -           - BOHR/RAD -       - ANG/DEG -
	 R(1,2)           =         2.267671           1.200000

2025-12-23:10:44:44,778 INFO     [psi4.driver.task_planner:259] PLANNING Atomic:  keywords={'DAMPING_PERCENTAGE': 1.0, 'GEOM_MAXITER': 500, 'GUESS': 'SAP', 'MAXITER': 500, 'REFERENCE': 'UKS', 'function_kwargs': {}}
2025-12-23:10:44:44,779 INFO     [psi4.driver.driver:638] Compute gradient(): method=b3lyp, basis=cc-pvdz, molecule=default, nre=17.63924035566667
2025-12-23:10:44:45,169 INFO     [psi4.driver.driver:641] Return gradient(): -142.5890469440236
2025-12-23:10:44:45,170 INFO     [psi4.driver.driver:642] [[ 0.00000000  0.00000000 -0.53088529]
 [ 0.00000000  0.00000000  0.53101080]]
2025-12-23:10:44:45,172 INFO     [psi4.optking.molsys:944] Projected (PHP) Hessian matrix
	   1.048231

2025-12-23:10:44:45,172 INFO     [psi4.optking.opt_helper:182] 
	         Geometry (au)                                       Gradient (au)
   0.0000000000   0.0000000000   1.5630709435		   0.0000000000   0.0000000000  -0.5308852867
   0.0000000000   0.0000000000  -0.7046004071		   0.0000000000   0.0000000000   0.5310107997

2025-12-23:10:44:45,172 INFO     [psi4.optking.stepAlgorithms:929] 	Using RFO solution 1.
2025-12-23:10:44:45,172 INFO     [psi4.optking.displace:100] 	Determining Cartesian step for fragment 1.
2025-12-23:10:44:45,172 INFO     [psi4.optking.displace:415] 	Successfully converged to displaced geometry.
2025-12-23:10:44:45,172 INFO     [psi4.optking.displace:416] 	RMS(dx):  0.000e+00 	Max(dx):  0.000e+00 	RMS(dq):  0.000e+00
2025-12-23:10:44:45,172 INFO     [psi4.optking.displace:172] 

	        --- Internal Coordinate Step in ANG or DEG, aJ/ANG or AJ/DEG ---
	-------------------------------------------------------------------------------
	           Coordinate      Previous         Force          Change          New 
	           ----------      --------        ------          ------        ------
	               R(1,2)       1.20000        4.37433        0.22120       1.42120
	-------------------------------------------------------------------------------

2025-12-23:10:44:45,172 INFO     [psi4.optking.stepAlgorithms:113] 	|target step| :    0.4180122350
2025-12-23:10:44:45,172 INFO     [psi4.optking.stepAlgorithms:114] 	gradient     :   -0.5309480432
2025-12-23:10:44:45,173 INFO     [psi4.optking.stepAlgorithms:115] 	hessian      :    1.0482306732
2025-12-23:10:44:45,173 INFO     [psi4.optking.stepAlgorithms:113] 	|target step| :    0.4180122350
2025-12-23:10:44:45,173 INFO     [psi4.optking.stepAlgorithms:114] 	gradient     :   -0.5309480432
2025-12-23:10:44:45,173 INFO     [psi4.optking.stepAlgorithms:115] 	hessian      :    1.0482306732
2025-12-23:10:44:45,173 INFO     [psi4.optking.stepAlgorithms:206] 	Norm of achieved step-size    0.4180122350
2025-12-23:10:44:45,173 INFO     [psi4.optking.stepAlgorithms:208] 	Norm of achieved step-size (cart):    0.2955792860
2025-12-23:10:44:45,173 INFO     [psi4.optking.opt_helper:164] Molsys:

	                            ===> Fragment 1 <== 

	 Z (Atomic Numbers)          Masses                          Geom                  
	       4.000000             9.012183          0.00000000  0.00000000  1.77207706   
	      10.000000            19.992440          0.00000000  0.00000000 -0.91360652   

	 - Coordinate -           - BOHR/RAD -       - ANG/DEG -
	 R(1,2)           =         2.685684           1.421203

2025-12-23:10:44:45,173 INFO     [psi4.optking.convcheck:76] Performing convergence check.
2025-12-23:10:44:45,173 INFO     [psi4.optking.convcheck:282] 
	                                 ==> Convergence Check <==                                  
    
	Measures of convergence in internal coordinates in au.
    
	Criteria marked as inactive (o), active & met (*), and active & unmet ( ).

	----------------------------------------------------------------------------------------------~
	   Step    Total Energy     Delta E     Max Force     RMS Force      Max Disp      RMS Disp   ~
	----------------------------------------------------------------------------------------------~
	  Convergence Criteria     1.00e-06 *    3.00e-04 *             o    1.20e-03 *             o~
	----------------------------------------------------------------------------------------------~
	     1    -142.58904694   -1.43e+02      5.31e-01      5.31e-01 o    4.18e-01      4.18e-01 o  ~
	----------------------------------------------------------------------------------------------


2025-12-23:10:44:45,173 INFO     [psi4.optking.stepAlgorithms:296] 	Convergence check returned False
2025-12-23:10:44:45,184 INFO     [psi4.driver.task_planner:259] PLANNING Atomic:  keywords={'DAMPING_PERCENTAGE': 1.0, 'GEOM_MAXITER': 500, 'SCF__GUESS': 'READ', 'GUESS': 'SAP', 'MAXITER': 500, 'REFERENCE': 'UKS', 'function_kwargs': {}}
2025-12-23:10:44:45,186 INFO     [psi4.driver.driver:638] Compute gradient(): method=b3lyp, basis=cc-pvdz, molecule=default, nre=14.893787271109248
2025-12-23:10:44:45,496 INFO     [psi4.driver.driver:641] Return gradient(): -142.73777681896263
2025-12-23:10:44:45,496 INFO     [psi4.driver.driver:642] [[ 0.00000000 -0.00000000 -0.23192026]
 [ 0.00000000  0.00000000  0.23202507]]
2025-12-23:10:44:45,498 INFO     [psi4.optking.history:269] 	Performing BFGS update.
2025-12-23:10:44:45,498 INFO     [psi4.optking.history:280] 	Using 1 previous steps for update.
2025-12-23:10:44:45,498 INFO     [psi4.optking.history:317] 	Steps to be used in Hessian update:  1

2025-12-23:10:44:45,498 INFO     [psi4.optking.history:418] 	Updated Hessian (in au) 
 	   0.715231

2025-12-23:10:44:45,498 INFO     [psi4.optking.molsys:944] Projected (PHP) Hessian matrix
	   0.715231

2025-12-23:10:44:45,498 INFO     [psi4.optking.opt_helper:182] 
	         Geometry (au)                                       Gradient (au)
   0.0000000000   0.0000000000   1.8512003403		   0.0000000000  -0.0000000000  -0.2319202563
   0.0000000000   0.0000000000  -0.8344832452		   0.0000000000   0.0000000000   0.2320250692

2025-12-23:10:44:45,498 INFO     [psi4.optking.stepAlgorithms:368] 	Current Step Report 
 
	Current energy:      -142.7377768190
	Energy change for the previous step:
		Actual       :        -0.1487298749
		Projected    :        -0.1109713891

2025-12-23:10:44:45,498 INFO     [psi4.optking.stepAlgorithms:371] 	Energy ratio =    1.34025
2025-12-23:10:44:45,498 INFO     [psi4.optking.stepAlgorithms:399] 	Energy ratio indicates good step.
2025-12-23:10:44:45,498 INFO     [psi4.optking.stepAlgorithms:400] 	Intrafrag trust radius increased to      1.
2025-12-23:10:44:45,499 INFO     [psi4.optking.stepAlgorithms:929] 	Using RFO solution 1.
2025-12-23:10:44:45,499 INFO     [psi4.optking.displace:100] 	Determining Cartesian step for fragment 1.
2025-12-23:10:44:45,499 INFO     [psi4.optking.displace:415] 	Successfully converged to displaced geometry.
2025-12-23:10:44:45,499 INFO     [psi4.optking.displace:416] 	RMS(dx):  0.000e+00 	Max(dx):  0.000e+00 	RMS(dq):  0.000e+00
2025-12-23:10:44:45,499 INFO     [psi4.optking.displace:172] 

	        --- Internal Coordinate Step in ANG or DEG, aJ/ANG or AJ/DEG ---
	-------------------------------------------------------------------------------
	           Coordinate      Previous         Force          Change          New 
	           ----------      --------        ------          ------        ------
	               R(1,2)       1.42120        1.91116        0.15660       1.57780
	-------------------------------------------------------------------------------

2025-12-23:10:44:45,499 INFO     [psi4.optking.stepAlgorithms:113] 	|target step| :    0.2959292929
2025-12-23:10:44:45,499 INFO     [psi4.optking.stepAlgorithms:114] 	gradient     :   -0.2319726627
2025-12-23:10:44:45,499 INFO     [psi4.optking.stepAlgorithms:115] 	hessian      :    0.7152311714
2025-12-23:10:44:45,499 INFO     [psi4.optking.stepAlgorithms:113] 	|target step| :    0.2959292929
2025-12-23:10:44:45,499 INFO     [psi4.optking.stepAlgorithms:114] 	gradient     :   -0.2319726627
2025-12-23:10:44:45,499 INFO     [psi4.optking.stepAlgorithms:115] 	hessian      :    0.7152311714
2025-12-23:10:44:45,499 INFO     [psi4.optking.stepAlgorithms:206] 	Norm of achieved step-size    0.2959292929
2025-12-23:10:44:45,499 INFO     [psi4.optking.stepAlgorithms:208] 	Norm of achieved step-size (cart):    0.2092536097
2025-12-23:10:44:45,499 INFO     [psi4.optking.opt_helper:164] Molsys:

	                            ===> Fragment 1 <== 

	 Z (Atomic Numbers)          Masses                          Geom                  
	       4.000000             9.012183          0.00000000  0.00000000  1.99916499   
	      10.000000            19.992440          0.00000000  0.00000000 -0.98244789   

	 - Coordinate -           - BOHR/RAD -       - ANG/DEG -
	 R(1,2)           =         2.981613           1.577802

2025-12-23:10:44:45,500 INFO     [psi4.optking.convcheck:76] Performing convergence check.
2025-12-23:10:44:45,500 INFO     [psi4.optking.convcheck:282] 
	                                 ==> Convergence Check <==                                  
    
	Measures of convergence in internal coordinates in au.
    
	Criteria marked as inactive (o), active & met (*), and active & unmet ( ).

	----------------------------------------------------------------------------------------------
	   Step    Total Energy     Delta E     Max Force     RMS Force      Max Disp      RMS Disp   
	----------------------------------------------------------------------------------------------
	  Convergence Criteria     1.00e-06 *    3.00e-04 *             o    1.20e-03 *             o
	----------------------------------------------------------------------------------------------
	     2    -142.73777682   -1.49e-01      2.32e-01      2.32e-01 o    2.96e-01      2.96e-01 o  ~
	----------------------------------------------------------------------------------------------


2025-12-23:10:44:45,500 INFO     [psi4.optking.stepAlgorithms:296] 	Convergence check returned False
2025-12-23:10:44:45,510 INFO     [psi4.driver.task_planner:259] PLANNING Atomic:  keywords={'DAMPING_PERCENTAGE': 1.0, 'GEOM_MAXITER': 500, 'SCF__GUESS': 'READ', 'GUESS': 'SAP', 'MAXITER': 500, 'REFERENCE': 'UKS', 'function_kwargs': {}}
2025-12-23:10:44:45,512 INFO     [psi4.driver.driver:638] Compute gradient(): method=b3lyp, basis=cc-pvdz, molecule=default, nre=13.415557831130155
2025-12-23:10:44:45,829 INFO     [psi4.driver.driver:641] Return gradient(): -142.79167511185298
2025-12-23:10:44:45,829 INFO     [psi4.driver.driver:642] [[-0.00000000  0.00000000 -0.14156882]
 [ 0.00000000  0.00000000  0.14166644]]
2025-12-23:10:44:45,830 INFO     [psi4.optking.history:269] 	Performing BFGS update.
2025-12-23:10:44:45,830 INFO     [psi4.optking.history:280] 	Using 2 previous steps for update.
2025-12-23:10:44:45,830 WARNING  [psi4.optking.history:301] 	Change in internal coordinate of 7.14e-01 exceeds limit of 5.00e-01.
2025-12-23:10:44:45,831 WARNING  [psi4.optking.history:306] 	Skipping Hessian update for step 1.
2025-12-23:10:44:45,831 INFO     [psi4.optking.history:317] 	Steps to be used in Hessian update:  2

2025-12-23:10:44:45,831 INFO     [psi4.optking.history:418] 	Updated Hessian (in au) 
 	   0.305326

2025-12-23:10:44:45,831 INFO     [psi4.optking.molsys:944] Projected (PHP) Hessian matrix
	   0.305326

2025-12-23:10:44:45,831 INFO     [psi4.optking.opt_helper:182] 
	         Geometry (au)                                       Gradient (au)
   0.0000000000   0.0000000000   2.0551798451		  -0.0000000000   0.0000000000  -0.1415688227
   0.0000000000   0.0000000000  -0.9264330333		   0.0000000000   0.0000000000   0.1416664440

2025-12-23:10:44:45,831 INFO     [psi4.optking.stepAlgorithms:368] 	Current Step Report 
 
	Current energy:      -142.7916751119
	Energy change for the previous step:
		Actual       :        -0.0538982929
		Projected    :        -0.0343237530

2025-12-23:10:44:45,831 INFO     [psi4.optking.stepAlgorithms:371] 	Energy ratio =    1.57029
2025-12-23:10:44:45,831 INFO     [psi4.optking.stepAlgorithms:929] 	Using RFO solution 1.
2025-12-23:10:44:45,831 INFO     [psi4.optking.displace:100] 	Determining Cartesian step for fragment 1.
2025-12-23:10:44:45,831 INFO     [psi4.optking.displace:415] 	Successfully converged to displaced geometry.
2025-12-23:10:44:45,831 INFO     [psi4.optking.displace:416] 	RMS(dx):  1.282e-16 	Max(dx):  2.220e-16 	RMS(dq):  0.000e+00
2025-12-23:10:44:45,831 INFO     [psi4.optking.displace:172] 

	        --- Internal Coordinate Step in ANG or DEG, aJ/ANG or AJ/DEG ---
	-------------------------------------------------------------------------------
	           Coordinate      Previous         Force          Change          New 
	           ----------      --------        ------          ------        ------
	               R(1,2)       1.57780        1.16675        0.20765       1.78545
	-------------------------------------------------------------------------------

2025-12-23:10:44:45,831 INFO     [psi4.optking.stepAlgorithms:113] 	|target step| :    0.3924038012
2025-12-23:10:44:45,831 INFO     [psi4.optking.stepAlgorithms:114] 	gradient     :   -0.1416176334
2025-12-23:10:44:45,831 INFO     [psi4.optking.stepAlgorithms:115] 	hessian      :    0.3053264126
2025-12-23:10:44:45,831 INFO     [psi4.optking.stepAlgorithms:113] 	|target step| :    0.3924038012
2025-12-23:10:44:45,831 INFO     [psi4.optking.stepAlgorithms:114] 	gradient     :   -0.1416176334
2025-12-23:10:44:45,831 INFO     [psi4.optking.stepAlgorithms:115] 	hessian      :    0.3053264126
2025-12-23:10:44:45,831 INFO     [psi4.optking.stepAlgorithms:206] 	Norm of achieved step-size    0.3924038012
2025-12-23:10:44:45,832 INFO     [psi4.optking.stepAlgorithms:208] 	Norm of achieved step-size (cart):    0.2774713888
2025-12-23:10:44:45,832 INFO     [psi4.optking.opt_helper:164] Molsys:

	                            ===> Fragment 1 <== 

	 Z (Atomic Numbers)          Masses                          Geom                  
	       4.000000             9.012183          0.00000000  0.00000000  2.25138175   
	      10.000000            19.992440          0.00000000  0.00000000 -1.12263493   

	 - Coordinate -           - BOHR/RAD -       - ANG/DEG -
	 R(1,2)           =         3.374017           1.785453

2025-12-23:10:44:45,832 INFO     [psi4.optking.convcheck:76] Performing convergence check.
2025-12-23:10:44:45,832 INFO     [psi4.optking.convcheck:282] 
	                                 ==> Convergence Check <==                                  
    
	Measures of convergence in internal coordinates in au.
    
	Criteria marked as inactive (o), active & met (*), and active & unmet ( ).

	----------------------------------------------------------------------------------------------
	   Step    Total Energy     Delta E     Max Force     RMS Force      Max Disp      RMS Disp   
	----------------------------------------------------------------------------------------------
	  Convergence Criteria     1.00e-06 *    3.00e-04 *             o    1.20e-03 *             o
	----------------------------------------------------------------------------------------------
	     3    -142.79167511   -5.39e-02      1.42e-01      1.42e-01 o    3.92e-01      3.92e-01 o  ~
	----------------------------------------------------------------------------------------------


2025-12-23:10:44:45,832 INFO     [psi4.optking.stepAlgorithms:296] 	Convergence check returned False
2025-12-23:10:44:45,842 INFO     [psi4.driver.task_planner:259] PLANNING Atomic:  keywords={'DAMPING_PERCENTAGE': 1.0, 'GEOM_MAXITER': 500, 'SCF__GUESS': 'READ', 'GUESS': 'SAP', 'MAXITER': 500, 'REFERENCE': 'UKS', 'function_kwargs': {}}
2025-12-23:10:44:45,844 INFO     [psi4.driver.driver:638] Compute gradient(): method=b3lyp, basis=cc-pvdz, molecule=default, nre=11.855305944867474
2025-12-23:10:44:46,186 INFO     [psi4.driver.driver:641] Return gradient(): -142.8332096448976
2025-12-23:10:44:46,186 INFO     [psi4.driver.driver:642] [[ 0.00000000  0.00000000 -0.07649316]
 [ 0.00000000  0.00000000  0.07650542]]
2025-12-23:10:44:46,188 INFO     [psi4.optking.history:269] 	Performing BFGS update.
2025-12-23:10:44:46,188 INFO     [psi4.optking.history:280] 	Using 3 previous steps for update.
2025-12-23:10:44:46,188 WARNING  [psi4.optking.history:301] 	Change in internal coordinate of 6.88e-01 exceeds limit of 5.00e-01.
2025-12-23:10:44:46,188 WARNING  [psi4.optking.history:306] 	Skipping Hessian update for step 2.
2025-12-23:10:44:46,188 WARNING  [psi4.optking.history:301] 	Change in internal coordinate of 1.11e+00 exceeds limit of 5.00e-01.
2025-12-23:10:44:46,188 WARNING  [psi4.optking.history:306] 	Skipping Hessian update for step 1.
2025-12-23:10:44:46,188 INFO     [psi4.optking.history:317] 	Steps to be used in Hessian update:  3

2025-12-23:10:44:46,188 INFO     [psi4.optking.history:418] 	Updated Hessian (in au) 
 	   0.165947

2025-12-23:10:44:46,188 INFO     [psi4.optking.molsys:944] Projected (PHP) Hessian matrix
	   0.165947

2025-12-23:10:44:46,188 INFO     [psi4.optking.opt_helper:182] 
	         Geometry (au)                                       Gradient (au)
   0.0000000000   0.0000000000   2.3256577429		   0.0000000000   0.0000000000  -0.0764931574
   0.0000000000   0.0000000000  -1.0483589367		   0.0000000000   0.0000000000   0.0765054242

2025-12-23:10:44:46,188 INFO     [psi4.optking.stepAlgorithms:368] 	Current Step Report 
 
	Current energy:      -142.8332096449
	Energy change for the previous step:
		Actual       :        -0.0415345330
		Projected    :        -0.0277856488

2025-12-23:10:44:46,188 INFO     [psi4.optking.stepAlgorithms:371] 	Energy ratio =    1.49482
2025-12-23:10:44:46,188 INFO     [psi4.optking.stepAlgorithms:929] 	Using RFO solution 1.
2025-12-23:10:44:46,189 INFO     [psi4.optking.displace:100] 	Determining Cartesian step for fragment 1.
2025-12-23:10:44:46,189 INFO     [psi4.optking.displace:415] 	Successfully converged to displaced geometry.
2025-12-23:10:44:46,189 INFO     [psi4.optking.displace:416] 	RMS(dx):  0.000e+00 	Max(dx):  0.000e+00 	RMS(dq):  0.000e+00
2025-12-23:10:44:46,189 INFO     [psi4.optking.displace:172] 

	        --- Internal Coordinate Step in ANG or DEG, aJ/ANG or AJ/DEG ---
	-------------------------------------------------------------------------------
	           Coordinate      Previous         Force          Change          New 
	           ----------      --------        ------          ------        ------
	               R(1,2)       1.78545        0.63026        0.20672       1.99217
	-------------------------------------------------------------------------------

2025-12-23:10:44:46,189 INFO     [psi4.optking.stepAlgorithms:113] 	|target step| :    0.3906394878
2025-12-23:10:44:46,189 INFO     [psi4.optking.stepAlgorithms:114] 	gradient     :   -0.0764992908
2025-12-23:10:44:46,189 INFO     [psi4.optking.stepAlgorithms:115] 	hessian      :    0.1659472776
2025-12-23:10:44:46,189 INFO     [psi4.optking.stepAlgorithms:113] 	|target step| :    0.3906394878
2025-12-23:10:44:46,189 INFO     [psi4.optking.stepAlgorithms:114] 	gradient     :   -0.0764992908
2025-12-23:10:44:46,189 INFO     [psi4.optking.stepAlgorithms:115] 	hessian      :    0.1659472776
2025-12-23:10:44:46,189 INFO     [psi4.optking.stepAlgorithms:206] 	Norm of achieved step-size    0.3906394878
2025-12-23:10:44:46,189 INFO     [psi4.optking.stepAlgorithms:208] 	Norm of achieved step-size (cart):    0.2762238308
2025-12-23:10:44:46,189 INFO     [psi4.optking.opt_helper:164] Molsys:

	                            ===> Fragment 1 <== 

	 Z (Atomic Numbers)          Masses                          Geom                  
	       4.000000             9.012183          0.00000000  0.00000000  2.52097749   
	      10.000000            19.992440          0.00000000  0.00000000 -1.24367868   

	 - Coordinate -           - BOHR/RAD -       - ANG/DEG -
	 R(1,2)           =         3.764656           1.992170

2025-12-23:10:44:46,189 INFO     [psi4.optking.convcheck:76] Performing convergence check.
2025-12-23:10:44:46,189 INFO     [psi4.optking.convcheck:282] 
	                                 ==> Convergence Check <==                                  
    
	Measures of convergence in internal coordinates in au.
    
	Criteria marked as inactive (o), active & met (*), and active & unmet ( ).

	----------------------------------------------------------------------------------------------
	   Step    Total Energy     Delta E     Max Force     RMS Force      Max Disp      RMS Disp   
	----------------------------------------------------------------------------------------------
	  Convergence Criteria     1.00e-06 *    3.00e-04 *             o    1.20e-03 *             o
	----------------------------------------------------------------------------------------------
	     4    -142.83320964   -4.15e-02      7.65e-02      7.65e-02 o    3.91e-01      3.91e-01 o  ~
	----------------------------------------------------------------------------------------------


2025-12-23:10:44:46,189 INFO     [psi4.optking.stepAlgorithms:296] 	Convergence check returned False
2025-12-23:10:44:46,200 INFO     [psi4.driver.task_planner:259] PLANNING Atomic:  keywords={'DAMPING_PERCENTAGE': 1.0, 'GEOM_MAXITER': 500, 'SCF__GUESS': 'READ', 'GUESS': 'SAP', 'MAXITER': 500, 'REFERENCE': 'UKS', 'function_kwargs': {}}
2025-12-23:10:44:46,201 INFO     [psi4.driver.driver:638] Compute gradient(): method=b3lyp, basis=cc-pvdz, molecule=default, nre=10.625140310543111
2025-12-23:10:44:46,549 INFO     [psi4.driver.driver:641] Return gradient(): -142.8550101074198
2025-12-23:10:44:46,549 INFO     [psi4.driver.driver:642] [[ 0.00000000 -0.00000000 -0.03798435]
 [-0.00000000  0.00000000  0.03790399]]
2025-12-23:10:44:46,551 INFO     [psi4.optking.history:269] 	Performing BFGS update.
2025-12-23:10:44:46,551 INFO     [psi4.optking.history:280] 	Using 4 previous steps for update.
2025-12-23:10:44:46,551 WARNING  [psi4.optking.history:301] 	Change in internal coordinate of 7.83e-01 exceeds limit of 5.00e-01.
2025-12-23:10:44:46,551 WARNING  [psi4.optking.history:306] 	Skipping Hessian update for step 3.
2025-12-23:10:44:46,551 WARNING  [psi4.optking.history:301] 	Change in internal coordinate of 1.08e+00 exceeds limit of 5.00e-01.
2025-12-23:10:44:46,551 WARNING  [psi4.optking.history:306] 	Skipping Hessian update for step 2.
2025-12-23:10:44:46,551 WARNING  [psi4.optking.history:301] 	Change in internal coordinate of 1.50e+00 exceeds limit of 5.00e-01.
2025-12-23:10:44:46,551 WARNING  [psi4.optking.history:306] 	Skipping Hessian update for step 1.
2025-12-23:10:44:46,551 INFO     [psi4.optking.history:317] 	Steps to be used in Hessian update:  4

2025-12-23:10:44:46,551 INFO     [psi4.optking.history:418] 	Updated Hessian (in au) 
 	   0.098697

2025-12-23:10:44:46,551 INFO     [psi4.optking.molsys:944] Projected (PHP) Hessian matrix
	   0.098697

2025-12-23:10:44:46,551 INFO     [psi4.optking.opt_helper:182] 
	         Geometry (au)                                       Gradient (au)
   0.0000000000   0.0000000000   2.5949195266		   0.0000000000  -0.0000000000  -0.0379843490
   0.0000000000   0.0000000000  -1.1697366408		  -0.0000000000   0.0000000000   0.0379039886

2025-12-23:10:44:46,551 INFO     [psi4.optking.stepAlgorithms:368] 	Current Step Report 
 
	Current energy:      -142.8550101074
	Energy change for the previous step:
		Actual       :        -0.0218004625
		Projected    :        -0.0149418219

2025-12-23:10:44:46,551 INFO     [psi4.optking.stepAlgorithms:371] 	Energy ratio =    1.45902
2025-12-23:10:44:46,552 INFO     [psi4.optking.stepAlgorithms:929] 	Using RFO solution 1.
2025-12-23:10:44:46,552 INFO     [psi4.optking.displace:100] 	Determining Cartesian step for fragment 1.
2025-12-23:10:44:46,552 INFO     [psi4.optking.displace:415] 	Successfully converged to displaced geometry.
2025-12-23:10:44:46,552 INFO     [psi4.optking.displace:416] 	RMS(dx):  0.000e+00 	Max(dx):  0.000e+00 	RMS(dq):  0.000e+00
2025-12-23:10:44:46,552 INFO     [psi4.optking.displace:172] 

	        --- Internal Coordinate Step in ANG or DEG, aJ/ANG or AJ/DEG ---
	-------------------------------------------------------------------------------
	           Coordinate      Previous         Force          Change          New 
	           ----------      --------        ------          ------        ------
	               R(1,2)       1.99217        0.31261        0.17992       2.17209
	-------------------------------------------------------------------------------

2025-12-23:10:44:46,552 INFO     [psi4.optking.stepAlgorithms:113] 	|target step| :    0.3400055364
2025-12-23:10:44:46,552 INFO     [psi4.optking.stepAlgorithms:114] 	gradient     :   -0.0379441688
2025-12-23:10:44:46,552 INFO     [psi4.optking.stepAlgorithms:115] 	hessian      :    0.0986974518
2025-12-23:10:44:46,552 INFO     [psi4.optking.stepAlgorithms:113] 	|target step| :    0.3400055364
2025-12-23:10:44:46,552 INFO     [psi4.optking.stepAlgorithms:114] 	gradient     :   -0.0379441688
2025-12-23:10:44:46,552 INFO     [psi4.optking.stepAlgorithms:115] 	hessian      :    0.0986974518
2025-12-23:10:44:46,552 INFO     [psi4.optking.stepAlgorithms:206] 	Norm of achieved step-size    0.3400055364
2025-12-23:10:44:46,552 INFO     [psi4.optking.stepAlgorithms:208] 	Norm of achieved step-size (cart):    0.2404202204
2025-12-23:10:44:46,552 INFO     [psi4.optking.opt_helper:164] Molsys:

	                            ===> Fragment 1 <== 

	 Z (Atomic Numbers)          Masses                          Geom                  
	       4.000000             9.012183          0.00000000  0.00000000  2.76492229   
	      10.000000            19.992440          0.00000000  0.00000000 -1.33973941   

	 - Coordinate -           - BOHR/RAD -       - ANG/DEG -
	 R(1,2)           =         4.104662           2.172093

2025-12-23:10:44:46,553 INFO     [psi4.optking.convcheck:76] Performing convergence check.
2025-12-23:10:44:46,553 INFO     [psi4.optking.convcheck:282] 
	                                 ==> Convergence Check <==                                  
    
	Measures of convergence in internal coordinates in au.
    
	Criteria marked as inactive (o), active & met (*), and active & unmet ( ).

	----------------------------------------------------------------------------------------------
	   Step    Total Energy     Delta E     Max Force     RMS Force      Max Disp      RMS Disp   
	----------------------------------------------------------------------------------------------
	  Convergence Criteria     1.00e-06 *    3.00e-04 *             o    1.20e-03 *             o
	----------------------------------------------------------------------------------------------
	     5    -142.85501011   -2.18e-02      3.79e-02      3.79e-02 o    3.40e-01      3.40e-01 o  ~
	----------------------------------------------------------------------------------------------


2025-12-23:10:44:46,553 INFO     [psi4.optking.stepAlgorithms:296] 	Convergence check returned False
2025-12-23:10:44:46,564 INFO     [psi4.driver.task_planner:259] PLANNING Atomic:  keywords={'DAMPING_PERCENTAGE': 1.0, 'GEOM_MAXITER': 500, 'SCF__GUESS': 'READ', 'GUESS': 'SAP', 'MAXITER': 500, 'REFERENCE': 'UKS', 'function_kwargs': {}}
2025-12-23:10:44:46,565 INFO     [psi4.driver.driver:638] Compute gradient(): method=b3lyp, basis=cc-pvdz, molecule=default, nre=9.745017467057384
2025-12-23:10:44:46,892 INFO     [psi4.driver.driver:641] Return gradient(): -142.8639263083158
2025-12-23:10:44:46,892 INFO     [psi4.driver.driver:642] [[ 0.00000000  0.00000000 -0.01595952]
 [ 0.00000000 -0.00000000  0.01591997]]
2025-12-23:10:44:46,894 INFO     [psi4.optking.history:269] 	Performing BFGS update.
2025-12-23:10:44:46,894 INFO     [psi4.optking.history:280] 	Using 4 previous steps for update.
2025-12-23:10:44:46,894 WARNING  [psi4.optking.history:301] 	Change in internal coordinate of 7.31e-01 exceeds limit of 5.00e-01.
2025-12-23:10:44:46,894 WARNING  [psi4.optking.history:306] 	Skipping Hessian update for step 4.
2025-12-23:10:44:46,894 WARNING  [psi4.optking.history:301] 	Change in internal coordinate of 1.12e+00 exceeds limit of 5.00e-01.
2025-12-23:10:44:46,894 WARNING  [psi4.optking.history:306] 	Skipping Hessian update for step 3.
2025-12-23:10:44:46,894 WARNING  [psi4.optking.history:301] 	Change in internal coordinate of 1.42e+00 exceeds limit of 5.00e-01.
2025-12-23:10:44:46,894 WARNING  [psi4.optking.history:306] 	Skipping Hessian update for step 2.
2025-12-23:10:44:46,894 WARNING  [psi4.optking.history:301] 	Change in internal coordinate of 1.84e+00 exceeds limit of 5.00e-01.
2025-12-23:10:44:46,894 WARNING  [psi4.optking.history:306] 	Skipping Hessian update for step 1.
2025-12-23:10:44:46,894 INFO     [psi4.optking.history:317] 	Steps to be used in Hessian update:  5

2025-12-23:10:44:46,894 INFO     [psi4.optking.history:418] 	Updated Hessian (in au) 
 	   0.064718

2025-12-23:10:44:46,894 INFO     [psi4.optking.molsys:944] Projected (PHP) Hessian matrix
	   0.064718

2025-12-23:10:44:46,894 INFO     [psi4.optking.opt_helper:182] 
	         Geometry (au)                                       Gradient (au)
   0.0000000000   0.0000000000   2.8292801073		   0.0000000000   0.0000000000  -0.0159595226
   0.0000000000   0.0000000000  -1.2753815965		   0.0000000000  -0.0000000000   0.0159199662

2025-12-23:10:44:46,894 INFO     [psi4.optking.stepAlgorithms:368] 	Current Step Report 
 
	Current energy:      -142.8639263083
	Energy change for the previous step:
		Actual       :        -0.0089162009
		Projected    :        -0.0064506137

2025-12-23:10:44:46,894 INFO     [psi4.optking.stepAlgorithms:371] 	Energy ratio =    1.38223
2025-12-23:10:44:46,894 INFO     [psi4.optking.stepAlgorithms:929] 	Using RFO solution 1.
2025-12-23:10:44:46,895 INFO     [psi4.optking.displace:100] 	Determining Cartesian step for fragment 1.
2025-12-23:10:44:46,895 INFO     [psi4.optking.displace:415] 	Successfully converged to displaced geometry.
2025-12-23:10:44:46,895 INFO     [psi4.optking.displace:416] 	RMS(dx):  0.000e+00 	Max(dx):  0.000e+00 	RMS(dq):  0.000e+00
2025-12-23:10:44:46,895 INFO     [psi4.optking.displace:172] 

	        --- Internal Coordinate Step in ANG or DEG, aJ/ANG or AJ/DEG ---
	-------------------------------------------------------------------------------
	           Coordinate      Previous         Force          Change          New 
	           ----------      --------        ------          ------        ------
	               R(1,2)       2.17209        0.13132        0.12326       2.29536
	-------------------------------------------------------------------------------

2025-12-23:10:44:46,895 INFO     [psi4.optking.stepAlgorithms:113] 	|target step| :    0.2329325594
2025-12-23:10:44:46,895 INFO     [psi4.optking.stepAlgorithms:114] 	gradient     :   -0.0159397444
2025-12-23:10:44:46,895 INFO     [psi4.optking.stepAlgorithms:115] 	hessian      :    0.0647178415
2025-12-23:10:44:46,895 INFO     [psi4.optking.stepAlgorithms:113] 	|target step| :    0.2329325594
2025-12-23:10:44:46,895 INFO     [psi4.optking.stepAlgorithms:114] 	gradient     :   -0.0159397444
2025-12-23:10:44:46,895 INFO     [psi4.optking.stepAlgorithms:115] 	hessian      :    0.0647178415
2025-12-23:10:44:46,895 INFO     [psi4.optking.stepAlgorithms:206] 	Norm of achieved step-size    0.2329325594
2025-12-23:10:44:46,895 INFO     [psi4.optking.stepAlgorithms:208] 	Norm of achieved step-size (cart):    0.1647081923
2025-12-23:10:44:46,895 INFO     [psi4.optking.opt_helper:164] Molsys:

	                            ===> Fragment 1 <== 

	 Z (Atomic Numbers)          Masses                          Geom                  
	       4.000000             9.012183          0.00000000  0.00000000  2.94574639   
	      10.000000            19.992440          0.00000000  0.00000000 -1.39184788   

	 - Coordinate -           - BOHR/RAD -       - ANG/DEG -
	 R(1,2)           =         4.337594           2.295356

2025-12-23:10:44:46,895 INFO     [psi4.optking.convcheck:76] Performing convergence check.
2025-12-23:10:44:46,895 INFO     [psi4.optking.convcheck:282] 
	                                 ==> Convergence Check <==                                  
    
	Measures of convergence in internal coordinates in au.
    
	Criteria marked as inactive (o), active & met (*), and active & unmet ( ).

	----------------------------------------------------------------------------------------------
	   Step    Total Energy     Delta E     Max Force     RMS Force      Max Disp      RMS Disp   
	----------------------------------------------------------------------------------------------
	  Convergence Criteria     1.00e-06 *    3.00e-04 *             o    1.20e-03 *             o
	----------------------------------------------------------------------------------------------
	     6    -142.86392631   -8.92e-03      1.59e-02      1.59e-02 o    2.33e-01      2.33e-01 o  ~
	----------------------------------------------------------------------------------------------


2025-12-23:10:44:46,895 INFO     [psi4.optking.stepAlgorithms:296] 	Convergence check returned False
2025-12-23:10:44:46,906 INFO     [psi4.driver.task_planner:259] PLANNING Atomic:  keywords={'DAMPING_PERCENTAGE': 1.0, 'GEOM_MAXITER': 500, 'SCF__GUESS': 'READ', 'GUESS': 'SAP', 'MAXITER': 500, 'REFERENCE': 'UKS', 'function_kwargs': {}}
2025-12-23:10:44:46,907 INFO     [psi4.driver.driver:638] Compute gradient(): method=b3lyp, basis=cc-pvdz, molecule=default, nre=9.22170160987927
2025-12-23:10:44:47,185 INFO     [psi4.driver.driver:641] Return gradient(): -142.866331160885
2025-12-23:10:44:47,185 INFO     [psi4.driver.driver:642] [[ 0.00000000 -0.00000000 -0.00526685]
 [ 0.00000000  0.00000000  0.00527605]]
2025-12-23:10:44:47,187 INFO     [psi4.optking.history:269] 	Performing BFGS update.
2025-12-23:10:44:47,187 INFO     [psi4.optking.history:280] 	Using 4 previous steps for update.
2025-12-23:10:44:47,187 WARNING  [psi4.optking.history:301] 	Change in internal coordinate of 5.73e-01 exceeds limit of 5.00e-01.
2025-12-23:10:44:47,187 WARNING  [psi4.optking.history:306] 	Skipping Hessian update for step 5.
2025-12-23:10:44:47,187 WARNING  [psi4.optking.history:301] 	Change in internal coordinate of 9.64e-01 exceeds limit of 5.00e-01.
2025-12-23:10:44:47,187 WARNING  [psi4.optking.history:306] 	Skipping Hessian update for step 4.
2025-12-23:10:44:47,187 WARNING  [psi4.optking.history:301] 	Change in internal coordinate of 1.36e+00 exceeds limit of 5.00e-01.
2025-12-23:10:44:47,187 WARNING  [psi4.optking.history:306] 	Skipping Hessian update for step 3.
2025-12-23:10:44:47,187 WARNING  [psi4.optking.history:301] 	Change in internal coordinate of 1.65e+00 exceeds limit of 5.00e-01.
2025-12-23:10:44:47,187 WARNING  [psi4.optking.history:306] 	Skipping Hessian update for step 2.
2025-12-23:10:44:47,187 WARNING  [psi4.optking.history:301] 	Change in internal coordinate of 2.07e+00 exceeds limit of 5.00e-01.
2025-12-23:10:44:47,187 WARNING  [psi4.optking.history:306] 	Skipping Hessian update for step 1.
2025-12-23:10:44:47,187 INFO     [psi4.optking.history:317] 	Steps to be used in Hessian update:  6

2025-12-23:10:44:47,187 INFO     [psi4.optking.history:418] 	Updated Hessian (in au) 
 	   0.045800

2025-12-23:10:44:47,187 INFO     [psi4.optking.molsys:944] Projected (PHP) Hessian matrix
	   0.045800

2025-12-23:10:44:47,188 INFO     [psi4.optking.opt_helper:182] 
	         Geometry (au)                                       Gradient (au)
   0.0000000000   0.0000000000   2.9898369337		   0.0000000000  -0.0000000000  -0.0052668489
   0.0000000000   0.0000000000  -1.3477573295		   0.0000000000   0.0000000000   0.0052760452

2025-12-23:10:44:47,188 INFO     [psi4.optking.stepAlgorithms:368] 	Current Step Report 
 
	Current energy:      -142.8663311609
	Energy change for the previous step:
		Actual       :        -0.0024048526
		Projected    :        -0.0018564427

2025-12-23:10:44:47,188 INFO     [psi4.optking.stepAlgorithms:371] 	Energy ratio =    1.29541
2025-12-23:10:44:47,188 INFO     [psi4.optking.stepAlgorithms:929] 	Using RFO solution 1.
2025-12-23:10:44:47,188 INFO     [psi4.optking.displace:100] 	Determining Cartesian step for fragment 1.
2025-12-23:10:44:47,188 INFO     [psi4.optking.displace:415] 	Successfully converged to displaced geometry.
2025-12-23:10:44:47,188 INFO     [psi4.optking.displace:416] 	RMS(dx):  0.000e+00 	Max(dx):  0.000e+00 	RMS(dq):  0.000e+00
2025-12-23:10:44:47,188 INFO     [psi4.optking.displace:172] 

	        --- Internal Coordinate Step in ANG or DEG, aJ/ANG or AJ/DEG ---
	-------------------------------------------------------------------------------
	           Coordinate      Previous         Force          Change          New 
	           ----------      --------        ------          ------        ------
	               R(1,2)       2.29536        0.04343        0.06012       2.35548
	-------------------------------------------------------------------------------

2025-12-23:10:44:47,188 INFO     [psi4.optking.stepAlgorithms:113] 	|target step| :    0.1136116174
2025-12-23:10:44:47,188 INFO     [psi4.optking.stepAlgorithms:114] 	gradient     :   -0.0052714470
2025-12-23:10:44:47,188 INFO     [psi4.optking.stepAlgorithms:115] 	hessian      :    0.0457999404
2025-12-23:10:44:47,188 INFO     [psi4.optking.stepAlgorithms:113] 	|target step| :    0.1136116174
2025-12-23:10:44:47,188 INFO     [psi4.optking.stepAlgorithms:114] 	gradient     :   -0.0052714470
2025-12-23:10:44:47,188 INFO     [psi4.optking.stepAlgorithms:115] 	hessian      :    0.0457999404
2025-12-23:10:44:47,188 INFO     [psi4.optking.stepAlgorithms:206] 	Norm of achieved step-size    0.1136116174
2025-12-23:10:44:47,188 INFO     [psi4.optking.stepAlgorithms:208] 	Norm of achieved step-size (cart):    0.0803355451
2025-12-23:10:44:47,188 INFO     [psi4.optking.opt_helper:164] Molsys:

	                            ===> Fragment 1 <== 

	 Z (Atomic Numbers)          Masses                          Geom                  
	       4.000000             9.012183          0.00000000  0.00000000  3.04664274   
	      10.000000            19.992440          0.00000000  0.00000000 -1.40456314   

	 - Coordinate -           - BOHR/RAD -       - ANG/DEG -
	 R(1,2)           =         4.451206           2.355477

2025-12-23:10:44:47,189 INFO     [psi4.optking.convcheck:76] Performing convergence check.
2025-12-23:10:44:47,189 INFO     [psi4.optking.convcheck:282] 
	                                 ==> Convergence Check <==                                  
    
	Measures of convergence in internal coordinates in au.
    
	Criteria marked as inactive (o), active & met (*), and active & unmet ( ).

	----------------------------------------------------------------------------------------------
	   Step    Total Energy     Delta E     Max Force     RMS Force      Max Disp      RMS Disp   
	----------------------------------------------------------------------------------------------
	  Convergence Criteria     1.00e-06 *    3.00e-04 *             o    1.20e-03 *             o
	----------------------------------------------------------------------------------------------
	     7    -142.86633116   -2.40e-03      5.27e-03      5.27e-03 o    1.14e-01      1.14e-01 o  ~
	----------------------------------------------------------------------------------------------


2025-12-23:10:44:47,189 INFO     [psi4.optking.stepAlgorithms:296] 	Convergence check returned False
2025-12-23:10:44:47,199 INFO     [psi4.driver.task_planner:259] PLANNING Atomic:  keywords={'DAMPING_PERCENTAGE': 1.0, 'GEOM_MAXITER': 500, 'SCF__GUESS': 'READ', 'GUESS': 'SAP', 'MAXITER': 500, 'REFERENCE': 'UKS', 'function_kwargs': {}}
2025-12-23:10:44:47,201 INFO     [psi4.driver.driver:638] Compute gradient(): method=b3lyp, basis=cc-pvdz, molecule=default, nre=8.986328889924422
2025-12-23:10:44:47,519 INFO     [psi4.driver.driver:641] Return gradient(): -142.866684650516
2025-12-23:10:44:47,519 INFO     [psi4.driver.driver:642] [[ 0.00000000  0.00000000 -0.00111126]
 [-0.00000000 -0.00000000  0.00113171]]
2025-12-23:10:44:47,521 INFO     [psi4.optking.history:269] 	Performing BFGS update.
2025-12-23:10:44:47,521 INFO     [psi4.optking.history:280] 	Using 4 previous steps for update.
2025-12-23:10:44:47,521 WARNING  [psi4.optking.history:301] 	Change in internal coordinate of 6.87e-01 exceeds limit of 5.00e-01.
2025-12-23:10:44:47,521 WARNING  [psi4.optking.history:306] 	Skipping Hessian update for step 5.
2025-12-23:10:44:47,521 WARNING  [psi4.optking.history:301] 	Change in internal coordinate of 1.08e+00 exceeds limit of 5.00e-01.
2025-12-23:10:44:47,521 WARNING  [psi4.optking.history:306] 	Skipping Hessian update for step 4.
2025-12-23:10:44:47,521 WARNING  [psi4.optking.history:301] 	Change in internal coordinate of 1.47e+00 exceeds limit of 5.00e-01.
2025-12-23:10:44:47,521 WARNING  [psi4.optking.history:306] 	Skipping Hessian update for step 3.
2025-12-23:10:44:47,521 WARNING  [psi4.optking.history:301] 	Change in internal coordinate of 1.77e+00 exceeds limit of 5.00e-01.
2025-12-23:10:44:47,521 WARNING  [psi4.optking.history:306] 	Skipping Hessian update for step 2.
2025-12-23:10:44:47,521 WARNING  [psi4.optking.history:301] 	Change in internal coordinate of 2.18e+00 exceeds limit of 5.00e-01.
2025-12-23:10:44:47,521 WARNING  [psi4.optking.history:306] 	Skipping Hessian update for step 1.
2025-12-23:10:44:47,521 INFO     [psi4.optking.history:317] 	Steps to be used in Hessian update:  7 6

2025-12-23:10:44:47,521 INFO     [psi4.optking.history:418] 	Updated Hessian (in au) 
 	   0.042760

2025-12-23:10:44:47,521 INFO     [psi4.optking.molsys:944] Projected (PHP) Hessian matrix
	   0.042760

2025-12-23:10:44:47,521 INFO     [psi4.optking.opt_helper:182] 
	         Geometry (au)                                       Gradient (au)
   0.0000000000   0.0000000000   3.0681476722		   0.0000000000   0.0000000000  -0.0011112600
   0.0000000000   0.0000000000  -1.3830582084		  -0.0000000000  -0.0000000000   0.0011317051

2025-12-23:10:44:47,521 INFO     [psi4.optking.stepAlgorithms:368] 	Current Step Report 
 
	Current energy:      -142.8666846505
	Energy change for the previous step:
		Actual       :        -0.0003534896
		Projected    :        -0.0002994488

2025-12-23:10:44:47,521 INFO     [psi4.optking.stepAlgorithms:371] 	Energy ratio =    1.18047
2025-12-23:10:44:47,522 INFO     [psi4.optking.stepAlgorithms:929] 	Using RFO solution 1.
2025-12-23:10:44:47,522 INFO     [psi4.optking.displace:100] 	Determining Cartesian step for fragment 1.
2025-12-23:10:44:47,522 INFO     [psi4.optking.displace:415] 	Successfully converged to displaced geometry.
2025-12-23:10:44:47,522 INFO     [psi4.optking.displace:416] 	RMS(dx):  0.000e+00 	Max(dx):  0.000e+00 	RMS(dq):  0.000e+00
2025-12-23:10:44:47,522 INFO     [psi4.optking.displace:172] 

	        --- Internal Coordinate Step in ANG or DEG, aJ/ANG or AJ/DEG ---
	-------------------------------------------------------------------------------
	           Coordinate      Previous         Force          Change          New 
	           ----------      --------        ------          ------        ------
	               R(1,2)       2.35548        0.00924        0.01387       2.36935
	-------------------------------------------------------------------------------

2025-12-23:10:44:47,522 INFO     [psi4.optking.stepAlgorithms:113] 	|target step| :    0.0262092997
2025-12-23:10:44:47,522 INFO     [psi4.optking.stepAlgorithms:114] 	gradient     :   -0.0011214825
2025-12-23:10:44:47,522 INFO     [psi4.optking.stepAlgorithms:115] 	hessian      :    0.0427600948
2025-12-23:10:44:47,522 INFO     [psi4.optking.stepAlgorithms:113] 	|target step| :    0.0262092997
2025-12-23:10:44:47,522 INFO     [psi4.optking.stepAlgorithms:114] 	gradient     :   -0.0011214825
2025-12-23:10:44:47,522 INFO     [psi4.optking.stepAlgorithms:115] 	hessian      :    0.0427600948
2025-12-23:10:44:47,522 INFO     [psi4.optking.stepAlgorithms:206] 	Norm of achieved step-size    0.0262092997
2025-12-23:10:44:47,522 INFO     [psi4.optking.stepAlgorithms:208] 	Norm of achieved step-size (cart):    0.0185327735
2025-12-23:10:44:47,522 INFO     [psi4.optking.opt_helper:164] Molsys:

	                            ===> Fragment 1 <== 

	 Z (Atomic Numbers)          Masses                          Geom                  
	       4.000000             9.012183          0.00000000  0.00000000  3.08125232   
	      10.000000            19.992440          0.00000000  0.00000000 -1.39616286   

	 - Coordinate -           - BOHR/RAD -       - ANG/DEG -
	 R(1,2)           =         4.477415           2.369346

2025-12-23:10:44:47,522 INFO     [psi4.optking.convcheck:76] Performing convergence check.
2025-12-23:10:44:47,523 INFO     [psi4.optking.convcheck:282] 
	                                 ==> Convergence Check <==                                  
    
	Measures of convergence in internal coordinates in au.
    
	Criteria marked as inactive (o), active & met (*), and active & unmet ( ).

	----------------------------------------------------------------------------------------------
	   Step    Total Energy     Delta E     Max Force     RMS Force      Max Disp      RMS Disp   
	----------------------------------------------------------------------------------------------
	  Convergence Criteria     1.00e-06 *    3.00e-04 *             o    1.20e-03 *             o
	----------------------------------------------------------------------------------------------
	     8    -142.86668465   -3.53e-04      1.12e-03      1.12e-03 o    2.62e-02      2.62e-02 o  ~
	----------------------------------------------------------------------------------------------


2025-12-23:10:44:47,523 INFO     [psi4.optking.stepAlgorithms:296] 	Convergence check returned False
2025-12-23:10:44:47,533 INFO     [psi4.driver.task_planner:259] PLANNING Atomic:  keywords={'DAMPING_PERCENTAGE': 1.0, 'GEOM_MAXITER': 500, 'SCF__GUESS': 'READ', 'GUESS': 'SAP', 'MAXITER': 500, 'REFERENCE': 'UKS', 'function_kwargs': {}}
2025-12-23:10:44:47,534 INFO     [psi4.driver.driver:638] Compute gradient(): method=b3lyp, basis=cc-pvdz, molecule=default, nre=8.9337259086846
2025-12-23:10:44:47,838 INFO     [psi4.driver.driver:641] Return gradient(): -142.86670177708754
2025-12-23:10:44:47,838 INFO     [psi4.driver.driver:642] [[-0.00000000 -0.00000000 -0.00023781]
 [ 0.00000000  0.00000000  0.00025761]]
2025-12-23:10:44:47,840 INFO     [psi4.optking.history:269] 	Performing BFGS update.
2025-12-23:10:44:47,840 INFO     [psi4.optking.history:280] 	Using 4 previous steps for update.
2025-12-23:10:44:47,840 WARNING  [psi4.optking.history:301] 	Change in internal coordinate of 7.13e-01 exceeds limit of 5.00e-01.
2025-12-23:10:44:47,840 WARNING  [psi4.optking.history:306] 	Skipping Hessian update for step 5.
2025-12-23:10:44:47,840 WARNING  [psi4.optking.history:301] 	Change in internal coordinate of 1.10e+00 exceeds limit of 5.00e-01.
2025-12-23:10:44:47,840 WARNING  [psi4.optking.history:306] 	Skipping Hessian update for step 4.
2025-12-23:10:44:47,840 WARNING  [psi4.optking.history:301] 	Change in internal coordinate of 1.50e+00 exceeds limit of 5.00e-01.
2025-12-23:10:44:47,840 WARNING  [psi4.optking.history:306] 	Skipping Hessian update for step 3.
2025-12-23:10:44:47,840 WARNING  [psi4.optking.history:301] 	Change in internal coordinate of 1.79e+00 exceeds limit of 5.00e-01.
2025-12-23:10:44:47,840 WARNING  [psi4.optking.history:306] 	Skipping Hessian update for step 2.
2025-12-23:10:44:47,840 WARNING  [psi4.optking.history:301] 	Change in internal coordinate of 2.21e+00 exceeds limit of 5.00e-01.
2025-12-23:10:44:47,840 WARNING  [psi4.optking.history:306] 	Skipping Hessian update for step 1.
2025-12-23:10:44:47,840 INFO     [psi4.optking.history:317] 	Steps to be used in Hessian update:  8 7 6

2025-12-23:10:44:47,840 INFO     [psi4.optking.history:418] 	Updated Hessian (in au) 
 	   0.042098

2025-12-23:10:44:47,841 INFO     [psi4.optking.molsys:944] Projected (PHP) Hessian matrix
	   0.042098

2025-12-23:10:44:47,841 INFO     [psi4.optking.opt_helper:182] 
	         Geometry (au)                                       Gradient (au)
   0.0000000000   0.0000000000   3.0862133389		  -0.0000000000  -0.0000000000  -0.0002378066
   0.0000000000   0.0000000000  -1.3912018414		   0.0000000000   0.0000000000   0.0002576145

2025-12-23:10:44:47,841 INFO     [psi4.optking.stepAlgorithms:368] 	Current Step Report 
 
	Current energy:      -142.8667017771
	Energy change for the previous step:
		Actual       :        -0.0000171266
		Projected    :        -0.0000146966

2025-12-23:10:44:47,841 INFO     [psi4.optking.stepAlgorithms:371] 	Energy ratio =    1.16534
2025-12-23:10:44:47,841 INFO     [psi4.optking.stepAlgorithms:929] 	Using RFO solution 1.
2025-12-23:10:44:47,841 INFO     [psi4.optking.displace:100] 	Determining Cartesian step for fragment 1.
2025-12-23:10:44:47,841 INFO     [psi4.optking.displace:415] 	Successfully converged to displaced geometry.
2025-12-23:10:44:47,841 INFO     [psi4.optking.displace:416] 	RMS(dx):  0.000e+00 	Max(dx):  0.000e+00 	RMS(dq):  0.000e+00
2025-12-23:10:44:47,841 INFO     [psi4.optking.displace:172] 

	        --- Internal Coordinate Step in ANG or DEG, aJ/ANG or AJ/DEG ---
	-------------------------------------------------------------------------------
	           Coordinate      Previous         Force          Change          New 
	           ----------      --------        ------          ------        ------
	               R(1,2)       2.36935        0.00204        0.00311       2.37246
	-------------------------------------------------------------------------------

2025-12-23:10:44:47,841 INFO     [psi4.optking.stepAlgorithms:113] 	|target step| :    0.0058839898
2025-12-23:10:44:47,841 INFO     [psi4.optking.stepAlgorithms:114] 	gradient     :   -0.0002477105
2025-12-23:10:44:47,841 INFO     [psi4.optking.stepAlgorithms:115] 	hessian      :    0.0420976190
2025-12-23:10:44:47,841 INFO     [psi4.optking.stepAlgorithms:113] 	|target step| :    0.0058839898
2025-12-23:10:44:47,841 INFO     [psi4.optking.stepAlgorithms:114] 	gradient     :   -0.0002477105
2025-12-23:10:44:47,841 INFO     [psi4.optking.stepAlgorithms:115] 	hessian      :    0.0420976190
2025-12-23:10:44:47,841 INFO     [psi4.optking.stepAlgorithms:206] 	Norm of achieved step-size    0.0058839898
2025-12-23:10:44:47,841 INFO     [psi4.optking.stepAlgorithms:208] 	Norm of achieved step-size (cart):    0.0041606091
2025-12-23:10:44:47,841 INFO     [psi4.optking.opt_helper:164] Molsys:

	                            ===> Fragment 1 <== 

	 Z (Atomic Numbers)          Masses                          Geom                  
	       4.000000             9.012183          0.00000000  0.00000000  3.08915533   
	      10.000000            19.992440          0.00000000  0.00000000 -1.39414384   

	 - Coordinate -           - BOHR/RAD -       - ANG/DEG -
	 R(1,2)           =         4.483299           2.372460

2025-12-23:10:44:47,842 INFO     [psi4.optking.convcheck:76] Performing convergence check.
2025-12-23:10:44:47,842 INFO     [psi4.optking.convcheck:282] 
	                                 ==> Convergence Check <==                                  
    
	Measures of convergence in internal coordinates in au.
    
	Criteria marked as inactive (o), active & met (*), and active & unmet ( ).

	----------------------------------------------------------------------------------------------
	   Step    Total Energy     Delta E     Max Force     RMS Force      Max Disp      RMS Disp   
	----------------------------------------------------------------------------------------------
	  Convergence Criteria     1.00e-06 *    3.00e-04 *             o    1.20e-03 *             o
	----------------------------------------------------------------------------------------------
	     9    -142.86670178   -1.71e-05      2.48e-04 *    2.48e-04 o    5.88e-03      5.88e-03 o  ~
	----------------------------------------------------------------------------------------------


2025-12-23:10:44:47,842 INFO     [psi4.optking.stepAlgorithms:296] 	Convergence check returned False
2025-12-23:10:44:47,852 INFO     [psi4.driver.task_planner:259] PLANNING Atomic:  keywords={'DAMPING_PERCENTAGE': 1.0, 'GEOM_MAXITER': 500, 'SCF__GUESS': 'READ', 'GUESS': 'SAP', 'MAXITER': 500, 'REFERENCE': 'UKS', 'function_kwargs': {}}
2025-12-23:10:44:47,854 INFO     [psi4.driver.driver:638] Compute gradient(): method=b3lyp, basis=cc-pvdz, molecule=default, nre=8.922001071565374
2025-12-23:10:44:48,201 INFO     [psi4.driver.driver:641] Return gradient(): -142.8667024985248
2025-12-23:10:44:48,201 INFO     [psi4.driver.driver:642] [[ 0.00000000  0.00000000 -0.00004587]
 [ 0.00000000 -0.00000000  0.00006555]]
2025-12-23:10:44:48,202 INFO     [psi4.optking.history:269] 	Performing BFGS update.
2025-12-23:10:44:48,202 INFO     [psi4.optking.history:280] 	Using 4 previous steps for update.
2025-12-23:10:44:48,203 INFO     [psi4.optking.history:317] 	Steps to be used in Hessian update:  9 8 7 6

2025-12-23:10:44:48,203 INFO     [psi4.optking.history:418] 	Updated Hessian (in au) 
 	   0.041951

2025-12-23:10:44:48,203 INFO     [psi4.optking.molsys:944] Projected (PHP) Hessian matrix
	   0.041951

2025-12-23:10:44:48,203 INFO     [psi4.optking.opt_helper:182] 
	         Geometry (au)                                       Gradient (au)
   0.0000000000   0.0000000000   3.0902690825		   0.0000000000   0.0000000000  -0.0000458719
   0.0000000000   0.0000000000  -1.3930300877		   0.0000000000  -0.0000000000   0.0000655525

2025-12-23:10:44:48,203 INFO     [psi4.optking.stepAlgorithms:368] 	Current Step Report 
 
	Current energy:      -142.8667024985
	Energy change for the previous step:
		Actual       :        -0.0000007214
		Projected    :        -0.0000007288

2025-12-23:10:44:48,203 INFO     [psi4.optking.stepAlgorithms:371] 	Energy ratio =    0.98995
2025-12-23:10:44:48,203 INFO     [psi4.optking.stepAlgorithms:929] 	Using RFO solution 1.
2025-12-23:10:44:48,203 INFO     [psi4.optking.displace:100] 	Determining Cartesian step for fragment 1.
2025-12-23:10:44:48,204 INFO     [psi4.optking.displace:415] 	Successfully converged to displaced geometry.
2025-12-23:10:44:48,204 INFO     [psi4.optking.displace:416] 	RMS(dx):  2.564e-16 	Max(dx):  4.441e-16 	RMS(dq):  0.000e+00
2025-12-23:10:44:48,204 INFO     [psi4.optking.displace:172] 

	        --- Internal Coordinate Step in ANG or DEG, aJ/ANG or AJ/DEG ---
	-------------------------------------------------------------------------------
	           Coordinate      Previous         Force          Change          New 
	           ----------      --------        ------          ------        ------
	               R(1,2)       2.37246        0.00046        0.00070       2.37316
	-------------------------------------------------------------------------------

2025-12-23:10:44:48,204 INFO     [psi4.optking.stepAlgorithms:113] 	|target step| :    0.0013280440
2025-12-23:10:44:48,204 INFO     [psi4.optking.stepAlgorithms:114] 	gradient     :   -0.0000557122
2025-12-23:10:44:48,204 INFO     [psi4.optking.stepAlgorithms:115] 	hessian      :    0.0419505030
2025-12-23:10:44:48,204 INFO     [psi4.optking.stepAlgorithms:113] 	|target step| :    0.0013280440
2025-12-23:10:44:48,204 INFO     [psi4.optking.stepAlgorithms:114] 	gradient     :   -0.0000557122
2025-12-23:10:44:48,204 INFO     [psi4.optking.stepAlgorithms:115] 	hessian      :    0.0419505030
2025-12-23:10:44:48,204 INFO     [psi4.optking.stepAlgorithms:206] 	Norm of achieved step-size    0.0013280440
2025-12-23:10:44:48,204 INFO     [psi4.optking.stepAlgorithms:208] 	Norm of achieved step-size (cart):    0.0009390689
2025-12-23:10:44:48,204 INFO     [psi4.optking.opt_helper:164] Molsys:

	                            ===> Fragment 1 <== 

	 Z (Atomic Numbers)          Masses                          Geom                  
	       4.000000             9.012183          0.00000000  0.00000000  3.09093310   
	      10.000000            19.992440          0.00000000  0.00000000 -1.39369411   

	 - Coordinate -           - BOHR/RAD -       - ANG/DEG -
	 R(1,2)           =         4.484627           2.373163

2025-12-23:10:44:48,204 INFO     [psi4.optking.convcheck:76] Performing convergence check.
2025-12-23:10:44:48,204 INFO     [psi4.optking.convcheck:282] 
	                                 ==> Convergence Check <==                                  
    
	Measures of convergence in internal coordinates in au.
    
	Criteria marked as inactive (o), active & met (*), and active & unmet ( ).

	----------------------------------------------------------------------------------------------
	   Step    Total Energy     Delta E     Max Force     RMS Force      Max Disp      RMS Disp   
	----------------------------------------------------------------------------------------------
	  Convergence Criteria     1.00e-06 *    3.00e-04 *             o    1.20e-03 *             o
	----------------------------------------------------------------------------------------------
	    10    -142.86670250   -7.21e-07 *    5.57e-05 *    5.57e-05 o    1.33e-03      1.33e-03 o  ~
	----------------------------------------------------------------------------------------------


2025-12-23:10:44:48,204 INFO     [psi4.optking.convcheck:206] 
	                      ===> Final Convergence Report <===                     

	----------------------------------------------------------------------------
	|   Required Criteria    |  One or More Criteria  |   Alternate Criteria   |
	----------------------------------------------------------------------------
	| [x]     max_force      | [x]       max_DE       |                        |
	|                        | [ ]      max_disp      |                        |
	----------------------------------------------------------------------------


2025-12-23:10:44:48,204 INFO     [psi4.optking.stepAlgorithms:296] 	Convergence check returned True
2025-12-23:10:44:48,204 INFO     [psi4.optking.optimize:332] 	Converged in 10 steps!
2025-12-23:10:44:48,204 INFO     [psi4.optking.optimize:333] 	Final energy is   -142.8667024985248
2025-12-23:10:44:48,204 INFO     [psi4.optking.optimize:334] 	Final structure (Angstroms): 
	Fragment 1 (Ang)

	   Be   0.0000000000   0.0000000000   1.6356513586
	   Ne   0.0000000000   0.0000000000  -0.7375111615


2025-12-23:10:44:48,205 INFO     [psi4.optking.optimize:562] 	Optimization Finished

	==> Optimization Summary <==

        
	Measures of convergence in internal coordinates in au. (Any backward steps not shown.)
        
	---------------------------------------------------------------------------------------------------------------  ~
        
	 Step         Total Energy             Delta E       MAX Force       RMS Force        MAX Disp        RMS Disp   ~
        
	---------------------------------------------------------------------------------------------------------------  ~
        
	     1    -142.589046944024   -142.589046944024      0.53094804      0.53094804      0.41801223      0.41801223  ~
	     2    -142.737776818963     -0.148729874939      0.23197266      0.23197266      0.29592929      0.29592929  ~
	     3    -142.791675111853     -0.053898292890      0.14161763      0.14161763      0.39240380      0.39240380  ~
	     4    -142.833209644898     -0.041534533045      0.07649929      0.07649929      0.39063949      0.39063949  ~
	     5    -142.855010107420     -0.021800462522      0.03794417      0.03794417      0.34000554      0.34000554  ~
	     6    -142.863926308316     -0.008916200896      0.01593974      0.01593974      0.23293256      0.23293256  ~
	     7    -142.866331160885     -0.002404852569      0.00527145      0.00527145      0.11361162      0.11361162  ~
	     8    -142.866684650516     -0.000353489631      0.00112148      0.00112148      0.02620930      0.02620930  ~
	     9    -142.866701777088     -0.000017126572      0.00024771      0.00024771      0.00588399      0.00588399  ~
	    10    -142.866702498525     -0.000000721437      0.00005571      0.00005571      0.00132804      0.00132804  ~
	----------------------------------------------------------------------------------------------------------------


2025-12-23:10:44:48,205 INFO     [psi4.optking.optimize:806] Preparing OptimizationResult
