2025-12-23:10:37:44,55 WARNING  [psi4.optking:38] Some dependencies such as QCElemental have not yet finished migration to pydantic v2. If issues are encountered please downgrade pydantic or upgrade QCElemental as appropriate
2025-12-23:10:37:44,214 INFO     [psi4.optking.optwrapper:234] Creating a UserComputer
2025-12-23:10:37:44,214 INFO     [psi4.optking.optwrapper:242] 
    			-----------------------------------------

    			 OPTKING 3.0: for geometry optimizations 

    			     By R.A. King, Bethel University     

    			        with contributions from          

    			    A.V. Copan, J. Cayton, A. Heide      

    			-----------------------------------------

    
2025-12-23:10:37:44,214 INFO     [psi4.optking.optwrapper:272] 
		 -- Optimization Parameters --
	GEOM_MAXITER                   =             500
	ALG_GEOM_MAXITER               =              50
	PRINT                          =               1
	OPT_TYPE                       =             MIN
	STEP_TYPE                      =             RFO
	PROGRAM                        =            PSI4
	STEEPEST_DESCENT_TYPE          =         OVERLAP
	CONJUGATE_GRADIENT_TYPE        =        FLETCHER
	OPT_COORDINATES                =        INTERNAL
	RFO_FOLLOW_ROOT                =           False
	RFO_ROOT                       =               0
	ACCEPT_SYMMETRY_BREAKING       =           False
	DYNAMIC_LVL                    =               0
	DYNAMIC_LVL_MAX                =               0
	IRC_STEP_SIZE                  =             0.2
	IRC_DIRECTION                  =         FORWARD
	IRC_POINTS                     =              20
	IRC_MODE                       =          NORMAL
	IRC_CONVERGENCE                =            -0.7
	INTRAFRAG_STEP_LIMIT           =             0.5
	INTRAFRAG_STEP_LIMIT_MIN       =           0.001
	INTRAFRAG_STEP_LIMIT_MAX       =             1.0
	INTERFRAG_STEP_LIMIT           =             0.5
	INTERFRAG_STEP_LIMIT_MIN       =           0.001
	INTERFRAG_STEP_LIMIT_MAX       =             1.0
	ENSURE_BT_CONVERGENCE          =           False
	SIMPLE_STEP_SCALING            =           False
	CONSECUTIVE_BACKSTEPS          =               0
	RFO_NORMALIZATION_MAX          =             100
	RSRFO_ALPHA_MAX                =     100000000.0
	PRINT_TRAJECTORY_XYZ_FILE      =           False
	WRITE_TRAJECTORY               =           False
	FROZEN_DISTANCE                =                
	FROZEN_BEND                    =                
	FROZEN_DIHEDRAL                =                
	FROZEN_OOFP                    =                
	FROZEN_CARTESIAN               =                
	FREEZE_ALL_DIHEDRALS           =           False
	UNFREEZE_DIHEDRALS             =                
	RANGED_DISTANCE                =                
	RANGED_BEND                    =                
	RANGED_DIHEDRAL                =                
	RANGED_OOFP                    =                
	RANGED_CARTESIAN               =                
	EXT_FORCE_DISTANCE             =                
	EXT_FORCE_BEND                 =                
	EXT_FORCE_DIHEDRAL             =                
	EXT_FORCE_OOFP                 =                
	EXT_FORCE_CARTESIAN            =                
	G_CONVERGENCE                  =           QCHEM
	MAX_FORCE_G_CONVERGENCE        =          0.0003
	RMS_FORCE_G_CONVERGENCE        =          0.0003
	MAX_ENERGY_G_CONVERGENCE       =           1e-06
	MAX_DISP_G_CONVERGENCE         =          0.0012
	RMS_DISP_G_CONVERGENCE         =          0.0012
	FLEXIBLE_G_CONVERGENCE         =           False
	HESS_UPDATE                    =            BFGS
	HESS_UPDATE_USE_LAST           =               4
	HESS_UPDATE_LIMIT              =            True
	HESS_UPDATE_LIMIT_MAX          =             1.0
	HESS_UPDATE_LIMIT_SCALE        =             0.5
	HESS_UPDATE_DEN_TOL            =           1e-07
	HESS_UPDATE_DQ_TOL             =             0.5
	CART_HESS_READ                 =           False
	HESSIAN_FILE                   =               .
	FULL_HESS_EVERY                =              -1
	INTRAFRAG_HESS                 =        SCHLEGEL
	H_GUESS_EVERY                  =           False
	BT_MAX_ITER                    =              25
	BT_DX_CONV                     =           1e-07
	BT_DX_RMS_CHANGE_CONV          =           1e-12
	BT_PINV_RCOND                  =           1e-06
	FRAG_MODE                      =          SINGLE
	FRAG_REF_ATOMS                 =              []
	FREEZE_INTRAFRAG               =           False
	INTERFRAG_MODE                 =           FIXED
	ADD_AUXILIARY_BONDS            =           False
	AUXILIARY_BOND_FACTOR          =             2.5
	INTERFRAG_DIST_INV             =           False
	INTERFRAG_COLLINEAR_TOL        =            0.01
	INTERFRAG_COORDS               =              []
	INTERFRAG_HESS                 =         DEFAULT
	COVALENT_CONNECT               =             1.3
	INTERFRAGMENT_CONNECT          =             1.8
	H_BOND_CONNECT                 =             4.3
	INCLUDE_OOFP                   =           False
	TEST_B                         =           False
	TEST_DERIVATIVE_B              =           False
	LINESEARCH_STEP                =             0.1
	LINESEARCH                     =           False
	SD_HESSIAN                     =             1.0
	FIX_VAL_NEAR_PI                =            1.57
	V3D_TORS_ANGLE_LIM             =           0.017
	V3D_TORS_COS_TOL               =           1e-10
	LINEAR_BEND_THRESHOLD          =            3.05
	SMALL_BEND_FIX_THRESHOLD       =            0.35
	REDUNDANT_EVAL_TOL             =           1e-10
	LINEAR_ALGEBRA_TOL             =           1e-10


2025-12-23:10:37:44,353 INFO     [psi4.optking.opt_helper:164] Molsys:

	                            ===> Fragment 1 <== 

	 Z (Atomic Numbers)          Masses                          Geom                  
	       3.000000             7.016003          0.00000000  0.00000000  1.38502406   
	       5.000000            11.009305          0.00000000  0.00000000 -0.88264729   

	 - Coordinate -           - BOHR/RAD -       - ANG/DEG -
	 R(1,2)           =         2.267671           1.200000

2025-12-23:10:37:44,364 INFO     [psi4.driver.task_planner:259] PLANNING Atomic:  keywords={'DAMPING_PERCENTAGE': 1.0, 'GEOM_MAXITER': 500, 'GUESS': 'SAP', 'MAXITER': 500, 'REFERENCE': 'UKS', 'function_kwargs': {}}
2025-12-23:10:37:44,366 INFO     [psi4.driver.driver:638] Compute gradient(): method=b3lyp, basis=cc-pvdz, molecule=default, nre=6.614715133375001
2025-12-23:10:37:44,765 INFO     [psi4.driver.driver:641] Return gradient(): -31.867148514263068
2025-12-23:10:37:44,766 INFO     [psi4.driver.driver:642] [[ 0.00000000  0.00000000 -0.40850149]
 [ 0.00000000  0.00000000  0.40853760]]
2025-12-23:10:37:44,767 INFO     [psi4.optking.molsys:944] Projected (PHP) Hessian matrix
	   1.048231

2025-12-23:10:37:44,767 INFO     [psi4.optking.opt_helper:182] 
	         Geometry (au)                                       Gradient (au)
   0.0000000000   0.0000000000   1.3850240590		   0.0000000000   0.0000000000  -0.4085014919
   0.0000000000   0.0000000000  -0.8826472915		   0.0000000000   0.0000000000   0.4085376006

2025-12-23:10:37:44,768 INFO     [psi4.optking.stepAlgorithms:929] 	Using RFO solution 1.
2025-12-23:10:37:44,768 INFO     [psi4.optking.displace:100] 	Determining Cartesian step for fragment 1.
2025-12-23:10:37:44,768 INFO     [psi4.optking.displace:415] 	Successfully converged to displaced geometry.
2025-12-23:10:37:44,768 INFO     [psi4.optking.displace:416] 	RMS(dx):  1.282e-16 	Max(dx):  2.220e-16 	RMS(dq):  4.441e-16
2025-12-23:10:37:44,768 INFO     [psi4.optking.displace:172] 

	        --- Internal Coordinate Step in ANG or DEG, aJ/ANG or AJ/DEG ---
	-------------------------------------------------------------------------------
	           Coordinate      Previous         Force          Change          New 
	           ----------      --------        ------          ------        ------
	               R(1,2)       1.20000        3.36568        0.18187       1.38187
	-------------------------------------------------------------------------------

2025-12-23:10:37:44,768 INFO     [psi4.optking.stepAlgorithms:113] 	|target step| :    0.3436882446
2025-12-23:10:37:44,768 INFO     [psi4.optking.stepAlgorithms:114] 	gradient     :   -0.4085195463
2025-12-23:10:37:44,768 INFO     [psi4.optking.stepAlgorithms:115] 	hessian      :    1.0482306732
2025-12-23:10:37:44,768 INFO     [psi4.optking.stepAlgorithms:113] 	|target step| :    0.3436882446
2025-12-23:10:37:44,768 INFO     [psi4.optking.stepAlgorithms:114] 	gradient     :   -0.4085195463
2025-12-23:10:37:44,768 INFO     [psi4.optking.stepAlgorithms:115] 	hessian      :    1.0482306732
2025-12-23:10:37:44,768 INFO     [psi4.optking.stepAlgorithms:206] 	Norm of achieved step-size    0.3436882446
2025-12-23:10:37:44,768 INFO     [psi4.optking.stepAlgorithms:208] 	Norm of achieved step-size (cart):    0.2430242883
2025-12-23:10:37:44,768 INFO     [psi4.optking.opt_helper:164] Molsys:

	                            ===> Fragment 1 <== 

	 Z (Atomic Numbers)          Masses                          Geom                  
	       3.000000             7.016003          0.00000000  0.00000000  1.55686818   
	       5.000000            11.009305          0.00000000  0.00000000 -1.05449141   

	 - Coordinate -           - BOHR/RAD -       - ANG/DEG -
	 R(1,2)           =         2.611360           1.381872

2025-12-23:10:37:44,768 INFO     [psi4.optking.convcheck:76] Performing convergence check.
2025-12-23:10:37:44,769 INFO     [psi4.optking.convcheck:282] 
	                                 ==> Convergence Check <==                                  
    
	Measures of convergence in internal coordinates in au.
    
	Criteria marked as inactive (o), active & met (*), and active & unmet ( ).

	----------------------------------------------------------------------------------------------~
	   Step    Total Energy     Delta E     Max Force     RMS Force      Max Disp      RMS Disp   ~
	----------------------------------------------------------------------------------------------~
	  Convergence Criteria     1.00e-06 *    3.00e-04 *             o    1.20e-03 *             o~
	----------------------------------------------------------------------------------------------~
	     1     -31.86714851   -3.19e+01      4.09e-01      4.09e-01 o    3.44e-01      3.44e-01 o  ~
	----------------------------------------------------------------------------------------------


2025-12-23:10:37:44,769 INFO     [psi4.optking.stepAlgorithms:296] 	Convergence check returned False
2025-12-23:10:37:44,779 INFO     [psi4.driver.task_planner:259] PLANNING Atomic:  keywords={'DAMPING_PERCENTAGE': 1.0, 'GEOM_MAXITER': 500, 'SCF__GUESS': 'READ', 'GUESS': 'SAP', 'MAXITER': 500, 'REFERENCE': 'UKS', 'function_kwargs': {}}
2025-12-23:10:37:44,781 INFO     [psi4.driver.driver:638] Compute gradient(): method=b3lyp, basis=cc-pvdz, molecule=default, nre=5.74413421580589
2025-12-23:10:37:45,139 INFO     [psi4.driver.driver:641] Return gradient(): -31.973658211228837
2025-12-23:10:37:45,139 INFO     [psi4.driver.driver:642] [[ 0.00000000  0.00000000 -0.22535362]
 [ 0.00000000 -0.00000000  0.22536420]]
2025-12-23:10:37:45,141 INFO     [psi4.optking.history:269] 	Performing BFGS update.
2025-12-23:10:37:45,141 INFO     [psi4.optking.history:280] 	Using 1 previous steps for update.
2025-12-23:10:37:45,141 INFO     [psi4.optking.history:317] 	Steps to be used in Hessian update:  1

2025-12-23:10:37:45,141 INFO     [psi4.optking.history:418] 	Updated Hessian (in au) 
 	   0.532927

2025-12-23:10:37:45,141 INFO     [psi4.optking.molsys:944] Projected (PHP) Hessian matrix
	   0.532927

2025-12-23:10:37:45,141 INFO     [psi4.optking.opt_helper:182] 
	         Geometry (au)                                       Gradient (au)
   0.0000000000   0.0000000000   1.5949382899		   0.0000000000   0.0000000000  -0.2253536242
   0.0000000000   0.0000000000  -1.0164213052		   0.0000000000  -0.0000000000   0.2253642006

2025-12-23:10:37:45,142 INFO     [psi4.optking.stepAlgorithms:368] 	Current Step Report 
 
	Current energy:       -31.9736582112
	Energy change for the previous step:
		Actual       :        -0.1065096970
		Projected    :        -0.0702016829

2025-12-23:10:37:45,142 INFO     [psi4.optking.stepAlgorithms:371] 	Energy ratio =    1.51720
2025-12-23:10:37:45,142 INFO     [psi4.optking.stepAlgorithms:399] 	Energy ratio indicates good step.
2025-12-23:10:37:45,142 INFO     [psi4.optking.stepAlgorithms:400] 	Intrafrag trust radius increased to      1.
2025-12-23:10:37:45,142 INFO     [psi4.optking.stepAlgorithms:929] 	Using RFO solution 1.
2025-12-23:10:37:45,142 INFO     [psi4.optking.displace:100] 	Determining Cartesian step for fragment 1.
2025-12-23:10:37:45,142 INFO     [psi4.optking.displace:415] 	Successfully converged to displaced geometry.
2025-12-23:10:37:45,142 INFO     [psi4.optking.displace:416] 	RMS(dx):  0.000e+00 	Max(dx):  0.000e+00 	RMS(dq):  0.000e+00
2025-12-23:10:37:45,142 INFO     [psi4.optking.displace:172] 

	        --- Internal Coordinate Step in ANG or DEG, aJ/ANG or AJ/DEG ---
	-------------------------------------------------------------------------------
	           Coordinate      Previous         Force          Change          New 
	           ----------      --------        ------          ------        ------
	               R(1,2)       1.38187        1.85667        0.19377       1.57564
	-------------------------------------------------------------------------------

2025-12-23:10:37:45,142 INFO     [psi4.optking.stepAlgorithms:113] 	|target step| :    0.3661713220
2025-12-23:10:37:45,142 INFO     [psi4.optking.stepAlgorithms:114] 	gradient     :   -0.2253589124
2025-12-23:10:37:45,142 INFO     [psi4.optking.stepAlgorithms:115] 	hessian      :    0.5329266763
2025-12-23:10:37:45,142 INFO     [psi4.optking.stepAlgorithms:113] 	|target step| :    0.3661713220
2025-12-23:10:37:45,142 INFO     [psi4.optking.stepAlgorithms:114] 	gradient     :   -0.2253589124
2025-12-23:10:37:45,142 INFO     [psi4.optking.stepAlgorithms:115] 	hessian      :    0.5329266763
2025-12-23:10:37:45,142 INFO     [psi4.optking.stepAlgorithms:206] 	Norm of achieved step-size    0.3661713220
2025-12-23:10:37:45,142 INFO     [psi4.optking.stepAlgorithms:208] 	Norm of achieved step-size (cart):    0.2589222249
2025-12-23:10:37:45,143 INFO     [psi4.optking.opt_helper:164] Molsys:

	                            ===> Fragment 1 <== 

	 Z (Atomic Numbers)          Masses                          Geom                  
	       3.000000             7.016003          0.00000000  0.00000000  1.77802395   
	       5.000000            11.009305          0.00000000  0.00000000 -1.19950697   

	 - Coordinate -           - BOHR/RAD -       - ANG/DEG -
	 R(1,2)           =         2.977531           1.575642

2025-12-23:10:37:45,143 INFO     [psi4.optking.convcheck:76] Performing convergence check.
2025-12-23:10:37:45,143 INFO     [psi4.optking.convcheck:282] 
	                                 ==> Convergence Check <==                                  
    
	Measures of convergence in internal coordinates in au.
    
	Criteria marked as inactive (o), active & met (*), and active & unmet ( ).

	----------------------------------------------------------------------------------------------
	   Step    Total Energy     Delta E     Max Force     RMS Force      Max Disp      RMS Disp   
	----------------------------------------------------------------------------------------------
	  Convergence Criteria     1.00e-06 *    3.00e-04 *             o    1.20e-03 *             o
	----------------------------------------------------------------------------------------------
	     2     -31.97365821   -1.07e-01      2.25e-01      2.25e-01 o    3.66e-01      3.66e-01 o  ~
	----------------------------------------------------------------------------------------------


2025-12-23:10:37:45,143 INFO     [psi4.optking.stepAlgorithms:296] 	Convergence check returned False
2025-12-23:10:37:45,153 INFO     [psi4.driver.task_planner:259] PLANNING Atomic:  keywords={'DAMPING_PERCENTAGE': 1.0, 'GEOM_MAXITER': 500, 'SCF__GUESS': 'READ', 'GUESS': 'SAP', 'MAXITER': 500, 'REFERENCE': 'UKS', 'function_kwargs': {}}
2025-12-23:10:37:45,155 INFO     [psi4.driver.driver:638] Compute gradient(): method=b3lyp, basis=cc-pvdz, molecule=default, nre=5.037731065650073
2025-12-23:10:37:45,470 INFO     [psi4.driver.driver:641] Return gradient(): -32.03311191317197
2025-12-23:10:37:45,470 INFO     [psi4.driver.driver:642] [[ 0.00000000 -0.00000000 -0.11050979]
 [ 0.00000000  0.00000000  0.11052074]]
2025-12-23:10:37:45,472 INFO     [psi4.optking.history:269] 	Performing BFGS update.
2025-12-23:10:37:45,472 INFO     [psi4.optking.history:280] 	Using 2 previous steps for update.
2025-12-23:10:37:45,472 WARNING  [psi4.optking.history:301] 	Change in internal coordinate of 7.10e-01 exceeds limit of 5.00e-01.
2025-12-23:10:37:45,472 WARNING  [psi4.optking.history:306] 	Skipping Hessian update for step 1.
2025-12-23:10:37:45,472 INFO     [psi4.optking.history:317] 	Steps to be used in Hessian update:  2

2025-12-23:10:37:45,472 INFO     [psi4.optking.history:418] 	Updated Hessian (in au) 
 	   0.313634

2025-12-23:10:37:45,472 INFO     [psi4.optking.molsys:944] Projected (PHP) Hessian matrix
	   0.313634

2025-12-23:10:37:45,472 INFO     [psi4.optking.opt_helper:182] 
	         Geometry (au)                                       Gradient (au)
   0.0000000000   0.0000000000   1.8185844945		   0.0000000000  -0.0000000000  -0.1105097908
   0.0000000000   0.0000000000  -1.1589464226		   0.0000000000   0.0000000000   0.1105207416

2025-12-23:10:37:45,472 INFO     [psi4.optking.stepAlgorithms:368] 	Current Step Report 
 
	Current energy:       -32.0331119132
	Energy change for the previous step:
		Actual       :        -0.0594537019
		Projected    :        -0.0412599854

2025-12-23:10:37:45,472 INFO     [psi4.optking.stepAlgorithms:371] 	Energy ratio =    1.44095
2025-12-23:10:37:45,473 INFO     [psi4.optking.stepAlgorithms:929] 	Using RFO solution 1.
2025-12-23:10:37:45,473 INFO     [psi4.optking.displace:100] 	Determining Cartesian step for fragment 1.
2025-12-23:10:37:45,473 INFO     [psi4.optking.displace:415] 	Successfully converged to displaced geometry.
2025-12-23:10:37:45,473 INFO     [psi4.optking.displace:416] 	RMS(dx):  1.282e-16 	Max(dx):  2.220e-16 	RMS(dq):  0.000e+00
2025-12-23:10:37:45,473 INFO     [psi4.optking.displace:172] 

	        --- Internal Coordinate Step in ANG or DEG, aJ/ANG or AJ/DEG ---
	-------------------------------------------------------------------------------
	           Coordinate      Previous         Force          Change          New 
	           ----------      --------        ------          ------        ------
	               R(1,2)       1.57564        0.91050        0.16773       1.74337
	-------------------------------------------------------------------------------

2025-12-23:10:37:45,473 INFO     [psi4.optking.stepAlgorithms:113] 	|target step| :    0.3169682884
2025-12-23:10:37:45,473 INFO     [psi4.optking.stepAlgorithms:114] 	gradient     :   -0.1105152662
2025-12-23:10:37:45,473 INFO     [psi4.optking.stepAlgorithms:115] 	hessian      :    0.3136336444
2025-12-23:10:37:45,473 INFO     [psi4.optking.stepAlgorithms:113] 	|target step| :    0.3169682884
2025-12-23:10:37:45,473 INFO     [psi4.optking.stepAlgorithms:114] 	gradient     :   -0.1105152662
2025-12-23:10:37:45,473 INFO     [psi4.optking.stepAlgorithms:115] 	hessian      :    0.3136336444
2025-12-23:10:37:45,473 INFO     [psi4.optking.stepAlgorithms:206] 	Norm of achieved step-size    0.3169682884
2025-12-23:10:37:45,473 INFO     [psi4.optking.stepAlgorithms:208] 	Norm of achieved step-size (cart):    0.2241304261
2025-12-23:10:37:45,473 INFO     [psi4.optking.opt_helper:164] Molsys:

	                            ===> Fragment 1 <== 

	 Z (Atomic Numbers)          Masses                          Geom                  
	       3.000000             7.016003          0.00000000  0.00000000  1.97706864   
	       5.000000            11.009305          0.00000000  0.00000000 -1.31743057   

	 - Coordinate -           - BOHR/RAD -       - ANG/DEG -
	 R(1,2)           =         3.294499           1.743374

2025-12-23:10:37:45,473 INFO     [psi4.optking.convcheck:76] Performing convergence check.
2025-12-23:10:37:45,473 INFO     [psi4.optking.convcheck:282] 
	                                 ==> Convergence Check <==                                  
    
	Measures of convergence in internal coordinates in au.
    
	Criteria marked as inactive (o), active & met (*), and active & unmet ( ).

	----------------------------------------------------------------------------------------------
	   Step    Total Energy     Delta E     Max Force     RMS Force      Max Disp      RMS Disp   
	----------------------------------------------------------------------------------------------
	  Convergence Criteria     1.00e-06 *    3.00e-04 *             o    1.20e-03 *             o
	----------------------------------------------------------------------------------------------
	     3     -32.03311191   -5.95e-02      1.11e-01      1.11e-01 o    3.17e-01      3.17e-01 o  ~
	----------------------------------------------------------------------------------------------


2025-12-23:10:37:45,473 INFO     [psi4.optking.stepAlgorithms:296] 	Convergence check returned False
2025-12-23:10:37:45,484 INFO     [psi4.driver.task_planner:259] PLANNING Atomic:  keywords={'DAMPING_PERCENTAGE': 1.0, 'GEOM_MAXITER': 500, 'SCF__GUESS': 'READ', 'GUESS': 'SAP', 'MAXITER': 500, 'REFERENCE': 'UKS', 'function_kwargs': {}}
2025-12-23:10:37:45,485 INFO     [psi4.driver.driver:638] Compute gradient(): method=b3lyp, basis=cc-pvdz, molecule=default, nre=4.553044048422854
2025-12-23:10:37:45,808 INFO     [psi4.driver.driver:641] Return gradient(): -32.05835833872805
2025-12-23:10:37:45,809 INFO     [psi4.driver.driver:642] [[ 0.00000000 -0.00000000 -0.05375590]
 [-0.00000000  0.00000000  0.05376319]]
2025-12-23:10:37:45,810 INFO     [psi4.optking.history:269] 	Performing BFGS update.
2025-12-23:10:37:45,811 INFO     [psi4.optking.history:280] 	Using 3 previous steps for update.
2025-12-23:10:37:45,811 WARNING  [psi4.optking.history:301] 	Change in internal coordinate of 6.83e-01 exceeds limit of 5.00e-01.
2025-12-23:10:37:45,811 WARNING  [psi4.optking.history:306] 	Skipping Hessian update for step 2.
2025-12-23:10:37:45,811 WARNING  [psi4.optking.history:301] 	Change in internal coordinate of 1.03e+00 exceeds limit of 5.00e-01.
2025-12-23:10:37:45,811 WARNING  [psi4.optking.history:306] 	Skipping Hessian update for step 1.
2025-12-23:10:37:45,811 INFO     [psi4.optking.history:317] 	Steps to be used in Hessian update:  3

2025-12-23:10:37:45,811 INFO     [psi4.optking.history:418] 	Updated Hessian (in au) 
 	   0.179058

2025-12-23:10:37:45,811 INFO     [psi4.optking.molsys:944] Projected (PHP) Hessian matrix
	   0.179058

2025-12-23:10:37:45,811 INFO     [psi4.optking.opt_helper:182] 
	         Geometry (au)                                       Gradient (au)
   0.0000000000   0.0000000000   2.0121789962		   0.0000000000  -0.0000000000  -0.0537558982
   0.0000000000   0.0000000000  -1.2823202092		  -0.0000000000   0.0000000000   0.0537631923

2025-12-23:10:37:45,811 INFO     [psi4.optking.stepAlgorithms:368] 	Current Step Report 
 
	Current energy:       -32.0583583387
	Energy change for the previous step:
		Actual       :        -0.0252464256
		Projected    :        -0.0175149174

2025-12-23:10:37:45,811 INFO     [psi4.optking.stepAlgorithms:371] 	Energy ratio =    1.44142
2025-12-23:10:37:45,811 INFO     [psi4.optking.stepAlgorithms:929] 	Using RFO solution 1.
2025-12-23:10:37:45,811 INFO     [psi4.optking.displace:100] 	Determining Cartesian step for fragment 1.
2025-12-23:10:37:45,811 INFO     [psi4.optking.displace:415] 	Successfully converged to displaced geometry.
2025-12-23:10:37:45,811 INFO     [psi4.optking.displace:416] 	RMS(dx):  1.282e-16 	Max(dx):  2.220e-16 	RMS(dq):  4.441e-16
2025-12-23:10:37:45,812 INFO     [psi4.optking.displace:172] 

	        --- Internal Coordinate Step in ANG or DEG, aJ/ANG or AJ/DEG ---
	-------------------------------------------------------------------------------
	           Coordinate      Previous         Force          Change          New 
	           ----------      --------        ------          ------        ------
	               R(1,2)       1.74337        0.44291        0.14667       1.89005
	-------------------------------------------------------------------------------

2025-12-23:10:37:45,812 INFO     [psi4.optking.stepAlgorithms:113] 	|target step| :    0.2771702254
2025-12-23:10:37:45,812 INFO     [psi4.optking.stepAlgorithms:114] 	gradient     :   -0.0537595452
2025-12-23:10:37:45,812 INFO     [psi4.optking.stepAlgorithms:115] 	hessian      :    0.1790580416
2025-12-23:10:37:45,812 INFO     [psi4.optking.stepAlgorithms:113] 	|target step| :    0.2771702254
2025-12-23:10:37:45,812 INFO     [psi4.optking.stepAlgorithms:114] 	gradient     :   -0.0537595452
2025-12-23:10:37:45,812 INFO     [psi4.optking.stepAlgorithms:115] 	hessian      :    0.1790580416
2025-12-23:10:37:45,812 INFO     [psi4.optking.stepAlgorithms:206] 	Norm of achieved step-size    0.2771702254
2025-12-23:10:37:45,812 INFO     [psi4.optking.stepAlgorithms:208] 	Norm of achieved step-size (cart):    0.1959889459
2025-12-23:10:37:45,812 INFO     [psi4.optking.opt_helper:164] Molsys:

	                            ===> Fragment 1 <== 

	 Z (Atomic Numbers)          Masses                          Geom                  
	       3.000000             7.016003          0.00000000  0.00000000  2.15076411   
	       5.000000            11.009305          0.00000000  0.00000000 -1.42090532   

	 - Coordinate -           - BOHR/RAD -       - ANG/DEG -
	 R(1,2)           =         3.571669           1.890046

2025-12-23:10:37:45,812 INFO     [psi4.optking.convcheck:76] Performing convergence check.
2025-12-23:10:37:45,812 INFO     [psi4.optking.convcheck:282] 
	                                 ==> Convergence Check <==                                  
    
	Measures of convergence in internal coordinates in au.
    
	Criteria marked as inactive (o), active & met (*), and active & unmet ( ).

	----------------------------------------------------------------------------------------------
	   Step    Total Energy     Delta E     Max Force     RMS Force      Max Disp      RMS Disp   
	----------------------------------------------------------------------------------------------
	  Convergence Criteria     1.00e-06 *    3.00e-04 *             o    1.20e-03 *             o
	----------------------------------------------------------------------------------------------
	     4     -32.05835834   -2.52e-02      5.38e-02      5.38e-02 o    2.77e-01      2.77e-01 o  ~
	----------------------------------------------------------------------------------------------


2025-12-23:10:37:45,812 INFO     [psi4.optking.stepAlgorithms:296] 	Convergence check returned False
2025-12-23:10:37:45,822 INFO     [psi4.driver.task_planner:259] PLANNING Atomic:  keywords={'DAMPING_PERCENTAGE': 1.0, 'GEOM_MAXITER': 500, 'SCF__GUESS': 'READ', 'GUESS': 'SAP', 'MAXITER': 500, 'REFERENCE': 'UKS', 'function_kwargs': {}}
2025-12-23:10:37:45,823 INFO     [psi4.driver.driver:638] Compute gradient(): method=b3lyp, basis=cc-pvdz, molecule=default, nre=4.199716768422447
2025-12-23:10:37:46,186 INFO     [psi4.driver.driver:641] Return gradient(): -32.068777657979886
2025-12-23:10:37:46,186 INFO     [psi4.driver.driver:642] [[ 0.00000000 -0.00000000 -0.02379870]
 [ 0.00000000 -0.00000000  0.02380948]]
2025-12-23:10:37:46,188 INFO     [psi4.optking.history:269] 	Performing BFGS update.
2025-12-23:10:37:46,188 INFO     [psi4.optking.history:280] 	Using 4 previous steps for update.
2025-12-23:10:37:46,188 WARNING  [psi4.optking.history:301] 	Change in internal coordinate of 5.94e-01 exceeds limit of 5.00e-01.
2025-12-23:10:37:46,188 WARNING  [psi4.optking.history:306] 	Skipping Hessian update for step 3.
2025-12-23:10:37:46,188 WARNING  [psi4.optking.history:301] 	Change in internal coordinate of 9.60e-01 exceeds limit of 5.00e-01.
2025-12-23:10:37:46,188 WARNING  [psi4.optking.history:306] 	Skipping Hessian update for step 2.
2025-12-23:10:37:46,188 WARNING  [psi4.optking.history:301] 	Change in internal coordinate of 1.30e+00 exceeds limit of 5.00e-01.
2025-12-23:10:37:46,188 WARNING  [psi4.optking.history:306] 	Skipping Hessian update for step 1.
2025-12-23:10:37:46,188 INFO     [psi4.optking.history:317] 	Steps to be used in Hessian update:  4

2025-12-23:10:37:46,188 INFO     [psi4.optking.history:418] 	Updated Hessian (in au) 
 	   0.108076

2025-12-23:10:37:46,188 INFO     [psi4.optking.molsys:944] Projected (PHP) Hessian matrix
	   0.108076

2025-12-23:10:37:46,188 INFO     [psi4.optking.opt_helper:182] 
	         Geometry (au)                                       Gradient (au)
   0.0000000000   0.0000000000   2.1814660627		   0.0000000000  -0.0000000000  -0.0237987042
   0.0000000000   0.0000000000  -1.3902033682		   0.0000000000  -0.0000000000   0.0238094775

2025-12-23:10:37:46,189 INFO     [psi4.optking.stepAlgorithms:368] 	Current Step Report 
 
	Current energy:       -32.0687776580
	Energy change for the previous step:
		Actual       :        -0.0104193193
		Projected    :        -0.0074502726

2025-12-23:10:37:46,189 INFO     [psi4.optking.stepAlgorithms:371] 	Energy ratio =    1.39852
2025-12-23:10:37:46,189 INFO     [psi4.optking.stepAlgorithms:929] 	Using RFO solution 1.
2025-12-23:10:37:46,189 INFO     [psi4.optking.displace:100] 	Determining Cartesian step for fragment 1.
2025-12-23:10:37:46,189 INFO     [psi4.optking.displace:415] 	Successfully converged to displaced geometry.
2025-12-23:10:37:46,189 INFO     [psi4.optking.displace:416] 	RMS(dx):  1.282e-16 	Max(dx):  2.220e-16 	RMS(dq):  4.441e-16
2025-12-23:10:37:46,189 INFO     [psi4.optking.displace:172] 

	        --- Internal Coordinate Step in ANG or DEG, aJ/ANG or AJ/DEG ---
	-------------------------------------------------------------------------------
	           Coordinate      Previous         Force          Change          New 
	           ----------      --------        ------          ------        ------
	               R(1,2)       1.89005        0.19612        0.11139       2.00143
	-------------------------------------------------------------------------------

2025-12-23:10:37:46,189 INFO     [psi4.optking.stepAlgorithms:113] 	|target step| :    0.2104942735
2025-12-23:10:37:46,189 INFO     [psi4.optking.stepAlgorithms:114] 	gradient     :   -0.0238040908
2025-12-23:10:37:46,189 INFO     [psi4.optking.stepAlgorithms:115] 	hessian      :    0.1080760185
2025-12-23:10:37:46,189 INFO     [psi4.optking.stepAlgorithms:113] 	|target step| :    0.2104942735
2025-12-23:10:37:46,189 INFO     [psi4.optking.stepAlgorithms:114] 	gradient     :   -0.0238040908
2025-12-23:10:37:46,189 INFO     [psi4.optking.stepAlgorithms:115] 	hessian      :    0.1080760185
2025-12-23:10:37:46,189 INFO     [psi4.optking.stepAlgorithms:206] 	Norm of achieved step-size    0.2104942735
2025-12-23:10:37:46,189 INFO     [psi4.optking.stepAlgorithms:208] 	Norm of achieved step-size (cart):    0.1488419282
2025-12-23:10:37:46,189 INFO     [psi4.optking.opt_helper:164] Molsys:

	                            ===> Fragment 1 <== 

	 Z (Atomic Numbers)          Masses                          Geom                  
	       3.000000             7.016003          0.00000000  0.00000000  2.28671320   
	       5.000000            11.009305          0.00000000  0.00000000 -1.49545050   

	 - Coordinate -           - BOHR/RAD -       - ANG/DEG -
	 R(1,2)           =         3.782164           2.001435

2025-12-23:10:37:46,190 INFO     [psi4.optking.convcheck:76] Performing convergence check.
2025-12-23:10:37:46,190 INFO     [psi4.optking.convcheck:282] 
	                                 ==> Convergence Check <==                                  
    
	Measures of convergence in internal coordinates in au.
    
	Criteria marked as inactive (o), active & met (*), and active & unmet ( ).

	----------------------------------------------------------------------------------------------
	   Step    Total Energy     Delta E     Max Force     RMS Force      Max Disp      RMS Disp   
	----------------------------------------------------------------------------------------------
	  Convergence Criteria     1.00e-06 *    3.00e-04 *             o    1.20e-03 *             o
	----------------------------------------------------------------------------------------------
	     5     -32.06877766   -1.04e-02      2.38e-02      2.38e-02 o    2.10e-01      2.10e-01 o  ~
	----------------------------------------------------------------------------------------------


2025-12-23:10:37:46,190 INFO     [psi4.optking.stepAlgorithms:296] 	Convergence check returned False
2025-12-23:10:37:46,200 INFO     [psi4.driver.task_planner:259] PLANNING Atomic:  keywords={'DAMPING_PERCENTAGE': 1.0, 'GEOM_MAXITER': 500, 'SCF__GUESS': 'READ', 'GUESS': 'SAP', 'MAXITER': 500, 'REFERENCE': 'UKS', 'function_kwargs': {}}
2025-12-23:10:37:46,201 INFO     [psi4.driver.driver:638] Compute gradient(): method=b3lyp, basis=cc-pvdz, molecule=default, nre=3.9659838051980425
2025-12-23:10:37:46,521 INFO     [psi4.driver.driver:641] Return gradient(): -32.07212812086523
2025-12-23:10:37:46,521 INFO     [psi4.driver.driver:642] [[ 0.00000000  0.00000000 -0.00895151]
 [ 0.00000000  0.00000000  0.00896412]]
2025-12-23:10:37:46,523 INFO     [psi4.optking.history:269] 	Performing BFGS update.
2025-12-23:10:37:46,523 INFO     [psi4.optking.history:280] 	Using 4 previous steps for update.
2025-12-23:10:37:46,523 WARNING  [psi4.optking.history:301] 	Change in internal coordinate of 8.05e-01 exceeds limit of 5.00e-01.
2025-12-23:10:37:46,523 WARNING  [psi4.optking.history:306] 	Skipping Hessian update for step 3.
2025-12-23:10:37:46,523 WARNING  [psi4.optking.history:301] 	Change in internal coordinate of 1.17e+00 exceeds limit of 5.00e-01.
2025-12-23:10:37:46,523 WARNING  [psi4.optking.history:306] 	Skipping Hessian update for step 2.
2025-12-23:10:37:46,523 WARNING  [psi4.optking.history:301] 	Change in internal coordinate of 1.51e+00 exceeds limit of 5.00e-01.
2025-12-23:10:37:46,523 WARNING  [psi4.optking.history:306] 	Skipping Hessian update for step 1.
2025-12-23:10:37:46,523 INFO     [psi4.optking.history:317] 	Steps to be used in Hessian update:  5 4

2025-12-23:10:37:46,523 INFO     [psi4.optking.history:418] 	Updated Hessian (in au) 
 	   0.091870

2025-12-23:10:37:46,523 INFO     [psi4.optking.molsys:944] Projected (PHP) Hessian matrix
	   0.091870

2025-12-23:10:37:46,523 INFO     [psi4.optking.opt_helper:182] 
	         Geometry (au)                                       Gradient (au)
   0.0000000000   0.0000000000   2.3100295042		   0.0000000000   0.0000000000  -0.0089515112
   0.0000000000   0.0000000000  -1.4721342001		   0.0000000000   0.0000000000   0.0089641151

2025-12-23:10:37:46,523 INFO     [psi4.optking.stepAlgorithms:368] 	Current Step Report 
 
	Current energy:       -32.0721281209
	Energy change for the previous step:
		Actual       :        -0.0033504629
		Projected    :        -0.0025053124

2025-12-23:10:37:46,523 INFO     [psi4.optking.stepAlgorithms:371] 	Energy ratio =    1.33734
2025-12-23:10:37:46,524 INFO     [psi4.optking.stepAlgorithms:929] 	Using RFO solution 1.
2025-12-23:10:37:46,524 INFO     [psi4.optking.displace:100] 	Determining Cartesian step for fragment 1.
2025-12-23:10:37:46,524 INFO     [psi4.optking.displace:415] 	Successfully converged to displaced geometry.
2025-12-23:10:37:46,524 INFO     [psi4.optking.displace:416] 	RMS(dx):  0.000e+00 	Max(dx):  0.000e+00 	RMS(dq):  0.000e+00
2025-12-23:10:37:46,524 INFO     [psi4.optking.displace:172] 

	        --- Internal Coordinate Step in ANG or DEG, aJ/ANG or AJ/DEG ---
	-------------------------------------------------------------------------------
	           Coordinate      Previous         Force          Change          New 
	           ----------      --------        ------          ------        ------
	               R(1,2)       2.00143        0.07380        0.05112       2.05255
	-------------------------------------------------------------------------------

2025-12-23:10:37:46,524 INFO     [psi4.optking.stepAlgorithms:113] 	|target step| :    0.0965955328
2025-12-23:10:37:46,524 INFO     [psi4.optking.stepAlgorithms:114] 	gradient     :   -0.0089578132
2025-12-23:10:37:46,524 INFO     [psi4.optking.stepAlgorithms:115] 	hessian      :    0.0918699889
2025-12-23:10:37:46,524 INFO     [psi4.optking.stepAlgorithms:113] 	|target step| :    0.0965955328
2025-12-23:10:37:46,524 INFO     [psi4.optking.stepAlgorithms:114] 	gradient     :   -0.0089578132
2025-12-23:10:37:46,524 INFO     [psi4.optking.stepAlgorithms:115] 	hessian      :    0.0918699889
2025-12-23:10:37:46,524 INFO     [psi4.optking.stepAlgorithms:206] 	Norm of achieved step-size    0.0965955328
2025-12-23:10:37:46,524 INFO     [psi4.optking.stepAlgorithms:208] 	Norm of achieved step-size (cart):    0.0683033562
2025-12-23:10:37:46,524 INFO     [psi4.optking.opt_helper:164] Molsys:

	                            ===> Fragment 1 <== 

	 Z (Atomic Numbers)          Masses                          Geom                  
	       3.000000             7.016003          0.00000000  0.00000000  2.35832727   
	       5.000000            11.009305          0.00000000  0.00000000 -1.52043197   

	 - Coordinate -           - BOHR/RAD -       - ANG/DEG -
	 R(1,2)           =         3.878759           2.052551

2025-12-23:10:37:46,524 INFO     [psi4.optking.convcheck:76] Performing convergence check.
2025-12-23:10:37:46,524 INFO     [psi4.optking.convcheck:282] 
	                                 ==> Convergence Check <==                                  
    
	Measures of convergence in internal coordinates in au.
    
	Criteria marked as inactive (o), active & met (*), and active & unmet ( ).

	----------------------------------------------------------------------------------------------
	   Step    Total Energy     Delta E     Max Force     RMS Force      Max Disp      RMS Disp   
	----------------------------------------------------------------------------------------------
	  Convergence Criteria     1.00e-06 *    3.00e-04 *             o    1.20e-03 *             o
	----------------------------------------------------------------------------------------------
	     6     -32.07212812   -3.35e-03      8.96e-03      8.96e-03 o    9.66e-02      9.66e-02 o  ~
	----------------------------------------------------------------------------------------------


2025-12-23:10:37:46,524 INFO     [psi4.optking.stepAlgorithms:296] 	Convergence check returned False
2025-12-23:10:37:46,535 INFO     [psi4.driver.task_planner:259] PLANNING Atomic:  keywords={'DAMPING_PERCENTAGE': 1.0, 'GEOM_MAXITER': 500, 'SCF__GUESS': 'READ', 'GUESS': 'SAP', 'MAXITER': 500, 'REFERENCE': 'UKS', 'function_kwargs': {}}
2025-12-23:10:37:46,536 INFO     [psi4.driver.driver:638] Compute gradient(): method=b3lyp, basis=cc-pvdz, molecule=default, nre=3.867216056248018
2025-12-23:10:37:46,867 INFO     [psi4.driver.driver:641] Return gradient(): -32.07273594268001
2025-12-23:10:37:46,867 INFO     [psi4.driver.driver:642] [[-0.00000000  0.00000000 -0.00377591]
 [ 0.00000000 -0.00000000  0.00379262]]
2025-12-23:10:37:46,869 INFO     [psi4.optking.history:269] 	Performing BFGS update.
2025-12-23:10:37:46,869 INFO     [psi4.optking.history:280] 	Using 4 previous steps for update.
2025-12-23:10:37:46,869 WARNING  [psi4.optking.history:301] 	Change in internal coordinate of 5.84e-01 exceeds limit of 5.00e-01.
2025-12-23:10:37:46,869 WARNING  [psi4.optking.history:306] 	Skipping Hessian update for step 4.
2025-12-23:10:37:46,869 WARNING  [psi4.optking.history:301] 	Change in internal coordinate of 9.01e-01 exceeds limit of 5.00e-01.
2025-12-23:10:37:46,869 WARNING  [psi4.optking.history:306] 	Skipping Hessian update for step 3.
2025-12-23:10:37:46,869 WARNING  [psi4.optking.history:301] 	Change in internal coordinate of 1.27e+00 exceeds limit of 5.00e-01.
2025-12-23:10:37:46,869 WARNING  [psi4.optking.history:306] 	Skipping Hessian update for step 2.
2025-12-23:10:37:46,869 WARNING  [psi4.optking.history:301] 	Change in internal coordinate of 1.61e+00 exceeds limit of 5.00e-01.
2025-12-23:10:37:46,869 WARNING  [psi4.optking.history:306] 	Skipping Hessian update for step 1.
2025-12-23:10:37:46,869 INFO     [psi4.optking.history:317] 	Steps to be used in Hessian update:  6 5

2025-12-23:10:37:46,869 INFO     [psi4.optking.history:418] 	Updated Hessian (in au) 
 	   0.065192

2025-12-23:10:37:46,870 INFO     [psi4.optking.molsys:944] Projected (PHP) Hessian matrix
	   0.065192

2025-12-23:10:37:46,870 INFO     [psi4.optking.opt_helper:182] 
	         Geometry (au)                                       Gradient (au)
   0.0000000000   0.0000000000   2.3690270908		  -0.0000000000   0.0000000000  -0.0037759100
   0.0000000000   0.0000000000  -1.5097321463		   0.0000000000  -0.0000000000   0.0037926170

2025-12-23:10:37:46,870 INFO     [psi4.optking.stepAlgorithms:368] 	Current Step Report 
 
	Current energy:       -32.0727359427
	Energy change for the previous step:
		Actual       :        -0.0006078218
		Projected    :        -0.0004326424

2025-12-23:10:37:46,870 INFO     [psi4.optking.stepAlgorithms:371] 	Energy ratio =    1.40491
2025-12-23:10:37:46,870 INFO     [psi4.optking.stepAlgorithms:929] 	Using RFO solution 1.
2025-12-23:10:37:46,870 INFO     [psi4.optking.displace:100] 	Determining Cartesian step for fragment 1.
2025-12-23:10:37:46,870 INFO     [psi4.optking.displace:415] 	Successfully converged to displaced geometry.
2025-12-23:10:37:46,870 INFO     [psi4.optking.displace:416] 	RMS(dx):  0.000e+00 	Max(dx):  0.000e+00 	RMS(dq):  0.000e+00
2025-12-23:10:37:46,870 INFO     [psi4.optking.displace:172] 

	        --- Internal Coordinate Step in ANG or DEG, aJ/ANG or AJ/DEG ---
	-------------------------------------------------------------------------------
	           Coordinate      Previous         Force          Change          New 
	           ----------      --------        ------          ------        ------
	               R(1,2)       2.05255        0.03118        0.03061       2.08317
	-------------------------------------------------------------------------------

2025-12-23:10:37:46,870 INFO     [psi4.optking.stepAlgorithms:113] 	|target step| :    0.0578536019
2025-12-23:10:37:46,870 INFO     [psi4.optking.stepAlgorithms:114] 	gradient     :   -0.0037842635
2025-12-23:10:37:46,870 INFO     [psi4.optking.stepAlgorithms:115] 	hessian      :    0.0651920934
2025-12-23:10:37:46,870 INFO     [psi4.optking.stepAlgorithms:113] 	|target step| :    0.0578536019
2025-12-23:10:37:46,870 INFO     [psi4.optking.stepAlgorithms:114] 	gradient     :   -0.0037842635
2025-12-23:10:37:46,870 INFO     [psi4.optking.stepAlgorithms:115] 	hessian      :    0.0651920934
2025-12-23:10:37:46,870 INFO     [psi4.optking.stepAlgorithms:206] 	Norm of achieved step-size    0.0578536019
2025-12-23:10:37:46,870 INFO     [psi4.optking.stepAlgorithms:208] 	Norm of achieved step-size (cart):    0.0409086742
2025-12-23:10:37:46,870 INFO     [psi4.optking.opt_helper:164] Molsys:

	                            ===> Fragment 1 <== 

	 Z (Atomic Numbers)          Masses                          Geom                  
	       3.000000             7.016003          0.00000000  0.00000000  2.39795389   
	       5.000000            11.009305          0.00000000  0.00000000 -1.53865895   

	 - Coordinate -           - BOHR/RAD -       - ANG/DEG -
	 R(1,2)           =         3.936613           2.083166

2025-12-23:10:37:46,871 INFO     [psi4.optking.convcheck:76] Performing convergence check.
2025-12-23:10:37:46,871 INFO     [psi4.optking.convcheck:282] 
	                                 ==> Convergence Check <==                                  
    
	Measures of convergence in internal coordinates in au.
    
	Criteria marked as inactive (o), active & met (*), and active & unmet ( ).

	----------------------------------------------------------------------------------------------
	   Step    Total Energy     Delta E     Max Force     RMS Force      Max Disp      RMS Disp   
	----------------------------------------------------------------------------------------------
	  Convergence Criteria     1.00e-06 *    3.00e-04 *             o    1.20e-03 *             o
	----------------------------------------------------------------------------------------------
	     7     -32.07273594   -6.08e-04      3.78e-03      3.78e-03 o    5.79e-02      5.79e-02 o  ~
	----------------------------------------------------------------------------------------------


2025-12-23:10:37:46,871 INFO     [psi4.optking.stepAlgorithms:296] 	Convergence check returned False
2025-12-23:10:37:46,882 INFO     [psi4.driver.task_planner:259] PLANNING Atomic:  keywords={'DAMPING_PERCENTAGE': 1.0, 'GEOM_MAXITER': 500, 'SCF__GUESS': 'READ', 'GUESS': 'SAP', 'MAXITER': 500, 'REFERENCE': 'UKS', 'function_kwargs': {}}
2025-12-23:10:37:46,883 INFO     [psi4.driver.driver:638] Compute gradient(): method=b3lyp, basis=cc-pvdz, molecule=default, nre=3.8103823295495753
2025-12-23:10:37:47,187 INFO     [psi4.driver.driver:641] Return gradient(): -32.07287512867788
2025-12-23:10:37:47,187 INFO     [psi4.driver.driver:642] [[-0.00000000  0.00000000 -0.00107902]
 [ 0.00000000 -0.00000000  0.00109354]]
2025-12-23:10:37:47,189 INFO     [psi4.optking.history:269] 	Performing BFGS update.
2025-12-23:10:37:47,189 INFO     [psi4.optking.history:280] 	Using 4 previous steps for update.
2025-12-23:10:37:47,189 WARNING  [psi4.optking.history:301] 	Change in internal coordinate of 6.42e-01 exceeds limit of 5.00e-01.
2025-12-23:10:37:47,189 WARNING  [psi4.optking.history:306] 	Skipping Hessian update for step 4.
2025-12-23:10:37:47,189 WARNING  [psi4.optking.history:301] 	Change in internal coordinate of 9.59e-01 exceeds limit of 5.00e-01.
2025-12-23:10:37:47,189 WARNING  [psi4.optking.history:306] 	Skipping Hessian update for step 3.
2025-12-23:10:37:47,189 WARNING  [psi4.optking.history:301] 	Change in internal coordinate of 1.33e+00 exceeds limit of 5.00e-01.
2025-12-23:10:37:47,189 WARNING  [psi4.optking.history:306] 	Skipping Hessian update for step 2.
2025-12-23:10:37:47,189 WARNING  [psi4.optking.history:301] 	Change in internal coordinate of 1.67e+00 exceeds limit of 5.00e-01.
2025-12-23:10:37:47,189 WARNING  [psi4.optking.history:306] 	Skipping Hessian update for step 1.
2025-12-23:10:37:47,189 INFO     [psi4.optking.history:317] 	Steps to be used in Hessian update:  7 6 5

2025-12-23:10:37:47,189 INFO     [psi4.optking.history:418] 	Updated Hessian (in au) 
 	   0.062250

2025-12-23:10:37:47,189 INFO     [psi4.optking.molsys:944] Projected (PHP) Hessian matrix
	   0.062250

2025-12-23:10:37:47,189 INFO     [psi4.optking.opt_helper:182] 
	         Geometry (au)                                       Gradient (au)
   0.0000000000   0.0000000000   2.4043622951		  -0.0000000000   0.0000000000  -0.0010790198
   0.0000000000   0.0000000000  -1.5322505439		   0.0000000000  -0.0000000000   0.0010935448

2025-12-23:10:37:47,189 INFO     [psi4.optking.stepAlgorithms:368] 	Current Step Report 
 
	Current energy:       -32.0728751287
	Energy change for the previous step:
		Actual       :        -0.0001391860
		Projected    :        -0.0001094666

2025-12-23:10:37:47,189 INFO     [psi4.optking.stepAlgorithms:371] 	Energy ratio =    1.27149
2025-12-23:10:37:47,190 INFO     [psi4.optking.stepAlgorithms:929] 	Using RFO solution 1.
2025-12-23:10:37:47,190 INFO     [psi4.optking.displace:100] 	Determining Cartesian step for fragment 1.
2025-12-23:10:37:47,190 INFO     [psi4.optking.displace:415] 	Successfully converged to displaced geometry.
2025-12-23:10:37:47,190 INFO     [psi4.optking.displace:416] 	RMS(dx):  0.000e+00 	Max(dx):  0.000e+00 	RMS(dq):  0.000e+00
2025-12-23:10:37:47,190 INFO     [psi4.optking.displace:172] 

	        --- Internal Coordinate Step in ANG or DEG, aJ/ANG or AJ/DEG ---
	-------------------------------------------------------------------------------
	           Coordinate      Previous         Force          Change          New 
	           ----------      --------        ------          ------        ------
	               R(1,2)       2.08317        0.00895        0.00923       2.09240
	-------------------------------------------------------------------------------

2025-12-23:10:37:47,190 INFO     [psi4.optking.stepAlgorithms:113] 	|target step| :    0.0174449450
2025-12-23:10:37:47,190 INFO     [psi4.optking.stepAlgorithms:114] 	gradient     :   -0.0010862823
2025-12-23:10:37:47,190 INFO     [psi4.optking.stepAlgorithms:115] 	hessian      :    0.0622502230
2025-12-23:10:37:47,190 INFO     [psi4.optking.stepAlgorithms:113] 	|target step| :    0.0174449450
2025-12-23:10:37:47,190 INFO     [psi4.optking.stepAlgorithms:114] 	gradient     :   -0.0010862823
2025-12-23:10:37:47,190 INFO     [psi4.optking.stepAlgorithms:115] 	hessian      :    0.0622502230
2025-12-23:10:37:47,190 INFO     [psi4.optking.stepAlgorithms:206] 	Norm of achieved step-size    0.0174449450
2025-12-23:10:37:47,190 INFO     [psi4.optking.stepAlgorithms:208] 	Norm of achieved step-size (cart):    0.0123354389
2025-12-23:10:37:47,190 INFO     [psi4.optking.opt_helper:164] Molsys:

	                            ===> Fragment 1 <== 

	 Z (Atomic Numbers)          Masses                          Geom                  
	       3.000000             7.016003          0.00000000  0.00000000  2.41308477   
	       5.000000            11.009305          0.00000000  0.00000000 -1.54097302   

	 - Coordinate -           - BOHR/RAD -       - ANG/DEG -
	 R(1,2)           =         3.954058           2.092397

2025-12-23:10:37:47,190 INFO     [psi4.optking.convcheck:76] Performing convergence check.
2025-12-23:10:37:47,191 INFO     [psi4.optking.convcheck:282] 
	                                 ==> Convergence Check <==                                  
    
	Measures of convergence in internal coordinates in au.
    
	Criteria marked as inactive (o), active & met (*), and active & unmet ( ).

	----------------------------------------------------------------------------------------------
	   Step    Total Energy     Delta E     Max Force     RMS Force      Max Disp      RMS Disp   
	----------------------------------------------------------------------------------------------
	  Convergence Criteria     1.00e-06 *    3.00e-04 *             o    1.20e-03 *             o
	----------------------------------------------------------------------------------------------
	     8     -32.07287513   -1.39e-04      1.09e-03      1.09e-03 o    1.74e-02      1.74e-02 o  ~
	----------------------------------------------------------------------------------------------


2025-12-23:10:37:47,191 INFO     [psi4.optking.stepAlgorithms:296] 	Convergence check returned False
2025-12-23:10:37:47,201 INFO     [psi4.driver.task_planner:259] PLANNING Atomic:  keywords={'DAMPING_PERCENTAGE': 1.0, 'GEOM_MAXITER': 500, 'SCF__GUESS': 'READ', 'GUESS': 'SAP', 'MAXITER': 500, 'REFERENCE': 'UKS', 'function_kwargs': {}}
2025-12-23:10:37:47,202 INFO     [psi4.driver.driver:638] Compute gradient(): method=b3lyp, basis=cc-pvdz, molecule=default, nre=3.793571267644111
2025-12-23:10:37:47,532 INFO     [psi4.driver.driver:641] Return gradient(): -32.072887267970565
2025-12-23:10:37:47,533 INFO     [psi4.driver.driver:642] [[ 0.00000000  0.00000000 -0.00031954]
 [ 0.00000000 -0.00000000  0.00033357]]
2025-12-23:10:37:47,534 INFO     [psi4.optking.history:269] 	Performing BFGS update.
2025-12-23:10:37:47,534 INFO     [psi4.optking.history:280] 	Using 4 previous steps for update.
2025-12-23:10:37:47,535 INFO     [psi4.optking.history:317] 	Steps to be used in Hessian update:  8 7 6 5

2025-12-23:10:37:47,535 INFO     [psi4.optking.history:418] 	Updated Hessian (in au) 
 	   0.061397

2025-12-23:10:37:47,535 INFO     [psi4.optking.molsys:944] Projected (PHP) Hessian matrix
	   0.061397

2025-12-23:10:37:47,535 INFO     [psi4.optking.opt_helper:182] 
	         Geometry (au)                                       Gradient (au)
   0.0000000000   0.0000000000   2.4150171321		   0.0000000000   0.0000000000  -0.0003195377
   0.0000000000   0.0000000000  -1.5390406519		   0.0000000000  -0.0000000000   0.0003335695

2025-12-23:10:37:47,535 INFO     [psi4.optking.stepAlgorithms:368] 	Current Step Report 
 
	Current energy:       -32.0728872680
	Energy change for the previous step:
		Actual       :        -0.0000121393
		Projected    :        -0.0000094751

2025-12-23:10:37:47,535 INFO     [psi4.optking.stepAlgorithms:371] 	Energy ratio =    1.28118
2025-12-23:10:37:47,535 INFO     [psi4.optking.stepAlgorithms:929] 	Using RFO solution 1.
2025-12-23:10:37:47,535 INFO     [psi4.optking.displace:100] 	Determining Cartesian step for fragment 1.
2025-12-23:10:37:47,536 INFO     [psi4.optking.displace:415] 	Successfully converged to displaced geometry.
2025-12-23:10:37:47,536 INFO     [psi4.optking.displace:416] 	RMS(dx):  1.282e-16 	Max(dx):  2.220e-16 	RMS(dq):  4.441e-16
2025-12-23:10:37:47,536 INFO     [psi4.optking.displace:172] 

	        --- Internal Coordinate Step in ANG or DEG, aJ/ANG or AJ/DEG ---
	-------------------------------------------------------------------------------
	           Coordinate      Previous         Force          Change          New 
	           ----------      --------        ------          ------        ------
	               R(1,2)       2.09240        0.00269        0.00281       2.09521
	-------------------------------------------------------------------------------

2025-12-23:10:37:47,536 INFO     [psi4.optking.stepAlgorithms:113] 	|target step| :    0.0053185633
2025-12-23:10:37:47,536 INFO     [psi4.optking.stepAlgorithms:114] 	gradient     :   -0.0003265536
2025-12-23:10:37:47,536 INFO     [psi4.optking.stepAlgorithms:115] 	hessian      :    0.0613971033
2025-12-23:10:37:47,536 INFO     [psi4.optking.stepAlgorithms:113] 	|target step| :    0.0053185633
2025-12-23:10:37:47,536 INFO     [psi4.optking.stepAlgorithms:114] 	gradient     :   -0.0003265536
2025-12-23:10:37:47,536 INFO     [psi4.optking.stepAlgorithms:115] 	hessian      :    0.0613971033
2025-12-23:10:37:47,536 INFO     [psi4.optking.stepAlgorithms:206] 	Norm of achieved step-size    0.0053185633
2025-12-23:10:37:47,536 INFO     [psi4.optking.stepAlgorithms:208] 	Norm of achieved step-size (cart):    0.0037607922
2025-12-23:10:37:47,536 INFO     [psi4.optking.opt_helper:164] Molsys:

	                            ===> Fragment 1 <== 

	 Z (Atomic Numbers)          Masses                          Geom                  
	       3.000000             7.016003          0.00000000  0.00000000  2.41767641   
	       5.000000            11.009305          0.00000000  0.00000000 -1.54169993   

	 - Coordinate -           - BOHR/RAD -       - ANG/DEG -
	 R(1,2)           =         3.959376           2.095212

2025-12-23:10:37:47,536 INFO     [psi4.optking.convcheck:76] Performing convergence check.
2025-12-23:10:37:47,536 INFO     [psi4.optking.convcheck:282] 
	                                 ==> Convergence Check <==                                  
    
	Measures of convergence in internal coordinates in au.
    
	Criteria marked as inactive (o), active & met (*), and active & unmet ( ).

	----------------------------------------------------------------------------------------------
	   Step    Total Energy     Delta E     Max Force     RMS Force      Max Disp      RMS Disp   
	----------------------------------------------------------------------------------------------
	  Convergence Criteria     1.00e-06 *    3.00e-04 *             o    1.20e-03 *             o
	----------------------------------------------------------------------------------------------
	     9     -32.07288727   -1.21e-05      3.27e-04      3.27e-04 o    5.32e-03      5.32e-03 o  ~
	----------------------------------------------------------------------------------------------


2025-12-23:10:37:47,536 INFO     [psi4.optking.stepAlgorithms:296] 	Convergence check returned False
2025-12-23:10:37:47,547 INFO     [psi4.driver.task_planner:259] PLANNING Atomic:  keywords={'DAMPING_PERCENTAGE': 1.0, 'GEOM_MAXITER': 500, 'SCF__GUESS': 'READ', 'GUESS': 'SAP', 'MAXITER': 500, 'REFERENCE': 'UKS', 'function_kwargs': {}}
2025-12-23:10:37:47,548 INFO     [psi4.driver.driver:638] Compute gradient(): method=b3lyp, basis=cc-pvdz, molecule=default, nre=3.788475427458748
2025-12-23:10:37:47,899 INFO     [psi4.driver.driver:641] Return gradient(): -32.072888352169436
2025-12-23:10:37:47,899 INFO     [psi4.driver.driver:642] [[-0.00000000  0.00000000 -0.00009273]
 [ 0.00000000  0.00000000  0.00010662]]
2025-12-23:10:37:47,901 INFO     [psi4.optking.history:269] 	Performing BFGS update.
2025-12-23:10:37:47,901 INFO     [psi4.optking.history:280] 	Using 4 previous steps for update.
2025-12-23:10:37:47,901 INFO     [psi4.optking.history:317] 	Steps to be used in Hessian update:  9 8 7 6

2025-12-23:10:37:47,901 INFO     [psi4.optking.history:418] 	Updated Hessian (in au) 
 	   0.049986

2025-12-23:10:37:47,901 INFO     [psi4.optking.molsys:944] Projected (PHP) Hessian matrix
	   0.049986

2025-12-23:10:37:47,901 INFO     [psi4.optking.opt_helper:182] 
	         Geometry (au)                                       Gradient (au)
   0.0000000000   0.0000000000   2.4182655473		  -0.0000000000   0.0000000000  -0.0000927328
   0.0000000000   0.0000000000  -1.5411108000		   0.0000000000   0.0000000000   0.0001066236

2025-12-23:10:37:47,901 INFO     [psi4.optking.stepAlgorithms:368] 	Current Step Report 
 
	Current energy:       -32.0728883522
	Energy change for the previous step:
		Actual       :        -0.0000010842
		Projected    :        -0.0000008684

2025-12-23:10:37:47,901 INFO     [psi4.optking.stepAlgorithms:371] 	Energy ratio =    1.24850
2025-12-23:10:37:47,902 INFO     [psi4.optking.stepAlgorithms:929] 	Using RFO solution 1.
2025-12-23:10:37:47,902 INFO     [psi4.optking.displace:100] 	Determining Cartesian step for fragment 1.
2025-12-23:10:37:47,902 INFO     [psi4.optking.displace:415] 	Successfully converged to displaced geometry.
2025-12-23:10:37:47,902 INFO     [psi4.optking.displace:416] 	RMS(dx):  0.000e+00 	Max(dx):  0.000e+00 	RMS(dq):  0.000e+00
2025-12-23:10:37:47,902 INFO     [psi4.optking.displace:172] 

	        --- Internal Coordinate Step in ANG or DEG, aJ/ANG or AJ/DEG ---
	-------------------------------------------------------------------------------
	           Coordinate      Previous         Force          Change          New 
	           ----------      --------        ------          ------        ------
	               R(1,2)       2.09521        0.00082        0.00106       2.09627
	-------------------------------------------------------------------------------

2025-12-23:10:37:47,902 INFO     [psi4.optking.stepAlgorithms:113] 	|target step| :    0.0019941181
2025-12-23:10:37:47,902 INFO     [psi4.optking.stepAlgorithms:114] 	gradient     :   -0.0000996782
2025-12-23:10:37:47,902 INFO     [psi4.optking.stepAlgorithms:115] 	hessian      :    0.0499859085
2025-12-23:10:37:47,902 INFO     [psi4.optking.stepAlgorithms:113] 	|target step| :    0.0019941181
2025-12-23:10:37:47,902 INFO     [psi4.optking.stepAlgorithms:114] 	gradient     :   -0.0000996782
2025-12-23:10:37:47,902 INFO     [psi4.optking.stepAlgorithms:115] 	hessian      :    0.0499859085
2025-12-23:10:37:47,902 INFO     [psi4.optking.stepAlgorithms:206] 	Norm of achieved step-size    0.0019941181
2025-12-23:10:37:47,902 INFO     [psi4.optking.stepAlgorithms:208] 	Norm of achieved step-size (cart):    0.0014100544
2025-12-23:10:37:47,902 INFO     [psi4.optking.opt_helper:164] Molsys:

	                            ===> Fragment 1 <== 

	 Z (Atomic Numbers)          Masses                          Geom                  
	       3.000000             7.016003          0.00000000  0.00000000  2.41926261   
	       5.000000            11.009305          0.00000000  0.00000000 -1.54210786   

	 - Coordinate -           - BOHR/RAD -       - ANG/DEG -
	 R(1,2)           =         3.961370           2.096267

2025-12-23:10:37:47,903 INFO     [psi4.optking.convcheck:76] Performing convergence check.
2025-12-23:10:37:47,903 INFO     [psi4.optking.convcheck:282] 
	                                 ==> Convergence Check <==                                  
    
	Measures of convergence in internal coordinates in au.
    
	Criteria marked as inactive (o), active & met (*), and active & unmet ( ).

	----------------------------------------------------------------------------------------------
	   Step    Total Energy     Delta E     Max Force     RMS Force      Max Disp      RMS Disp   
	----------------------------------------------------------------------------------------------
	  Convergence Criteria     1.00e-06 *    3.00e-04 *             o    1.20e-03 *             o
	----------------------------------------------------------------------------------------------
	    10     -32.07288835   -1.08e-06      9.97e-05 *    9.97e-05 o    1.99e-03      1.99e-03 o  ~
	----------------------------------------------------------------------------------------------


2025-12-23:10:37:47,903 INFO     [psi4.optking.stepAlgorithms:296] 	Convergence check returned False
2025-12-23:10:37:47,914 INFO     [psi4.driver.task_planner:259] PLANNING Atomic:  keywords={'DAMPING_PERCENTAGE': 1.0, 'GEOM_MAXITER': 500, 'SCF__GUESS': 'READ', 'GUESS': 'SAP', 'MAXITER': 500, 'REFERENCE': 'UKS', 'function_kwargs': {}}
2025-12-23:10:37:47,915 INFO     [psi4.driver.driver:638] Compute gradient(): method=b3lyp, basis=cc-pvdz, molecule=default, nre=3.7865683431912234
2025-12-23:10:37:48,206 INFO     [psi4.driver.driver:641] Return gradient(): -32.0728884479409
2025-12-23:10:37:48,206 INFO     [psi4.driver.driver:642] [[-0.00000000  0.00000000 -0.00000826]
 [-0.00000000  0.00000000  0.00002210]]
2025-12-23:10:37:48,208 INFO     [psi4.optking.history:269] 	Performing BFGS update.
2025-12-23:10:37:48,208 INFO     [psi4.optking.history:280] 	Using 4 previous steps for update.
2025-12-23:10:37:48,208 INFO     [psi4.optking.history:317] 	Steps to be used in Hessian update:  10 9 8 7

2025-12-23:10:37:48,208 INFO     [psi4.optking.history:418] 	Updated Hessian (in au) 
 	   0.045624

2025-12-23:10:37:48,208 INFO     [psi4.optking.molsys:944] Projected (PHP) Hessian matrix
	   0.045624

2025-12-23:10:37:48,208 INFO     [psi4.optking.opt_helper:182] 
	         Geometry (au)                                       Gradient (au)
   0.0000000000   0.0000000000   2.4194834935		  -0.0000000000   0.0000000000  -0.0000082596
   0.0000000000   0.0000000000  -1.5418869720		  -0.0000000000   0.0000000000   0.0000220980

2025-12-23:10:37:48,208 INFO     [psi4.optking.stepAlgorithms:368] 	Current Step Report 
 
	Current energy:       -32.0728884479
	Energy change for the previous step:
		Actual       :        -0.0000000958
		Projected    :        -0.0000000994

2025-12-23:10:37:48,208 INFO     [psi4.optking.stepAlgorithms:371] 	Energy ratio =    0.96364
2025-12-23:10:37:48,208 INFO     [psi4.optking.stepAlgorithms:929] 	Using RFO solution 1.
2025-12-23:10:37:48,209 INFO     [psi4.optking.displace:100] 	Determining Cartesian step for fragment 1.
2025-12-23:10:37:48,209 INFO     [psi4.optking.displace:415] 	Successfully converged to displaced geometry.
2025-12-23:10:37:48,209 INFO     [psi4.optking.displace:416] 	RMS(dx):  0.000e+00 	Max(dx):  0.000e+00 	RMS(dq):  0.000e+00
2025-12-23:10:37:48,209 INFO     [psi4.optking.displace:172] 

	        --- Internal Coordinate Step in ANG or DEG, aJ/ANG or AJ/DEG ---
	-------------------------------------------------------------------------------
	           Coordinate      Previous         Force          Change          New 
	           ----------      --------        ------          ------        ------
	               R(1,2)       2.09627        0.00013        0.00018       2.09644
	-------------------------------------------------------------------------------

2025-12-23:10:37:48,209 INFO     [psi4.optking.stepAlgorithms:113] 	|target step| :    0.0003326904
2025-12-23:10:37:48,209 INFO     [psi4.optking.stepAlgorithms:114] 	gradient     :   -0.0000151788
2025-12-23:10:37:48,209 INFO     [psi4.optking.stepAlgorithms:115] 	hessian      :    0.0456243635
2025-12-23:10:37:48,209 INFO     [psi4.optking.stepAlgorithms:113] 	|target step| :    0.0003326904
2025-12-23:10:37:48,209 INFO     [psi4.optking.stepAlgorithms:114] 	gradient     :   -0.0000151788
2025-12-23:10:37:48,209 INFO     [psi4.optking.stepAlgorithms:115] 	hessian      :    0.0456243635
2025-12-23:10:37:48,209 INFO     [psi4.optking.stepAlgorithms:206] 	Norm of achieved step-size    0.0003326904
2025-12-23:10:37:48,209 INFO     [psi4.optking.stepAlgorithms:208] 	Norm of achieved step-size (cart):    0.0002352477
2025-12-23:10:37:48,209 INFO     [psi4.optking.opt_helper:164] Molsys:

	                            ===> Fragment 1 <== 

	 Z (Atomic Numbers)          Masses                          Geom                  
	       3.000000             7.016003          0.00000000  0.00000000  2.41964984   
	       5.000000            11.009305          0.00000000  0.00000000 -1.54205332   

	 - Coordinate -           - BOHR/RAD -       - ANG/DEG -
	 R(1,2)           =         3.961703           2.096443

2025-12-23:10:37:48,209 INFO     [psi4.optking.convcheck:76] Performing convergence check.
2025-12-23:10:37:48,209 INFO     [psi4.optking.convcheck:282] 
	                                 ==> Convergence Check <==                                  
    
	Measures of convergence in internal coordinates in au.
    
	Criteria marked as inactive (o), active & met (*), and active & unmet ( ).

	----------------------------------------------------------------------------------------------
	   Step    Total Energy     Delta E     Max Force     RMS Force      Max Disp      RMS Disp   
	----------------------------------------------------------------------------------------------
	  Convergence Criteria     1.00e-06 *    3.00e-04 *             o    1.20e-03 *             o
	----------------------------------------------------------------------------------------------
	    11     -32.07288845   -9.58e-08 *    1.52e-05 *    1.52e-05 o    3.33e-04 *    3.33e-04 o  ~
	----------------------------------------------------------------------------------------------


2025-12-23:10:37:48,209 INFO     [psi4.optking.convcheck:206] 
	                      ===> Final Convergence Report <===                     

	----------------------------------------------------------------------------
	|   Required Criteria    |  One or More Criteria  |   Alternate Criteria   |
	----------------------------------------------------------------------------
	| [x]     max_force      | [x]       max_DE       |                        |
	|                        | [x]      max_disp      |                        |
	----------------------------------------------------------------------------


2025-12-23:10:37:48,209 INFO     [psi4.optking.stepAlgorithms:296] 	Convergence check returned True
2025-12-23:10:37:48,209 INFO     [psi4.optking.optimize:332] 	Converged in 11 steps!
2025-12-23:10:37:48,209 INFO     [psi4.optking.optimize:333] 	Final energy is    -32.0728884479409
2025-12-23:10:37:48,209 INFO     [psi4.optking.optimize:334] 	Final structure (Angstroms): 
	Fragment 1 (Ang)

	   Li   0.0000000000   0.0000000000   1.2804235524
	    B   0.0000000000   0.0000000000  -0.8160194731


2025-12-23:10:37:48,210 INFO     [psi4.optking.optimize:562] 	Optimization Finished

	==> Optimization Summary <==

        
	Measures of convergence in internal coordinates in au. (Any backward steps not shown.)
        
	---------------------------------------------------------------------------------------------------------------  ~
        
	 Step         Total Energy             Delta E       MAX Force       RMS Force        MAX Disp        RMS Disp   ~
        
	---------------------------------------------------------------------------------------------------------------  ~
        
	     1     -31.867148514263    -31.867148514263      0.40851955      0.40851955      0.34368824      0.34368824  ~
	     2     -31.973658211229     -0.106509696966      0.22535891      0.22535891      0.36617132      0.36617132  ~
	     3     -32.033111913172     -0.059453701943      0.11051527      0.11051527      0.31696829      0.31696829  ~
	     4     -32.058358338728     -0.025246425556      0.05375955      0.05375955      0.27717023      0.27717023  ~
	     5     -32.068777657980     -0.010419319252      0.02380409      0.02380409      0.21049427      0.21049427  ~
	     6     -32.072128120865     -0.003350462885      0.00895781      0.00895781      0.09659553      0.09659553  ~
	     7     -32.072735942680     -0.000607821815      0.00378426      0.00378426      0.05785360      0.05785360  ~
	     8     -32.072875128678     -0.000139185998      0.00108628      0.00108628      0.01744495      0.01744495  ~
	     9     -32.072887267971     -0.000012139293      0.00032655      0.00032655      0.00531856      0.00531856  ~
	    10     -32.072888352169     -0.000001084199      0.00009968      0.00009968      0.00199412      0.00199412  ~
	    11     -32.072888447941     -0.000000095771      0.00001518      0.00001518      0.00033269      0.00033269  ~
	----------------------------------------------------------------------------------------------------------------


2025-12-23:10:37:48,210 INFO     [psi4.optking.optimize:806] Preparing OptimizationResult
