2025-12-23:11:37:32,498 WARNING  [psi4.optking:38] Some dependencies such as QCElemental have not yet finished migration to pydantic v2. If issues are encountered please downgrade pydantic or upgrade QCElemental as appropriate
2025-12-23:11:37:32,657 INFO     [psi4.optking.optwrapper:234] Creating a UserComputer
2025-12-23:11:37:32,657 INFO     [psi4.optking.optwrapper:242] 
    			-----------------------------------------

    			 OPTKING 3.0: for geometry optimizations 

    			     By R.A. King, Bethel University     

    			        with contributions from          

    			    A.V. Copan, J. Cayton, A. Heide      

    			-----------------------------------------

    
2025-12-23:11:37:32,657 INFO     [psi4.optking.optwrapper:272] 
		 -- Optimization Parameters --
	GEOM_MAXITER                   =             500
	ALG_GEOM_MAXITER               =              50
	PRINT                          =               1
	OPT_TYPE                       =             MIN
	STEP_TYPE                      =             RFO
	PROGRAM                        =            PSI4
	STEEPEST_DESCENT_TYPE          =         OVERLAP
	CONJUGATE_GRADIENT_TYPE        =        FLETCHER
	OPT_COORDINATES                =        INTERNAL
	RFO_FOLLOW_ROOT                =           False
	RFO_ROOT                       =               0
	ACCEPT_SYMMETRY_BREAKING       =           False
	DYNAMIC_LVL                    =               0
	DYNAMIC_LVL_MAX                =               0
	IRC_STEP_SIZE                  =             0.2
	IRC_DIRECTION                  =         FORWARD
	IRC_POINTS                     =              20
	IRC_MODE                       =          NORMAL
	IRC_CONVERGENCE                =            -0.7
	INTRAFRAG_STEP_LIMIT           =             0.5
	INTRAFRAG_STEP_LIMIT_MIN       =           0.001
	INTRAFRAG_STEP_LIMIT_MAX       =             1.0
	INTERFRAG_STEP_LIMIT           =             0.5
	INTERFRAG_STEP_LIMIT_MIN       =           0.001
	INTERFRAG_STEP_LIMIT_MAX       =             1.0
	ENSURE_BT_CONVERGENCE          =           False
	SIMPLE_STEP_SCALING            =           False
	CONSECUTIVE_BACKSTEPS          =               0
	RFO_NORMALIZATION_MAX          =             100
	RSRFO_ALPHA_MAX                =     100000000.0
	PRINT_TRAJECTORY_XYZ_FILE      =           False
	WRITE_TRAJECTORY               =           False
	FROZEN_DISTANCE                =                
	FROZEN_BEND                    =                
	FROZEN_DIHEDRAL                =                
	FROZEN_OOFP                    =                
	FROZEN_CARTESIAN               =                
	FREEZE_ALL_DIHEDRALS           =           False
	UNFREEZE_DIHEDRALS             =                
	RANGED_DISTANCE                =                
	RANGED_BEND                    =                
	RANGED_DIHEDRAL                =                
	RANGED_OOFP                    =                
	RANGED_CARTESIAN               =                
	EXT_FORCE_DISTANCE             =                
	EXT_FORCE_BEND                 =                
	EXT_FORCE_DIHEDRAL             =                
	EXT_FORCE_OOFP                 =                
	EXT_FORCE_CARTESIAN            =                
	G_CONVERGENCE                  =           QCHEM
	MAX_FORCE_G_CONVERGENCE        =          0.0003
	RMS_FORCE_G_CONVERGENCE        =          0.0003
	MAX_ENERGY_G_CONVERGENCE       =           1e-06
	MAX_DISP_G_CONVERGENCE         =          0.0012
	RMS_DISP_G_CONVERGENCE         =          0.0012
	FLEXIBLE_G_CONVERGENCE         =           False
	HESS_UPDATE                    =            BFGS
	HESS_UPDATE_USE_LAST           =               4
	HESS_UPDATE_LIMIT              =            True
	HESS_UPDATE_LIMIT_MAX          =             1.0
	HESS_UPDATE_LIMIT_SCALE        =             0.5
	HESS_UPDATE_DEN_TOL            =           1e-07
	HESS_UPDATE_DQ_TOL             =             0.5
	CART_HESS_READ                 =           False
	HESSIAN_FILE                   =               .
	FULL_HESS_EVERY                =              -1
	INTRAFRAG_HESS                 =        SCHLEGEL
	H_GUESS_EVERY                  =           False
	BT_MAX_ITER                    =              25
	BT_DX_CONV                     =           1e-07
	BT_DX_RMS_CHANGE_CONV          =           1e-12
	BT_PINV_RCOND                  =           1e-06
	FRAG_MODE                      =          SINGLE
	FRAG_REF_ATOMS                 =              []
	FREEZE_INTRAFRAG               =           False
	INTERFRAG_MODE                 =           FIXED
	ADD_AUXILIARY_BONDS            =           False
	AUXILIARY_BOND_FACTOR          =             2.5
	INTERFRAG_DIST_INV             =           False
	INTERFRAG_COLLINEAR_TOL        =            0.01
	INTERFRAG_COORDS               =              []
	INTERFRAG_HESS                 =         DEFAULT
	COVALENT_CONNECT               =             1.3
	INTERFRAGMENT_CONNECT          =             1.8
	H_BOND_CONNECT                 =             4.3
	INCLUDE_OOFP                   =           False
	TEST_B                         =           False
	TEST_DERIVATIVE_B              =           False
	LINESEARCH_STEP                =             0.1
	LINESEARCH                     =           False
	SD_HESSIAN                     =             1.0
	FIX_VAL_NEAR_PI                =            1.57
	V3D_TORS_ANGLE_LIM             =           0.017
	V3D_TORS_COS_TOL               =           1e-10
	LINEAR_BEND_THRESHOLD          =            3.05
	SMALL_BEND_FIX_THRESHOLD       =            0.35
	REDUNDANT_EVAL_TOL             =           1e-10
	LINEAR_ALGEBRA_TOL             =           1e-10


2025-12-23:11:37:32,785 INFO     [psi4.optking.opt_helper:164] Molsys:

	                            ===> Fragment 1 <== 

	 Z (Atomic Numbers)          Masses                          Geom                  
	      18.000000            39.962383         -0.00000000  1.13383568  0.00000000   
	      18.000000            39.962383          0.00000000 -1.13383568  0.00000000   

	 - Coordinate -           - BOHR/RAD -       - ANG/DEG -
	 R(1,2)           =         2.267671           1.200000

2025-12-23:11:37:32,795 INFO     [psi4.driver.task_planner:259] PLANNING Atomic:  keywords={'DAMPING_PERCENTAGE': 1.0, 'GEOM_MAXITER': 500, 'GUESS': 'SAP', 'MAXITER': 500, 'REFERENCE': 'UKS', 'function_kwargs': {}}
2025-12-23:11:37:32,796 INFO     [psi4.driver.driver:638] Compute gradient(): method=b3lyp, basis=cc-pvdz, molecule=default, nre=142.87784688090002
2025-12-23:11:37:33,373 INFO     [psi4.driver.driver:641] Return gradient(): -1052.3611892557503
2025-12-23:11:37:33,373 INFO     [psi4.driver.driver:642] [[ 0.00000000 -3.04908140  0.00000000]
 [-0.00000000  3.04908140 -0.00000000]]
2025-12-23:11:37:33,375 INFO     [psi4.optking.molsys:944] Projected (PHP) Hessian matrix
	 217.822043

2025-12-23:11:37:33,375 INFO     [psi4.optking.opt_helper:182] 
	         Geometry (au)                                       Gradient (au)
  -0.0000000000   1.1338356753   0.0000000000		   0.0000000000  -3.0490814011   0.0000000000
   0.0000000000  -1.1338356753   0.0000000000		  -0.0000000000   3.0490814011  -0.0000000000

2025-12-23:11:37:33,375 INFO     [psi4.optking.stepAlgorithms:929] 	Using RFO solution 1.
2025-12-23:11:37:33,375 INFO     [psi4.optking.displace:100] 	Determining Cartesian step for fragment 1.
2025-12-23:11:37:33,375 INFO     [psi4.optking.displace:415] 	Successfully converged to displaced geometry.
2025-12-23:11:37:33,375 INFO     [psi4.optking.displace:416] 	RMS(dx):  0.000e+00 	Max(dx):  0.000e+00 	RMS(dq):  0.000e+00
2025-12-23:11:37:33,375 INFO     [psi4.optking.displace:172] 

	        --- Internal Coordinate Step in ANG or DEG, aJ/ANG or AJ/DEG ---
	-------------------------------------------------------------------------------
	           Coordinate      Previous         Force          Change          New 
	           ----------      --------        ------          ------        ------
	               R(1,2)       1.20000       25.12054        0.00741       1.20741
	-------------------------------------------------------------------------------

2025-12-23:11:37:33,376 INFO     [psi4.optking.stepAlgorithms:113] 	|target step| :    0.0139952970
2025-12-23:11:37:33,376 INFO     [psi4.optking.stepAlgorithms:114] 	gradient     :   -3.0490814011
2025-12-23:11:37:33,376 INFO     [psi4.optking.stepAlgorithms:115] 	hessian      :  217.8220428578
2025-12-23:11:37:33,376 INFO     [psi4.optking.stepAlgorithms:113] 	|target step| :    0.0139952970
2025-12-23:11:37:33,376 INFO     [psi4.optking.stepAlgorithms:114] 	gradient     :   -3.0490814011
2025-12-23:11:37:33,376 INFO     [psi4.optking.stepAlgorithms:115] 	hessian      :  217.8220428578
2025-12-23:11:37:33,376 INFO     [psi4.optking.stepAlgorithms:206] 	Norm of achieved step-size    0.0139952970
2025-12-23:11:37:33,376 INFO     [psi4.optking.stepAlgorithms:208] 	Norm of achieved step-size (cart):    0.0098961694
2025-12-23:11:37:33,376 INFO     [psi4.optking.opt_helper:164] Molsys:

	                            ===> Fragment 1 <== 

	 Z (Atomic Numbers)          Masses                          Geom                  
	      18.000000            39.962383         -0.00000000  1.14083332  0.00000000   
	      18.000000            39.962383          0.00000000 -1.14083332  0.00000000   

	 - Coordinate -           - BOHR/RAD -       - ANG/DEG -
	 R(1,2)           =         2.281667           1.207406

2025-12-23:11:37:33,376 INFO     [psi4.optking.convcheck:76] Performing convergence check.
2025-12-23:11:37:33,376 INFO     [psi4.optking.convcheck:282] 
	                                 ==> Convergence Check <==                                  
    
	Measures of convergence in internal coordinates in au.
    
	Criteria marked as inactive (o), active & met (*), and active & unmet ( ).

	----------------------------------------------------------------------------------------------~
	   Step    Total Energy     Delta E     Max Force     RMS Force      Max Disp      RMS Disp   ~
	----------------------------------------------------------------------------------------------~
	  Convergence Criteria     1.00e-06 *    3.00e-04 *             o    1.20e-03 *             o~
	----------------------------------------------------------------------------------------------~
	     1   -1052.36118926   -1.05e+03      3.05e+00      3.05e+00 o    1.40e-02      1.40e-02 o  ~
	----------------------------------------------------------------------------------------------


2025-12-23:11:37:33,376 INFO     [psi4.optking.stepAlgorithms:296] 	Convergence check returned False
2025-12-23:11:37:33,387 INFO     [psi4.driver.task_planner:259] PLANNING Atomic:  keywords={'DAMPING_PERCENTAGE': 1.0, 'GEOM_MAXITER': 500, 'SCF__GUESS': 'READ', 'GUESS': 'SAP', 'MAXITER': 500, 'REFERENCE': 'UKS', 'function_kwargs': {}}
2025-12-23:11:37:33,388 INFO     [psi4.driver.driver:638] Compute gradient(): method=b3lyp, basis=cc-pvdz, molecule=default, nre=142.0014621102479
2025-12-23:11:37:33,984 INFO     [psi4.driver.driver:641] Return gradient(): -1052.4030521677648
2025-12-23:11:37:33,985 INFO     [psi4.driver.driver:642] [[ 0.00000000 -2.93396977 -0.00000000]
 [-0.00000000  2.93396977  0.00000000]]
2025-12-23:11:37:33,986 INFO     [psi4.optking.history:269] 	Performing BFGS update.
2025-12-23:11:37:33,986 INFO     [psi4.optking.history:280] 	Using 1 previous steps for update.
2025-12-23:11:37:33,986 INFO     [psi4.optking.history:317] 	Steps to be used in Hessian update:  1

2025-12-23:11:37:33,987 INFO     [psi4.optking.history:418] 	Updated Hessian (in au) 
 	 108.911021

2025-12-23:11:37:33,987 INFO     [psi4.optking.molsys:944] Projected (PHP) Hessian matrix
	 108.911021

2025-12-23:11:37:33,987 INFO     [psi4.optking.opt_helper:182] 
	         Geometry (au)                                       Gradient (au)
  -0.0000000000   1.1408333238   0.0000000000		   0.0000000000  -2.9339697716  -0.0000000000
   0.0000000000  -1.1408333238   0.0000000000		  -0.0000000000   2.9339697716   0.0000000000

2025-12-23:11:37:33,987 INFO     [psi4.optking.stepAlgorithms:368] 	Current Step Report 
 
	Current energy:     -1052.4030521678
	Energy change for the previous step:
		Actual       :        -0.0418629120
		Projected    :        -0.0213363999

2025-12-23:11:37:33,987 INFO     [psi4.optking.stepAlgorithms:371] 	Energy ratio =    1.96204
2025-12-23:11:37:33,987 INFO     [psi4.optking.stepAlgorithms:399] 	Energy ratio indicates good step.
2025-12-23:11:37:33,987 INFO     [psi4.optking.stepAlgorithms:400] 	Intrafrag trust radius increased to      1.
2025-12-23:11:37:33,987 INFO     [psi4.optking.stepAlgorithms:929] 	Using RFO solution 1.
2025-12-23:11:37:33,987 INFO     [psi4.optking.displace:100] 	Determining Cartesian step for fragment 1.
2025-12-23:11:37:33,987 INFO     [psi4.optking.displace:415] 	Successfully converged to displaced geometry.
2025-12-23:11:37:33,987 INFO     [psi4.optking.displace:416] 	RMS(dx):  0.000e+00 	Max(dx):  0.000e+00 	RMS(dq):  0.000e+00
2025-12-23:11:37:33,987 INFO     [psi4.optking.displace:172] 

	        --- Internal Coordinate Step in ANG or DEG, aJ/ANG or AJ/DEG ---
	-------------------------------------------------------------------------------
	           Coordinate      Previous         Force          Change          New 
	           ----------      --------        ------          ------        ------
	               R(1,2)       1.20741       24.17217        0.01425       1.22165
	-------------------------------------------------------------------------------

2025-12-23:11:37:33,987 INFO     [psi4.optking.stepAlgorithms:113] 	|target step| :    0.0269196229
2025-12-23:11:37:33,987 INFO     [psi4.optking.stepAlgorithms:114] 	gradient     :   -2.9339697716
2025-12-23:11:37:33,988 INFO     [psi4.optking.stepAlgorithms:115] 	hessian      :  108.9110214289
2025-12-23:11:37:33,988 INFO     [psi4.optking.stepAlgorithms:113] 	|target step| :    0.0269196229
2025-12-23:11:37:33,988 INFO     [psi4.optking.stepAlgorithms:114] 	gradient     :   -2.9339697716
2025-12-23:11:37:33,988 INFO     [psi4.optking.stepAlgorithms:115] 	hessian      :  108.9110214289
2025-12-23:11:37:33,988 INFO     [psi4.optking.stepAlgorithms:206] 	Norm of achieved step-size    0.0269196229
2025-12-23:11:37:33,988 INFO     [psi4.optking.stepAlgorithms:208] 	Norm of achieved step-size (cart):    0.0190350479
2025-12-23:11:37:33,988 INFO     [psi4.optking.opt_helper:164] Molsys:

	                            ===> Fragment 1 <== 

	 Z (Atomic Numbers)          Masses                          Geom                  
	      18.000000            39.962383         -0.00000000  1.15429314  0.00000000   
	      18.000000            39.962383          0.00000000 -1.15429314  0.00000000   

	 - Coordinate -           - BOHR/RAD -       - ANG/DEG -
	 R(1,2)           =         2.308586           1.221651

2025-12-23:11:37:33,988 INFO     [psi4.optking.convcheck:76] Performing convergence check.
2025-12-23:11:37:33,988 INFO     [psi4.optking.convcheck:282] 
	                                 ==> Convergence Check <==                                  
    
	Measures of convergence in internal coordinates in au.
    
	Criteria marked as inactive (o), active & met (*), and active & unmet ( ).

	----------------------------------------------------------------------------------------------
	   Step    Total Energy     Delta E     Max Force     RMS Force      Max Disp      RMS Disp   
	----------------------------------------------------------------------------------------------
	  Convergence Criteria     1.00e-06 *    3.00e-04 *             o    1.20e-03 *             o
	----------------------------------------------------------------------------------------------
	     2   -1052.40305217   -4.19e-02      2.93e+00      2.93e+00 o    2.69e-02      2.69e-02 o  ~
	----------------------------------------------------------------------------------------------


2025-12-23:11:37:33,988 INFO     [psi4.optking.stepAlgorithms:296] 	Convergence check returned False
2025-12-23:11:37:33,998 INFO     [psi4.driver.task_planner:259] PLANNING Atomic:  keywords={'DAMPING_PERCENTAGE': 1.0, 'GEOM_MAXITER': 500, 'SCF__GUESS': 'READ', 'GUESS': 'SAP', 'MAXITER': 500, 'REFERENCE': 'UKS', 'function_kwargs': {}}
2025-12-23:11:37:33,999 INFO     [psi4.driver.driver:638] Compute gradient(): method=b3lyp, basis=cc-pvdz, molecule=default, nre=140.34563236892973
2025-12-23:11:37:34,576 INFO     [psi4.driver.driver:641] Return gradient(): -1052.479173908477
2025-12-23:11:37:34,577 INFO     [psi4.driver.driver:642] [[ 0.00000000 -2.72383756 -0.00000000]
 [-0.00000000  2.72383756  0.00000000]]
2025-12-23:11:37:34,578 INFO     [psi4.optking.history:269] 	Performing BFGS update.
2025-12-23:11:37:34,578 INFO     [psi4.optking.history:280] 	Using 2 previous steps for update.
2025-12-23:11:37:34,578 INFO     [psi4.optking.history:317] 	Steps to be used in Hessian update:  2 1

2025-12-23:11:37:34,578 INFO     [psi4.optking.history:418] 	Updated Hessian (in au) 
 	  27.227755

2025-12-23:11:37:34,579 INFO     [psi4.optking.molsys:944] Projected (PHP) Hessian matrix
	  27.227755

2025-12-23:11:37:34,579 INFO     [psi4.optking.opt_helper:182] 
	         Geometry (au)                                       Gradient (au)
  -0.0000000000   1.1542931352   0.0000000000		   0.0000000000  -2.7238375595  -0.0000000000
   0.0000000000  -1.1542931352   0.0000000000		  -0.0000000000   2.7238375595   0.0000000000

2025-12-23:11:37:34,579 INFO     [psi4.optking.stepAlgorithms:368] 	Current Step Report 
 
	Current energy:     -1052.4791739085
	Energy change for the previous step:
		Actual       :        -0.0761217407
		Projected    :        -0.0394906799

2025-12-23:11:37:34,579 INFO     [psi4.optking.stepAlgorithms:371] 	Energy ratio =    1.92759
2025-12-23:11:37:34,579 INFO     [psi4.optking.stepAlgorithms:929] 	Using RFO solution 1.
2025-12-23:11:37:34,579 INFO     [psi4.optking.displace:100] 	Determining Cartesian step for fragment 1.
2025-12-23:11:37:34,579 INFO     [psi4.optking.displace:415] 	Successfully converged to displaced geometry.
2025-12-23:11:37:34,579 INFO     [psi4.optking.displace:416] 	RMS(dx):  0.000e+00 	Max(dx):  0.000e+00 	RMS(dq):  0.000e+00
2025-12-23:11:37:34,579 INFO     [psi4.optking.displace:172] 

	        --- Internal Coordinate Step in ANG or DEG, aJ/ANG or AJ/DEG ---
	-------------------------------------------------------------------------------
	           Coordinate      Previous         Force          Change          New 
	           ----------      --------        ------          ------        ------
	               R(1,2)       1.22165       22.44094        0.05242       1.27407
	-------------------------------------------------------------------------------

2025-12-23:11:37:34,579 INFO     [psi4.optking.stepAlgorithms:113] 	|target step| :    0.0990573859
2025-12-23:11:37:34,579 INFO     [psi4.optking.stepAlgorithms:114] 	gradient     :   -2.7238375595
2025-12-23:11:37:34,579 INFO     [psi4.optking.stepAlgorithms:115] 	hessian      :   27.2277553572
2025-12-23:11:37:34,579 INFO     [psi4.optking.stepAlgorithms:113] 	|target step| :    0.0990573859
2025-12-23:11:37:34,579 INFO     [psi4.optking.stepAlgorithms:114] 	gradient     :   -2.7238375595
2025-12-23:11:37:34,579 INFO     [psi4.optking.stepAlgorithms:115] 	hessian      :   27.2277553572
2025-12-23:11:37:34,579 INFO     [psi4.optking.stepAlgorithms:206] 	Norm of achieved step-size    0.0990573859
2025-12-23:11:37:34,579 INFO     [psi4.optking.stepAlgorithms:208] 	Norm of achieved step-size (cart):    0.0700441493
2025-12-23:11:37:34,579 INFO     [psi4.optking.opt_helper:164] Molsys:

	                            ===> Fragment 1 <== 

	 Z (Atomic Numbers)          Masses                          Geom                  
	      18.000000            39.962383         -0.00000000  1.20382183  0.00000000   
	      18.000000            39.962383          0.00000000 -1.20382183  0.00000000   

	 - Coordinate -           - BOHR/RAD -       - ANG/DEG -
	 R(1,2)           =         2.407644           1.274070

2025-12-23:11:37:34,580 INFO     [psi4.optking.convcheck:76] Performing convergence check.
2025-12-23:11:37:34,580 INFO     [psi4.optking.convcheck:282] 
	                                 ==> Convergence Check <==                                  
    
	Measures of convergence in internal coordinates in au.
    
	Criteria marked as inactive (o), active & met (*), and active & unmet ( ).

	----------------------------------------------------------------------------------------------
	   Step    Total Energy     Delta E     Max Force     RMS Force      Max Disp      RMS Disp   
	----------------------------------------------------------------------------------------------
	  Convergence Criteria     1.00e-06 *    3.00e-04 *             o    1.20e-03 *             o
	----------------------------------------------------------------------------------------------
	     3   -1052.47917391   -7.61e-02      2.72e+00      2.72e+00 o    9.91e-02      9.91e-02 o  ~
	----------------------------------------------------------------------------------------------


2025-12-23:11:37:34,580 INFO     [psi4.optking.stepAlgorithms:296] 	Convergence check returned False
2025-12-23:11:37:34,590 INFO     [psi4.driver.task_planner:259] PLANNING Atomic:  keywords={'DAMPING_PERCENTAGE': 1.0, 'GEOM_MAXITER': 500, 'SCF__GUESS': 'READ', 'GUESS': 'SAP', 'MAXITER': 500, 'REFERENCE': 'UKS', 'function_kwargs': {}}
2025-12-23:11:37:34,592 INFO     [psi4.driver.driver:638] Compute gradient(): method=b3lyp, basis=cc-pvdz, molecule=default, nre=134.57140933268062
2025-12-23:11:37:35,211 INFO     [psi4.driver.driver:641] Return gradient(): -1052.714933101435
2025-12-23:11:37:35,211 INFO     [psi4.driver.driver:642] [[ 0.00000000 -2.06378719 -0.00000000]
 [-0.00000000  2.06378719 -0.00000000]]
2025-12-23:11:37:35,213 INFO     [psi4.optking.history:269] 	Performing BFGS update.
2025-12-23:11:37:35,213 INFO     [psi4.optking.history:280] 	Using 3 previous steps for update.
2025-12-23:11:37:35,213 INFO     [psi4.optking.history:317] 	Steps to be used in Hessian update:  3 2 1

2025-12-23:11:37:35,213 INFO     [psi4.optking.history:418] 	Updated Hessian (in au) 
 	   7.039208

2025-12-23:11:37:35,214 INFO     [psi4.optking.molsys:944] Projected (PHP) Hessian matrix
	   7.039208

2025-12-23:11:37:35,214 INFO     [psi4.optking.opt_helper:182] 
	         Geometry (au)                                       Gradient (au)
  -0.0000000000   1.2038218282   0.0000000000		   0.0000000000  -2.0637871915  -0.0000000000
   0.0000000000  -1.2038218282   0.0000000000		  -0.0000000000   2.0637871915  -0.0000000000

2025-12-23:11:37:35,214 INFO     [psi4.optking.stepAlgorithms:368] 	Current Step Report 
 
	Current energy:     -1052.7149331014
	Energy change for the previous step:
		Actual       :        -0.2357591930
		Projected    :        -0.1349081141

2025-12-23:11:37:35,214 INFO     [psi4.optking.stepAlgorithms:371] 	Energy ratio =    1.74755
2025-12-23:11:37:35,214 INFO     [psi4.optking.stepAlgorithms:929] 	Using RFO solution 1.
2025-12-23:11:37:35,214 INFO     [psi4.optking.displace:100] 	Determining Cartesian step for fragment 1.
2025-12-23:11:37:35,214 INFO     [psi4.optking.displace:415] 	Successfully converged to displaced geometry.
2025-12-23:11:37:35,214 INFO     [psi4.optking.displace:416] 	RMS(dx):  0.000e+00 	Max(dx):  0.000e+00 	RMS(dq):  0.000e+00
2025-12-23:11:37:35,214 INFO     [psi4.optking.displace:172] 

	        --- Internal Coordinate Step in ANG or DEG, aJ/ANG or AJ/DEG ---
	-------------------------------------------------------------------------------
	           Coordinate      Previous         Force          Change          New 
	           ----------      --------        ------          ------        ------
	               R(1,2)       1.27407       17.00297        0.14371       1.41778
	-------------------------------------------------------------------------------

2025-12-23:11:37:35,214 INFO     [psi4.optking.stepAlgorithms:113] 	|target step| :    0.2715632053
2025-12-23:11:37:35,214 INFO     [psi4.optking.stepAlgorithms:114] 	gradient     :   -2.0637871915
2025-12-23:11:37:35,214 INFO     [psi4.optking.stepAlgorithms:115] 	hessian      :    7.0392082511
2025-12-23:11:37:35,214 INFO     [psi4.optking.stepAlgorithms:113] 	|target step| :    0.2715632053
2025-12-23:11:37:35,214 INFO     [psi4.optking.stepAlgorithms:114] 	gradient     :   -2.0637871915
2025-12-23:11:37:35,214 INFO     [psi4.optking.stepAlgorithms:115] 	hessian      :    7.0392082511
2025-12-23:11:37:35,214 INFO     [psi4.optking.stepAlgorithms:206] 	Norm of achieved step-size    0.2715632053
2025-12-23:11:37:35,214 INFO     [psi4.optking.stepAlgorithms:208] 	Norm of achieved step-size (cart):    0.1920241840
2025-12-23:11:37:35,214 INFO     [psi4.optking.opt_helper:164] Molsys:

	                            ===> Fragment 1 <== 

	 Z (Atomic Numbers)          Masses                          Geom                  
	      18.000000            39.962383         -0.00000000  1.33960343  0.00000000   
	      18.000000            39.962383          0.00000000 -1.33960343  0.00000000   

	 - Coordinate -           - BOHR/RAD -       - ANG/DEG -
	 R(1,2)           =         2.679207           1.417775

2025-12-23:11:37:35,215 INFO     [psi4.optking.convcheck:76] Performing convergence check.
2025-12-23:11:37:35,215 INFO     [psi4.optking.convcheck:282] 
	                                 ==> Convergence Check <==                                  
    
	Measures of convergence in internal coordinates in au.
    
	Criteria marked as inactive (o), active & met (*), and active & unmet ( ).

	----------------------------------------------------------------------------------------------
	   Step    Total Energy     Delta E     Max Force     RMS Force      Max Disp      RMS Disp   
	----------------------------------------------------------------------------------------------
	  Convergence Criteria     1.00e-06 *    3.00e-04 *             o    1.20e-03 *             o
	----------------------------------------------------------------------------------------------
	     4   -1052.71493310   -2.36e-01      2.06e+00      2.06e+00 o    2.72e-01      2.72e-01 o  ~
	----------------------------------------------------------------------------------------------


2025-12-23:11:37:35,215 INFO     [psi4.optking.stepAlgorithms:296] 	Convergence check returned False
2025-12-23:11:37:35,225 INFO     [psi4.driver.task_planner:259] PLANNING Atomic:  keywords={'DAMPING_PERCENTAGE': 1.0, 'GEOM_MAXITER': 500, 'SCF__GUESS': 'READ', 'GUESS': 'SAP', 'MAXITER': 500, 'REFERENCE': 'UKS', 'function_kwargs': {}}
2025-12-23:11:37:35,227 INFO     [psi4.driver.driver:638] Compute gradient(): method=b3lyp, basis=cc-pvdz, molecule=default, nre=120.93131166506838
2025-12-23:11:37:35,945 INFO     [psi4.driver.driver:641] Return gradient(): -1053.1007998602847
2025-12-23:11:37:35,945 INFO     [psi4.driver.driver:642] [[ 0.00000000 -0.90558778  0.00000000]
 [-0.00000000  0.90558778  0.00000000]]
2025-12-23:11:37:35,947 INFO     [psi4.optking.history:269] 	Performing BFGS update.
2025-12-23:11:37:35,947 INFO     [psi4.optking.history:280] 	Using 4 previous steps for update.
2025-12-23:11:37:35,947 INFO     [psi4.optking.history:317] 	Steps to be used in Hessian update:  4 3 2 1

2025-12-23:11:37:35,947 INFO     [psi4.optking.history:418] 	Updated Hessian (in au) 
 	   5.208527

2025-12-23:11:37:35,947 INFO     [psi4.optking.molsys:944] Projected (PHP) Hessian matrix
	   5.208527

2025-12-23:11:37:35,947 INFO     [psi4.optking.opt_helper:182] 
	         Geometry (au)                                       Gradient (au)
  -0.0000000000   1.3396034308   0.0000000000		   0.0000000000  -0.9055877796   0.0000000000
   0.0000000000  -1.3396034308   0.0000000000		  -0.0000000000   0.9055877796   0.0000000000

2025-12-23:11:37:35,947 INFO     [psi4.optking.stepAlgorithms:368] 	Current Step Report 
 
	Current energy:     -1053.1007998603
	Energy change for the previous step:
		Actual       :        -0.3858667588
		Projected    :        -0.2802243324

2025-12-23:11:37:35,947 INFO     [psi4.optking.stepAlgorithms:371] 	Energy ratio =    1.37699
2025-12-23:11:37:35,947 INFO     [psi4.optking.stepAlgorithms:929] 	Using RFO solution 1.
2025-12-23:11:37:35,948 INFO     [psi4.optking.displace:100] 	Determining Cartesian step for fragment 1.
2025-12-23:11:37:35,948 INFO     [psi4.optking.displace:415] 	Successfully converged to displaced geometry.
2025-12-23:11:37:35,948 INFO     [psi4.optking.displace:416] 	RMS(dx):  0.000e+00 	Max(dx):  0.000e+00 	RMS(dq):  0.000e+00
2025-12-23:11:37:35,948 INFO     [psi4.optking.displace:172] 

	        --- Internal Coordinate Step in ANG or DEG, aJ/ANG or AJ/DEG ---
	-------------------------------------------------------------------------------
	           Coordinate      Previous         Force          Change          New 
	           ----------      --------        ------          ------        ------
	               R(1,2)       1.41778        7.46089        0.08938       1.50716
	-------------------------------------------------------------------------------

2025-12-23:11:37:35,948 INFO     [psi4.optking.stepAlgorithms:113] 	|target step| :    0.1689061218
2025-12-23:11:37:35,948 INFO     [psi4.optking.stepAlgorithms:114] 	gradient     :   -0.9055877796
2025-12-23:11:37:35,948 INFO     [psi4.optking.stepAlgorithms:115] 	hessian      :    5.2085265154
2025-12-23:11:37:35,948 INFO     [psi4.optking.stepAlgorithms:113] 	|target step| :    0.1689061218
2025-12-23:11:37:35,948 INFO     [psi4.optking.stepAlgorithms:114] 	gradient     :   -0.9055877796
2025-12-23:11:37:35,948 INFO     [psi4.optking.stepAlgorithms:115] 	hessian      :    5.2085265154
2025-12-23:11:37:35,948 INFO     [psi4.optking.stepAlgorithms:206] 	Norm of achieved step-size    0.1689061218
2025-12-23:11:37:35,948 INFO     [psi4.optking.stepAlgorithms:208] 	Norm of achieved step-size (cart):    0.1194346641
2025-12-23:11:37:35,948 INFO     [psi4.optking.opt_helper:164] Molsys:

	                            ===> Fragment 1 <== 

	 Z (Atomic Numbers)          Masses                          Geom                  
	      18.000000            39.962383         -0.00000000  1.42405649  0.00000000   
	      18.000000            39.962383          0.00000000 -1.42405649  0.00000000   

	 - Coordinate -           - BOHR/RAD -       - ANG/DEG -
	 R(1,2)           =         2.848113           1.507156

2025-12-23:11:37:35,948 INFO     [psi4.optking.convcheck:76] Performing convergence check.
2025-12-23:11:37:35,948 INFO     [psi4.optking.convcheck:282] 
	                                 ==> Convergence Check <==                                  
    
	Measures of convergence in internal coordinates in au.
    
	Criteria marked as inactive (o), active & met (*), and active & unmet ( ).

	----------------------------------------------------------------------------------------------
	   Step    Total Energy     Delta E     Max Force     RMS Force      Max Disp      RMS Disp   
	----------------------------------------------------------------------------------------------
	  Convergence Criteria     1.00e-06 *    3.00e-04 *             o    1.20e-03 *             o
	----------------------------------------------------------------------------------------------
	     5   -1053.10079986   -3.86e-01      9.06e-01      9.06e-01 o    1.69e-01      1.69e-01 o  ~
	----------------------------------------------------------------------------------------------


2025-12-23:11:37:35,949 INFO     [psi4.optking.stepAlgorithms:296] 	Convergence check returned False
2025-12-23:11:37:35,959 INFO     [psi4.driver.task_planner:259] PLANNING Atomic:  keywords={'DAMPING_PERCENTAGE': 1.0, 'GEOM_MAXITER': 500, 'SCF__GUESS': 'READ', 'GUESS': 'SAP', 'MAXITER': 500, 'REFERENCE': 'UKS', 'function_kwargs': {}}
2025-12-23:11:37:35,960 INFO     [psi4.driver.driver:638] Compute gradient(): method=b3lyp, basis=cc-pvdz, molecule=default, nre=113.75953197150713
2025-12-23:11:37:36,634 INFO     [psi4.driver.driver:641] Return gradient(): -1053.2159292577612
2025-12-23:11:37:36,634 INFO     [psi4.driver.driver:642] [[ 0.00000000 -0.48516833  0.00000000]
 [-0.00000000  0.48516833  0.00000000]]
2025-12-23:11:37:36,636 INFO     [psi4.optking.history:269] 	Performing BFGS update.
2025-12-23:11:37:36,636 INFO     [psi4.optking.history:280] 	Using 4 previous steps for update.
2025-12-23:11:37:36,636 WARNING  [psi4.optking.history:301] 	Change in internal coordinate of 5.40e-01 exceeds limit of 5.00e-01.
2025-12-23:11:37:36,636 WARNING  [psi4.optking.history:306] 	Skipping Hessian update for step 3.
2025-12-23:11:37:36,636 WARNING  [psi4.optking.history:301] 	Change in internal coordinate of 5.66e-01 exceeds limit of 5.00e-01.
2025-12-23:11:37:36,636 WARNING  [psi4.optking.history:306] 	Skipping Hessian update for step 2.
2025-12-23:11:37:36,636 WARNING  [psi4.optking.history:301] 	Change in internal coordinate of 5.80e-01 exceeds limit of 5.00e-01.
2025-12-23:11:37:36,636 WARNING  [psi4.optking.history:306] 	Skipping Hessian update for step 1.
2025-12-23:11:37:36,636 INFO     [psi4.optking.history:317] 	Steps to be used in Hessian update:  5 4

2025-12-23:11:37:36,636 INFO     [psi4.optking.history:418] 	Updated Hessian (in au) 
 	   3.583947

2025-12-23:11:37:36,636 INFO     [psi4.optking.molsys:944] Projected (PHP) Hessian matrix
	   3.583947

2025-12-23:11:37:36,636 INFO     [psi4.optking.opt_helper:182] 
	         Geometry (au)                                       Gradient (au)
  -0.0000000000   1.4240564917   0.0000000000		   0.0000000000  -0.4851683263   0.0000000000
   0.0000000000  -1.4240564917   0.0000000000		  -0.0000000000   0.4851683263   0.0000000000

2025-12-23:11:37:36,636 INFO     [psi4.optking.stepAlgorithms:368] 	Current Step Report 
 
	Current energy:     -1053.2159292578
	Energy change for the previous step:
		Actual       :        -0.1151293975
		Projected    :        -0.0764796599

2025-12-23:11:37:36,636 INFO     [psi4.optking.stepAlgorithms:371] 	Energy ratio =    1.50536
2025-12-23:11:37:36,637 INFO     [psi4.optking.stepAlgorithms:929] 	Using RFO solution 1.
2025-12-23:11:37:36,637 INFO     [psi4.optking.displace:100] 	Determining Cartesian step for fragment 1.
2025-12-23:11:37:36,637 INFO     [psi4.optking.displace:415] 	Successfully converged to displaced geometry.
2025-12-23:11:37:36,637 INFO     [psi4.optking.displace:416] 	RMS(dx):  0.000e+00 	Max(dx):  0.000e+00 	RMS(dq):  0.000e+00
2025-12-23:11:37:36,637 INFO     [psi4.optking.displace:172] 

	        --- Internal Coordinate Step in ANG or DEG, aJ/ANG or AJ/DEG ---
	-------------------------------------------------------------------------------
	           Coordinate      Previous         Force          Change          New 
	           ----------      --------        ------          ------        ------
	               R(1,2)       1.50716        3.99717        0.07037       1.57753
	-------------------------------------------------------------------------------

2025-12-23:11:37:36,637 INFO     [psi4.optking.stepAlgorithms:113] 	|target step| :    0.1329787745
2025-12-23:11:37:36,637 INFO     [psi4.optking.stepAlgorithms:114] 	gradient     :   -0.4851683263
2025-12-23:11:37:36,637 INFO     [psi4.optking.stepAlgorithms:115] 	hessian      :    3.5839473215
2025-12-23:11:37:36,637 INFO     [psi4.optking.stepAlgorithms:113] 	|target step| :    0.1329787745
2025-12-23:11:37:36,637 INFO     [psi4.optking.stepAlgorithms:114] 	gradient     :   -0.4851683263
2025-12-23:11:37:36,637 INFO     [psi4.optking.stepAlgorithms:115] 	hessian      :    3.5839473215
2025-12-23:11:37:36,637 INFO     [psi4.optking.stepAlgorithms:206] 	Norm of achieved step-size    0.1329787745
2025-12-23:11:37:36,637 INFO     [psi4.optking.stepAlgorithms:208] 	Norm of achieved step-size (cart):    0.0940301932
2025-12-23:11:37:36,637 INFO     [psi4.optking.opt_helper:164] Molsys:

	                            ===> Fragment 1 <== 

	 Z (Atomic Numbers)          Masses                          Geom                  
	      18.000000            39.962383         -0.00000000  1.49054588  0.00000000   
	      18.000000            39.962383          0.00000000 -1.49054588  0.00000000   

	 - Coordinate -           - BOHR/RAD -       - ANG/DEG -
	 R(1,2)           =         2.981092           1.577526

2025-12-23:11:37:36,638 INFO     [psi4.optking.convcheck:76] Performing convergence check.
2025-12-23:11:37:36,638 INFO     [psi4.optking.convcheck:282] 
	                                 ==> Convergence Check <==                                  
    
	Measures of convergence in internal coordinates in au.
    
	Criteria marked as inactive (o), active & met (*), and active & unmet ( ).

	----------------------------------------------------------------------------------------------
	   Step    Total Energy     Delta E     Max Force     RMS Force      Max Disp      RMS Disp   
	----------------------------------------------------------------------------------------------
	  Convergence Criteria     1.00e-06 *    3.00e-04 *             o    1.20e-03 *             o
	----------------------------------------------------------------------------------------------
	     6   -1053.21592926   -1.15e-01      4.85e-01      4.85e-01 o    1.33e-01      1.33e-01 o  ~
	----------------------------------------------------------------------------------------------


2025-12-23:11:37:36,638 INFO     [psi4.optking.stepAlgorithms:296] 	Convergence check returned False
2025-12-23:11:37:36,649 INFO     [psi4.driver.task_planner:259] PLANNING Atomic:  keywords={'DAMPING_PERCENTAGE': 1.0, 'GEOM_MAXITER': 500, 'SCF__GUESS': 'READ', 'GUESS': 'SAP', 'MAXITER': 500, 'REFERENCE': 'UKS', 'function_kwargs': {}}
2025-12-23:11:37:36,650 INFO     [psi4.driver.driver:638] Compute gradient(): method=b3lyp, basis=cc-pvdz, molecule=default, nre=108.68501418387382
2025-12-23:11:37:37,257 INFO     [psi4.driver.driver:641] Return gradient(): -1053.2643035355634
2025-12-23:11:37:37,258 INFO     [psi4.driver.driver:642] [[ 0.00000000 -0.25606065  0.00000000]
 [-0.00000000  0.25606065  0.00000000]]
2025-12-23:11:37:37,259 INFO     [psi4.optking.history:269] 	Performing BFGS update.
2025-12-23:11:37:37,259 INFO     [psi4.optking.history:280] 	Using 4 previous steps for update.
2025-12-23:11:37:37,260 WARNING  [psi4.optking.history:301] 	Change in internal coordinate of 5.73e-01 exceeds limit of 5.00e-01.
2025-12-23:11:37:37,260 WARNING  [psi4.optking.history:306] 	Skipping Hessian update for step 4.
2025-12-23:11:37:37,260 WARNING  [psi4.optking.history:301] 	Change in internal coordinate of 6.73e-01 exceeds limit of 5.00e-01.
2025-12-23:11:37:37,260 WARNING  [psi4.optking.history:306] 	Skipping Hessian update for step 3.
2025-12-23:11:37:37,260 WARNING  [psi4.optking.history:301] 	Change in internal coordinate of 6.99e-01 exceeds limit of 5.00e-01.
2025-12-23:11:37:37,260 WARNING  [psi4.optking.history:306] 	Skipping Hessian update for step 2.
2025-12-23:11:37:37,260 WARNING  [psi4.optking.history:301] 	Change in internal coordinate of 7.13e-01 exceeds limit of 5.00e-01.
2025-12-23:11:37:37,260 WARNING  [psi4.optking.history:306] 	Skipping Hessian update for step 1.
2025-12-23:11:37:37,260 INFO     [psi4.optking.history:317] 	Steps to be used in Hessian update:  6 5

2025-12-23:11:37:37,260 INFO     [psi4.optking.history:418] 	Updated Hessian (in au) 
 	   2.151572

2025-12-23:11:37:37,260 INFO     [psi4.optking.molsys:944] Projected (PHP) Hessian matrix
	   2.151572

2025-12-23:11:37:37,260 INFO     [psi4.optking.opt_helper:182] 
	         Geometry (au)                                       Gradient (au)
  -0.0000000000   1.4905458790   0.0000000000		   0.0000000000  -0.2560606469   0.0000000000
   0.0000000000  -1.4905458790   0.0000000000		  -0.0000000000   0.2560606469   0.0000000000

2025-12-23:11:37:37,260 INFO     [psi4.optking.stepAlgorithms:368] 	Current Step Report 
 
	Current energy:     -1053.2643035356
	Energy change for the previous step:
		Actual       :        -0.0483742778
		Projected    :        -0.0322585447

2025-12-23:11:37:37,260 INFO     [psi4.optking.stepAlgorithms:371] 	Energy ratio =    1.49958
2025-12-23:11:37:37,260 INFO     [psi4.optking.stepAlgorithms:929] 	Using RFO solution 1.
2025-12-23:11:37:37,260 INFO     [psi4.optking.displace:100] 	Determining Cartesian step for fragment 1.
2025-12-23:11:37:37,261 INFO     [psi4.optking.displace:415] 	Successfully converged to displaced geometry.
2025-12-23:11:37:37,261 INFO     [psi4.optking.displace:416] 	RMS(dx):  0.000e+00 	Max(dx):  0.000e+00 	RMS(dq):  0.000e+00
2025-12-23:11:37:37,261 INFO     [psi4.optking.displace:172] 

	        --- Internal Coordinate Step in ANG or DEG, aJ/ANG or AJ/DEG ---
	-------------------------------------------------------------------------------
	           Coordinate      Previous         Force          Change          New 
	           ----------      --------        ------          ------        ------
	               R(1,2)       1.57753        2.10961        0.06211       1.63964
	-------------------------------------------------------------------------------

2025-12-23:11:37:37,261 INFO     [psi4.optking.stepAlgorithms:113] 	|target step| :    0.1173714494
2025-12-23:11:37:37,261 INFO     [psi4.optking.stepAlgorithms:114] 	gradient     :   -0.2560606469
2025-12-23:11:37:37,261 INFO     [psi4.optking.stepAlgorithms:115] 	hessian      :    2.1515721409
2025-12-23:11:37:37,261 INFO     [psi4.optking.stepAlgorithms:113] 	|target step| :    0.1173714494
2025-12-23:11:37:37,261 INFO     [psi4.optking.stepAlgorithms:114] 	gradient     :   -0.2560606469
2025-12-23:11:37:37,261 INFO     [psi4.optking.stepAlgorithms:115] 	hessian      :    2.1515721409
2025-12-23:11:37:37,261 INFO     [psi4.optking.stepAlgorithms:206] 	Norm of achieved step-size    0.1173714494
2025-12-23:11:37:37,261 INFO     [psi4.optking.stepAlgorithms:208] 	Norm of achieved step-size (cart):    0.0829941478
2025-12-23:11:37:37,261 INFO     [psi4.optking.opt_helper:164] Molsys:

	                            ===> Fragment 1 <== 

	 Z (Atomic Numbers)          Masses                          Geom                  
	      18.000000            39.962383         -0.00000000  1.54923160  0.00000000   
	      18.000000            39.962383          0.00000000 -1.54923160  0.00000000   

	 - Coordinate -           - BOHR/RAD -       - ANG/DEG -
	 R(1,2)           =         3.098463           1.639636

2025-12-23:11:37:37,261 INFO     [psi4.optking.convcheck:76] Performing convergence check.
2025-12-23:11:37:37,261 INFO     [psi4.optking.convcheck:282] 
	                                 ==> Convergence Check <==                                  
    
	Measures of convergence in internal coordinates in au.
    
	Criteria marked as inactive (o), active & met (*), and active & unmet ( ).

	----------------------------------------------------------------------------------------------
	   Step    Total Energy     Delta E     Max Force     RMS Force      Max Disp      RMS Disp   
	----------------------------------------------------------------------------------------------
	  Convergence Criteria     1.00e-06 *    3.00e-04 *             o    1.20e-03 *             o
	----------------------------------------------------------------------------------------------
	     7   -1053.26430354   -4.84e-02      2.56e-01      2.56e-01 o    1.17e-01      1.17e-01 o  ~
	----------------------------------------------------------------------------------------------


2025-12-23:11:37:37,261 INFO     [psi4.optking.stepAlgorithms:296] 	Convergence check returned False
2025-12-23:11:37:37,272 INFO     [psi4.driver.task_planner:259] PLANNING Atomic:  keywords={'DAMPING_PERCENTAGE': 1.0, 'GEOM_MAXITER': 500, 'SCF__GUESS': 'READ', 'GUESS': 'SAP', 'MAXITER': 500, 'REFERENCE': 'UKS', 'function_kwargs': {}}
2025-12-23:11:37:37,273 INFO     [psi4.driver.driver:638] Compute gradient(): method=b3lyp, basis=cc-pvdz, molecule=default, nre=104.56796750849657
2025-12-23:11:37:37,948 INFO     [psi4.driver.driver:641] Return gradient(): -1053.2876932408612
2025-12-23:11:37:37,948 INFO     [psi4.driver.driver:642] [[ 0.00000000 -0.19285898 -0.00000000]
 [-0.00000000  0.19285898  0.00000000]]
2025-12-23:11:37:37,950 INFO     [psi4.optking.history:269] 	Performing BFGS update.
2025-12-23:11:37:37,950 INFO     [psi4.optking.history:280] 	Using 4 previous steps for update.
2025-12-23:11:37:37,950 WARNING  [psi4.optking.history:301] 	Change in internal coordinate of 6.91e-01 exceeds limit of 5.00e-01.
2025-12-23:11:37:37,950 WARNING  [psi4.optking.history:306] 	Skipping Hessian update for step 4.
2025-12-23:11:37:37,950 WARNING  [psi4.optking.history:301] 	Change in internal coordinate of 7.90e-01 exceeds limit of 5.00e-01.
2025-12-23:11:37:37,950 WARNING  [psi4.optking.history:306] 	Skipping Hessian update for step 3.
2025-12-23:11:37:37,950 WARNING  [psi4.optking.history:301] 	Change in internal coordinate of 8.17e-01 exceeds limit of 5.00e-01.
2025-12-23:11:37:37,950 WARNING  [psi4.optking.history:306] 	Skipping Hessian update for step 2.
2025-12-23:11:37:37,950 WARNING  [psi4.optking.history:301] 	Change in internal coordinate of 8.31e-01 exceeds limit of 5.00e-01.
2025-12-23:11:37:37,950 WARNING  [psi4.optking.history:306] 	Skipping Hessian update for step 1.
2025-12-23:11:37:37,950 INFO     [psi4.optking.history:317] 	Steps to be used in Hessian update:  7 6 5

2025-12-23:11:37:37,950 INFO     [psi4.optking.history:418] 	Updated Hessian (in au) 
 	   1.699983

2025-12-23:11:37:37,950 INFO     [psi4.optking.molsys:944] Projected (PHP) Hessian matrix
	   1.699983

2025-12-23:11:37:37,951 INFO     [psi4.optking.opt_helper:182] 
	         Geometry (au)                                       Gradient (au)
  -0.0000000000   1.5492316037   0.0000000000		   0.0000000000  -0.1928589847  -0.0000000000
   0.0000000000  -1.5492316037   0.0000000000		  -0.0000000000   0.1928589847   0.0000000000

2025-12-23:11:37:37,951 INFO     [psi4.optking.stepAlgorithms:368] 	Current Step Report 
 
	Current energy:     -1053.2876932409
	Energy change for the previous step:
		Actual       :        -0.0233897053
		Projected    :        -0.0150271046

2025-12-23:11:37:37,951 INFO     [psi4.optking.stepAlgorithms:371] 	Energy ratio =    1.55650
2025-12-23:11:37:37,951 INFO     [psi4.optking.stepAlgorithms:929] 	Using RFO solution 1.
2025-12-23:11:37:37,951 INFO     [psi4.optking.displace:100] 	Determining Cartesian step for fragment 1.
2025-12-23:11:37:37,951 INFO     [psi4.optking.displace:415] 	Successfully converged to displaced geometry.
2025-12-23:11:37:37,951 INFO     [psi4.optking.displace:416] 	RMS(dx):  0.000e+00 	Max(dx):  0.000e+00 	RMS(dq):  0.000e+00
2025-12-23:11:37:37,951 INFO     [psi4.optking.displace:172] 

	        --- Internal Coordinate Step in ANG or DEG, aJ/ANG or AJ/DEG ---
	-------------------------------------------------------------------------------
	           Coordinate      Previous         Force          Change          New 
	           ----------      --------        ------          ------        ------
	               R(1,2)       1.63964        1.58891        0.05928       1.69892
	-------------------------------------------------------------------------------

2025-12-23:11:37:37,951 INFO     [psi4.optking.stepAlgorithms:113] 	|target step| :    0.1120238814
2025-12-23:11:37:37,951 INFO     [psi4.optking.stepAlgorithms:114] 	gradient     :   -0.1928589847
2025-12-23:11:37:37,951 INFO     [psi4.optking.stepAlgorithms:115] 	hessian      :    1.6999833206
2025-12-23:11:37:37,951 INFO     [psi4.optking.stepAlgorithms:113] 	|target step| :    0.1120238814
2025-12-23:11:37:37,951 INFO     [psi4.optking.stepAlgorithms:114] 	gradient     :   -0.1928589847
2025-12-23:11:37:37,951 INFO     [psi4.optking.stepAlgorithms:115] 	hessian      :    1.6999833206
2025-12-23:11:37:37,951 INFO     [psi4.optking.stepAlgorithms:206] 	Norm of achieved step-size    0.1120238814
2025-12-23:11:37:37,951 INFO     [psi4.optking.stepAlgorithms:208] 	Norm of achieved step-size (cart):    0.0792128462
2025-12-23:11:37:37,951 INFO     [psi4.optking.opt_helper:164] Molsys:

	                            ===> Fragment 1 <== 

	 Z (Atomic Numbers)          Masses                          Geom                  
	      18.000000            39.962383         -0.00000000  1.60524354  0.00000000   
	      18.000000            39.962383          0.00000000 -1.60524354  0.00000000   

	 - Coordinate -           - BOHR/RAD -       - ANG/DEG -
	 R(1,2)           =         3.210487           1.698917

2025-12-23:11:37:37,951 INFO     [psi4.optking.convcheck:76] Performing convergence check.
2025-12-23:11:37:37,952 INFO     [psi4.optking.convcheck:282] 
	                                 ==> Convergence Check <==                                  
    
	Measures of convergence in internal coordinates in au.
    
	Criteria marked as inactive (o), active & met (*), and active & unmet ( ).

	----------------------------------------------------------------------------------------------
	   Step    Total Energy     Delta E     Max Force     RMS Force      Max Disp      RMS Disp   
	----------------------------------------------------------------------------------------------
	  Convergence Criteria     1.00e-06 *    3.00e-04 *             o    1.20e-03 *             o
	----------------------------------------------------------------------------------------------
	     8   -1053.28769324   -2.34e-02      1.93e-01      1.93e-01 o    1.12e-01      1.12e-01 o  ~
	----------------------------------------------------------------------------------------------


2025-12-23:11:37:37,952 INFO     [psi4.optking.stepAlgorithms:296] 	Convergence check returned False
2025-12-23:11:37:37,962 INFO     [psi4.driver.task_planner:259] PLANNING Atomic:  keywords={'DAMPING_PERCENTAGE': 1.0, 'GEOM_MAXITER': 500, 'SCF__GUESS': 'READ', 'GUESS': 'SAP', 'MAXITER': 500, 'REFERENCE': 'UKS', 'function_kwargs': {}}
2025-12-23:11:37:37,963 INFO     [psi4.driver.driver:638] Compute gradient(): method=b3lyp, basis=cc-pvdz, molecule=default, nre=100.91926584324386
2025-12-23:11:37:38,677 INFO     [psi4.driver.driver:641] Return gradient(): -1053.3165803685577
2025-12-23:11:37:38,677 INFO     [psi4.driver.driver:642] [[ 0.00000000 -0.26189549  0.00000000]
 [-0.00000000  0.26189549 -0.00000000]]
2025-12-23:11:37:38,679 INFO     [psi4.optking.history:269] 	Performing BFGS update.
2025-12-23:11:37:38,679 INFO     [psi4.optking.history:280] 	Using 4 previous steps for update.
2025-12-23:11:37:38,679 WARNING  [psi4.optking.history:301] 	Change in internal coordinate of 5.31e-01 exceeds limit of 5.00e-01.
2025-12-23:11:37:38,679 WARNING  [psi4.optking.history:306] 	Skipping Hessian update for step 5.
2025-12-23:11:37:38,679 WARNING  [psi4.optking.history:301] 	Change in internal coordinate of 8.03e-01 exceeds limit of 5.00e-01.
2025-12-23:11:37:38,679 WARNING  [psi4.optking.history:306] 	Skipping Hessian update for step 4.
2025-12-23:11:37:38,679 WARNING  [psi4.optking.history:301] 	Change in internal coordinate of 9.02e-01 exceeds limit of 5.00e-01.
2025-12-23:11:37:38,679 WARNING  [psi4.optking.history:306] 	Skipping Hessian update for step 3.
2025-12-23:11:37:38,679 WARNING  [psi4.optking.history:301] 	Change in internal coordinate of 9.29e-01 exceeds limit of 5.00e-01.
2025-12-23:11:37:38,679 WARNING  [psi4.optking.history:306] 	Skipping Hessian update for step 2.
2025-12-23:11:37:38,679 WARNING  [psi4.optking.history:301] 	Change in internal coordinate of 9.43e-01 exceeds limit of 5.00e-01.
2025-12-23:11:37:38,679 WARNING  [psi4.optking.history:306] 	Skipping Hessian update for step 1.
2025-12-23:11:37:38,679 INFO     [psi4.optking.history:317] 	Steps to be used in Hessian update:  8 7 6

2025-12-23:11:37:38,679 INFO     [psi4.optking.history:418] 	Updated Hessian (in au) 
 	   0.616139

2025-12-23:11:37:38,679 INFO     [psi4.optking.molsys:944] Projected (PHP) Hessian matrix
	   0.616139

2025-12-23:11:37:38,679 INFO     [psi4.optking.opt_helper:182] 
	         Geometry (au)                                       Gradient (au)
  -0.0000000000   1.6052435444   0.0000000000		   0.0000000000  -0.2618954868   0.0000000000
   0.0000000000  -1.6052435444   0.0000000000		  -0.0000000000   0.2618954868  -0.0000000000

2025-12-23:11:37:38,680 INFO     [psi4.optking.stepAlgorithms:368] 	Current Step Report 
 
	Current energy:     -1053.3165803686
	Energy change for the previous step:
		Actual       :        -0.0288871277
		Projected    :        -0.0108024060

2025-12-23:11:37:38,680 INFO     [psi4.optking.stepAlgorithms:371] 	Energy ratio =    2.67414
2025-12-23:11:37:38,680 INFO     [psi4.optking.stepAlgorithms:929] 	Using RFO solution 1.
2025-12-23:11:37:38,680 INFO     [psi4.optking.displace:100] 	Determining Cartesian step for fragment 1.
2025-12-23:11:37:38,680 INFO     [psi4.optking.displace:415] 	Successfully converged to displaced geometry.
2025-12-23:11:37:38,680 INFO     [psi4.optking.displace:416] 	RMS(dx):  0.000e+00 	Max(dx):  0.000e+00 	RMS(dq):  0.000e+00
2025-12-23:11:37:38,680 INFO     [psi4.optking.displace:172] 

	        --- Internal Coordinate Step in ANG or DEG, aJ/ANG or AJ/DEG ---
	-------------------------------------------------------------------------------
	           Coordinate      Previous         Force          Change          New 
	           ----------      --------        ------          ------        ------
	               R(1,2)       1.69892        2.15768        0.19453       1.89345
	-------------------------------------------------------------------------------

2025-12-23:11:37:38,680 INFO     [psi4.optking.stepAlgorithms:113] 	|target step| :    0.3676159459
2025-12-23:11:37:38,680 INFO     [psi4.optking.stepAlgorithms:114] 	gradient     :   -0.2618954868
2025-12-23:11:37:38,680 INFO     [psi4.optking.stepAlgorithms:115] 	hessian      :    0.6161390568
2025-12-23:11:37:38,680 INFO     [psi4.optking.stepAlgorithms:113] 	|target step| :    0.3676159459
2025-12-23:11:37:38,680 INFO     [psi4.optking.stepAlgorithms:114] 	gradient     :   -0.2618954868
2025-12-23:11:37:38,680 INFO     [psi4.optking.stepAlgorithms:115] 	hessian      :    0.6161390568
2025-12-23:11:37:38,680 INFO     [psi4.optking.stepAlgorithms:206] 	Norm of achieved step-size    0.3676159459
2025-12-23:11:37:38,680 INFO     [psi4.optking.stepAlgorithms:208] 	Norm of achieved step-size (cart):    0.2599437282
2025-12-23:11:37:38,680 INFO     [psi4.optking.opt_helper:164] Molsys:

	                            ===> Fragment 1 <== 

	 Z (Atomic Numbers)          Masses                          Geom                  
	      18.000000            39.962383         -0.00000000  1.78905152  0.00000000   
	      18.000000            39.962383          0.00000000 -1.78905152  0.00000000   

	 - Coordinate -           - BOHR/RAD -       - ANG/DEG -
	 R(1,2)           =         3.578103           1.893451

2025-12-23:11:37:38,681 INFO     [psi4.optking.convcheck:76] Performing convergence check.
2025-12-23:11:37:38,681 INFO     [psi4.optking.convcheck:282] 
	                                 ==> Convergence Check <==                                  
    
	Measures of convergence in internal coordinates in au.
    
	Criteria marked as inactive (o), active & met (*), and active & unmet ( ).

	----------------------------------------------------------------------------------------------
	   Step    Total Energy     Delta E     Max Force     RMS Force      Max Disp      RMS Disp   
	----------------------------------------------------------------------------------------------
	  Convergence Criteria     1.00e-06 *    3.00e-04 *             o    1.20e-03 *             o
	----------------------------------------------------------------------------------------------
	     9   -1053.31658037   -2.89e-02      2.62e-01      2.62e-01 o    3.68e-01      3.68e-01 o  ~
	----------------------------------------------------------------------------------------------


2025-12-23:11:37:38,681 INFO     [psi4.optking.stepAlgorithms:296] 	Convergence check returned False
2025-12-23:11:37:38,691 INFO     [psi4.driver.task_planner:259] PLANNING Atomic:  keywords={'DAMPING_PERCENTAGE': 1.0, 'GEOM_MAXITER': 500, 'SCF__GUESS': 'READ', 'GUESS': 'SAP', 'MAXITER': 500, 'REFERENCE': 'UKS', 'function_kwargs': {}}
2025-12-23:11:37:38,693 INFO     [psi4.driver.driver:638] Compute gradient(): method=b3lyp, basis=cc-pvdz, molecule=default, nre=90.55077421108484
2025-12-23:11:37:39,309 INFO     [psi4.driver.driver:641] Return gradient(): -1053.3583785829144
2025-12-23:11:37:39,309 INFO     [psi4.driver.driver:642] [[-0.00000000  0.01227964 -0.00000000]
 [ 0.00000000 -0.01227964 -0.00000000]]
2025-12-23:11:37:39,311 INFO     [psi4.optking.history:269] 	Performing BFGS update.
2025-12-23:11:37:39,311 INFO     [psi4.optking.history:280] 	Using 4 previous steps for update.
2025-12-23:11:37:39,311 WARNING  [psi4.optking.history:301] 	Change in internal coordinate of 5.97e-01 exceeds limit of 5.00e-01.
2025-12-23:11:37:39,311 WARNING  [psi4.optking.history:306] 	Skipping Hessian update for step 7.
2025-12-23:11:37:39,311 WARNING  [psi4.optking.history:301] 	Change in internal coordinate of 7.30e-01 exceeds limit of 5.00e-01.
2025-12-23:11:37:39,311 WARNING  [psi4.optking.history:306] 	Skipping Hessian update for step 6.
2025-12-23:11:37:39,311 WARNING  [psi4.optking.history:301] 	Change in internal coordinate of 8.99e-01 exceeds limit of 5.00e-01.
2025-12-23:11:37:39,311 WARNING  [psi4.optking.history:306] 	Skipping Hessian update for step 5.
2025-12-23:11:37:39,311 WARNING  [psi4.optking.history:301] 	Change in internal coordinate of 1.17e+00 exceeds limit of 5.00e-01.
2025-12-23:11:37:39,311 WARNING  [psi4.optking.history:306] 	Skipping Hessian update for step 4.
2025-12-23:11:37:39,311 WARNING  [psi4.optking.history:301] 	Change in internal coordinate of 1.27e+00 exceeds limit of 5.00e-01.
2025-12-23:11:37:39,311 WARNING  [psi4.optking.history:306] 	Skipping Hessian update for step 3.
2025-12-23:11:37:39,311 WARNING  [psi4.optking.history:301] 	Change in internal coordinate of 1.30e+00 exceeds limit of 5.00e-01.
2025-12-23:11:37:39,311 WARNING  [psi4.optking.history:306] 	Skipping Hessian update for step 2.
2025-12-23:11:37:39,311 WARNING  [psi4.optking.history:301] 	Change in internal coordinate of 1.31e+00 exceeds limit of 5.00e-01.
2025-12-23:11:37:39,311 WARNING  [psi4.optking.history:306] 	Skipping Hessian update for step 1.
2025-12-23:11:37:39,311 INFO     [psi4.optking.history:317] 	Steps to be used in Hessian update:  9 8

2025-12-23:11:37:39,311 INFO     [psi4.optking.history:418] 	Updated Hessian (in au) 
 	   0.427693

2025-12-23:11:37:39,311 INFO     [psi4.optking.molsys:944] Projected (PHP) Hessian matrix
	   0.427693

2025-12-23:11:37:39,311 INFO     [psi4.optking.opt_helper:182] 
	         Geometry (au)                                       Gradient (au)
  -0.0000000000   1.7890515174   0.0000000000		  -0.0000000000   0.0122796428  -0.0000000000
   0.0000000000  -1.7890515174   0.0000000000		   0.0000000000  -0.0122796428  -0.0000000000

2025-12-23:11:37:39,311 INFO     [psi4.optking.stepAlgorithms:368] 	Current Step Report 
 
	Current energy:     -1053.3583785829
	Energy change for the previous step:
		Actual       :        -0.0417982144
		Projected    :        -0.0481384786

2025-12-23:11:37:39,311 INFO     [psi4.optking.stepAlgorithms:371] 	Energy ratio =    0.86829
2025-12-23:11:37:39,312 INFO     [psi4.optking.stepAlgorithms:929] 	Using RFO solution 1.
2025-12-23:11:37:39,312 INFO     [psi4.optking.displace:100] 	Determining Cartesian step for fragment 1.
2025-12-23:11:37:39,312 INFO     [psi4.optking.displace:415] 	Successfully converged to displaced geometry.
2025-12-23:11:37:39,312 INFO     [psi4.optking.displace:416] 	RMS(dx):  0.000e+00 	Max(dx):  0.000e+00 	RMS(dq):  0.000e+00
2025-12-23:11:37:39,312 INFO     [psi4.optking.displace:172] 

	        --- Internal Coordinate Step in ANG or DEG, aJ/ANG or AJ/DEG ---
	-------------------------------------------------------------------------------
	           Coordinate      Previous         Force          Change          New 
	           ----------      --------        ------          ------        ------
	               R(1,2)       1.89345       -0.10117       -0.01518       1.87827
	-------------------------------------------------------------------------------

2025-12-23:11:37:39,312 INFO     [psi4.optking.stepAlgorithms:113] 	|target step| :    0.0286877152
2025-12-23:11:37:39,312 INFO     [psi4.optking.stepAlgorithms:114] 	gradient     :   -0.0122796428
2025-12-23:11:37:39,312 INFO     [psi4.optking.stepAlgorithms:115] 	hessian      :    0.4276930643
2025-12-23:11:37:39,312 INFO     [psi4.optking.stepAlgorithms:113] 	|target step| :    0.0286877152
2025-12-23:11:37:39,312 INFO     [psi4.optking.stepAlgorithms:114] 	gradient     :   -0.0122796428
2025-12-23:11:37:39,312 INFO     [psi4.optking.stepAlgorithms:115] 	hessian      :    0.4276930643
2025-12-23:11:37:39,312 INFO     [psi4.optking.stepAlgorithms:206] 	Norm of achieved step-size    0.0286877152
2025-12-23:11:37:39,312 INFO     [psi4.optking.stepAlgorithms:208] 	Norm of achieved step-size (cart):    0.0202852779
2025-12-23:11:37:39,312 INFO     [psi4.optking.opt_helper:164] Molsys:

	                            ===> Fragment 1 <== 

	 Z (Atomic Numbers)          Masses                          Geom                  
	      18.000000            39.962383         -0.00000000  1.77470766  0.00000000   
	      18.000000            39.962383          0.00000000 -1.77470766  0.00000000   

	 - Coordinate -           - BOHR/RAD -       - ANG/DEG -
	 R(1,2)           =         3.549415           1.878270

2025-12-23:11:37:39,312 INFO     [psi4.optking.convcheck:76] Performing convergence check.
2025-12-23:11:37:39,312 INFO     [psi4.optking.convcheck:282] 
	                                 ==> Convergence Check <==                                  
    
	Measures of convergence in internal coordinates in au.
    
	Criteria marked as inactive (o), active & met (*), and active & unmet ( ).

	----------------------------------------------------------------------------------------------
	   Step    Total Energy     Delta E     Max Force     RMS Force      Max Disp      RMS Disp   
	----------------------------------------------------------------------------------------------
	  Convergence Criteria     1.00e-06 *    3.00e-04 *             o    1.20e-03 *             o
	----------------------------------------------------------------------------------------------
	    10   -1053.35837858   -4.18e-02      1.23e-02      1.23e-02 o    2.87e-02      2.87e-02 o  ~
	----------------------------------------------------------------------------------------------


2025-12-23:11:37:39,312 INFO     [psi4.optking.stepAlgorithms:296] 	Convergence check returned False
2025-12-23:11:37:39,323 INFO     [psi4.driver.task_planner:259] PLANNING Atomic:  keywords={'DAMPING_PERCENTAGE': 1.0, 'GEOM_MAXITER': 500, 'SCF__GUESS': 'READ', 'GUESS': 'SAP', 'MAXITER': 500, 'REFERENCE': 'UKS', 'function_kwargs': {}}
2025-12-23:11:37:39,324 INFO     [psi4.driver.driver:638] Compute gradient(): method=b3lyp, basis=cc-pvdz, molecule=default, nre=91.2826397675467
2025-12-23:11:37:39,966 INFO     [psi4.driver.driver:641] Return gradient(): -1053.358507769462
2025-12-23:11:37:39,966 INFO     [psi4.driver.driver:642] [[ 0.00000000 -0.00347698  0.00000000]
 [-0.00000000  0.00347698  0.00000000]]
2025-12-23:11:37:39,968 INFO     [psi4.optking.history:269] 	Performing BFGS update.
2025-12-23:11:37:39,968 INFO     [psi4.optking.history:280] 	Using 4 previous steps for update.
2025-12-23:11:37:39,968 WARNING  [psi4.optking.history:301] 	Change in internal coordinate of 5.68e-01 exceeds limit of 5.00e-01.
2025-12-23:11:37:39,968 WARNING  [psi4.optking.history:306] 	Skipping Hessian update for step 7.
2025-12-23:11:37:39,968 WARNING  [psi4.optking.history:301] 	Change in internal coordinate of 7.01e-01 exceeds limit of 5.00e-01.
2025-12-23:11:37:39,968 WARNING  [psi4.optking.history:306] 	Skipping Hessian update for step 6.
2025-12-23:11:37:39,968 WARNING  [psi4.optking.history:301] 	Change in internal coordinate of 8.70e-01 exceeds limit of 5.00e-01.
2025-12-23:11:37:39,968 WARNING  [psi4.optking.history:306] 	Skipping Hessian update for step 5.
2025-12-23:11:37:39,968 WARNING  [psi4.optking.history:301] 	Change in internal coordinate of 1.14e+00 exceeds limit of 5.00e-01.
2025-12-23:11:37:39,968 WARNING  [psi4.optking.history:306] 	Skipping Hessian update for step 4.
2025-12-23:11:37:39,968 WARNING  [psi4.optking.history:301] 	Change in internal coordinate of 1.24e+00 exceeds limit of 5.00e-01.
2025-12-23:11:37:39,968 WARNING  [psi4.optking.history:306] 	Skipping Hessian update for step 3.
2025-12-23:11:37:39,968 WARNING  [psi4.optking.history:301] 	Change in internal coordinate of 1.27e+00 exceeds limit of 5.00e-01.
2025-12-23:11:37:39,968 WARNING  [psi4.optking.history:306] 	Skipping Hessian update for step 2.
2025-12-23:11:37:39,968 WARNING  [psi4.optking.history:301] 	Change in internal coordinate of 1.28e+00 exceeds limit of 5.00e-01.
2025-12-23:11:37:39,968 WARNING  [psi4.optking.history:306] 	Skipping Hessian update for step 1.
2025-12-23:11:37:39,968 INFO     [psi4.optking.history:317] 	Steps to be used in Hessian update:  10 9 8

2025-12-23:11:37:39,968 INFO     [psi4.optking.history:418] 	Updated Hessian (in au) 
 	   0.419960

2025-12-23:11:37:39,969 INFO     [psi4.optking.molsys:944] Projected (PHP) Hessian matrix
	   0.419960

2025-12-23:11:37:39,969 INFO     [psi4.optking.opt_helper:182] 
	         Geometry (au)                                       Gradient (au)
  -0.0000000000   1.7747076598   0.0000000000		   0.0000000000  -0.0034769805   0.0000000000
   0.0000000000  -1.7747076598   0.0000000000		  -0.0000000000   0.0034769805   0.0000000000

2025-12-23:11:37:39,969 INFO     [psi4.optking.stepAlgorithms:368] 	Current Step Report 
 
	Current energy:     -1053.3585077695
	Energy change for the previous step:
		Actual       :        -0.0001291865
		Projected    :        -0.0001761374

2025-12-23:11:37:39,969 INFO     [psi4.optking.stepAlgorithms:371] 	Energy ratio =    0.73344
2025-12-23:11:37:39,969 INFO     [psi4.optking.stepAlgorithms:929] 	Using RFO solution 1.
2025-12-23:11:37:39,969 INFO     [psi4.optking.displace:100] 	Determining Cartesian step for fragment 1.
2025-12-23:11:37:39,969 INFO     [psi4.optking.displace:415] 	Successfully converged to displaced geometry.
2025-12-23:11:37:39,969 INFO     [psi4.optking.displace:416] 	RMS(dx):  0.000e+00 	Max(dx):  0.000e+00 	RMS(dq):  0.000e+00
2025-12-23:11:37:39,969 INFO     [psi4.optking.displace:172] 

	        --- Internal Coordinate Step in ANG or DEG, aJ/ANG or AJ/DEG ---
	-------------------------------------------------------------------------------
	           Coordinate      Previous         Force          Change          New 
	           ----------      --------        ------          ------        ------
	               R(1,2)       1.87827        0.02865        0.00438       1.88265
	-------------------------------------------------------------------------------

2025-12-23:11:37:39,969 INFO     [psi4.optking.stepAlgorithms:113] 	|target step| :    0.0082787392
2025-12-23:11:37:39,969 INFO     [psi4.optking.stepAlgorithms:114] 	gradient     :   -0.0034769805
2025-12-23:11:37:39,969 INFO     [psi4.optking.stepAlgorithms:115] 	hessian      :    0.4199603443
2025-12-23:11:37:39,969 INFO     [psi4.optking.stepAlgorithms:113] 	|target step| :    0.0082787392
2025-12-23:11:37:39,969 INFO     [psi4.optking.stepAlgorithms:114] 	gradient     :   -0.0034769805
2025-12-23:11:37:39,969 INFO     [psi4.optking.stepAlgorithms:115] 	hessian      :    0.4199603443
2025-12-23:11:37:39,969 INFO     [psi4.optking.stepAlgorithms:206] 	Norm of achieved step-size    0.0082787392
2025-12-23:11:37:39,969 INFO     [psi4.optking.stepAlgorithms:208] 	Norm of achieved step-size (cart):    0.0058539526
2025-12-23:11:37:39,969 INFO     [psi4.optking.opt_helper:164] Molsys:

	                            ===> Fragment 1 <== 

	 Z (Atomic Numbers)          Masses                          Geom                  
	      18.000000            39.962383         -0.00000000  1.77884703  0.00000000   
	      18.000000            39.962383          0.00000000 -1.77884703  0.00000000   

	 - Coordinate -           - BOHR/RAD -       - ANG/DEG -
	 R(1,2)           =         3.557694           1.882651

2025-12-23:11:37:39,970 INFO     [psi4.optking.convcheck:76] Performing convergence check.
2025-12-23:11:37:39,970 INFO     [psi4.optking.convcheck:282] 
	                                 ==> Convergence Check <==                                  
    
	Measures of convergence in internal coordinates in au.
    
	Criteria marked as inactive (o), active & met (*), and active & unmet ( ).

	----------------------------------------------------------------------------------------------
	   Step    Total Energy     Delta E     Max Force     RMS Force      Max Disp      RMS Disp   
	----------------------------------------------------------------------------------------------
	  Convergence Criteria     1.00e-06 *    3.00e-04 *             o    1.20e-03 *             o
	----------------------------------------------------------------------------------------------
	    11   -1053.35850777   -1.29e-04      3.48e-03      3.48e-03 o    8.28e-03      8.28e-03 o  ~
	----------------------------------------------------------------------------------------------


2025-12-23:11:37:39,970 INFO     [psi4.optking.stepAlgorithms:296] 	Convergence check returned False
2025-12-23:11:37:39,980 INFO     [psi4.driver.task_planner:259] PLANNING Atomic:  keywords={'DAMPING_PERCENTAGE': 1.0, 'GEOM_MAXITER': 500, 'SCF__GUESS': 'READ', 'GUESS': 'SAP', 'MAXITER': 500, 'REFERENCE': 'UKS', 'function_kwargs': {}}
2025-12-23:11:37:39,981 INFO     [psi4.driver.driver:638] Compute gradient(): method=b3lyp, basis=cc-pvdz, molecule=default, nre=91.0702254459227
2025-12-23:11:37:40,569 INFO     [psi4.driver.driver:641] Return gradient(): -1053.358517092827
2025-12-23:11:37:40,569 INFO     [psi4.driver.driver:642] [[-0.00000000  0.00117806  0.00000000]
 [ 0.00000000 -0.00117806  0.00000000]]
2025-12-23:11:37:40,571 INFO     [psi4.optking.history:269] 	Performing BFGS update.
2025-12-23:11:37:40,571 INFO     [psi4.optking.history:280] 	Using 4 previous steps for update.
2025-12-23:11:37:40,571 INFO     [psi4.optking.history:317] 	Steps to be used in Hessian update:  11 10 9 8

2025-12-23:11:37:40,571 INFO     [psi4.optking.history:418] 	Updated Hessian (in au) 
 	   0.422526

2025-12-23:11:37:40,571 INFO     [psi4.optking.molsys:944] Projected (PHP) Hessian matrix
	   0.422526

2025-12-23:11:37:40,571 INFO     [psi4.optking.opt_helper:182] 
	         Geometry (au)                                       Gradient (au)
  -0.0000000000   1.7788470294   0.0000000000		  -0.0000000000   0.0011780624   0.0000000000
   0.0000000000  -1.7788470294   0.0000000000		   0.0000000000  -0.0011780624   0.0000000000

2025-12-23:11:37:40,571 INFO     [psi4.optking.stepAlgorithms:368] 	Current Step Report 
 
	Current energy:     -1053.3585170928
	Energy change for the previous step:
		Actual       :        -0.0000093234
		Projected    :        -0.0000143925

2025-12-23:11:37:40,571 INFO     [psi4.optking.stepAlgorithms:371] 	Energy ratio =    0.64779
2025-12-23:11:37:40,571 INFO     [psi4.optking.stepAlgorithms:929] 	Using RFO solution 1.
2025-12-23:11:37:40,572 INFO     [psi4.optking.displace:100] 	Determining Cartesian step for fragment 1.
2025-12-23:11:37:40,572 INFO     [psi4.optking.displace:415] 	Successfully converged to displaced geometry.
2025-12-23:11:37:40,572 INFO     [psi4.optking.displace:416] 	RMS(dx):  0.000e+00 	Max(dx):  0.000e+00 	RMS(dq):  0.000e+00
2025-12-23:11:37:40,572 INFO     [psi4.optking.displace:172] 

	        --- Internal Coordinate Step in ANG or DEG, aJ/ANG or AJ/DEG ---
	-------------------------------------------------------------------------------
	           Coordinate      Previous         Force          Change          New 
	           ----------      --------        ------          ------        ------
	               R(1,2)       1.88265       -0.00971       -0.00148       1.88118
	-------------------------------------------------------------------------------

2025-12-23:11:37:40,572 INFO     [psi4.optking.stepAlgorithms:113] 	|target step| :    0.0027881190
2025-12-23:11:37:40,572 INFO     [psi4.optking.stepAlgorithms:114] 	gradient     :   -0.0011780624
2025-12-23:11:37:40,572 INFO     [psi4.optking.stepAlgorithms:115] 	hessian      :    0.4225261576
2025-12-23:11:37:40,572 INFO     [psi4.optking.stepAlgorithms:113] 	|target step| :    0.0027881190
2025-12-23:11:37:40,572 INFO     [psi4.optking.stepAlgorithms:114] 	gradient     :   -0.0011780624
2025-12-23:11:37:40,572 INFO     [psi4.optking.stepAlgorithms:115] 	hessian      :    0.4225261576
2025-12-23:11:37:40,572 INFO     [psi4.optking.stepAlgorithms:206] 	Norm of achieved step-size    0.0027881190
2025-12-23:11:37:40,572 INFO     [psi4.optking.stepAlgorithms:208] 	Norm of achieved step-size (cart):    0.0019714978
2025-12-23:11:37:40,572 INFO     [psi4.optking.opt_helper:164] Molsys:

	                            ===> Fragment 1 <== 

	 Z (Atomic Numbers)          Masses                          Geom                  
	      18.000000            39.962383         -0.00000000  1.77745297  0.00000000   
	      18.000000            39.962383          0.00000000 -1.77745297  0.00000000   

	 - Coordinate -           - BOHR/RAD -       - ANG/DEG -
	 R(1,2)           =         3.554906           1.881175

2025-12-23:11:37:40,572 INFO     [psi4.optking.convcheck:76] Performing convergence check.
2025-12-23:11:37:40,572 INFO     [psi4.optking.convcheck:282] 
	                                 ==> Convergence Check <==                                  
    
	Measures of convergence in internal coordinates in au.
    
	Criteria marked as inactive (o), active & met (*), and active & unmet ( ).

	----------------------------------------------------------------------------------------------
	   Step    Total Energy     Delta E     Max Force     RMS Force      Max Disp      RMS Disp   
	----------------------------------------------------------------------------------------------
	  Convergence Criteria     1.00e-06 *    3.00e-04 *             o    1.20e-03 *             o
	----------------------------------------------------------------------------------------------
	    12   -1053.35851709   -9.32e-06      1.18e-03      1.18e-03 o    2.79e-03      2.79e-03 o  ~
	----------------------------------------------------------------------------------------------


2025-12-23:11:37:40,572 INFO     [psi4.optking.stepAlgorithms:296] 	Convergence check returned False
2025-12-23:11:37:40,583 INFO     [psi4.driver.task_planner:259] PLANNING Atomic:  keywords={'DAMPING_PERCENTAGE': 1.0, 'GEOM_MAXITER': 500, 'SCF__GUESS': 'READ', 'GUESS': 'SAP', 'MAXITER': 500, 'REFERENCE': 'UKS', 'function_kwargs': {}}
2025-12-23:11:37:40,584 INFO     [psi4.driver.driver:638] Compute gradient(): method=b3lyp, basis=cc-pvdz, molecule=default, nre=91.14165198406167
2025-12-23:11:37:41,192 INFO     [psi4.driver.driver:641] Return gradient(): -1053.3585182501286
2025-12-23:11:37:41,192 INFO     [psi4.driver.driver:642] [[ 0.00000000 -0.00037987  0.00000000]
 [-0.00000000  0.00037987  0.00000000]]
2025-12-23:11:37:41,194 INFO     [psi4.optking.history:269] 	Performing BFGS update.
2025-12-23:11:37:41,194 INFO     [psi4.optking.history:280] 	Using 4 previous steps for update.
2025-12-23:11:37:41,194 INFO     [psi4.optking.history:317] 	Steps to be used in Hessian update:  12 11 10 9

2025-12-23:11:37:41,194 INFO     [psi4.optking.history:418] 	Updated Hessian (in au) 
 	   0.759295

2025-12-23:11:37:41,194 INFO     [psi4.optking.molsys:944] Projected (PHP) Hessian matrix
	   0.759295

2025-12-23:11:37:41,194 INFO     [psi4.optking.opt_helper:182] 
	         Geometry (au)                                       Gradient (au)
  -0.0000000000   1.7774529699   0.0000000000		   0.0000000000  -0.0003798689   0.0000000000
   0.0000000000  -1.7774529699   0.0000000000		  -0.0000000000   0.0003798689   0.0000000000

2025-12-23:11:37:41,194 INFO     [psi4.optking.stepAlgorithms:368] 	Current Step Report 
 
	Current energy:     -1053.3585182501
	Energy change for the previous step:
		Actual       :        -0.0000011573
		Projected    :        -0.0000016423

2025-12-23:11:37:41,194 INFO     [psi4.optking.stepAlgorithms:371] 	Energy ratio =    0.70469
2025-12-23:11:37:41,195 INFO     [psi4.optking.stepAlgorithms:929] 	Using RFO solution 1.
2025-12-23:11:37:41,195 INFO     [psi4.optking.displace:100] 	Determining Cartesian step for fragment 1.
2025-12-23:11:37:41,195 INFO     [psi4.optking.displace:415] 	Successfully converged to displaced geometry.
2025-12-23:11:37:41,195 INFO     [psi4.optking.displace:416] 	RMS(dx):  0.000e+00 	Max(dx):  0.000e+00 	RMS(dq):  0.000e+00
2025-12-23:11:37:41,195 INFO     [psi4.optking.displace:172] 

	        --- Internal Coordinate Step in ANG or DEG, aJ/ANG or AJ/DEG ---
	-------------------------------------------------------------------------------
	           Coordinate      Previous         Force          Change          New 
	           ----------      --------        ------          ------        ------
	               R(1,2)       1.88118        0.00313        0.00026       1.88144
	-------------------------------------------------------------------------------

2025-12-23:11:37:41,195 INFO     [psi4.optking.stepAlgorithms:113] 	|target step| :    0.0005002912
2025-12-23:11:37:41,195 INFO     [psi4.optking.stepAlgorithms:114] 	gradient     :   -0.0003798689
2025-12-23:11:37:41,195 INFO     [psi4.optking.stepAlgorithms:115] 	hessian      :    0.7592953092
2025-12-23:11:37:41,195 INFO     [psi4.optking.stepAlgorithms:113] 	|target step| :    0.0005002912
2025-12-23:11:37:41,195 INFO     [psi4.optking.stepAlgorithms:114] 	gradient     :   -0.0003798689
2025-12-23:11:37:41,195 INFO     [psi4.optking.stepAlgorithms:115] 	hessian      :    0.7592953092
2025-12-23:11:37:41,195 INFO     [psi4.optking.stepAlgorithms:206] 	Norm of achieved step-size    0.0005002912
2025-12-23:11:37:41,195 INFO     [psi4.optking.stepAlgorithms:208] 	Norm of achieved step-size (cart):    0.0003537593
2025-12-23:11:37:41,195 INFO     [psi4.optking.opt_helper:164] Molsys:

	                            ===> Fragment 1 <== 

	 Z (Atomic Numbers)          Masses                          Geom                  
	      18.000000            39.962383         -0.00000000  1.77770312  0.00000000   
	      18.000000            39.962383          0.00000000 -1.77770312  0.00000000   

	 - Coordinate -           - BOHR/RAD -       - ANG/DEG -
	 R(1,2)           =         3.555406           1.881440

2025-12-23:11:37:41,195 INFO     [psi4.optking.convcheck:76] Performing convergence check.
2025-12-23:11:37:41,195 INFO     [psi4.optking.convcheck:282] 
	                                 ==> Convergence Check <==                                  
    
	Measures of convergence in internal coordinates in au.
    
	Criteria marked as inactive (o), active & met (*), and active & unmet ( ).

	----------------------------------------------------------------------------------------------
	   Step    Total Energy     Delta E     Max Force     RMS Force      Max Disp      RMS Disp   
	----------------------------------------------------------------------------------------------
	  Convergence Criteria     1.00e-06 *    3.00e-04 *             o    1.20e-03 *             o
	----------------------------------------------------------------------------------------------
	    13   -1053.35851825   -1.16e-06      3.80e-04      3.80e-04 o    5.00e-04 *    5.00e-04 o  ~
	----------------------------------------------------------------------------------------------


2025-12-23:11:37:41,195 INFO     [psi4.optking.stepAlgorithms:296] 	Convergence check returned False
2025-12-23:11:37:41,205 INFO     [psi4.driver.task_planner:259] PLANNING Atomic:  keywords={'DAMPING_PERCENTAGE': 1.0, 'GEOM_MAXITER': 500, 'SCF__GUESS': 'READ', 'GUESS': 'SAP', 'MAXITER': 500, 'REFERENCE': 'UKS', 'function_kwargs': {}}
2025-12-23:11:37:41,207 INFO     [psi4.driver.driver:638] Compute gradient(): method=b3lyp, basis=cc-pvdz, molecule=default, nre=91.12882718622167
2025-12-23:11:37:41,892 INFO     [psi4.driver.driver:641] Return gradient(): -1053.358518363922
2025-12-23:11:37:41,892 INFO     [psi4.driver.driver:642] [[ 0.00000000 -0.00009959  0.00000000]
 [-0.00000000  0.00009959  0.00000000]]
2025-12-23:11:37:41,893 INFO     [psi4.optking.history:269] 	Performing BFGS update.
2025-12-23:11:37:41,894 INFO     [psi4.optking.history:280] 	Using 4 previous steps for update.
2025-12-23:11:37:41,894 INFO     [psi4.optking.history:317] 	Steps to be used in Hessian update:  13 12 11 10

2025-12-23:11:37:41,894 INFO     [psi4.optking.history:418] 	Updated Hessian (in au) 
 	   0.545417

2025-12-23:11:37:41,894 INFO     [psi4.optking.molsys:944] Projected (PHP) Hessian matrix
	   0.545417

2025-12-23:11:37:41,894 INFO     [psi4.optking.opt_helper:182] 
	         Geometry (au)                                       Gradient (au)
  -0.0000000000   1.7777031155   0.0000000000		   0.0000000000  -0.0000995865   0.0000000000
   0.0000000000  -1.7777031155   0.0000000000		  -0.0000000000   0.0000995865   0.0000000000

2025-12-23:11:37:41,894 INFO     [psi4.optking.stepAlgorithms:368] 	Current Step Report 
 
	Current energy:     -1053.3585183639
	Energy change for the previous step:
		Actual       :        -0.0000001138
		Projected    :        -0.0000000950

2025-12-23:11:37:41,894 INFO     [psi4.optking.stepAlgorithms:371] 	Energy ratio =    1.19754
2025-12-23:11:37:41,894 INFO     [psi4.optking.stepAlgorithms:929] 	Using RFO solution 1.
2025-12-23:11:37:41,894 INFO     [psi4.optking.displace:100] 	Determining Cartesian step for fragment 1.
2025-12-23:11:37:41,895 INFO     [psi4.optking.displace:415] 	Successfully converged to displaced geometry.
2025-12-23:11:37:41,895 INFO     [psi4.optking.displace:416] 	RMS(dx):  0.000e+00 	Max(dx):  0.000e+00 	RMS(dq):  0.000e+00
2025-12-23:11:37:41,895 INFO     [psi4.optking.displace:172] 

	        --- Internal Coordinate Step in ANG or DEG, aJ/ANG or AJ/DEG ---
	-------------------------------------------------------------------------------
	           Coordinate      Previous         Force          Change          New 
	           ----------      --------        ------          ------        ------
	               R(1,2)       1.88144        0.00082        0.00010       1.88154
	-------------------------------------------------------------------------------

2025-12-23:11:37:41,895 INFO     [psi4.optking.stepAlgorithms:113] 	|target step| :    0.0001825878
2025-12-23:11:37:41,895 INFO     [psi4.optking.stepAlgorithms:114] 	gradient     :   -0.0000995865
2025-12-23:11:37:41,895 INFO     [psi4.optking.stepAlgorithms:115] 	hessian      :    0.5454172947
2025-12-23:11:37:41,895 INFO     [psi4.optking.stepAlgorithms:113] 	|target step| :    0.0001825878
2025-12-23:11:37:41,895 INFO     [psi4.optking.stepAlgorithms:114] 	gradient     :   -0.0000995865
2025-12-23:11:37:41,895 INFO     [psi4.optking.stepAlgorithms:115] 	hessian      :    0.5454172947
2025-12-23:11:37:41,895 INFO     [psi4.optking.stepAlgorithms:206] 	Norm of achieved step-size    0.0001825878
2025-12-23:11:37:41,895 INFO     [psi4.optking.stepAlgorithms:208] 	Norm of achieved step-size (cart):    0.0001291090
2025-12-23:11:37:41,895 INFO     [psi4.optking.opt_helper:164] Molsys:

	                            ===> Fragment 1 <== 

	 Z (Atomic Numbers)          Masses                          Geom                  
	      18.000000            39.962383         -0.00000000  1.77779441  0.00000000   
	      18.000000            39.962383          0.00000000 -1.77779441  0.00000000   

	 - Coordinate -           - BOHR/RAD -       - ANG/DEG -
	 R(1,2)           =         3.555589           1.881537

2025-12-23:11:37:41,895 INFO     [psi4.optking.convcheck:76] Performing convergence check.
2025-12-23:11:37:41,895 INFO     [psi4.optking.convcheck:282] 
	                                 ==> Convergence Check <==                                  
    
	Measures of convergence in internal coordinates in au.
    
	Criteria marked as inactive (o), active & met (*), and active & unmet ( ).

	----------------------------------------------------------------------------------------------
	   Step    Total Energy     Delta E     Max Force     RMS Force      Max Disp      RMS Disp   
	----------------------------------------------------------------------------------------------
	  Convergence Criteria     1.00e-06 *    3.00e-04 *             o    1.20e-03 *             o
	----------------------------------------------------------------------------------------------
	    14   -1053.35851836   -1.14e-07 *    9.96e-05 *    9.96e-05 o    1.83e-04 *    1.83e-04 o  ~
	----------------------------------------------------------------------------------------------


2025-12-23:11:37:41,895 INFO     [psi4.optking.convcheck:206] 
	                      ===> Final Convergence Report <===                     

	----------------------------------------------------------------------------
	|   Required Criteria    |  One or More Criteria  |   Alternate Criteria   |
	----------------------------------------------------------------------------
	| [x]     max_force      | [x]       max_DE       |                        |
	|                        | [x]      max_disp      |                        |
	----------------------------------------------------------------------------


2025-12-23:11:37:41,895 INFO     [psi4.optking.stepAlgorithms:296] 	Convergence check returned True
2025-12-23:11:37:41,895 INFO     [psi4.optking.optimize:332] 	Converged in 14 steps!
2025-12-23:11:37:41,895 INFO     [psi4.optking.optimize:333] 	Final energy is  -1053.3585183639220
2025-12-23:11:37:41,895 INFO     [psi4.optking.optimize:334] 	Final structure (Angstroms): 
	Fragment 1 (Ang)

	   Ar  -0.0000000000   0.9407682867   0.0000000000
	   Ar   0.0000000000  -0.9407682867   0.0000000000


2025-12-23:11:37:41,896 INFO     [psi4.optking.optimize:562] 	Optimization Finished

	==> Optimization Summary <==

        
	Measures of convergence in internal coordinates in au. (Any backward steps not shown.)
        
	---------------------------------------------------------------------------------------------------------------  ~
        
	 Step         Total Energy             Delta E       MAX Force       RMS Force        MAX Disp        RMS Disp   ~
        
	---------------------------------------------------------------------------------------------------------------  ~
        
	     1   -1052.361189255750  -1052.361189255750      3.04908140      3.04908140      0.01399530      0.01399530  ~
	     2   -1052.403052167765     -0.041862912014      2.93396977      2.93396977      0.02691962      0.02691962  ~
	     3   -1052.479173908477     -0.076121740712      2.72383756      2.72383756      0.09905739      0.09905739  ~
	     4   -1052.714933101435     -0.235759192958      2.06378719      2.06378719      0.27156321      0.27156321  ~
	     5   -1053.100799860285     -0.385866758850      0.90558778      0.90558778      0.16890612      0.16890612  ~
	     6   -1053.215929257761     -0.115129397476      0.48516833      0.48516833      0.13297877      0.13297877  ~
	     7   -1053.264303535563     -0.048374277802      0.25606065      0.25606065      0.11737145      0.11737145  ~
	     8   -1053.287693240861     -0.023389705298      0.19285898      0.19285898      0.11202388      0.11202388  ~
	     9   -1053.316580368558     -0.028887127696      0.26189549      0.26189549      0.36761595      0.36761595  ~
	    10   -1053.358378582914     -0.041798214357      0.01227964      0.01227964      0.02868772      0.02868772  ~
	    11   -1053.358507769462     -0.000129186548      0.00347698      0.00347698      0.00827874      0.00827874  ~
	    12   -1053.358517092827     -0.000009323365      0.00117806      0.00117806      0.00278812      0.00278812  ~
	    13   -1053.358518250129     -0.000001157302      0.00037987      0.00037987      0.00050029      0.00050029  ~
	    14   -1053.358518363922     -0.000000113793      0.00009959      0.00009959      0.00018259      0.00018259  ~
	----------------------------------------------------------------------------------------------------------------


2025-12-23:11:37:41,896 INFO     [psi4.optking.optimize:806] Preparing OptimizationResult
