2025-12-23:10:37:17,218 WARNING  [psi4.optking:38] Some dependencies such as QCElemental have not yet finished migration to pydantic v2. If issues are encountered please downgrade pydantic or upgrade QCElemental as appropriate
2025-12-23:10:37:17,379 INFO     [psi4.optking.optwrapper:234] Creating a UserComputer
2025-12-23:10:37:17,379 INFO     [psi4.optking.optwrapper:242] 
    			-----------------------------------------

    			 OPTKING 3.0: for geometry optimizations 

    			     By R.A. King, Bethel University     

    			        with contributions from          

    			    A.V. Copan, J. Cayton, A. Heide      

    			-----------------------------------------

    
2025-12-23:10:37:17,379 INFO     [psi4.optking.optwrapper:272] 
		 -- Optimization Parameters --
	GEOM_MAXITER                   =             500
	ALG_GEOM_MAXITER               =              50
	PRINT                          =               1
	OPT_TYPE                       =             MIN
	STEP_TYPE                      =             RFO
	PROGRAM                        =            PSI4
	STEEPEST_DESCENT_TYPE          =         OVERLAP
	CONJUGATE_GRADIENT_TYPE        =        FLETCHER
	OPT_COORDINATES                =        INTERNAL
	RFO_FOLLOW_ROOT                =           False
	RFO_ROOT                       =               0
	ACCEPT_SYMMETRY_BREAKING       =           False
	DYNAMIC_LVL                    =               0
	DYNAMIC_LVL_MAX                =               0
	IRC_STEP_SIZE                  =             0.2
	IRC_DIRECTION                  =         FORWARD
	IRC_POINTS                     =              20
	IRC_MODE                       =          NORMAL
	IRC_CONVERGENCE                =            -0.7
	INTRAFRAG_STEP_LIMIT           =             0.5
	INTRAFRAG_STEP_LIMIT_MIN       =           0.001
	INTRAFRAG_STEP_LIMIT_MAX       =             1.0
	INTERFRAG_STEP_LIMIT           =             0.5
	INTERFRAG_STEP_LIMIT_MIN       =           0.001
	INTERFRAG_STEP_LIMIT_MAX       =             1.0
	ENSURE_BT_CONVERGENCE          =           False
	SIMPLE_STEP_SCALING            =           False
	CONSECUTIVE_BACKSTEPS          =               0
	RFO_NORMALIZATION_MAX          =             100
	RSRFO_ALPHA_MAX                =     100000000.0
	PRINT_TRAJECTORY_XYZ_FILE      =           False
	WRITE_TRAJECTORY               =           False
	FROZEN_DISTANCE                =                
	FROZEN_BEND                    =                
	FROZEN_DIHEDRAL                =                
	FROZEN_OOFP                    =                
	FROZEN_CARTESIAN               =                
	FREEZE_ALL_DIHEDRALS           =           False
	UNFREEZE_DIHEDRALS             =                
	RANGED_DISTANCE                =                
	RANGED_BEND                    =                
	RANGED_DIHEDRAL                =                
	RANGED_OOFP                    =                
	RANGED_CARTESIAN               =                
	EXT_FORCE_DISTANCE             =                
	EXT_FORCE_BEND                 =                
	EXT_FORCE_DIHEDRAL             =                
	EXT_FORCE_OOFP                 =                
	EXT_FORCE_CARTESIAN            =                
	G_CONVERGENCE                  =           QCHEM
	MAX_FORCE_G_CONVERGENCE        =          0.0003
	RMS_FORCE_G_CONVERGENCE        =          0.0003
	MAX_ENERGY_G_CONVERGENCE       =           1e-06
	MAX_DISP_G_CONVERGENCE         =          0.0012
	RMS_DISP_G_CONVERGENCE         =          0.0012
	FLEXIBLE_G_CONVERGENCE         =           False
	HESS_UPDATE                    =            BFGS
	HESS_UPDATE_USE_LAST           =               4
	HESS_UPDATE_LIMIT              =            True
	HESS_UPDATE_LIMIT_MAX          =             1.0
	HESS_UPDATE_LIMIT_SCALE        =             0.5
	HESS_UPDATE_DEN_TOL            =           1e-07
	HESS_UPDATE_DQ_TOL             =             0.5
	CART_HESS_READ                 =           False
	HESSIAN_FILE                   =               .
	FULL_HESS_EVERY                =              -1
	INTRAFRAG_HESS                 =        SCHLEGEL
	H_GUESS_EVERY                  =           False
	BT_MAX_ITER                    =              25
	BT_DX_CONV                     =           1e-07
	BT_DX_RMS_CHANGE_CONV          =           1e-12
	BT_PINV_RCOND                  =           1e-06
	FRAG_MODE                      =          SINGLE
	FRAG_REF_ATOMS                 =              []
	FREEZE_INTRAFRAG               =           False
	INTERFRAG_MODE                 =           FIXED
	ADD_AUXILIARY_BONDS            =           False
	AUXILIARY_BOND_FACTOR          =             2.5
	INTERFRAG_DIST_INV             =           False
	INTERFRAG_COLLINEAR_TOL        =            0.01
	INTERFRAG_COORDS               =              []
	INTERFRAG_HESS                 =         DEFAULT
	COVALENT_CONNECT               =             1.3
	INTERFRAGMENT_CONNECT          =             1.8
	H_BOND_CONNECT                 =             4.3
	INCLUDE_OOFP                   =           False
	TEST_B                         =           False
	TEST_DERIVATIVE_B              =           False
	LINESEARCH_STEP                =             0.1
	LINESEARCH                     =           False
	SD_HESSIAN                     =             1.0
	FIX_VAL_NEAR_PI                =            1.57
	V3D_TORS_ANGLE_LIM             =           0.017
	V3D_TORS_COS_TOL               =           1e-10
	LINEAR_BEND_THRESHOLD          =            3.05
	SMALL_BEND_FIX_THRESHOLD       =            0.35
	REDUNDANT_EVAL_TOL             =           1e-10
	LINEAR_ALGEBRA_TOL             =           1e-10


2025-12-23:10:37:17,516 INFO     [psi4.optking.opt_helper:164] Molsys:

	                            ===> Fragment 1 <== 

	 Z (Atomic Numbers)          Masses                          Geom                  
	       3.000000             7.016003         -0.00000000  1.13383568  0.00000000   
	       3.000000             7.016003          0.00000000 -1.13383568  0.00000000   

	 - Coordinate -           - BOHR/RAD -       - ANG/DEG -
	 R(1,2)           =         2.267671           1.200000

2025-12-23:10:37:17,527 INFO     [psi4.driver.task_planner:259] PLANNING Atomic:  keywords={'DAMPING_PERCENTAGE': 1.0, 'GEOM_MAXITER': 500, 'GUESS': 'SAP', 'MAXITER': 500, 'REFERENCE': 'UKS', 'function_kwargs': {}}
2025-12-23:10:37:17,528 INFO     [psi4.driver.driver:638] Compute gradient(): method=b3lyp, basis=cc-pvdz, molecule=default, nre=3.968829080025001
2025-12-23:10:37:17,942 INFO     [psi4.driver.driver:641] Return gradient(): -12.757943697718147
2025-12-23:10:37:17,942 INFO     [psi4.driver.driver:642] [[ 0.00000000 -0.20563251 -0.00000000]
 [-0.00000000  0.20563251 -0.00000000]]
2025-12-23:10:37:17,944 INFO     [psi4.optking.molsys:944] Projected (PHP) Hessian matrix
	   1.048231

2025-12-23:10:37:17,944 INFO     [psi4.optking.opt_helper:182] 
	         Geometry (au)                                       Gradient (au)
  -0.0000000000   1.1338356753   0.0000000000		   0.0000000000  -0.2056325070  -0.0000000000
   0.0000000000  -1.1338356753   0.0000000000		  -0.0000000000   0.2056325070  -0.0000000000

2025-12-23:10:37:17,944 INFO     [psi4.optking.stepAlgorithms:929] 	Using RFO solution 1.
2025-12-23:10:37:17,944 INFO     [psi4.optking.displace:100] 	Determining Cartesian step for fragment 1.
2025-12-23:10:37:17,944 INFO     [psi4.optking.displace:415] 	Successfully converged to displaced geometry.
2025-12-23:10:37:17,944 INFO     [psi4.optking.displace:416] 	RMS(dx):  0.000e+00 	Max(dx):  0.000e+00 	RMS(dq):  0.000e+00
2025-12-23:10:37:17,944 INFO     [psi4.optking.displace:172] 

	        --- Internal Coordinate Step in ANG or DEG, aJ/ANG or AJ/DEG ---
	-------------------------------------------------------------------------------
	           Coordinate      Previous         Force          Change          New 
	           ----------      --------        ------          ------        ------
	               R(1,2)       1.20000        1.69415        0.10010       1.30010
	-------------------------------------------------------------------------------

2025-12-23:10:37:17,944 INFO     [psi4.optking.stepAlgorithms:113] 	|target step| :    0.1891523201
2025-12-23:10:37:17,945 INFO     [psi4.optking.stepAlgorithms:114] 	gradient     :   -0.2056325070
2025-12-23:10:37:17,945 INFO     [psi4.optking.stepAlgorithms:115] 	hessian      :    1.0482306732
2025-12-23:10:37:17,945 INFO     [psi4.optking.stepAlgorithms:113] 	|target step| :    0.1891523201
2025-12-23:10:37:17,945 INFO     [psi4.optking.stepAlgorithms:114] 	gradient     :   -0.2056325070
2025-12-23:10:37:17,945 INFO     [psi4.optking.stepAlgorithms:115] 	hessian      :    1.0482306732
2025-12-23:10:37:17,945 INFO     [psi4.optking.stepAlgorithms:206] 	Norm of achieved step-size    0.1891523201
2025-12-23:10:37:17,945 INFO     [psi4.optking.stepAlgorithms:208] 	Norm of achieved step-size (cart):    0.1337508882
2025-12-23:10:37:17,945 INFO     [psi4.optking.opt_helper:164] Molsys:

	                            ===> Fragment 1 <== 

	 Z (Atomic Numbers)          Masses                          Geom                  
	       3.000000             7.016003         -0.00000000  1.22841184  0.00000000   
	       3.000000             7.016003          0.00000000 -1.22841184  0.00000000   

	 - Coordinate -           - BOHR/RAD -       - ANG/DEG -
	 R(1,2)           =         2.456824           1.300095

2025-12-23:10:37:17,945 INFO     [psi4.optking.convcheck:76] Performing convergence check.
2025-12-23:10:37:17,945 INFO     [psi4.optking.convcheck:282] 
	                                 ==> Convergence Check <==                                  
    
	Measures of convergence in internal coordinates in au.
    
	Criteria marked as inactive (o), active & met (*), and active & unmet ( ).

	----------------------------------------------------------------------------------------------~
	   Step    Total Energy     Delta E     Max Force     RMS Force      Max Disp      RMS Disp   ~
	----------------------------------------------------------------------------------------------~
	  Convergence Criteria     1.00e-06 *    3.00e-04 *             o    1.20e-03 *             o~
	----------------------------------------------------------------------------------------------~
	     1     -12.75794370   -1.28e+01      2.06e-01      2.06e-01 o    1.89e-01      1.89e-01 o  ~
	----------------------------------------------------------------------------------------------


2025-12-23:10:37:17,945 INFO     [psi4.optking.stepAlgorithms:296] 	Convergence check returned False
2025-12-23:10:37:17,956 INFO     [psi4.driver.task_planner:259] PLANNING Atomic:  keywords={'DAMPING_PERCENTAGE': 1.0, 'GEOM_MAXITER': 500, 'SCF__GUESS': 'READ', 'GUESS': 'SAP', 'MAXITER': 500, 'REFERENCE': 'UKS', 'function_kwargs': {}}
2025-12-23:10:37:17,958 INFO     [psi4.driver.driver:638] Compute gradient(): method=b3lyp, basis=cc-pvdz, molecule=default, nre=3.663266561493302
2025-12-23:10:37:18,283 INFO     [psi4.driver.driver:641] Return gradient(): -12.793547544876155
2025-12-23:10:37:18,283 INFO     [psi4.driver.driver:642] [[ 0.00000000 -0.17170637  0.00000000]
 [-0.00000000  0.17170637 -0.00000000]]
2025-12-23:10:37:18,285 INFO     [psi4.optking.history:269] 	Performing BFGS update.
2025-12-23:10:37:18,285 INFO     [psi4.optking.history:280] 	Using 1 previous steps for update.
2025-12-23:10:37:18,285 INFO     [psi4.optking.history:317] 	Steps to be used in Hessian update:  1

2025-12-23:10:37:18,285 INFO     [psi4.optking.history:418] 	Updated Hessian (in au) 
 	   0.179359

2025-12-23:10:37:18,285 INFO     [psi4.optking.molsys:944] Projected (PHP) Hessian matrix
	   0.179359

2025-12-23:10:37:18,285 INFO     [psi4.optking.opt_helper:182] 
	         Geometry (au)                                       Gradient (au)
  -0.0000000000   1.2284118353   0.0000000000		   0.0000000000  -0.1717063654   0.0000000000
   0.0000000000  -1.2284118353   0.0000000000		  -0.0000000000   0.1717063654  -0.0000000000

2025-12-23:10:37:18,286 INFO     [psi4.optking.stepAlgorithms:368] 	Current Step Report 
 
	Current energy:       -12.7935475449
	Energy change for the previous step:
		Actual       :        -0.0356038472
		Projected    :        -0.0194479329

2025-12-23:10:37:18,286 INFO     [psi4.optking.stepAlgorithms:371] 	Energy ratio =    1.83073
2025-12-23:10:37:18,286 INFO     [psi4.optking.stepAlgorithms:399] 	Energy ratio indicates good step.
2025-12-23:10:37:18,286 INFO     [psi4.optking.stepAlgorithms:400] 	Intrafrag trust radius increased to      1.
2025-12-23:10:37:18,286 INFO     [psi4.optking.stepAlgorithms:929] 	Using RFO solution 1.
2025-12-23:10:37:18,286 INFO     [psi4.optking.displace:100] 	Determining Cartesian step for fragment 1.
2025-12-23:10:37:18,286 INFO     [psi4.optking.displace:415] 	Successfully converged to displaced geometry.
2025-12-23:10:37:18,286 INFO     [psi4.optking.displace:416] 	RMS(dx):  0.000e+00 	Max(dx):  0.000e+00 	RMS(dq):  0.000e+00
2025-12-23:10:37:18,286 INFO     [psi4.optking.displace:172] 

	        --- Internal Coordinate Step in ANG or DEG, aJ/ANG or AJ/DEG ---
	-------------------------------------------------------------------------------
	           Coordinate      Previous         Force          Change          New 
	           ----------      --------        ------          ------        ------
	               R(1,2)       1.30010        1.41464        0.32062       1.62072
	-------------------------------------------------------------------------------

2025-12-23:10:37:18,286 INFO     [psi4.optking.stepAlgorithms:113] 	|target step| :    0.6058919769
2025-12-23:10:37:18,286 INFO     [psi4.optking.stepAlgorithms:114] 	gradient     :   -0.1717063654
2025-12-23:10:37:18,286 INFO     [psi4.optking.stepAlgorithms:115] 	hessian      :    0.1793588449
2025-12-23:10:37:18,286 INFO     [psi4.optking.stepAlgorithms:113] 	|target step| :    0.6058919769
2025-12-23:10:37:18,286 INFO     [psi4.optking.stepAlgorithms:114] 	gradient     :   -0.1717063654
2025-12-23:10:37:18,286 INFO     [psi4.optking.stepAlgorithms:115] 	hessian      :    0.1793588449
2025-12-23:10:37:18,286 INFO     [psi4.optking.stepAlgorithms:206] 	Norm of achieved step-size    0.6058919769
2025-12-23:10:37:18,286 INFO     [psi4.optking.stepAlgorithms:208] 	Norm of achieved step-size (cart):    0.4284303255
2025-12-23:10:37:18,286 INFO     [psi4.optking.opt_helper:164] Molsys:

	                            ===> Fragment 1 <== 

	 Z (Atomic Numbers)          Masses                          Geom                  
	       3.000000             7.016003         -0.00000000  1.53135782  0.00000000   
	       3.000000             7.016003          0.00000000 -1.53135782  0.00000000   

	 - Coordinate -           - BOHR/RAD -       - ANG/DEG -
	 R(1,2)           =         3.062716           1.620719

2025-12-23:10:37:18,287 INFO     [psi4.optking.convcheck:76] Performing convergence check.
2025-12-23:10:37:18,287 INFO     [psi4.optking.convcheck:282] 
	                                 ==> Convergence Check <==                                  
    
	Measures of convergence in internal coordinates in au.
    
	Criteria marked as inactive (o), active & met (*), and active & unmet ( ).

	----------------------------------------------------------------------------------------------
	   Step    Total Energy     Delta E     Max Force     RMS Force      Max Disp      RMS Disp   
	----------------------------------------------------------------------------------------------
	  Convergence Criteria     1.00e-06 *    3.00e-04 *             o    1.20e-03 *             o
	----------------------------------------------------------------------------------------------
	     2     -12.79354754   -3.56e-02      1.72e-01      1.72e-01 o    6.06e-01      6.06e-01 o  ~
	----------------------------------------------------------------------------------------------


2025-12-23:10:37:18,287 INFO     [psi4.optking.stepAlgorithms:296] 	Convergence check returned False
2025-12-23:10:37:18,297 INFO     [psi4.driver.task_planner:259] PLANNING Atomic:  keywords={'DAMPING_PERCENTAGE': 1.0, 'GEOM_MAXITER': 500, 'SCF__GUESS': 'READ', 'GUESS': 'SAP', 'MAXITER': 500, 'REFERENCE': 'UKS', 'function_kwargs': {}}
2025-12-23:10:37:18,299 INFO     [psi4.driver.driver:638] Compute gradient(): method=b3lyp, basis=cc-pvdz, molecule=default, nre=2.938568589405417
2025-12-23:10:37:18,687 INFO     [psi4.driver.driver:641] Return gradient(): -12.868748371022107
2025-12-23:10:37:18,688 INFO     [psi4.driver.driver:642] [[ 0.00000000 -0.07948780  0.00000000]
 [-0.00000000  0.07948780  0.00000000]]
2025-12-23:10:37:18,689 INFO     [psi4.optking.history:269] 	Performing BFGS update.
2025-12-23:10:37:18,689 INFO     [psi4.optking.history:280] 	Using 2 previous steps for update.
2025-12-23:10:37:18,689 WARNING  [psi4.optking.history:301] 	Change in internal coordinate of 6.06e-01 exceeds limit of 5.00e-01.
2025-12-23:10:37:18,689 WARNING  [psi4.optking.history:306] 	Skipping Hessian update for step 2.
2025-12-23:10:37:18,689 INFO     [psi4.optking.history:317] 	Steps to be used in Hessian update:  1

2025-12-23:10:37:18,689 INFO     [psi4.optking.history:418] 	Updated Hessian (in au) 
 	   0.158664

2025-12-23:10:37:18,690 INFO     [psi4.optking.molsys:944] Projected (PHP) Hessian matrix
	   0.158664

2025-12-23:10:37:18,690 INFO     [psi4.optking.opt_helper:182] 
	         Geometry (au)                                       Gradient (au)
  -0.0000000000   1.5313578237   0.0000000000		   0.0000000000  -0.0794877956   0.0000000000
   0.0000000000  -1.5313578237   0.0000000000		  -0.0000000000   0.0794877956   0.0000000000

2025-12-23:10:37:18,690 INFO     [psi4.optking.stepAlgorithms:368] 	Current Step Report 
 
	Current energy:       -12.8687483710
	Energy change for the previous step:
		Actual       :        -0.0752008261
		Projected    :        -0.0520177546

2025-12-23:10:37:18,690 INFO     [psi4.optking.stepAlgorithms:371] 	Energy ratio =    1.44568
2025-12-23:10:37:18,690 INFO     [psi4.optking.stepAlgorithms:929] 	Using RFO solution 1.
2025-12-23:10:37:18,690 INFO     [psi4.optking.displace:100] 	Determining Cartesian step for fragment 1.
2025-12-23:10:37:18,690 INFO     [psi4.optking.displace:415] 	Successfully converged to displaced geometry.
2025-12-23:10:37:18,690 INFO     [psi4.optking.displace:416] 	RMS(dx):  0.000e+00 	Max(dx):  0.000e+00 	RMS(dq):  0.000e+00
2025-12-23:10:37:18,690 INFO     [psi4.optking.displace:172] 

	        --- Internal Coordinate Step in ANG or DEG, aJ/ANG or AJ/DEG ---
	-------------------------------------------------------------------------------
	           Coordinate      Previous         Force          Change          New 
	           ----------      --------        ------          ------        ------
	               R(1,2)       1.62072        0.65488        0.21950       1.84022
	-------------------------------------------------------------------------------

2025-12-23:10:37:18,690 INFO     [psi4.optking.stepAlgorithms:113] 	|target step| :    0.4147887683
2025-12-23:10:37:18,690 INFO     [psi4.optking.stepAlgorithms:114] 	gradient     :   -0.0794877956
2025-12-23:10:37:18,690 INFO     [psi4.optking.stepAlgorithms:115] 	hessian      :    0.1586637524
2025-12-23:10:37:18,690 INFO     [psi4.optking.stepAlgorithms:113] 	|target step| :    0.4147887683
2025-12-23:10:37:18,690 INFO     [psi4.optking.stepAlgorithms:114] 	gradient     :   -0.0794877956
2025-12-23:10:37:18,690 INFO     [psi4.optking.stepAlgorithms:115] 	hessian      :    0.1586637524
2025-12-23:10:37:18,690 INFO     [psi4.optking.stepAlgorithms:206] 	Norm of achieved step-size    0.4147887683
2025-12-23:10:37:18,690 INFO     [psi4.optking.stepAlgorithms:208] 	Norm of achieved step-size (cart):    0.2932999508
2025-12-23:10:37:18,690 INFO     [psi4.optking.opt_helper:164] Molsys:

	                            ===> Fragment 1 <== 

	 Z (Atomic Numbers)          Masses                          Geom                  
	       3.000000             7.016003         -0.00000000  1.73875221  0.00000000   
	       3.000000             7.016003          0.00000000 -1.73875221  0.00000000   

	 - Coordinate -           - BOHR/RAD -       - ANG/DEG -
	 R(1,2)           =         3.477504           1.840216

2025-12-23:10:37:18,691 INFO     [psi4.optking.convcheck:76] Performing convergence check.
2025-12-23:10:37:18,691 INFO     [psi4.optking.convcheck:282] 
	                                 ==> Convergence Check <==                                  
    
	Measures of convergence in internal coordinates in au.
    
	Criteria marked as inactive (o), active & met (*), and active & unmet ( ).

	----------------------------------------------------------------------------------------------
	   Step    Total Energy     Delta E     Max Force     RMS Force      Max Disp      RMS Disp   
	----------------------------------------------------------------------------------------------
	  Convergence Criteria     1.00e-06 *    3.00e-04 *             o    1.20e-03 *             o
	----------------------------------------------------------------------------------------------
	     3     -12.86874837   -7.52e-02      7.95e-02      7.95e-02 o    4.15e-01      4.15e-01 o  ~
	----------------------------------------------------------------------------------------------


2025-12-23:10:37:18,691 INFO     [psi4.optking.stepAlgorithms:296] 	Convergence check returned False
2025-12-23:10:37:18,701 INFO     [psi4.driver.task_planner:259] PLANNING Atomic:  keywords={'DAMPING_PERCENTAGE': 1.0, 'GEOM_MAXITER': 500, 'SCF__GUESS': 'READ', 'GUESS': 'SAP', 'MAXITER': 500, 'REFERENCE': 'UKS', 'function_kwargs': {}}
2025-12-23:10:37:18,702 INFO     [psi4.driver.driver:638] Compute gradient(): method=b3lyp, basis=cc-pvdz, molecule=default, nre=2.588062853081501
2025-12-23:10:37:19,44 INFO     [psi4.driver.driver:641] Return gradient(): -12.891036861043686
2025-12-23:10:37:19,44 INFO     [psi4.driver.driver:642] [[ 0.00000000 -0.03048307  0.00000000]
 [-0.00000000  0.03048307 -0.00000000]]
2025-12-23:10:37:19,45 INFO     [psi4.optking.history:269] 	Performing BFGS update.
2025-12-23:10:37:19,46 INFO     [psi4.optking.history:280] 	Using 3 previous steps for update.
2025-12-23:10:37:19,46 WARNING  [psi4.optking.history:301] 	Change in internal coordinate of 1.02e+00 exceeds limit of 5.00e-01.
2025-12-23:10:37:19,46 WARNING  [psi4.optking.history:306] 	Skipping Hessian update for step 2.
2025-12-23:10:37:19,46 WARNING  [psi4.optking.history:301] 	Change in internal coordinate of 1.21e+00 exceeds limit of 5.00e-01.
2025-12-23:10:37:19,46 WARNING  [psi4.optking.history:306] 	Skipping Hessian update for step 1.
2025-12-23:10:37:19,46 INFO     [psi4.optking.history:317] 	Steps to be used in Hessian update:  3

2025-12-23:10:37:19,46 INFO     [psi4.optking.history:418] 	Updated Hessian (in au) 
 	   0.118144

2025-12-23:10:37:19,46 INFO     [psi4.optking.molsys:944] Projected (PHP) Hessian matrix
	   0.118144

2025-12-23:10:37:19,46 INFO     [psi4.optking.opt_helper:182] 
	         Geometry (au)                                       Gradient (au)
  -0.0000000000   1.7387522079   0.0000000000		   0.0000000000  -0.0304830705   0.0000000000
   0.0000000000  -1.7387522079   0.0000000000		  -0.0000000000   0.0304830705  -0.0000000000

2025-12-23:10:37:19,46 INFO     [psi4.optking.stepAlgorithms:368] 	Current Step Report 
 
	Current energy:       -12.8910368610
	Energy change for the previous step:
		Actual       :        -0.0222884900
		Projected    :        -0.0164853224

2025-12-23:10:37:19,46 INFO     [psi4.optking.stepAlgorithms:371] 	Energy ratio =    1.35202
2025-12-23:10:37:19,46 INFO     [psi4.optking.stepAlgorithms:929] 	Using RFO solution 1.
2025-12-23:10:37:19,46 INFO     [psi4.optking.displace:100] 	Determining Cartesian step for fragment 1.
2025-12-23:10:37:19,47 INFO     [psi4.optking.displace:415] 	Successfully converged to displaced geometry.
2025-12-23:10:37:19,47 INFO     [psi4.optking.displace:416] 	RMS(dx):  0.000e+00 	Max(dx):  0.000e+00 	RMS(dq):  0.000e+00
2025-12-23:10:37:19,47 INFO     [psi4.optking.displace:172] 

	        --- Internal Coordinate Step in ANG or DEG, aJ/ANG or AJ/DEG ---
	-------------------------------------------------------------------------------
	           Coordinate      Previous         Force          Change          New 
	           ----------      --------        ------          ------        ------
	               R(1,2)       1.84022        0.25114        0.12849       1.96870
	-------------------------------------------------------------------------------

2025-12-23:10:37:19,47 INFO     [psi4.optking.stepAlgorithms:113] 	|target step| :    0.2428054193
2025-12-23:10:37:19,47 INFO     [psi4.optking.stepAlgorithms:114] 	gradient     :   -0.0304830705
2025-12-23:10:37:19,47 INFO     [psi4.optking.stepAlgorithms:115] 	hessian      :    0.1181438093
2025-12-23:10:37:19,47 INFO     [psi4.optking.stepAlgorithms:113] 	|target step| :    0.2428054193
2025-12-23:10:37:19,47 INFO     [psi4.optking.stepAlgorithms:114] 	gradient     :   -0.0304830705
2025-12-23:10:37:19,47 INFO     [psi4.optking.stepAlgorithms:115] 	hessian      :    0.1181438093
2025-12-23:10:37:19,47 INFO     [psi4.optking.stepAlgorithms:206] 	Norm of achieved step-size    0.2428054193
2025-12-23:10:37:19,47 INFO     [psi4.optking.stepAlgorithms:208] 	Norm of achieved step-size (cart):    0.1716893585
2025-12-23:10:37:19,47 INFO     [psi4.optking.opt_helper:164] Molsys:

	                            ===> Fragment 1 <== 

	 Z (Atomic Numbers)          Masses                          Geom                  
	       3.000000             7.016003         -0.00000000  1.86015492  0.00000000   
	       3.000000             7.016003          0.00000000 -1.86015492  0.00000000   

	 - Coordinate -           - BOHR/RAD -       - ANG/DEG -
	 R(1,2)           =         3.720310           1.968703

2025-12-23:10:37:19,47 INFO     [psi4.optking.convcheck:76] Performing convergence check.
2025-12-23:10:37:19,47 INFO     [psi4.optking.convcheck:282] 
	                                 ==> Convergence Check <==                                  
    
	Measures of convergence in internal coordinates in au.
    
	Criteria marked as inactive (o), active & met (*), and active & unmet ( ).

	----------------------------------------------------------------------------------------------
	   Step    Total Energy     Delta E     Max Force     RMS Force      Max Disp      RMS Disp   
	----------------------------------------------------------------------------------------------
	  Convergence Criteria     1.00e-06 *    3.00e-04 *             o    1.20e-03 *             o
	----------------------------------------------------------------------------------------------
	     4     -12.89103686   -2.23e-02      3.05e-02      3.05e-02 o    2.43e-01      2.43e-01 o  ~
	----------------------------------------------------------------------------------------------


2025-12-23:10:37:19,47 INFO     [psi4.optking.stepAlgorithms:296] 	Convergence check returned False
2025-12-23:10:37:19,58 INFO     [psi4.driver.task_planner:259] PLANNING Atomic:  keywords={'DAMPING_PERCENTAGE': 1.0, 'GEOM_MAXITER': 500, 'SCF__GUESS': 'READ', 'GUESS': 'SAP', 'MAXITER': 500, 'REFERENCE': 'UKS', 'function_kwargs': {}}
2025-12-23:10:37:19,59 INFO     [psi4.driver.driver:638] Compute gradient(): method=b3lyp, basis=cc-pvdz, molecule=default, nre=2.419153349796327
2025-12-23:10:37:19,387 INFO     [psi4.driver.driver:641] Return gradient(): -12.89573107534108
2025-12-23:10:37:19,387 INFO     [psi4.driver.driver:642] [[ 0.00000000 -0.00911146  0.00000000]
 [-0.00000000  0.00911146  0.00000000]]
2025-12-23:10:37:19,389 INFO     [psi4.optking.history:269] 	Performing BFGS update.
2025-12-23:10:37:19,389 INFO     [psi4.optking.history:280] 	Using 4 previous steps for update.
2025-12-23:10:37:19,389 WARNING  [psi4.optking.history:301] 	Change in internal coordinate of 6.58e-01 exceeds limit of 5.00e-01.
2025-12-23:10:37:19,389 WARNING  [psi4.optking.history:306] 	Skipping Hessian update for step 3.
2025-12-23:10:37:19,389 WARNING  [psi4.optking.history:301] 	Change in internal coordinate of 1.26e+00 exceeds limit of 5.00e-01.
2025-12-23:10:37:19,389 WARNING  [psi4.optking.history:306] 	Skipping Hessian update for step 2.
2025-12-23:10:37:19,389 WARNING  [psi4.optking.history:301] 	Change in internal coordinate of 1.45e+00 exceeds limit of 5.00e-01.
2025-12-23:10:37:19,389 WARNING  [psi4.optking.history:306] 	Skipping Hessian update for step 1.
2025-12-23:10:37:19,389 INFO     [psi4.optking.history:317] 	Steps to be used in Hessian update:  4

2025-12-23:10:37:19,389 INFO     [psi4.optking.history:418] 	Updated Hessian (in au) 
 	   0.088020

2025-12-23:10:37:19,389 INFO     [psi4.optking.molsys:944] Projected (PHP) Hessian matrix
	   0.088020

2025-12-23:10:37:19,389 INFO     [psi4.optking.opt_helper:182] 
	         Geometry (au)                                       Gradient (au)
  -0.0000000000   1.8601549176   0.0000000000		   0.0000000000  -0.0091114556   0.0000000000
   0.0000000000  -1.8601549176   0.0000000000		  -0.0000000000   0.0091114556   0.0000000000

2025-12-23:10:37:19,389 INFO     [psi4.optking.stepAlgorithms:368] 	Current Step Report 
 
	Current energy:       -12.8957310753
	Energy change for the previous step:
		Actual       :        -0.0046942143
		Projected    :        -0.0037007274

2025-12-23:10:37:19,389 INFO     [psi4.optking.stepAlgorithms:371] 	Energy ratio =    1.26846
2025-12-23:10:37:19,389 INFO     [psi4.optking.stepAlgorithms:929] 	Using RFO solution 1.
2025-12-23:10:37:19,390 INFO     [psi4.optking.displace:100] 	Determining Cartesian step for fragment 1.
2025-12-23:10:37:19,390 INFO     [psi4.optking.displace:415] 	Successfully converged to displaced geometry.
2025-12-23:10:37:19,390 INFO     [psi4.optking.displace:416] 	RMS(dx):  0.000e+00 	Max(dx):  0.000e+00 	RMS(dq):  0.000e+00
2025-12-23:10:37:19,390 INFO     [psi4.optking.displace:172] 

	        --- Internal Coordinate Step in ANG or DEG, aJ/ANG or AJ/DEG ---
	-------------------------------------------------------------------------------
	           Coordinate      Previous         Force          Change          New 
	           ----------      --------        ------          ------        ------
	               R(1,2)       1.96870        0.07507        0.05420       2.02291
	-------------------------------------------------------------------------------

2025-12-23:10:37:19,390 INFO     [psi4.optking.stepAlgorithms:113] 	|target step| :    0.1024302260
2025-12-23:10:37:19,390 INFO     [psi4.optking.stepAlgorithms:114] 	gradient     :   -0.0091114556
2025-12-23:10:37:19,390 INFO     [psi4.optking.stepAlgorithms:115] 	hessian      :    0.0880195134
2025-12-23:10:37:19,390 INFO     [psi4.optking.stepAlgorithms:113] 	|target step| :    0.1024302260
2025-12-23:10:37:19,390 INFO     [psi4.optking.stepAlgorithms:114] 	gradient     :   -0.0091114556
2025-12-23:10:37:19,390 INFO     [psi4.optking.stepAlgorithms:115] 	hessian      :    0.0880195134
2025-12-23:10:37:19,390 INFO     [psi4.optking.stepAlgorithms:206] 	Norm of achieved step-size    0.1024302260
2025-12-23:10:37:19,390 INFO     [psi4.optking.stepAlgorithms:208] 	Norm of achieved step-size (cart):    0.0724291074
2025-12-23:10:37:19,390 INFO     [psi4.optking.opt_helper:164] Molsys:

	                            ===> Fragment 1 <== 

	 Z (Atomic Numbers)          Masses                          Geom                  
	       3.000000             7.016003         -0.00000000  1.91137003  0.00000000   
	       3.000000             7.016003          0.00000000 -1.91137003  0.00000000   

	 - Coordinate -           - BOHR/RAD -       - ANG/DEG -
	 R(1,2)           =         3.822740           2.022907

2025-12-23:10:37:19,390 INFO     [psi4.optking.convcheck:76] Performing convergence check.
2025-12-23:10:37:19,390 INFO     [psi4.optking.convcheck:282] 
	                                 ==> Convergence Check <==                                  
    
	Measures of convergence in internal coordinates in au.
    
	Criteria marked as inactive (o), active & met (*), and active & unmet ( ).

	----------------------------------------------------------------------------------------------
	   Step    Total Energy     Delta E     Max Force     RMS Force      Max Disp      RMS Disp   
	----------------------------------------------------------------------------------------------
	  Convergence Criteria     1.00e-06 *    3.00e-04 *             o    1.20e-03 *             o
	----------------------------------------------------------------------------------------------
	     5     -12.89573108   -4.69e-03      9.11e-03      9.11e-03 o    1.02e-01      1.02e-01 o  ~
	----------------------------------------------------------------------------------------------


2025-12-23:10:37:19,390 INFO     [psi4.optking.stepAlgorithms:296] 	Convergence check returned False
2025-12-23:10:37:19,401 INFO     [psi4.driver.task_planner:259] PLANNING Atomic:  keywords={'DAMPING_PERCENTAGE': 1.0, 'GEOM_MAXITER': 500, 'SCF__GUESS': 'READ', 'GUESS': 'SAP', 'MAXITER': 500, 'REFERENCE': 'UKS', 'function_kwargs': {}}
2025-12-23:10:37:19,402 INFO     [psi4.driver.driver:638] Compute gradient(): method=b3lyp, basis=cc-pvdz, molecule=default, nre=2.3543321952074967
2025-12-23:10:37:19,742 INFO     [psi4.driver.driver:641] Return gradient(): -12.896279747783806
2025-12-23:10:37:19,742 INFO     [psi4.driver.driver:642] [[ 0.00000000 -0.00176865  0.00000000]
 [-0.00000000  0.00176865  0.00000000]]
2025-12-23:10:37:19,744 INFO     [psi4.optking.history:269] 	Performing BFGS update.
2025-12-23:10:37:19,744 INFO     [psi4.optking.history:280] 	Using 4 previous steps for update.
2025-12-23:10:37:19,744 WARNING  [psi4.optking.history:301] 	Change in internal coordinate of 7.60e-01 exceeds limit of 5.00e-01.
2025-12-23:10:37:19,744 WARNING  [psi4.optking.history:306] 	Skipping Hessian update for step 3.
2025-12-23:10:37:19,744 WARNING  [psi4.optking.history:301] 	Change in internal coordinate of 1.37e+00 exceeds limit of 5.00e-01.
2025-12-23:10:37:19,744 WARNING  [psi4.optking.history:306] 	Skipping Hessian update for step 2.
2025-12-23:10:37:19,744 WARNING  [psi4.optking.history:301] 	Change in internal coordinate of 1.56e+00 exceeds limit of 5.00e-01.
2025-12-23:10:37:19,744 WARNING  [psi4.optking.history:306] 	Skipping Hessian update for step 1.
2025-12-23:10:37:19,744 INFO     [psi4.optking.history:317] 	Steps to be used in Hessian update:  5 4

2025-12-23:10:37:19,744 INFO     [psi4.optking.history:418] 	Updated Hessian (in au) 
 	   0.083173

2025-12-23:10:37:19,744 INFO     [psi4.optking.molsys:944] Projected (PHP) Hessian matrix
	   0.083173

2025-12-23:10:37:19,744 INFO     [psi4.optking.opt_helper:182] 
	         Geometry (au)                                       Gradient (au)
  -0.0000000000   1.9113700306   0.0000000000		   0.0000000000  -0.0017686483   0.0000000000
   0.0000000000  -1.9113700306   0.0000000000		  -0.0000000000   0.0017686483   0.0000000000

2025-12-23:10:37:19,744 INFO     [psi4.optking.stepAlgorithms:368] 	Current Step Report 
 
	Current energy:       -12.8962797478
	Energy change for the previous step:
		Actual       :        -0.0005486724
		Projected    :        -0.0004666442

2025-12-23:10:37:19,744 INFO     [psi4.optking.stepAlgorithms:371] 	Energy ratio =    1.17578
2025-12-23:10:37:19,745 INFO     [psi4.optking.stepAlgorithms:929] 	Using RFO solution 1.
2025-12-23:10:37:19,745 INFO     [psi4.optking.displace:100] 	Determining Cartesian step for fragment 1.
2025-12-23:10:37:19,745 INFO     [psi4.optking.displace:415] 	Successfully converged to displaced geometry.
2025-12-23:10:37:19,745 INFO     [psi4.optking.displace:416] 	RMS(dx):  0.000e+00 	Max(dx):  0.000e+00 	RMS(dq):  0.000e+00
2025-12-23:10:37:19,745 INFO     [psi4.optking.displace:172] 

	        --- Internal Coordinate Step in ANG or DEG, aJ/ANG or AJ/DEG ---
	-------------------------------------------------------------------------------
	           Coordinate      Previous         Force          Change          New 
	           ----------      --------        ------          ------        ------
	               R(1,2)       2.02291        0.01457        0.01125       2.03415
	-------------------------------------------------------------------------------

2025-12-23:10:37:19,745 INFO     [psi4.optking.stepAlgorithms:113] 	|target step| :    0.0212549844
2025-12-23:10:37:19,745 INFO     [psi4.optking.stepAlgorithms:114] 	gradient     :   -0.0017686483
2025-12-23:10:37:19,745 INFO     [psi4.optking.stepAlgorithms:115] 	hessian      :    0.0831733991
2025-12-23:10:37:19,745 INFO     [psi4.optking.stepAlgorithms:113] 	|target step| :    0.0212549844
2025-12-23:10:37:19,745 INFO     [psi4.optking.stepAlgorithms:114] 	gradient     :   -0.0017686483
2025-12-23:10:37:19,745 INFO     [psi4.optking.stepAlgorithms:115] 	hessian      :    0.0831733991
2025-12-23:10:37:19,745 INFO     [psi4.optking.stepAlgorithms:206] 	Norm of achieved step-size    0.0212549844
2025-12-23:10:37:19,745 INFO     [psi4.optking.stepAlgorithms:208] 	Norm of achieved step-size (cart):    0.0150295436
2025-12-23:10:37:19,745 INFO     [psi4.optking.opt_helper:164] Molsys:

	                            ===> Fragment 1 <== 

	 Z (Atomic Numbers)          Masses                          Geom                  
	       3.000000             7.016003         -0.00000000  1.92199752  0.00000000   
	       3.000000             7.016003          0.00000000 -1.92199752  0.00000000   

	 - Coordinate -           - BOHR/RAD -       - ANG/DEG -
	 R(1,2)           =         3.843995           2.034155

2025-12-23:10:37:19,745 INFO     [psi4.optking.convcheck:76] Performing convergence check.
2025-12-23:10:37:19,745 INFO     [psi4.optking.convcheck:282] 
	                                 ==> Convergence Check <==                                  
    
	Measures of convergence in internal coordinates in au.
    
	Criteria marked as inactive (o), active & met (*), and active & unmet ( ).

	----------------------------------------------------------------------------------------------
	   Step    Total Energy     Delta E     Max Force     RMS Force      Max Disp      RMS Disp   
	----------------------------------------------------------------------------------------------
	  Convergence Criteria     1.00e-06 *    3.00e-04 *             o    1.20e-03 *             o
	----------------------------------------------------------------------------------------------
	     6     -12.89627975   -5.49e-04      1.77e-03      1.77e-03 o    2.13e-02      2.13e-02 o  ~
	----------------------------------------------------------------------------------------------


2025-12-23:10:37:19,745 INFO     [psi4.optking.stepAlgorithms:296] 	Convergence check returned False
2025-12-23:10:37:19,756 INFO     [psi4.driver.task_planner:259] PLANNING Atomic:  keywords={'DAMPING_PERCENTAGE': 1.0, 'GEOM_MAXITER': 500, 'SCF__GUESS': 'READ', 'GUESS': 'SAP', 'MAXITER': 500, 'REFERENCE': 'UKS', 'function_kwargs': {}}
2025-12-23:10:37:19,758 INFO     [psi4.driver.driver:638] Compute gradient(): method=b3lyp, basis=cc-pvdz, molecule=default, nre=2.341314151886475
2025-12-23:10:37:20,79 INFO     [psi4.driver.driver:641] Return gradient(): -12.896302395439385
2025-12-23:10:37:20,79 INFO     [psi4.driver.driver:642] [[ 0.00000000 -0.00036875  0.00000000]
 [-0.00000000  0.00036875 -0.00000000]]
2025-12-23:10:37:20,81 INFO     [psi4.optking.history:269] 	Performing BFGS update.
2025-12-23:10:37:20,81 INFO     [psi4.optking.history:280] 	Using 4 previous steps for update.
2025-12-23:10:37:20,81 WARNING  [psi4.optking.history:301] 	Change in internal coordinate of 7.81e-01 exceeds limit of 5.00e-01.
2025-12-23:10:37:20,81 WARNING  [psi4.optking.history:306] 	Skipping Hessian update for step 3.
2025-12-23:10:37:20,81 WARNING  [psi4.optking.history:301] 	Change in internal coordinate of 1.39e+00 exceeds limit of 5.00e-01.
2025-12-23:10:37:20,81 WARNING  [psi4.optking.history:306] 	Skipping Hessian update for step 2.
2025-12-23:10:37:20,81 WARNING  [psi4.optking.history:301] 	Change in internal coordinate of 1.58e+00 exceeds limit of 5.00e-01.
2025-12-23:10:37:20,81 WARNING  [psi4.optking.history:306] 	Skipping Hessian update for step 1.
2025-12-23:10:37:20,81 INFO     [psi4.optking.history:317] 	Steps to be used in Hessian update:  6 5 4

2025-12-23:10:37:20,81 INFO     [psi4.optking.history:418] 	Updated Hessian (in au) 
 	   0.082169

2025-12-23:10:37:20,81 INFO     [psi4.optking.molsys:944] Projected (PHP) Hessian matrix
	   0.082169

2025-12-23:10:37:20,81 INFO     [psi4.optking.opt_helper:182] 
	         Geometry (au)                                       Gradient (au)
  -0.0000000000   1.9219975228   0.0000000000		   0.0000000000  -0.0003687531   0.0000000000
   0.0000000000  -1.9219975228   0.0000000000		  -0.0000000000   0.0003687531  -0.0000000000

2025-12-23:10:37:20,81 INFO     [psi4.optking.stepAlgorithms:368] 	Current Step Report 
 
	Current energy:       -12.8963023954
	Energy change for the previous step:
		Actual       :        -0.0000226477
		Projected    :        -0.0000187963

2025-12-23:10:37:20,81 INFO     [psi4.optking.stepAlgorithms:371] 	Energy ratio =    1.20490
2025-12-23:10:37:20,82 INFO     [psi4.optking.stepAlgorithms:929] 	Using RFO solution 1.
2025-12-23:10:37:20,82 INFO     [psi4.optking.displace:100] 	Determining Cartesian step for fragment 1.
2025-12-23:10:37:20,82 INFO     [psi4.optking.displace:415] 	Successfully converged to displaced geometry.
2025-12-23:10:37:20,82 INFO     [psi4.optking.displace:416] 	RMS(dx):  0.000e+00 	Max(dx):  0.000e+00 	RMS(dq):  0.000e+00
2025-12-23:10:37:20,82 INFO     [psi4.optking.displace:172] 

	        --- Internal Coordinate Step in ANG or DEG, aJ/ANG or AJ/DEG ---
	-------------------------------------------------------------------------------
	           Coordinate      Previous         Force          Change          New 
	           ----------      --------        ------          ------        ------
	               R(1,2)       2.03415        0.00304        0.00237       2.03653
	-------------------------------------------------------------------------------

2025-12-23:10:37:20,82 INFO     [psi4.optking.stepAlgorithms:113] 	|target step| :    0.0044876270
2025-12-23:10:37:20,82 INFO     [psi4.optking.stepAlgorithms:114] 	gradient     :   -0.0003687531
2025-12-23:10:37:20,82 INFO     [psi4.optking.stepAlgorithms:115] 	hessian      :    0.0821694061
2025-12-23:10:37:20,82 INFO     [psi4.optking.stepAlgorithms:113] 	|target step| :    0.0044876270
2025-12-23:10:37:20,82 INFO     [psi4.optking.stepAlgorithms:114] 	gradient     :   -0.0003687531
2025-12-23:10:37:20,82 INFO     [psi4.optking.stepAlgorithms:115] 	hessian      :    0.0821694061
2025-12-23:10:37:20,82 INFO     [psi4.optking.stepAlgorithms:206] 	Norm of achieved step-size    0.0044876270
2025-12-23:10:37:20,82 INFO     [psi4.optking.stepAlgorithms:208] 	Norm of achieved step-size (cart):    0.0031732315
2025-12-23:10:37:20,82 INFO     [psi4.optking.opt_helper:164] Molsys:

	                            ===> Fragment 1 <== 

	 Z (Atomic Numbers)          Masses                          Geom                  
	       3.000000             7.016003         -0.00000000  1.92424134  0.00000000   
	       3.000000             7.016003          0.00000000 -1.92424134  0.00000000   

	 - Coordinate -           - BOHR/RAD -       - ANG/DEG -
	 R(1,2)           =         3.848483           2.036529

2025-12-23:10:37:20,82 INFO     [psi4.optking.convcheck:76] Performing convergence check.
2025-12-23:10:37:20,83 INFO     [psi4.optking.convcheck:282] 
	                                 ==> Convergence Check <==                                  
    
	Measures of convergence in internal coordinates in au.
    
	Criteria marked as inactive (o), active & met (*), and active & unmet ( ).

	----------------------------------------------------------------------------------------------
	   Step    Total Energy     Delta E     Max Force     RMS Force      Max Disp      RMS Disp   
	----------------------------------------------------------------------------------------------
	  Convergence Criteria     1.00e-06 *    3.00e-04 *             o    1.20e-03 *             o
	----------------------------------------------------------------------------------------------
	     7     -12.89630240   -2.26e-05      3.69e-04      3.69e-04 o    4.49e-03      4.49e-03 o  ~
	----------------------------------------------------------------------------------------------


2025-12-23:10:37:20,83 INFO     [psi4.optking.stepAlgorithms:296] 	Convergence check returned False
2025-12-23:10:37:20,93 INFO     [psi4.driver.task_planner:259] PLANNING Atomic:  keywords={'DAMPING_PERCENTAGE': 1.0, 'GEOM_MAXITER': 500, 'SCF__GUESS': 'READ', 'GUESS': 'SAP', 'MAXITER': 500, 'REFERENCE': 'UKS', 'function_kwargs': {}}
2025-12-23:10:37:20,94 INFO     [psi4.driver.driver:638] Compute gradient(): method=b3lyp, basis=cc-pvdz, molecule=default, nre=2.3385839993649977
2025-12-23:10:37:20,433 INFO     [psi4.driver.driver:641] Return gradient(): -12.896303401965376
2025-12-23:10:37:20,434 INFO     [psi4.driver.driver:642] [[ 0.00000000 -0.00007861  0.00000000]
 [-0.00000000  0.00007861 -0.00000000]]
2025-12-23:10:37:20,435 INFO     [psi4.optking.history:269] 	Performing BFGS update.
2025-12-23:10:37:20,435 INFO     [psi4.optking.history:280] 	Using 4 previous steps for update.
2025-12-23:10:37:20,435 INFO     [psi4.optking.history:317] 	Steps to be used in Hessian update:  7 6 5 4

2025-12-23:10:37:20,436 INFO     [psi4.optking.history:418] 	Updated Hessian (in au) 
 	   0.081958

2025-12-23:10:37:20,436 INFO     [psi4.optking.molsys:944] Projected (PHP) Hessian matrix
	   0.081958

2025-12-23:10:37:20,436 INFO     [psi4.optking.opt_helper:182] 
	         Geometry (au)                                       Gradient (au)
  -0.0000000000   1.9242413363   0.0000000000		   0.0000000000  -0.0000786094   0.0000000000
   0.0000000000  -1.9242413363   0.0000000000		  -0.0000000000   0.0000786094  -0.0000000000

2025-12-23:10:37:20,436 INFO     [psi4.optking.stepAlgorithms:368] 	Current Step Report 
 
	Current energy:       -12.8963034020
	Energy change for the previous step:
		Actual       :        -0.0000010065
		Projected    :        -0.0000008274

2025-12-23:10:37:20,436 INFO     [psi4.optking.stepAlgorithms:371] 	Energy ratio =    1.21647
2025-12-23:10:37:20,436 INFO     [psi4.optking.stepAlgorithms:929] 	Using RFO solution 1.
2025-12-23:10:37:20,436 INFO     [psi4.optking.displace:100] 	Determining Cartesian step for fragment 1.
2025-12-23:10:37:20,436 INFO     [psi4.optking.displace:415] 	Successfully converged to displaced geometry.
2025-12-23:10:37:20,436 INFO     [psi4.optking.displace:416] 	RMS(dx):  0.000e+00 	Max(dx):  0.000e+00 	RMS(dq):  0.000e+00
2025-12-23:10:37:20,436 INFO     [psi4.optking.displace:172] 

	        --- Internal Coordinate Step in ANG or DEG, aJ/ANG or AJ/DEG ---
	-------------------------------------------------------------------------------
	           Coordinate      Previous         Force          Change          New 
	           ----------      --------        ------          ------        ------
	               R(1,2)       2.03653        0.00065        0.00051       2.03704
	-------------------------------------------------------------------------------

2025-12-23:10:37:20,436 INFO     [psi4.optking.stepAlgorithms:113] 	|target step| :    0.0009591470
2025-12-23:10:37:20,436 INFO     [psi4.optking.stepAlgorithms:114] 	gradient     :   -0.0000786094
2025-12-23:10:37:20,436 INFO     [psi4.optking.stepAlgorithms:115] 	hessian      :    0.0819575286
2025-12-23:10:37:20,436 INFO     [psi4.optking.stepAlgorithms:113] 	|target step| :    0.0009591470
2025-12-23:10:37:20,436 INFO     [psi4.optking.stepAlgorithms:114] 	gradient     :   -0.0000786094
2025-12-23:10:37:20,437 INFO     [psi4.optking.stepAlgorithms:115] 	hessian      :    0.0819575286
2025-12-23:10:37:20,437 INFO     [psi4.optking.stepAlgorithms:206] 	Norm of achieved step-size    0.0009591470
2025-12-23:10:37:20,437 INFO     [psi4.optking.stepAlgorithms:208] 	Norm of achieved step-size (cart):    0.0006782193
2025-12-23:10:37:20,437 INFO     [psi4.optking.opt_helper:164] Molsys:

	                            ===> Fragment 1 <== 

	 Z (Atomic Numbers)          Masses                          Geom                  
	       3.000000             7.016003         -0.00000000  1.92472091  0.00000000   
	       3.000000             7.016003          0.00000000 -1.92472091  0.00000000   

	 - Coordinate -           - BOHR/RAD -       - ANG/DEG -
	 R(1,2)           =         3.849442           2.037037

2025-12-23:10:37:20,437 INFO     [psi4.optking.convcheck:76] Performing convergence check.
2025-12-23:10:37:20,437 INFO     [psi4.optking.convcheck:282] 
	                                 ==> Convergence Check <==                                  
    
	Measures of convergence in internal coordinates in au.
    
	Criteria marked as inactive (o), active & met (*), and active & unmet ( ).

	----------------------------------------------------------------------------------------------
	   Step    Total Energy     Delta E     Max Force     RMS Force      Max Disp      RMS Disp   
	----------------------------------------------------------------------------------------------
	  Convergence Criteria     1.00e-06 *    3.00e-04 *             o    1.20e-03 *             o
	----------------------------------------------------------------------------------------------
	     8     -12.89630340   -1.01e-06      7.86e-05 *    7.86e-05 o    9.59e-04 *    9.59e-04 o  ~
	----------------------------------------------------------------------------------------------


2025-12-23:10:37:20,437 INFO     [psi4.optking.convcheck:206] 
	                      ===> Final Convergence Report <===                     

	----------------------------------------------------------------------------
	|   Required Criteria    |  One or More Criteria  |   Alternate Criteria   |
	----------------------------------------------------------------------------
	| [x]     max_force      | [ ]       max_DE       |                        |
	|                        | [x]      max_disp      |                        |
	----------------------------------------------------------------------------


2025-12-23:10:37:20,437 INFO     [psi4.optking.stepAlgorithms:296] 	Convergence check returned True
2025-12-23:10:37:20,437 INFO     [psi4.optking.optimize:332] 	Converged in 8 steps!
2025-12-23:10:37:20,437 INFO     [psi4.optking.optimize:333] 	Final energy is    -12.8963034019654
2025-12-23:10:37:20,437 INFO     [psi4.optking.optimize:334] 	Final structure (Angstroms): 
	Fragment 1 (Ang)

	   Li  -0.0000000000   1.0185184424   0.0000000000
	   Li   0.0000000000  -1.0185184424   0.0000000000


2025-12-23:10:37:20,438 INFO     [psi4.optking.optimize:562] 	Optimization Finished

	==> Optimization Summary <==

        
	Measures of convergence in internal coordinates in au. (Any backward steps not shown.)
        
	---------------------------------------------------------------------------------------------------------------  ~
        
	 Step         Total Energy             Delta E       MAX Force       RMS Force        MAX Disp        RMS Disp   ~
        
	---------------------------------------------------------------------------------------------------------------  ~
        
	     1     -12.757943697718    -12.757943697718      0.20563251      0.20563251      0.18915232      0.18915232  ~
	     2     -12.793547544876     -0.035603847158      0.17170637      0.17170637      0.60589198      0.60589198  ~
	     3     -12.868748371022     -0.075200826146      0.07948780      0.07948780      0.41478877      0.41478877  ~
	     4     -12.891036861044     -0.022288490022      0.03048307      0.03048307      0.24280542      0.24280542  ~
	     5     -12.895731075341     -0.004694214297      0.00911146      0.00911146      0.10243023      0.10243023  ~
	     6     -12.896279747784     -0.000548672443      0.00176865      0.00176865      0.02125498      0.02125498  ~
	     7     -12.896302395439     -0.000022647656      0.00036875      0.00036875      0.00448763      0.00448763  ~
	     8     -12.896303401965     -0.000001006526      0.00007861      0.00007861      0.00095915      0.00095915  ~
	----------------------------------------------------------------------------------------------------------------


2025-12-23:10:37:20,438 INFO     [psi4.optking.optimize:806] Preparing OptimizationResult
