2025-12-23:10:28:55,559 WARNING  [psi4.optking:38] Some dependencies such as QCElemental have not yet finished migration to pydantic v2. If issues are encountered please downgrade pydantic or upgrade QCElemental as appropriate
2025-12-23:10:28:55,720 INFO     [psi4.optking.optwrapper:234] Creating a UserComputer
2025-12-23:10:28:55,720 INFO     [psi4.optking.optwrapper:242] 
    			-----------------------------------------

    			 OPTKING 3.0: for geometry optimizations 

    			     By R.A. King, Bethel University     

    			        with contributions from          

    			    A.V. Copan, J. Cayton, A. Heide      

    			-----------------------------------------

    
2025-12-23:10:28:55,720 INFO     [psi4.optking.optwrapper:272] 
		 -- Optimization Parameters --
	GEOM_MAXITER                   =             500
	ALG_GEOM_MAXITER               =              50
	PRINT                          =               1
	OPT_TYPE                       =             MIN
	STEP_TYPE                      =             RFO
	PROGRAM                        =            PSI4
	STEEPEST_DESCENT_TYPE          =         OVERLAP
	CONJUGATE_GRADIENT_TYPE        =        FLETCHER
	OPT_COORDINATES                =        INTERNAL
	RFO_FOLLOW_ROOT                =           False
	RFO_ROOT                       =               0
	ACCEPT_SYMMETRY_BREAKING       =           False
	DYNAMIC_LVL                    =               0
	DYNAMIC_LVL_MAX                =               0
	IRC_STEP_SIZE                  =             0.2
	IRC_DIRECTION                  =         FORWARD
	IRC_POINTS                     =              20
	IRC_MODE                       =          NORMAL
	IRC_CONVERGENCE                =            -0.7
	INTRAFRAG_STEP_LIMIT           =             0.5
	INTRAFRAG_STEP_LIMIT_MIN       =           0.001
	INTRAFRAG_STEP_LIMIT_MAX       =             1.0
	INTERFRAG_STEP_LIMIT           =             0.5
	INTERFRAG_STEP_LIMIT_MIN       =           0.001
	INTERFRAG_STEP_LIMIT_MAX       =             1.0
	ENSURE_BT_CONVERGENCE          =           False
	SIMPLE_STEP_SCALING            =           False
	CONSECUTIVE_BACKSTEPS          =               0
	RFO_NORMALIZATION_MAX          =             100
	RSRFO_ALPHA_MAX                =     100000000.0
	PRINT_TRAJECTORY_XYZ_FILE      =           False
	WRITE_TRAJECTORY               =           False
	FROZEN_DISTANCE                =                
	FROZEN_BEND                    =                
	FROZEN_DIHEDRAL                =                
	FROZEN_OOFP                    =                
	FROZEN_CARTESIAN               =                
	FREEZE_ALL_DIHEDRALS           =           False
	UNFREEZE_DIHEDRALS             =                
	RANGED_DISTANCE                =                
	RANGED_BEND                    =                
	RANGED_DIHEDRAL                =                
	RANGED_OOFP                    =                
	RANGED_CARTESIAN               =                
	EXT_FORCE_DISTANCE             =                
	EXT_FORCE_BEND                 =                
	EXT_FORCE_DIHEDRAL             =                
	EXT_FORCE_OOFP                 =                
	EXT_FORCE_CARTESIAN            =                
	G_CONVERGENCE                  =           QCHEM
	MAX_FORCE_G_CONVERGENCE        =          0.0003
	RMS_FORCE_G_CONVERGENCE        =          0.0003
	MAX_ENERGY_G_CONVERGENCE       =           1e-06
	MAX_DISP_G_CONVERGENCE         =          0.0012
	RMS_DISP_G_CONVERGENCE         =          0.0012
	FLEXIBLE_G_CONVERGENCE         =           False
	HESS_UPDATE                    =            BFGS
	HESS_UPDATE_USE_LAST           =               4
	HESS_UPDATE_LIMIT              =            True
	HESS_UPDATE_LIMIT_MAX          =             1.0
	HESS_UPDATE_LIMIT_SCALE        =             0.5
	HESS_UPDATE_DEN_TOL            =           1e-07
	HESS_UPDATE_DQ_TOL             =             0.5
	CART_HESS_READ                 =           False
	HESSIAN_FILE                   =               .
	FULL_HESS_EVERY                =              -1
	INTRAFRAG_HESS                 =        SCHLEGEL
	H_GUESS_EVERY                  =           False
	BT_MAX_ITER                    =              25
	BT_DX_CONV                     =           1e-07
	BT_DX_RMS_CHANGE_CONV          =           1e-12
	BT_PINV_RCOND                  =           1e-06
	FRAG_MODE                      =          SINGLE
	FRAG_REF_ATOMS                 =              []
	FREEZE_INTRAFRAG               =           False
	INTERFRAG_MODE                 =           FIXED
	ADD_AUXILIARY_BONDS            =           False
	AUXILIARY_BOND_FACTOR          =             2.5
	INTERFRAG_DIST_INV             =           False
	INTERFRAG_COLLINEAR_TOL        =            0.01
	INTERFRAG_COORDS               =              []
	INTERFRAG_HESS                 =         DEFAULT
	COVALENT_CONNECT               =             1.3
	INTERFRAGMENT_CONNECT          =             1.8
	H_BOND_CONNECT                 =             4.3
	INCLUDE_OOFP                   =           False
	TEST_B                         =           False
	TEST_DERIVATIVE_B              =           False
	LINESEARCH_STEP                =             0.1
	LINESEARCH                     =           False
	SD_HESSIAN                     =             1.0
	FIX_VAL_NEAR_PI                =            1.57
	V3D_TORS_ANGLE_LIM             =           0.017
	V3D_TORS_COS_TOL               =           1e-10
	LINEAR_BEND_THRESHOLD          =            3.05
	SMALL_BEND_FIX_THRESHOLD       =            0.35
	REDUNDANT_EVAL_TOL             =           1e-10
	LINEAR_ALGEBRA_TOL             =           1e-10


2025-12-23:10:28:55,861 INFO     [psi4.optking.opt_helper:164] Molsys:

	                            ===> Fragment 1 <== 

	 Z (Atomic Numbers)          Masses                          Geom                  
	       1.000000             1.007825          0.00000000  0.00000000  2.13325678   
	       8.000000            15.994915          0.00000000  0.00000000 -0.13441457   

	 - Coordinate -           - BOHR/RAD -       - ANG/DEG -
	 R(1,2)           =         2.267671           1.200000

2025-12-23:10:28:55,871 INFO     [psi4.driver.task_planner:259] PLANNING Atomic:  keywords={'DAMPING_PERCENTAGE': 1.0, 'GEOM_MAXITER': 500, 'GUESS': 'SAP', 'MAXITER': 500, 'REFERENCE': 'UKS', 'function_kwargs': {}}
2025-12-23:10:28:55,872 INFO     [psi4.driver.driver:638] Compute gradient(): method=b3lyp, basis=cc-pvdz, molecule=default, nre=3.527848071133333
2025-12-23:10:28:56,192 INFO     [psi4.driver.driver:641] Return gradient(): -74.67493321414727
2025-12-23:10:28:56,192 INFO     [psi4.driver.driver:642] [[-0.00000000  0.00000000 -0.25636675]
 [-0.00000000 -0.00000000  0.25636745]]
2025-12-23:10:28:56,194 INFO     [psi4.optking.molsys:944] Projected (PHP) Hessian matrix
	   0.246653

2025-12-23:10:28:56,194 INFO     [psi4.optking.opt_helper:182] 
	         Geometry (au)                                       Gradient (au)
   0.0000000000   0.0000000000   2.1332567798		  -0.0000000000   0.0000000000  -0.2563667505
   0.0000000000   0.0000000000  -0.1344145708		  -0.0000000000  -0.0000000000   0.2563674543

2025-12-23:10:28:56,194 INFO     [psi4.optking.stepAlgorithms:929] 	Using RFO solution 1.
2025-12-23:10:28:56,195 INFO     [psi4.optking.displace:100] 	Determining Cartesian step for fragment 1.
2025-12-23:10:28:56,195 INFO     [psi4.optking.displace:415] 	Successfully converged to displaced geometry.
2025-12-23:10:28:56,195 INFO     [psi4.optking.displace:416] 	RMS(dx):  0.000e+00 	Max(dx):  0.000e+00 	RMS(dq):  0.000e+00
2025-12-23:10:28:56,195 INFO     [psi4.optking.displace:172] 

	        --- Internal Coordinate Step in ANG or DEG, aJ/ANG or AJ/DEG ---
	-------------------------------------------------------------------------------
	           Coordinate      Previous         Force          Change          New 
	           ----------      --------        ------          ------        ------
	               R(1,2)       1.20000        2.11214        0.26459       1.46459
	-------------------------------------------------------------------------------

2025-12-23:10:28:56,195 INFO     [psi4.optking.stepAlgorithms:113] 	|target step| :    0.5000000026
2025-12-23:10:28:56,195 INFO     [psi4.optking.stepAlgorithms:114] 	gradient     :   -0.2563671024
2025-12-23:10:28:56,195 INFO     [psi4.optking.stepAlgorithms:115] 	hessian      :    0.2466528172
2025-12-23:10:28:56,195 INFO     [psi4.optking.stepAlgorithms:113] 	|target step| :    0.5000000026
2025-12-23:10:28:56,195 INFO     [psi4.optking.stepAlgorithms:114] 	gradient     :   -0.2563671024
2025-12-23:10:28:56,195 INFO     [psi4.optking.stepAlgorithms:115] 	hessian      :    0.2466528172
2025-12-23:10:28:56,195 INFO     [psi4.optking.stepAlgorithms:206] 	Norm of achieved step-size    0.5000000026
2025-12-23:10:28:56,195 INFO     [psi4.optking.stepAlgorithms:208] 	Norm of achieved step-size (cart):    0.3535533924
2025-12-23:10:28:56,195 INFO     [psi4.optking.opt_helper:164] Molsys:

	                            ===> Fragment 1 <== 

	 Z (Atomic Numbers)          Masses                          Geom                  
	       1.000000             1.007825          0.00000000  0.00000000  2.38325678   
	       8.000000            15.994915          0.00000000  0.00000000 -0.38441457   

	 - Coordinate -           - BOHR/RAD -       - ANG/DEG -
	 R(1,2)           =         2.767671           1.464589

2025-12-23:10:28:56,196 INFO     [psi4.optking.convcheck:76] Performing convergence check.
2025-12-23:10:28:56,196 INFO     [psi4.optking.convcheck:282] 
	                                 ==> Convergence Check <==                                  
    
	Measures of convergence in internal coordinates in au.
    
	Criteria marked as inactive (o), active & met (*), and active & unmet ( ).

	----------------------------------------------------------------------------------------------~
	   Step    Total Energy     Delta E     Max Force     RMS Force      Max Disp      RMS Disp   ~
	----------------------------------------------------------------------------------------------~
	  Convergence Criteria     1.00e-06 *    3.00e-04 *             o    1.20e-03 *             o~
	----------------------------------------------------------------------------------------------~
	     1     -74.67493321   -7.47e+01      2.56e-01      2.56e-01 o    5.00e-01      5.00e-01 o  ~
	----------------------------------------------------------------------------------------------


2025-12-23:10:28:56,196 INFO     [psi4.optking.stepAlgorithms:296] 	Convergence check returned False
2025-12-23:10:28:56,206 INFO     [psi4.driver.task_planner:259] PLANNING Atomic:  keywords={'DAMPING_PERCENTAGE': 1.0, 'GEOM_MAXITER': 500, 'SCF__GUESS': 'READ', 'GUESS': 'SAP', 'MAXITER': 500, 'REFERENCE': 'UKS', 'function_kwargs': {}}
2025-12-23:10:28:56,207 INFO     [psi4.driver.driver:638] Compute gradient(): method=b3lyp, basis=cc-pvdz, molecule=default, nre=2.8905166037681345
2025-12-23:10:28:56,454 INFO     [psi4.driver.driver:641] Return gradient(): -74.74588341179751
2025-12-23:10:28:56,455 INFO     [psi4.driver.driver:642] [[ 0.00000000  0.00000000 -0.05437953]
 [-0.00000000  0.00000000  0.05437984]]
2025-12-23:10:28:56,456 INFO     [psi4.optking.history:269] 	Performing BFGS update.
2025-12-23:10:28:56,456 INFO     [psi4.optking.history:280] 	Using 1 previous steps for update.
2025-12-23:10:28:56,457 INFO     [psi4.optking.history:317] 	Steps to be used in Hessian update:  1

2025-12-23:10:28:56,457 INFO     [psi4.optking.history:418] 	Updated Hessian (in au) 
 	   0.403975

2025-12-23:10:28:56,457 INFO     [psi4.optking.molsys:944] Projected (PHP) Hessian matrix
	   0.403975

2025-12-23:10:28:56,457 INFO     [psi4.optking.opt_helper:182] 
	         Geometry (au)                                       Gradient (au)
   0.0000000000   0.0000000000   2.6036196457		   0.0000000000   0.0000000000  -0.0543795272
   0.0000000000   0.0000000000  -0.1640517074		  -0.0000000000   0.0000000000   0.0543798438

2025-12-23:10:28:56,457 INFO     [psi4.optking.stepAlgorithms:368] 	Current Step Report 
 
	Current energy:       -74.7458834118
	Energy change for the previous step:
		Actual       :        -0.0709501977
		Projected    :        -0.0778815593

2025-12-23:10:28:56,457 INFO     [psi4.optking.stepAlgorithms:371] 	Energy ratio =    0.91100
2025-12-23:10:28:56,457 INFO     [psi4.optking.stepAlgorithms:399] 	Energy ratio indicates good step.
2025-12-23:10:28:56,457 INFO     [psi4.optking.stepAlgorithms:400] 	Intrafrag trust radius increased to      1.
2025-12-23:10:28:56,457 INFO     [psi4.optking.stepAlgorithms:929] 	Using RFO solution 1.
2025-12-23:10:28:56,457 INFO     [psi4.optking.displace:100] 	Determining Cartesian step for fragment 1.
2025-12-23:10:28:56,458 INFO     [psi4.optking.displace:415] 	Successfully converged to displaced geometry.
2025-12-23:10:28:56,458 INFO     [psi4.optking.displace:416] 	RMS(dx):  0.000e+00 	Max(dx):  0.000e+00 	RMS(dq):  0.000e+00
2025-12-23:10:28:56,458 INFO     [psi4.optking.displace:172] 

	        --- Internal Coordinate Step in ANG or DEG, aJ/ANG or AJ/DEG ---
	-------------------------------------------------------------------------------
	           Coordinate      Previous         Force          Change          New 
	           ----------      --------        ------          ------        ------
	               R(1,2)       1.46459        0.44802        0.06999       1.53458
	-------------------------------------------------------------------------------

2025-12-23:10:28:56,458 INFO     [psi4.optking.stepAlgorithms:113] 	|target step| :    0.1322569555
2025-12-23:10:28:56,458 INFO     [psi4.optking.stepAlgorithms:114] 	gradient     :   -0.0543796855
2025-12-23:10:28:56,458 INFO     [psi4.optking.stepAlgorithms:115] 	hessian      :    0.4039748317
2025-12-23:10:28:56,458 INFO     [psi4.optking.stepAlgorithms:113] 	|target step| :    0.1322569555
2025-12-23:10:28:56,458 INFO     [psi4.optking.stepAlgorithms:114] 	gradient     :   -0.0543796855
2025-12-23:10:28:56,458 INFO     [psi4.optking.stepAlgorithms:115] 	hessian      :    0.4039748317
2025-12-23:10:28:56,458 INFO     [psi4.optking.stepAlgorithms:206] 	Norm of achieved step-size    0.1322569555
2025-12-23:10:28:56,458 INFO     [psi4.optking.stepAlgorithms:208] 	Norm of achieved step-size (cart):    0.0935197901
2025-12-23:10:28:56,458 INFO     [psi4.optking.opt_helper:164] Molsys:

	                            ===> Fragment 1 <== 

	 Z (Atomic Numbers)          Masses                          Geom                  
	       1.000000             1.007825          0.00000000  0.00000000  2.66974812   
	       8.000000            15.994915          0.00000000  0.00000000 -0.23018019   

	 - Coordinate -           - BOHR/RAD -       - ANG/DEG -
	 R(1,2)           =         2.899928           1.534576

2025-12-23:10:28:56,458 INFO     [psi4.optking.convcheck:76] Performing convergence check.
2025-12-23:10:28:56,458 INFO     [psi4.optking.convcheck:282] 
	                                 ==> Convergence Check <==                                  
    
	Measures of convergence in internal coordinates in au.
    
	Criteria marked as inactive (o), active & met (*), and active & unmet ( ).

	----------------------------------------------------------------------------------------------
	   Step    Total Energy     Delta E     Max Force     RMS Force      Max Disp      RMS Disp   
	----------------------------------------------------------------------------------------------
	  Convergence Criteria     1.00e-06 *    3.00e-04 *             o    1.20e-03 *             o
	----------------------------------------------------------------------------------------------
	     2     -74.74588341   -7.10e-02      5.44e-02      5.44e-02 o    1.32e-01      1.32e-01 o  ~
	----------------------------------------------------------------------------------------------


2025-12-23:10:28:56,458 INFO     [psi4.optking.stepAlgorithms:296] 	Convergence check returned False
2025-12-23:10:28:56,468 INFO     [psi4.driver.task_planner:259] PLANNING Atomic:  keywords={'DAMPING_PERCENTAGE': 1.0, 'GEOM_MAXITER': 500, 'SCF__GUESS': 'READ', 'GUESS': 'SAP', 'MAXITER': 500, 'REFERENCE': 'UKS', 'function_kwargs': {}}
2025-12-23:10:28:56,470 INFO     [psi4.driver.driver:638] Compute gradient(): method=b3lyp, basis=cc-pvdz, molecule=default, nre=2.7586888876430375
2025-12-23:10:28:56,716 INFO     [psi4.driver.driver:641] Return gradient(): -74.75093523470595
2025-12-23:10:28:56,716 INFO     [psi4.driver.driver:642] [[ 0.00000000  0.00000000 -0.02314673]
 [ 0.00000000  0.00000000  0.02314890]]
2025-12-23:10:28:56,718 INFO     [psi4.optking.history:269] 	Performing BFGS update.
2025-12-23:10:28:56,718 INFO     [psi4.optking.history:280] 	Using 2 previous steps for update.
2025-12-23:10:28:56,718 WARNING  [psi4.optking.history:301] 	Change in internal coordinate of 6.32e-01 exceeds limit of 5.00e-01.
2025-12-23:10:28:56,718 WARNING  [psi4.optking.history:306] 	Skipping Hessian update for step 1.
2025-12-23:10:28:56,718 INFO     [psi4.optking.history:317] 	Steps to be used in Hessian update:  2

2025-12-23:10:28:56,718 INFO     [psi4.optking.history:418] 	Updated Hessian (in au) 
 	   0.236145

2025-12-23:10:28:56,718 INFO     [psi4.optking.molsys:944] Projected (PHP) Hessian matrix
	   0.236145

2025-12-23:10:28:56,718 INFO     [psi4.optking.opt_helper:182] 
	         Geometry (au)                                       Gradient (au)
   0.0000000000   0.0000000000   2.7280371663		   0.0000000000   0.0000000000  -0.0231467291
   0.0000000000   0.0000000000  -0.1718911423		   0.0000000000   0.0000000000   0.0231489009

2025-12-23:10:28:56,718 INFO     [psi4.optking.stepAlgorithms:368] 	Current Step Report 
 
	Current energy:       -74.7509352347
	Energy change for the previous step:
		Actual       :        -0.0050518229
		Projected    :        -0.0035960458

2025-12-23:10:28:56,718 INFO     [psi4.optking.stepAlgorithms:371] 	Energy ratio =    1.40483
2025-12-23:10:28:56,718 INFO     [psi4.optking.stepAlgorithms:929] 	Using RFO solution 1.
2025-12-23:10:28:56,718 INFO     [psi4.optking.displace:100] 	Determining Cartesian step for fragment 1.
2025-12-23:10:28:56,719 INFO     [psi4.optking.displace:415] 	Successfully converged to displaced geometry.
2025-12-23:10:28:56,719 INFO     [psi4.optking.displace:416] 	RMS(dx):  0.000e+00 	Max(dx):  0.000e+00 	RMS(dq):  0.000e+00
2025-12-23:10:28:56,719 INFO     [psi4.optking.displace:172] 

	        --- Internal Coordinate Step in ANG or DEG, aJ/ANG or AJ/DEG ---
	-------------------------------------------------------------------------------
	           Coordinate      Previous         Force          Change          New 
	           ----------      --------        ------          ------        ------
	               R(1,2)       1.53458        0.19071        0.05138       1.58596
	-------------------------------------------------------------------------------

2025-12-23:10:28:56,719 INFO     [psi4.optking.stepAlgorithms:113] 	|target step| :    0.0970993782
2025-12-23:10:28:56,719 INFO     [psi4.optking.stepAlgorithms:114] 	gradient     :   -0.0231478150
2025-12-23:10:28:56,719 INFO     [psi4.optking.stepAlgorithms:115] 	hessian      :    0.2361453914
2025-12-23:10:28:56,719 INFO     [psi4.optking.stepAlgorithms:113] 	|target step| :    0.0970993782
2025-12-23:10:28:56,719 INFO     [psi4.optking.stepAlgorithms:114] 	gradient     :   -0.0231478150
2025-12-23:10:28:56,719 INFO     [psi4.optking.stepAlgorithms:115] 	hessian      :    0.2361453914
2025-12-23:10:28:56,719 INFO     [psi4.optking.stepAlgorithms:206] 	Norm of achieved step-size    0.0970993782
2025-12-23:10:28:56,719 INFO     [psi4.optking.stepAlgorithms:208] 	Norm of achieved step-size (cart):    0.0686596288
2025-12-23:10:28:56,719 INFO     [psi4.optking.opt_helper:164] Molsys:

	                            ===> Fragment 1 <== 

	 Z (Atomic Numbers)          Masses                          Geom                  
	       1.000000             1.007825          0.00000000  0.00000000  2.77658686   
	       8.000000            15.994915          0.00000000  0.00000000 -0.22044083   

	 - Coordinate -           - BOHR/RAD -       - ANG/DEG -
	 R(1,2)           =         2.997028           1.585959

2025-12-23:10:28:56,719 INFO     [psi4.optking.convcheck:76] Performing convergence check.
2025-12-23:10:28:56,719 INFO     [psi4.optking.convcheck:282] 
	                                 ==> Convergence Check <==                                  
    
	Measures of convergence in internal coordinates in au.
    
	Criteria marked as inactive (o), active & met (*), and active & unmet ( ).

	----------------------------------------------------------------------------------------------
	   Step    Total Energy     Delta E     Max Force     RMS Force      Max Disp      RMS Disp   
	----------------------------------------------------------------------------------------------
	  Convergence Criteria     1.00e-06 *    3.00e-04 *             o    1.20e-03 *             o
	----------------------------------------------------------------------------------------------
	     3     -74.75093523   -5.05e-03      2.31e-02      2.31e-02 o    9.71e-02      9.71e-02 o  ~
	----------------------------------------------------------------------------------------------


2025-12-23:10:28:56,719 INFO     [psi4.optking.stepAlgorithms:296] 	Convergence check returned False
2025-12-23:10:28:56,730 INFO     [psi4.driver.task_planner:259] PLANNING Atomic:  keywords={'DAMPING_PERCENTAGE': 1.0, 'GEOM_MAXITER': 500, 'SCF__GUESS': 'READ', 'GUESS': 'SAP', 'MAXITER': 500, 'REFERENCE': 'UKS', 'function_kwargs': {}}
2025-12-23:10:28:56,731 INFO     [psi4.driver.driver:638] Compute gradient(): method=b3lyp, basis=cc-pvdz, molecule=default, nre=2.669311343097807
2025-12-23:10:28:56,950 INFO     [psi4.driver.driver:641] Return gradient(): -74.75224005111886
2025-12-23:10:28:56,950 INFO     [psi4.driver.driver:642] [[ 0.00000000  0.00000000 -0.00425314]
 [ 0.00000000  0.00000000  0.00425535]]
2025-12-23:10:28:56,952 INFO     [psi4.optking.history:269] 	Performing BFGS update.
2025-12-23:10:28:56,952 INFO     [psi4.optking.history:280] 	Using 3 previous steps for update.
2025-12-23:10:28:56,952 WARNING  [psi4.optking.history:301] 	Change in internal coordinate of 7.29e-01 exceeds limit of 5.00e-01.
2025-12-23:10:28:56,952 WARNING  [psi4.optking.history:306] 	Skipping Hessian update for step 1.
2025-12-23:10:28:56,952 INFO     [psi4.optking.history:317] 	Steps to be used in Hessian update:  3 2

2025-12-23:10:28:56,952 INFO     [psi4.optking.history:418] 	Updated Hessian (in au) 
 	   0.218548

2025-12-23:10:28:56,952 INFO     [psi4.optking.molsys:944] Projected (PHP) Hessian matrix
	   0.218548

2025-12-23:10:28:56,952 INFO     [psi4.optking.opt_helper:182] 
	         Geometry (au)                                       Gradient (au)
   0.0000000000   0.0000000000   2.8193810495		   0.0000000000   0.0000000000  -0.0042531353
   0.0000000000   0.0000000000  -0.1776466374		   0.0000000000   0.0000000000   0.0042553527

2025-12-23:10:28:56,952 INFO     [psi4.optking.stepAlgorithms:368] 	Current Step Report 
 
	Current energy:       -74.7522400511
	Energy change for the previous step:
		Actual       :        -0.0013048164
		Projected    :        -0.0011238192

2025-12-23:10:28:56,952 INFO     [psi4.optking.stepAlgorithms:371] 	Energy ratio =    1.16106
2025-12-23:10:28:56,953 INFO     [psi4.optking.stepAlgorithms:929] 	Using RFO solution 1.
2025-12-23:10:28:56,953 INFO     [psi4.optking.displace:100] 	Determining Cartesian step for fragment 1.
2025-12-23:10:28:56,953 INFO     [psi4.optking.displace:415] 	Successfully converged to displaced geometry.
2025-12-23:10:28:56,953 INFO     [psi4.optking.displace:416] 	RMS(dx):  0.000e+00 	Max(dx):  0.000e+00 	RMS(dq):  0.000e+00
2025-12-23:10:28:56,953 INFO     [psi4.optking.displace:172] 

	        --- Internal Coordinate Step in ANG or DEG, aJ/ANG or AJ/DEG ---
	-------------------------------------------------------------------------------
	           Coordinate      Previous         Force          Change          New 
	           ----------      --------        ------          ------        ------
	               R(1,2)       1.58596        0.03505        0.01030       1.59626
	-------------------------------------------------------------------------------

2025-12-23:10:28:56,953 INFO     [psi4.optking.stepAlgorithms:113] 	|target step| :    0.0194585491
2025-12-23:10:28:56,953 INFO     [psi4.optking.stepAlgorithms:114] 	gradient     :   -0.0042542440
2025-12-23:10:28:56,953 INFO     [psi4.optking.stepAlgorithms:115] 	hessian      :    0.2185483203
2025-12-23:10:28:56,953 INFO     [psi4.optking.stepAlgorithms:113] 	|target step| :    0.0194585491
2025-12-23:10:28:56,953 INFO     [psi4.optking.stepAlgorithms:114] 	gradient     :   -0.0042542440
2025-12-23:10:28:56,953 INFO     [psi4.optking.stepAlgorithms:115] 	hessian      :    0.2185483203
2025-12-23:10:28:56,953 INFO     [psi4.optking.stepAlgorithms:206] 	Norm of achieved step-size    0.0194585491
2025-12-23:10:28:56,953 INFO     [psi4.optking.stepAlgorithms:208] 	Norm of achieved step-size (cart):    0.0137592720
2025-12-23:10:28:56,953 INFO     [psi4.optking.opt_helper:164] Molsys:

	                            ===> Fragment 1 <== 

	 Z (Atomic Numbers)          Masses                          Geom                  
	       1.000000             1.007825          0.00000000  0.00000000  2.82911032   
	       8.000000            15.994915          0.00000000  0.00000000 -0.18737591   

	 - Coordinate -           - BOHR/RAD -       - ANG/DEG -
	 R(1,2)           =         3.016486           1.596256

2025-12-23:10:28:56,953 INFO     [psi4.optking.convcheck:76] Performing convergence check.
2025-12-23:10:28:56,953 INFO     [psi4.optking.convcheck:282] 
	                                 ==> Convergence Check <==                                  
    
	Measures of convergence in internal coordinates in au.
    
	Criteria marked as inactive (o), active & met (*), and active & unmet ( ).

	----------------------------------------------------------------------------------------------
	   Step    Total Energy     Delta E     Max Force     RMS Force      Max Disp      RMS Disp   
	----------------------------------------------------------------------------------------------
	  Convergence Criteria     1.00e-06 *    3.00e-04 *             o    1.20e-03 *             o
	----------------------------------------------------------------------------------------------
	     4     -74.75224005   -1.30e-03      4.25e-03      4.25e-03 o    1.95e-02      1.95e-02 o  ~
	----------------------------------------------------------------------------------------------


2025-12-23:10:28:56,953 INFO     [psi4.optking.stepAlgorithms:296] 	Convergence check returned False
2025-12-23:10:28:56,963 INFO     [psi4.driver.task_planner:259] PLANNING Atomic:  keywords={'DAMPING_PERCENTAGE': 1.0, 'GEOM_MAXITER': 500, 'SCF__GUESS': 'READ', 'GUESS': 'SAP', 'MAXITER': 500, 'REFERENCE': 'UKS', 'function_kwargs': {}}
2025-12-23:10:28:56,965 INFO     [psi4.driver.driver:638] Compute gradient(): method=b3lyp, basis=cc-pvdz, molecule=default, nre=2.6520923267800396
2025-12-23:10:28:57,196 INFO     [psi4.driver.driver:641] Return gradient(): -74.7522894130507
2025-12-23:10:28:57,196 INFO     [psi4.driver.driver:642] [[ 0.00000000  0.00000000 -0.00083707]
 [ 0.00000000  0.00000000  0.00083906]]
2025-12-23:10:28:57,198 INFO     [psi4.optking.history:269] 	Performing BFGS update.
2025-12-23:10:28:57,198 INFO     [psi4.optking.history:280] 	Using 4 previous steps for update.
2025-12-23:10:28:57,198 WARNING  [psi4.optking.history:301] 	Change in internal coordinate of 7.49e-01 exceeds limit of 5.00e-01.
2025-12-23:10:28:57,198 WARNING  [psi4.optking.history:306] 	Skipping Hessian update for step 1.
2025-12-23:10:28:57,198 INFO     [psi4.optking.history:317] 	Steps to be used in Hessian update:  4 3 2

2025-12-23:10:28:57,198 INFO     [psi4.optking.history:418] 	Updated Hessian (in au) 
 	   0.215187

2025-12-23:10:28:57,198 INFO     [psi4.optking.molsys:944] Projected (PHP) Hessian matrix
	   0.215187

2025-12-23:10:28:57,198 INFO     [psi4.optking.opt_helper:182] 
	         Geometry (au)                                       Gradient (au)
   0.0000000000   0.0000000000   2.8376862072		   0.0000000000   0.0000000000  -0.0008370665
   0.0000000000   0.0000000000  -0.1788000287		   0.0000000000   0.0000000000   0.0008390616

2025-12-23:10:28:57,198 INFO     [psi4.optking.stepAlgorithms:368] 	Current Step Report 
 
	Current energy:       -74.7522894131
	Energy change for the previous step:
		Actual       :        -0.0000493619
		Projected    :        -0.0000413907

2025-12-23:10:28:57,198 INFO     [psi4.optking.stepAlgorithms:371] 	Energy ratio =    1.19258
2025-12-23:10:28:57,199 INFO     [psi4.optking.stepAlgorithms:929] 	Using RFO solution 1.
2025-12-23:10:28:57,199 INFO     [psi4.optking.displace:100] 	Determining Cartesian step for fragment 1.
2025-12-23:10:28:57,199 INFO     [psi4.optking.displace:415] 	Successfully converged to displaced geometry.
2025-12-23:10:28:57,199 INFO     [psi4.optking.displace:416] 	RMS(dx):  0.000e+00 	Max(dx):  0.000e+00 	RMS(dq):  0.000e+00
2025-12-23:10:28:57,199 INFO     [psi4.optking.displace:172] 

	        --- Internal Coordinate Step in ANG or DEG, aJ/ANG or AJ/DEG ---
	-------------------------------------------------------------------------------
	           Coordinate      Previous         Force          Change          New 
	           ----------      --------        ------          ------        ------
	               R(1,2)       1.59626        0.00690        0.00206       1.59832
	-------------------------------------------------------------------------------

2025-12-23:10:28:57,199 INFO     [psi4.optking.stepAlgorithms:113] 	|target step| :    0.0038945335
2025-12-23:10:28:57,199 INFO     [psi4.optking.stepAlgorithms:114] 	gradient     :   -0.0008380640
2025-12-23:10:28:57,199 INFO     [psi4.optking.stepAlgorithms:115] 	hessian      :    0.2151865711
2025-12-23:10:28:57,199 INFO     [psi4.optking.stepAlgorithms:113] 	|target step| :    0.0038945335
2025-12-23:10:28:57,199 INFO     [psi4.optking.stepAlgorithms:114] 	gradient     :   -0.0008380640
2025-12-23:10:28:57,199 INFO     [psi4.optking.stepAlgorithms:115] 	hessian      :    0.2151865711
2025-12-23:10:28:57,199 INFO     [psi4.optking.stepAlgorithms:206] 	Norm of achieved step-size    0.0038945335
2025-12-23:10:28:57,199 INFO     [psi4.optking.stepAlgorithms:208] 	Norm of achieved step-size (cart):    0.0027538511
2025-12-23:10:28:57,199 INFO     [psi4.optking.opt_helper:164] Molsys:

	                            ===> Fragment 1 <== 

	 Z (Atomic Numbers)          Masses                          Geom                  
	       1.000000             1.007825          0.00000000  0.00000000  2.83963347   
	       8.000000            15.994915          0.00000000  0.00000000 -0.18074730   

	 - Coordinate -           - BOHR/RAD -       - ANG/DEG -
	 R(1,2)           =         3.020381           1.598317

2025-12-23:10:28:57,199 INFO     [psi4.optking.convcheck:76] Performing convergence check.
2025-12-23:10:28:57,199 INFO     [psi4.optking.convcheck:282] 
	                                 ==> Convergence Check <==                                  
    
	Measures of convergence in internal coordinates in au.
    
	Criteria marked as inactive (o), active & met (*), and active & unmet ( ).

	----------------------------------------------------------------------------------------------
	   Step    Total Energy     Delta E     Max Force     RMS Force      Max Disp      RMS Disp   
	----------------------------------------------------------------------------------------------
	  Convergence Criteria     1.00e-06 *    3.00e-04 *             o    1.20e-03 *             o
	----------------------------------------------------------------------------------------------
	     5     -74.75228941   -4.94e-05      8.38e-04      8.38e-04 o    3.89e-03      3.89e-03 o  ~
	----------------------------------------------------------------------------------------------


2025-12-23:10:28:57,199 INFO     [psi4.optking.stepAlgorithms:296] 	Convergence check returned False
2025-12-23:10:28:57,210 INFO     [psi4.driver.task_planner:259] PLANNING Atomic:  keywords={'DAMPING_PERCENTAGE': 1.0, 'GEOM_MAXITER': 500, 'SCF__GUESS': 'READ', 'GUESS': 'SAP', 'MAXITER': 500, 'REFERENCE': 'UKS', 'function_kwargs': {}}
2025-12-23:10:28:57,211 INFO     [psi4.driver.driver:638] Compute gradient(): method=b3lyp, basis=cc-pvdz, molecule=default, nre=2.6486726710208477
2025-12-23:10:28:57,463 INFO     [psi4.driver.driver:641] Return gradient(): -74.75229137379883
2025-12-23:10:28:57,463 INFO     [psi4.driver.driver:642] [[ 0.00000000  0.00000000 -0.00016753]
 [ 0.00000000  0.00000000  0.00016948]]
2025-12-23:10:28:57,465 INFO     [psi4.optking.history:269] 	Performing BFGS update.
2025-12-23:10:28:57,465 INFO     [psi4.optking.history:280] 	Using 4 previous steps for update.
2025-12-23:10:28:57,465 INFO     [psi4.optking.history:317] 	Steps to be used in Hessian update:  5 4 3 2

2025-12-23:10:28:57,465 INFO     [psi4.optking.history:418] 	Updated Hessian (in au) 
 	   0.214520

2025-12-23:10:28:57,465 INFO     [psi4.optking.molsys:944] Projected (PHP) Hessian matrix
	   0.214520

2025-12-23:10:28:57,465 INFO     [psi4.optking.opt_helper:182] 
	         Geometry (au)                                       Gradient (au)
   0.0000000000   0.0000000000   2.8413498951		   0.0000000000   0.0000000000  -0.0001675294
   0.0000000000   0.0000000000  -0.1790308744		   0.0000000000   0.0000000000   0.0001694753

2025-12-23:10:28:57,465 INFO     [psi4.optking.stepAlgorithms:368] 	Current Step Report 
 
	Current energy:       -74.7522913738
	Energy change for the previous step:
		Actual       :        -0.0000019607
		Projected    :        -0.0000016319

2025-12-23:10:28:57,465 INFO     [psi4.optking.stepAlgorithms:371] 	Energy ratio =    1.20149
2025-12-23:10:28:57,466 INFO     [psi4.optking.stepAlgorithms:929] 	Using RFO solution 1.
2025-12-23:10:28:57,466 INFO     [psi4.optking.displace:100] 	Determining Cartesian step for fragment 1.
2025-12-23:10:28:57,466 INFO     [psi4.optking.displace:415] 	Successfully converged to displaced geometry.
2025-12-23:10:28:57,466 INFO     [psi4.optking.displace:416] 	RMS(dx):  0.000e+00 	Max(dx):  0.000e+00 	RMS(dq):  0.000e+00
2025-12-23:10:28:57,466 INFO     [psi4.optking.displace:172] 

	        --- Internal Coordinate Step in ANG or DEG, aJ/ANG or AJ/DEG ---
	-------------------------------------------------------------------------------
	           Coordinate      Previous         Force          Change          New 
	           ----------      --------        ------          ------        ------
	               R(1,2)       1.59832        0.00139        0.00042       1.59873
	-------------------------------------------------------------------------------

2025-12-23:10:28:57,466 INFO     [psi4.optking.stepAlgorithms:113] 	|target step| :    0.0007854856
2025-12-23:10:28:57,466 INFO     [psi4.optking.stepAlgorithms:114] 	gradient     :   -0.0001685024
2025-12-23:10:28:57,466 INFO     [psi4.optking.stepAlgorithms:115] 	hessian      :    0.2145198384
2025-12-23:10:28:57,466 INFO     [psi4.optking.stepAlgorithms:113] 	|target step| :    0.0007854856
2025-12-23:10:28:57,466 INFO     [psi4.optking.stepAlgorithms:114] 	gradient     :   -0.0001685024
2025-12-23:10:28:57,466 INFO     [psi4.optking.stepAlgorithms:115] 	hessian      :    0.2145198384
2025-12-23:10:28:57,466 INFO     [psi4.optking.stepAlgorithms:206] 	Norm of achieved step-size    0.0007854856
2025-12-23:10:28:57,466 INFO     [psi4.optking.stepAlgorithms:208] 	Norm of achieved step-size (cart):    0.0005554222
2025-12-23:10:28:57,466 INFO     [psi4.optking.opt_helper:164] Molsys:

	                            ===> Fragment 1 <== 

	 Z (Atomic Numbers)          Masses                          Geom                  
	       1.000000             1.007825          0.00000000  0.00000000  2.84174264   
	       8.000000            15.994915          0.00000000  0.00000000 -0.17942362   

	 - Coordinate -           - BOHR/RAD -       - ANG/DEG -
	 R(1,2)           =         3.021166           1.598732

2025-12-23:10:28:57,466 INFO     [psi4.optking.convcheck:76] Performing convergence check.
2025-12-23:10:28:57,466 INFO     [psi4.optking.convcheck:282] 
	                                 ==> Convergence Check <==                                  
    
	Measures of convergence in internal coordinates in au.
    
	Criteria marked as inactive (o), active & met (*), and active & unmet ( ).

	----------------------------------------------------------------------------------------------
	   Step    Total Energy     Delta E     Max Force     RMS Force      Max Disp      RMS Disp   
	----------------------------------------------------------------------------------------------
	  Convergence Criteria     1.00e-06 *    3.00e-04 *             o    1.20e-03 *             o
	----------------------------------------------------------------------------------------------
	     6     -74.75229137   -1.96e-06      1.69e-04 *    1.69e-04 o    7.85e-04 *    7.85e-04 o  ~
	----------------------------------------------------------------------------------------------


2025-12-23:10:28:57,466 INFO     [psi4.optking.convcheck:206] 
	                      ===> Final Convergence Report <===                     

	----------------------------------------------------------------------------
	|   Required Criteria    |  One or More Criteria  |   Alternate Criteria   |
	----------------------------------------------------------------------------
	| [x]     max_force      | [ ]       max_DE       |                        |
	|                        | [x]      max_disp      |                        |
	----------------------------------------------------------------------------


2025-12-23:10:28:57,466 INFO     [psi4.optking.stepAlgorithms:296] 	Convergence check returned True
2025-12-23:10:28:57,467 INFO     [psi4.optking.optimize:332] 	Converged in 6 steps!
2025-12-23:10:28:57,467 INFO     [psi4.optking.optimize:333] 	Final energy is    -74.7522913737988
2025-12-23:10:28:57,467 INFO     [psi4.optking.optimize:334] 	Final structure (Angstroms): 
	Fragment 1 (Ang)

	    H   0.0000000000   0.0000000000   1.5037854425
	    O   0.0000000000   0.0000000000  -0.0949468893


2025-12-23:10:28:57,467 INFO     [psi4.optking.optimize:562] 	Optimization Finished

	==> Optimization Summary <==

        
	Measures of convergence in internal coordinates in au. (Any backward steps not shown.)
        
	---------------------------------------------------------------------------------------------------------------  ~
        
	 Step         Total Energy             Delta E       MAX Force       RMS Force        MAX Disp        RMS Disp   ~
        
	---------------------------------------------------------------------------------------------------------------  ~
        
	     1     -74.674933214147    -74.674933214147      0.25636710      0.25636710      0.50000000      0.50000000  ~
	     2     -74.745883411798     -0.070950197650      0.05437969      0.05437969      0.13225696      0.13225696  ~
	     3     -74.750935234706     -0.005051822908      0.02314781      0.02314781      0.09709938      0.09709938  ~
	     4     -74.752240051119     -0.001304816413      0.00425424      0.00425424      0.01945855      0.01945855  ~
	     5     -74.752289413051     -0.000049361932      0.00083806      0.00083806      0.00389453      0.00389453  ~
	     6     -74.752291373799     -0.000001960748      0.00016850      0.00016850      0.00078549      0.00078549  ~
	----------------------------------------------------------------------------------------------------------------


2025-12-23:10:28:57,467 INFO     [psi4.optking.optimize:806] Preparing OptimizationResult
