2025-12-23:10:28:16,356 WARNING  [psi4.optking:38] Some dependencies such as QCElemental have not yet finished migration to pydantic v2. If issues are encountered please downgrade pydantic or upgrade QCElemental as appropriate
2025-12-23:10:28:16,511 INFO     [psi4.optking.optwrapper:234] Creating a UserComputer
2025-12-23:10:28:16,512 INFO     [psi4.optking.optwrapper:242] 
    			-----------------------------------------

    			 OPTKING 3.0: for geometry optimizations 

    			     By R.A. King, Bethel University     

    			        with contributions from          

    			    A.V. Copan, J. Cayton, A. Heide      

    			-----------------------------------------

    
2025-12-23:10:28:16,512 INFO     [psi4.optking.optwrapper:272] 
		 -- Optimization Parameters --
	GEOM_MAXITER                   =             500
	ALG_GEOM_MAXITER               =              50
	PRINT                          =               1
	OPT_TYPE                       =             MIN
	STEP_TYPE                      =             RFO
	PROGRAM                        =            PSI4
	STEEPEST_DESCENT_TYPE          =         OVERLAP
	CONJUGATE_GRADIENT_TYPE        =        FLETCHER
	OPT_COORDINATES                =        INTERNAL
	RFO_FOLLOW_ROOT                =           False
	RFO_ROOT                       =               0
	ACCEPT_SYMMETRY_BREAKING       =           False
	DYNAMIC_LVL                    =               0
	DYNAMIC_LVL_MAX                =               0
	IRC_STEP_SIZE                  =             0.2
	IRC_DIRECTION                  =         FORWARD
	IRC_POINTS                     =              20
	IRC_MODE                       =          NORMAL
	IRC_CONVERGENCE                =            -0.7
	INTRAFRAG_STEP_LIMIT           =             0.5
	INTRAFRAG_STEP_LIMIT_MIN       =           0.001
	INTRAFRAG_STEP_LIMIT_MAX       =             1.0
	INTERFRAG_STEP_LIMIT           =             0.5
	INTERFRAG_STEP_LIMIT_MIN       =           0.001
	INTERFRAG_STEP_LIMIT_MAX       =             1.0
	ENSURE_BT_CONVERGENCE          =           False
	SIMPLE_STEP_SCALING            =           False
	CONSECUTIVE_BACKSTEPS          =               0
	RFO_NORMALIZATION_MAX          =             100
	RSRFO_ALPHA_MAX                =     100000000.0
	PRINT_TRAJECTORY_XYZ_FILE      =           False
	WRITE_TRAJECTORY               =           False
	FROZEN_DISTANCE                =                
	FROZEN_BEND                    =                
	FROZEN_DIHEDRAL                =                
	FROZEN_OOFP                    =                
	FROZEN_CARTESIAN               =                
	FREEZE_ALL_DIHEDRALS           =           False
	UNFREEZE_DIHEDRALS             =                
	RANGED_DISTANCE                =                
	RANGED_BEND                    =                
	RANGED_DIHEDRAL                =                
	RANGED_OOFP                    =                
	RANGED_CARTESIAN               =                
	EXT_FORCE_DISTANCE             =                
	EXT_FORCE_BEND                 =                
	EXT_FORCE_DIHEDRAL             =                
	EXT_FORCE_OOFP                 =                
	EXT_FORCE_CARTESIAN            =                
	G_CONVERGENCE                  =           QCHEM
	MAX_FORCE_G_CONVERGENCE        =          0.0003
	RMS_FORCE_G_CONVERGENCE        =          0.0003
	MAX_ENERGY_G_CONVERGENCE       =           1e-06
	MAX_DISP_G_CONVERGENCE         =          0.0012
	RMS_DISP_G_CONVERGENCE         =          0.0012
	FLEXIBLE_G_CONVERGENCE         =           False
	HESS_UPDATE                    =            BFGS
	HESS_UPDATE_USE_LAST           =               4
	HESS_UPDATE_LIMIT              =            True
	HESS_UPDATE_LIMIT_MAX          =             1.0
	HESS_UPDATE_LIMIT_SCALE        =             0.5
	HESS_UPDATE_DEN_TOL            =           1e-07
	HESS_UPDATE_DQ_TOL             =             0.5
	CART_HESS_READ                 =           False
	HESSIAN_FILE                   =               .
	FULL_HESS_EVERY                =              -1
	INTRAFRAG_HESS                 =        SCHLEGEL
	H_GUESS_EVERY                  =           False
	BT_MAX_ITER                    =              25
	BT_DX_CONV                     =           1e-07
	BT_DX_RMS_CHANGE_CONV          =           1e-12
	BT_PINV_RCOND                  =           1e-06
	FRAG_MODE                      =          SINGLE
	FRAG_REF_ATOMS                 =              []
	FREEZE_INTRAFRAG               =           False
	INTERFRAG_MODE                 =           FIXED
	ADD_AUXILIARY_BONDS            =           False
	AUXILIARY_BOND_FACTOR          =             2.5
	INTERFRAG_DIST_INV             =           False
	INTERFRAG_COLLINEAR_TOL        =            0.01
	INTERFRAG_COORDS               =              []
	INTERFRAG_HESS                 =         DEFAULT
	COVALENT_CONNECT               =             1.3
	INTERFRAGMENT_CONNECT          =             1.8
	H_BOND_CONNECT                 =             4.3
	INCLUDE_OOFP                   =           False
	TEST_B                         =           False
	TEST_DERIVATIVE_B              =           False
	LINESEARCH_STEP                =             0.1
	LINESEARCH                     =           False
	SD_HESSIAN                     =             1.0
	FIX_VAL_NEAR_PI                =            1.57
	V3D_TORS_ANGLE_LIM             =           0.017
	V3D_TORS_COS_TOL               =           1e-10
	LINEAR_BEND_THRESHOLD          =            3.05
	SMALL_BEND_FIX_THRESHOLD       =            0.35
	REDUNDANT_EVAL_TOL             =           1e-10
	LINEAR_ALGEBRA_TOL             =           1e-10


2025-12-23:10:28:16,642 INFO     [psi4.optking.opt_helper:164] Molsys:

	                            ===> Fragment 1 <== 

	 Z (Atomic Numbers)          Masses                          Geom                  
	       1.000000             1.007825          0.00000000  0.00000000  2.03958611   
	       4.000000             9.012183          0.00000000  0.00000000 -0.22808524   

	 - Coordinate -           - BOHR/RAD -       - ANG/DEG -
	 R(1,2)           =         2.267671           1.200000

2025-12-23:10:28:16,652 INFO     [psi4.driver.task_planner:259] PLANNING Atomic:  keywords={'DAMPING_PERCENTAGE': 1.0, 'GEOM_MAXITER': 500, 'GUESS': 'SAP', 'MAXITER': 500, 'REFERENCE': 'UKS', 'function_kwargs': {}}
2025-12-23:10:28:16,653 INFO     [psi4.driver.driver:638] Compute gradient(): method=b3lyp, basis=cc-pvdz, molecule=default, nre=1.763924035566667
2025-12-23:10:28:16,986 INFO     [psi4.driver.driver:641] Return gradient(): -10.77507037338206
2025-12-23:10:28:16,986 INFO     [psi4.driver.driver:642] [[ 0.00000000 -0.00000000 -0.10288218]
 [-0.00000000  0.00000000  0.10288188]]
2025-12-23:10:28:16,988 INFO     [psi4.optking.molsys:944] Projected (PHP) Hessian matrix
	   0.246653

2025-12-23:10:28:16,988 INFO     [psi4.optking.opt_helper:182] 
	         Geometry (au)                                       Gradient (au)
   0.0000000000   0.0000000000   2.0395861105		   0.0000000000  -0.0000000000  -0.1028821808
   0.0000000000   0.0000000000  -0.2280852400		  -0.0000000000   0.0000000000   0.1028818837

2025-12-23:10:28:16,988 INFO     [psi4.optking.stepAlgorithms:929] 	Using RFO solution 1.
2025-12-23:10:28:16,988 INFO     [psi4.optking.displace:100] 	Determining Cartesian step for fragment 1.
2025-12-23:10:28:16,989 INFO     [psi4.optking.displace:415] 	Successfully converged to displaced geometry.
2025-12-23:10:28:16,989 INFO     [psi4.optking.displace:416] 	RMS(dx):  0.000e+00 	Max(dx):  0.000e+00 	RMS(dq):  0.000e+00
2025-12-23:10:28:16,989 INFO     [psi4.optking.displace:172] 

	        --- Internal Coordinate Step in ANG or DEG, aJ/ANG or AJ/DEG ---
	-------------------------------------------------------------------------------
	           Coordinate      Previous         Force          Change          New 
	           ----------      --------        ------          ------        ------
	               R(1,2)       1.20000        0.84762        0.19175       1.39175
	-------------------------------------------------------------------------------

2025-12-23:10:28:16,989 INFO     [psi4.optking.stepAlgorithms:113] 	|target step| :    0.3623475966
2025-12-23:10:28:16,989 INFO     [psi4.optking.stepAlgorithms:114] 	gradient     :   -0.1028820323
2025-12-23:10:28:16,989 INFO     [psi4.optking.stepAlgorithms:115] 	hessian      :    0.2466528172
2025-12-23:10:28:16,989 INFO     [psi4.optking.stepAlgorithms:113] 	|target step| :    0.3623475966
2025-12-23:10:28:16,989 INFO     [psi4.optking.stepAlgorithms:114] 	gradient     :   -0.1028820323
2025-12-23:10:28:16,989 INFO     [psi4.optking.stepAlgorithms:115] 	hessian      :    0.2466528172
2025-12-23:10:28:16,989 INFO     [psi4.optking.stepAlgorithms:206] 	Norm of achieved step-size    0.3623475966
2025-12-23:10:28:16,989 INFO     [psi4.optking.stepAlgorithms:208] 	Norm of achieved step-size (cart):    0.2562184427
2025-12-23:10:28:16,989 INFO     [psi4.optking.opt_helper:164] Molsys:

	                            ===> Fragment 1 <== 

	 Z (Atomic Numbers)          Masses                          Geom                  
	       1.000000             1.007825          0.00000000  0.00000000  2.22075991   
	       4.000000             9.012183          0.00000000  0.00000000 -0.40925904   

	 - Coordinate -           - BOHR/RAD -       - ANG/DEG -
	 R(1,2)           =         2.630019           1.391746

2025-12-23:10:28:16,989 INFO     [psi4.optking.convcheck:76] Performing convergence check.
2025-12-23:10:28:16,989 INFO     [psi4.optking.convcheck:282] 
	                                 ==> Convergence Check <==                                  
    
	Measures of convergence in internal coordinates in au.
    
	Criteria marked as inactive (o), active & met (*), and active & unmet ( ).

	----------------------------------------------------------------------------------------------~
	   Step    Total Energy     Delta E     Max Force     RMS Force      Max Disp      RMS Disp   ~
	----------------------------------------------------------------------------------------------~
	  Convergence Criteria     1.00e-06 *    3.00e-04 *             o    1.20e-03 *             o~
	----------------------------------------------------------------------------------------------~
	     1     -10.77507037   -1.08e+01      1.03e-01      1.03e-01 o    3.62e-01      3.62e-01 o  ~
	----------------------------------------------------------------------------------------------


2025-12-23:10:28:16,989 INFO     [psi4.optking.stepAlgorithms:296] 	Convergence check returned False
2025-12-23:10:28:16,999 INFO     [psi4.driver.task_planner:259] PLANNING Atomic:  keywords={'DAMPING_PERCENTAGE': 1.0, 'GEOM_MAXITER': 500, 'SCF__GUESS': 'READ', 'GUESS': 'SAP', 'MAXITER': 500, 'REFERENCE': 'UKS', 'function_kwargs': {}}
2025-12-23:10:28:17,1 INFO     [psi4.driver.driver:638] Compute gradient(): method=b3lyp, basis=cc-pvdz, molecule=default, nre=1.52090159060356
2025-12-23:10:28:17,273 INFO     [psi4.driver.driver:641] Return gradient(): -10.799526189844999
2025-12-23:10:28:17,273 INFO     [psi4.driver.driver:642] [[ 0.00000000 -0.00000000 -0.03990228]
 [ 0.00000000  0.00000000  0.03990258]]
2025-12-23:10:28:17,275 INFO     [psi4.optking.history:269] 	Performing BFGS update.
2025-12-23:10:28:17,275 INFO     [psi4.optking.history:280] 	Using 1 previous steps for update.
2025-12-23:10:28:17,275 INFO     [psi4.optking.history:317] 	Steps to be used in Hessian update:  1

2025-12-23:10:28:17,275 INFO     [psi4.optking.history:418] 	Updated Hessian (in au) 
 	   0.173810

2025-12-23:10:28:17,275 INFO     [psi4.optking.molsys:944] Projected (PHP) Hessian matrix
	   0.173810

2025-12-23:10:28:17,275 INFO     [psi4.optking.opt_helper:182] 
	         Geometry (au)                                       Gradient (au)
   0.0000000000   0.0000000000   2.3654883295		   0.0000000000  -0.0000000000  -0.0399022826
   0.0000000000   0.0000000000  -0.2645306176		   0.0000000000   0.0000000000   0.0399025779

2025-12-23:10:28:17,275 INFO     [psi4.optking.stepAlgorithms:368] 	Current Step Report 
 
	Current energy:       -10.7995261898
	Energy change for the previous step:
		Actual       :        -0.0244558165
		Projected    :        -0.0186395286

2025-12-23:10:28:17,275 INFO     [psi4.optking.stepAlgorithms:371] 	Energy ratio =    1.31204
2025-12-23:10:28:17,275 INFO     [psi4.optking.stepAlgorithms:399] 	Energy ratio indicates good step.
2025-12-23:10:28:17,275 INFO     [psi4.optking.stepAlgorithms:400] 	Intrafrag trust radius increased to      1.
2025-12-23:10:28:17,276 INFO     [psi4.optking.stepAlgorithms:929] 	Using RFO solution 1.
2025-12-23:10:28:17,276 INFO     [psi4.optking.displace:100] 	Determining Cartesian step for fragment 1.
2025-12-23:10:28:17,276 INFO     [psi4.optking.displace:415] 	Successfully converged to displaced geometry.
2025-12-23:10:28:17,276 INFO     [psi4.optking.displace:416] 	RMS(dx):  0.000e+00 	Max(dx):  0.000e+00 	RMS(dq):  0.000e+00
2025-12-23:10:28:17,276 INFO     [psi4.optking.displace:172] 

	        --- Internal Coordinate Step in ANG or DEG, aJ/ANG or AJ/DEG ---
	-------------------------------------------------------------------------------
	           Coordinate      Previous         Force          Change          New 
	           ----------      --------        ------          ------        ------
	               R(1,2)       1.39175        0.32875        0.11568       1.50743
	-------------------------------------------------------------------------------

2025-12-23:10:28:17,276 INFO     [psi4.optking.stepAlgorithms:113] 	|target step| :    0.2186042281
2025-12-23:10:28:17,276 INFO     [psi4.optking.stepAlgorithms:114] 	gradient     :   -0.0399024302
2025-12-23:10:28:17,276 INFO     [psi4.optking.stepAlgorithms:115] 	hessian      :    0.1738099069
2025-12-23:10:28:17,276 INFO     [psi4.optking.stepAlgorithms:113] 	|target step| :    0.2186042281
2025-12-23:10:28:17,276 INFO     [psi4.optking.stepAlgorithms:114] 	gradient     :   -0.0399024302
2025-12-23:10:28:17,276 INFO     [psi4.optking.stepAlgorithms:115] 	hessian      :    0.1738099069
2025-12-23:10:28:17,276 INFO     [psi4.optking.stepAlgorithms:206] 	Norm of achieved step-size    0.2186042281
2025-12-23:10:28:17,276 INFO     [psi4.optking.stepAlgorithms:208] 	Norm of achieved step-size (cart):    0.1545765321
2025-12-23:10:28:17,276 INFO     [psi4.optking.opt_helper:164] Molsys:

	                            ===> Fragment 1 <== 

	 Z (Atomic Numbers)          Masses                          Geom                  
	       1.000000             1.007825          0.00000000  0.00000000  2.47479044   
	       4.000000             9.012183          0.00000000  0.00000000 -0.37383273   

	 - Coordinate -           - BOHR/RAD -       - ANG/DEG -
	 R(1,2)           =         2.848623           1.507426

2025-12-23:10:28:17,276 INFO     [psi4.optking.convcheck:76] Performing convergence check.
2025-12-23:10:28:17,276 INFO     [psi4.optking.convcheck:282] 
	                                 ==> Convergence Check <==                                  
    
	Measures of convergence in internal coordinates in au.
    
	Criteria marked as inactive (o), active & met (*), and active & unmet ( ).

	----------------------------------------------------------------------------------------------
	   Step    Total Energy     Delta E     Max Force     RMS Force      Max Disp      RMS Disp   
	----------------------------------------------------------------------------------------------
	  Convergence Criteria     1.00e-06 *    3.00e-04 *             o    1.20e-03 *             o
	----------------------------------------------------------------------------------------------
	     2     -10.79952619   -2.45e-02      3.99e-02      3.99e-02 o    2.19e-01      2.19e-01 o  ~
	----------------------------------------------------------------------------------------------


2025-12-23:10:28:17,277 INFO     [psi4.optking.stepAlgorithms:296] 	Convergence check returned False
2025-12-23:10:28:17,287 INFO     [psi4.driver.task_planner:259] PLANNING Atomic:  keywords={'DAMPING_PERCENTAGE': 1.0, 'GEOM_MAXITER': 500, 'SCF__GUESS': 'READ', 'GUESS': 'SAP', 'MAXITER': 500, 'REFERENCE': 'UKS', 'function_kwargs': {}}
2025-12-23:10:28:17,289 INFO     [psi4.driver.driver:638] Compute gradient(): method=b3lyp, basis=cc-pvdz, molecule=default, nre=1.4041871296818005
2025-12-23:10:28:17,570 INFO     [psi4.driver.driver:641] Return gradient(): -10.805891238151348
2025-12-23:10:28:17,570 INFO     [psi4.driver.driver:642] [[ 0.00000000  0.00000000 -0.02003456]
 [-0.00000000 -0.00000000  0.02003497]]
2025-12-23:10:28:17,572 INFO     [psi4.optking.history:269] 	Performing BFGS update.
2025-12-23:10:28:17,572 INFO     [psi4.optking.history:280] 	Using 2 previous steps for update.
2025-12-23:10:28:17,572 WARNING  [psi4.optking.history:301] 	Change in internal coordinate of 5.81e-01 exceeds limit of 5.00e-01.
2025-12-23:10:28:17,572 WARNING  [psi4.optking.history:306] 	Skipping Hessian update for step 1.
2025-12-23:10:28:17,572 INFO     [psi4.optking.history:317] 	Steps to be used in Hessian update:  2

2025-12-23:10:28:17,572 INFO     [psi4.optking.history:418] 	Updated Hessian (in au) 
 	   0.090884

2025-12-23:10:28:17,572 INFO     [psi4.optking.molsys:944] Projected (PHP) Hessian matrix
	   0.090884

2025-12-23:10:28:17,573 INFO     [psi4.optking.opt_helper:182] 
	         Geometry (au)                                       Gradient (au)
   0.0000000000   0.0000000000   2.5621050691		   0.0000000000   0.0000000000  -0.0200345557
   0.0000000000   0.0000000000  -0.2865181061		  -0.0000000000  -0.0000000000   0.0200349676

2025-12-23:10:28:17,573 INFO     [psi4.optking.stepAlgorithms:368] 	Current Step Report 
 
	Current energy:       -10.8058912382
	Energy change for the previous step:
		Actual       :        -0.0063650483
		Projected    :        -0.0043614200

2025-12-23:10:28:17,573 INFO     [psi4.optking.stepAlgorithms:371] 	Energy ratio =    1.45940
2025-12-23:10:28:17,573 INFO     [psi4.optking.stepAlgorithms:929] 	Using RFO solution 1.
2025-12-23:10:28:17,573 INFO     [psi4.optking.displace:100] 	Determining Cartesian step for fragment 1.
2025-12-23:10:28:17,573 INFO     [psi4.optking.displace:415] 	Successfully converged to displaced geometry.
2025-12-23:10:28:17,573 INFO     [psi4.optking.displace:416] 	RMS(dx):  1.282e-16 	Max(dx):  2.220e-16 	RMS(dq):  4.441e-16
2025-12-23:10:28:17,573 INFO     [psi4.optking.displace:172] 

	        --- Internal Coordinate Step in ANG or DEG, aJ/ANG or AJ/DEG ---
	-------------------------------------------------------------------------------
	           Coordinate      Previous         Force          Change          New 
	           ----------      --------        ------          ------        ------
	               R(1,2)       1.50743        0.16506        0.11148       1.61890
	-------------------------------------------------------------------------------

2025-12-23:10:28:17,573 INFO     [psi4.optking.stepAlgorithms:113] 	|target step| :    0.2106600240
2025-12-23:10:28:17,573 INFO     [psi4.optking.stepAlgorithms:114] 	gradient     :   -0.0200347616
2025-12-23:10:28:17,573 INFO     [psi4.optking.stepAlgorithms:115] 	hessian      :    0.0908841919
2025-12-23:10:28:17,573 INFO     [psi4.optking.stepAlgorithms:113] 	|target step| :    0.2106600240
2025-12-23:10:28:17,573 INFO     [psi4.optking.stepAlgorithms:114] 	gradient     :   -0.0200347616
2025-12-23:10:28:17,573 INFO     [psi4.optking.stepAlgorithms:115] 	hessian      :    0.0908841919
2025-12-23:10:28:17,573 INFO     [psi4.optking.stepAlgorithms:206] 	Norm of achieved step-size    0.2106600240
2025-12-23:10:28:17,573 INFO     [psi4.optking.stepAlgorithms:208] 	Norm of achieved step-size (cart):    0.1489591315
2025-12-23:10:28:17,573 INFO     [psi4.optking.opt_helper:164] Molsys:

	                            ===> Fragment 1 <== 

	 Z (Atomic Numbers)          Masses                          Geom                  
	       1.000000             1.007825          0.00000000  0.00000000  2.66743508   
	       4.000000             9.012183          0.00000000  0.00000000 -0.39184812   

	 - Coordinate -           - BOHR/RAD -       - ANG/DEG -
	 R(1,2)           =         3.059283           1.618903

2025-12-23:10:28:17,574 INFO     [psi4.optking.convcheck:76] Performing convergence check.
2025-12-23:10:28:17,574 INFO     [psi4.optking.convcheck:282] 
	                                 ==> Convergence Check <==                                  
    
	Measures of convergence in internal coordinates in au.
    
	Criteria marked as inactive (o), active & met (*), and active & unmet ( ).

	----------------------------------------------------------------------------------------------
	   Step    Total Energy     Delta E     Max Force     RMS Force      Max Disp      RMS Disp   
	----------------------------------------------------------------------------------------------
	  Convergence Criteria     1.00e-06 *    3.00e-04 *             o    1.20e-03 *             o
	----------------------------------------------------------------------------------------------
	     3     -10.80589124   -6.37e-03      2.00e-02      2.00e-02 o    2.11e-01      2.11e-01 o  ~
	----------------------------------------------------------------------------------------------


2025-12-23:10:28:17,574 INFO     [psi4.optking.stepAlgorithms:296] 	Convergence check returned False
2025-12-23:10:28:17,584 INFO     [psi4.driver.task_planner:259] PLANNING Atomic:  keywords={'DAMPING_PERCENTAGE': 1.0, 'GEOM_MAXITER': 500, 'SCF__GUESS': 'READ', 'GUESS': 'SAP', 'MAXITER': 500, 'REFERENCE': 'UKS', 'function_kwargs': {}}
2025-12-23:10:28:17,586 INFO     [psi4.driver.driver:638] Compute gradient(): method=b3lyp, basis=cc-pvdz, molecule=default, nre=1.3074958215472623
2025-12-23:10:28:17,883 INFO     [psi4.driver.driver:641] Return gradient(): -10.808827302140344
2025-12-23:10:28:17,883 INFO     [psi4.driver.driver:642] [[-0.00000000  0.00000000 -0.00888511]
 [ 0.00000000  0.00000000  0.00888547]]
2025-12-23:10:28:17,885 INFO     [psi4.optking.history:269] 	Performing BFGS update.
2025-12-23:10:28:17,885 INFO     [psi4.optking.history:280] 	Using 3 previous steps for update.
2025-12-23:10:28:17,885 WARNING  [psi4.optking.history:301] 	Change in internal coordinate of 7.92e-01 exceeds limit of 5.00e-01.
2025-12-23:10:28:17,885 WARNING  [psi4.optking.history:306] 	Skipping Hessian update for step 1.
2025-12-23:10:28:17,885 INFO     [psi4.optking.history:317] 	Steps to be used in Hessian update:  3 2

2025-12-23:10:28:17,885 INFO     [psi4.optking.history:418] 	Updated Hessian (in au) 
 	   0.072257

2025-12-23:10:28:17,885 INFO     [psi4.optking.molsys:944] Projected (PHP) Hessian matrix
	   0.072257

2025-12-23:10:28:17,885 INFO     [psi4.optking.opt_helper:182] 
	         Geometry (au)                                       Gradient (au)
   0.0000000000   0.0000000000   2.7515766427		  -0.0000000000   0.0000000000  -0.0088851135
   0.0000000000   0.0000000000  -0.3077065566		   0.0000000000   0.0000000000   0.0088854679

2025-12-23:10:28:17,886 INFO     [psi4.optking.stepAlgorithms:368] 	Current Step Report 
 
	Current energy:       -10.8088273021
	Energy change for the previous step:
		Actual       :        -0.0029360640
		Projected    :        -0.0021102617

2025-12-23:10:28:17,886 INFO     [psi4.optking.stepAlgorithms:371] 	Energy ratio =    1.39133
2025-12-23:10:28:17,886 INFO     [psi4.optking.stepAlgorithms:929] 	Using RFO solution 1.
2025-12-23:10:28:17,886 INFO     [psi4.optking.displace:100] 	Determining Cartesian step for fragment 1.
2025-12-23:10:28:17,886 INFO     [psi4.optking.displace:415] 	Successfully converged to displaced geometry.
2025-12-23:10:28:17,886 INFO     [psi4.optking.displace:416] 	RMS(dx):  1.282e-16 	Max(dx):  2.220e-16 	RMS(dq):  4.441e-16
2025-12-23:10:28:17,886 INFO     [psi4.optking.displace:172] 

	        --- Internal Coordinate Step in ANG or DEG, aJ/ANG or AJ/DEG ---
	-------------------------------------------------------------------------------
	           Coordinate      Previous         Force          Change          New 
	           ----------      --------        ------          ------        ------
	               R(1,2)       1.61890        0.07320        0.06412       1.68302
	-------------------------------------------------------------------------------

2025-12-23:10:28:17,886 INFO     [psi4.optking.stepAlgorithms:113] 	|target step| :    0.1211634587
2025-12-23:10:28:17,886 INFO     [psi4.optking.stepAlgorithms:114] 	gradient     :   -0.0088852907
2025-12-23:10:28:17,886 INFO     [psi4.optking.stepAlgorithms:115] 	hessian      :    0.0722565165
2025-12-23:10:28:17,886 INFO     [psi4.optking.stepAlgorithms:113] 	|target step| :    0.1211634587
2025-12-23:10:28:17,886 INFO     [psi4.optking.stepAlgorithms:114] 	gradient     :   -0.0088852907
2025-12-23:10:28:17,886 INFO     [psi4.optking.stepAlgorithms:115] 	hessian      :    0.0722565165
2025-12-23:10:28:17,886 INFO     [psi4.optking.stepAlgorithms:206] 	Norm of achieved step-size    0.1211634587
2025-12-23:10:28:17,886 INFO     [psi4.optking.stepAlgorithms:208] 	Norm of achieved step-size (cart):    0.0856755033
2025-12-23:10:28:17,886 INFO     [psi4.optking.opt_helper:164] Molsys:

	                            ===> Fragment 1 <== 

	 Z (Atomic Numbers)          Masses                          Geom                  
	       1.000000             1.007825          0.00000000  0.00000000  2.81215837   
	       4.000000             9.012183          0.00000000  0.00000000 -0.36828829   

	 - Coordinate -           - BOHR/RAD -       - ANG/DEG -
	 R(1,2)           =         3.180447           1.683020

2025-12-23:10:28:17,887 INFO     [psi4.optking.convcheck:76] Performing convergence check.
2025-12-23:10:28:17,887 INFO     [psi4.optking.convcheck:282] 
	                                 ==> Convergence Check <==                                  
    
	Measures of convergence in internal coordinates in au.
    
	Criteria marked as inactive (o), active & met (*), and active & unmet ( ).

	----------------------------------------------------------------------------------------------
	   Step    Total Energy     Delta E     Max Force     RMS Force      Max Disp      RMS Disp   
	----------------------------------------------------------------------------------------------
	  Convergence Criteria     1.00e-06 *    3.00e-04 *             o    1.20e-03 *             o
	----------------------------------------------------------------------------------------------
	     4     -10.80882730   -2.94e-03      8.89e-03      8.89e-03 o    1.21e-01      1.21e-01 o  ~
	----------------------------------------------------------------------------------------------


2025-12-23:10:28:17,887 INFO     [psi4.optking.stepAlgorithms:296] 	Convergence check returned False
2025-12-23:10:28:17,898 INFO     [psi4.driver.task_planner:259] PLANNING Atomic:  keywords={'DAMPING_PERCENTAGE': 1.0, 'GEOM_MAXITER': 500, 'SCF__GUESS': 'READ', 'GUESS': 'SAP', 'MAXITER': 500, 'REFERENCE': 'UKS', 'function_kwargs': {}}
2025-12-23:10:28:17,899 INFO     [psi4.driver.driver:638] Compute gradient(): method=b3lyp, basis=cc-pvdz, molecule=default, nre=1.257684982706189
2025-12-23:10:28:18,179 INFO     [psi4.driver.driver:641] Return gradient(): -10.809647666607137
2025-12-23:10:28:18,179 INFO     [psi4.driver.driver:642] [[ 0.00000000  0.00000000 -0.00489221]
 [ 0.00000000  0.00000000  0.00489245]]
2025-12-23:10:28:18,181 INFO     [psi4.optking.history:269] 	Performing BFGS update.
2025-12-23:10:28:18,181 INFO     [psi4.optking.history:280] 	Using 4 previous steps for update.
2025-12-23:10:28:18,181 WARNING  [psi4.optking.history:301] 	Change in internal coordinate of 5.50e-01 exceeds limit of 5.00e-01.
2025-12-23:10:28:18,181 WARNING  [psi4.optking.history:306] 	Skipping Hessian update for step 2.
2025-12-23:10:28:18,181 WARNING  [psi4.optking.history:301] 	Change in internal coordinate of 9.13e-01 exceeds limit of 5.00e-01.
2025-12-23:10:28:18,181 WARNING  [psi4.optking.history:306] 	Skipping Hessian update for step 1.
2025-12-23:10:28:18,181 INFO     [psi4.optking.history:317] 	Steps to be used in Hessian update:  4 3

2025-12-23:10:28:18,181 INFO     [psi4.optking.history:418] 	Updated Hessian (in au) 
 	   0.045634

2025-12-23:10:28:18,182 INFO     [psi4.optking.molsys:944] Projected (PHP) Hessian matrix
	   0.045634

2025-12-23:10:28:18,182 INFO     [psi4.optking.opt_helper:182] 
	         Geometry (au)                                       Gradient (au)
   0.0000000000   0.0000000000   2.8605533281		   0.0000000000   0.0000000000  -0.0048922058
   0.0000000000   0.0000000000  -0.3198933299		   0.0000000000   0.0000000000   0.0048924462

2025-12-23:10:28:18,182 INFO     [psi4.optking.stepAlgorithms:368] 	Current Step Report 
 
	Current energy:       -10.8096476666
	Energy change for the previous step:
		Actual       :        -0.0008203645
		Projected    :        -0.0005382863

2025-12-23:10:28:18,182 INFO     [psi4.optking.stepAlgorithms:371] 	Energy ratio =    1.52403
2025-12-23:10:28:18,182 INFO     [psi4.optking.stepAlgorithms:929] 	Using RFO solution 1.
2025-12-23:10:28:18,182 INFO     [psi4.optking.displace:100] 	Determining Cartesian step for fragment 1.
2025-12-23:10:28:18,182 INFO     [psi4.optking.displace:415] 	Successfully converged to displaced geometry.
2025-12-23:10:28:18,182 INFO     [psi4.optking.displace:416] 	RMS(dx):  1.282e-16 	Max(dx):  2.220e-16 	RMS(dq):  0.000e+00
2025-12-23:10:28:18,182 INFO     [psi4.optking.displace:172] 

	        --- Internal Coordinate Step in ANG or DEG, aJ/ANG or AJ/DEG ---
	-------------------------------------------------------------------------------
	           Coordinate      Previous         Force          Change          New 
	           ----------      --------        ------          ------        ------
	               R(1,2)       1.68302        0.04031        0.05609       1.73911
	-------------------------------------------------------------------------------

2025-12-23:10:28:18,182 INFO     [psi4.optking.stepAlgorithms:113] 	|target step| :    0.1060032345
2025-12-23:10:28:18,182 INFO     [psi4.optking.stepAlgorithms:114] 	gradient     :   -0.0048923260
2025-12-23:10:28:18,182 INFO     [psi4.optking.stepAlgorithms:115] 	hessian      :    0.0456340084
2025-12-23:10:28:18,182 INFO     [psi4.optking.stepAlgorithms:113] 	|target step| :    0.1060032345
2025-12-23:10:28:18,182 INFO     [psi4.optking.stepAlgorithms:114] 	gradient     :   -0.0048923260
2025-12-23:10:28:18,182 INFO     [psi4.optking.stepAlgorithms:115] 	hessian      :    0.0456340084
2025-12-23:10:28:18,182 INFO     [psi4.optking.stepAlgorithms:206] 	Norm of achieved step-size    0.1060032345
2025-12-23:10:28:18,182 INFO     [psi4.optking.stepAlgorithms:208] 	Norm of achieved step-size (cart):    0.0749556059
2025-12-23:10:28:18,183 INFO     [psi4.optking.opt_helper:164] Molsys:

	                            ===> Fragment 1 <== 

	 Z (Atomic Numbers)          Masses                          Geom                  
	       1.000000             1.007825          0.00000000  0.00000000  2.91355495   
	       4.000000             9.012183          0.00000000  0.00000000 -0.37289495   

	 - Coordinate -           - BOHR/RAD -       - ANG/DEG -
	 R(1,2)           =         3.286450           1.739114

2025-12-23:10:28:18,183 INFO     [psi4.optking.convcheck:76] Performing convergence check.
2025-12-23:10:28:18,183 INFO     [psi4.optking.convcheck:282] 
	                                 ==> Convergence Check <==                                  
    
	Measures of convergence in internal coordinates in au.
    
	Criteria marked as inactive (o), active & met (*), and active & unmet ( ).

	----------------------------------------------------------------------------------------------
	   Step    Total Energy     Delta E     Max Force     RMS Force      Max Disp      RMS Disp   
	----------------------------------------------------------------------------------------------
	  Convergence Criteria     1.00e-06 *    3.00e-04 *             o    1.20e-03 *             o
	----------------------------------------------------------------------------------------------
	     5     -10.80964767   -8.20e-04      4.89e-03      4.89e-03 o    1.06e-01      1.06e-01 o  ~
	----------------------------------------------------------------------------------------------


2025-12-23:10:28:18,183 INFO     [psi4.optking.stepAlgorithms:296] 	Convergence check returned False
2025-12-23:10:28:18,195 INFO     [psi4.driver.task_planner:259] PLANNING Atomic:  keywords={'DAMPING_PERCENTAGE': 1.0, 'GEOM_MAXITER': 500, 'SCF__GUESS': 'READ', 'GUESS': 'SAP', 'MAXITER': 500, 'REFERENCE': 'UKS', 'function_kwargs': {}}
2025-12-23:10:28:18,196 INFO     [psi4.driver.driver:638] Compute gradient(): method=b3lyp, basis=cc-pvdz, molecule=default, nre=1.217118815412654
2025-12-23:10:28:18,472 INFO     [psi4.driver.driver:641] Return gradient(): -10.81002796080848
2025-12-23:10:28:18,472 INFO     [psi4.driver.driver:642] [[ 0.00000000  0.00000000 -0.00241869]
 [-0.00000000 -0.00000000  0.00241875]]
2025-12-23:10:28:18,474 INFO     [psi4.optking.history:269] 	Performing BFGS update.
2025-12-23:10:28:18,474 INFO     [psi4.optking.history:280] 	Using 4 previous steps for update.
2025-12-23:10:28:18,474 WARNING  [psi4.optking.history:301] 	Change in internal coordinate of 6.56e-01 exceeds limit of 5.00e-01.
2025-12-23:10:28:18,474 WARNING  [psi4.optking.history:306] 	Skipping Hessian update for step 2.
2025-12-23:10:28:18,474 WARNING  [psi4.optking.history:301] 	Change in internal coordinate of 1.02e+00 exceeds limit of 5.00e-01.
2025-12-23:10:28:18,474 WARNING  [psi4.optking.history:306] 	Skipping Hessian update for step 1.
2025-12-23:10:28:18,474 INFO     [psi4.optking.history:317] 	Steps to be used in Hessian update:  5 4 3

2025-12-23:10:28:18,475 INFO     [psi4.optking.history:418] 	Updated Hessian (in au) 
 	   0.040235

2025-12-23:10:28:18,475 INFO     [psi4.optking.molsys:944] Projected (PHP) Hessian matrix
	   0.040235

2025-12-23:10:28:18,475 INFO     [psi4.optking.opt_helper:182] 
	         Geometry (au)                                       Gradient (au)
   0.0000000000   0.0000000000   2.9558946238		   0.0000000000   0.0000000000  -0.0024186851
   0.0000000000   0.0000000000  -0.3305552687		  -0.0000000000  -0.0000000000   0.0024187466

2025-12-23:10:28:18,475 INFO     [psi4.optking.stepAlgorithms:368] 	Current Step Report 
 
	Current energy:       -10.8100279608
	Energy change for the previous step:
		Actual       :        -0.0003802942
		Projected    :        -0.0002593012

2025-12-23:10:28:18,475 INFO     [psi4.optking.stepAlgorithms:371] 	Energy ratio =    1.46661
2025-12-23:10:28:18,475 INFO     [psi4.optking.stepAlgorithms:929] 	Using RFO solution 1.
2025-12-23:10:28:18,475 INFO     [psi4.optking.displace:100] 	Determining Cartesian step for fragment 1.
2025-12-23:10:28:18,475 INFO     [psi4.optking.displace:415] 	Successfully converged to displaced geometry.
2025-12-23:10:28:18,475 INFO     [psi4.optking.displace:416] 	RMS(dx):  1.282e-16 	Max(dx):  2.220e-16 	RMS(dq):  4.441e-16
2025-12-23:10:28:18,475 INFO     [psi4.optking.displace:172] 

	        --- Internal Coordinate Step in ANG or DEG, aJ/ANG or AJ/DEG ---
	-------------------------------------------------------------------------------
	           Coordinate      Previous         Force          Change          New 
	           ----------      --------        ------          ------        ------
	               R(1,2)       1.73911        0.01993        0.03170       1.77081
	-------------------------------------------------------------------------------

2025-12-23:10:28:18,475 INFO     [psi4.optking.stepAlgorithms:113] 	|target step| :    0.0598987402
2025-12-23:10:28:18,475 INFO     [psi4.optking.stepAlgorithms:114] 	gradient     :   -0.0024187158
2025-12-23:10:28:18,475 INFO     [psi4.optking.stepAlgorithms:115] 	hessian      :    0.0402352006
2025-12-23:10:28:18,475 INFO     [psi4.optking.stepAlgorithms:113] 	|target step| :    0.0598987402
2025-12-23:10:28:18,475 INFO     [psi4.optking.stepAlgorithms:114] 	gradient     :   -0.0024187158
2025-12-23:10:28:18,475 INFO     [psi4.optking.stepAlgorithms:115] 	hessian      :    0.0402352006
2025-12-23:10:28:18,475 INFO     [psi4.optking.stepAlgorithms:206] 	Norm of achieved step-size    0.0598987402
2025-12-23:10:28:18,475 INFO     [psi4.optking.stepAlgorithms:208] 	Norm of achieved step-size (cart):    0.0423548053
2025-12-23:10:28:18,476 INFO     [psi4.optking.opt_helper:164] Molsys:

	                            ===> Fragment 1 <== 

	 Z (Atomic Numbers)          Masses                          Geom                  
	       1.000000             1.007825          0.00000000  0.00000000  2.98584399   
	       4.000000             9.012183          0.00000000  0.00000000 -0.36050464   

	 - Coordinate -           - BOHR/RAD -       - ANG/DEG -
	 R(1,2)           =         3.346349           1.770811

2025-12-23:10:28:18,476 INFO     [psi4.optking.convcheck:76] Performing convergence check.
2025-12-23:10:28:18,476 INFO     [psi4.optking.convcheck:282] 
	                                 ==> Convergence Check <==                                  
    
	Measures of convergence in internal coordinates in au.
    
	Criteria marked as inactive (o), active & met (*), and active & unmet ( ).

	----------------------------------------------------------------------------------------------
	   Step    Total Energy     Delta E     Max Force     RMS Force      Max Disp      RMS Disp   
	----------------------------------------------------------------------------------------------
	  Convergence Criteria     1.00e-06 *    3.00e-04 *             o    1.20e-03 *             o
	----------------------------------------------------------------------------------------------
	     6     -10.81002796   -3.80e-04      2.42e-03      2.42e-03 o    5.99e-02      5.99e-02 o  ~
	----------------------------------------------------------------------------------------------


2025-12-23:10:28:18,476 INFO     [psi4.optking.stepAlgorithms:296] 	Convergence check returned False
2025-12-23:10:28:18,487 INFO     [psi4.driver.task_planner:259] PLANNING Atomic:  keywords={'DAMPING_PERCENTAGE': 1.0, 'GEOM_MAXITER': 500, 'SCF__GUESS': 'READ', 'GUESS': 'SAP', 'MAXITER': 500, 'REFERENCE': 'UKS', 'function_kwargs': {}}
2025-12-23:10:28:18,489 INFO     [psi4.driver.driver:638] Compute gradient(): method=b3lyp, basis=cc-pvdz, molecule=default, nre=1.1953327160943221
2025-12-23:10:28:18,751 INFO     [psi4.driver.driver:641] Return gradient(): -10.810139771223577
2025-12-23:10:28:18,752 INFO     [psi4.driver.driver:642] [[ 0.00000000 -0.00000000 -0.00134913]
 [-0.00000000  0.00000000  0.00134915]]
2025-12-23:10:28:18,754 INFO     [psi4.optking.history:269] 	Performing BFGS update.
2025-12-23:10:28:18,754 INFO     [psi4.optking.history:280] 	Using 4 previous steps for update.
2025-12-23:10:28:18,754 INFO     [psi4.optking.history:317] 	Steps to be used in Hessian update:  6 5 4 3

2025-12-23:10:28:18,754 INFO     [psi4.optking.history:418] 	Updated Hessian (in au) 
 	   0.037542

2025-12-23:10:28:18,754 INFO     [psi4.optking.molsys:944] Projected (PHP) Hessian matrix
	   0.037542

2025-12-23:10:28:18,755 INFO     [psi4.optking.opt_helper:182] 
	         Geometry (au)                                       Gradient (au)
   0.0000000000   0.0000000000   3.0097686732		   0.0000000000  -0.0000000000  -0.0013491293
   0.0000000000   0.0000000000  -0.3365799594		  -0.0000000000   0.0000000000   0.0013491512

2025-12-23:10:28:18,755 INFO     [psi4.optking.stepAlgorithms:368] 	Current Step Report 
 
	Current energy:       -10.8101397712
	Energy change for the previous step:
		Actual       :        -0.0001118104
		Projected    :        -0.0000724390

2025-12-23:10:28:18,755 INFO     [psi4.optking.stepAlgorithms:371] 	Energy ratio =    1.54351
2025-12-23:10:28:18,755 INFO     [psi4.optking.stepAlgorithms:929] 	Using RFO solution 1.
2025-12-23:10:28:18,755 INFO     [psi4.optking.displace:100] 	Determining Cartesian step for fragment 1.
2025-12-23:10:28:18,755 INFO     [psi4.optking.displace:415] 	Successfully converged to displaced geometry.
2025-12-23:10:28:18,755 INFO     [psi4.optking.displace:416] 	RMS(dx):  1.282e-16 	Max(dx):  2.220e-16 	RMS(dq):  4.441e-16
2025-12-23:10:28:18,755 INFO     [psi4.optking.displace:172] 

	        --- Internal Coordinate Step in ANG or DEG, aJ/ANG or AJ/DEG ---
	-------------------------------------------------------------------------------
	           Coordinate      Previous         Force          Change          New 
	           ----------      --------        ------          ------        ------
	               R(1,2)       1.77081        0.01112        0.01899       1.78980
	-------------------------------------------------------------------------------

2025-12-23:10:28:18,755 INFO     [psi4.optking.stepAlgorithms:113] 	|target step| :    0.0358905083
2025-12-23:10:28:18,755 INFO     [psi4.optking.stepAlgorithms:114] 	gradient     :   -0.0013491402
2025-12-23:10:28:18,755 INFO     [psi4.optking.stepAlgorithms:115] 	hessian      :    0.0375420247
2025-12-23:10:28:18,755 INFO     [psi4.optking.stepAlgorithms:113] 	|target step| :    0.0358905083
2025-12-23:10:28:18,755 INFO     [psi4.optking.stepAlgorithms:114] 	gradient     :   -0.0013491402
2025-12-23:10:28:18,755 INFO     [psi4.optking.stepAlgorithms:115] 	hessian      :    0.0375420247
2025-12-23:10:28:18,755 INFO     [psi4.optking.stepAlgorithms:206] 	Norm of achieved step-size    0.0358905083
2025-12-23:10:28:18,755 INFO     [psi4.optking.stepAlgorithms:208] 	Norm of achieved step-size (cart):    0.0253784218
2025-12-23:10:28:18,756 INFO     [psi4.optking.opt_helper:164] Molsys:

	                            ===> Fragment 1 <== 

	 Z (Atomic Numbers)          Masses                          Geom                  
	       1.000000             1.007825          0.00000000  0.00000000  3.02771393   
	       4.000000             9.012183          0.00000000  0.00000000 -0.35452521   

	 - Coordinate -           - BOHR/RAD -       - ANG/DEG -
	 R(1,2)           =         3.382239           1.789804

2025-12-23:10:28:18,756 INFO     [psi4.optking.convcheck:76] Performing convergence check.
2025-12-23:10:28:18,756 INFO     [psi4.optking.convcheck:282] 
	                                 ==> Convergence Check <==                                  
    
	Measures of convergence in internal coordinates in au.
    
	Criteria marked as inactive (o), active & met (*), and active & unmet ( ).

	----------------------------------------------------------------------------------------------
	   Step    Total Energy     Delta E     Max Force     RMS Force      Max Disp      RMS Disp   
	----------------------------------------------------------------------------------------------
	  Convergence Criteria     1.00e-06 *    3.00e-04 *             o    1.20e-03 *             o
	----------------------------------------------------------------------------------------------
	     7     -10.81013977   -1.12e-04      1.35e-03      1.35e-03 o    3.59e-02      3.59e-02 o  ~
	----------------------------------------------------------------------------------------------


2025-12-23:10:28:18,756 INFO     [psi4.optking.stepAlgorithms:296] 	Convergence check returned False
2025-12-23:10:28:18,768 INFO     [psi4.driver.task_planner:259] PLANNING Atomic:  keywords={'DAMPING_PERCENTAGE': 1.0, 'GEOM_MAXITER': 500, 'SCF__GUESS': 'READ', 'GUESS': 'SAP', 'MAXITER': 500, 'REFERENCE': 'UKS', 'function_kwargs': {}}
2025-12-23:10:28:18,769 INFO     [psi4.driver.driver:638] Compute gradient(): method=b3lyp, basis=cc-pvdz, molecule=default, nre=1.1826484862248234
2025-12-23:10:28:19,32 INFO     [psi4.driver.driver:641] Return gradient(): -10.81017819523304
2025-12-23:10:28:19,32 INFO     [psi4.driver.driver:642] [[ 0.00000000 -0.00000000 -0.00080285]
 [-0.00000000  0.00000000  0.00080284]]
2025-12-23:10:28:19,33 INFO     [psi4.optking.history:269] 	Performing BFGS update.
2025-12-23:10:28:19,33 INFO     [psi4.optking.history:280] 	Using 4 previous steps for update.
2025-12-23:10:28:19,34 INFO     [psi4.optking.history:317] 	Steps to be used in Hessian update:  7 6 5 4

2025-12-23:10:28:19,34 INFO     [psi4.optking.history:418] 	Updated Hessian (in au) 
 	   0.025026

2025-12-23:10:28:19,34 INFO     [psi4.optking.molsys:944] Projected (PHP) Hessian matrix
	   0.025026

2025-12-23:10:28:19,34 INFO     [psi4.optking.opt_helper:182] 
	         Geometry (au)                                       Gradient (au)
   0.0000000000   0.0000000000   3.0420492690		   0.0000000000  -0.0000000000  -0.0008028533
   0.0000000000   0.0000000000  -0.3401898719		  -0.0000000000   0.0000000000   0.0008028418

2025-12-23:10:28:19,34 INFO     [psi4.optking.stepAlgorithms:368] 	Current Step Report 
 
	Current energy:       -10.8101781952
	Energy change for the previous step:
		Actual       :        -0.0000384240
		Projected    :        -0.0000242107

2025-12-23:10:28:19,34 INFO     [psi4.optking.stepAlgorithms:371] 	Energy ratio =    1.58707
2025-12-23:10:28:19,34 INFO     [psi4.optking.stepAlgorithms:929] 	Using RFO solution 1.
2025-12-23:10:28:19,34 INFO     [psi4.optking.displace:100] 	Determining Cartesian step for fragment 1.
2025-12-23:10:28:19,35 INFO     [psi4.optking.displace:415] 	Successfully converged to displaced geometry.
2025-12-23:10:28:19,35 INFO     [psi4.optking.displace:416] 	RMS(dx):  1.282e-16 	Max(dx):  2.220e-16 	RMS(dq):  4.441e-16
2025-12-23:10:28:19,35 INFO     [psi4.optking.displace:172] 

	        --- Internal Coordinate Step in ANG or DEG, aJ/ANG or AJ/DEG ---
	-------------------------------------------------------------------------------
	           Coordinate      Previous         Force          Change          New 
	           ----------      --------        ------          ------        ------
	               R(1,2)       1.78980        0.00661        0.01696       1.80676
	-------------------------------------------------------------------------------

2025-12-23:10:28:19,35 INFO     [psi4.optking.stepAlgorithms:113] 	|target step| :    0.0320470060
2025-12-23:10:28:19,35 INFO     [psi4.optking.stepAlgorithms:114] 	gradient     :   -0.0008028476
2025-12-23:10:28:19,35 INFO     [psi4.optking.stepAlgorithms:115] 	hessian      :    0.0250264575
2025-12-23:10:28:19,35 INFO     [psi4.optking.stepAlgorithms:113] 	|target step| :    0.0320470060
2025-12-23:10:28:19,35 INFO     [psi4.optking.stepAlgorithms:114] 	gradient     :   -0.0008028476
2025-12-23:10:28:19,35 INFO     [psi4.optking.stepAlgorithms:115] 	hessian      :    0.0250264575
2025-12-23:10:28:19,35 INFO     [psi4.optking.stepAlgorithms:206] 	Norm of achieved step-size    0.0320470060
2025-12-23:10:28:19,35 INFO     [psi4.optking.stepAlgorithms:208] 	Norm of achieved step-size (cart):    0.0226606552
2025-12-23:10:28:19,35 INFO     [psi4.optking.opt_helper:164] Molsys:

	                            ===> Fragment 1 <== 

	 Z (Atomic Numbers)          Masses                          Geom                  
	       1.000000             1.007825          0.00000000  0.00000000  3.05807277   
	       4.000000             9.012183          0.00000000  0.00000000 -0.35621337   

	 - Coordinate -           - BOHR/RAD -       - ANG/DEG -
	 R(1,2)           =         3.414286           1.806762

2025-12-23:10:28:19,35 INFO     [psi4.optking.convcheck:76] Performing convergence check.
2025-12-23:10:28:19,35 INFO     [psi4.optking.convcheck:282] 
	                                 ==> Convergence Check <==                                  
    
	Measures of convergence in internal coordinates in au.
    
	Criteria marked as inactive (o), active & met (*), and active & unmet ( ).

	----------------------------------------------------------------------------------------------
	   Step    Total Energy     Delta E     Max Force     RMS Force      Max Disp      RMS Disp   
	----------------------------------------------------------------------------------------------
	  Convergence Criteria     1.00e-06 *    3.00e-04 *             o    1.20e-03 *             o
	----------------------------------------------------------------------------------------------
	     8     -10.81017820   -3.84e-05      8.03e-04      8.03e-04 o    3.20e-02      3.20e-02 o  ~
	----------------------------------------------------------------------------------------------


2025-12-23:10:28:19,35 INFO     [psi4.optking.stepAlgorithms:296] 	Convergence check returned False
2025-12-23:10:28:19,46 INFO     [psi4.driver.task_planner:259] PLANNING Atomic:  keywords={'DAMPING_PERCENTAGE': 1.0, 'GEOM_MAXITER': 500, 'SCF__GUESS': 'READ', 'GUESS': 'SAP', 'MAXITER': 500, 'REFERENCE': 'UKS', 'function_kwargs': {}}
2025-12-23:10:28:19,47 INFO     [psi4.driver.driver:638] Compute gradient(): method=b3lyp, basis=cc-pvdz, molecule=default, nre=1.1715479687342947
2025-12-23:10:28:19,299 INFO     [psi4.driver.driver:641] Return gradient(): -10.810196833568382
2025-12-23:10:28:19,299 INFO     [psi4.driver.driver:642] [[ 0.00000000 -0.00000000 -0.00036834]
 [ 0.00000000 -0.00000000  0.00036828]]
2025-12-23:10:28:19,300 INFO     [psi4.optking.history:269] 	Performing BFGS update.
2025-12-23:10:28:19,300 INFO     [psi4.optking.history:280] 	Using 4 previous steps for update.
2025-12-23:10:28:19,300 INFO     [psi4.optking.history:317] 	Steps to be used in Hessian update:  8 7 6 5

2025-12-23:10:28:19,301 INFO     [psi4.optking.history:418] 	Updated Hessian (in au) 
 	   0.019347

2025-12-23:10:28:19,301 INFO     [psi4.optking.molsys:944] Projected (PHP) Hessian matrix
	   0.019347

2025-12-23:10:28:19,301 INFO     [psi4.optking.opt_helper:182] 
	         Geometry (au)                                       Gradient (au)
   0.0000000000   0.0000000000   3.0708729467		   0.0000000000  -0.0000000000  -0.0003683401
   0.0000000000   0.0000000000  -0.3434132001		   0.0000000000  -0.0000000000   0.0003682804

2025-12-23:10:28:19,301 INFO     [psi4.optking.stepAlgorithms:368] 	Current Step Report 
 
	Current energy:       -10.8101968336
	Energy change for the previous step:
		Actual       :        -0.0000186383
		Projected    :        -0.0000128644

2025-12-23:10:28:19,301 INFO     [psi4.optking.stepAlgorithms:371] 	Energy ratio =    1.44883
2025-12-23:10:28:19,301 INFO     [psi4.optking.stepAlgorithms:929] 	Using RFO solution 1.
2025-12-23:10:28:19,301 INFO     [psi4.optking.displace:100] 	Determining Cartesian step for fragment 1.
2025-12-23:10:28:19,301 INFO     [psi4.optking.displace:415] 	Successfully converged to displaced geometry.
2025-12-23:10:28:19,301 INFO     [psi4.optking.displace:416] 	RMS(dx):  0.000e+00 	Max(dx):  0.000e+00 	RMS(dq):  0.000e+00
2025-12-23:10:28:19,301 INFO     [psi4.optking.displace:172] 

	        --- Internal Coordinate Step in ANG or DEG, aJ/ANG or AJ/DEG ---
	-------------------------------------------------------------------------------
	           Coordinate      Previous         Force          Change          New 
	           ----------      --------        ------          ------        ------
	               R(1,2)       1.80676        0.00303        0.01007       1.81683
	-------------------------------------------------------------------------------

2025-12-23:10:28:19,301 INFO     [psi4.optking.stepAlgorithms:113] 	|target step| :    0.0190305000
2025-12-23:10:28:19,301 INFO     [psi4.optking.stepAlgorithms:114] 	gradient     :   -0.0003683102
2025-12-23:10:28:19,301 INFO     [psi4.optking.stepAlgorithms:115] 	hessian      :    0.0193466716
2025-12-23:10:28:19,301 INFO     [psi4.optking.stepAlgorithms:113] 	|target step| :    0.0190305000
2025-12-23:10:28:19,301 INFO     [psi4.optking.stepAlgorithms:114] 	gradient     :   -0.0003683102
2025-12-23:10:28:19,301 INFO     [psi4.optking.stepAlgorithms:115] 	hessian      :    0.0193466716
2025-12-23:10:28:19,301 INFO     [psi4.optking.stepAlgorithms:206] 	Norm of achieved step-size    0.0190305000
2025-12-23:10:28:19,301 INFO     [psi4.optking.stepAlgorithms:208] 	Norm of achieved step-size (cart):    0.0134565956
2025-12-23:10:28:19,302 INFO     [psi4.optking.opt_helper:164] Molsys:

	                            ===> Fragment 1 <== 

	 Z (Atomic Numbers)          Masses                          Geom                  
	       1.000000             1.007825          0.00000000  0.00000000  3.08038820   
	       4.000000             9.012183          0.00000000  0.00000000 -0.35292845   

	 - Coordinate -           - BOHR/RAD -       - ANG/DEG -
	 R(1,2)           =         3.433317           1.816833

2025-12-23:10:28:19,302 INFO     [psi4.optking.convcheck:76] Performing convergence check.
2025-12-23:10:28:19,302 INFO     [psi4.optking.convcheck:282] 
	                                 ==> Convergence Check <==                                  
    
	Measures of convergence in internal coordinates in au.
    
	Criteria marked as inactive (o), active & met (*), and active & unmet ( ).

	----------------------------------------------------------------------------------------------
	   Step    Total Energy     Delta E     Max Force     RMS Force      Max Disp      RMS Disp   
	----------------------------------------------------------------------------------------------
	  Convergence Criteria     1.00e-06 *    3.00e-04 *             o    1.20e-03 *             o
	----------------------------------------------------------------------------------------------
	     9     -10.81019683   -1.86e-05      3.68e-04      3.68e-04 o    1.90e-02      1.90e-02 o  ~
	----------------------------------------------------------------------------------------------


2025-12-23:10:28:19,302 INFO     [psi4.optking.stepAlgorithms:296] 	Convergence check returned False
2025-12-23:10:28:19,312 INFO     [psi4.driver.task_planner:259] PLANNING Atomic:  keywords={'DAMPING_PERCENTAGE': 1.0, 'GEOM_MAXITER': 500, 'SCF__GUESS': 'READ', 'GUESS': 'SAP', 'MAXITER': 500, 'REFERENCE': 'UKS', 'function_kwargs': {}}
2025-12-23:10:28:19,314 INFO     [psi4.driver.driver:638] Compute gradient(): method=b3lyp, basis=cc-pvdz, molecule=default, nre=1.165054206010239
2025-12-23:10:28:19,574 INFO     [psi4.driver.driver:641] Return gradient(): -10.810201570079856
2025-12-23:10:28:19,574 INFO     [psi4.driver.driver:642] [[ 0.00000000 -0.00000000 -0.00013224]
 [ 0.00000000 -0.00000000  0.00013215]]
2025-12-23:10:28:19,576 INFO     [psi4.optking.history:269] 	Performing BFGS update.
2025-12-23:10:28:19,576 INFO     [psi4.optking.history:280] 	Using 4 previous steps for update.
2025-12-23:10:28:19,576 INFO     [psi4.optking.history:317] 	Steps to be used in Hessian update:  9 8 7 6

2025-12-23:10:28:19,576 INFO     [psi4.optking.history:418] 	Updated Hessian (in au) 
 	   0.015569

2025-12-23:10:28:19,576 INFO     [psi4.optking.molsys:944] Projected (PHP) Hessian matrix
	   0.015569

2025-12-23:10:28:19,576 INFO     [psi4.optking.opt_helper:182] 
	         Geometry (au)                                       Gradient (au)
   0.0000000000   0.0000000000   3.0879893351		   0.0000000000  -0.0000000000  -0.0001322407
   0.0000000000   0.0000000000  -0.3453273118		   0.0000000000  -0.0000000000   0.0001321462

2025-12-23:10:28:19,576 INFO     [psi4.optking.stepAlgorithms:368] 	Current Step Report 
 
	Current energy:       -10.8102015701
	Energy change for the previous step:
		Actual       :        -0.0000047365
		Projected    :        -0.0000035046

2025-12-23:10:28:19,576 INFO     [psi4.optking.stepAlgorithms:371] 	Energy ratio =    1.35153
2025-12-23:10:28:19,577 INFO     [psi4.optking.stepAlgorithms:929] 	Using RFO solution 1.
2025-12-23:10:28:19,577 INFO     [psi4.optking.displace:100] 	Determining Cartesian step for fragment 1.
2025-12-23:10:28:19,577 INFO     [psi4.optking.displace:415] 	Successfully converged to displaced geometry.
2025-12-23:10:28:19,577 INFO     [psi4.optking.displace:416] 	RMS(dx):  0.000e+00 	Max(dx):  0.000e+00 	RMS(dq):  0.000e+00
2025-12-23:10:28:19,577 INFO     [psi4.optking.displace:172] 

	        --- Internal Coordinate Step in ANG or DEG, aJ/ANG or AJ/DEG ---
	-------------------------------------------------------------------------------
	           Coordinate      Previous         Force          Change          New 
	           ----------      --------        ------          ------        ------
	               R(1,2)       1.81683        0.00109        0.00449       1.82133
	-------------------------------------------------------------------------------

2025-12-23:10:28:19,577 INFO     [psi4.optking.stepAlgorithms:113] 	|target step| :    0.0084903707
2025-12-23:10:28:19,577 INFO     [psi4.optking.stepAlgorithms:114] 	gradient     :   -0.0001321934
2025-12-23:10:28:19,577 INFO     [psi4.optking.stepAlgorithms:115] 	hessian      :    0.0155686860
2025-12-23:10:28:19,577 INFO     [psi4.optking.stepAlgorithms:113] 	|target step| :    0.0084903707
2025-12-23:10:28:19,577 INFO     [psi4.optking.stepAlgorithms:114] 	gradient     :   -0.0001321934
2025-12-23:10:28:19,577 INFO     [psi4.optking.stepAlgorithms:115] 	hessian      :    0.0155686860
2025-12-23:10:28:19,577 INFO     [psi4.optking.stepAlgorithms:206] 	Norm of achieved step-size    0.0084903707
2025-12-23:10:28:19,577 INFO     [psi4.optking.stepAlgorithms:208] 	Norm of achieved step-size (cart):    0.0060035987
2025-12-23:10:28:19,577 INFO     [psi4.optking.opt_helper:164] Molsys:

	                            ===> Fragment 1 <== 

	 Z (Atomic Numbers)          Masses                          Geom                  
	       1.000000             1.007825          0.00000000  0.00000000  3.09223452   
	       4.000000             9.012183          0.00000000  0.00000000 -0.34957250   

	 - Coordinate -           - BOHR/RAD -       - ANG/DEG -
	 R(1,2)           =         3.441807           1.821326

2025-12-23:10:28:19,577 INFO     [psi4.optking.convcheck:76] Performing convergence check.
2025-12-23:10:28:19,577 INFO     [psi4.optking.convcheck:282] 
	                                 ==> Convergence Check <==                                  
    
	Measures of convergence in internal coordinates in au.
    
	Criteria marked as inactive (o), active & met (*), and active & unmet ( ).

	----------------------------------------------------------------------------------------------
	   Step    Total Energy     Delta E     Max Force     RMS Force      Max Disp      RMS Disp   
	----------------------------------------------------------------------------------------------
	  Convergence Criteria     1.00e-06 *    3.00e-04 *             o    1.20e-03 *             o
	----------------------------------------------------------------------------------------------
	    10     -10.81020157   -4.74e-06      1.32e-04 *    1.32e-04 o    8.49e-03      8.49e-03 o  ~
	----------------------------------------------------------------------------------------------


2025-12-23:10:28:19,577 INFO     [psi4.optking.stepAlgorithms:296] 	Convergence check returned False
2025-12-23:10:28:19,588 INFO     [psi4.driver.task_planner:259] PLANNING Atomic:  keywords={'DAMPING_PERCENTAGE': 1.0, 'GEOM_MAXITER': 500, 'SCF__GUESS': 'READ', 'GUESS': 'SAP', 'MAXITER': 500, 'REFERENCE': 'UKS', 'function_kwargs': {}}
2025-12-23:10:28:19,590 INFO     [psi4.driver.driver:638] Compute gradient(): method=b3lyp, basis=cc-pvdz, molecule=default, nre=1.1621802092690439
2025-12-23:10:28:19,836 INFO     [psi4.driver.driver:641] Return gradient(): -10.810202262304031
2025-12-23:10:28:19,836 INFO     [psi4.driver.driver:642] [[ 0.00000000 -0.00000000 -0.00003189]
 [ 0.00000000  0.00000000  0.00003178]]
2025-12-23:10:28:19,837 INFO     [psi4.optking.history:269] 	Performing BFGS update.
2025-12-23:10:28:19,837 INFO     [psi4.optking.history:280] 	Using 4 previous steps for update.
2025-12-23:10:28:19,838 INFO     [psi4.optking.history:317] 	Steps to be used in Hessian update:  10 9 8 7

2025-12-23:10:28:19,838 INFO     [psi4.optking.history:418] 	Updated Hessian (in au) 
 	   0.013800

2025-12-23:10:28:19,838 INFO     [psi4.optking.molsys:944] Projected (PHP) Hessian matrix
	   0.013800

2025-12-23:10:28:19,838 INFO     [psi4.optking.opt_helper:182] 
	         Geometry (au)                                       Gradient (au)
   0.0000000000   0.0000000000   3.0956257337		   0.0000000000  -0.0000000000  -0.0000318891
   0.0000000000   0.0000000000  -0.3461812840		   0.0000000000   0.0000000000   0.0000317785

2025-12-23:10:28:19,838 INFO     [psi4.optking.stepAlgorithms:368] 	Current Step Report 
 
	Current energy:       -10.8102022623
	Energy change for the previous step:
		Actual       :        -0.0000006922
		Projected    :        -0.0000005612

2025-12-23:10:28:19,838 INFO     [psi4.optking.stepAlgorithms:371] 	Energy ratio =    1.23350
2025-12-23:10:28:19,838 INFO     [psi4.optking.stepAlgorithms:929] 	Using RFO solution 1.
2025-12-23:10:28:19,838 INFO     [psi4.optking.displace:100] 	Determining Cartesian step for fragment 1.
2025-12-23:10:28:19,838 INFO     [psi4.optking.displace:415] 	Successfully converged to displaced geometry.
2025-12-23:10:28:19,838 INFO     [psi4.optking.displace:416] 	RMS(dx):  1.282e-16 	Max(dx):  2.220e-16 	RMS(dq):  0.000e+00
2025-12-23:10:28:19,838 INFO     [psi4.optking.displace:172] 

	        --- Internal Coordinate Step in ANG or DEG, aJ/ANG or AJ/DEG ---
	-------------------------------------------------------------------------------
	           Coordinate      Previous         Force          Change          New 
	           ----------      --------        ------          ------        ------
	               R(1,2)       1.82133        0.00026        0.00122       1.82255
	-------------------------------------------------------------------------------

2025-12-23:10:28:19,839 INFO     [psi4.optking.stepAlgorithms:113] 	|target step| :    0.0023068172
2025-12-23:10:28:19,839 INFO     [psi4.optking.stepAlgorithms:114] 	gradient     :   -0.0000318338
2025-12-23:10:28:19,839 INFO     [psi4.optking.stepAlgorithms:115] 	hessian      :    0.0137997980
2025-12-23:10:28:19,839 INFO     [psi4.optking.stepAlgorithms:113] 	|target step| :    0.0023068172
2025-12-23:10:28:19,839 INFO     [psi4.optking.stepAlgorithms:114] 	gradient     :   -0.0000318338
2025-12-23:10:28:19,839 INFO     [psi4.optking.stepAlgorithms:115] 	hessian      :    0.0137997980
2025-12-23:10:28:19,839 INFO     [psi4.optking.stepAlgorithms:206] 	Norm of achieved step-size    0.0023068172
2025-12-23:10:28:19,839 INFO     [psi4.optking.stepAlgorithms:208] 	Norm of achieved step-size (cart):    0.0016311661
2025-12-23:10:28:19,839 INFO     [psi4.optking.opt_helper:164] Molsys:

	                            ===> Fragment 1 <== 

	 Z (Atomic Numbers)          Masses                          Geom                  
	       1.000000             1.007825          0.00000000  0.00000000  3.09677914   
	       4.000000             9.012183          0.00000000  0.00000000 -0.34733469   

	 - Coordinate -           - BOHR/RAD -       - ANG/DEG -
	 R(1,2)           =         3.444114           1.822547

2025-12-23:10:28:19,839 INFO     [psi4.optking.convcheck:76] Performing convergence check.
2025-12-23:10:28:19,839 INFO     [psi4.optking.convcheck:282] 
	                                 ==> Convergence Check <==                                  
    
	Measures of convergence in internal coordinates in au.
    
	Criteria marked as inactive (o), active & met (*), and active & unmet ( ).

	----------------------------------------------------------------------------------------------
	   Step    Total Energy     Delta E     Max Force     RMS Force      Max Disp      RMS Disp   
	----------------------------------------------------------------------------------------------
	  Convergence Criteria     1.00e-06 *    3.00e-04 *             o    1.20e-03 *             o
	----------------------------------------------------------------------------------------------
	    11     -10.81020226   -6.92e-07 *    3.18e-05 *    3.18e-05 o    2.31e-03      2.31e-03 o  ~
	----------------------------------------------------------------------------------------------


2025-12-23:10:28:19,839 INFO     [psi4.optking.convcheck:206] 
	                      ===> Final Convergence Report <===                     

	----------------------------------------------------------------------------
	|   Required Criteria    |  One or More Criteria  |   Alternate Criteria   |
	----------------------------------------------------------------------------
	| [x]     max_force      | [x]       max_DE       |                        |
	|                        | [ ]      max_disp      |                        |
	----------------------------------------------------------------------------


2025-12-23:10:28:19,839 INFO     [psi4.optking.stepAlgorithms:296] 	Convergence check returned True
2025-12-23:10:28:19,839 INFO     [psi4.optking.optimize:332] 	Converged in 11 steps!
2025-12-23:10:28:19,839 INFO     [psi4.optking.optimize:333] 	Final energy is    -10.8102022623040
2025-12-23:10:28:19,839 INFO     [psi4.optking.optimize:334] 	Final structure (Angstroms): 
	Fragment 1 (Ang)

	    H   0.0000000000   0.0000000000   1.6387449486
	   Be   0.0000000000   0.0000000000  -0.1838016038


2025-12-23:10:28:19,840 INFO     [psi4.optking.optimize:562] 	Optimization Finished

	==> Optimization Summary <==

        
	Measures of convergence in internal coordinates in au. (Any backward steps not shown.)
        
	---------------------------------------------------------------------------------------------------------------  ~
        
	 Step         Total Energy             Delta E       MAX Force       RMS Force        MAX Disp        RMS Disp   ~
        
	---------------------------------------------------------------------------------------------------------------  ~
        
	     1     -10.775070373382    -10.775070373382      0.10288203      0.10288203      0.36234760      0.36234760  ~
	     2     -10.799526189845     -0.024455816463      0.03990243      0.03990243      0.21860423      0.21860423  ~
	     3     -10.805891238151     -0.006365048306      0.02003476      0.02003476      0.21066002      0.21066002  ~
	     4     -10.808827302140     -0.002936063989      0.00888529      0.00888529      0.12116346      0.12116346  ~
	     5     -10.809647666607     -0.000820364467      0.00489233      0.00489233      0.10600323      0.10600323  ~
	     6     -10.810027960808     -0.000380294201      0.00241872      0.00241872      0.05989874      0.05989874  ~
	     7     -10.810139771224     -0.000111810415      0.00134914      0.00134914      0.03589051      0.03589051  ~
	     8     -10.810178195233     -0.000038424009      0.00080285      0.00080285      0.03204701      0.03204701  ~
	     9     -10.810196833568     -0.000018638335      0.00036831      0.00036831      0.01903050      0.01903050  ~
	    10     -10.810201570080     -0.000004736511      0.00013219      0.00013219      0.00849037      0.00849037  ~
	    11     -10.810202262304     -0.000000692224      0.00003183      0.00003183      0.00230682      0.00230682  ~
	----------------------------------------------------------------------------------------------------------------


2025-12-23:10:28:19,840 INFO     [psi4.optking.optimize:806] Preparing OptimizationResult
