2025-12-23:10:43:04,934 WARNING  [psi4.optking:38] Some dependencies such as QCElemental have not yet finished migration to pydantic v2. If issues are encountered please downgrade pydantic or upgrade QCElemental as appropriate
2025-12-23:10:43:05,96 INFO     [psi4.optking.optwrapper:234] Creating a UserComputer
2025-12-23:10:43:05,96 INFO     [psi4.optking.optwrapper:242] 
    			-----------------------------------------

    			 OPTKING 3.0: for geometry optimizations 

    			     By R.A. King, Bethel University     

    			        with contributions from          

    			    A.V. Copan, J. Cayton, A. Heide      

    			-----------------------------------------

    
2025-12-23:10:43:05,96 INFO     [psi4.optking.optwrapper:272] 
		 -- Optimization Parameters --
	GEOM_MAXITER                   =             500
	ALG_GEOM_MAXITER               =              50
	PRINT                          =               1
	OPT_TYPE                       =             MIN
	STEP_TYPE                      =             RFO
	PROGRAM                        =            PSI4
	STEEPEST_DESCENT_TYPE          =         OVERLAP
	CONJUGATE_GRADIENT_TYPE        =        FLETCHER
	OPT_COORDINATES                =        INTERNAL
	RFO_FOLLOW_ROOT                =           False
	RFO_ROOT                       =               0
	ACCEPT_SYMMETRY_BREAKING       =           False
	DYNAMIC_LVL                    =               0
	DYNAMIC_LVL_MAX                =               0
	IRC_STEP_SIZE                  =             0.2
	IRC_DIRECTION                  =         FORWARD
	IRC_POINTS                     =              20
	IRC_MODE                       =          NORMAL
	IRC_CONVERGENCE                =            -0.7
	INTRAFRAG_STEP_LIMIT           =             0.5
	INTRAFRAG_STEP_LIMIT_MIN       =           0.001
	INTRAFRAG_STEP_LIMIT_MAX       =             1.0
	INTERFRAG_STEP_LIMIT           =             0.5
	INTERFRAG_STEP_LIMIT_MIN       =           0.001
	INTERFRAG_STEP_LIMIT_MAX       =             1.0
	ENSURE_BT_CONVERGENCE          =           False
	SIMPLE_STEP_SCALING            =           False
	CONSECUTIVE_BACKSTEPS          =               0
	RFO_NORMALIZATION_MAX          =             100
	RSRFO_ALPHA_MAX                =     100000000.0
	PRINT_TRAJECTORY_XYZ_FILE      =           False
	WRITE_TRAJECTORY               =           False
	FROZEN_DISTANCE                =                
	FROZEN_BEND                    =                
	FROZEN_DIHEDRAL                =                
	FROZEN_OOFP                    =                
	FROZEN_CARTESIAN               =                
	FREEZE_ALL_DIHEDRALS           =           False
	UNFREEZE_DIHEDRALS             =                
	RANGED_DISTANCE                =                
	RANGED_BEND                    =                
	RANGED_DIHEDRAL                =                
	RANGED_OOFP                    =                
	RANGED_CARTESIAN               =                
	EXT_FORCE_DISTANCE             =                
	EXT_FORCE_BEND                 =                
	EXT_FORCE_DIHEDRAL             =                
	EXT_FORCE_OOFP                 =                
	EXT_FORCE_CARTESIAN            =                
	G_CONVERGENCE                  =           QCHEM
	MAX_FORCE_G_CONVERGENCE        =          0.0003
	RMS_FORCE_G_CONVERGENCE        =          0.0003
	MAX_ENERGY_G_CONVERGENCE       =           1e-06
	MAX_DISP_G_CONVERGENCE         =          0.0012
	RMS_DISP_G_CONVERGENCE         =          0.0012
	FLEXIBLE_G_CONVERGENCE         =           False
	HESS_UPDATE                    =            BFGS
	HESS_UPDATE_USE_LAST           =               4
	HESS_UPDATE_LIMIT              =            True
	HESS_UPDATE_LIMIT_MAX          =             1.0
	HESS_UPDATE_LIMIT_SCALE        =             0.5
	HESS_UPDATE_DEN_TOL            =           1e-07
	HESS_UPDATE_DQ_TOL             =             0.5
	CART_HESS_READ                 =           False
	HESSIAN_FILE                   =               .
	FULL_HESS_EVERY                =              -1
	INTRAFRAG_HESS                 =        SCHLEGEL
	H_GUESS_EVERY                  =           False
	BT_MAX_ITER                    =              25
	BT_DX_CONV                     =           1e-07
	BT_DX_RMS_CHANGE_CONV          =           1e-12
	BT_PINV_RCOND                  =           1e-06
	FRAG_MODE                      =          SINGLE
	FRAG_REF_ATOMS                 =              []
	FREEZE_INTRAFRAG               =           False
	INTERFRAG_MODE                 =           FIXED
	ADD_AUXILIARY_BONDS            =           False
	AUXILIARY_BOND_FACTOR          =             2.5
	INTERFRAG_DIST_INV             =           False
	INTERFRAG_COLLINEAR_TOL        =            0.01
	INTERFRAG_COORDS               =              []
	INTERFRAG_HESS                 =         DEFAULT
	COVALENT_CONNECT               =             1.3
	INTERFRAGMENT_CONNECT          =             1.8
	H_BOND_CONNECT                 =             4.3
	INCLUDE_OOFP                   =           False
	TEST_B                         =           False
	TEST_DERIVATIVE_B              =           False
	LINESEARCH_STEP                =             0.1
	LINESEARCH                     =           False
	SD_HESSIAN                     =             1.0
	FIX_VAL_NEAR_PI                =            1.57
	V3D_TORS_ANGLE_LIM             =           0.017
	V3D_TORS_COS_TOL               =           1e-10
	LINEAR_BEND_THRESHOLD          =            3.05
	SMALL_BEND_FIX_THRESHOLD       =            0.35
	REDUNDANT_EVAL_TOL             =           1e-10
	LINEAR_ALGEBRA_TOL             =           1e-10


2025-12-23:10:43:05,232 INFO     [psi4.optking.opt_helper:164] Molsys:

	                            ===> Fragment 1 <== 

	 Z (Atomic Numbers)          Masses                          Geom                  
	       3.000000             7.016003          0.00000000  0.00000000  1.92900519   
	      18.000000            39.962383          0.00000000  0.00000000 -0.33866616   

	 - Coordinate -           - BOHR/RAD -       - ANG/DEG -
	 R(1,2)           =         2.267671           1.200000

2025-12-23:10:43:05,242 INFO     [psi4.driver.task_planner:259] PLANNING Atomic:  keywords={'DAMPING_PERCENTAGE': 1.0, 'GEOM_MAXITER': 500, 'GUESS': 'SAP', 'MAXITER': 500, 'REFERENCE': 'UKS', 'function_kwargs': {}}
2025-12-23:10:43:05,244 INFO     [psi4.driver.driver:638] Compute gradient(): method=b3lyp, basis=cc-pvdz, molecule=default, nre=23.81297448015
2025-12-23:10:43:05,821 INFO     [psi4.driver.driver:641] Return gradient(): -533.4216432334163
2025-12-23:10:43:05,821 INFO     [psi4.driver.driver:642] [[ 0.00000000  0.00000000 -0.93933926]
 [ 0.00000000 -0.00000000  0.93922535]]
2025-12-23:10:43:05,823 INFO     [psi4.optking.molsys:944] Projected (PHP) Hessian matrix
	   4.182219

2025-12-23:10:43:05,823 INFO     [psi4.optking.opt_helper:182] 
	         Geometry (au)                                       Gradient (au)
   0.0000000000   0.0000000000   1.9290051861		   0.0000000000   0.0000000000  -0.9393392588
   0.0000000000   0.0000000000  -0.3386661645		   0.0000000000  -0.0000000000   0.9392253460

2025-12-23:10:43:05,823 INFO     [psi4.optking.stepAlgorithms:929] 	Using RFO solution 1.
2025-12-23:10:43:05,823 INFO     [psi4.optking.displace:100] 	Determining Cartesian step for fragment 1.
2025-12-23:10:43:05,824 INFO     [psi4.optking.displace:415] 	Successfully converged to displaced geometry.
2025-12-23:10:43:05,824 INFO     [psi4.optking.displace:416] 	RMS(dx):  0.000e+00 	Max(dx):  0.000e+00 	RMS(dq):  0.000e+00
2025-12-23:10:43:05,824 INFO     [psi4.optking.displace:172] 

	        --- Internal Coordinate Step in ANG or DEG, aJ/ANG or AJ/DEG ---
	-------------------------------------------------------------------------------
	           Coordinate      Previous         Force          Change          New 
	           ----------      --------        ------          ------        ------
	               R(1,2)       1.20000        7.73849        0.11339       1.31339
	-------------------------------------------------------------------------------

2025-12-23:10:43:05,824 INFO     [psi4.optking.stepAlgorithms:113] 	|target step| :    0.2142774935
2025-12-23:10:43:05,824 INFO     [psi4.optking.stepAlgorithms:114] 	gradient     :   -0.9392823024
2025-12-23:10:43:05,824 INFO     [psi4.optking.stepAlgorithms:115] 	hessian      :    4.1822185214
2025-12-23:10:43:05,824 INFO     [psi4.optking.stepAlgorithms:113] 	|target step| :    0.2142774935
2025-12-23:10:43:05,824 INFO     [psi4.optking.stepAlgorithms:114] 	gradient     :   -0.9392823024
2025-12-23:10:43:05,824 INFO     [psi4.optking.stepAlgorithms:115] 	hessian      :    4.1822185214
2025-12-23:10:43:05,824 INFO     [psi4.optking.stepAlgorithms:206] 	Norm of achieved step-size    0.2142774935
2025-12-23:10:43:05,824 INFO     [psi4.optking.stepAlgorithms:208] 	Norm of achieved step-size (cart):    0.1515170687
2025-12-23:10:43:05,824 INFO     [psi4.optking.opt_helper:164] Molsys:

	                            ===> Fragment 1 <== 

	 Z (Atomic Numbers)          Masses                          Geom                  
	       3.000000             7.016003          0.00000000  0.00000000  2.03614393   
	      18.000000            39.962383          0.00000000  0.00000000 -0.44580491   

	 - Coordinate -           - BOHR/RAD -       - ANG/DEG -
	 R(1,2)           =         2.481949           1.313391

2025-12-23:10:43:05,824 INFO     [psi4.optking.convcheck:76] Performing convergence check.
2025-12-23:10:43:05,824 INFO     [psi4.optking.convcheck:282] 
	                                 ==> Convergence Check <==                                  
    
	Measures of convergence in internal coordinates in au.
    
	Criteria marked as inactive (o), active & met (*), and active & unmet ( ).

	----------------------------------------------------------------------------------------------~
	   Step    Total Energy     Delta E     Max Force     RMS Force      Max Disp      RMS Disp   ~
	----------------------------------------------------------------------------------------------~
	  Convergence Criteria     1.00e-06 *    3.00e-04 *             o    1.20e-03 *             o~
	----------------------------------------------------------------------------------------------~
	     1    -533.42164323   -5.33e+02      9.39e-01      9.39e-01 o    2.14e-01      2.14e-01 o  ~
	----------------------------------------------------------------------------------------------


2025-12-23:10:43:05,824 INFO     [psi4.optking.stepAlgorithms:296] 	Convergence check returned False
2025-12-23:10:43:05,835 INFO     [psi4.driver.task_planner:259] PLANNING Atomic:  keywords={'DAMPING_PERCENTAGE': 1.0, 'GEOM_MAXITER': 500, 'SCF__GUESS': 'READ', 'GUESS': 'SAP', 'MAXITER': 500, 'REFERENCE': 'UKS', 'function_kwargs': {}}
2025-12-23:10:43:05,836 INFO     [psi4.driver.driver:638] Compute gradient(): method=b3lyp, basis=cc-pvdz, molecule=default, nre=21.75709629569731
2025-12-23:10:43:06,330 INFO     [psi4.driver.driver:641] Return gradient(): -533.5861525197485
2025-12-23:10:43:06,330 INFO     [psi4.driver.driver:642] [[ 0.00000000 -0.00000000 -0.61915304]
 [ 0.00000000  0.00000000  0.61901685]]
2025-12-23:10:43:06,331 INFO     [psi4.optking.history:269] 	Performing BFGS update.
2025-12-23:10:43:06,332 INFO     [psi4.optking.history:280] 	Using 1 previous steps for update.
2025-12-23:10:43:06,332 INFO     [psi4.optking.history:317] 	Steps to be used in Hessian update:  1

2025-12-23:10:43:06,332 INFO     [psi4.optking.history:418] 	Updated Hessian (in au) 
 	   2.091109

2025-12-23:10:43:06,332 INFO     [psi4.optking.molsys:944] Projected (PHP) Hessian matrix
	   2.091109

2025-12-23:10:43:06,332 INFO     [psi4.optking.opt_helper:182] 
	         Geometry (au)                                       Gradient (au)
   0.0000000000   0.0000000000   2.1112813330		   0.0000000000  -0.0000000000  -0.6191530415
   0.0000000000   0.0000000000  -0.3706675110		   0.0000000000   0.0000000000   0.6190168469

2025-12-23:10:43:06,332 INFO     [psi4.optking.stepAlgorithms:368] 	Current Step Report 
 
	Current energy:      -533.5861525197
	Energy change for the previous step:
		Actual       :        -0.1645092863
		Projected    :        -0.1006335287

2025-12-23:10:43:06,332 INFO     [psi4.optking.stepAlgorithms:371] 	Energy ratio =    1.63474
2025-12-23:10:43:06,332 INFO     [psi4.optking.stepAlgorithms:399] 	Energy ratio indicates good step.
2025-12-23:10:43:06,332 INFO     [psi4.optking.stepAlgorithms:400] 	Intrafrag trust radius increased to      1.
2025-12-23:10:43:06,332 INFO     [psi4.optking.stepAlgorithms:929] 	Using RFO solution 1.
2025-12-23:10:43:06,332 INFO     [psi4.optking.displace:100] 	Determining Cartesian step for fragment 1.
2025-12-23:10:43:06,333 INFO     [psi4.optking.displace:415] 	Successfully converged to displaced geometry.
2025-12-23:10:43:06,333 INFO     [psi4.optking.displace:416] 	RMS(dx):  1.282e-16 	Max(dx):  2.220e-16 	RMS(dq):  0.000e+00
2025-12-23:10:43:06,333 INFO     [psi4.optking.displace:172] 

	        --- Internal Coordinate Step in ANG or DEG, aJ/ANG or AJ/DEG ---
	-------------------------------------------------------------------------------
	           Coordinate      Previous         Force          Change          New 
	           ----------      --------        ------          ------        ------
	               R(1,2)       1.31339        5.10047        0.14492       1.45831
	-------------------------------------------------------------------------------

2025-12-23:10:43:06,333 INFO     [psi4.optking.stepAlgorithms:113] 	|target step| :    0.2738529326
2025-12-23:10:43:06,333 INFO     [psi4.optking.stepAlgorithms:114] 	gradient     :   -0.6190849442
2025-12-23:10:43:06,333 INFO     [psi4.optking.stepAlgorithms:115] 	hessian      :    2.0911092607
2025-12-23:10:43:06,333 INFO     [psi4.optking.stepAlgorithms:113] 	|target step| :    0.2738529326
2025-12-23:10:43:06,333 INFO     [psi4.optking.stepAlgorithms:114] 	gradient     :   -0.6190849442
2025-12-23:10:43:06,333 INFO     [psi4.optking.stepAlgorithms:115] 	hessian      :    2.0911092607
2025-12-23:10:43:06,333 INFO     [psi4.optking.stepAlgorithms:206] 	Norm of achieved step-size    0.2738529326
2025-12-23:10:43:06,333 INFO     [psi4.optking.stepAlgorithms:208] 	Norm of achieved step-size (cart):    0.1936432657
2025-12-23:10:43:06,333 INFO     [psi4.optking.opt_helper:164] Molsys:

	                            ===> Fragment 1 <== 

	 Z (Atomic Numbers)          Masses                          Geom                  
	       3.000000             7.016003          0.00000000  0.00000000  2.24820780   
	      18.000000            39.962383          0.00000000  0.00000000 -0.50759398   

	 - Coordinate -           - BOHR/RAD -       - ANG/DEG -
	 R(1,2)           =         2.755802           1.458307

2025-12-23:10:43:06,333 INFO     [psi4.optking.convcheck:76] Performing convergence check.
2025-12-23:10:43:06,333 INFO     [psi4.optking.convcheck:282] 
	                                 ==> Convergence Check <==                                  
    
	Measures of convergence in internal coordinates in au.
    
	Criteria marked as inactive (o), active & met (*), and active & unmet ( ).

	----------------------------------------------------------------------------------------------
	   Step    Total Energy     Delta E     Max Force     RMS Force      Max Disp      RMS Disp   
	----------------------------------------------------------------------------------------------
	  Convergence Criteria     1.00e-06 *    3.00e-04 *             o    1.20e-03 *             o
	----------------------------------------------------------------------------------------------
	     2    -533.58615252   -1.65e-01      6.19e-01      6.19e-01 o    2.74e-01      2.74e-01 o  ~
	----------------------------------------------------------------------------------------------


2025-12-23:10:43:06,333 INFO     [psi4.optking.stepAlgorithms:296] 	Convergence check returned False
2025-12-23:10:43:06,343 INFO     [psi4.driver.task_planner:259] PLANNING Atomic:  keywords={'DAMPING_PERCENTAGE': 1.0, 'GEOM_MAXITER': 500, 'SCF__GUESS': 'READ', 'GUESS': 'SAP', 'MAXITER': 500, 'REFERENCE': 'UKS', 'function_kwargs': {}}
2025-12-23:10:43:06,345 INFO     [psi4.driver.driver:638] Compute gradient(): method=b3lyp, basis=cc-pvdz, molecule=default, nre=19.59502329173997
2025-12-23:10:43:06,851 INFO     [psi4.driver.driver:641] Return gradient(): -533.7182823046427
2025-12-23:10:43:06,851 INFO     [psi4.driver.driver:642] [[-0.00000000 -0.00000000 -0.36902849]
 [ 0.00000000  0.00000000  0.36893374]]
2025-12-23:10:43:06,853 INFO     [psi4.optking.history:269] 	Performing BFGS update.
2025-12-23:10:43:06,853 INFO     [psi4.optking.history:280] 	Using 2 previous steps for update.
2025-12-23:10:43:06,853 INFO     [psi4.optking.history:317] 	Steps to be used in Hessian update:  2 1

2025-12-23:10:43:06,853 INFO     [psi4.optking.history:418] 	Updated Hessian (in au) 
 	   1.168338

2025-12-23:10:43:06,853 INFO     [psi4.optking.molsys:944] Projected (PHP) Hessian matrix
	   1.168338

2025-12-23:10:43:06,853 INFO     [psi4.optking.opt_helper:182] 
	         Geometry (au)                                       Gradient (au)
   0.0000000000   0.0000000000   2.3442356044		  -0.0000000000  -0.0000000000  -0.3690284857
   0.0000000000   0.0000000000  -0.4115661723		   0.0000000000   0.0000000000   0.3689337392

2025-12-23:10:43:06,853 INFO     [psi4.optking.stepAlgorithms:368] 	Current Step Report 
 
	Current energy:      -533.7182823046
	Energy change for the previous step:
		Actual       :        -0.1321297849
		Projected    :        -0.0847691138

2025-12-23:10:43:06,853 INFO     [psi4.optking.stepAlgorithms:371] 	Energy ratio =    1.55870
2025-12-23:10:43:06,853 INFO     [psi4.optking.stepAlgorithms:929] 	Using RFO solution 1.
2025-12-23:10:43:06,853 INFO     [psi4.optking.displace:100] 	Determining Cartesian step for fragment 1.
2025-12-23:10:43:06,853 INFO     [psi4.optking.displace:415] 	Successfully converged to displaced geometry.
2025-12-23:10:43:06,853 INFO     [psi4.optking.displace:416] 	RMS(dx):  1.282e-16 	Max(dx):  2.220e-16 	RMS(dq):  4.441e-16
2025-12-23:10:43:06,854 INFO     [psi4.optking.displace:172] 

	        --- Internal Coordinate Step in ANG or DEG, aJ/ANG or AJ/DEG ---
	-------------------------------------------------------------------------------
	           Coordinate      Previous         Force          Change          New 
	           ----------      --------        ------          ------        ------
	               R(1,2)       1.45831        3.03993        0.15313       1.61144
	-------------------------------------------------------------------------------

2025-12-23:10:43:06,854 INFO     [psi4.optking.stepAlgorithms:113] 	|target step| :    0.2893718768
2025-12-23:10:43:06,854 INFO     [psi4.optking.stepAlgorithms:114] 	gradient     :   -0.3689811125
2025-12-23:10:43:06,854 INFO     [psi4.optking.stepAlgorithms:115] 	hessian      :    1.1683377219
2025-12-23:10:43:06,854 INFO     [psi4.optking.stepAlgorithms:113] 	|target step| :    0.2893718768
2025-12-23:10:43:06,854 INFO     [psi4.optking.stepAlgorithms:114] 	gradient     :   -0.3689811125
2025-12-23:10:43:06,854 INFO     [psi4.optking.stepAlgorithms:115] 	hessian      :    1.1683377219
2025-12-23:10:43:06,854 INFO     [psi4.optking.stepAlgorithms:206] 	Norm of achieved step-size    0.2893718768
2025-12-23:10:43:06,854 INFO     [psi4.optking.stepAlgorithms:208] 	Norm of achieved step-size (cart):    0.2046168164
2025-12-23:10:43:06,854 INFO     [psi4.optking.opt_helper:164] Molsys:

	                            ===> Fragment 1 <== 

	 Z (Atomic Numbers)          Masses                          Geom                  
	       3.000000             7.016003          0.00000000  0.00000000  2.48892154   
	      18.000000            39.962383          0.00000000  0.00000000 -0.55625211   

	 - Coordinate -           - BOHR/RAD -       - ANG/DEG -
	 R(1,2)           =         3.045174           1.611436

2025-12-23:10:43:06,854 INFO     [psi4.optking.convcheck:76] Performing convergence check.
2025-12-23:10:43:06,854 INFO     [psi4.optking.convcheck:282] 
	                                 ==> Convergence Check <==                                  
    
	Measures of convergence in internal coordinates in au.
    
	Criteria marked as inactive (o), active & met (*), and active & unmet ( ).

	----------------------------------------------------------------------------------------------
	   Step    Total Energy     Delta E     Max Force     RMS Force      Max Disp      RMS Disp   
	----------------------------------------------------------------------------------------------
	  Convergence Criteria     1.00e-06 *    3.00e-04 *             o    1.20e-03 *             o
	----------------------------------------------------------------------------------------------
	     3    -533.71828230   -1.32e-01      3.69e-01      3.69e-01 o    2.89e-01      2.89e-01 o  ~
	----------------------------------------------------------------------------------------------


2025-12-23:10:43:06,854 INFO     [psi4.optking.stepAlgorithms:296] 	Convergence check returned False
2025-12-23:10:43:06,864 INFO     [psi4.driver.task_planner:259] PLANNING Atomic:  keywords={'DAMPING_PERCENTAGE': 1.0, 'GEOM_MAXITER': 500, 'SCF__GUESS': 'READ', 'GUESS': 'SAP', 'MAXITER': 500, 'REFERENCE': 'UKS', 'function_kwargs': {}}
2025-12-23:10:43:06,865 INFO     [psi4.driver.driver:638] Compute gradient(): method=b3lyp, basis=cc-pvdz, molecule=default, nre=17.73297885288913
2025-12-23:10:43:07,366 INFO     [psi4.driver.driver:641] Return gradient(): -533.8013197814354
2025-12-23:10:43:07,366 INFO     [psi4.driver.driver:642] [[ 0.00000000 -0.00000000 -0.21922265]
 [ 0.00000000  0.00000000  0.21922315]]
2025-12-23:10:43:07,367 INFO     [psi4.optking.history:269] 	Performing BFGS update.
2025-12-23:10:43:07,367 INFO     [psi4.optking.history:280] 	Using 3 previous steps for update.
2025-12-23:10:43:07,367 WARNING  [psi4.optking.history:301] 	Change in internal coordinate of 5.63e-01 exceeds limit of 5.00e-01.
2025-12-23:10:43:07,367 WARNING  [psi4.optking.history:306] 	Skipping Hessian update for step 2.
2025-12-23:10:43:07,368 WARNING  [psi4.optking.history:301] 	Change in internal coordinate of 7.78e-01 exceeds limit of 5.00e-01.
2025-12-23:10:43:07,368 WARNING  [psi4.optking.history:306] 	Skipping Hessian update for step 1.
2025-12-23:10:43:07,368 INFO     [psi4.optking.history:317] 	Steps to be used in Hessian update:  3

2025-12-23:10:43:07,368 INFO     [psi4.optking.history:418] 	Updated Hessian (in au) 
 	   0.517529

2025-12-23:10:43:07,368 INFO     [psi4.optking.molsys:944] Projected (PHP) Hessian matrix
	   0.517529

2025-12-23:10:43:07,368 INFO     [psi4.optking.opt_helper:182] 
	         Geometry (au)                                       Gradient (au)
   0.0000000000   0.0000000000   2.5903911379		   0.0000000000  -0.0000000000  -0.2192226550
   0.0000000000   0.0000000000  -0.4547825156		   0.0000000000   0.0000000000   0.2192231478

2025-12-23:10:43:07,368 INFO     [psi4.optking.stepAlgorithms:368] 	Current Step Report 
 
	Current energy:      -533.8013197814
	Energy change for the previous step:
		Actual       :        -0.0830374768
		Projected    :        -0.0533863785

2025-12-23:10:43:07,368 INFO     [psi4.optking.stepAlgorithms:371] 	Energy ratio =    1.55541
2025-12-23:10:43:07,368 INFO     [psi4.optking.stepAlgorithms:929] 	Using RFO solution 1.
2025-12-23:10:43:07,368 INFO     [psi4.optking.displace:100] 	Determining Cartesian step for fragment 1.
2025-12-23:10:43:07,368 INFO     [psi4.optking.displace:415] 	Successfully converged to displaced geometry.
2025-12-23:10:43:07,368 INFO     [psi4.optking.displace:416] 	RMS(dx):  0.000e+00 	Max(dx):  0.000e+00 	RMS(dq):  0.000e+00
2025-12-23:10:43:07,368 INFO     [psi4.optking.displace:172] 

	        --- Internal Coordinate Step in ANG or DEG, aJ/ANG or AJ/DEG ---
	-------------------------------------------------------------------------------
	           Coordinate      Previous         Force          Change          New 
	           ----------      --------        ------          ------        ------
	               R(1,2)       1.61144        1.80612        0.19402       1.80546
	-------------------------------------------------------------------------------

2025-12-23:10:43:07,368 INFO     [psi4.optking.stepAlgorithms:113] 	|target step| :    0.3666506378
2025-12-23:10:43:07,368 INFO     [psi4.optking.stepAlgorithms:114] 	gradient     :   -0.2192229014
2025-12-23:10:43:07,368 INFO     [psi4.optking.stepAlgorithms:115] 	hessian      :    0.5175285612
2025-12-23:10:43:07,368 INFO     [psi4.optking.stepAlgorithms:113] 	|target step| :    0.3666506378
2025-12-23:10:43:07,368 INFO     [psi4.optking.stepAlgorithms:114] 	gradient     :   -0.2192229014
2025-12-23:10:43:07,368 INFO     [psi4.optking.stepAlgorithms:115] 	hessian      :    0.5175285612
2025-12-23:10:43:07,368 INFO     [psi4.optking.stepAlgorithms:206] 	Norm of achieved step-size    0.3666506378
2025-12-23:10:43:07,368 INFO     [psi4.optking.stepAlgorithms:208] 	Norm of achieved step-size (cart):    0.2592611523
2025-12-23:10:43:07,369 INFO     [psi4.optking.opt_helper:164] Molsys:

	                            ===> Fragment 1 <== 

	 Z (Atomic Numbers)          Masses                          Geom                  
	       3.000000             7.016003          0.00000000  0.00000000  2.77371646   
	      18.000000            39.962383          0.00000000  0.00000000 -0.63810783   

	 - Coordinate -           - BOHR/RAD -       - ANG/DEG -
	 R(1,2)           =         3.411824           1.805460

2025-12-23:10:43:07,369 INFO     [psi4.optking.convcheck:76] Performing convergence check.
2025-12-23:10:43:07,369 INFO     [psi4.optking.convcheck:282] 
	                                 ==> Convergence Check <==                                  
    
	Measures of convergence in internal coordinates in au.
    
	Criteria marked as inactive (o), active & met (*), and active & unmet ( ).

	----------------------------------------------------------------------------------------------
	   Step    Total Energy     Delta E     Max Force     RMS Force      Max Disp      RMS Disp   
	----------------------------------------------------------------------------------------------
	  Convergence Criteria     1.00e-06 *    3.00e-04 *             o    1.20e-03 *             o
	----------------------------------------------------------------------------------------------
	     4    -533.80131978   -8.30e-02      2.19e-01      2.19e-01 o    3.67e-01      3.67e-01 o  ~
	----------------------------------------------------------------------------------------------


2025-12-23:10:43:07,369 INFO     [psi4.optking.stepAlgorithms:296] 	Convergence check returned False
2025-12-23:10:43:07,379 INFO     [psi4.driver.task_planner:259] PLANNING Atomic:  keywords={'DAMPING_PERCENTAGE': 1.0, 'GEOM_MAXITER': 500, 'SCF__GUESS': 'READ', 'GUESS': 'SAP', 'MAXITER': 500, 'REFERENCE': 'UKS', 'function_kwargs': {}}
2025-12-23:10:43:07,380 INFO     [psi4.driver.driver:638] Compute gradient(): method=b3lyp, basis=cc-pvdz, molecule=default, nre=15.827309788138322
2025-12-23:10:43:07,939 INFO     [psi4.driver.driver:641] Return gradient(): -533.8609260786877
2025-12-23:10:43:07,940 INFO     [psi4.driver.driver:642] [[-0.00000000  0.00000000 -0.11726728]
 [ 0.00000000 -0.00000000  0.11730971]]
2025-12-23:10:43:07,941 INFO     [psi4.optking.history:269] 	Performing BFGS update.
2025-12-23:10:43:07,941 INFO     [psi4.optking.history:280] 	Using 4 previous steps for update.
2025-12-23:10:43:07,941 WARNING  [psi4.optking.history:301] 	Change in internal coordinate of 6.56e-01 exceeds limit of 5.00e-01.
2025-12-23:10:43:07,941 WARNING  [psi4.optking.history:306] 	Skipping Hessian update for step 3.
2025-12-23:10:43:07,941 WARNING  [psi4.optking.history:301] 	Change in internal coordinate of 9.30e-01 exceeds limit of 5.00e-01.
2025-12-23:10:43:07,941 WARNING  [psi4.optking.history:306] 	Skipping Hessian update for step 2.
2025-12-23:10:43:07,941 WARNING  [psi4.optking.history:301] 	Change in internal coordinate of 1.14e+00 exceeds limit of 5.00e-01.
2025-12-23:10:43:07,941 WARNING  [psi4.optking.history:306] 	Skipping Hessian update for step 1.
2025-12-23:10:43:07,941 INFO     [psi4.optking.history:317] 	Steps to be used in Hessian update:  4

2025-12-23:10:43:07,942 INFO     [psi4.optking.history:418] 	Updated Hessian (in au) 
 	   0.278015

2025-12-23:10:43:07,942 INFO     [psi4.optking.molsys:944] Projected (PHP) Hessian matrix
	   0.278015

2025-12-23:10:43:07,942 INFO     [psi4.optking.opt_helper:182] 
	         Geometry (au)                                       Gradient (au)
   0.0000000000   0.0000000000   2.9022842090		  -0.0000000000   0.0000000000  -0.1172672829
   0.0000000000   0.0000000000  -0.5095400823		   0.0000000000  -0.0000000000   0.1173097064

2025-12-23:10:43:07,942 INFO     [psi4.optking.stepAlgorithms:368] 	Current Step Report 
 
	Current energy:      -533.8609260787
	Energy change for the previous step:
		Actual       :        -0.0596062973
		Projected    :        -0.0401891083

2025-12-23:10:43:07,942 INFO     [psi4.optking.stepAlgorithms:371] 	Energy ratio =    1.48315
2025-12-23:10:43:07,942 INFO     [psi4.optking.stepAlgorithms:929] 	Using RFO solution 1.
2025-12-23:10:43:07,942 INFO     [psi4.optking.displace:100] 	Determining Cartesian step for fragment 1.
2025-12-23:10:43:07,942 INFO     [psi4.optking.displace:415] 	Successfully converged to displaced geometry.
2025-12-23:10:43:07,942 INFO     [psi4.optking.displace:416] 	RMS(dx):  0.000e+00 	Max(dx):  0.000e+00 	RMS(dq):  0.000e+00
2025-12-23:10:43:07,942 INFO     [psi4.optking.displace:172] 

	        --- Internal Coordinate Step in ANG or DEG, aJ/ANG or AJ/DEG ---
	-------------------------------------------------------------------------------
	           Coordinate      Previous         Force          Change          New 
	           ----------      --------        ------          ------        ------
	               R(1,2)       1.80546        0.96631        0.19342       1.99888
	-------------------------------------------------------------------------------

2025-12-23:10:43:07,942 INFO     [psi4.optking.stepAlgorithms:113] 	|target step| :    0.3655147990
2025-12-23:10:43:07,942 INFO     [psi4.optking.stepAlgorithms:114] 	gradient     :   -0.1172884946
2025-12-23:10:43:07,942 INFO     [psi4.optking.stepAlgorithms:115] 	hessian      :    0.2780150810
2025-12-23:10:43:07,942 INFO     [psi4.optking.stepAlgorithms:113] 	|target step| :    0.3655147990
2025-12-23:10:43:07,942 INFO     [psi4.optking.stepAlgorithms:114] 	gradient     :   -0.1172884946
2025-12-23:10:43:07,942 INFO     [psi4.optking.stepAlgorithms:115] 	hessian      :    0.2780150810
2025-12-23:10:43:07,942 INFO     [psi4.optking.stepAlgorithms:206] 	Norm of achieved step-size    0.3655147990
2025-12-23:10:43:07,942 INFO     [psi4.optking.stepAlgorithms:208] 	Norm of achieved step-size (cart):    0.2584579930
2025-12-23:10:43:07,942 INFO     [psi4.optking.opt_helper:164] Molsys:

	                            ===> Fragment 1 <== 

	 Z (Atomic Numbers)          Masses                          Geom                  
	       3.000000             7.016003          0.00000000  0.00000000  3.08504161   
	      18.000000            39.962383          0.00000000  0.00000000 -0.69229748   

	 - Coordinate -           - BOHR/RAD -       - ANG/DEG -
	 R(1,2)           =         3.777339           1.998882

2025-12-23:10:43:07,943 INFO     [psi4.optking.convcheck:76] Performing convergence check.
2025-12-23:10:43:07,943 INFO     [psi4.optking.convcheck:282] 
	                                 ==> Convergence Check <==                                  
    
	Measures of convergence in internal coordinates in au.
    
	Criteria marked as inactive (o), active & met (*), and active & unmet ( ).

	----------------------------------------------------------------------------------------------
	   Step    Total Energy     Delta E     Max Force     RMS Force      Max Disp      RMS Disp   
	----------------------------------------------------------------------------------------------
	  Convergence Criteria     1.00e-06 *    3.00e-04 *             o    1.20e-03 *             o
	----------------------------------------------------------------------------------------------
	     5    -533.86092608   -5.96e-02      1.17e-01      1.17e-01 o    3.66e-01      3.66e-01 o  ~
	----------------------------------------------------------------------------------------------


2025-12-23:10:43:07,943 INFO     [psi4.optking.stepAlgorithms:296] 	Convergence check returned False
2025-12-23:10:43:07,953 INFO     [psi4.driver.task_planner:259] PLANNING Atomic:  keywords={'DAMPING_PERCENTAGE': 1.0, 'GEOM_MAXITER': 500, 'SCF__GUESS': 'READ', 'GUESS': 'SAP', 'MAXITER': 500, 'REFERENCE': 'UKS', 'function_kwargs': {}}
2025-12-23:10:43:07,954 INFO     [psi4.driver.driver:638] Compute gradient(): method=b3lyp, basis=cc-pvdz, molecule=default, nre=14.295777717989152
2025-12-23:10:43:08,485 INFO     [psi4.driver.driver:641] Return gradient(): -533.8928805025197
2025-12-23:10:43:08,485 INFO     [psi4.driver.driver:642] [[ 0.00000000 -0.00000000 -0.06256860]
 [ 0.00000000  0.00000000  0.06265152]]
2025-12-23:10:43:08,486 INFO     [psi4.optking.history:269] 	Performing BFGS update.
2025-12-23:10:43:08,486 INFO     [psi4.optking.history:280] 	Using 4 previous steps for update.
2025-12-23:10:43:08,487 WARNING  [psi4.optking.history:301] 	Change in internal coordinate of 7.32e-01 exceeds limit of 5.00e-01.
2025-12-23:10:43:08,487 WARNING  [psi4.optking.history:306] 	Skipping Hessian update for step 4.
2025-12-23:10:43:08,487 WARNING  [psi4.optking.history:301] 	Change in internal coordinate of 1.02e+00 exceeds limit of 5.00e-01.
2025-12-23:10:43:08,487 WARNING  [psi4.optking.history:306] 	Skipping Hessian update for step 3.
2025-12-23:10:43:08,487 WARNING  [psi4.optking.history:301] 	Change in internal coordinate of 1.30e+00 exceeds limit of 5.00e-01.
2025-12-23:10:43:08,487 WARNING  [psi4.optking.history:306] 	Skipping Hessian update for step 2.
2025-12-23:10:43:08,487 WARNING  [psi4.optking.history:301] 	Change in internal coordinate of 1.51e+00 exceeds limit of 5.00e-01.
2025-12-23:10:43:08,487 WARNING  [psi4.optking.history:306] 	Skipping Hessian update for step 1.
2025-12-23:10:43:08,487 INFO     [psi4.optking.history:317] 	Steps to be used in Hessian update:  5

2025-12-23:10:43:08,487 INFO     [psi4.optking.history:418] 	Updated Hessian (in au) 
 	   0.149593

2025-12-23:10:43:08,487 INFO     [psi4.optking.molsys:944] Projected (PHP) Hessian matrix
	   0.149593

2025-12-23:10:43:08,487 INFO     [psi4.optking.opt_helper:182] 
	         Geometry (au)                                       Gradient (au)
   0.0000000000   0.0000000000   3.2132110736		   0.0000000000  -0.0000000000  -0.0625685976
   0.0000000000   0.0000000000  -0.5641280167		   0.0000000000   0.0000000000   0.0626515172

2025-12-23:10:43:08,487 INFO     [psi4.optking.stepAlgorithms:368] 	Current Step Report 
 
	Current energy:      -533.8928805025
	Energy change for the previous step:
		Actual       :        -0.0319544238
		Projected    :        -0.0214353403

2025-12-23:10:43:08,487 INFO     [psi4.optking.stepAlgorithms:371] 	Energy ratio =    1.49074
2025-12-23:10:43:08,487 INFO     [psi4.optking.stepAlgorithms:929] 	Using RFO solution 1.
2025-12-23:10:43:08,487 INFO     [psi4.optking.displace:100] 	Determining Cartesian step for fragment 1.
2025-12-23:10:43:08,488 INFO     [psi4.optking.displace:415] 	Successfully converged to displaced geometry.
2025-12-23:10:43:08,488 INFO     [psi4.optking.displace:416] 	RMS(dx):  0.000e+00 	Max(dx):  0.000e+00 	RMS(dq):  0.000e+00
2025-12-23:10:43:08,488 INFO     [psi4.optking.displace:172] 

	        --- Internal Coordinate Step in ANG or DEG, aJ/ANG or AJ/DEG ---
	-------------------------------------------------------------------------------
	           Coordinate      Previous         Force          Change          New 
	           ----------      --------        ------          ------        ------
	               R(1,2)       1.99888        0.51583        0.19225       2.19113
	-------------------------------------------------------------------------------

2025-12-23:10:43:08,488 INFO     [psi4.optking.stepAlgorithms:113] 	|target step| :    0.3632960617
2025-12-23:10:43:08,488 INFO     [psi4.optking.stepAlgorithms:114] 	gradient     :   -0.0626100574
2025-12-23:10:43:08,488 INFO     [psi4.optking.stepAlgorithms:115] 	hessian      :    0.1495929506
2025-12-23:10:43:08,488 INFO     [psi4.optking.stepAlgorithms:113] 	|target step| :    0.3632960617
2025-12-23:10:43:08,488 INFO     [psi4.optking.stepAlgorithms:114] 	gradient     :   -0.0626100574
2025-12-23:10:43:08,488 INFO     [psi4.optking.stepAlgorithms:115] 	hessian      :    0.1495929506
2025-12-23:10:43:08,488 INFO     [psi4.optking.stepAlgorithms:206] 	Norm of achieved step-size    0.3632960617
2025-12-23:10:43:08,488 INFO     [psi4.optking.stepAlgorithms:208] 	Norm of achieved step-size (cart):    0.2568891088
2025-12-23:10:43:08,488 INFO     [psi4.optking.opt_helper:164] Molsys:

	                            ===> Fragment 1 <== 

	 Z (Atomic Numbers)          Masses                          Geom                  
	       3.000000             7.016003          0.00000000  0.00000000  3.39485910   
	      18.000000            39.962383          0.00000000  0.00000000 -0.74577605   

	 - Coordinate -           - BOHR/RAD -       - ANG/DEG -
	 R(1,2)           =         4.140635           2.191130

2025-12-23:10:43:08,488 INFO     [psi4.optking.convcheck:76] Performing convergence check.
2025-12-23:10:43:08,488 INFO     [psi4.optking.convcheck:282] 
	                                 ==> Convergence Check <==                                  
    
	Measures of convergence in internal coordinates in au.
    
	Criteria marked as inactive (o), active & met (*), and active & unmet ( ).

	----------------------------------------------------------------------------------------------
	   Step    Total Energy     Delta E     Max Force     RMS Force      Max Disp      RMS Disp   
	----------------------------------------------------------------------------------------------
	  Convergence Criteria     1.00e-06 *    3.00e-04 *             o    1.20e-03 *             o
	----------------------------------------------------------------------------------------------
	     6    -533.89288050   -3.20e-02      6.26e-02      6.26e-02 o    3.63e-01      3.63e-01 o  ~
	----------------------------------------------------------------------------------------------


2025-12-23:10:43:08,488 INFO     [psi4.optking.stepAlgorithms:296] 	Convergence check returned False
2025-12-23:10:43:08,498 INFO     [psi4.driver.task_planner:259] PLANNING Atomic:  keywords={'DAMPING_PERCENTAGE': 1.0, 'GEOM_MAXITER': 500, 'SCF__GUESS': 'READ', 'GUESS': 'SAP', 'MAXITER': 500, 'REFERENCE': 'UKS', 'function_kwargs': {}}
2025-12-23:10:43:08,500 INFO     [psi4.driver.driver:638] Compute gradient(): method=b3lyp, basis=cc-pvdz, molecule=default, nre=13.041477458945476
2025-12-23:10:43:09,35 INFO     [psi4.driver.driver:641] Return gradient(): -533.9091225821386
2025-12-23:10:43:09,36 INFO     [psi4.driver.driver:642] [[ 0.00000000  0.00000000 -0.02915476]
 [-0.00000000  0.00000000  0.02920640]]
2025-12-23:10:43:09,37 INFO     [psi4.optking.history:269] 	Performing BFGS update.
2025-12-23:10:43:09,37 INFO     [psi4.optking.history:280] 	Using 4 previous steps for update.
2025-12-23:10:43:09,37 WARNING  [psi4.optking.history:301] 	Change in internal coordinate of 7.29e-01 exceeds limit of 5.00e-01.
2025-12-23:10:43:09,37 WARNING  [psi4.optking.history:306] 	Skipping Hessian update for step 5.
2025-12-23:10:43:09,38 WARNING  [psi4.optking.history:301] 	Change in internal coordinate of 1.10e+00 exceeds limit of 5.00e-01.
2025-12-23:10:43:09,38 WARNING  [psi4.optking.history:306] 	Skipping Hessian update for step 4.
2025-12-23:10:43:09,38 WARNING  [psi4.optking.history:301] 	Change in internal coordinate of 1.38e+00 exceeds limit of 5.00e-01.
2025-12-23:10:43:09,38 WARNING  [psi4.optking.history:306] 	Skipping Hessian update for step 3.
2025-12-23:10:43:09,38 WARNING  [psi4.optking.history:301] 	Change in internal coordinate of 1.66e+00 exceeds limit of 5.00e-01.
2025-12-23:10:43:09,38 WARNING  [psi4.optking.history:306] 	Skipping Hessian update for step 2.
2025-12-23:10:43:09,38 WARNING  [psi4.optking.history:301] 	Change in internal coordinate of 1.87e+00 exceeds limit of 5.00e-01.
2025-12-23:10:43:09,38 WARNING  [psi4.optking.history:306] 	Skipping Hessian update for step 1.
2025-12-23:10:43:09,38 INFO     [psi4.optking.history:317] 	Steps to be used in Hessian update:  6

2025-12-23:10:43:09,38 INFO     [psi4.optking.history:418] 	Updated Hessian (in au) 
 	   0.092017

2025-12-23:10:43:09,38 INFO     [psi4.optking.molsys:944] Projected (PHP) Hessian matrix
	   0.092017

2025-12-23:10:43:09,38 INFO     [psi4.optking.opt_helper:182] 
	         Geometry (au)                                       Gradient (au)
   0.0000000000   0.0000000000   3.5222505589		   0.0000000000   0.0000000000  -0.0291547618
   0.0000000000   0.0000000000  -0.6183845931		  -0.0000000000   0.0000000000   0.0292063964

2025-12-23:10:43:09,38 INFO     [psi4.optking.stepAlgorithms:368] 	Current Step Report 
 
	Current energy:      -533.9091225821
	Energy change for the previous step:
		Actual       :        -0.0162420796
		Projected    :        -0.0113729936

2025-12-23:10:43:09,38 INFO     [psi4.optking.stepAlgorithms:371] 	Energy ratio =    1.42813
2025-12-23:10:43:09,38 INFO     [psi4.optking.stepAlgorithms:929] 	Using RFO solution 1.
2025-12-23:10:43:09,38 INFO     [psi4.optking.displace:100] 	Determining Cartesian step for fragment 1.
2025-12-23:10:43:09,39 INFO     [psi4.optking.displace:415] 	Successfully converged to displaced geometry.
2025-12-23:10:43:09,39 INFO     [psi4.optking.displace:416] 	RMS(dx):  2.564e-16 	Max(dx):  4.441e-16 	RMS(dq):  8.882e-16
2025-12-23:10:43:09,39 INFO     [psi4.optking.displace:172] 

	        --- Internal Coordinate Step in ANG or DEG, aJ/ANG or AJ/DEG ---
	-------------------------------------------------------------------------------
	           Coordinate      Previous         Force          Change          New 
	           ----------      --------        ------          ------        ------
	               R(1,2)       2.19113        0.24041        0.15366       2.34479
	-------------------------------------------------------------------------------

2025-12-23:10:43:09,39 INFO     [psi4.optking.stepAlgorithms:113] 	|target step| :    0.2903809972
2025-12-23:10:43:09,39 INFO     [psi4.optking.stepAlgorithms:114] 	gradient     :   -0.0291805791
2025-12-23:10:43:09,39 INFO     [psi4.optking.stepAlgorithms:115] 	hessian      :    0.0920171778
2025-12-23:10:43:09,39 INFO     [psi4.optking.stepAlgorithms:113] 	|target step| :    0.2903809972
2025-12-23:10:43:09,39 INFO     [psi4.optking.stepAlgorithms:114] 	gradient     :   -0.0291805791
2025-12-23:10:43:09,39 INFO     [psi4.optking.stepAlgorithms:115] 	hessian      :    0.0920171778
2025-12-23:10:43:09,39 INFO     [psi4.optking.stepAlgorithms:206] 	Norm of achieved step-size    0.2903809972
2025-12-23:10:43:09,39 INFO     [psi4.optking.stepAlgorithms:208] 	Norm of achieved step-size (cart):    0.2053303722
2025-12-23:10:43:09,39 INFO     [psi4.optking.opt_helper:164] Molsys:

	                            ===> Fragment 1 <== 

	 Z (Atomic Numbers)          Masses                          Geom                  
	       3.000000             7.016003          0.00000000  0.00000000  3.66744106   
	      18.000000            39.962383          0.00000000  0.00000000 -0.76357509   

	 - Coordinate -           - BOHR/RAD -       - ANG/DEG -
	 R(1,2)           =         4.431016           2.344793

2025-12-23:10:43:09,39 INFO     [psi4.optking.convcheck:76] Performing convergence check.
2025-12-23:10:43:09,39 INFO     [psi4.optking.convcheck:282] 
	                                 ==> Convergence Check <==                                  
    
	Measures of convergence in internal coordinates in au.
    
	Criteria marked as inactive (o), active & met (*), and active & unmet ( ).

	----------------------------------------------------------------------------------------------
	   Step    Total Energy     Delta E     Max Force     RMS Force      Max Disp      RMS Disp   
	----------------------------------------------------------------------------------------------
	  Convergence Criteria     1.00e-06 *    3.00e-04 *             o    1.20e-03 *             o
	----------------------------------------------------------------------------------------------
	     7    -533.90912258   -1.62e-02      2.92e-02      2.92e-02 o    2.90e-01      2.90e-01 o  ~
	----------------------------------------------------------------------------------------------


2025-12-23:10:43:09,39 INFO     [psi4.optking.stepAlgorithms:296] 	Convergence check returned False
2025-12-23:10:43:09,50 INFO     [psi4.driver.task_planner:259] PLANNING Atomic:  keywords={'DAMPING_PERCENTAGE': 1.0, 'GEOM_MAXITER': 500, 'SCF__GUESS': 'READ', 'GUESS': 'SAP', 'MAXITER': 500, 'REFERENCE': 'UKS', 'function_kwargs': {}}
2025-12-23:10:43:09,51 INFO     [psi4.driver.driver:638] Compute gradient(): method=b3lyp, basis=cc-pvdz, molecule=default, nre=12.186820851630229
2025-12-23:10:43:09,574 INFO     [psi4.driver.driver:641] Return gradient(): -533.9146948716876
2025-12-23:10:43:09,574 INFO     [psi4.driver.driver:642] [[ 0.00000000 -0.00000000 -0.01011954]
 [-0.00000000  0.00000000  0.01017786]]
2025-12-23:10:43:09,576 INFO     [psi4.optking.history:269] 	Performing BFGS update.
2025-12-23:10:43:09,576 INFO     [psi4.optking.history:280] 	Using 4 previous steps for update.
2025-12-23:10:43:09,576 WARNING  [psi4.optking.history:301] 	Change in internal coordinate of 6.54e-01 exceeds limit of 5.00e-01.
2025-12-23:10:43:09,576 WARNING  [psi4.optking.history:306] 	Skipping Hessian update for step 6.
2025-12-23:10:43:09,576 WARNING  [psi4.optking.history:301] 	Change in internal coordinate of 1.02e+00 exceeds limit of 5.00e-01.
2025-12-23:10:43:09,576 WARNING  [psi4.optking.history:306] 	Skipping Hessian update for step 5.
2025-12-23:10:43:09,576 WARNING  [psi4.optking.history:301] 	Change in internal coordinate of 1.39e+00 exceeds limit of 5.00e-01.
2025-12-23:10:43:09,576 WARNING  [psi4.optking.history:306] 	Skipping Hessian update for step 4.
2025-12-23:10:43:09,576 WARNING  [psi4.optking.history:301] 	Change in internal coordinate of 1.68e+00 exceeds limit of 5.00e-01.
2025-12-23:10:43:09,576 WARNING  [psi4.optking.history:306] 	Skipping Hessian update for step 3.
2025-12-23:10:43:09,576 WARNING  [psi4.optking.history:301] 	Change in internal coordinate of 1.95e+00 exceeds limit of 5.00e-01.
2025-12-23:10:43:09,576 WARNING  [psi4.optking.history:306] 	Skipping Hessian update for step 2.
2025-12-23:10:43:09,577 WARNING  [psi4.optking.history:301] 	Change in internal coordinate of 2.16e+00 exceeds limit of 5.00e-01.
2025-12-23:10:43:09,577 WARNING  [psi4.optking.history:306] 	Skipping Hessian update for step 1.
2025-12-23:10:43:09,577 INFO     [psi4.optking.history:317] 	Steps to be used in Hessian update:  7

2025-12-23:10:43:09,577 INFO     [psi4.optking.history:418] 	Updated Hessian (in au) 
 	   0.065541

2025-12-23:10:43:09,577 INFO     [psi4.optking.molsys:944] Projected (PHP) Hessian matrix
	   0.065541

2025-12-23:10:43:09,577 INFO     [psi4.optking.opt_helper:182] 
	         Geometry (au)                                       Gradient (au)
   0.0000000000   0.0000000000   3.7692645053		   0.0000000000  -0.0000000000  -0.0101195412
   0.0000000000   0.0000000000  -0.6617516438		  -0.0000000000   0.0000000000   0.0101778586

2025-12-23:10:43:09,577 INFO     [psi4.optking.stepAlgorithms:368] 	Current Step Report 
 
	Current energy:      -533.9146948717
	Energy change for the previous step:
		Actual       :        -0.0055722895
		Projected    :        -0.0042367428

2025-12-23:10:43:09,577 INFO     [psi4.optking.stepAlgorithms:371] 	Energy ratio =    1.31523
2025-12-23:10:43:09,577 INFO     [psi4.optking.stepAlgorithms:929] 	Using RFO solution 1.
2025-12-23:10:43:09,577 INFO     [psi4.optking.displace:100] 	Determining Cartesian step for fragment 1.
2025-12-23:10:43:09,577 INFO     [psi4.optking.displace:415] 	Successfully converged to displaced geometry.
2025-12-23:10:43:09,577 INFO     [psi4.optking.displace:416] 	RMS(dx):  0.000e+00 	Max(dx):  0.000e+00 	RMS(dq):  0.000e+00
2025-12-23:10:43:09,577 INFO     [psi4.optking.displace:172] 

	        --- Internal Coordinate Step in ANG or DEG, aJ/ANG or AJ/DEG ---
	-------------------------------------------------------------------------------
	           Coordinate      Previous         Force          Change          New 
	           ----------      --------        ------          ------        ------
	               R(1,2)       2.34479        0.08361        0.08006       2.42486
	-------------------------------------------------------------------------------

2025-12-23:10:43:09,577 INFO     [psi4.optking.stepAlgorithms:113] 	|target step| :    0.1513002369
2025-12-23:10:43:09,577 INFO     [psi4.optking.stepAlgorithms:114] 	gradient     :   -0.0101486999
2025-12-23:10:43:09,577 INFO     [psi4.optking.stepAlgorithms:115] 	hessian      :    0.0655410627
2025-12-23:10:43:09,577 INFO     [psi4.optking.stepAlgorithms:113] 	|target step| :    0.1513002369
2025-12-23:10:43:09,577 INFO     [psi4.optking.stepAlgorithms:114] 	gradient     :   -0.0101486999
2025-12-23:10:43:09,577 INFO     [psi4.optking.stepAlgorithms:115] 	hessian      :    0.0655410627
2025-12-23:10:43:09,577 INFO     [psi4.optking.stepAlgorithms:206] 	Norm of achieved step-size    0.1513002369
2025-12-23:10:43:09,577 INFO     [psi4.optking.stepAlgorithms:208] 	Norm of achieved step-size (cart):    0.1069854235
2025-12-23:10:43:09,578 INFO     [psi4.optking.opt_helper:164] Molsys:

	                            ===> Fragment 1 <== 

	 Z (Atomic Numbers)          Masses                          Geom                  
	       3.000000             7.016003          0.00000000  0.00000000  3.84491462   
	      18.000000            39.962383          0.00000000  0.00000000 -0.73740176   

	 - Coordinate -           - BOHR/RAD -       - ANG/DEG -
	 R(1,2)           =         4.582316           2.424857

2025-12-23:10:43:09,578 INFO     [psi4.optking.convcheck:76] Performing convergence check.
2025-12-23:10:43:09,578 INFO     [psi4.optking.convcheck:282] 
	                                 ==> Convergence Check <==                                  
    
	Measures of convergence in internal coordinates in au.
    
	Criteria marked as inactive (o), active & met (*), and active & unmet ( ).

	----------------------------------------------------------------------------------------------
	   Step    Total Energy     Delta E     Max Force     RMS Force      Max Disp      RMS Disp   
	----------------------------------------------------------------------------------------------
	  Convergence Criteria     1.00e-06 *    3.00e-04 *             o    1.20e-03 *             o
	----------------------------------------------------------------------------------------------
	     8    -533.91469487   -5.57e-03      1.01e-02      1.01e-02 o    1.51e-01      1.51e-01 o  ~
	----------------------------------------------------------------------------------------------


2025-12-23:10:43:09,578 INFO     [psi4.optking.stepAlgorithms:296] 	Convergence check returned False
2025-12-23:10:43:09,588 INFO     [psi4.driver.task_planner:259] PLANNING Atomic:  keywords={'DAMPING_PERCENTAGE': 1.0, 'GEOM_MAXITER': 500, 'SCF__GUESS': 'READ', 'GUESS': 'SAP', 'MAXITER': 500, 'REFERENCE': 'UKS', 'function_kwargs': {}}
2025-12-23:10:43:09,589 INFO     [psi4.driver.driver:638] Compute gradient(): method=b3lyp, basis=cc-pvdz, molecule=default, nre=11.784432904863223
2025-12-23:10:43:10,141 INFO     [psi4.driver.driver:641] Return gradient(): -533.9155948659331
2025-12-23:10:43:10,141 INFO     [psi4.driver.driver:642] [[ 0.00000000  0.00000000 -0.00196626]
 [-0.00000000 -0.00000000  0.00203152]]
2025-12-23:10:43:10,142 INFO     [psi4.optking.history:269] 	Performing BFGS update.
2025-12-23:10:43:10,142 INFO     [psi4.optking.history:280] 	Using 4 previous steps for update.
2025-12-23:10:43:10,142 WARNING  [psi4.optking.history:301] 	Change in internal coordinate of 8.05e-01 exceeds limit of 5.00e-01.
2025-12-23:10:43:10,142 WARNING  [psi4.optking.history:306] 	Skipping Hessian update for step 6.
2025-12-23:10:43:10,142 WARNING  [psi4.optking.history:301] 	Change in internal coordinate of 1.17e+00 exceeds limit of 5.00e-01.
2025-12-23:10:43:10,142 WARNING  [psi4.optking.history:306] 	Skipping Hessian update for step 5.
2025-12-23:10:43:10,143 WARNING  [psi4.optking.history:301] 	Change in internal coordinate of 1.54e+00 exceeds limit of 5.00e-01.
2025-12-23:10:43:10,143 WARNING  [psi4.optking.history:306] 	Skipping Hessian update for step 4.
2025-12-23:10:43:10,143 WARNING  [psi4.optking.history:301] 	Change in internal coordinate of 1.83e+00 exceeds limit of 5.00e-01.
2025-12-23:10:43:10,143 WARNING  [psi4.optking.history:306] 	Skipping Hessian update for step 3.
2025-12-23:10:43:10,143 WARNING  [psi4.optking.history:301] 	Change in internal coordinate of 2.10e+00 exceeds limit of 5.00e-01.
2025-12-23:10:43:10,143 WARNING  [psi4.optking.history:306] 	Skipping Hessian update for step 2.
2025-12-23:10:43:10,143 WARNING  [psi4.optking.history:301] 	Change in internal coordinate of 2.31e+00 exceeds limit of 5.00e-01.
2025-12-23:10:43:10,143 WARNING  [psi4.optking.history:306] 	Skipping Hessian update for step 1.
2025-12-23:10:43:10,143 INFO     [psi4.optking.history:317] 	Steps to be used in Hessian update:  8 7

2025-12-23:10:43:10,143 INFO     [psi4.optking.history:418] 	Updated Hessian (in au) 
 	   0.061541

2025-12-23:10:43:10,143 INFO     [psi4.optking.molsys:944] Projected (PHP) Hessian matrix
	   0.061541

2025-12-23:10:43:10,143 INFO     [psi4.optking.opt_helper:182] 
	         Geometry (au)                                       Gradient (au)
   0.0000000000   0.0000000000   3.8979687559		   0.0000000000   0.0000000000  -0.0019662558
   0.0000000000   0.0000000000  -0.6843476302		  -0.0000000000  -0.0000000000   0.0020315156

2025-12-23:10:43:10,143 INFO     [psi4.optking.stepAlgorithms:368] 	Current Step Report 
 
	Current energy:      -533.9155948659
	Energy change for the previous step:
		Actual       :        -0.0008999942
		Projected    :        -0.0007677504

2025-12-23:10:43:10,143 INFO     [psi4.optking.stepAlgorithms:371] 	Energy ratio =    1.17225
2025-12-23:10:43:10,143 INFO     [psi4.optking.stepAlgorithms:929] 	Using RFO solution 1.
2025-12-23:10:43:10,143 INFO     [psi4.optking.displace:100] 	Determining Cartesian step for fragment 1.
2025-12-23:10:43:10,143 INFO     [psi4.optking.displace:415] 	Successfully converged to displaced geometry.
2025-12-23:10:43:10,143 INFO     [psi4.optking.displace:416] 	RMS(dx):  2.564e-16 	Max(dx):  4.441e-16 	RMS(dq):  8.882e-16
2025-12-23:10:43:10,144 INFO     [psi4.optking.displace:172] 

	        --- Internal Coordinate Step in ANG or DEG, aJ/ANG or AJ/DEG ---
	-------------------------------------------------------------------------------
	           Coordinate      Previous         Force          Change          New 
	           ----------      --------        ------          ------        ------
	               R(1,2)       2.42486        0.01647        0.01717       2.44203
	-------------------------------------------------------------------------------

2025-12-23:10:43:10,144 INFO     [psi4.optking.stepAlgorithms:113] 	|target step| :    0.0324461344
2025-12-23:10:43:10,144 INFO     [psi4.optking.stepAlgorithms:114] 	gradient     :   -0.0019988857
2025-12-23:10:43:10,144 INFO     [psi4.optking.stepAlgorithms:115] 	hessian      :    0.0615414268
2025-12-23:10:43:10,144 INFO     [psi4.optking.stepAlgorithms:113] 	|target step| :    0.0324461344
2025-12-23:10:43:10,144 INFO     [psi4.optking.stepAlgorithms:114] 	gradient     :   -0.0019988857
2025-12-23:10:43:10,144 INFO     [psi4.optking.stepAlgorithms:115] 	hessian      :    0.0615414268
2025-12-23:10:43:10,144 INFO     [psi4.optking.stepAlgorithms:206] 	Norm of achieved step-size    0.0324461344
2025-12-23:10:43:10,144 INFO     [psi4.optking.stepAlgorithms:208] 	Norm of achieved step-size (cart):    0.0229428817
2025-12-23:10:43:10,144 INFO     [psi4.optking.opt_helper:164] Molsys:

	                            ===> Fragment 1 <== 

	 Z (Atomic Numbers)          Masses                          Geom                  
	       3.000000             7.016003          0.00000000  0.00000000  3.91419182   
	      18.000000            39.962383          0.00000000  0.00000000 -0.70057070   

	 - Coordinate -           - BOHR/RAD -       - ANG/DEG -
	 R(1,2)           =         4.614763           2.442027

2025-12-23:10:43:10,144 INFO     [psi4.optking.convcheck:76] Performing convergence check.
2025-12-23:10:43:10,144 INFO     [psi4.optking.convcheck:282] 
	                                 ==> Convergence Check <==                                  
    
	Measures of convergence in internal coordinates in au.
    
	Criteria marked as inactive (o), active & met (*), and active & unmet ( ).

	----------------------------------------------------------------------------------------------
	   Step    Total Energy     Delta E     Max Force     RMS Force      Max Disp      RMS Disp   
	----------------------------------------------------------------------------------------------
	  Convergence Criteria     1.00e-06 *    3.00e-04 *             o    1.20e-03 *             o
	----------------------------------------------------------------------------------------------
	     9    -533.91559487   -9.00e-04      2.00e-03      2.00e-03 o    3.24e-02      3.24e-02 o  ~
	----------------------------------------------------------------------------------------------


2025-12-23:10:43:10,144 INFO     [psi4.optking.stepAlgorithms:296] 	Convergence check returned False
2025-12-23:10:43:10,154 INFO     [psi4.driver.task_planner:259] PLANNING Atomic:  keywords={'DAMPING_PERCENTAGE': 1.0, 'GEOM_MAXITER': 500, 'SCF__GUESS': 'READ', 'GUESS': 'SAP', 'MAXITER': 500, 'REFERENCE': 'UKS', 'function_kwargs': {}}
2025-12-23:10:43:10,155 INFO     [psi4.driver.driver:638] Compute gradient(): method=b3lyp, basis=cc-pvdz, molecule=default, nre=11.701577223234105
2025-12-23:10:43:10,684 INFO     [psi4.driver.driver:641] Return gradient(): -533.9156318822876
2025-12-23:10:43:10,684 INFO     [psi4.driver.driver:642] [[-0.00000000  0.00000000 -0.00035022]
 [-0.00000000  0.00000000  0.00042813]]
2025-12-23:10:43:10,686 INFO     [psi4.optking.history:269] 	Performing BFGS update.
2025-12-23:10:43:10,686 INFO     [psi4.optking.history:280] 	Using 4 previous steps for update.
2025-12-23:10:43:10,686 WARNING  [psi4.optking.history:301] 	Change in internal coordinate of 8.37e-01 exceeds limit of 5.00e-01.
2025-12-23:10:43:10,686 WARNING  [psi4.optking.history:306] 	Skipping Hessian update for step 6.
2025-12-23:10:43:10,686 WARNING  [psi4.optking.history:301] 	Change in internal coordinate of 1.20e+00 exceeds limit of 5.00e-01.
2025-12-23:10:43:10,686 WARNING  [psi4.optking.history:306] 	Skipping Hessian update for step 5.
2025-12-23:10:43:10,686 WARNING  [psi4.optking.history:301] 	Change in internal coordinate of 1.57e+00 exceeds limit of 5.00e-01.
2025-12-23:10:43:10,686 WARNING  [psi4.optking.history:306] 	Skipping Hessian update for step 4.
2025-12-23:10:43:10,686 WARNING  [psi4.optking.history:301] 	Change in internal coordinate of 1.86e+00 exceeds limit of 5.00e-01.
2025-12-23:10:43:10,686 WARNING  [psi4.optking.history:306] 	Skipping Hessian update for step 3.
2025-12-23:10:43:10,686 WARNING  [psi4.optking.history:301] 	Change in internal coordinate of 2.13e+00 exceeds limit of 5.00e-01.
2025-12-23:10:43:10,686 WARNING  [psi4.optking.history:306] 	Skipping Hessian update for step 2.
2025-12-23:10:43:10,686 WARNING  [psi4.optking.history:301] 	Change in internal coordinate of 2.35e+00 exceeds limit of 5.00e-01.
2025-12-23:10:43:10,686 WARNING  [psi4.optking.history:306] 	Skipping Hessian update for step 1.
2025-12-23:10:43:10,686 INFO     [psi4.optking.history:317] 	Steps to be used in Hessian update:  9 8 7

2025-12-23:10:43:10,686 INFO     [psi4.optking.history:418] 	Updated Hessian (in au) 
 	   0.060725

2025-12-23:10:43:10,686 INFO     [psi4.optking.molsys:944] Projected (PHP) Hessian matrix
	   0.060725

2025-12-23:10:43:10,686 INFO     [psi4.optking.opt_helper:182] 
	         Geometry (au)                                       Gradient (au)
   0.0000000000   0.0000000000   3.9255692111		  -0.0000000000   0.0000000000  -0.0003502187
   0.0000000000   0.0000000000  -0.6891933094		  -0.0000000000   0.0000000000   0.0004281306

2025-12-23:10:43:10,686 INFO     [psi4.optking.stepAlgorithms:368] 	Current Step Report 
 
	Current energy:      -533.9156318823
	Energy change for the previous step:
		Actual       :        -0.0000370164
		Projected    :        -0.0000324281

2025-12-23:10:43:10,686 INFO     [psi4.optking.stepAlgorithms:371] 	Energy ratio =    1.14149
2025-12-23:10:43:10,687 INFO     [psi4.optking.stepAlgorithms:929] 	Using RFO solution 1.
2025-12-23:10:43:10,687 INFO     [psi4.optking.displace:100] 	Determining Cartesian step for fragment 1.
2025-12-23:10:43:10,687 INFO     [psi4.optking.displace:415] 	Successfully converged to displaced geometry.
2025-12-23:10:43:10,687 INFO     [psi4.optking.displace:416] 	RMS(dx):  0.000e+00 	Max(dx):  0.000e+00 	RMS(dq):  0.000e+00
2025-12-23:10:43:10,687 INFO     [psi4.optking.displace:172] 

	        --- Internal Coordinate Step in ANG or DEG, aJ/ANG or AJ/DEG ---
	-------------------------------------------------------------------------------
	           Coordinate      Previous         Force          Change          New 
	           ----------      --------        ------          ------        ------
	               R(1,2)       2.44203        0.00321        0.00339       2.44542
	-------------------------------------------------------------------------------

2025-12-23:10:43:10,687 INFO     [psi4.optking.stepAlgorithms:113] 	|target step| :    0.0064085370
2025-12-23:10:43:10,687 INFO     [psi4.optking.stepAlgorithms:114] 	gradient     :   -0.0003891747
2025-12-23:10:43:10,687 INFO     [psi4.optking.stepAlgorithms:115] 	hessian      :    0.0607250421
2025-12-23:10:43:10,687 INFO     [psi4.optking.stepAlgorithms:113] 	|target step| :    0.0064085370
2025-12-23:10:43:10,687 INFO     [psi4.optking.stepAlgorithms:114] 	gradient     :   -0.0003891747
2025-12-23:10:43:10,687 INFO     [psi4.optking.stepAlgorithms:115] 	hessian      :    0.0607250421
2025-12-23:10:43:10,687 INFO     [psi4.optking.stepAlgorithms:206] 	Norm of achieved step-size    0.0064085370
2025-12-23:10:43:10,687 INFO     [psi4.optking.stepAlgorithms:208] 	Norm of achieved step-size (cart):    0.0045315200
2025-12-23:10:43:10,687 INFO     [psi4.optking.opt_helper:164] Molsys:

	                            ===> Fragment 1 <== 

	 Z (Atomic Numbers)          Masses                          Geom                  
	       3.000000             7.016003          0.00000000  0.00000000  3.92877348   
	      18.000000            39.962383          0.00000000  0.00000000 -0.69239758   

	 - Coordinate -           - BOHR/RAD -       - ANG/DEG -
	 R(1,2)           =         4.621171           2.445418

2025-12-23:10:43:10,687 INFO     [psi4.optking.convcheck:76] Performing convergence check.
2025-12-23:10:43:10,687 INFO     [psi4.optking.convcheck:282] 
	                                 ==> Convergence Check <==                                  
    
	Measures of convergence in internal coordinates in au.
    
	Criteria marked as inactive (o), active & met (*), and active & unmet ( ).

	----------------------------------------------------------------------------------------------
	   Step    Total Energy     Delta E     Max Force     RMS Force      Max Disp      RMS Disp   
	----------------------------------------------------------------------------------------------
	  Convergence Criteria     1.00e-06 *    3.00e-04 *             o    1.20e-03 *             o
	----------------------------------------------------------------------------------------------
	    10    -533.91563188   -3.70e-05      3.89e-04      3.89e-04 o    6.41e-03      6.41e-03 o  ~
	----------------------------------------------------------------------------------------------


2025-12-23:10:43:10,687 INFO     [psi4.optking.stepAlgorithms:296] 	Convergence check returned False
2025-12-23:10:43:10,698 INFO     [psi4.driver.task_planner:259] PLANNING Atomic:  keywords={'DAMPING_PERCENTAGE': 1.0, 'GEOM_MAXITER': 500, 'SCF__GUESS': 'READ', 'GUESS': 'SAP', 'MAXITER': 500, 'REFERENCE': 'UKS', 'function_kwargs': {}}
2025-12-23:10:43:10,699 INFO     [psi4.driver.driver:638] Compute gradient(): method=b3lyp, basis=cc-pvdz, molecule=default, nre=11.68534973669543
2025-12-23:10:43:11,203 INFO     [psi4.driver.driver:641] Return gradient(): -533.9156330422436
2025-12-23:10:43:11,203 INFO     [psi4.driver.driver:642] [[-0.00000000  0.00000000 -0.00003655]
 [-0.00000000  0.00000000  0.00011674]]
2025-12-23:10:43:11,205 INFO     [psi4.optking.history:269] 	Performing BFGS update.
2025-12-23:10:43:11,205 INFO     [psi4.optking.history:280] 	Using 4 previous steps for update.
2025-12-23:10:43:11,205 INFO     [psi4.optking.history:317] 	Steps to be used in Hessian update:  10 9 8 7

2025-12-23:10:43:11,205 INFO     [psi4.optking.history:418] 	Updated Hessian (in au) 
 	   0.060566

2025-12-23:10:43:11,206 INFO     [psi4.optking.molsys:944] Projected (PHP) Hessian matrix
	   0.060566

2025-12-23:10:43:11,206 INFO     [psi4.optking.opt_helper:182] 
	         Geometry (au)                                       Gradient (au)
   0.0000000000   0.0000000000   3.9310206629		  -0.0000000000   0.0000000000  -0.0000365450
   0.0000000000   0.0000000000  -0.6901503946		  -0.0000000000   0.0000000000   0.0001167442

2025-12-23:10:43:11,206 INFO     [psi4.optking.stepAlgorithms:368] 	Current Step Report 
 
	Current energy:      -533.9156330422
	Energy change for the previous step:
		Actual       :        -0.0000011600
		Projected    :        -0.0000012470

2025-12-23:10:43:11,206 INFO     [psi4.optking.stepAlgorithms:371] 	Energy ratio =    0.93018
2025-12-23:10:43:11,206 INFO     [psi4.optking.stepAlgorithms:929] 	Using RFO solution 1.
2025-12-23:10:43:11,206 INFO     [psi4.optking.displace:100] 	Determining Cartesian step for fragment 1.
2025-12-23:10:43:11,206 INFO     [psi4.optking.displace:415] 	Successfully converged to displaced geometry.
2025-12-23:10:43:11,206 INFO     [psi4.optking.displace:416] 	RMS(dx):  0.000e+00 	Max(dx):  0.000e+00 	RMS(dq):  0.000e+00
2025-12-23:10:43:11,206 INFO     [psi4.optking.displace:172] 

	        --- Internal Coordinate Step in ANG or DEG, aJ/ANG or AJ/DEG ---
	-------------------------------------------------------------------------------
	           Coordinate      Previous         Force          Change          New 
	           ----------      --------        ------          ------        ------
	               R(1,2)       2.44542        0.00063        0.00067       2.44609
	-------------------------------------------------------------------------------

2025-12-23:10:43:11,206 INFO     [psi4.optking.stepAlgorithms:113] 	|target step| :    0.0012654796
2025-12-23:10:43:11,206 INFO     [psi4.optking.stepAlgorithms:114] 	gradient     :   -0.0000766446
2025-12-23:10:43:11,206 INFO     [psi4.optking.stepAlgorithms:115] 	hessian      :    0.0605655771
2025-12-23:10:43:11,206 INFO     [psi4.optking.stepAlgorithms:113] 	|target step| :    0.0012654796
2025-12-23:10:43:11,206 INFO     [psi4.optking.stepAlgorithms:114] 	gradient     :   -0.0000766446
2025-12-23:10:43:11,206 INFO     [psi4.optking.stepAlgorithms:115] 	hessian      :    0.0605655771
2025-12-23:10:43:11,206 INFO     [psi4.optking.stepAlgorithms:206] 	Norm of achieved step-size    0.0012654796
2025-12-23:10:43:11,206 INFO     [psi4.optking.stepAlgorithms:208] 	Norm of achieved step-size (cart):    0.0008948292
2025-12-23:10:43:11,206 INFO     [psi4.optking.opt_helper:164] Molsys:

	                            ===> Fragment 1 <== 

	 Z (Atomic Numbers)          Masses                          Geom                  
	       3.000000             7.016003          0.00000000  0.00000000  3.93165340   
	      18.000000            39.962383          0.00000000  0.00000000 -0.69078313   

	 - Coordinate -           - BOHR/RAD -       - ANG/DEG -
	 R(1,2)           =         4.622437           2.446088

2025-12-23:10:43:11,207 INFO     [psi4.optking.convcheck:76] Performing convergence check.
2025-12-23:10:43:11,207 INFO     [psi4.optking.convcheck:282] 
	                                 ==> Convergence Check <==                                  
    
	Measures of convergence in internal coordinates in au.
    
	Criteria marked as inactive (o), active & met (*), and active & unmet ( ).

	----------------------------------------------------------------------------------------------
	   Step    Total Energy     Delta E     Max Force     RMS Force      Max Disp      RMS Disp   
	----------------------------------------------------------------------------------------------
	  Convergence Criteria     1.00e-06 *    3.00e-04 *             o    1.20e-03 *             o
	----------------------------------------------------------------------------------------------
	    11    -533.91563304   -1.16e-06      7.66e-05 *    7.66e-05 o    1.27e-03      1.27e-03 o  ~
	----------------------------------------------------------------------------------------------


2025-12-23:10:43:11,207 INFO     [psi4.optking.stepAlgorithms:296] 	Convergence check returned False
2025-12-23:10:43:11,217 INFO     [psi4.driver.task_planner:259] PLANNING Atomic:  keywords={'DAMPING_PERCENTAGE': 1.0, 'GEOM_MAXITER': 500, 'SCF__GUESS': 'READ', 'GUESS': 'SAP', 'MAXITER': 500, 'REFERENCE': 'UKS', 'function_kwargs': {}}
2025-12-23:10:43:11,218 INFO     [psi4.driver.driver:638] Compute gradient(): method=b3lyp, basis=cc-pvdz, molecule=default, nre=11.682150650657142
2025-12-23:10:43:11,729 INFO     [psi4.driver.driver:641] Return gradient(): -533.9156330312667
2025-12-23:10:43:11,729 INFO     [psi4.driver.driver:642] [[ 0.00000000 -0.00000000  0.00002518]
 [ 0.00000000  0.00000000  0.00005545]]
2025-12-23:10:43:11,730 INFO     [psi4.optking.history:269] 	Performing BFGS update.
2025-12-23:10:43:11,730 INFO     [psi4.optking.history:280] 	Using 4 previous steps for update.
2025-12-23:10:43:11,731 WARNING  [psi4.optking.history:297] 	Denominators (dg)(dq) or (dq)(dq) are very small.
2025-12-23:10:43:11,731 WARNING  [psi4.optking.history:298] 	Skipping Hessian update for step 11.
2025-12-23:10:43:11,731 INFO     [psi4.optking.history:317] 	Steps to be used in Hessian update:  10 9 8 7

2025-12-23:10:43:11,731 INFO     [psi4.optking.history:418] 	Updated Hessian (in au) 
 	   0.060534

2025-12-23:10:43:11,731 INFO     [psi4.optking.molsys:944] Projected (PHP) Hessian matrix
	   0.060534

2025-12-23:10:43:11,731 INFO     [psi4.optking.opt_helper:182] 
	         Geometry (au)                                       Gradient (au)
   0.0000000000   0.0000000000   3.9320971491		   0.0000000000  -0.0000000000   0.0000251836
   0.0000000000   0.0000000000  -0.6903393881		   0.0000000000   0.0000000000   0.0000554528

2025-12-23:10:43:11,731 INFO     [psi4.optking.stepAlgorithms:368] 	Current Step Report 
 
	Current energy:      -533.9156330313
	Energy change for the previous step:
		Actual       :         0.0000000110
		Projected    :        -0.0000000485

2025-12-23:10:43:11,731 INFO     [psi4.optking.stepAlgorithms:371] 	Energy ratio =   -0.22635
2025-12-23:10:43:11,731 WARNING  [psi4.optking.stepAlgorithms:379] 	Energy has increased in a minimization.
2025-12-23:10:43:11,731 WARNING  [psi4.optking.stepAlgorithms:418] 	Energy ratio indicates iffy step.
2025-12-23:10:43:11,731 WARNING  [psi4.optking.stepAlgorithms:419] 	Intrafrag trust radius decreased to   0.25.
2025-12-23:10:43:11,731 INFO     [psi4.optking.stepAlgorithms:348] Continuing despite bad step. dynamic level is 0
2025-12-23:10:43:11,731 INFO     [psi4.optking.stepAlgorithms:929] 	Using RFO solution 1.
2025-12-23:10:43:11,731 INFO     [psi4.optking.displace:100] 	Determining Cartesian step for fragment 1.
2025-12-23:10:43:11,732 INFO     [psi4.optking.displace:415] 	Successfully converged to displaced geometry.
2025-12-23:10:43:11,732 INFO     [psi4.optking.displace:416] 	RMS(dx):  0.000e+00 	Max(dx):  0.000e+00 	RMS(dq):  0.000e+00
2025-12-23:10:43:11,732 INFO     [psi4.optking.displace:172] 

	        --- Internal Coordinate Step in ANG or DEG, aJ/ANG or AJ/DEG ---
	-------------------------------------------------------------------------------
	           Coordinate      Previous         Force          Change          New 
	           ----------      --------        ------          ------        ------
	               R(1,2)       2.44609        0.00012        0.00013       2.44622
	-------------------------------------------------------------------------------

2025-12-23:10:43:11,732 INFO     [psi4.optking.stepAlgorithms:113] 	|target step| :    0.0002500177
2025-12-23:10:43:11,732 INFO     [psi4.optking.stepAlgorithms:114] 	gradient     :   -0.0000151346
2025-12-23:10:43:11,732 INFO     [psi4.optking.stepAlgorithms:115] 	hessian      :    0.0605341648
2025-12-23:10:43:11,732 INFO     [psi4.optking.stepAlgorithms:113] 	|target step| :    0.0002500177
2025-12-23:10:43:11,732 INFO     [psi4.optking.stepAlgorithms:114] 	gradient     :   -0.0000151346
2025-12-23:10:43:11,732 INFO     [psi4.optking.stepAlgorithms:115] 	hessian      :    0.0605341648
2025-12-23:10:43:11,732 INFO     [psi4.optking.stepAlgorithms:206] 	Norm of achieved step-size    0.0002500177
2025-12-23:10:43:11,732 INFO     [psi4.optking.stepAlgorithms:208] 	Norm of achieved step-size (cart):    0.0001767892
2025-12-23:10:43:11,732 INFO     [psi4.optking.opt_helper:164] Molsys:

	                            ===> Fragment 1 <== 

	 Z (Atomic Numbers)          Masses                          Geom                  
	       3.000000             7.016003          0.00000000  0.00000000  3.93222216   
	      18.000000            39.962383          0.00000000  0.00000000 -0.69046440   

	 - Coordinate -           - BOHR/RAD -       - ANG/DEG -
	 R(1,2)           =         4.622687           2.446220

2025-12-23:10:43:11,732 INFO     [psi4.optking.convcheck:76] Performing convergence check.
2025-12-23:10:43:11,732 INFO     [psi4.optking.convcheck:282] 
	                                 ==> Convergence Check <==                                  
    
	Measures of convergence in internal coordinates in au.
    
	Criteria marked as inactive (o), active & met (*), and active & unmet ( ).

	----------------------------------------------------------------------------------------------
	   Step    Total Energy     Delta E     Max Force     RMS Force      Max Disp      RMS Disp   
	----------------------------------------------------------------------------------------------
	  Convergence Criteria     1.00e-06 *    3.00e-04 *             o    1.20e-03 *             o
	----------------------------------------------------------------------------------------------
	    12    -533.91563303    1.10e-08 *    1.51e-05 *    1.51e-05 o    2.50e-04 *    2.50e-04 o  ~
	----------------------------------------------------------------------------------------------


2025-12-23:10:43:11,732 INFO     [psi4.optking.convcheck:206] 
	                      ===> Final Convergence Report <===                     

	----------------------------------------------------------------------------
	|   Required Criteria    |  One or More Criteria  |   Alternate Criteria   |
	----------------------------------------------------------------------------
	| [x]     max_force      | [x]       max_DE       |                        |
	|                        | [x]      max_disp      |                        |
	----------------------------------------------------------------------------


2025-12-23:10:43:11,732 INFO     [psi4.optking.stepAlgorithms:296] 	Convergence check returned True
2025-12-23:10:43:11,732 INFO     [psi4.optking.optimize:332] 	Converged in 12 steps!
2025-12-23:10:43:11,732 INFO     [psi4.optking.optimize:333] 	Final energy is   -533.9156330312667
2025-12-23:10:43:11,732 INFO     [psi4.optking.optimize:334] 	Final structure (Angstroms): 
	Fragment 1 (Ang)

	   Li   0.0000000000   0.0000000000   2.0808423533
	   Ar   0.0000000000   0.0000000000  -0.3653780236


2025-12-23:10:43:11,733 INFO     [psi4.optking.optimize:562] 	Optimization Finished

	==> Optimization Summary <==

        
	Measures of convergence in internal coordinates in au. (Any backward steps not shown.)
        
	---------------------------------------------------------------------------------------------------------------  ~
        
	 Step         Total Energy             Delta E       MAX Force       RMS Force        MAX Disp        RMS Disp   ~
        
	---------------------------------------------------------------------------------------------------------------  ~
        
	     1    -533.421643233416   -533.421643233416      0.93928230      0.93928230      0.21427749      0.21427749  ~
	     2    -533.586152519748     -0.164509286332      0.61908494      0.61908494      0.27385293      0.27385293  ~
	     3    -533.718282304643     -0.132129784894      0.36898111      0.36898111      0.28937188      0.28937188  ~
	     4    -533.801319781435     -0.083037476793      0.21922290      0.21922290      0.36665064      0.36665064  ~
	     5    -533.860926078688     -0.059606297252      0.11728849      0.11728849      0.36551480      0.36551480  ~
	     6    -533.892880502520     -0.031954423832      0.06261006      0.06261006      0.36329606      0.36329606  ~
	     7    -533.909122582139     -0.016242079619      0.02918058      0.02918058      0.29038100      0.29038100  ~
	     8    -533.914694871688     -0.005572289549      0.01014870      0.01014870      0.15130024      0.15130024  ~
	     9    -533.915594865933     -0.000899994246      0.00199889      0.00199889      0.03244613      0.03244613  ~
	    10    -533.915631882288     -0.000037016354      0.00038917      0.00038917      0.00640854      0.00640854  ~
	    11    -533.915633042244     -0.000001159956      0.00007664      0.00007664      0.00126548      0.00126548  ~
	    12    -533.915633031267      0.000000010977      0.00001513      0.00001513      0.00025002      0.00025002  ~
	----------------------------------------------------------------------------------------------------------------


2025-12-23:10:43:11,733 INFO     [psi4.optking.optimize:806] Preparing OptimizationResult
