2025-12-23:10:28:58,42 WARNING  [psi4.optking:38] Some dependencies such as QCElemental have not yet finished migration to pydantic v2. If issues are encountered please downgrade pydantic or upgrade QCElemental as appropriate
2025-12-23:10:28:58,206 INFO     [psi4.optking.optwrapper:234] Creating a UserComputer
2025-12-23:10:28:58,206 INFO     [psi4.optking.optwrapper:242] 
    			-----------------------------------------

    			 OPTKING 3.0: for geometry optimizations 

    			     By R.A. King, Bethel University     

    			        with contributions from          

    			    A.V. Copan, J. Cayton, A. Heide      

    			-----------------------------------------

    
2025-12-23:10:28:58,206 INFO     [psi4.optking.optwrapper:272] 
		 -- Optimization Parameters --
	GEOM_MAXITER                   =             500
	ALG_GEOM_MAXITER               =              50
	PRINT                          =               1
	OPT_TYPE                       =             MIN
	STEP_TYPE                      =             RFO
	PROGRAM                        =            PSI4
	STEEPEST_DESCENT_TYPE          =         OVERLAP
	CONJUGATE_GRADIENT_TYPE        =        FLETCHER
	OPT_COORDINATES                =        INTERNAL
	RFO_FOLLOW_ROOT                =           False
	RFO_ROOT                       =               0
	ACCEPT_SYMMETRY_BREAKING       =           False
	DYNAMIC_LVL                    =               0
	DYNAMIC_LVL_MAX                =               0
	IRC_STEP_SIZE                  =             0.2
	IRC_DIRECTION                  =         FORWARD
	IRC_POINTS                     =              20
	IRC_MODE                       =          NORMAL
	IRC_CONVERGENCE                =            -0.7
	INTRAFRAG_STEP_LIMIT           =             0.5
	INTRAFRAG_STEP_LIMIT_MIN       =           0.001
	INTRAFRAG_STEP_LIMIT_MAX       =             1.0
	INTERFRAG_STEP_LIMIT           =             0.5
	INTERFRAG_STEP_LIMIT_MIN       =           0.001
	INTERFRAG_STEP_LIMIT_MAX       =             1.0
	ENSURE_BT_CONVERGENCE          =           False
	SIMPLE_STEP_SCALING            =           False
	CONSECUTIVE_BACKSTEPS          =               0
	RFO_NORMALIZATION_MAX          =             100
	RSRFO_ALPHA_MAX                =     100000000.0
	PRINT_TRAJECTORY_XYZ_FILE      =           False
	WRITE_TRAJECTORY               =           False
	FROZEN_DISTANCE                =                
	FROZEN_BEND                    =                
	FROZEN_DIHEDRAL                =                
	FROZEN_OOFP                    =                
	FROZEN_CARTESIAN               =                
	FREEZE_ALL_DIHEDRALS           =           False
	UNFREEZE_DIHEDRALS             =                
	RANGED_DISTANCE                =                
	RANGED_BEND                    =                
	RANGED_DIHEDRAL                =                
	RANGED_OOFP                    =                
	RANGED_CARTESIAN               =                
	EXT_FORCE_DISTANCE             =                
	EXT_FORCE_BEND                 =                
	EXT_FORCE_DIHEDRAL             =                
	EXT_FORCE_OOFP                 =                
	EXT_FORCE_CARTESIAN            =                
	G_CONVERGENCE                  =           QCHEM
	MAX_FORCE_G_CONVERGENCE        =          0.0003
	RMS_FORCE_G_CONVERGENCE        =          0.0003
	MAX_ENERGY_G_CONVERGENCE       =           1e-06
	MAX_DISP_G_CONVERGENCE         =          0.0012
	RMS_DISP_G_CONVERGENCE         =          0.0012
	FLEXIBLE_G_CONVERGENCE         =           False
	HESS_UPDATE                    =            BFGS
	HESS_UPDATE_USE_LAST           =               4
	HESS_UPDATE_LIMIT              =            True
	HESS_UPDATE_LIMIT_MAX          =             1.0
	HESS_UPDATE_LIMIT_SCALE        =             0.5
	HESS_UPDATE_DEN_TOL            =           1e-07
	HESS_UPDATE_DQ_TOL             =             0.5
	CART_HESS_READ                 =           False
	HESSIAN_FILE                   =               .
	FULL_HESS_EVERY                =              -1
	INTRAFRAG_HESS                 =        SCHLEGEL
	H_GUESS_EVERY                  =           False
	BT_MAX_ITER                    =              25
	BT_DX_CONV                     =           1e-07
	BT_DX_RMS_CHANGE_CONV          =           1e-12
	BT_PINV_RCOND                  =           1e-06
	FRAG_MODE                      =          SINGLE
	FRAG_REF_ATOMS                 =              []
	FREEZE_INTRAFRAG               =           False
	INTERFRAG_MODE                 =           FIXED
	ADD_AUXILIARY_BONDS            =           False
	AUXILIARY_BOND_FACTOR          =             2.5
	INTERFRAG_DIST_INV             =           False
	INTERFRAG_COLLINEAR_TOL        =            0.01
	INTERFRAG_COORDS               =              []
	INTERFRAG_HESS                 =         DEFAULT
	COVALENT_CONNECT               =             1.3
	INTERFRAGMENT_CONNECT          =             1.8
	H_BOND_CONNECT                 =             4.3
	INCLUDE_OOFP                   =           False
	TEST_B                         =           False
	TEST_DERIVATIVE_B              =           False
	LINESEARCH_STEP                =             0.1
	LINESEARCH                     =           False
	SD_HESSIAN                     =             1.0
	FIX_VAL_NEAR_PI                =            1.57
	V3D_TORS_ANGLE_LIM             =           0.017
	V3D_TORS_COS_TOL               =           1e-10
	LINEAR_BEND_THRESHOLD          =            3.05
	SMALL_BEND_FIX_THRESHOLD       =            0.35
	REDUNDANT_EVAL_TOL             =           1e-10
	LINEAR_ALGEBRA_TOL             =           1e-10


2025-12-23:10:28:58,343 INFO     [psi4.optking.molsys:658] 	Increasing scaling to  1.500 to connect fragments.
2025-12-23:10:28:58,343 INFO     [psi4.optking.molsys:635] 	Connecting fragments with atoms 1 and 2
2025-12-23:10:28:58,343 INFO     [psi4.optking.molsys:654] 	All fragments are connected in connectivity matrix.
2025-12-23:10:28:58,343 INFO     [psi4.optking.molsys:515] 	Consolidating multiple fragments into one for optimization.
2025-12-23:10:28:58,343 INFO     [psi4.optking.opt_helper:164] Molsys:

	                            ===> Fragment 1 <== 

	 Z (Atomic Numbers)          Masses                          Geom                  
	       1.000000             1.007825          0.00000000  0.00000000  2.15343613   
	       9.000000            18.998403          0.00000000  0.00000000 -0.11423522   

	 - Coordinate -           - BOHR/RAD -       - ANG/DEG -
	 R(1,2)           =         2.267671           1.200000

2025-12-23:10:28:58,354 INFO     [psi4.driver.task_planner:259] PLANNING Atomic:  keywords={'DAMPING_PERCENTAGE': 1.0, 'GEOM_MAXITER': 500, 'GUESS': 'SAP', 'MAXITER': 500, 'REFERENCE': 'UKS', 'function_kwargs': {}}
2025-12-23:10:28:58,356 INFO     [psi4.driver.driver:638] Compute gradient(): method=b3lyp, basis=cc-pvdz, molecule=default, nre=3.968829080025001
2025-12-23:10:28:58,680 INFO     [psi4.driver.driver:641] Return gradient(): -100.39240776064761
2025-12-23:10:28:58,680 INFO     [psi4.driver.driver:642] [[ 0.00000000  0.00000000  0.12350717]
 [-0.00000000  0.00000000 -0.12350645]]
2025-12-23:10:28:58,682 INFO     [psi4.optking.molsys:944] Projected (PHP) Hessian matrix
	   0.246653

2025-12-23:10:28:58,682 INFO     [psi4.optking.opt_helper:182] 
	         Geometry (au)                                       Gradient (au)
   0.0000000000   0.0000000000   2.1534361269		   0.0000000000   0.0000000000   0.1235071733
   0.0000000000   0.0000000000  -0.1142352236		  -0.0000000000   0.0000000000  -0.1235064456

2025-12-23:10:28:58,682 INFO     [psi4.optking.stepAlgorithms:929] 	Using RFO solution 1.
2025-12-23:10:28:58,683 INFO     [psi4.optking.displace:100] 	Determining Cartesian step for fragment 1.
2025-12-23:10:28:58,683 INFO     [psi4.optking.displace:415] 	Successfully converged to displaced geometry.
2025-12-23:10:28:58,683 INFO     [psi4.optking.displace:416] 	RMS(dx):  6.410e-17 	Max(dx):  1.110e-16 	RMS(dq):  2.220e-16
2025-12-23:10:28:58,683 INFO     [psi4.optking.displace:172] 

	        --- Internal Coordinate Step in ANG or DEG, aJ/ANG or AJ/DEG ---
	-------------------------------------------------------------------------------
	           Coordinate      Previous         Force          Change          New 
	           ----------      --------        ------          ------        ------
	               R(1,2)       1.20000       -1.01754       -0.21942       0.98058
	-------------------------------------------------------------------------------

2025-12-23:10:28:58,683 INFO     [psi4.optking.stepAlgorithms:113] 	|target step| :    0.4146417557
2025-12-23:10:28:58,683 INFO     [psi4.optking.stepAlgorithms:114] 	gradient     :   -0.1235068094
2025-12-23:10:28:58,683 INFO     [psi4.optking.stepAlgorithms:115] 	hessian      :    0.2466528172
2025-12-23:10:28:58,683 INFO     [psi4.optking.stepAlgorithms:113] 	|target step| :    0.4146417557
2025-12-23:10:28:58,683 INFO     [psi4.optking.stepAlgorithms:114] 	gradient     :   -0.1235068094
2025-12-23:10:28:58,683 INFO     [psi4.optking.stepAlgorithms:115] 	hessian      :    0.2466528172
2025-12-23:10:28:58,683 INFO     [psi4.optking.stepAlgorithms:206] 	Norm of achieved step-size    0.4146417557
2025-12-23:10:28:58,683 INFO     [psi4.optking.stepAlgorithms:208] 	Norm of achieved step-size (cart):    0.2931959972
2025-12-23:10:28:58,683 INFO     [psi4.optking.opt_helper:164] Molsys:

	                            ===> Fragment 1 <== 

	 Z (Atomic Numbers)          Masses                          Geom                  
	       1.000000             1.007825          0.00000000  0.00000000  1.94611525   
	       9.000000            18.998403          0.00000000  0.00000000  0.09308565   

	 - Coordinate -           - BOHR/RAD -       - ANG/DEG -
	 R(1,2)           =         1.853030           0.980581

2025-12-23:10:28:58,683 INFO     [psi4.optking.convcheck:76] Performing convergence check.
2025-12-23:10:28:58,683 INFO     [psi4.optking.convcheck:282] 
	                                 ==> Convergence Check <==                                  
    
	Measures of convergence in internal coordinates in au.
    
	Criteria marked as inactive (o), active & met (*), and active & unmet ( ).

	----------------------------------------------------------------------------------------------~
	   Step    Total Energy     Delta E     Max Force     RMS Force      Max Disp      RMS Disp   ~
	----------------------------------------------------------------------------------------------~
	  Convergence Criteria     1.00e-06 *    3.00e-04 *             o    1.20e-03 *             o~
	----------------------------------------------------------------------------------------------~
	     1    -100.39240776   -1.00e+02      1.24e-01      1.24e-01 o    4.15e-01      4.15e-01 o  ~
	----------------------------------------------------------------------------------------------


2025-12-23:10:28:58,683 INFO     [psi4.optking.stepAlgorithms:296] 	Convergence check returned False
2025-12-23:10:28:58,694 INFO     [psi4.driver.task_planner:259] PLANNING Atomic:  keywords={'DAMPING_PERCENTAGE': 1.0, 'GEOM_MAXITER': 500, 'SCF__GUESS': 'READ', 'GUESS': 'SAP', 'MAXITER': 500, 'REFERENCE': 'UKS', 'function_kwargs': {}}
2025-12-23:10:28:58,696 INFO     [psi4.driver.driver:638] Compute gradient(): method=b3lyp, basis=cc-pvdz, molecule=default, nre=4.856911095705756
2025-12-23:10:28:58,960 INFO     [psi4.driver.driver:641] Return gradient(): -100.43293120090532
2025-12-23:10:28:58,960 INFO     [psi4.driver.driver:642] [[ 0.00000000  0.00000000  0.04896020]
 [ 0.00000000  0.00000000 -0.04895780]]
2025-12-23:10:28:58,961 INFO     [psi4.optking.history:269] 	Performing BFGS update.
2025-12-23:10:28:58,961 INFO     [psi4.optking.history:280] 	Using 1 previous steps for update.
2025-12-23:10:28:58,961 INFO     [psi4.optking.history:317] 	Steps to be used in Hessian update:  1

2025-12-23:10:28:58,962 INFO     [psi4.optking.history:418] 	Updated Hessian (in au) 
 	   0.179788

2025-12-23:10:28:58,962 INFO     [psi4.optking.molsys:944] Projected (PHP) Hessian matrix
	   0.179788

2025-12-23:10:28:58,962 INFO     [psi4.optking.opt_helper:182] 
	         Geometry (au)                                       Gradient (au)
   0.0000000000   0.0000000000   1.7596821836		   0.0000000000   0.0000000000   0.0489602008
   0.0000000000   0.0000000000  -0.0933474113		   0.0000000000   0.0000000000  -0.0489578045

2025-12-23:10:28:58,962 INFO     [psi4.optking.stepAlgorithms:368] 	Current Step Report 
 
	Current energy:      -100.4329312009
	Energy change for the previous step:
		Actual       :        -0.0405234403
		Projected    :        -0.0256055402

2025-12-23:10:28:58,962 INFO     [psi4.optking.stepAlgorithms:371] 	Energy ratio =    1.58260
2025-12-23:10:28:58,962 INFO     [psi4.optking.stepAlgorithms:399] 	Energy ratio indicates good step.
2025-12-23:10:28:58,962 INFO     [psi4.optking.stepAlgorithms:400] 	Intrafrag trust radius increased to      1.
2025-12-23:10:28:58,962 INFO     [psi4.optking.stepAlgorithms:929] 	Using RFO solution 1.
2025-12-23:10:28:58,962 INFO     [psi4.optking.displace:100] 	Determining Cartesian step for fragment 1.
2025-12-23:10:28:58,962 INFO     [psi4.optking.displace:415] 	Successfully converged to displaced geometry.
2025-12-23:10:28:58,962 INFO     [psi4.optking.displace:416] 	RMS(dx):  0.000e+00 	Max(dx):  0.000e+00 	RMS(dq):  0.000e+00
2025-12-23:10:28:58,962 INFO     [psi4.optking.displace:172] 

	        --- Internal Coordinate Step in ANG or DEG, aJ/ANG or AJ/DEG ---
	-------------------------------------------------------------------------------
	           Coordinate      Previous         Force          Change          New 
	           ----------      --------        ------          ------        ------
	               R(1,2)       0.98058       -0.40336       -0.13476       0.84582
	-------------------------------------------------------------------------------

2025-12-23:10:28:58,962 INFO     [psi4.optking.stepAlgorithms:113] 	|target step| :    0.2546550942
2025-12-23:10:28:58,962 INFO     [psi4.optking.stepAlgorithms:114] 	gradient     :   -0.0489590027
2025-12-23:10:28:58,962 INFO     [psi4.optking.stepAlgorithms:115] 	hessian      :    0.1797884698
2025-12-23:10:28:58,963 INFO     [psi4.optking.stepAlgorithms:113] 	|target step| :    0.2546550942
2025-12-23:10:28:58,963 INFO     [psi4.optking.stepAlgorithms:114] 	gradient     :   -0.0489590027
2025-12-23:10:28:58,963 INFO     [psi4.optking.stepAlgorithms:115] 	hessian      :    0.1797884698
2025-12-23:10:28:58,963 INFO     [psi4.optking.stepAlgorithms:206] 	Norm of achieved step-size    0.2546550942
2025-12-23:10:28:58,963 INFO     [psi4.optking.stepAlgorithms:208] 	Norm of achieved step-size (cart):    0.1800683440
2025-12-23:10:28:58,963 INFO     [psi4.optking.opt_helper:164] Molsys:

	                            ===> Fragment 1 <== 

	 Z (Atomic Numbers)          Masses                          Geom                  
	       1.000000             1.007825          0.00000000  0.00000000  1.63235464   
	       9.000000            18.998403          0.00000000  0.00000000  0.03398014   

	 - Coordinate -           - BOHR/RAD -       - ANG/DEG -
	 R(1,2)           =         1.598375           0.845823

2025-12-23:10:28:58,963 INFO     [psi4.optking.convcheck:76] Performing convergence check.
2025-12-23:10:28:58,963 INFO     [psi4.optking.convcheck:282] 
	                                 ==> Convergence Check <==                                  
    
	Measures of convergence in internal coordinates in au.
    
	Criteria marked as inactive (o), active & met (*), and active & unmet ( ).

	----------------------------------------------------------------------------------------------
	   Step    Total Energy     Delta E     Max Force     RMS Force      Max Disp      RMS Disp   
	----------------------------------------------------------------------------------------------
	  Convergence Criteria     1.00e-06 *    3.00e-04 *             o    1.20e-03 *             o
	----------------------------------------------------------------------------------------------
	     2    -100.43293120   -4.05e-02      4.90e-02      4.90e-02 o    2.55e-01      2.55e-01 o  ~
	----------------------------------------------------------------------------------------------


2025-12-23:10:28:58,963 INFO     [psi4.optking.stepAlgorithms:296] 	Convergence check returned False
2025-12-23:10:28:58,973 INFO     [psi4.driver.task_planner:259] PLANNING Atomic:  keywords={'DAMPING_PERCENTAGE': 1.0, 'GEOM_MAXITER': 500, 'SCF__GUESS': 'READ', 'GUESS': 'SAP', 'MAXITER': 500, 'REFERENCE': 'UKS', 'function_kwargs': {}}
2025-12-23:10:28:58,975 INFO     [psi4.driver.driver:638] Compute gradient(): method=b3lyp, basis=cc-pvdz, molecule=default, nre=5.630720457608397
2025-12-23:10:28:59,229 INFO     [psi4.driver.driver:641] Return gradient(): -100.42711552176903
2025-12-23:10:28:59,229 INFO     [psi4.driver.driver:642] [[-0.00000000  0.00000000 -0.12237905]
 [ 0.00000000  0.00000000  0.12238159]]
2025-12-23:10:28:59,231 INFO     [psi4.optking.history:269] 	Performing BFGS update.
2025-12-23:10:28:59,231 INFO     [psi4.optking.history:280] 	Using 2 previous steps for update.
2025-12-23:10:28:59,231 WARNING  [psi4.optking.history:301] 	Change in internal coordinate of 6.69e-01 exceeds limit of 5.00e-01.
2025-12-23:10:28:59,231 WARNING  [psi4.optking.history:306] 	Skipping Hessian update for step 1.
2025-12-23:10:28:59,231 INFO     [psi4.optking.history:317] 	Steps to be used in Hessian update:  2

2025-12-23:10:28:59,231 INFO     [psi4.optking.history:418] 	Updated Hessian (in au) 
 	   0.672829

2025-12-23:10:28:59,231 INFO     [psi4.optking.molsys:944] Projected (PHP) Hessian matrix
	   0.672829

2025-12-23:10:28:59,231 INFO     [psi4.optking.opt_helper:182] 
	         Geometry (au)                                       Gradient (au)
   0.0000000000   0.0000000000   1.5178554835		  -0.0000000000   0.0000000000  -0.1223790546
   0.0000000000   0.0000000000  -0.0805190172		   0.0000000000   0.0000000000   0.1223815911

2025-12-23:10:28:59,231 INFO     [psi4.optking.stepAlgorithms:368] 	Current Step Report 
 
	Current energy:      -100.4271155218
	Energy change for the previous step:
		Actual       :         0.0058156791
		Projected    :        -0.0062338297

2025-12-23:10:28:59,231 INFO     [psi4.optking.stepAlgorithms:371] 	Energy ratio =   -0.93292
2025-12-23:10:28:59,231 WARNING  [psi4.optking.stepAlgorithms:379] 	Energy has increased in a minimization.
2025-12-23:10:28:59,231 WARNING  [psi4.optking.stepAlgorithms:418] 	Energy ratio indicates iffy step.
2025-12-23:10:28:59,231 WARNING  [psi4.optking.stepAlgorithms:419] 	Intrafrag trust radius decreased to   0.25.
2025-12-23:10:28:59,231 INFO     [psi4.optking.stepAlgorithms:336] 	Near start of optimization, so ignoring bad step.

2025-12-23:10:28:59,231 INFO     [psi4.optking.stepAlgorithms:929] 	Using RFO solution 1.
2025-12-23:10:28:59,231 INFO     [psi4.optking.displace:100] 	Determining Cartesian step for fragment 1.
2025-12-23:10:28:59,232 INFO     [psi4.optking.displace:415] 	Successfully converged to displaced geometry.
2025-12-23:10:28:59,232 INFO     [psi4.optking.displace:416] 	RMS(dx):  0.000e+00 	Max(dx):  0.000e+00 	RMS(dq):  0.000e+00
2025-12-23:10:28:59,232 INFO     [psi4.optking.displace:172] 

	        --- Internal Coordinate Step in ANG or DEG, aJ/ANG or AJ/DEG ---
	-------------------------------------------------------------------------------
	           Coordinate      Previous         Force          Change          New 
	           ----------      --------        ------          ------        ------
	               R(1,2)       0.84582        1.00826        0.09326       0.93909
	-------------------------------------------------------------------------------

2025-12-23:10:28:59,232 INFO     [psi4.optking.stepAlgorithms:113] 	|target step| :    0.1762396452
2025-12-23:10:28:59,232 INFO     [psi4.optking.stepAlgorithms:114] 	gradient     :   -0.1223803229
2025-12-23:10:28:59,232 INFO     [psi4.optking.stepAlgorithms:115] 	hessian      :    0.6728289733
2025-12-23:10:28:59,232 INFO     [psi4.optking.stepAlgorithms:113] 	|target step| :    0.1762396452
2025-12-23:10:28:59,232 INFO     [psi4.optking.stepAlgorithms:114] 	gradient     :   -0.1223803229
2025-12-23:10:28:59,232 INFO     [psi4.optking.stepAlgorithms:115] 	hessian      :    0.6728289733
2025-12-23:10:28:59,232 INFO     [psi4.optking.stepAlgorithms:206] 	Norm of achieved step-size    0.1762396452
2025-12-23:10:28:59,232 INFO     [psi4.optking.stepAlgorithms:208] 	Norm of achieved step-size (cart):    0.1246202483
2025-12-23:10:28:59,232 INFO     [psi4.optking.opt_helper:164] Molsys:

	                            ===> Fragment 1 <== 

	 Z (Atomic Numbers)          Masses                          Geom                  
	       1.000000             1.007825          0.00000000  0.00000000  1.60597531   
	       9.000000            18.998403          0.00000000  0.00000000 -0.16863884   

	 - Coordinate -           - BOHR/RAD -       - ANG/DEG -
	 R(1,2)           =         1.774614           0.939085

2025-12-23:10:28:59,232 INFO     [psi4.optking.convcheck:76] Performing convergence check.
2025-12-23:10:28:59,232 INFO     [psi4.optking.convcheck:282] 
	                                 ==> Convergence Check <==                                  
    
	Measures of convergence in internal coordinates in au.
    
	Criteria marked as inactive (o), active & met (*), and active & unmet ( ).

	----------------------------------------------------------------------------------------------
	   Step    Total Energy     Delta E     Max Force     RMS Force      Max Disp      RMS Disp   
	----------------------------------------------------------------------------------------------
	  Convergence Criteria     1.00e-06 *    3.00e-04 *             o    1.20e-03 *             o
	----------------------------------------------------------------------------------------------
	     3    -100.42711552    5.82e-03      1.22e-01      1.22e-01 o    1.76e-01      1.76e-01 o  ~
	----------------------------------------------------------------------------------------------


2025-12-23:10:28:59,232 INFO     [psi4.optking.stepAlgorithms:296] 	Convergence check returned False
2025-12-23:10:28:59,243 INFO     [psi4.driver.task_planner:259] PLANNING Atomic:  keywords={'DAMPING_PERCENTAGE': 1.0, 'GEOM_MAXITER': 500, 'SCF__GUESS': 'READ', 'GUESS': 'SAP', 'MAXITER': 500, 'REFERENCE': 'UKS', 'function_kwargs': {}}
2025-12-23:10:28:59,244 INFO     [psi4.driver.driver:638] Compute gradient(): method=b3lyp, basis=cc-pvdz, molecule=default, nre=5.071524996374035
2025-12-23:10:28:59,501 INFO     [psi4.driver.driver:641] Return gradient(): -100.43542882636604
2025-12-23:10:28:59,501 INFO     [psi4.driver.driver:642] [[ 0.00000000  0.00000000  0.01287268]
 [-0.00000000 -0.00000000 -0.01286994]]
2025-12-23:10:28:59,502 INFO     [psi4.optking.history:269] 	Performing BFGS update.
2025-12-23:10:28:59,502 INFO     [psi4.optking.history:280] 	Using 3 previous steps for update.
2025-12-23:10:28:59,502 INFO     [psi4.optking.history:317] 	Steps to be used in Hessian update:  3 2 1

2025-12-23:10:28:59,503 INFO     [psi4.optking.history:418] 	Updated Hessian (in au) 
 	   0.224387

2025-12-23:10:28:59,503 INFO     [psi4.optking.molsys:944] Projected (PHP) Hessian matrix
	   0.224387

2025-12-23:10:28:59,503 INFO     [psi4.optking.opt_helper:182] 
	         Geometry (au)                                       Gradient (au)
   0.0000000000   0.0000000000   1.6852169571		   0.0000000000   0.0000000000   0.0128726766
   0.0000000000   0.0000000000  -0.0893971888		  -0.0000000000  -0.0000000000  -0.0128699443

2025-12-23:10:28:59,503 INFO     [psi4.optking.stepAlgorithms:368] 	Current Step Report 
 
	Current energy:      -100.4354288264
	Energy change for the previous step:
		Actual       :        -0.0083133046
		Projected    :        -0.0107841323

2025-12-23:10:28:59,503 INFO     [psi4.optking.stepAlgorithms:371] 	Energy ratio =    0.77088
2025-12-23:10:28:59,503 INFO     [psi4.optking.stepAlgorithms:399] 	Energy ratio indicates good step.
2025-12-23:10:28:59,503 INFO     [psi4.optking.stepAlgorithms:400] 	Intrafrag trust radius increased to   0.75.
2025-12-23:10:28:59,503 INFO     [psi4.optking.stepAlgorithms:929] 	Using RFO solution 1.
2025-12-23:10:28:59,503 INFO     [psi4.optking.displace:100] 	Determining Cartesian step for fragment 1.
2025-12-23:10:28:59,503 INFO     [psi4.optking.displace:415] 	Successfully converged to displaced geometry.
2025-12-23:10:28:59,503 INFO     [psi4.optking.displace:416] 	RMS(dx):  0.000e+00 	Max(dx):  0.000e+00 	RMS(dq):  0.000e+00
2025-12-23:10:28:59,503 INFO     [psi4.optking.displace:172] 

	        --- Internal Coordinate Step in ANG or DEG, aJ/ANG or AJ/DEG ---
	-------------------------------------------------------------------------------
	           Coordinate      Previous         Force          Change          New 
	           ----------      --------        ------          ------        ------
	               R(1,2)       0.93909       -0.10604       -0.03026       0.90883
	-------------------------------------------------------------------------------

2025-12-23:10:28:59,503 INFO     [psi4.optking.stepAlgorithms:113] 	|target step| :    0.0571746569
2025-12-23:10:28:59,503 INFO     [psi4.optking.stepAlgorithms:114] 	gradient     :   -0.0128713104
2025-12-23:10:28:59,503 INFO     [psi4.optking.stepAlgorithms:115] 	hessian      :    0.2243867404
2025-12-23:10:28:59,503 INFO     [psi4.optking.stepAlgorithms:113] 	|target step| :    0.0571746569
2025-12-23:10:28:59,503 INFO     [psi4.optking.stepAlgorithms:114] 	gradient     :   -0.0128713104
2025-12-23:10:28:59,503 INFO     [psi4.optking.stepAlgorithms:115] 	hessian      :    0.2243867404
2025-12-23:10:28:59,503 INFO     [psi4.optking.stepAlgorithms:206] 	Norm of achieved step-size    0.0571746569
2025-12-23:10:28:59,503 INFO     [psi4.optking.stepAlgorithms:208] 	Norm of achieved step-size (cart):    0.0404285876
2025-12-23:10:28:59,504 INFO     [psi4.optking.opt_helper:164] Molsys:

	                            ===> Fragment 1 <== 

	 Z (Atomic Numbers)          Masses                          Geom                  
	       1.000000             1.007825          0.00000000  0.00000000  1.65662963   
	       9.000000            18.998403          0.00000000  0.00000000 -0.06080986   

	 - Coordinate -           - BOHR/RAD -       - ANG/DEG -
	 R(1,2)           =         1.717439           0.908830

2025-12-23:10:28:59,504 INFO     [psi4.optking.convcheck:76] Performing convergence check.
2025-12-23:10:28:59,504 INFO     [psi4.optking.convcheck:282] 
	                                 ==> Convergence Check <==                                  
    
	Measures of convergence in internal coordinates in au.
    
	Criteria marked as inactive (o), active & met (*), and active & unmet ( ).

	----------------------------------------------------------------------------------------------
	   Step    Total Energy     Delta E     Max Force     RMS Force      Max Disp      RMS Disp   
	----------------------------------------------------------------------------------------------
	  Convergence Criteria     1.00e-06 *    3.00e-04 *             o    1.20e-03 *             o
	----------------------------------------------------------------------------------------------
	     4    -100.43542883   -8.31e-03      1.29e-02      1.29e-02 o    5.72e-02      5.72e-02 o  ~
	----------------------------------------------------------------------------------------------


2025-12-23:10:28:59,504 INFO     [psi4.optking.stepAlgorithms:296] 	Convergence check returned False
2025-12-23:10:28:59,514 INFO     [psi4.driver.task_planner:259] PLANNING Atomic:  keywords={'DAMPING_PERCENTAGE': 1.0, 'GEOM_MAXITER': 500, 'SCF__GUESS': 'READ', 'GUESS': 'SAP', 'MAXITER': 500, 'REFERENCE': 'UKS', 'function_kwargs': {}}
2025-12-23:10:28:59,515 INFO     [psi4.driver.driver:638] Compute gradient(): method=b3lyp, basis=cc-pvdz, molecule=default, nre=5.2403593007421
2025-12-23:10:28:59,760 INFO     [psi4.driver.driver:641] Return gradient(): -100.43522096250132
2025-12-23:10:28:59,760 INFO     [psi4.driver.driver:642] [[ 0.00000000  0.00000000 -0.02141526]
 [ 0.00000000 -0.00000000  0.02141819]]
2025-12-23:10:28:59,762 INFO     [psi4.optking.history:269] 	Performing BFGS update.
2025-12-23:10:28:59,762 INFO     [psi4.optking.history:280] 	Using 4 previous steps for update.
2025-12-23:10:28:59,762 WARNING  [psi4.optking.history:301] 	Change in internal coordinate of 5.50e-01 exceeds limit of 5.00e-01.
2025-12-23:10:28:59,762 WARNING  [psi4.optking.history:306] 	Skipping Hessian update for step 1.
2025-12-23:10:28:59,762 INFO     [psi4.optking.history:317] 	Steps to be used in Hessian update:  4 3 2

2025-12-23:10:28:59,762 INFO     [psi4.optking.history:418] 	Updated Hessian (in au) 
 	   0.519033

2025-12-23:10:28:59,762 INFO     [psi4.optking.molsys:944] Projected (PHP) Hessian matrix
	   0.519033

2025-12-23:10:28:59,762 INFO     [psi4.optking.opt_helper:182] 
	         Geometry (au)                                       Gradient (au)
   0.0000000000   0.0000000000   1.6309225059		   0.0000000000   0.0000000000  -0.0214152643
   0.0000000000   0.0000000000  -0.0865169832		   0.0000000000  -0.0000000000   0.0214181884

2025-12-23:10:28:59,762 INFO     [psi4.optking.stepAlgorithms:368] 	Current Step Report 
 
	Current energy:      -100.4352209625
	Energy change for the previous step:
		Actual       :         0.0002078639
		Projected    :        -0.0003679564

2025-12-23:10:28:59,762 INFO     [psi4.optking.stepAlgorithms:371] 	Energy ratio =   -0.56491
2025-12-23:10:28:59,762 WARNING  [psi4.optking.stepAlgorithms:379] 	Energy has increased in a minimization.
2025-12-23:10:28:59,762 WARNING  [psi4.optking.stepAlgorithms:418] 	Energy ratio indicates iffy step.
2025-12-23:10:28:59,762 WARNING  [psi4.optking.stepAlgorithms:419] 	Intrafrag trust radius decreased to  0.188.
2025-12-23:10:28:59,762 INFO     [psi4.optking.stepAlgorithms:348] Continuing despite bad step. dynamic level is 0
2025-12-23:10:28:59,762 INFO     [psi4.optking.stepAlgorithms:929] 	Using RFO solution 1.
2025-12-23:10:28:59,763 INFO     [psi4.optking.displace:100] 	Determining Cartesian step for fragment 1.
2025-12-23:10:28:59,763 INFO     [psi4.optking.displace:415] 	Successfully converged to displaced geometry.
2025-12-23:10:28:59,763 INFO     [psi4.optking.displace:416] 	RMS(dx):  0.000e+00 	Max(dx):  0.000e+00 	RMS(dq):  0.000e+00
2025-12-23:10:28:59,763 INFO     [psi4.optking.displace:172] 

	        --- Internal Coordinate Step in ANG or DEG, aJ/ANG or AJ/DEG ---
	-------------------------------------------------------------------------------
	           Coordinate      Previous         Force          Change          New 
	           ----------      --------        ------          ------        ------
	               R(1,2)       0.90883        0.17645        0.02180       0.93063
	-------------------------------------------------------------------------------

2025-12-23:10:28:59,763 INFO     [psi4.optking.stepAlgorithms:113] 	|target step| :    0.0411927348
2025-12-23:10:28:59,763 INFO     [psi4.optking.stepAlgorithms:114] 	gradient     :   -0.0214167264
2025-12-23:10:28:59,763 INFO     [psi4.optking.stepAlgorithms:115] 	hessian      :    0.5190329237
2025-12-23:10:28:59,763 INFO     [psi4.optking.stepAlgorithms:113] 	|target step| :    0.0411927348
2025-12-23:10:28:59,763 INFO     [psi4.optking.stepAlgorithms:114] 	gradient     :   -0.0214167264
2025-12-23:10:28:59,763 INFO     [psi4.optking.stepAlgorithms:115] 	hessian      :    0.5190329237
2025-12-23:10:28:59,763 INFO     [psi4.optking.stepAlgorithms:206] 	Norm of achieved step-size    0.0411927348
2025-12-23:10:28:59,763 INFO     [psi4.optking.stepAlgorithms:208] 	Norm of achieved step-size (cart):    0.0291276621
2025-12-23:10:28:59,763 INFO     [psi4.optking.opt_helper:164] Molsys:

	                            ===> Fragment 1 <== 

	 Z (Atomic Numbers)          Masses                          Geom                  
	       1.000000             1.007825          0.00000000  0.00000000  1.65151887   
	       9.000000            18.998403          0.00000000  0.00000000 -0.10711335   

	 - Coordinate -           - BOHR/RAD -       - ANG/DEG -
	 R(1,2)           =         1.758632           0.930628

2025-12-23:10:28:59,763 INFO     [psi4.optking.convcheck:76] Performing convergence check.
2025-12-23:10:28:59,763 INFO     [psi4.optking.convcheck:282] 
	                                 ==> Convergence Check <==                                  
    
	Measures of convergence in internal coordinates in au.
    
	Criteria marked as inactive (o), active & met (*), and active & unmet ( ).

	----------------------------------------------------------------------------------------------
	   Step    Total Energy     Delta E     Max Force     RMS Force      Max Disp      RMS Disp   
	----------------------------------------------------------------------------------------------
	  Convergence Criteria     1.00e-06 *    3.00e-04 *             o    1.20e-03 *             o
	----------------------------------------------------------------------------------------------
	     5    -100.43522096    2.08e-04      2.14e-02      2.14e-02 o    4.12e-02      4.12e-02 o  ~
	----------------------------------------------------------------------------------------------


2025-12-23:10:28:59,763 INFO     [psi4.optking.stepAlgorithms:296] 	Convergence check returned False
2025-12-23:10:28:59,773 INFO     [psi4.driver.task_planner:259] PLANNING Atomic:  keywords={'DAMPING_PERCENTAGE': 1.0, 'GEOM_MAXITER': 500, 'SCF__GUESS': 'READ', 'GUESS': 'SAP', 'MAXITER': 500, 'REFERENCE': 'UKS', 'function_kwargs': {}}
2025-12-23:10:28:59,775 INFO     [psi4.driver.driver:638] Compute gradient(): method=b3lyp, basis=cc-pvdz, molecule=default, nre=5.117613494150479
2025-12-23:10:29:00,62 INFO     [psi4.driver.driver:641] Return gradient(): -100.43556474473505
2025-12-23:10:29:00,62 INFO     [psi4.driver.driver:642] [[ 0.00000000  0.00000000  0.00404478]
 [ 0.00000000  0.00000000 -0.00404200]]
2025-12-23:10:29:00,64 INFO     [psi4.optking.history:269] 	Performing BFGS update.
2025-12-23:10:29:00,64 INFO     [psi4.optking.history:280] 	Using 4 previous steps for update.
2025-12-23:10:29:00,64 INFO     [psi4.optking.history:317] 	Steps to be used in Hessian update:  5 4 3 2

2025-12-23:10:29:00,64 INFO     [psi4.optking.history:418] 	Updated Hessian (in au) 
 	   0.475814

2025-12-23:10:29:00,64 INFO     [psi4.optking.molsys:944] Projected (PHP) Hessian matrix
	   0.475814

2025-12-23:10:29:00,64 INFO     [psi4.optking.opt_helper:182] 
	         Geometry (au)                                       Gradient (au)
   0.0000000000   0.0000000000   1.6700401334		   0.0000000000   0.0000000000   0.0040447797
   0.0000000000   0.0000000000  -0.0885920904		   0.0000000000   0.0000000000  -0.0040420041

2025-12-23:10:29:00,64 INFO     [psi4.optking.stepAlgorithms:368] 	Current Step Report 
 
	Current energy:      -100.4355647447
	Energy change for the previous step:
		Actual       :        -0.0003437822
		Projected    :        -0.0004411068

2025-12-23:10:29:00,64 INFO     [psi4.optking.stepAlgorithms:371] 	Energy ratio =    0.77936
2025-12-23:10:29:00,64 INFO     [psi4.optking.stepAlgorithms:399] 	Energy ratio indicates good step.
2025-12-23:10:29:00,64 INFO     [psi4.optking.stepAlgorithms:400] 	Intrafrag trust radius increased to  0.562.
2025-12-23:10:29:00,65 INFO     [psi4.optking.stepAlgorithms:929] 	Using RFO solution 1.
2025-12-23:10:29:00,65 INFO     [psi4.optking.displace:100] 	Determining Cartesian step for fragment 1.
2025-12-23:10:29:00,65 INFO     [psi4.optking.displace:415] 	Successfully converged to displaced geometry.
2025-12-23:10:29:00,65 INFO     [psi4.optking.displace:416] 	RMS(dx):  0.000e+00 	Max(dx):  0.000e+00 	RMS(dq):  0.000e+00
2025-12-23:10:29:00,65 INFO     [psi4.optking.displace:172] 

	        --- Internal Coordinate Step in ANG or DEG, aJ/ANG or AJ/DEG ---
	-------------------------------------------------------------------------------
	           Coordinate      Previous         Force          Change          New 
	           ----------      --------        ------          ------        ------
	               R(1,2)       0.93063       -0.03331       -0.00450       0.92613
	-------------------------------------------------------------------------------

2025-12-23:10:29:00,65 INFO     [psi4.optking.stepAlgorithms:113] 	|target step| :    0.0084972240
2025-12-23:10:29:00,65 INFO     [psi4.optking.stepAlgorithms:114] 	gradient     :   -0.0040433919
2025-12-23:10:29:00,65 INFO     [psi4.optking.stepAlgorithms:115] 	hessian      :    0.4758142130
2025-12-23:10:29:00,65 INFO     [psi4.optking.stepAlgorithms:113] 	|target step| :    0.0084972240
2025-12-23:10:29:00,65 INFO     [psi4.optking.stepAlgorithms:114] 	gradient     :   -0.0040433919
2025-12-23:10:29:00,65 INFO     [psi4.optking.stepAlgorithms:115] 	hessian      :    0.4758142130
2025-12-23:10:29:00,65 INFO     [psi4.optking.stepAlgorithms:206] 	Norm of achieved step-size    0.0084972240
2025-12-23:10:29:00,65 INFO     [psi4.optking.stepAlgorithms:208] 	Norm of achieved step-size (cart):    0.0060084447
2025-12-23:10:29:00,65 INFO     [psi4.optking.opt_helper:164] Molsys:

	                            ===> Fragment 1 <== 

	 Z (Atomic Numbers)          Masses                          Geom                  
	       1.000000             1.007825          0.00000000  0.00000000  1.66579152   
	       9.000000            18.998403          0.00000000  0.00000000 -0.08434348   

	 - Coordinate -           - BOHR/RAD -       - ANG/DEG -
	 R(1,2)           =         1.750135           0.926132

2025-12-23:10:29:00,65 INFO     [psi4.optking.convcheck:76] Performing convergence check.
2025-12-23:10:29:00,66 INFO     [psi4.optking.convcheck:282] 
	                                 ==> Convergence Check <==                                  
    
	Measures of convergence in internal coordinates in au.
    
	Criteria marked as inactive (o), active & met (*), and active & unmet ( ).

	----------------------------------------------------------------------------------------------
	   Step    Total Energy     Delta E     Max Force     RMS Force      Max Disp      RMS Disp   
	----------------------------------------------------------------------------------------------
	  Convergence Criteria     1.00e-06 *    3.00e-04 *             o    1.20e-03 *             o
	----------------------------------------------------------------------------------------------
	     6    -100.43556474   -3.44e-04      4.04e-03      4.04e-03 o    8.50e-03      8.50e-03 o  ~
	----------------------------------------------------------------------------------------------


2025-12-23:10:29:00,66 INFO     [psi4.optking.stepAlgorithms:296] 	Convergence check returned False
2025-12-23:10:29:00,77 INFO     [psi4.driver.task_planner:259] PLANNING Atomic:  keywords={'DAMPING_PERCENTAGE': 1.0, 'GEOM_MAXITER': 500, 'SCF__GUESS': 'READ', 'GUESS': 'SAP', 'MAXITER': 500, 'REFERENCE': 'UKS', 'function_kwargs': {}}
2025-12-23:10:29:00,78 INFO     [psi4.driver.driver:638] Compute gradient(): method=b3lyp, basis=cc-pvdz, molecule=default, nre=5.142460439110211
2025-12-23:10:29:00,367 INFO     [psi4.driver.driver:641] Return gradient(): -100.4355783110606
2025-12-23:10:29:00,367 INFO     [psi4.driver.driver:642] [[-0.00000000 -0.00000000 -0.00087833]
 [ 0.00000000  0.00000000  0.00088114]]
2025-12-23:10:29:00,368 INFO     [psi4.optking.history:269] 	Performing BFGS update.
2025-12-23:10:29:00,368 INFO     [psi4.optking.history:280] 	Using 4 previous steps for update.
2025-12-23:10:29:00,369 INFO     [psi4.optking.history:317] 	Steps to be used in Hessian update:  6 5 4 3

2025-12-23:10:29:00,369 INFO     [psi4.optking.history:418] 	Updated Hessian (in au) 
 	   0.800607

2025-12-23:10:29:00,369 INFO     [psi4.optking.molsys:944] Projected (PHP) Hessian matrix
	   0.800607

2025-12-23:10:29:00,369 INFO     [psi4.optking.opt_helper:182] 
	         Geometry (au)                                       Gradient (au)
   0.0000000000   0.0000000000   1.6619709619		  -0.0000000000  -0.0000000000  -0.0008783301
   0.0000000000   0.0000000000  -0.0881640380		   0.0000000000   0.0000000000   0.0008811384

2025-12-23:10:29:00,369 INFO     [psi4.optking.stepAlgorithms:368] 	Current Step Report 
 
	Current energy:      -100.4355783111
	Energy change for the previous step:
		Actual       :        -0.0000135663
		Projected    :        -0.0000171788

2025-12-23:10:29:00,369 INFO     [psi4.optking.stepAlgorithms:371] 	Energy ratio =    0.78971
2025-12-23:10:29:00,369 INFO     [psi4.optking.stepAlgorithms:399] 	Energy ratio indicates good step.
2025-12-23:10:29:00,369 INFO     [psi4.optking.stepAlgorithms:400] 	Intrafrag trust radius increased to      1.
2025-12-23:10:29:00,369 INFO     [psi4.optking.stepAlgorithms:929] 	Using RFO solution 1.
2025-12-23:10:29:00,369 INFO     [psi4.optking.displace:100] 	Determining Cartesian step for fragment 1.
2025-12-23:10:29:00,369 INFO     [psi4.optking.displace:415] 	Successfully converged to displaced geometry.
2025-12-23:10:29:00,370 INFO     [psi4.optking.displace:416] 	RMS(dx):  6.410e-17 	Max(dx):  1.110e-16 	RMS(dq):  0.000e+00
2025-12-23:10:29:00,370 INFO     [psi4.optking.displace:172] 

	        --- Internal Coordinate Step in ANG or DEG, aJ/ANG or AJ/DEG ---
	-------------------------------------------------------------------------------
	           Coordinate      Previous         Force          Change          New 
	           ----------      --------        ------          ------        ------
	               R(1,2)       0.92613        0.00725        0.00058       0.92671
	-------------------------------------------------------------------------------

2025-12-23:10:29:00,370 INFO     [psi4.optking.stepAlgorithms:113] 	|target step| :    0.0010988321
2025-12-23:10:29:00,370 INFO     [psi4.optking.stepAlgorithms:114] 	gradient     :   -0.0008797343
2025-12-23:10:29:00,370 INFO     [psi4.optking.stepAlgorithms:115] 	hessian      :    0.8006074655
2025-12-23:10:29:00,370 INFO     [psi4.optking.stepAlgorithms:113] 	|target step| :    0.0010988321
2025-12-23:10:29:00,370 INFO     [psi4.optking.stepAlgorithms:114] 	gradient     :   -0.0008797343
2025-12-23:10:29:00,370 INFO     [psi4.optking.stepAlgorithms:115] 	hessian      :    0.8006074655
2025-12-23:10:29:00,370 INFO     [psi4.optking.stepAlgorithms:206] 	Norm of achieved step-size    0.0010988321
2025-12-23:10:29:00,370 INFO     [psi4.optking.stepAlgorithms:208] 	Norm of achieved step-size (cart):    0.0007769916
2025-12-23:10:29:00,370 INFO     [psi4.optking.opt_helper:164] Molsys:

	                            ===> Fragment 1 <== 

	 Z (Atomic Numbers)          Masses                          Geom                  
	       1.000000             1.007825          0.00000000  0.00000000  1.66252038   
	       9.000000            18.998403          0.00000000  0.00000000 -0.08871345   

	 - Coordinate -           - BOHR/RAD -       - ANG/DEG -
	 R(1,2)           =         1.751234           0.926713

2025-12-23:10:29:00,370 INFO     [psi4.optking.convcheck:76] Performing convergence check.
2025-12-23:10:29:00,370 INFO     [psi4.optking.convcheck:282] 
	                                 ==> Convergence Check <==                                  
    
	Measures of convergence in internal coordinates in au.
    
	Criteria marked as inactive (o), active & met (*), and active & unmet ( ).

	----------------------------------------------------------------------------------------------
	   Step    Total Energy     Delta E     Max Force     RMS Force      Max Disp      RMS Disp   
	----------------------------------------------------------------------------------------------
	  Convergence Criteria     1.00e-06 *    3.00e-04 *             o    1.20e-03 *             o
	----------------------------------------------------------------------------------------------
	     7    -100.43557831   -1.36e-05      8.80e-04      8.80e-04 o    1.10e-03 *    1.10e-03 o  ~
	----------------------------------------------------------------------------------------------


2025-12-23:10:29:00,370 INFO     [psi4.optking.stepAlgorithms:296] 	Convergence check returned False
2025-12-23:10:29:00,380 INFO     [psi4.driver.task_planner:259] PLANNING Atomic:  keywords={'DAMPING_PERCENTAGE': 1.0, 'GEOM_MAXITER': 500, 'SCF__GUESS': 'READ', 'GUESS': 'SAP', 'MAXITER': 500, 'REFERENCE': 'UKS', 'function_kwargs': {}}
2025-12-23:10:29:00,382 INFO     [psi4.driver.driver:638] Compute gradient(): method=b3lyp, basis=cc-pvdz, molecule=default, nre=5.139233742276843
2025-12-23:10:29:00,612 INFO     [psi4.driver.driver:641] Return gradient(): -100.43557892149026
2025-12-23:10:29:00,612 INFO     [psi4.driver.driver:642] [[ 0.00000000 -0.00000000 -0.00023246]
 [ 0.00000000  0.00000000  0.00023527]]
2025-12-23:10:29:00,614 INFO     [psi4.optking.history:269] 	Performing BFGS update.
2025-12-23:10:29:00,614 INFO     [psi4.optking.history:280] 	Using 4 previous steps for update.
2025-12-23:10:29:00,614 INFO     [psi4.optking.history:317] 	Steps to be used in Hessian update:  7 6 5 4

2025-12-23:10:29:00,614 INFO     [psi4.optking.history:418] 	Updated Hessian (in au) 
 	   0.560522

2025-12-23:10:29:00,614 INFO     [psi4.optking.molsys:944] Projected (PHP) Hessian matrix
	   0.560522

2025-12-23:10:29:00,614 INFO     [psi4.optking.opt_helper:182] 
	         Geometry (au)                                       Gradient (au)
   0.0000000000   0.0000000000   1.6630144397		   0.0000000000  -0.0000000000  -0.0002324622
   0.0000000000   0.0000000000  -0.0882193923		   0.0000000000   0.0000000000   0.0002352660

2025-12-23:10:29:00,614 INFO     [psi4.optking.stepAlgorithms:368] 	Current Step Report 
 
	Current energy:      -100.4355789215
	Energy change for the previous step:
		Actual       :        -0.0000006104
		Projected    :        -0.0000004833

2025-12-23:10:29:00,614 INFO     [psi4.optking.stepAlgorithms:371] 	Energy ratio =    1.26294
2025-12-23:10:29:00,615 INFO     [psi4.optking.stepAlgorithms:929] 	Using RFO solution 1.
2025-12-23:10:29:00,615 INFO     [psi4.optking.displace:100] 	Determining Cartesian step for fragment 1.
2025-12-23:10:29:00,615 INFO     [psi4.optking.displace:415] 	Successfully converged to displaced geometry.
2025-12-23:10:29:00,615 INFO     [psi4.optking.displace:416] 	RMS(dx):  0.000e+00 	Max(dx):  0.000e+00 	RMS(dq):  0.000e+00
2025-12-23:10:29:00,615 INFO     [psi4.optking.displace:172] 

	        --- Internal Coordinate Step in ANG or DEG, aJ/ANG or AJ/DEG ---
	-------------------------------------------------------------------------------
	           Coordinate      Previous         Force          Change          New 
	           ----------      --------        ------          ------        ------
	               R(1,2)       0.92671        0.00193        0.00022       0.92693
	-------------------------------------------------------------------------------

2025-12-23:10:29:00,615 INFO     [psi4.optking.stepAlgorithms:113] 	|target step| :    0.0004172257
2025-12-23:10:29:00,615 INFO     [psi4.optking.stepAlgorithms:114] 	gradient     :   -0.0002338641
2025-12-23:10:29:00,615 INFO     [psi4.optking.stepAlgorithms:115] 	hessian      :    0.5605217529
2025-12-23:10:29:00,615 INFO     [psi4.optking.stepAlgorithms:113] 	|target step| :    0.0004172257
2025-12-23:10:29:00,615 INFO     [psi4.optking.stepAlgorithms:114] 	gradient     :   -0.0002338641
2025-12-23:10:29:00,615 INFO     [psi4.optking.stepAlgorithms:115] 	hessian      :    0.5605217529
2025-12-23:10:29:00,615 INFO     [psi4.optking.stepAlgorithms:206] 	Norm of achieved step-size    0.0004172257
2025-12-23:10:29:00,615 INFO     [psi4.optking.stepAlgorithms:208] 	Norm of achieved step-size (cart):    0.0002950231
2025-12-23:10:29:00,615 INFO     [psi4.optking.opt_helper:164] Molsys:

	                            ===> Fragment 1 <== 

	 Z (Atomic Numbers)          Masses                          Geom                  
	       1.000000             1.007825          0.00000000  0.00000000  1.66322305   
	       9.000000            18.998403          0.00000000  0.00000000 -0.08842801   

	 - Coordinate -           - BOHR/RAD -       - ANG/DEG -
	 R(1,2)           =         1.751651           0.926934

2025-12-23:10:29:00,615 INFO     [psi4.optking.convcheck:76] Performing convergence check.
2025-12-23:10:29:00,615 INFO     [psi4.optking.convcheck:282] 
	                                 ==> Convergence Check <==                                  
    
	Measures of convergence in internal coordinates in au.
    
	Criteria marked as inactive (o), active & met (*), and active & unmet ( ).

	----------------------------------------------------------------------------------------------
	   Step    Total Energy     Delta E     Max Force     RMS Force      Max Disp      RMS Disp   
	----------------------------------------------------------------------------------------------
	  Convergence Criteria     1.00e-06 *    3.00e-04 *             o    1.20e-03 *             o
	----------------------------------------------------------------------------------------------
	     8    -100.43557892   -6.10e-07 *    2.34e-04 *    2.34e-04 o    4.17e-04 *    4.17e-04 o  ~
	----------------------------------------------------------------------------------------------


2025-12-23:10:29:00,615 INFO     [psi4.optking.convcheck:206] 
	                      ===> Final Convergence Report <===                     

	----------------------------------------------------------------------------
	|   Required Criteria    |  One or More Criteria  |   Alternate Criteria   |
	----------------------------------------------------------------------------
	| [x]     max_force      | [x]       max_DE       |                        |
	|                        | [x]      max_disp      |                        |
	----------------------------------------------------------------------------


2025-12-23:10:29:00,615 INFO     [psi4.optking.stepAlgorithms:296] 	Convergence check returned True
2025-12-23:10:29:00,616 INFO     [psi4.optking.optimize:332] 	Converged in 8 steps!
2025-12-23:10:29:00,616 INFO     [psi4.optking.optimize:333] 	Final energy is   -100.4355789214903
2025-12-23:10:29:00,616 INFO     [psi4.optking.optimize:334] 	Final structure (Angstroms): 
	Fragment 1 (Ang)

	    H   0.0000000000   0.0000000000   0.8801397357
	    F   0.0000000000   0.0000000000  -0.0467940851


2025-12-23:10:29:00,616 INFO     [psi4.optking.optimize:562] 	Optimization Finished

	==> Optimization Summary <==

        
	Measures of convergence in internal coordinates in au. (Any backward steps not shown.)
        
	---------------------------------------------------------------------------------------------------------------  ~
        
	 Step         Total Energy             Delta E       MAX Force       RMS Force        MAX Disp        RMS Disp   ~
        
	---------------------------------------------------------------------------------------------------------------  ~
        
	     1    -100.392407760648   -100.392407760648      0.12350681      0.12350681      0.41464176      0.41464176  ~
	     2    -100.432931200905     -0.040523440258      0.04895900      0.04895900      0.25465509      0.25465509  ~
	     3    -100.427115521769      0.005815679136      0.12238032      0.12238032      0.17623965      0.17623965  ~
	     4    -100.435428826366     -0.008313304597      0.01287131      0.01287131      0.05717466      0.05717466  ~
	     5    -100.435220962501      0.000207863865      0.02141673      0.02141673      0.04119273      0.04119273  ~
	     6    -100.435564744735     -0.000343782234      0.00404339      0.00404339      0.00849722      0.00849722  ~
	     7    -100.435578311061     -0.000013566326      0.00087973      0.00087973      0.00109883      0.00109883  ~
	     8    -100.435578921490     -0.000000610430      0.00023386      0.00023386      0.00041723      0.00041723  ~
	----------------------------------------------------------------------------------------------------------------


2025-12-23:10:29:00,616 INFO     [psi4.optking.optimize:806] Preparing OptimizationResult
