2025-12-23:11:07:53,219 WARNING  [psi4.optking:38] Some dependencies such as QCElemental have not yet finished migration to pydantic v2. If issues are encountered please downgrade pydantic or upgrade QCElemental as appropriate
2025-12-23:11:07:53,376 INFO     [psi4.optking.optwrapper:234] Creating a UserComputer
2025-12-23:11:07:53,376 INFO     [psi4.optking.optwrapper:242] 
    			-----------------------------------------

    			 OPTKING 3.0: for geometry optimizations 

    			     By R.A. King, Bethel University     

    			        with contributions from          

    			    A.V. Copan, J. Cayton, A. Heide      

    			-----------------------------------------

    
2025-12-23:11:07:53,376 INFO     [psi4.optking.optwrapper:272] 
		 -- Optimization Parameters --
	GEOM_MAXITER                   =             500
	ALG_GEOM_MAXITER               =              50
	PRINT                          =               1
	OPT_TYPE                       =             MIN
	STEP_TYPE                      =             RFO
	PROGRAM                        =            PSI4
	STEEPEST_DESCENT_TYPE          =         OVERLAP
	CONJUGATE_GRADIENT_TYPE        =        FLETCHER
	OPT_COORDINATES                =        INTERNAL
	RFO_FOLLOW_ROOT                =           False
	RFO_ROOT                       =               0
	ACCEPT_SYMMETRY_BREAKING       =           False
	DYNAMIC_LVL                    =               0
	DYNAMIC_LVL_MAX                =               0
	IRC_STEP_SIZE                  =             0.2
	IRC_DIRECTION                  =         FORWARD
	IRC_POINTS                     =              20
	IRC_MODE                       =          NORMAL
	IRC_CONVERGENCE                =            -0.7
	INTRAFRAG_STEP_LIMIT           =             0.5
	INTRAFRAG_STEP_LIMIT_MIN       =           0.001
	INTRAFRAG_STEP_LIMIT_MAX       =             1.0
	INTERFRAG_STEP_LIMIT           =             0.5
	INTERFRAG_STEP_LIMIT_MIN       =           0.001
	INTERFRAG_STEP_LIMIT_MAX       =             1.0
	ENSURE_BT_CONVERGENCE          =           False
	SIMPLE_STEP_SCALING            =           False
	CONSECUTIVE_BACKSTEPS          =               0
	RFO_NORMALIZATION_MAX          =             100
	RSRFO_ALPHA_MAX                =     100000000.0
	PRINT_TRAJECTORY_XYZ_FILE      =           False
	WRITE_TRAJECTORY               =           False
	FROZEN_DISTANCE                =                
	FROZEN_BEND                    =                
	FROZEN_DIHEDRAL                =                
	FROZEN_OOFP                    =                
	FROZEN_CARTESIAN               =                
	FREEZE_ALL_DIHEDRALS           =           False
	UNFREEZE_DIHEDRALS             =                
	RANGED_DISTANCE                =                
	RANGED_BEND                    =                
	RANGED_DIHEDRAL                =                
	RANGED_OOFP                    =                
	RANGED_CARTESIAN               =                
	EXT_FORCE_DISTANCE             =                
	EXT_FORCE_BEND                 =                
	EXT_FORCE_DIHEDRAL             =                
	EXT_FORCE_OOFP                 =                
	EXT_FORCE_CARTESIAN            =                
	G_CONVERGENCE                  =           QCHEM
	MAX_FORCE_G_CONVERGENCE        =          0.0003
	RMS_FORCE_G_CONVERGENCE        =          0.0003
	MAX_ENERGY_G_CONVERGENCE       =           1e-06
	MAX_DISP_G_CONVERGENCE         =          0.0012
	RMS_DISP_G_CONVERGENCE         =          0.0012
	FLEXIBLE_G_CONVERGENCE         =           False
	HESS_UPDATE                    =            BFGS
	HESS_UPDATE_USE_LAST           =               4
	HESS_UPDATE_LIMIT              =            True
	HESS_UPDATE_LIMIT_MAX          =             1.0
	HESS_UPDATE_LIMIT_SCALE        =             0.5
	HESS_UPDATE_DEN_TOL            =           1e-07
	HESS_UPDATE_DQ_TOL             =             0.5
	CART_HESS_READ                 =           False
	HESSIAN_FILE                   =               .
	FULL_HESS_EVERY                =              -1
	INTRAFRAG_HESS                 =        SCHLEGEL
	H_GUESS_EVERY                  =           False
	BT_MAX_ITER                    =              25
	BT_DX_CONV                     =           1e-07
	BT_DX_RMS_CHANGE_CONV          =           1e-12
	BT_PINV_RCOND                  =           1e-06
	FRAG_MODE                      =          SINGLE
	FRAG_REF_ATOMS                 =              []
	FREEZE_INTRAFRAG               =           False
	INTERFRAG_MODE                 =           FIXED
	ADD_AUXILIARY_BONDS            =           False
	AUXILIARY_BOND_FACTOR          =             2.5
	INTERFRAG_DIST_INV             =           False
	INTERFRAG_COLLINEAR_TOL        =            0.01
	INTERFRAG_COORDS               =              []
	INTERFRAG_HESS                 =         DEFAULT
	COVALENT_CONNECT               =             1.3
	INTERFRAGMENT_CONNECT          =             1.8
	H_BOND_CONNECT                 =             4.3
	INCLUDE_OOFP                   =           False
	TEST_B                         =           False
	TEST_DERIVATIVE_B              =           False
	LINESEARCH_STEP                =             0.1
	LINESEARCH                     =           False
	SD_HESSIAN                     =             1.0
	FIX_VAL_NEAR_PI                =            1.57
	V3D_TORS_ANGLE_LIM             =           0.017
	V3D_TORS_COS_TOL               =           1e-10
	LINEAR_BEND_THRESHOLD          =            3.05
	SMALL_BEND_FIX_THRESHOLD       =            0.35
	REDUNDANT_EVAL_TOL             =           1e-10
	LINEAR_ALGEBRA_TOL             =           1e-10


2025-12-23:11:07:53,511 INFO     [psi4.optking.opt_helper:164] Molsys:

	                            ===> Fragment 1 <== 

	 Z (Atomic Numbers)          Masses                          Geom                  
	       9.000000            18.998403          0.00000000  0.00000000  1.40554872   
	      15.000000            30.973762          0.00000000  0.00000000 -0.86212263   

	 - Coordinate -           - BOHR/RAD -       - ANG/DEG -
	 R(1,2)           =         2.267671           1.200000

2025-12-23:11:07:53,521 INFO     [psi4.driver.task_planner:259] PLANNING Atomic:  keywords={'DAMPING_PERCENTAGE': 1.0, 'GEOM_MAXITER': 500, 'GUESS': 'SAP', 'MAXITER': 500, 'REFERENCE': 'UKS', 'function_kwargs': {}}
2025-12-23:11:07:53,523 INFO     [psi4.driver.driver:638] Compute gradient(): method=b3lyp, basis=cc-pvdz, molecule=default, nre=59.53243620037501
2025-12-23:11:07:54,74 INFO     [psi4.driver.driver:641] Return gradient(): -440.84515538939445
2025-12-23:11:07:54,74 INFO     [psi4.driver.driver:642] [[ 0.00000000  0.00000000 -0.97888590]
 [-0.00000000  0.00000000  0.97883805]]
2025-12-23:11:07:54,76 INFO     [psi4.optking.molsys:944] Projected (PHP) Hessian matrix
	   4.182219

2025-12-23:11:07:54,76 INFO     [psi4.optking.opt_helper:182] 
	         Geometry (au)                                       Gradient (au)
   0.0000000000   0.0000000000   1.4055487185		   0.0000000000   0.0000000000  -0.9788859046
   0.0000000000   0.0000000000  -0.8621226321		  -0.0000000000   0.0000000000   0.9788380463

2025-12-23:11:07:54,76 INFO     [psi4.optking.stepAlgorithms:929] 	Using RFO solution 1.
2025-12-23:11:07:54,76 INFO     [psi4.optking.displace:100] 	Determining Cartesian step for fragment 1.
2025-12-23:11:07:54,77 INFO     [psi4.optking.displace:415] 	Successfully converged to displaced geometry.
2025-12-23:11:07:54,77 INFO     [psi4.optking.displace:416] 	RMS(dx):  0.000e+00 	Max(dx):  0.000e+00 	RMS(dq):  0.000e+00
2025-12-23:11:07:54,77 INFO     [psi4.optking.displace:172] 

	        --- Internal Coordinate Step in ANG or DEG, aJ/ANG or AJ/DEG ---
	-------------------------------------------------------------------------------
	           Coordinate      Previous         Force          Change          New 
	           ----------      --------        ------          ------        ------
	               R(1,2)       1.20000        8.06457        0.11773       1.31773
	-------------------------------------------------------------------------------

2025-12-23:11:07:54,77 INFO     [psi4.optking.stepAlgorithms:113] 	|target step| :    0.2224693725
2025-12-23:11:07:54,77 INFO     [psi4.optking.stepAlgorithms:114] 	gradient     :   -0.9788619754
2025-12-23:11:07:54,77 INFO     [psi4.optking.stepAlgorithms:115] 	hessian      :    4.1822185214
2025-12-23:11:07:54,77 INFO     [psi4.optking.stepAlgorithms:113] 	|target step| :    0.2224693725
2025-12-23:11:07:54,77 INFO     [psi4.optking.stepAlgorithms:114] 	gradient     :   -0.9788619754
2025-12-23:11:07:54,77 INFO     [psi4.optking.stepAlgorithms:115] 	hessian      :    4.1822185214
2025-12-23:11:07:54,77 INFO     [psi4.optking.stepAlgorithms:206] 	Norm of achieved step-size    0.2224693725
2025-12-23:11:07:54,77 INFO     [psi4.optking.stepAlgorithms:208] 	Norm of achieved step-size (cart):    0.1573096019
2025-12-23:11:07:54,77 INFO     [psi4.optking.opt_helper:164] Molsys:

	                            ===> Fragment 1 <== 

	 Z (Atomic Numbers)          Masses                          Geom                  
	       9.000000            18.998403          0.00000000  0.00000000  1.51678340   
	      15.000000            30.973762          0.00000000  0.00000000 -0.97335732   

	 - Coordinate -           - BOHR/RAD -       - ANG/DEG -
	 R(1,2)           =         2.490141           1.317726

2025-12-23:11:07:54,77 INFO     [psi4.optking.convcheck:76] Performing convergence check.
2025-12-23:11:07:54,77 INFO     [psi4.optking.convcheck:282] 
	                                 ==> Convergence Check <==                                  
    
	Measures of convergence in internal coordinates in au.
    
	Criteria marked as inactive (o), active & met (*), and active & unmet ( ).

	----------------------------------------------------------------------------------------------~
	   Step    Total Energy     Delta E     Max Force     RMS Force      Max Disp      RMS Disp   ~
	----------------------------------------------------------------------------------------------~
	  Convergence Criteria     1.00e-06 *    3.00e-04 *             o    1.20e-03 *             o~
	----------------------------------------------------------------------------------------------~
	     1    -440.84515539   -4.41e+02      9.79e-01      9.79e-01 o    2.22e-01      2.22e-01 o  ~
	----------------------------------------------------------------------------------------------


2025-12-23:11:07:54,77 INFO     [psi4.optking.stepAlgorithms:296] 	Convergence check returned False
2025-12-23:11:07:54,88 INFO     [psi4.driver.task_planner:259] PLANNING Atomic:  keywords={'DAMPING_PERCENTAGE': 1.0, 'GEOM_MAXITER': 500, 'SCF__GUESS': 'READ', 'GUESS': 'SAP', 'MAXITER': 500, 'REFERENCE': 'UKS', 'function_kwargs': {}}
2025-12-23:11:07:54,89 INFO     [psi4.driver.driver:638] Compute gradient(): method=b3lyp, basis=cc-pvdz, molecule=default, nre=54.21380356214155
2025-12-23:11:07:54,604 INFO     [psi4.driver.driver:641] Return gradient(): -441.0032649334364
2025-12-23:11:07:54,604 INFO     [psi4.driver.driver:642] [[ 0.00000000  0.00000000 -0.49083328]
 [ 0.00000000 -0.00000000  0.49082683]]
2025-12-23:11:07:54,605 INFO     [psi4.optking.history:269] 	Performing BFGS update.
2025-12-23:11:07:54,605 INFO     [psi4.optking.history:280] 	Using 1 previous steps for update.
2025-12-23:11:07:54,605 INFO     [psi4.optking.history:317] 	Steps to be used in Hessian update:  1

2025-12-23:11:07:54,606 INFO     [psi4.optking.history:418] 	Updated Hessian (in au) 
 	   2.193704

2025-12-23:11:07:54,606 INFO     [psi4.optking.molsys:944] Projected (PHP) Hessian matrix
	   2.193704

2025-12-23:11:07:54,606 INFO     [psi4.optking.opt_helper:182] 
	         Geometry (au)                                       Gradient (au)
   0.0000000000   0.0000000000   1.5434397499		   0.0000000000   0.0000000000  -0.4908332830
   0.0000000000   0.0000000000  -0.9467009731		   0.0000000000  -0.0000000000   0.4908268349

2025-12-23:11:07:54,606 INFO     [psi4.optking.stepAlgorithms:368] 	Current Step Report 
 
	Current energy:      -441.0032649334
	Energy change for the previous step:
		Actual       :        -0.1581095440
		Projected    :        -0.1088834047

2025-12-23:11:07:54,606 INFO     [psi4.optking.stepAlgorithms:371] 	Energy ratio =    1.45210
2025-12-23:11:07:54,606 INFO     [psi4.optking.stepAlgorithms:399] 	Energy ratio indicates good step.
2025-12-23:11:07:54,606 INFO     [psi4.optking.stepAlgorithms:400] 	Intrafrag trust radius increased to      1.
2025-12-23:11:07:54,606 INFO     [psi4.optking.stepAlgorithms:929] 	Using RFO solution 1.
2025-12-23:11:07:54,606 INFO     [psi4.optking.displace:100] 	Determining Cartesian step for fragment 1.
2025-12-23:11:07:54,606 INFO     [psi4.optking.displace:415] 	Successfully converged to displaced geometry.
2025-12-23:11:07:54,606 INFO     [psi4.optking.displace:416] 	RMS(dx):  0.000e+00 	Max(dx):  0.000e+00 	RMS(dq):  0.000e+00
2025-12-23:11:07:54,606 INFO     [psi4.optking.displace:172] 

	        --- Internal Coordinate Step in ANG or DEG, aJ/ANG or AJ/DEG ---
	-------------------------------------------------------------------------------
	           Coordinate      Previous         Force          Change          New 
	           ----------      --------        ------          ------        ------
	               R(1,2)       1.31773        4.04381        0.11300       1.43073
	-------------------------------------------------------------------------------

2025-12-23:11:07:54,606 INFO     [psi4.optking.stepAlgorithms:113] 	|target step| :    0.2135420882
2025-12-23:11:07:54,607 INFO     [psi4.optking.stepAlgorithms:114] 	gradient     :   -0.4908300590
2025-12-23:11:07:54,607 INFO     [psi4.optking.stepAlgorithms:115] 	hessian      :    2.1937038391
2025-12-23:11:07:54,607 INFO     [psi4.optking.stepAlgorithms:113] 	|target step| :    0.2135420882
2025-12-23:11:07:54,607 INFO     [psi4.optking.stepAlgorithms:114] 	gradient     :   -0.4908300590
2025-12-23:11:07:54,607 INFO     [psi4.optking.stepAlgorithms:115] 	hessian      :    2.1937038391
2025-12-23:11:07:54,607 INFO     [psi4.optking.stepAlgorithms:206] 	Norm of achieved step-size    0.2135420882
2025-12-23:11:07:54,607 INFO     [psi4.optking.stepAlgorithms:208] 	Norm of achieved step-size (cart):    0.1509970586
2025-12-23:11:07:54,607 INFO     [psi4.optking.opt_helper:164] Molsys:

	                            ===> Fragment 1 <== 

	 Z (Atomic Numbers)          Masses                          Geom                  
	       9.000000            18.998403          0.00000000  0.00000000  1.65021079   
	      15.000000            30.973762          0.00000000  0.00000000 -1.05347202   

	 - Coordinate -           - BOHR/RAD -       - ANG/DEG -
	 R(1,2)           =         2.703683           1.430727

2025-12-23:11:07:54,607 INFO     [psi4.optking.convcheck:76] Performing convergence check.
2025-12-23:11:07:54,607 INFO     [psi4.optking.convcheck:282] 
	                                 ==> Convergence Check <==                                  
    
	Measures of convergence in internal coordinates in au.
    
	Criteria marked as inactive (o), active & met (*), and active & unmet ( ).

	----------------------------------------------------------------------------------------------
	   Step    Total Energy     Delta E     Max Force     RMS Force      Max Disp      RMS Disp   
	----------------------------------------------------------------------------------------------
	  Convergence Criteria     1.00e-06 *    3.00e-04 *             o    1.20e-03 *             o
	----------------------------------------------------------------------------------------------
	     2    -441.00326493   -1.58e-01      4.91e-01      4.91e-01 o    2.14e-01      2.14e-01 o  ~
	----------------------------------------------------------------------------------------------


2025-12-23:11:07:54,607 INFO     [psi4.optking.stepAlgorithms:296] 	Convergence check returned False
2025-12-23:11:07:54,617 INFO     [psi4.driver.task_planner:259] PLANNING Atomic:  keywords={'DAMPING_PERCENTAGE': 1.0, 'GEOM_MAXITER': 500, 'SCF__GUESS': 'READ', 'GUESS': 'SAP', 'MAXITER': 500, 'REFERENCE': 'UKS', 'function_kwargs': {}}
2025-12-23:11:07:54,619 INFO     [psi4.driver.driver:638] Compute gradient(): method=b3lyp, basis=cc-pvdz, molecule=default, nre=49.9318926914453
2025-12-23:11:07:55,133 INFO     [psi4.driver.driver:641] Return gradient(): -441.07742622897064
2025-12-23:11:07:55,133 INFO     [psi4.driver.driver:642] [[ 0.00000000 -0.00000000 -0.22821299]
 [-0.00000000  0.00000000  0.22814978]]
2025-12-23:11:07:55,134 INFO     [psi4.optking.history:269] 	Performing BFGS update.
2025-12-23:11:07:55,134 INFO     [psi4.optking.history:280] 	Using 2 previous steps for update.
2025-12-23:11:07:55,135 INFO     [psi4.optking.history:317] 	Steps to be used in Hessian update:  2 1

2025-12-23:11:07:55,135 INFO     [psi4.optking.history:418] 	Updated Hessian (in au) 
 	   1.721699

2025-12-23:11:07:55,135 INFO     [psi4.optking.molsys:944] Projected (PHP) Hessian matrix
	   1.721699

2025-12-23:11:07:55,135 INFO     [psi4.optking.opt_helper:182] 
	         Geometry (au)                                       Gradient (au)
   0.0000000000   0.0000000000   1.6757974693		   0.0000000000  -0.0000000000  -0.2282129945
   0.0000000000   0.0000000000  -1.0278853419		  -0.0000000000   0.0000000000   0.2281497751

2025-12-23:11:07:55,135 INFO     [psi4.optking.stepAlgorithms:368] 	Current Step Report 
 
	Current energy:      -441.0774262290
	Energy change for the previous step:
		Actual       :        -0.0741612955
		Projected    :        -0.0524064379

2025-12-23:11:07:55,135 INFO     [psi4.optking.stepAlgorithms:371] 	Energy ratio =    1.41512
2025-12-23:11:07:55,135 INFO     [psi4.optking.stepAlgorithms:929] 	Using RFO solution 1.
2025-12-23:11:07:55,135 INFO     [psi4.optking.displace:100] 	Determining Cartesian step for fragment 1.
2025-12-23:11:07:55,135 INFO     [psi4.optking.displace:415] 	Successfully converged to displaced geometry.
2025-12-23:11:07:55,135 INFO     [psi4.optking.displace:416] 	RMS(dx):  0.000e+00 	Max(dx):  0.000e+00 	RMS(dq):  0.000e+00
2025-12-23:11:07:55,136 INFO     [psi4.optking.displace:172] 

	        --- Internal Coordinate Step in ANG or DEG, aJ/ANG or AJ/DEG ---
	-------------------------------------------------------------------------------
	           Coordinate      Previous         Force          Change          New 
	           ----------      --------        ------          ------        ------
	               R(1,2)       1.43073        1.87992        0.06894       1.49967
	-------------------------------------------------------------------------------

2025-12-23:11:07:55,136 INFO     [psi4.optking.stepAlgorithms:113] 	|target step| :    0.1302830968
2025-12-23:11:07:55,136 INFO     [psi4.optking.stepAlgorithms:114] 	gradient     :   -0.2281813848
2025-12-23:11:07:55,136 INFO     [psi4.optking.stepAlgorithms:115] 	hessian      :    1.7216992175
2025-12-23:11:07:55,136 INFO     [psi4.optking.stepAlgorithms:113] 	|target step| :    0.1302830968
2025-12-23:11:07:55,136 INFO     [psi4.optking.stepAlgorithms:114] 	gradient     :   -0.2281813848
2025-12-23:11:07:55,136 INFO     [psi4.optking.stepAlgorithms:115] 	hessian      :    1.7216992175
2025-12-23:11:07:55,136 INFO     [psi4.optking.stepAlgorithms:206] 	Norm of achieved step-size    0.1302830968
2025-12-23:11:07:55,136 INFO     [psi4.optking.stepAlgorithms:208] 	Norm of achieved step-size (cart):    0.0921240612
2025-12-23:11:07:55,136 INFO     [psi4.optking.opt_helper:164] Molsys:

	                            ===> Fragment 1 <== 

	 Z (Atomic Numbers)          Masses                          Geom                  
	       9.000000            18.998403          0.00000000  0.00000000  1.74093902   
	      15.000000            30.973762          0.00000000  0.00000000 -1.09302689   

	 - Coordinate -           - BOHR/RAD -       - ANG/DEG -
	 R(1,2)           =         2.833966           1.499670

2025-12-23:11:07:55,136 INFO     [psi4.optking.convcheck:76] Performing convergence check.
2025-12-23:11:07:55,136 INFO     [psi4.optking.convcheck:282] 
	                                 ==> Convergence Check <==                                  
    
	Measures of convergence in internal coordinates in au.
    
	Criteria marked as inactive (o), active & met (*), and active & unmet ( ).

	----------------------------------------------------------------------------------------------
	   Step    Total Energy     Delta E     Max Force     RMS Force      Max Disp      RMS Disp   
	----------------------------------------------------------------------------------------------
	  Convergence Criteria     1.00e-06 *    3.00e-04 *             o    1.20e-03 *             o
	----------------------------------------------------------------------------------------------
	     3    -441.07742623   -7.42e-02      2.28e-01      2.28e-01 o    1.30e-01      1.30e-01 o  ~
	----------------------------------------------------------------------------------------------


2025-12-23:11:07:55,136 INFO     [psi4.optking.stepAlgorithms:296] 	Convergence check returned False
2025-12-23:11:07:55,147 INFO     [psi4.driver.task_planner:259] PLANNING Atomic:  keywords={'DAMPING_PERCENTAGE': 1.0, 'GEOM_MAXITER': 500, 'SCF__GUESS': 'READ', 'GUESS': 'SAP', 'MAXITER': 500, 'REFERENCE': 'UKS', 'function_kwargs': {}}
2025-12-23:11:07:55,148 INFO     [psi4.driver.driver:638] Compute gradient(): method=b3lyp, basis=cc-pvdz, molecule=default, nre=47.636423437598424
2025-12-23:11:07:55,716 INFO     [psi4.driver.driver:641] Return gradient(): -441.10017447133924
2025-12-23:11:07:55,716 INFO     [psi4.driver.driver:642] [[ 0.00000000  0.00000000 -0.12690961]
 [-0.00000000 -0.00000000  0.12686807]]
2025-12-23:11:07:55,718 INFO     [psi4.optking.history:269] 	Performing BFGS update.
2025-12-23:11:07:55,718 INFO     [psi4.optking.history:280] 	Using 3 previous steps for update.
2025-12-23:11:07:55,718 WARNING  [psi4.optking.history:301] 	Change in internal coordinate of 5.66e-01 exceeds limit of 5.00e-01.
2025-12-23:11:07:55,718 WARNING  [psi4.optking.history:306] 	Skipping Hessian update for step 1.
2025-12-23:11:07:55,718 INFO     [psi4.optking.history:317] 	Steps to be used in Hessian update:  3 2

2025-12-23:11:07:55,718 INFO     [psi4.optking.history:418] 	Updated Hessian (in au) 
 	   1.058507

2025-12-23:11:07:55,719 INFO     [psi4.optking.molsys:944] Projected (PHP) Hessian matrix
	   1.058507

2025-12-23:11:07:55,719 INFO     [psi4.optking.opt_helper:182] 
	         Geometry (au)                                       Gradient (au)
   0.0000000000   0.0000000000   1.7565495764		   0.0000000000   0.0000000000  -0.1269096147
   0.0000000000   0.0000000000  -1.0774163316		  -0.0000000000  -0.0000000000   0.1268680660

2025-12-23:11:07:55,719 INFO     [psi4.optking.stepAlgorithms:368] 	Current Step Report 
 
	Current energy:      -441.1001744713
	Energy change for the previous step:
		Actual       :        -0.0227482424
		Projected    :        -0.0148640887

2025-12-23:11:07:55,719 INFO     [psi4.optking.stepAlgorithms:371] 	Energy ratio =    1.53042
2025-12-23:11:07:55,719 INFO     [psi4.optking.stepAlgorithms:929] 	Using RFO solution 1.
2025-12-23:11:07:55,719 INFO     [psi4.optking.displace:100] 	Determining Cartesian step for fragment 1.
2025-12-23:11:07:55,719 INFO     [psi4.optking.displace:415] 	Successfully converged to displaced geometry.
2025-12-23:11:07:55,719 INFO     [psi4.optking.displace:416] 	RMS(dx):  1.282e-16 	Max(dx):  2.220e-16 	RMS(dq):  0.000e+00
2025-12-23:11:07:55,719 INFO     [psi4.optking.displace:172] 

	        --- Internal Coordinate Step in ANG or DEG, aJ/ANG or AJ/DEG ---
	-------------------------------------------------------------------------------
	           Coordinate      Previous         Force          Change          New 
	           ----------      --------        ------          ------        ------
	               R(1,2)       1.49967        1.04540        0.06255       1.56222
	-------------------------------------------------------------------------------

2025-12-23:11:07:55,719 INFO     [psi4.optking.stepAlgorithms:113] 	|target step| :    0.1182005226
2025-12-23:11:07:55,719 INFO     [psi4.optking.stepAlgorithms:114] 	gradient     :   -0.1268888403
2025-12-23:11:07:55,719 INFO     [psi4.optking.stepAlgorithms:115] 	hessian      :    1.0585065741
2025-12-23:11:07:55,719 INFO     [psi4.optking.stepAlgorithms:113] 	|target step| :    0.1182005226
2025-12-23:11:07:55,719 INFO     [psi4.optking.stepAlgorithms:114] 	gradient     :   -0.1268888403
2025-12-23:11:07:55,719 INFO     [psi4.optking.stepAlgorithms:115] 	hessian      :    1.0585065741
2025-12-23:11:07:55,719 INFO     [psi4.optking.stepAlgorithms:206] 	Norm of achieved step-size    0.1182005226
2025-12-23:11:07:55,719 INFO     [psi4.optking.stepAlgorithms:208] 	Norm of achieved step-size (cart):    0.0835803911
2025-12-23:11:07:55,719 INFO     [psi4.optking.opt_helper:164] Molsys:

	                            ===> Fragment 1 <== 

	 Z (Atomic Numbers)          Masses                          Geom                  
	       9.000000            18.998403          0.00000000  0.00000000  1.81564984   
	      15.000000            30.973762          0.00000000  0.00000000 -1.13651659   

	 - Coordinate -           - BOHR/RAD -       - ANG/DEG -
	 R(1,2)           =         2.952166           1.562219

2025-12-23:11:07:55,720 INFO     [psi4.optking.convcheck:76] Performing convergence check.
2025-12-23:11:07:55,720 INFO     [psi4.optking.convcheck:282] 
	                                 ==> Convergence Check <==                                  
    
	Measures of convergence in internal coordinates in au.
    
	Criteria marked as inactive (o), active & met (*), and active & unmet ( ).

	----------------------------------------------------------------------------------------------
	   Step    Total Energy     Delta E     Max Force     RMS Force      Max Disp      RMS Disp   
	----------------------------------------------------------------------------------------------
	  Convergence Criteria     1.00e-06 *    3.00e-04 *             o    1.20e-03 *             o
	----------------------------------------------------------------------------------------------
	     4    -441.10017447   -2.27e-02      1.27e-01      1.27e-01 o    1.18e-01      1.18e-01 o  ~
	----------------------------------------------------------------------------------------------


2025-12-23:11:07:55,720 INFO     [psi4.optking.stepAlgorithms:296] 	Convergence check returned False
2025-12-23:11:07:55,730 INFO     [psi4.driver.task_planner:259] PLANNING Atomic:  keywords={'DAMPING_PERCENTAGE': 1.0, 'GEOM_MAXITER': 500, 'SCF__GUESS': 'READ', 'GUESS': 'SAP', 'MAXITER': 500, 'REFERENCE': 'UKS', 'function_kwargs': {}}
2025-12-23:11:07:55,731 INFO     [psi4.driver.driver:638] Compute gradient(): method=b3lyp, basis=cc-pvdz, molecule=default, nre=45.729129158226336
2025-12-23:11:07:56,282 INFO     [psi4.driver.driver:641] Return gradient(): -441.11105230887534
2025-12-23:11:07:56,283 INFO     [psi4.driver.driver:642] [[ 0.00000000  0.00000000 -0.06079287]
 [ 0.00000000  0.00000000  0.06073094]]
2025-12-23:11:07:56,284 INFO     [psi4.optking.history:269] 	Performing BFGS update.
2025-12-23:11:07:56,284 INFO     [psi4.optking.history:280] 	Using 4 previous steps for update.
2025-12-23:11:07:56,285 WARNING  [psi4.optking.history:301] 	Change in internal coordinate of 6.84e-01 exceeds limit of 5.00e-01.
2025-12-23:11:07:56,285 WARNING  [psi4.optking.history:306] 	Skipping Hessian update for step 1.
2025-12-23:11:07:56,285 INFO     [psi4.optking.history:317] 	Steps to be used in Hessian update:  4 3 2

2025-12-23:11:07:56,285 INFO     [psi4.optking.history:418] 	Updated Hessian (in au) 
 	   0.930832

2025-12-23:11:07:56,285 INFO     [psi4.optking.molsys:944] Projected (PHP) Hessian matrix
	   0.930832

2025-12-23:11:07:56,285 INFO     [psi4.optking.opt_helper:182] 
	         Geometry (au)                                       Gradient (au)
   0.0000000000   0.0000000000   1.8298126588		   0.0000000000   0.0000000000  -0.0607928711
   0.0000000000   0.0000000000  -1.1223537718		   0.0000000000   0.0000000000   0.0607309416

2025-12-23:11:07:56,285 INFO     [psi4.optking.stepAlgorithms:368] 	Current Step Report 
 
	Current energy:      -441.1110523089
	Energy change for the previous step:
		Actual       :        -0.0108778375
		Projected    :        -0.0074991636

2025-12-23:11:07:56,285 INFO     [psi4.optking.stepAlgorithms:371] 	Energy ratio =    1.45054
2025-12-23:11:07:56,285 INFO     [psi4.optking.stepAlgorithms:929] 	Using RFO solution 1.
2025-12-23:11:07:56,285 INFO     [psi4.optking.displace:100] 	Determining Cartesian step for fragment 1.
2025-12-23:11:07:56,286 INFO     [psi4.optking.displace:415] 	Successfully converged to displaced geometry.
2025-12-23:11:07:56,286 INFO     [psi4.optking.displace:416] 	RMS(dx):  0.000e+00 	Max(dx):  0.000e+00 	RMS(dq):  0.000e+00
2025-12-23:11:07:56,286 INFO     [psi4.optking.displace:172] 

	        --- Internal Coordinate Step in ANG or DEG, aJ/ANG or AJ/DEG ---
	-------------------------------------------------------------------------------
	           Coordinate      Previous         Force          Change          New 
	           ----------      --------        ------          ------        ------
	               R(1,2)       1.56222        0.50060        0.03440       1.59662
	-------------------------------------------------------------------------------

2025-12-23:11:07:56,286 INFO     [psi4.optking.stepAlgorithms:113] 	|target step| :    0.0650012036
2025-12-23:11:07:56,286 INFO     [psi4.optking.stepAlgorithms:114] 	gradient     :   -0.0607619063
2025-12-23:11:07:56,286 INFO     [psi4.optking.stepAlgorithms:115] 	hessian      :    0.9308316520
2025-12-23:11:07:56,286 INFO     [psi4.optking.stepAlgorithms:113] 	|target step| :    0.0650012036
2025-12-23:11:07:56,286 INFO     [psi4.optking.stepAlgorithms:114] 	gradient     :   -0.0607619063
2025-12-23:11:07:56,286 INFO     [psi4.optking.stepAlgorithms:115] 	hessian      :    0.9308316520
2025-12-23:11:07:56,286 INFO     [psi4.optking.stepAlgorithms:206] 	Norm of achieved step-size    0.0650012036
2025-12-23:11:07:56,286 INFO     [psi4.optking.stepAlgorithms:208] 	Norm of achieved step-size (cart):    0.0459627919
2025-12-23:11:07:56,286 INFO     [psi4.optking.opt_helper:164] Molsys:

	                            ===> Fragment 1 <== 

	 Z (Atomic Numbers)          Masses                          Geom                  
	       9.000000            18.998403          0.00000000  0.00000000  1.86231326   
	      15.000000            30.973762          0.00000000  0.00000000 -1.15485437   

	 - Coordinate -           - BOHR/RAD -       - ANG/DEG -
	 R(1,2)           =         3.017168           1.596616

2025-12-23:11:07:56,286 INFO     [psi4.optking.convcheck:76] Performing convergence check.
2025-12-23:11:07:56,286 INFO     [psi4.optking.convcheck:282] 
	                                 ==> Convergence Check <==                                  
    
	Measures of convergence in internal coordinates in au.
    
	Criteria marked as inactive (o), active & met (*), and active & unmet ( ).

	----------------------------------------------------------------------------------------------
	   Step    Total Energy     Delta E     Max Force     RMS Force      Max Disp      RMS Disp   
	----------------------------------------------------------------------------------------------
	  Convergence Criteria     1.00e-06 *    3.00e-04 *             o    1.20e-03 *             o
	----------------------------------------------------------------------------------------------
	     5    -441.11105231   -1.09e-02      6.08e-02      6.08e-02 o    6.50e-02      6.50e-02 o  ~
	----------------------------------------------------------------------------------------------


2025-12-23:11:07:56,286 INFO     [psi4.optking.stepAlgorithms:296] 	Convergence check returned False
2025-12-23:11:07:56,297 INFO     [psi4.driver.task_planner:259] PLANNING Atomic:  keywords={'DAMPING_PERCENTAGE': 1.0, 'GEOM_MAXITER': 500, 'SCF__GUESS': 'READ', 'GUESS': 'SAP', 'MAXITER': 500, 'REFERENCE': 'UKS', 'function_kwargs': {}}
2025-12-23:11:07:56,299 INFO     [psi4.driver.driver:638] Compute gradient(): method=b3lyp, basis=cc-pvdz, molecule=default, nre=44.74395074019088
2025-12-23:11:07:56,910 INFO     [psi4.driver.driver:641] Return gradient(): -441.1140484812696
2025-12-23:11:07:56,911 INFO     [psi4.driver.driver:642] [[ 0.00000000 -0.00000000 -0.03242200]
 [ 0.00000000  0.00000000  0.03235948]]
2025-12-23:11:07:56,913 INFO     [psi4.optking.history:269] 	Performing BFGS update.
2025-12-23:11:07:56,913 INFO     [psi4.optking.history:280] 	Using 4 previous steps for update.
2025-12-23:11:07:56,913 WARNING  [psi4.optking.history:301] 	Change in internal coordinate of 5.27e-01 exceeds limit of 5.00e-01.
2025-12-23:11:07:56,913 WARNING  [psi4.optking.history:306] 	Skipping Hessian update for step 2.
2025-12-23:11:07:56,913 WARNING  [psi4.optking.history:301] 	Change in internal coordinate of 7.49e-01 exceeds limit of 5.00e-01.
2025-12-23:11:07:56,913 WARNING  [psi4.optking.history:306] 	Skipping Hessian update for step 1.
2025-12-23:11:07:56,913 INFO     [psi4.optking.history:317] 	Steps to be used in Hessian update:  5 4 3

2025-12-23:11:07:56,913 INFO     [psi4.optking.history:418] 	Updated Hessian (in au) 
 	   0.624562

2025-12-23:11:07:56,913 INFO     [psi4.optking.molsys:944] Projected (PHP) Hessian matrix
	   0.624562

2025-12-23:11:07:56,913 INFO     [psi4.optking.opt_helper:182] 
	         Geometry (au)                                       Gradient (au)
   0.0000000000   0.0000000000   1.8701017238		   0.0000000000  -0.0000000000  -0.0324220042
   0.0000000000   0.0000000000  -1.1470659104		   0.0000000000   0.0000000000   0.0323594829

2025-12-23:11:07:56,913 INFO     [psi4.optking.stepAlgorithms:368] 	Current Step Report 
 
	Current energy:      -441.1140484813
	Energy change for the previous step:
		Actual       :        -0.0029961724
		Projected    :        -0.0019747985

2025-12-23:11:07:56,913 INFO     [psi4.optking.stepAlgorithms:371] 	Energy ratio =    1.51720
2025-12-23:11:07:56,914 INFO     [psi4.optking.stepAlgorithms:929] 	Using RFO solution 1.
2025-12-23:11:07:56,914 INFO     [psi4.optking.displace:100] 	Determining Cartesian step for fragment 1.
2025-12-23:11:07:56,914 INFO     [psi4.optking.displace:415] 	Successfully converged to displaced geometry.
2025-12-23:11:07:56,914 INFO     [psi4.optking.displace:416] 	RMS(dx):  0.000e+00 	Max(dx):  0.000e+00 	RMS(dq):  0.000e+00
2025-12-23:11:07:56,914 INFO     [psi4.optking.displace:172] 

	        --- Internal Coordinate Step in ANG or DEG, aJ/ANG or AJ/DEG ---
	-------------------------------------------------------------------------------
	           Coordinate      Previous         Force          Change          New 
	           ----------      --------        ------          ------        ------
	               R(1,2)       1.59662        0.26686        0.02737       1.62399
	-------------------------------------------------------------------------------

2025-12-23:11:07:56,914 INFO     [psi4.optking.stepAlgorithms:113] 	|target step| :    0.0517228093
2025-12-23:11:07:56,914 INFO     [psi4.optking.stepAlgorithms:114] 	gradient     :   -0.0323907435
2025-12-23:11:07:56,914 INFO     [psi4.optking.stepAlgorithms:115] 	hessian      :    0.6245617871
2025-12-23:11:07:56,914 INFO     [psi4.optking.stepAlgorithms:113] 	|target step| :    0.0517228093
2025-12-23:11:07:56,914 INFO     [psi4.optking.stepAlgorithms:114] 	gradient     :   -0.0323907435
2025-12-23:11:07:56,914 INFO     [psi4.optking.stepAlgorithms:115] 	hessian      :    0.6245617871
2025-12-23:11:07:56,914 INFO     [psi4.optking.stepAlgorithms:206] 	Norm of achieved step-size    0.0517228093
2025-12-23:11:07:56,914 INFO     [psi4.optking.stepAlgorithms:208] 	Norm of achieved step-size (cart):    0.0365735492
2025-12-23:11:07:56,914 INFO     [psi4.optking.opt_helper:164] Molsys:

	                            ===> Fragment 1 <== 

	 Z (Atomic Numbers)          Masses                          Geom                  
	       9.000000            18.998403          0.00000000  0.00000000  1.89596313   
	      15.000000            30.973762          0.00000000  0.00000000 -1.17292732   

	 - Coordinate -           - BOHR/RAD -       - ANG/DEG -
	 R(1,2)           =         3.068890           1.623987

2025-12-23:11:07:56,914 INFO     [psi4.optking.convcheck:76] Performing convergence check.
2025-12-23:11:07:56,914 INFO     [psi4.optking.convcheck:282] 
	                                 ==> Convergence Check <==                                  
    
	Measures of convergence in internal coordinates in au.
    
	Criteria marked as inactive (o), active & met (*), and active & unmet ( ).

	----------------------------------------------------------------------------------------------
	   Step    Total Energy     Delta E     Max Force     RMS Force      Max Disp      RMS Disp   
	----------------------------------------------------------------------------------------------
	  Convergence Criteria     1.00e-06 *    3.00e-04 *             o    1.20e-03 *             o
	----------------------------------------------------------------------------------------------
	     6    -441.11404848   -3.00e-03      3.24e-02      3.24e-02 o    5.17e-02      5.17e-02 o  ~
	----------------------------------------------------------------------------------------------


2025-12-23:11:07:56,915 INFO     [psi4.optking.stepAlgorithms:296] 	Convergence check returned False
2025-12-23:11:07:56,925 INFO     [psi4.driver.task_planner:259] PLANNING Atomic:  keywords={'DAMPING_PERCENTAGE': 1.0, 'GEOM_MAXITER': 500, 'SCF__GUESS': 'READ', 'GUESS': 'SAP', 'MAXITER': 500, 'REFERENCE': 'UKS', 'function_kwargs': {}}
2025-12-23:11:07:56,926 INFO     [psi4.driver.driver:638] Compute gradient(): method=b3lyp, basis=cc-pvdz, molecule=default, nre=43.98984013447541
2025-12-23:11:07:57,430 INFO     [psi4.driver.driver:641] Return gradient(): -441.1152111375177
2025-12-23:11:07:57,430 INFO     [psi4.driver.driver:642] [[-0.00000000  0.00000000 -0.01317425]
 [-0.00000000  0.00000000  0.01311244]]
2025-12-23:11:07:57,432 INFO     [psi4.optking.history:269] 	Performing BFGS update.
2025-12-23:11:07:57,432 INFO     [psi4.optking.history:280] 	Using 4 previous steps for update.
2025-12-23:11:07:57,432 INFO     [psi4.optking.history:317] 	Steps to be used in Hessian update:  6 5 4 3

2025-12-23:11:07:57,432 INFO     [psi4.optking.history:418] 	Updated Hessian (in au) 
 	   0.588810

2025-12-23:11:07:57,432 INFO     [psi4.optking.molsys:944] Projected (PHP) Hessian matrix
	   0.588810

2025-12-23:11:07:57,433 INFO     [psi4.optking.opt_helper:182] 
	         Geometry (au)                                       Gradient (au)
   0.0000000000   0.0000000000   1.9021605706		  -0.0000000000   0.0000000000  -0.0131742499
   0.0000000000   0.0000000000  -1.1667298729		  -0.0000000000   0.0000000000   0.0131124445

2025-12-23:11:07:57,433 INFO     [psi4.optking.stepAlgorithms:368] 	Current Step Report 
 
	Current energy:      -441.1152111375
	Energy change for the previous step:
		Actual       :        -0.0011626562
		Projected    :        -0.0008376701

2025-12-23:11:07:57,433 INFO     [psi4.optking.stepAlgorithms:371] 	Energy ratio =    1.38796
2025-12-23:11:07:57,433 INFO     [psi4.optking.stepAlgorithms:929] 	Using RFO solution 1.
2025-12-23:11:07:57,433 INFO     [psi4.optking.displace:100] 	Determining Cartesian step for fragment 1.
2025-12-23:11:07:57,433 INFO     [psi4.optking.displace:415] 	Successfully converged to displaced geometry.
2025-12-23:11:07:57,433 INFO     [psi4.optking.displace:416] 	RMS(dx):  0.000e+00 	Max(dx):  0.000e+00 	RMS(dq):  0.000e+00
2025-12-23:11:07:57,433 INFO     [psi4.optking.displace:172] 

	        --- Internal Coordinate Step in ANG or DEG, aJ/ANG or AJ/DEG ---
	-------------------------------------------------------------------------------
	           Coordinate      Previous         Force          Change          New 
	           ----------      --------        ------          ------        ------
	               R(1,2)       1.62399        0.10828        0.01181       1.63579
	-------------------------------------------------------------------------------

2025-12-23:11:07:57,433 INFO     [psi4.optking.stepAlgorithms:113] 	|target step| :    0.0223107570
2025-12-23:11:07:57,433 INFO     [psi4.optking.stepAlgorithms:114] 	gradient     :   -0.0131433472
2025-12-23:11:07:57,433 INFO     [psi4.optking.stepAlgorithms:115] 	hessian      :    0.5888103604
2025-12-23:11:07:57,433 INFO     [psi4.optking.stepAlgorithms:113] 	|target step| :    0.0223107570
2025-12-23:11:07:57,433 INFO     [psi4.optking.stepAlgorithms:114] 	gradient     :   -0.0131433472
2025-12-23:11:07:57,433 INFO     [psi4.optking.stepAlgorithms:115] 	hessian      :    0.5888103604
2025-12-23:11:07:57,433 INFO     [psi4.optking.stepAlgorithms:206] 	Norm of achieved step-size    0.0223107570
2025-12-23:11:07:57,433 INFO     [psi4.optking.stepAlgorithms:208] 	Norm of achieved step-size (cart):    0.0157760875
2025-12-23:11:07:57,433 INFO     [psi4.optking.opt_helper:164] Molsys:

	                            ===> Fragment 1 <== 

	 Z (Atomic Numbers)          Masses                          Geom                  
	       9.000000            18.998403          0.00000000  0.00000000  1.91331595   
	      15.000000            30.973762          0.00000000  0.00000000 -1.17788525   

	 - Coordinate -           - BOHR/RAD -       - ANG/DEG -
	 R(1,2)           =         3.091201           1.635793

2025-12-23:11:07:57,434 INFO     [psi4.optking.convcheck:76] Performing convergence check.
2025-12-23:11:07:57,434 INFO     [psi4.optking.convcheck:282] 
	                                 ==> Convergence Check <==                                  
    
	Measures of convergence in internal coordinates in au.
    
	Criteria marked as inactive (o), active & met (*), and active & unmet ( ).

	----------------------------------------------------------------------------------------------
	   Step    Total Energy     Delta E     Max Force     RMS Force      Max Disp      RMS Disp   
	----------------------------------------------------------------------------------------------
	  Convergence Criteria     1.00e-06 *    3.00e-04 *             o    1.20e-03 *             o
	----------------------------------------------------------------------------------------------
	     7    -441.11521114   -1.16e-03      1.31e-02      1.31e-02 o    2.23e-02      2.23e-02 o  ~
	----------------------------------------------------------------------------------------------


2025-12-23:11:07:57,434 INFO     [psi4.optking.stepAlgorithms:296] 	Convergence check returned False
2025-12-23:11:07:57,444 INFO     [psi4.driver.task_planner:259] PLANNING Atomic:  keywords={'DAMPING_PERCENTAGE': 1.0, 'GEOM_MAXITER': 500, 'SCF__GUESS': 'READ', 'GUESS': 'SAP', 'MAXITER': 500, 'REFERENCE': 'UKS', 'function_kwargs': {}}
2025-12-23:11:07:57,445 INFO     [psi4.driver.driver:638] Compute gradient(): method=b3lyp, basis=cc-pvdz, molecule=default, nre=43.672343288316696
2025-12-23:11:07:57,922 INFO     [psi4.driver.driver:641] Return gradient(): -441.1154185543846
2025-12-23:11:07:57,922 INFO     [psi4.driver.driver:642] [[ 0.00000000  0.00000000 -0.00568493]
 [ 0.00000000 -0.00000000  0.00562124]]
2025-12-23:11:07:57,924 INFO     [psi4.optking.history:269] 	Performing BFGS update.
2025-12-23:11:07:57,924 INFO     [psi4.optking.history:280] 	Using 4 previous steps for update.
2025-12-23:11:07:57,924 INFO     [psi4.optking.history:317] 	Steps to be used in Hessian update:  7 6 5 4

2025-12-23:11:07:57,924 INFO     [psi4.optking.history:418] 	Updated Hessian (in au) 
 	   0.471303

2025-12-23:11:07:57,924 INFO     [psi4.optking.molsys:944] Projected (PHP) Hessian matrix
	   0.471303

2025-12-23:11:07:57,924 INFO     [psi4.optking.opt_helper:182] 
	         Geometry (au)                                       Gradient (au)
   0.0000000000   0.0000000000   1.9159892305		   0.0000000000   0.0000000000  -0.0056849267
   0.0000000000   0.0000000000  -1.1752119700		   0.0000000000  -0.0000000000   0.0056212366

2025-12-23:11:07:57,924 INFO     [psi4.optking.stepAlgorithms:368] 	Current Step Report 
 
	Current energy:      -441.1154185544
	Energy change for the previous step:
		Actual       :        -0.0002074169
		Projected    :        -0.0001466190

2025-12-23:11:07:57,924 INFO     [psi4.optking.stepAlgorithms:371] 	Energy ratio =    1.41467
2025-12-23:11:07:57,925 INFO     [psi4.optking.stepAlgorithms:929] 	Using RFO solution 1.
2025-12-23:11:07:57,925 INFO     [psi4.optking.displace:100] 	Determining Cartesian step for fragment 1.
2025-12-23:11:07:57,925 INFO     [psi4.optking.displace:415] 	Successfully converged to displaced geometry.
2025-12-23:11:07:57,925 INFO     [psi4.optking.displace:416] 	RMS(dx):  1.282e-16 	Max(dx):  2.220e-16 	RMS(dq):  4.441e-16
2025-12-23:11:07:57,925 INFO     [psi4.optking.displace:172] 

	        --- Internal Coordinate Step in ANG or DEG, aJ/ANG or AJ/DEG ---
	-------------------------------------------------------------------------------
	           Coordinate      Previous         Force          Change          New 
	           ----------      --------        ------          ------        ------
	               R(1,2)       1.63579        0.04657        0.00635       1.64214
	-------------------------------------------------------------------------------

2025-12-23:11:07:57,925 INFO     [psi4.optking.stepAlgorithms:113] 	|target step| :    0.0119928557
2025-12-23:11:07:57,925 INFO     [psi4.optking.stepAlgorithms:114] 	gradient     :   -0.0056530816
2025-12-23:11:07:57,925 INFO     [psi4.optking.stepAlgorithms:115] 	hessian      :    0.4713029753
2025-12-23:11:07:57,925 INFO     [psi4.optking.stepAlgorithms:113] 	|target step| :    0.0119928557
2025-12-23:11:07:57,925 INFO     [psi4.optking.stepAlgorithms:114] 	gradient     :   -0.0056530816
2025-12-23:11:07:57,925 INFO     [psi4.optking.stepAlgorithms:115] 	hessian      :    0.4713029753
2025-12-23:11:07:57,925 INFO     [psi4.optking.stepAlgorithms:206] 	Norm of achieved step-size    0.0119928557
2025-12-23:11:07:57,925 INFO     [psi4.optking.stepAlgorithms:208] 	Norm of achieved step-size (cart):    0.0084802296
2025-12-23:11:07:57,925 INFO     [psi4.optking.opt_helper:164] Molsys:

	                            ===> Fragment 1 <== 

	 Z (Atomic Numbers)          Masses                          Geom                  
	       9.000000            18.998403          0.00000000  0.00000000  1.92198566   
	      15.000000            30.973762          0.00000000  0.00000000 -1.18120840   

	 - Coordinate -           - BOHR/RAD -       - ANG/DEG -
	 R(1,2)           =         3.103194           1.642140

2025-12-23:11:07:57,925 INFO     [psi4.optking.convcheck:76] Performing convergence check.
2025-12-23:11:07:57,925 INFO     [psi4.optking.convcheck:282] 
	                                 ==> Convergence Check <==                                  
    
	Measures of convergence in internal coordinates in au.
    
	Criteria marked as inactive (o), active & met (*), and active & unmet ( ).

	----------------------------------------------------------------------------------------------
	   Step    Total Energy     Delta E     Max Force     RMS Force      Max Disp      RMS Disp   
	----------------------------------------------------------------------------------------------
	  Convergence Criteria     1.00e-06 *    3.00e-04 *             o    1.20e-03 *             o
	----------------------------------------------------------------------------------------------
	     8    -441.11541855   -2.07e-04      5.65e-03      5.65e-03 o    1.20e-02      1.20e-02 o  ~
	----------------------------------------------------------------------------------------------


2025-12-23:11:07:57,925 INFO     [psi4.optking.stepAlgorithms:296] 	Convergence check returned False
2025-12-23:11:07:57,935 INFO     [psi4.driver.task_planner:259] PLANNING Atomic:  keywords={'DAMPING_PERCENTAGE': 1.0, 'GEOM_MAXITER': 500, 'SCF__GUESS': 'READ', 'GUESS': 'SAP', 'MAXITER': 500, 'REFERENCE': 'UKS', 'function_kwargs': {}}
2025-12-23:11:07:57,936 INFO     [psi4.driver.driver:638] Compute gradient(): method=b3lyp, basis=cc-pvdz, molecule=default, nre=43.5035636050228
2025-12-23:11:07:58,428 INFO     [psi4.driver.driver:641] Return gradient(): -441.115462427506
2025-12-23:11:07:58,429 INFO     [psi4.driver.driver:642] [[-0.00000000  0.00000000 -0.00184776]
 [-0.00000000 -0.00000000  0.00178252]]
2025-12-23:11:07:58,430 INFO     [psi4.optking.history:269] 	Performing BFGS update.
2025-12-23:11:07:58,430 INFO     [psi4.optking.history:280] 	Using 4 previous steps for update.
2025-12-23:11:07:58,430 INFO     [psi4.optking.history:317] 	Steps to be used in Hessian update:  8 7 6 5

2025-12-23:11:07:58,431 INFO     [psi4.optking.history:418] 	Updated Hessian (in au) 
 	   0.390305

2025-12-23:11:07:58,431 INFO     [psi4.optking.molsys:944] Projected (PHP) Hessian matrix
	   0.390305

2025-12-23:11:07:58,431 INFO     [psi4.optking.opt_helper:182] 
	         Geometry (au)                                       Gradient (au)
   0.0000000000   0.0000000000   1.9234226458		  -0.0000000000   0.0000000000  -0.0018477557
   0.0000000000   0.0000000000  -1.1797714104		  -0.0000000000  -0.0000000000   0.0017825200

2025-12-23:11:07:58,431 INFO     [psi4.optking.stepAlgorithms:368] 	Current Step Report 
 
	Current energy:      -441.1154624275
	Energy change for the previous step:
		Actual       :        -0.0000438731
		Projected    :        -0.0000338983

2025-12-23:11:07:58,431 INFO     [psi4.optking.stepAlgorithms:371] 	Energy ratio =    1.29426
2025-12-23:11:07:58,431 INFO     [psi4.optking.stepAlgorithms:929] 	Using RFO solution 1.
2025-12-23:11:07:58,431 INFO     [psi4.optking.displace:100] 	Determining Cartesian step for fragment 1.
2025-12-23:11:07:58,431 INFO     [psi4.optking.displace:415] 	Successfully converged to displaced geometry.
2025-12-23:11:07:58,431 INFO     [psi4.optking.displace:416] 	RMS(dx):  0.000e+00 	Max(dx):  0.000e+00 	RMS(dq):  0.000e+00
2025-12-23:11:07:58,431 INFO     [psi4.optking.displace:172] 

	        --- Internal Coordinate Step in ANG or DEG, aJ/ANG or AJ/DEG ---
	-------------------------------------------------------------------------------
	           Coordinate      Previous         Force          Change          New 
	           ----------      --------        ------          ------        ------
	               R(1,2)       1.64214        0.01495        0.00246       1.64460
	-------------------------------------------------------------------------------

2025-12-23:11:07:58,431 INFO     [psi4.optking.stepAlgorithms:113] 	|target step| :    0.0046504675
2025-12-23:11:07:58,431 INFO     [psi4.optking.stepAlgorithms:114] 	gradient     :   -0.0018151378
2025-12-23:11:07:58,431 INFO     [psi4.optking.stepAlgorithms:115] 	hessian      :    0.3903045437
2025-12-23:11:07:58,431 INFO     [psi4.optking.stepAlgorithms:113] 	|target step| :    0.0046504675
2025-12-23:11:07:58,431 INFO     [psi4.optking.stepAlgorithms:114] 	gradient     :   -0.0018151378
2025-12-23:11:07:58,431 INFO     [psi4.optking.stepAlgorithms:115] 	hessian      :    0.3903045437
2025-12-23:11:07:58,431 INFO     [psi4.optking.stepAlgorithms:206] 	Norm of achieved step-size    0.0046504675
2025-12-23:11:07:58,431 INFO     [psi4.optking.stepAlgorithms:208] 	Norm of achieved step-size (cart):    0.0032883771
2025-12-23:11:07:58,432 INFO     [psi4.optking.opt_helper:164] Molsys:

	                            ===> Fragment 1 <== 

	 Z (Atomic Numbers)          Masses                          Geom                  
	       9.000000            18.998403          0.00000000  0.00000000  1.92574788   
	      15.000000            30.973762          0.00000000  0.00000000 -1.18209664   

	 - Coordinate -           - BOHR/RAD -       - ANG/DEG -
	 R(1,2)           =         3.107845           1.644600

2025-12-23:11:07:58,432 INFO     [psi4.optking.convcheck:76] Performing convergence check.
2025-12-23:11:07:58,432 INFO     [psi4.optking.convcheck:282] 
	                                 ==> Convergence Check <==                                  
    
	Measures of convergence in internal coordinates in au.
    
	Criteria marked as inactive (o), active & met (*), and active & unmet ( ).

	----------------------------------------------------------------------------------------------
	   Step    Total Energy     Delta E     Max Force     RMS Force      Max Disp      RMS Disp   
	----------------------------------------------------------------------------------------------
	  Convergence Criteria     1.00e-06 *    3.00e-04 *             o    1.20e-03 *             o
	----------------------------------------------------------------------------------------------
	     9    -441.11546243   -4.39e-05      1.82e-03      1.82e-03 o    4.65e-03      4.65e-03 o  ~
	----------------------------------------------------------------------------------------------


2025-12-23:11:07:58,432 INFO     [psi4.optking.stepAlgorithms:296] 	Convergence check returned False
2025-12-23:11:07:58,442 INFO     [psi4.driver.task_planner:259] PLANNING Atomic:  keywords={'DAMPING_PERCENTAGE': 1.0, 'GEOM_MAXITER': 500, 'SCF__GUESS': 'READ', 'GUESS': 'SAP', 'MAXITER': 500, 'REFERENCE': 'UKS', 'function_kwargs': {}}
2025-12-23:11:07:58,443 INFO     [psi4.driver.driver:638] Compute gradient(): method=b3lyp, basis=cc-pvdz, molecule=default, nre=43.43846642711902
2025-12-23:11:07:58,939 INFO     [psi4.driver.driver:641] Return gradient(): -441.1154671731436
2025-12-23:11:07:58,939 INFO     [psi4.driver.driver:642] [[-0.00000000  0.00000000 -0.00039415]
 [-0.00000000  0.00000000  0.00032825]]
2025-12-23:11:07:58,941 INFO     [psi4.optking.history:269] 	Performing BFGS update.
2025-12-23:11:07:58,941 INFO     [psi4.optking.history:280] 	Using 4 previous steps for update.
2025-12-23:11:07:58,941 INFO     [psi4.optking.history:317] 	Steps to be used in Hessian update:  9 8 7 6

2025-12-23:11:07:58,941 INFO     [psi4.optking.history:418] 	Updated Hessian (in au) 
 	   0.353227

2025-12-23:11:07:58,941 INFO     [psi4.optking.molsys:944] Projected (PHP) Hessian matrix
	   0.353227

2025-12-23:11:07:58,941 INFO     [psi4.optking.opt_helper:182] 
	         Geometry (au)                                       Gradient (au)
   0.0000000000   0.0000000000   1.9263050999		  -0.0000000000   0.0000000000  -0.0003941501
   0.0000000000   0.0000000000  -1.1815394237		  -0.0000000000   0.0000000000   0.0003282500

2025-12-23:11:07:58,941 INFO     [psi4.optking.stepAlgorithms:368] 	Current Step Report 
 
	Current energy:      -441.1154671731
	Energy change for the previous step:
		Actual       :        -0.0000047456
		Projected    :        -0.0000042206

2025-12-23:11:07:58,941 INFO     [psi4.optking.stepAlgorithms:371] 	Energy ratio =    1.12439
2025-12-23:11:07:58,942 INFO     [psi4.optking.stepAlgorithms:929] 	Using RFO solution 1.
2025-12-23:11:07:58,942 INFO     [psi4.optking.displace:100] 	Determining Cartesian step for fragment 1.
2025-12-23:11:07:58,942 INFO     [psi4.optking.displace:415] 	Successfully converged to displaced geometry.
2025-12-23:11:07:58,942 INFO     [psi4.optking.displace:416] 	RMS(dx):  0.000e+00 	Max(dx):  0.000e+00 	RMS(dq):  0.000e+00
2025-12-23:11:07:58,942 INFO     [psi4.optking.displace:172] 

	        --- Internal Coordinate Step in ANG or DEG, aJ/ANG or AJ/DEG ---
	-------------------------------------------------------------------------------
	           Coordinate      Previous         Force          Change          New 
	           ----------      --------        ------          ------        ------
	               R(1,2)       1.64460        0.00298        0.00054       1.64514
	-------------------------------------------------------------------------------

2025-12-23:11:07:58,942 INFO     [psi4.optking.stepAlgorithms:113] 	|target step| :    0.0010225704
2025-12-23:11:07:58,942 INFO     [psi4.optking.stepAlgorithms:114] 	gradient     :   -0.0003612001
2025-12-23:11:07:58,942 INFO     [psi4.optking.stepAlgorithms:115] 	hessian      :    0.3532271968
2025-12-23:11:07:58,942 INFO     [psi4.optking.stepAlgorithms:113] 	|target step| :    0.0010225704
2025-12-23:11:07:58,942 INFO     [psi4.optking.stepAlgorithms:114] 	gradient     :   -0.0003612001
2025-12-23:11:07:58,942 INFO     [psi4.optking.stepAlgorithms:115] 	hessian      :    0.3532271968
2025-12-23:11:07:58,942 INFO     [psi4.optking.stepAlgorithms:206] 	Norm of achieved step-size    0.0010225704
2025-12-23:11:07:58,942 INFO     [psi4.optking.stepAlgorithms:208] 	Norm of achieved step-size (cart):    0.0007230665
2025-12-23:11:07:58,942 INFO     [psi4.optking.opt_helper:164] Molsys:

	                            ===> Fragment 1 <== 

	 Z (Atomic Numbers)          Masses                          Geom                  
	       9.000000            18.998403          0.00000000  0.00000000  1.92681639   
	      15.000000            30.973762          0.00000000  0.00000000 -1.18205071   

	 - Coordinate -           - BOHR/RAD -       - ANG/DEG -
	 R(1,2)           =         3.108867           1.645142

2025-12-23:11:07:58,942 INFO     [psi4.optking.convcheck:76] Performing convergence check.
2025-12-23:11:07:58,943 INFO     [psi4.optking.convcheck:282] 
	                                 ==> Convergence Check <==                                  
    
	Measures of convergence in internal coordinates in au.
    
	Criteria marked as inactive (o), active & met (*), and active & unmet ( ).

	----------------------------------------------------------------------------------------------
	   Step    Total Energy     Delta E     Max Force     RMS Force      Max Disp      RMS Disp   
	----------------------------------------------------------------------------------------------
	  Convergence Criteria     1.00e-06 *    3.00e-04 *             o    1.20e-03 *             o
	----------------------------------------------------------------------------------------------
	    10    -441.11546717   -4.75e-06      3.61e-04      3.61e-04 o    1.02e-03 *    1.02e-03 o  ~
	----------------------------------------------------------------------------------------------


2025-12-23:11:07:58,943 INFO     [psi4.optking.stepAlgorithms:296] 	Convergence check returned False
2025-12-23:11:07:58,954 INFO     [psi4.driver.task_planner:259] PLANNING Atomic:  keywords={'DAMPING_PERCENTAGE': 1.0, 'GEOM_MAXITER': 500, 'SCF__GUESS': 'READ', 'GUESS': 'SAP', 'MAXITER': 500, 'REFERENCE': 'UKS', 'function_kwargs': {}}
2025-12-23:11:07:58,955 INFO     [psi4.driver.driver:638] Compute gradient(): method=b3lyp, basis=cc-pvdz, molecule=default, nre=43.42417862119086
2025-12-23:11:07:59,428 INFO     [psi4.driver.driver:641] Return gradient(): -441.11546731196825
2025-12-23:11:07:59,428 INFO     [psi4.driver.driver:642] [[ 0.00000000  0.00000000 -0.00007706]
 [-0.00000000 -0.00000000  0.00001101]]
2025-12-23:11:07:59,430 INFO     [psi4.optking.history:269] 	Performing BFGS update.
2025-12-23:11:07:59,430 INFO     [psi4.optking.history:280] 	Using 4 previous steps for update.
2025-12-23:11:07:59,430 INFO     [psi4.optking.history:317] 	Steps to be used in Hessian update:  10 9 8 7

2025-12-23:11:07:59,431 INFO     [psi4.optking.history:418] 	Updated Hessian (in au) 
 	   0.327674

2025-12-23:11:07:59,431 INFO     [psi4.optking.molsys:944] Projected (PHP) Hessian matrix
	   0.327674

2025-12-23:11:07:59,431 INFO     [psi4.optking.opt_helper:182] 
	         Geometry (au)                                       Gradient (au)
   0.0000000000   0.0000000000   1.9269389098		   0.0000000000   0.0000000000  -0.0000770579
   0.0000000000   0.0000000000  -1.1819281842		  -0.0000000000  -0.0000000000   0.0000110084

2025-12-23:11:07:59,431 INFO     [psi4.optking.stepAlgorithms:368] 	Current Step Report 
 
	Current energy:      -441.1154673120
	Energy change for the previous step:
		Actual       :        -0.0000001388
		Projected    :        -0.0000001847

2025-12-23:11:07:59,431 INFO     [psi4.optking.stepAlgorithms:371] 	Energy ratio =    0.75172
2025-12-23:11:07:59,431 INFO     [psi4.optking.stepAlgorithms:929] 	Using RFO solution 1.
2025-12-23:11:07:59,431 INFO     [psi4.optking.displace:100] 	Determining Cartesian step for fragment 1.
2025-12-23:11:07:59,431 INFO     [psi4.optking.displace:415] 	Successfully converged to displaced geometry.
2025-12-23:11:07:59,431 INFO     [psi4.optking.displace:416] 	RMS(dx):  0.000e+00 	Max(dx):  0.000e+00 	RMS(dq):  0.000e+00
2025-12-23:11:07:59,431 INFO     [psi4.optking.displace:172] 

	        --- Internal Coordinate Step in ANG or DEG, aJ/ANG or AJ/DEG ---
	-------------------------------------------------------------------------------
	           Coordinate      Previous         Force          Change          New 
	           ----------      --------        ------          ------        ------
	               R(1,2)       1.64514        0.00036        0.00007       1.64521
	-------------------------------------------------------------------------------

2025-12-23:11:07:59,431 INFO     [psi4.optking.stepAlgorithms:113] 	|target step| :    0.0001343809
2025-12-23:11:07:59,431 INFO     [psi4.optking.stepAlgorithms:114] 	gradient     :   -0.0000440331
2025-12-23:11:07:59,432 INFO     [psi4.optking.stepAlgorithms:115] 	hessian      :    0.3276741274
2025-12-23:11:07:59,432 INFO     [psi4.optking.stepAlgorithms:113] 	|target step| :    0.0001343809
2025-12-23:11:07:59,432 INFO     [psi4.optking.stepAlgorithms:114] 	gradient     :   -0.0000440331
2025-12-23:11:07:59,432 INFO     [psi4.optking.stepAlgorithms:115] 	hessian      :    0.3276741274
2025-12-23:11:07:59,432 INFO     [psi4.optking.stepAlgorithms:206] 	Norm of achieved step-size    0.0001343809
2025-12-23:11:07:59,432 INFO     [psi4.optking.stepAlgorithms:208] 	Norm of achieved step-size (cart):    0.0000950216
2025-12-23:11:07:59,432 INFO     [psi4.optking.opt_helper:164] Molsys:

	                            ===> Fragment 1 <== 

	 Z (Atomic Numbers)          Masses                          Geom                  
	       9.000000            18.998403          0.00000000  0.00000000  1.92700610   
	      15.000000            30.973762          0.00000000  0.00000000 -1.18199537   

	 - Coordinate -           - BOHR/RAD -       - ANG/DEG -
	 R(1,2)           =         3.109001           1.645213

2025-12-23:11:07:59,432 INFO     [psi4.optking.convcheck:76] Performing convergence check.
2025-12-23:11:07:59,432 INFO     [psi4.optking.convcheck:282] 
	                                 ==> Convergence Check <==                                  
    
	Measures of convergence in internal coordinates in au.
    
	Criteria marked as inactive (o), active & met (*), and active & unmet ( ).

	----------------------------------------------------------------------------------------------
	   Step    Total Energy     Delta E     Max Force     RMS Force      Max Disp      RMS Disp   
	----------------------------------------------------------------------------------------------
	  Convergence Criteria     1.00e-06 *    3.00e-04 *             o    1.20e-03 *             o
	----------------------------------------------------------------------------------------------
	    11    -441.11546731   -1.39e-07 *    4.40e-05 *    4.40e-05 o    1.34e-04 *    1.34e-04 o  ~
	----------------------------------------------------------------------------------------------


2025-12-23:11:07:59,432 INFO     [psi4.optking.convcheck:206] 
	                      ===> Final Convergence Report <===                     

	----------------------------------------------------------------------------
	|   Required Criteria    |  One or More Criteria  |   Alternate Criteria   |
	----------------------------------------------------------------------------
	| [x]     max_force      | [x]       max_DE       |                        |
	|                        | [x]      max_disp      |                        |
	----------------------------------------------------------------------------


2025-12-23:11:07:59,432 INFO     [psi4.optking.stepAlgorithms:296] 	Convergence check returned True
2025-12-23:11:07:59,432 INFO     [psi4.optking.optimize:332] 	Converged in 11 steps!
2025-12-23:11:07:59,432 INFO     [psi4.optking.optimize:333] 	Final energy is   -441.1154673119682
2025-12-23:11:07:59,432 INFO     [psi4.optking.optimize:334] 	Final structure (Angstroms): 
	Fragment 1 (Ang)

	    F   0.0000000000   0.0000000000   1.0197277131
	    P   0.0000000000   0.0000000000  -0.6254850154


2025-12-23:11:07:59,433 INFO     [psi4.optking.optimize:562] 	Optimization Finished

	==> Optimization Summary <==

        
	Measures of convergence in internal coordinates in au. (Any backward steps not shown.)
        
	---------------------------------------------------------------------------------------------------------------  ~
        
	 Step         Total Energy             Delta E       MAX Force       RMS Force        MAX Disp        RMS Disp   ~
        
	---------------------------------------------------------------------------------------------------------------  ~
        
	     1    -440.845155389394   -440.845155389394      0.97886198      0.97886198      0.22246937      0.22246937  ~
	     2    -441.003264933436     -0.158109544042      0.49083006      0.49083006      0.21354209      0.21354209  ~
	     3    -441.077426228971     -0.074161295534      0.22818138      0.22818138      0.13028310      0.13028310  ~
	     4    -441.100174471339     -0.022748242369      0.12688884      0.12688884      0.11820052      0.11820052  ~
	     5    -441.111052308875     -0.010877837536      0.06076191      0.06076191      0.06500120      0.06500120  ~
	     6    -441.114048481270     -0.002996172394      0.03239074      0.03239074      0.05172281      0.05172281  ~
	     7    -441.115211137518     -0.001162656248      0.01314335      0.01314335      0.02231076      0.02231076  ~
	     8    -441.115418554385     -0.000207416867      0.00565308      0.00565308      0.01199286      0.01199286  ~
	     9    -441.115462427506     -0.000043873121      0.00181514      0.00181514      0.00465047      0.00465047  ~
	    10    -441.115467173144     -0.000004745638      0.00036120      0.00036120      0.00102257      0.00102257  ~
	    11    -441.115467311968     -0.000000138825      0.00004403      0.00004403      0.00013438      0.00013438  ~
	----------------------------------------------------------------------------------------------------------------


2025-12-23:11:07:59,433 INFO     [psi4.optking.optimize:806] Preparing OptimizationResult
