2025-12-23:10:46:06,555 WARNING  [psi4.optking:38] Some dependencies such as QCElemental have not yet finished migration to pydantic v2. If issues are encountered please downgrade pydantic or upgrade QCElemental as appropriate
2025-12-23:10:46:06,716 INFO     [psi4.optking.optwrapper:234] Creating a UserComputer
2025-12-23:10:46:06,716 INFO     [psi4.optking.optwrapper:242] 
    			-----------------------------------------

    			 OPTKING 3.0: for geometry optimizations 

    			     By R.A. King, Bethel University     

    			        with contributions from          

    			    A.V. Copan, J. Cayton, A. Heide      

    			-----------------------------------------

    
2025-12-23:10:46:06,716 INFO     [psi4.optking.optwrapper:272] 
		 -- Optimization Parameters --
	GEOM_MAXITER                   =             500
	ALG_GEOM_MAXITER               =              50
	PRINT                          =               1
	OPT_TYPE                       =             MIN
	STEP_TYPE                      =             RFO
	PROGRAM                        =            PSI4
	STEEPEST_DESCENT_TYPE          =         OVERLAP
	CONJUGATE_GRADIENT_TYPE        =        FLETCHER
	OPT_COORDINATES                =        INTERNAL
	RFO_FOLLOW_ROOT                =           False
	RFO_ROOT                       =               0
	ACCEPT_SYMMETRY_BREAKING       =           False
	DYNAMIC_LVL                    =               0
	DYNAMIC_LVL_MAX                =               0
	IRC_STEP_SIZE                  =             0.2
	IRC_DIRECTION                  =         FORWARD
	IRC_POINTS                     =              20
	IRC_MODE                       =          NORMAL
	IRC_CONVERGENCE                =            -0.7
	INTRAFRAG_STEP_LIMIT           =             0.5
	INTRAFRAG_STEP_LIMIT_MIN       =           0.001
	INTRAFRAG_STEP_LIMIT_MAX       =             1.0
	INTERFRAG_STEP_LIMIT           =             0.5
	INTERFRAG_STEP_LIMIT_MIN       =           0.001
	INTERFRAG_STEP_LIMIT_MAX       =             1.0
	ENSURE_BT_CONVERGENCE          =           False
	SIMPLE_STEP_SCALING            =           False
	CONSECUTIVE_BACKSTEPS          =               0
	RFO_NORMALIZATION_MAX          =             100
	RSRFO_ALPHA_MAX                =     100000000.0
	PRINT_TRAJECTORY_XYZ_FILE      =           False
	WRITE_TRAJECTORY               =           False
	FROZEN_DISTANCE                =                
	FROZEN_BEND                    =                
	FROZEN_DIHEDRAL                =                
	FROZEN_OOFP                    =                
	FROZEN_CARTESIAN               =                
	FREEZE_ALL_DIHEDRALS           =           False
	UNFREEZE_DIHEDRALS             =                
	RANGED_DISTANCE                =                
	RANGED_BEND                    =                
	RANGED_DIHEDRAL                =                
	RANGED_OOFP                    =                
	RANGED_CARTESIAN               =                
	EXT_FORCE_DISTANCE             =                
	EXT_FORCE_BEND                 =                
	EXT_FORCE_DIHEDRAL             =                
	EXT_FORCE_OOFP                 =                
	EXT_FORCE_CARTESIAN            =                
	G_CONVERGENCE                  =           QCHEM
	MAX_FORCE_G_CONVERGENCE        =          0.0003
	RMS_FORCE_G_CONVERGENCE        =          0.0003
	MAX_ENERGY_G_CONVERGENCE       =           1e-06
	MAX_DISP_G_CONVERGENCE         =          0.0012
	RMS_DISP_G_CONVERGENCE         =          0.0012
	FLEXIBLE_G_CONVERGENCE         =           False
	HESS_UPDATE                    =            BFGS
	HESS_UPDATE_USE_LAST           =               4
	HESS_UPDATE_LIMIT              =            True
	HESS_UPDATE_LIMIT_MAX          =             1.0
	HESS_UPDATE_LIMIT_SCALE        =             0.5
	HESS_UPDATE_DEN_TOL            =           1e-07
	HESS_UPDATE_DQ_TOL             =             0.5
	CART_HESS_READ                 =           False
	HESSIAN_FILE                   =               .
	FULL_HESS_EVERY                =              -1
	INTRAFRAG_HESS                 =        SCHLEGEL
	H_GUESS_EVERY                  =           False
	BT_MAX_ITER                    =              25
	BT_DX_CONV                     =           1e-07
	BT_DX_RMS_CHANGE_CONV          =           1e-12
	BT_PINV_RCOND                  =           1e-06
	FRAG_MODE                      =          SINGLE
	FRAG_REF_ATOMS                 =              []
	FREEZE_INTRAFRAG               =           False
	INTERFRAG_MODE                 =           FIXED
	ADD_AUXILIARY_BONDS            =           False
	AUXILIARY_BOND_FACTOR          =             2.5
	INTERFRAG_DIST_INV             =           False
	INTERFRAG_COLLINEAR_TOL        =            0.01
	INTERFRAG_COORDS               =              []
	INTERFRAG_HESS                 =         DEFAULT
	COVALENT_CONNECT               =             1.3
	INTERFRAGMENT_CONNECT          =             1.8
	H_BOND_CONNECT                 =             4.3
	INCLUDE_OOFP                   =           False
	TEST_B                         =           False
	TEST_DERIVATIVE_B              =           False
	LINESEARCH_STEP                =             0.1
	LINESEARCH                     =           False
	SD_HESSIAN                     =             1.0
	FIX_VAL_NEAR_PI                =            1.57
	V3D_TORS_ANGLE_LIM             =           0.017
	V3D_TORS_COS_TOL               =           1e-10
	LINEAR_BEND_THRESHOLD          =            3.05
	SMALL_BEND_FIX_THRESHOLD       =            0.35
	REDUNDANT_EVAL_TOL             =           1e-10
	LINEAR_ALGEBRA_TOL             =           1e-10


2025-12-23:10:46:06,855 INFO     [psi4.optking.opt_helper:164] Molsys:

	                            ===> Fragment 1 <== 

	 Z (Atomic Numbers)          Masses                          Geom                  
	       4.000000             9.012183          0.00000000  0.00000000  1.71516631   
	      14.000000            27.976927          0.00000000  0.00000000 -0.55250504   

	 - Coordinate -           - BOHR/RAD -       - ANG/DEG -
	 R(1,2)           =         2.267671           1.200000

2025-12-23:10:46:06,865 INFO     [psi4.driver.task_planner:259] PLANNING Atomic:  keywords={'DAMPING_PERCENTAGE': 1.0, 'GEOM_MAXITER': 500, 'GUESS': 'SAP', 'MAXITER': 500, 'REFERENCE': 'UKS', 'function_kwargs': {}}
2025-12-23:10:46:06,867 INFO     [psi4.driver.driver:638] Compute gradient(): method=b3lyp, basis=cc-pvdz, molecule=default, nre=24.694936497933337
2025-12-23:10:46:07,428 INFO     [psi4.driver.driver:641] Return gradient(): -303.60313171069384
2025-12-23:10:46:07,428 INFO     [psi4.driver.driver:642] [[-0.00000000 -0.00000000 -0.80842851]
 [ 0.00000000  0.00000000  0.80844760]]
2025-12-23:10:46:07,430 INFO     [psi4.optking.molsys:944] Projected (PHP) Hessian matrix
	   4.182219

2025-12-23:10:46:07,430 INFO     [psi4.optking.opt_helper:182] 
	         Geometry (au)                                       Gradient (au)
   0.0000000000   0.0000000000   1.7151663142		  -0.0000000000  -0.0000000000  -0.8084285123
   0.0000000000   0.0000000000  -0.5525050363		   0.0000000000   0.0000000000   0.8084476002

2025-12-23:10:46:07,430 INFO     [psi4.optking.stepAlgorithms:929] 	Using RFO solution 1.
2025-12-23:10:46:07,430 INFO     [psi4.optking.displace:100] 	Determining Cartesian step for fragment 1.
2025-12-23:10:46:07,430 INFO     [psi4.optking.displace:415] 	Successfully converged to displaced geometry.
2025-12-23:10:46:07,430 INFO     [psi4.optking.displace:416] 	RMS(dx):  0.000e+00 	Max(dx):  0.000e+00 	RMS(dq):  0.000e+00
2025-12-23:10:46:07,431 INFO     [psi4.optking.displace:172] 

	        --- Internal Coordinate Step in ANG or DEG, aJ/ANG or AJ/DEG ---
	-------------------------------------------------------------------------------
	           Coordinate      Previous         Force          Change          New 
	           ----------      --------        ------          ------        ------
	               R(1,2)       1.20000        6.66050        0.09873       1.29873
	-------------------------------------------------------------------------------

2025-12-23:10:46:07,431 INFO     [psi4.optking.stepAlgorithms:113] 	|target step| :    0.1865747146
2025-12-23:10:46:07,431 INFO     [psi4.optking.stepAlgorithms:114] 	gradient     :   -0.8084380563
2025-12-23:10:46:07,431 INFO     [psi4.optking.stepAlgorithms:115] 	hessian      :    4.1822185214
2025-12-23:10:46:07,431 INFO     [psi4.optking.stepAlgorithms:113] 	|target step| :    0.1865747146
2025-12-23:10:46:07,431 INFO     [psi4.optking.stepAlgorithms:114] 	gradient     :   -0.8084380563
2025-12-23:10:46:07,431 INFO     [psi4.optking.stepAlgorithms:115] 	hessian      :    4.1822185214
2025-12-23:10:46:07,431 INFO     [psi4.optking.stepAlgorithms:206] 	Norm of achieved step-size    0.1865747146
2025-12-23:10:46:07,431 INFO     [psi4.optking.stepAlgorithms:208] 	Norm of achieved step-size (cart):    0.1319282459
2025-12-23:10:46:07,431 INFO     [psi4.optking.opt_helper:164] Molsys:

	                            ===> Fragment 1 <== 

	 Z (Atomic Numbers)          Masses                          Geom                  
	       4.000000             9.012183          0.00000000  0.00000000  1.80845367   
	      14.000000            27.976927          0.00000000  0.00000000 -0.64579239   

	 - Coordinate -           - BOHR/RAD -       - ANG/DEG -
	 R(1,2)           =         2.454246           1.298731

2025-12-23:10:46:07,431 INFO     [psi4.optking.convcheck:76] Performing convergence check.
2025-12-23:10:46:07,431 INFO     [psi4.optking.convcheck:282] 
	                                 ==> Convergence Check <==                                  
    
	Measures of convergence in internal coordinates in au.
    
	Criteria marked as inactive (o), active & met (*), and active & unmet ( ).

	----------------------------------------------------------------------------------------------~
	   Step    Total Energy     Delta E     Max Force     RMS Force      Max Disp      RMS Disp   ~
	----------------------------------------------------------------------------------------------~
	  Convergence Criteria     1.00e-06 *    3.00e-04 *             o    1.20e-03 *             o~
	----------------------------------------------------------------------------------------------~
	     1    -303.60313171   -3.04e+02      8.08e-01      8.08e-01 o    1.87e-01      1.87e-01 o  ~
	----------------------------------------------------------------------------------------------


2025-12-23:10:46:07,431 INFO     [psi4.optking.stepAlgorithms:296] 	Convergence check returned False
2025-12-23:10:46:07,441 INFO     [psi4.driver.task_planner:259] PLANNING Atomic:  keywords={'DAMPING_PERCENTAGE': 1.0, 'GEOM_MAXITER': 500, 'SCF__GUESS': 'READ', 'GUESS': 'SAP', 'MAXITER': 500, 'REFERENCE': 'UKS', 'function_kwargs': {}}
2025-12-23:10:46:07,443 INFO     [psi4.driver.driver:638] Compute gradient(): method=b3lyp, basis=cc-pvdz, molecule=default, nre=22.817597955780947
2025-12-23:10:46:07,932 INFO     [psi4.driver.driver:641] Return gradient(): -303.7306856931925
2025-12-23:10:46:07,932 INFO     [psi4.driver.driver:642] [[-0.00000000  0.00000000 -0.56963655]
 [ 0.00000000  0.00000000  0.56962860]]
2025-12-23:10:46:07,933 INFO     [psi4.optking.history:269] 	Performing BFGS update.
2025-12-23:10:46:07,933 INFO     [psi4.optking.history:280] 	Using 1 previous steps for update.
2025-12-23:10:46:07,934 INFO     [psi4.optking.history:317] 	Steps to be used in Hessian update:  1

2025-12-23:10:46:07,934 INFO     [psi4.optking.history:418] 	Updated Hessian (in au) 
 	   2.091109

2025-12-23:10:46:07,934 INFO     [psi4.optking.molsys:944] Projected (PHP) Hessian matrix
	   2.091109

2025-12-23:10:46:07,934 INFO     [psi4.optking.opt_helper:182] 
	         Geometry (au)                                       Gradient (au)
   0.0000000000   0.0000000000   1.8562831765		  -0.0000000000   0.0000000000  -0.5696365517
   0.0000000000   0.0000000000  -0.5979628887		   0.0000000000   0.0000000000   0.5696286015

2025-12-23:10:46:07,934 INFO     [psi4.optking.stepAlgorithms:368] 	Current Step Report 
 
	Current energy:      -303.7306856932
	Energy change for the previous step:
		Actual       :        -0.1275539825
		Projected    :        -0.0754170498

2025-12-23:10:46:07,934 INFO     [psi4.optking.stepAlgorithms:371] 	Energy ratio =    1.69131
2025-12-23:10:46:07,934 INFO     [psi4.optking.stepAlgorithms:399] 	Energy ratio indicates good step.
2025-12-23:10:46:07,934 INFO     [psi4.optking.stepAlgorithms:400] 	Intrafrag trust radius increased to      1.
2025-12-23:10:46:07,934 INFO     [psi4.optking.stepAlgorithms:929] 	Using RFO solution 1.
2025-12-23:10:46:07,934 INFO     [psi4.optking.displace:100] 	Determining Cartesian step for fragment 1.
2025-12-23:10:46:07,934 INFO     [psi4.optking.displace:415] 	Successfully converged to displaced geometry.
2025-12-23:10:46:07,934 INFO     [psi4.optking.displace:416] 	RMS(dx):  1.282e-16 	Max(dx):  2.220e-16 	RMS(dq):  4.441e-16
2025-12-23:10:46:07,935 INFO     [psi4.optking.displace:172] 

	        --- Internal Coordinate Step in ANG or DEG, aJ/ANG or AJ/DEG ---
	-------------------------------------------------------------------------------
	           Coordinate      Previous         Force          Change          New 
	           ----------      --------        ------          ------        ------
	               R(1,2)       1.29873        4.69305        0.13480       1.43353
	-------------------------------------------------------------------------------

2025-12-23:10:46:07,935 INFO     [psi4.optking.stepAlgorithms:113] 	|target step| :    0.2547309882
2025-12-23:10:46:07,935 INFO     [psi4.optking.stepAlgorithms:114] 	gradient     :   -0.5696325766
2025-12-23:10:46:07,935 INFO     [psi4.optking.stepAlgorithms:115] 	hessian      :    2.0911092607
2025-12-23:10:46:07,935 INFO     [psi4.optking.stepAlgorithms:113] 	|target step| :    0.2547309882
2025-12-23:10:46:07,935 INFO     [psi4.optking.stepAlgorithms:114] 	gradient     :   -0.5696325766
2025-12-23:10:46:07,935 INFO     [psi4.optking.stepAlgorithms:115] 	hessian      :    2.0911092607
2025-12-23:10:46:07,935 INFO     [psi4.optking.stepAlgorithms:206] 	Norm of achieved step-size    0.2547309882
2025-12-23:10:46:07,935 INFO     [psi4.optking.stepAlgorithms:208] 	Norm of achieved step-size (cart):    0.1801220091
2025-12-23:10:46:07,935 INFO     [psi4.optking.opt_helper:164] Molsys:

	                            ===> Fragment 1 <== 

	 Z (Atomic Numbers)          Masses                          Geom                  
	       4.000000             9.012183          0.00000000  0.00000000  1.98364867   
	      14.000000            27.976927          0.00000000  0.00000000 -0.72532838   

	 - Coordinate -           - BOHR/RAD -       - ANG/DEG -
	 R(1,2)           =         2.708977           1.433529

2025-12-23:10:46:07,935 INFO     [psi4.optking.convcheck:76] Performing convergence check.
2025-12-23:10:46:07,935 INFO     [psi4.optking.convcheck:282] 
	                                 ==> Convergence Check <==                                  
    
	Measures of convergence in internal coordinates in au.
    
	Criteria marked as inactive (o), active & met (*), and active & unmet ( ).

	----------------------------------------------------------------------------------------------
	   Step    Total Energy     Delta E     Max Force     RMS Force      Max Disp      RMS Disp   
	----------------------------------------------------------------------------------------------
	  Convergence Criteria     1.00e-06 *    3.00e-04 *             o    1.20e-03 *             o
	----------------------------------------------------------------------------------------------
	     2    -303.73068569   -1.28e-01      5.70e-01      5.70e-01 o    2.55e-01      2.55e-01 o  ~
	----------------------------------------------------------------------------------------------


2025-12-23:10:46:07,935 INFO     [psi4.optking.stepAlgorithms:296] 	Convergence check returned False
2025-12-23:10:46:07,946 INFO     [psi4.driver.task_planner:259] PLANNING Atomic:  keywords={'DAMPING_PERCENTAGE': 1.0, 'GEOM_MAXITER': 500, 'SCF__GUESS': 'READ', 'GUESS': 'SAP', 'MAXITER': 500, 'REFERENCE': 'UKS', 'function_kwargs': {}}
2025-12-23:10:46:07,948 INFO     [psi4.driver.driver:638] Compute gradient(): method=b3lyp, basis=cc-pvdz, molecule=default, nre=20.672009727761356
2025-12-23:10:46:08,436 INFO     [psi4.driver.driver:641] Return gradient(): -303.84364945792566
2025-12-23:10:46:08,436 INFO     [psi4.driver.driver:642] [[ 0.00000000  0.00000000 -0.33205292]
 [-0.00000000  0.00000000  0.33205417]]
2025-12-23:10:46:08,438 INFO     [psi4.optking.history:269] 	Performing BFGS update.
2025-12-23:10:46:08,438 INFO     [psi4.optking.history:280] 	Using 2 previous steps for update.
2025-12-23:10:46:08,438 INFO     [psi4.optking.history:317] 	Steps to be used in Hessian update:  2 1

2025-12-23:10:46:08,438 INFO     [psi4.optking.history:418] 	Updated Hessian (in au) 
 	   1.079489

2025-12-23:10:46:08,438 INFO     [psi4.optking.molsys:944] Projected (PHP) Hessian matrix
	   1.079489

2025-12-23:10:46:08,438 INFO     [psi4.optking.opt_helper:182] 
	         Geometry (au)                                       Gradient (au)
   0.0000000000   0.0000000000   2.0489504297		   0.0000000000   0.0000000000  -0.3320529246
   0.0000000000   0.0000000000  -0.6600266237		  -0.0000000000   0.0000000000   0.3320541657

2025-12-23:10:46:08,438 INFO     [psi4.optking.stepAlgorithms:368] 	Current Step Report 
 
	Current energy:      -303.8436494579
	Energy change for the previous step:
		Actual       :        -0.1129637647
		Projected    :        -0.0725515346

2025-12-23:10:46:08,438 INFO     [psi4.optking.stepAlgorithms:371] 	Energy ratio =    1.55701
2025-12-23:10:46:08,438 INFO     [psi4.optking.stepAlgorithms:929] 	Using RFO solution 1.
2025-12-23:10:46:08,438 INFO     [psi4.optking.displace:100] 	Determining Cartesian step for fragment 1.
2025-12-23:10:46:08,439 INFO     [psi4.optking.displace:415] 	Successfully converged to displaced geometry.
2025-12-23:10:46:08,439 INFO     [psi4.optking.displace:416] 	RMS(dx):  0.000e+00 	Max(dx):  0.000e+00 	RMS(dq):  0.000e+00
2025-12-23:10:46:08,439 INFO     [psi4.optking.displace:172] 

	        --- Internal Coordinate Step in ANG or DEG, aJ/ANG or AJ/DEG ---
	-------------------------------------------------------------------------------
	           Coordinate      Previous         Force          Change          New 
	           ----------      --------        ------          ------        ------
	               R(1,2)       1.43353        2.73570        0.14974       1.58327
	-------------------------------------------------------------------------------

2025-12-23:10:46:08,439 INFO     [psi4.optking.stepAlgorithms:113] 	|target step| :    0.2829719209
2025-12-23:10:46:08,439 INFO     [psi4.optking.stepAlgorithms:114] 	gradient     :   -0.3320535451
2025-12-23:10:46:08,439 INFO     [psi4.optking.stepAlgorithms:115] 	hessian      :    1.0794886812
2025-12-23:10:46:08,439 INFO     [psi4.optking.stepAlgorithms:113] 	|target step| :    0.2829719209
2025-12-23:10:46:08,439 INFO     [psi4.optking.stepAlgorithms:114] 	gradient     :   -0.3320535451
2025-12-23:10:46:08,439 INFO     [psi4.optking.stepAlgorithms:115] 	hessian      :    1.0794886812
2025-12-23:10:46:08,439 INFO     [psi4.optking.stepAlgorithms:206] 	Norm of achieved step-size    0.2829719209
2025-12-23:10:46:08,439 INFO     [psi4.optking.stepAlgorithms:208] 	Norm of achieved step-size (cart):    0.2000913642
2025-12-23:10:46:08,439 INFO     [psi4.optking.opt_helper:164] Molsys:

	                            ===> Fragment 1 <== 

	 Z (Atomic Numbers)          Masses                          Geom                  
	       4.000000             9.012183          0.00000000  0.00000000  2.19043639   
	      14.000000            27.976927          0.00000000  0.00000000 -0.80151258   

	 - Coordinate -           - BOHR/RAD -       - ANG/DEG -
	 R(1,2)           =         2.991949           1.583271

2025-12-23:10:46:08,439 INFO     [psi4.optking.convcheck:76] Performing convergence check.
2025-12-23:10:46:08,439 INFO     [psi4.optking.convcheck:282] 
	                                 ==> Convergence Check <==                                  
    
	Measures of convergence in internal coordinates in au.
    
	Criteria marked as inactive (o), active & met (*), and active & unmet ( ).

	----------------------------------------------------------------------------------------------
	   Step    Total Energy     Delta E     Max Force     RMS Force      Max Disp      RMS Disp   
	----------------------------------------------------------------------------------------------
	  Convergence Criteria     1.00e-06 *    3.00e-04 *             o    1.20e-03 *             o
	----------------------------------------------------------------------------------------------
	     3    -303.84364946   -1.13e-01      3.32e-01      3.32e-01 o    2.83e-01      2.83e-01 o  ~
	----------------------------------------------------------------------------------------------


2025-12-23:10:46:08,439 INFO     [psi4.optking.stepAlgorithms:296] 	Convergence check returned False
2025-12-23:10:46:08,450 INFO     [psi4.driver.task_planner:259] PLANNING Atomic:  keywords={'DAMPING_PERCENTAGE': 1.0, 'GEOM_MAXITER': 500, 'SCF__GUESS': 'READ', 'GUESS': 'SAP', 'MAXITER': 500, 'REFERENCE': 'UKS', 'function_kwargs': {}}
2025-12-23:10:46:08,451 INFO     [psi4.driver.driver:638] Compute gradient(): method=b3lyp, basis=cc-pvdz, molecule=default, nre=18.716896738876894
2025-12-23:10:46:09,47 INFO     [psi4.driver.driver:641] Return gradient(): -303.97438794434856
2025-12-23:10:46:09,47 INFO     [psi4.driver.driver:642] [[ 0.00000000 -0.00000000 -0.29563010]
 [ 0.00000000  0.00000000  0.29562788]]
2025-12-23:10:46:09,49 INFO     [psi4.optking.history:269] 	Performing BFGS update.
2025-12-23:10:46:09,49 INFO     [psi4.optking.history:280] 	Using 3 previous steps for update.
2025-12-23:10:46:09,49 WARNING  [psi4.optking.history:301] 	Change in internal coordinate of 5.38e-01 exceeds limit of 5.00e-01.
2025-12-23:10:46:09,49 WARNING  [psi4.optking.history:306] 	Skipping Hessian update for step 2.
2025-12-23:10:46:09,49 WARNING  [psi4.optking.history:301] 	Change in internal coordinate of 7.24e-01 exceeds limit of 5.00e-01.
2025-12-23:10:46:09,49 WARNING  [psi4.optking.history:306] 	Skipping Hessian update for step 1.
2025-12-23:10:46:09,49 INFO     [psi4.optking.history:317] 	Steps to be used in Hessian update:  3

2025-12-23:10:46:09,49 INFO     [psi4.optking.history:418] 	Updated Hessian (in au) 
 	   0.128721

2025-12-23:10:46:09,49 INFO     [psi4.optking.molsys:944] Projected (PHP) Hessian matrix
	   0.128721

2025-12-23:10:46:09,49 INFO     [psi4.optking.opt_helper:182] 
	         Geometry (au)                                       Gradient (au)
   0.0000000000   0.0000000000   2.2629778753		   0.0000000000  -0.0000000000  -0.2956301032
   0.0000000000   0.0000000000  -0.7289710990		   0.0000000000   0.0000000000   0.2956278781

2025-12-23:10:46:09,49 INFO     [psi4.optking.stepAlgorithms:368] 	Current Step Report 
 
	Current energy:      -303.9743879443
	Energy change for the previous step:
		Actual       :        -0.1307384864
		Projected    :        -0.0469809148

2025-12-23:10:46:09,49 INFO     [psi4.optking.stepAlgorithms:371] 	Energy ratio =    2.78280
2025-12-23:10:46:09,49 INFO     [psi4.optking.stepAlgorithms:929] 	Using RFO solution 1.
2025-12-23:10:46:09,49 INFO     [psi4.optking.displace:100] 	Determining Cartesian step for fragment 1.
2025-12-23:10:46:09,50 INFO     [psi4.optking.displace:415] 	Successfully converged to displaced geometry.
2025-12-23:10:46:09,50 INFO     [psi4.optking.displace:416] 	RMS(dx):  0.000e+00 	Max(dx):  0.000e+00 	RMS(dq):  0.000e+00
2025-12-23:10:46:09,50 INFO     [psi4.optking.displace:172] 

	        --- Internal Coordinate Step in ANG or DEG, aJ/ANG or AJ/DEG ---
	-------------------------------------------------------------------------------
	           Coordinate      Previous         Force          Change          New 
	           ----------      --------        ------          ------        ------
	               R(1,2)       1.58327        2.43561        0.42637       2.00964
	-------------------------------------------------------------------------------

2025-12-23:10:46:09,50 INFO     [psi4.optking.stepAlgorithms:113] 	|target step| :    0.8057162407
2025-12-23:10:46:09,50 INFO     [psi4.optking.stepAlgorithms:114] 	gradient     :   -0.2956289907
2025-12-23:10:46:09,50 INFO     [psi4.optking.stepAlgorithms:115] 	hessian      :    0.1287214447
2025-12-23:10:46:09,50 INFO     [psi4.optking.stepAlgorithms:113] 	|target step| :    0.8057162407
2025-12-23:10:46:09,50 INFO     [psi4.optking.stepAlgorithms:114] 	gradient     :   -0.2956289907
2025-12-23:10:46:09,50 INFO     [psi4.optking.stepAlgorithms:115] 	hessian      :    0.1287214447
2025-12-23:10:46:09,50 INFO     [psi4.optking.stepAlgorithms:206] 	Norm of achieved step-size    0.8057162407
2025-12-23:10:46:09,50 INFO     [psi4.optking.stepAlgorithms:208] 	Norm of achieved step-size (cart):    0.5697274175
2025-12-23:10:46:09,50 INFO     [psi4.optking.opt_helper:164] Molsys:

	                            ===> Fragment 1 <== 

	 Z (Atomic Numbers)          Masses                          Geom                  
	       4.000000             9.012183          0.00000000  0.00000000  2.66583600   
	      14.000000            27.976927          0.00000000  0.00000000 -1.13182922   

	 - Coordinate -           - BOHR/RAD -       - ANG/DEG -
	 R(1,2)           =         3.797665           2.009638

2025-12-23:10:46:09,50 INFO     [psi4.optking.convcheck:76] Performing convergence check.
2025-12-23:10:46:09,50 INFO     [psi4.optking.convcheck:282] 
	                                 ==> Convergence Check <==                                  
    
	Measures of convergence in internal coordinates in au.
    
	Criteria marked as inactive (o), active & met (*), and active & unmet ( ).

	----------------------------------------------------------------------------------------------
	   Step    Total Energy     Delta E     Max Force     RMS Force      Max Disp      RMS Disp   
	----------------------------------------------------------------------------------------------
	  Convergence Criteria     1.00e-06 *    3.00e-04 *             o    1.20e-03 *             o
	----------------------------------------------------------------------------------------------
	     4    -303.97438794   -1.31e-01      2.96e-01      2.96e-01 o    8.06e-01      8.06e-01 o  ~
	----------------------------------------------------------------------------------------------


2025-12-23:10:46:09,50 INFO     [psi4.optking.stepAlgorithms:296] 	Convergence check returned False
2025-12-23:10:46:09,61 INFO     [psi4.driver.task_planner:259] PLANNING Atomic:  keywords={'DAMPING_PERCENTAGE': 1.0, 'GEOM_MAXITER': 500, 'SCF__GUESS': 'READ', 'GUESS': 'SAP', 'MAXITER': 500, 'REFERENCE': 'UKS', 'function_kwargs': {}}
2025-12-23:10:46:09,62 INFO     [psi4.driver.driver:638] Compute gradient(): method=b3lyp, basis=cc-pvdz, molecule=default, nre=14.745902239889055
2025-12-23:10:46:09,621 INFO     [psi4.driver.driver:641] Return gradient(): -304.0787324525106
2025-12-23:10:46:09,621 INFO     [psi4.driver.driver:642] [[ 0.00000000  0.00000000 -0.02527398]
 [ 0.00000000 -0.00000000  0.02526315]]
2025-12-23:10:46:09,623 INFO     [psi4.optking.history:269] 	Performing BFGS update.
2025-12-23:10:46:09,623 INFO     [psi4.optking.history:280] 	Using 4 previous steps for update.
2025-12-23:10:46:09,623 WARNING  [psi4.optking.history:301] 	Change in internal coordinate of 8.06e-01 exceeds limit of 5.00e-01.
2025-12-23:10:46:09,623 WARNING  [psi4.optking.history:306] 	Skipping Hessian update for step 4.
2025-12-23:10:46:09,623 WARNING  [psi4.optking.history:301] 	Change in internal coordinate of 1.09e+00 exceeds limit of 5.00e-01.
2025-12-23:10:46:09,623 WARNING  [psi4.optking.history:306] 	Skipping Hessian update for step 3.
2025-12-23:10:46:09,623 WARNING  [psi4.optking.history:301] 	Change in internal coordinate of 1.34e+00 exceeds limit of 5.00e-01.
2025-12-23:10:46:09,623 WARNING  [psi4.optking.history:306] 	Skipping Hessian update for step 2.
2025-12-23:10:46:09,623 INFO     [psi4.optking.history:317] 	Steps to be used in Hessian update:  1

2025-12-23:10:46:09,623 INFO     [psi4.optking.history:418] 	Updated Hessian (in au) 
 	   0.511878

2025-12-23:10:46:09,623 INFO     [psi4.optking.molsys:944] Projected (PHP) Hessian matrix
	   0.511878

2025-12-23:10:46:09,623 INFO     [psi4.optking.opt_helper:182] 
	         Geometry (au)                                       Gradient (au)
   0.0000000000   0.0000000000   2.8723860042		   0.0000000000   0.0000000000  -0.0252739761
   0.0000000000   0.0000000000  -0.9252792108		   0.0000000000  -0.0000000000   0.0252631527

2025-12-23:10:46:09,623 INFO     [psi4.optking.stepAlgorithms:368] 	Current Step Report 
 
	Current energy:      -304.0787324525
	Energy change for the previous step:
		Actual       :        -0.1043445082
		Projected    :        -0.1190965395

2025-12-23:10:46:09,623 INFO     [psi4.optking.stepAlgorithms:371] 	Energy ratio =    0.87613
2025-12-23:10:46:09,624 INFO     [psi4.optking.stepAlgorithms:929] 	Using RFO solution 1.
2025-12-23:10:46:09,624 INFO     [psi4.optking.displace:100] 	Determining Cartesian step for fragment 1.
2025-12-23:10:46:09,624 INFO     [psi4.optking.displace:415] 	Successfully converged to displaced geometry.
2025-12-23:10:46:09,624 INFO     [psi4.optking.displace:416] 	RMS(dx):  1.282e-16 	Max(dx):  2.220e-16 	RMS(dq):  4.441e-16
2025-12-23:10:46:09,624 INFO     [psi4.optking.displace:172] 

	        --- Internal Coordinate Step in ANG or DEG, aJ/ANG or AJ/DEG ---
	-------------------------------------------------------------------------------
	           Coordinate      Previous         Force          Change          New 
	           ----------      --------        ------          ------        ------
	               R(1,2)       2.00964        0.20818        0.02606       2.03570
	-------------------------------------------------------------------------------

2025-12-23:10:46:09,624 INFO     [psi4.optking.stepAlgorithms:113] 	|target step| :    0.0492447609
2025-12-23:10:46:09,624 INFO     [psi4.optking.stepAlgorithms:114] 	gradient     :   -0.0252685644
2025-12-23:10:46:09,624 INFO     [psi4.optking.stepAlgorithms:115] 	hessian      :    0.5118775376
2025-12-23:10:46:09,624 INFO     [psi4.optking.stepAlgorithms:113] 	|target step| :    0.0492447609
2025-12-23:10:46:09,624 INFO     [psi4.optking.stepAlgorithms:114] 	gradient     :   -0.0252685644
2025-12-23:10:46:09,624 INFO     [psi4.optking.stepAlgorithms:115] 	hessian      :    0.5118775376
2025-12-23:10:46:09,624 INFO     [psi4.optking.stepAlgorithms:206] 	Norm of achieved step-size    0.0492447609
2025-12-23:10:46:09,624 INFO     [psi4.optking.stepAlgorithms:208] 	Norm of achieved step-size (cart):    0.0348213044
2025-12-23:10:46:09,624 INFO     [psi4.optking.opt_helper:164] Molsys:

	                            ===> Fragment 1 <== 

	 Z (Atomic Numbers)          Masses                          Geom                  
	       4.000000             9.012183          0.00000000  0.00000000  2.89700838   
	      14.000000            27.976927          0.00000000  0.00000000 -0.94990159   

	 - Coordinate -           - BOHR/RAD -       - ANG/DEG -
	 R(1,2)           =         3.846910           2.035697

2025-12-23:10:46:09,624 INFO     [psi4.optking.convcheck:76] Performing convergence check.
2025-12-23:10:46:09,625 INFO     [psi4.optking.convcheck:282] 
	                                 ==> Convergence Check <==                                  
    
	Measures of convergence in internal coordinates in au.
    
	Criteria marked as inactive (o), active & met (*), and active & unmet ( ).

	----------------------------------------------------------------------------------------------
	   Step    Total Energy     Delta E     Max Force     RMS Force      Max Disp      RMS Disp   
	----------------------------------------------------------------------------------------------
	  Convergence Criteria     1.00e-06 *    3.00e-04 *             o    1.20e-03 *             o
	----------------------------------------------------------------------------------------------
	     5    -304.07873245   -1.04e-01      2.53e-02      2.53e-02 o    4.92e-02      4.92e-02 o  ~
	----------------------------------------------------------------------------------------------


2025-12-23:10:46:09,625 INFO     [psi4.optking.stepAlgorithms:296] 	Convergence check returned False
2025-12-23:10:46:09,635 INFO     [psi4.driver.task_planner:259] PLANNING Atomic:  keywords={'DAMPING_PERCENTAGE': 1.0, 'GEOM_MAXITER': 500, 'SCF__GUESS': 'READ', 'GUESS': 'SAP', 'MAXITER': 500, 'REFERENCE': 'UKS', 'function_kwargs': {}}
2025-12-23:10:46:09,637 INFO     [psi4.driver.driver:638] Compute gradient(): method=b3lyp, basis=cc-pvdz, molecule=default, nre=14.557138157805229
2025-12-23:10:46:10,183 INFO     [psi4.driver.driver:641] Return gradient(): -304.0798056154054
2025-12-23:10:46:10,183 INFO     [psi4.driver.driver:642] [[-0.00000000 -0.00000000 -0.01843218]
 [ 0.00000000  0.00000000  0.01842078]]
2025-12-23:10:46:10,184 INFO     [psi4.optking.history:269] 	Performing BFGS update.
2025-12-23:10:46:10,184 INFO     [psi4.optking.history:280] 	Using 4 previous steps for update.
2025-12-23:10:46:10,185 WARNING  [psi4.optking.history:301] 	Change in internal coordinate of 8.55e-01 exceeds limit of 5.00e-01.
2025-12-23:10:46:10,185 WARNING  [psi4.optking.history:306] 	Skipping Hessian update for step 4.
2025-12-23:10:46:10,185 WARNING  [psi4.optking.history:301] 	Change in internal coordinate of 1.14e+00 exceeds limit of 5.00e-01.
2025-12-23:10:46:10,185 WARNING  [psi4.optking.history:306] 	Skipping Hessian update for step 3.
2025-12-23:10:46:10,185 WARNING  [psi4.optking.history:301] 	Change in internal coordinate of 1.39e+00 exceeds limit of 5.00e-01.
2025-12-23:10:46:10,185 WARNING  [psi4.optking.history:306] 	Skipping Hessian update for step 2.
2025-12-23:10:46:10,185 WARNING  [psi4.optking.history:301] 	Change in internal coordinate of 1.58e+00 exceeds limit of 5.00e-01.
2025-12-23:10:46:10,185 WARNING  [psi4.optking.history:306] 	Skipping Hessian update for step 1.
2025-12-23:10:46:10,185 INFO     [psi4.optking.history:317] 	Steps to be used in Hessian update:  5

2025-12-23:10:46:10,185 INFO     [psi4.optking.history:418] 	Updated Hessian (in au) 
 	   0.138940

2025-12-23:10:46:10,185 INFO     [psi4.optking.molsys:944] Projected (PHP) Hessian matrix
	   0.138940

2025-12-23:10:46:10,185 INFO     [psi4.optking.opt_helper:182] 
	         Geometry (au)                                       Gradient (au)
   0.0000000000   0.0000000000   2.9096325634		  -0.0000000000  -0.0000000000  -0.0184321767
   0.0000000000   0.0000000000  -0.9372774125		   0.0000000000   0.0000000000   0.0184207751

2025-12-23:10:46:10,185 INFO     [psi4.optking.stepAlgorithms:368] 	Current Step Report 
 
	Current energy:      -304.0798056154
	Energy change for the previous step:
		Actual       :        -0.0010731629
		Projected    :        -0.0006221722

2025-12-23:10:46:10,185 INFO     [psi4.optking.stepAlgorithms:371] 	Energy ratio =    1.72486
2025-12-23:10:46:10,185 INFO     [psi4.optking.stepAlgorithms:929] 	Using RFO solution 1.
2025-12-23:10:46:10,185 INFO     [psi4.optking.displace:100] 	Determining Cartesian step for fragment 1.
2025-12-23:10:46:10,186 INFO     [psi4.optking.displace:415] 	Successfully converged to displaced geometry.
2025-12-23:10:46:10,186 INFO     [psi4.optking.displace:416] 	RMS(dx):  1.282e-16 	Max(dx):  2.220e-16 	RMS(dq):  4.441e-16
2025-12-23:10:46:10,186 INFO     [psi4.optking.displace:172] 

	        --- Internal Coordinate Step in ANG or DEG, aJ/ANG or AJ/DEG ---
	-------------------------------------------------------------------------------
	           Coordinate      Previous         Force          Change          New 
	           ----------      --------        ------          ------        ------
	               R(1,2)       2.03570        0.15181        0.06899       2.10468
	-------------------------------------------------------------------------------

2025-12-23:10:46:10,186 INFO     [psi4.optking.stepAlgorithms:113] 	|target step| :    0.1303674174
2025-12-23:10:46:10,186 INFO     [psi4.optking.stepAlgorithms:114] 	gradient     :   -0.0184264759
2025-12-23:10:46:10,186 INFO     [psi4.optking.stepAlgorithms:115] 	hessian      :    0.1389404352
2025-12-23:10:46:10,186 INFO     [psi4.optking.stepAlgorithms:113] 	|target step| :    0.1303674174
2025-12-23:10:46:10,186 INFO     [psi4.optking.stepAlgorithms:114] 	gradient     :   -0.0184264759
2025-12-23:10:46:10,186 INFO     [psi4.optking.stepAlgorithms:115] 	hessian      :    0.1389404352
2025-12-23:10:46:10,186 INFO     [psi4.optking.stepAlgorithms:206] 	Norm of achieved step-size    0.1303674174
2025-12-23:10:46:10,186 INFO     [psi4.optking.stepAlgorithms:208] 	Norm of achieved step-size (cart):    0.0921836849
2025-12-23:10:46:10,186 INFO     [psi4.optking.opt_helper:164] Molsys:

	                            ===> Fragment 1 <== 

	 Z (Atomic Numbers)          Masses                          Geom                  
	       4.000000             9.012183          0.00000000  0.00000000  2.97481627   
	      14.000000            27.976927          0.00000000  0.00000000 -1.00246112   

	 - Coordinate -           - BOHR/RAD -       - ANG/DEG -
	 R(1,2)           =         3.977277           2.104685

2025-12-23:10:46:10,186 INFO     [psi4.optking.convcheck:76] Performing convergence check.
2025-12-23:10:46:10,186 INFO     [psi4.optking.convcheck:282] 
	                                 ==> Convergence Check <==                                  
    
	Measures of convergence in internal coordinates in au.
    
	Criteria marked as inactive (o), active & met (*), and active & unmet ( ).

	----------------------------------------------------------------------------------------------
	   Step    Total Energy     Delta E     Max Force     RMS Force      Max Disp      RMS Disp   
	----------------------------------------------------------------------------------------------
	  Convergence Criteria     1.00e-06 *    3.00e-04 *             o    1.20e-03 *             o
	----------------------------------------------------------------------------------------------
	     6    -304.07980562   -1.07e-03      1.84e-02      1.84e-02 o    1.30e-01      1.30e-01 o  ~
	----------------------------------------------------------------------------------------------


2025-12-23:10:46:10,186 INFO     [psi4.optking.stepAlgorithms:296] 	Convergence check returned False
2025-12-23:10:46:10,197 INFO     [psi4.driver.task_planner:259] PLANNING Atomic:  keywords={'DAMPING_PERCENTAGE': 1.0, 'GEOM_MAXITER': 500, 'SCF__GUESS': 'READ', 'GUESS': 'SAP', 'MAXITER': 500, 'REFERENCE': 'UKS', 'function_kwargs': {}}
2025-12-23:10:46:10,198 INFO     [psi4.driver.driver:638] Compute gradient(): method=b3lyp, basis=cc-pvdz, molecule=default, nre=14.079983481592299
2025-12-23:10:46:10,671 INFO     [psi4.driver.driver:641] Return gradient(): -304.08118122986957
2025-12-23:10:46:10,671 INFO     [psi4.driver.driver:642] [[ 0.00000000  0.00000000 -0.00337030]
 [ 0.00000000 -0.00000000  0.00336367]]
2025-12-23:10:46:10,672 INFO     [psi4.optking.history:269] 	Performing BFGS update.
2025-12-23:10:46:10,672 INFO     [psi4.optking.history:280] 	Using 4 previous steps for update.
2025-12-23:10:46:10,673 WARNING  [psi4.optking.history:301] 	Change in internal coordinate of 9.85e-01 exceeds limit of 5.00e-01.
2025-12-23:10:46:10,673 WARNING  [psi4.optking.history:306] 	Skipping Hessian update for step 4.
2025-12-23:10:46:10,673 WARNING  [psi4.optking.history:301] 	Change in internal coordinate of 1.27e+00 exceeds limit of 5.00e-01.
2025-12-23:10:46:10,673 WARNING  [psi4.optking.history:306] 	Skipping Hessian update for step 3.
2025-12-23:10:46:10,673 WARNING  [psi4.optking.history:301] 	Change in internal coordinate of 1.52e+00 exceeds limit of 5.00e-01.
2025-12-23:10:46:10,673 WARNING  [psi4.optking.history:306] 	Skipping Hessian update for step 2.
2025-12-23:10:46:10,673 WARNING  [psi4.optking.history:301] 	Change in internal coordinate of 1.71e+00 exceeds limit of 5.00e-01.
2025-12-23:10:46:10,673 WARNING  [psi4.optking.history:306] 	Skipping Hessian update for step 1.
2025-12-23:10:46:10,673 INFO     [psi4.optking.history:317] 	Steps to be used in Hessian update:  6 5

2025-12-23:10:46:10,673 INFO     [psi4.optking.history:418] 	Updated Hessian (in au) 
 	   0.121938

2025-12-23:10:46:10,673 INFO     [psi4.optking.molsys:944] Projected (PHP) Hessian matrix
	   0.121938

2025-12-23:10:46:10,673 INFO     [psi4.optking.opt_helper:182] 
	         Geometry (au)                                       Gradient (au)
   0.0000000000   0.0000000000   3.0082367120		   0.0000000000   0.0000000000  -0.0033702981
   0.0000000000   0.0000000000  -0.9690406814		   0.0000000000  -0.0000000000   0.0033636684

2025-12-23:10:46:10,673 INFO     [psi4.optking.stepAlgorithms:368] 	Current Step Report 
 
	Current energy:      -304.0811812299
	Energy change for the previous step:
		Actual       :        -0.0013756145
		Projected    :        -0.0012011060

2025-12-23:10:46:10,673 INFO     [psi4.optking.stepAlgorithms:371] 	Energy ratio =    1.14529
2025-12-23:10:46:10,673 INFO     [psi4.optking.stepAlgorithms:929] 	Using RFO solution 1.
2025-12-23:10:46:10,673 INFO     [psi4.optking.displace:100] 	Determining Cartesian step for fragment 1.
2025-12-23:10:46:10,674 INFO     [psi4.optking.displace:415] 	Successfully converged to displaced geometry.
2025-12-23:10:46:10,674 INFO     [psi4.optking.displace:416] 	RMS(dx):  0.000e+00 	Max(dx):  0.000e+00 	RMS(dq):  0.000e+00
2025-12-23:10:46:10,674 INFO     [psi4.optking.displace:172] 

	        --- Internal Coordinate Step in ANG or DEG, aJ/ANG or AJ/DEG ---
	-------------------------------------------------------------------------------
	           Coordinate      Previous         Force          Change          New 
	           ----------      --------        ------          ------        ------
	               R(1,2)       2.10468        0.02774        0.01460       2.11929
	-------------------------------------------------------------------------------

2025-12-23:10:46:10,674 INFO     [psi4.optking.stepAlgorithms:113] 	|target step| :    0.0275911959
2025-12-23:10:46:10,674 INFO     [psi4.optking.stepAlgorithms:114] 	gradient     :   -0.0033669833
2025-12-23:10:46:10,674 INFO     [psi4.optking.stepAlgorithms:115] 	hessian      :    0.1219381745
2025-12-23:10:46:10,674 INFO     [psi4.optking.stepAlgorithms:113] 	|target step| :    0.0275911959
2025-12-23:10:46:10,674 INFO     [psi4.optking.stepAlgorithms:114] 	gradient     :   -0.0033669833
2025-12-23:10:46:10,674 INFO     [psi4.optking.stepAlgorithms:115] 	hessian      :    0.1219381745
2025-12-23:10:46:10,674 INFO     [psi4.optking.stepAlgorithms:206] 	Norm of achieved step-size    0.0275911959
2025-12-23:10:46:10,674 INFO     [psi4.optking.stepAlgorithms:208] 	Norm of achieved step-size (cart):    0.0195099217
2025-12-23:10:46:10,674 INFO     [psi4.optking.opt_helper:164] Molsys:

	                            ===> Fragment 1 <== 

	 Z (Atomic Numbers)          Masses                          Geom                  
	       4.000000             9.012183          0.00000000  0.00000000  3.02203231   
	      14.000000            27.976927          0.00000000  0.00000000 -0.98283628   

	 - Coordinate -           - BOHR/RAD -       - ANG/DEG -
	 R(1,2)           =         4.004869           2.119285

2025-12-23:10:46:10,674 INFO     [psi4.optking.convcheck:76] Performing convergence check.
2025-12-23:10:46:10,674 INFO     [psi4.optking.convcheck:282] 
	                                 ==> Convergence Check <==                                  
    
	Measures of convergence in internal coordinates in au.
    
	Criteria marked as inactive (o), active & met (*), and active & unmet ( ).

	----------------------------------------------------------------------------------------------
	   Step    Total Energy     Delta E     Max Force     RMS Force      Max Disp      RMS Disp   
	----------------------------------------------------------------------------------------------
	  Convergence Criteria     1.00e-06 *    3.00e-04 *             o    1.20e-03 *             o
	----------------------------------------------------------------------------------------------
	     7    -304.08118123   -1.38e-03      3.37e-03      3.37e-03 o    2.76e-02      2.76e-02 o  ~
	----------------------------------------------------------------------------------------------


2025-12-23:10:46:10,674 INFO     [psi4.optking.stepAlgorithms:296] 	Convergence check returned False
2025-12-23:10:46:10,684 INFO     [psi4.driver.task_planner:259] PLANNING Atomic:  keywords={'DAMPING_PERCENTAGE': 1.0, 'GEOM_MAXITER': 500, 'SCF__GUESS': 'READ', 'GUESS': 'SAP', 'MAXITER': 500, 'REFERENCE': 'UKS', 'function_kwargs': {}}
2025-12-23:10:46:10,685 INFO     [psi4.driver.driver:638] Compute gradient(): method=b3lyp, basis=cc-pvdz, molecule=default, nre=13.982980652756206
2025-12-23:10:46:11,134 INFO     [psi4.driver.driver:641] Return gradient(): -304.0812367768976
2025-12-23:10:46:11,134 INFO     [psi4.driver.driver:642] [[ 0.00000000  0.00000000 -0.00068959]
 [ 0.00000000  0.00000000  0.00068385]]
2025-12-23:10:46:11,135 INFO     [psi4.optking.history:269] 	Performing BFGS update.
2025-12-23:10:46:11,136 INFO     [psi4.optking.history:280] 	Using 4 previous steps for update.
2025-12-23:10:46:11,136 WARNING  [psi4.optking.history:301] 	Change in internal coordinate of 1.01e+00 exceeds limit of 5.00e-01.
2025-12-23:10:46:11,136 WARNING  [psi4.optking.history:306] 	Skipping Hessian update for step 4.
2025-12-23:10:46:11,136 WARNING  [psi4.optking.history:301] 	Change in internal coordinate of 1.30e+00 exceeds limit of 5.00e-01.
2025-12-23:10:46:11,136 WARNING  [psi4.optking.history:306] 	Skipping Hessian update for step 3.
2025-12-23:10:46:11,136 WARNING  [psi4.optking.history:301] 	Change in internal coordinate of 1.55e+00 exceeds limit of 5.00e-01.
2025-12-23:10:46:11,136 WARNING  [psi4.optking.history:306] 	Skipping Hessian update for step 2.
2025-12-23:10:46:11,136 WARNING  [psi4.optking.history:301] 	Change in internal coordinate of 1.74e+00 exceeds limit of 5.00e-01.
2025-12-23:10:46:11,136 WARNING  [psi4.optking.history:306] 	Skipping Hessian update for step 1.
2025-12-23:10:46:11,136 INFO     [psi4.optking.history:317] 	Steps to be used in Hessian update:  7 6 5

2025-12-23:10:46:11,136 INFO     [psi4.optking.history:418] 	Updated Hessian (in au) 
 	   0.118636

2025-12-23:10:46:11,136 INFO     [psi4.optking.molsys:944] Projected (PHP) Hessian matrix
	   0.118636

2025-12-23:10:46:11,136 INFO     [psi4.optking.opt_helper:182] 
	         Geometry (au)                                       Gradient (au)
   0.0000000000   0.0000000000   3.0291054722		   0.0000000000   0.0000000000  -0.0006895946
   0.0000000000   0.0000000000  -0.9757631170		   0.0000000000   0.0000000000   0.0006838549

2025-12-23:10:46:11,136 INFO     [psi4.optking.stepAlgorithms:368] 	Current Step Report 
 
	Current energy:      -304.0812367769
	Energy change for the previous step:
		Actual       :        -0.0000555470
		Projected    :        -0.0000464495

2025-12-23:10:46:11,136 INFO     [psi4.optking.stepAlgorithms:371] 	Energy ratio =    1.19586
2025-12-23:10:46:11,136 INFO     [psi4.optking.stepAlgorithms:929] 	Using RFO solution 1.
2025-12-23:10:46:11,137 INFO     [psi4.optking.displace:100] 	Determining Cartesian step for fragment 1.
2025-12-23:10:46:11,137 INFO     [psi4.optking.displace:415] 	Successfully converged to displaced geometry.
2025-12-23:10:46:11,137 INFO     [psi4.optking.displace:416] 	RMS(dx):  0.000e+00 	Max(dx):  0.000e+00 	RMS(dq):  0.000e+00
2025-12-23:10:46:11,137 INFO     [psi4.optking.displace:172] 

	        --- Internal Coordinate Step in ANG or DEG, aJ/ANG or AJ/DEG ---
	-------------------------------------------------------------------------------
	           Coordinate      Previous         Force          Change          New 
	           ----------      --------        ------          ------        ------
	               R(1,2)       2.11929        0.00566        0.00306       2.12235
	-------------------------------------------------------------------------------

2025-12-23:10:46:11,137 INFO     [psi4.optking.stepAlgorithms:113] 	|target step| :    0.0057882942
2025-12-23:10:46:11,137 INFO     [psi4.optking.stepAlgorithms:114] 	gradient     :   -0.0006867248
2025-12-23:10:46:11,137 INFO     [psi4.optking.stepAlgorithms:115] 	hessian      :    0.1186362903
2025-12-23:10:46:11,137 INFO     [psi4.optking.stepAlgorithms:113] 	|target step| :    0.0057882942
2025-12-23:10:46:11,137 INFO     [psi4.optking.stepAlgorithms:114] 	gradient     :   -0.0006867248
2025-12-23:10:46:11,137 INFO     [psi4.optking.stepAlgorithms:115] 	hessian      :    0.1186362903
2025-12-23:10:46:11,137 INFO     [psi4.optking.stepAlgorithms:206] 	Norm of achieved step-size    0.0057882942
2025-12-23:10:46:11,137 INFO     [psi4.optking.stepAlgorithms:208] 	Norm of achieved step-size (cart):    0.0040929421
2025-12-23:10:46:11,137 INFO     [psi4.optking.opt_helper:164] Molsys:

	                            ===> Fragment 1 <== 

	 Z (Atomic Numbers)          Masses                          Geom                  
	       4.000000             9.012183          0.00000000  0.00000000  3.03199962   
	      14.000000            27.976927          0.00000000  0.00000000 -0.97865726   

	 - Coordinate -           - BOHR/RAD -       - ANG/DEG -
	 R(1,2)           =         4.010657           2.122348

2025-12-23:10:46:11,137 INFO     [psi4.optking.convcheck:76] Performing convergence check.
2025-12-23:10:46:11,137 INFO     [psi4.optking.convcheck:282] 
	                                 ==> Convergence Check <==                                  
    
	Measures of convergence in internal coordinates in au.
    
	Criteria marked as inactive (o), active & met (*), and active & unmet ( ).

	----------------------------------------------------------------------------------------------
	   Step    Total Energy     Delta E     Max Force     RMS Force      Max Disp      RMS Disp   
	----------------------------------------------------------------------------------------------
	  Convergence Criteria     1.00e-06 *    3.00e-04 *             o    1.20e-03 *             o
	----------------------------------------------------------------------------------------------
	     8    -304.08123678   -5.55e-05      6.87e-04      6.87e-04 o    5.79e-03      5.79e-03 o  ~
	----------------------------------------------------------------------------------------------


2025-12-23:10:46:11,137 INFO     [psi4.optking.stepAlgorithms:296] 	Convergence check returned False
2025-12-23:10:46:11,148 INFO     [psi4.driver.task_planner:259] PLANNING Atomic:  keywords={'DAMPING_PERCENTAGE': 1.0, 'GEOM_MAXITER': 500, 'SCF__GUESS': 'READ', 'GUESS': 'SAP', 'MAXITER': 500, 'REFERENCE': 'UKS', 'function_kwargs': {}}
2025-12-23:10:46:11,149 INFO     [psi4.driver.driver:638] Compute gradient(): method=b3lyp, basis=cc-pvdz, molecule=default, nre=13.962800017050826
2025-12-23:10:46:11,632 INFO     [psi4.driver.driver:641] Return gradient(): -304.08123918029185
2025-12-23:10:46:11,632 INFO     [psi4.driver.driver:642] [[ 0.00000000  0.00000000 -0.00014775]
 [-0.00000000  0.00000000  0.00014213]]
2025-12-23:10:46:11,634 INFO     [psi4.optking.history:269] 	Performing BFGS update.
2025-12-23:10:46:11,634 INFO     [psi4.optking.history:280] 	Using 4 previous steps for update.
2025-12-23:10:46:11,634 INFO     [psi4.optking.history:317] 	Steps to be used in Hessian update:  8 7 6 5

2025-12-23:10:46:11,634 INFO     [psi4.optking.history:418] 	Updated Hessian (in au) 
 	   0.117956

2025-12-23:10:46:11,634 INFO     [psi4.optking.molsys:944] Projected (PHP) Hessian matrix
	   0.117956

2025-12-23:10:46:11,634 INFO     [psi4.optking.opt_helper:182] 
	         Geometry (au)                                       Gradient (au)
   0.0000000000   0.0000000000   3.0334834820		   0.0000000000   0.0000000000  -0.0001477498
   0.0000000000   0.0000000000  -0.9771734015		  -0.0000000000   0.0000000000   0.0001421338

2025-12-23:10:46:11,634 INFO     [psi4.optking.stepAlgorithms:368] 	Current Step Report 
 
	Current energy:      -304.0812391803
	Energy change for the previous step:
		Actual       :        -0.0000024034
		Projected    :        -0.0000019875

2025-12-23:10:46:11,634 INFO     [psi4.optking.stepAlgorithms:371] 	Energy ratio =    1.20927
2025-12-23:10:46:11,634 INFO     [psi4.optking.stepAlgorithms:929] 	Using RFO solution 1.
2025-12-23:10:46:11,635 INFO     [psi4.optking.displace:100] 	Determining Cartesian step for fragment 1.
2025-12-23:10:46:11,635 INFO     [psi4.optking.displace:415] 	Successfully converged to displaced geometry.
2025-12-23:10:46:11,635 INFO     [psi4.optking.displace:416] 	RMS(dx):  0.000e+00 	Max(dx):  0.000e+00 	RMS(dq):  0.000e+00
2025-12-23:10:46:11,635 INFO     [psi4.optking.displace:172] 

	        --- Internal Coordinate Step in ANG or DEG, aJ/ANG or AJ/DEG ---
	-------------------------------------------------------------------------------
	           Coordinate      Previous         Force          Change          New 
	           ----------      --------        ------          ------        ------
	               R(1,2)       2.12235        0.00119        0.00065       2.12300
	-------------------------------------------------------------------------------

2025-12-23:10:46:11,635 INFO     [psi4.optking.stepAlgorithms:113] 	|target step| :    0.0012287776
2025-12-23:10:46:11,635 INFO     [psi4.optking.stepAlgorithms:114] 	gradient     :   -0.0001449418
2025-12-23:10:46:11,635 INFO     [psi4.optking.stepAlgorithms:115] 	hessian      :    0.1179558938
2025-12-23:10:46:11,635 INFO     [psi4.optking.stepAlgorithms:113] 	|target step| :    0.0012287776
2025-12-23:10:46:11,635 INFO     [psi4.optking.stepAlgorithms:114] 	gradient     :   -0.0001449418
2025-12-23:10:46:11,635 INFO     [psi4.optking.stepAlgorithms:115] 	hessian      :    0.1179558938
2025-12-23:10:46:11,635 INFO     [psi4.optking.stepAlgorithms:206] 	Norm of achieved step-size    0.0012287776
2025-12-23:10:46:11,635 INFO     [psi4.optking.stepAlgorithms:208] 	Norm of achieved step-size (cart):    0.0008688770
2025-12-23:10:46:11,635 INFO     [psi4.optking.opt_helper:164] Molsys:

	                            ===> Fragment 1 <== 

	 Z (Atomic Numbers)          Masses                          Geom                  
	       4.000000             9.012183          0.00000000  0.00000000  3.03409787   
	      14.000000            27.976927          0.00000000  0.00000000 -0.97778779   

	 - Coordinate -           - BOHR/RAD -       - ANG/DEG -
	 R(1,2)           =         4.011886           2.122998

2025-12-23:10:46:11,635 INFO     [psi4.optking.convcheck:76] Performing convergence check.
2025-12-23:10:46:11,635 INFO     [psi4.optking.convcheck:282] 
	                                 ==> Convergence Check <==                                  
    
	Measures of convergence in internal coordinates in au.
    
	Criteria marked as inactive (o), active & met (*), and active & unmet ( ).

	----------------------------------------------------------------------------------------------
	   Step    Total Energy     Delta E     Max Force     RMS Force      Max Disp      RMS Disp   
	----------------------------------------------------------------------------------------------
	  Convergence Criteria     1.00e-06 *    3.00e-04 *             o    1.20e-03 *             o
	----------------------------------------------------------------------------------------------
	     9    -304.08123918   -2.40e-06      1.45e-04 *    1.45e-04 o    1.23e-03      1.23e-03 o  ~
	----------------------------------------------------------------------------------------------


2025-12-23:10:46:11,635 INFO     [psi4.optking.stepAlgorithms:296] 	Convergence check returned False
2025-12-23:10:46:11,646 INFO     [psi4.driver.task_planner:259] PLANNING Atomic:  keywords={'DAMPING_PERCENTAGE': 1.0, 'GEOM_MAXITER': 500, 'SCF__GUESS': 'READ', 'GUESS': 'SAP', 'MAXITER': 500, 'REFERENCE': 'UKS', 'function_kwargs': {}}
2025-12-23:10:46:11,647 INFO     [psi4.driver.driver:638] Compute gradient(): method=b3lyp, basis=cc-pvdz, molecule=default, nre=13.958523430483941
2025-12-23:10:46:12,178 INFO     [psi4.driver.driver:641] Return gradient(): -304.08123928825313
2025-12-23:10:46:12,178 INFO     [psi4.driver.driver:642] [[ 0.00000000  0.00000000 -0.00003362]
 [ 0.00000000 -0.00000000  0.00002803]]
2025-12-23:10:46:12,180 INFO     [psi4.optking.history:269] 	Performing BFGS update.
2025-12-23:10:46:12,180 INFO     [psi4.optking.history:280] 	Using 4 previous steps for update.
2025-12-23:10:46:12,180 INFO     [psi4.optking.history:317] 	Steps to be used in Hessian update:  9 8 7 6

2025-12-23:10:46:12,180 INFO     [psi4.optking.history:418] 	Updated Hessian (in au) 
 	   0.111505

2025-12-23:10:46:12,180 INFO     [psi4.optking.molsys:944] Projected (PHP) Hessian matrix
	   0.111505

2025-12-23:10:46:12,180 INFO     [psi4.optking.opt_helper:182] 
	         Geometry (au)                                       Gradient (au)
   0.0000000000   0.0000000000   3.0344128750		   0.0000000000   0.0000000000  -0.0000336220
   0.0000000000   0.0000000000  -0.9774727860		   0.0000000000  -0.0000000000   0.0000280296

2025-12-23:10:46:12,180 INFO     [psi4.optking.stepAlgorithms:368] 	Current Step Report 
 
	Current energy:      -304.0812392883
	Energy change for the previous step:
		Actual       :        -0.0000001080
		Projected    :        -0.0000000891

2025-12-23:10:46:12,180 INFO     [psi4.optking.stepAlgorithms:371] 	Energy ratio =    1.21236
2025-12-23:10:46:12,180 INFO     [psi4.optking.stepAlgorithms:929] 	Using RFO solution 1.
2025-12-23:10:46:12,180 INFO     [psi4.optking.displace:100] 	Determining Cartesian step for fragment 1.
2025-12-23:10:46:12,181 INFO     [psi4.optking.displace:415] 	Successfully converged to displaced geometry.
2025-12-23:10:46:12,181 INFO     [psi4.optking.displace:416] 	RMS(dx):  0.000e+00 	Max(dx):  0.000e+00 	RMS(dq):  0.000e+00
2025-12-23:10:46:12,181 INFO     [psi4.optking.displace:172] 

	        --- Internal Coordinate Step in ANG or DEG, aJ/ANG or AJ/DEG ---
	-------------------------------------------------------------------------------
	           Coordinate      Previous         Force          Change          New 
	           ----------      --------        ------          ------        ------
	               R(1,2)       2.12300        0.00025        0.00015       2.12314
	-------------------------------------------------------------------------------

2025-12-23:10:46:12,181 INFO     [psi4.optking.stepAlgorithms:113] 	|target step| :    0.0002764515
2025-12-23:10:46:12,181 INFO     [psi4.optking.stepAlgorithms:114] 	gradient     :   -0.0000308258
2025-12-23:10:46:12,181 INFO     [psi4.optking.stepAlgorithms:115] 	hessian      :    0.1115052203
2025-12-23:10:46:12,181 INFO     [psi4.optking.stepAlgorithms:113] 	|target step| :    0.0002764515
2025-12-23:10:46:12,181 INFO     [psi4.optking.stepAlgorithms:114] 	gradient     :   -0.0000308258
2025-12-23:10:46:12,181 INFO     [psi4.optking.stepAlgorithms:115] 	hessian      :    0.1115052203
2025-12-23:10:46:12,181 INFO     [psi4.optking.stepAlgorithms:206] 	Norm of achieved step-size    0.0002764515
2025-12-23:10:46:12,181 INFO     [psi4.optking.stepAlgorithms:208] 	Norm of achieved step-size (cart):    0.0001954807
2025-12-23:10:46:12,181 INFO     [psi4.optking.opt_helper:164] Molsys:

	                            ===> Fragment 1 <== 

	 Z (Atomic Numbers)          Masses                          Geom                  
	       4.000000             9.012183          0.00000000  0.00000000  3.03455110   
	      14.000000            27.976927          0.00000000  0.00000000 -0.97761101   

	 - Coordinate -           - BOHR/RAD -       - ANG/DEG -
	 R(1,2)           =         4.012162           2.123145

2025-12-23:10:46:12,181 INFO     [psi4.optking.convcheck:76] Performing convergence check.
2025-12-23:10:46:12,181 INFO     [psi4.optking.convcheck:282] 
	                                 ==> Convergence Check <==                                  
    
	Measures of convergence in internal coordinates in au.
    
	Criteria marked as inactive (o), active & met (*), and active & unmet ( ).

	----------------------------------------------------------------------------------------------
	   Step    Total Energy     Delta E     Max Force     RMS Force      Max Disp      RMS Disp   
	----------------------------------------------------------------------------------------------
	  Convergence Criteria     1.00e-06 *    3.00e-04 *             o    1.20e-03 *             o
	----------------------------------------------------------------------------------------------
	    10    -304.08123929   -1.08e-07 *    3.08e-05 *    3.08e-05 o    2.76e-04 *    2.76e-04 o  ~
	----------------------------------------------------------------------------------------------


2025-12-23:10:46:12,181 INFO     [psi4.optking.convcheck:206] 
	                      ===> Final Convergence Report <===                     

	----------------------------------------------------------------------------
	|   Required Criteria    |  One or More Criteria  |   Alternate Criteria   |
	----------------------------------------------------------------------------
	| [x]     max_force      | [x]       max_DE       |                        |
	|                        | [x]      max_disp      |                        |
	----------------------------------------------------------------------------


2025-12-23:10:46:12,181 INFO     [psi4.optking.stepAlgorithms:296] 	Convergence check returned True
2025-12-23:10:46:12,181 INFO     [psi4.optking.optimize:332] 	Converged in 10 steps!
2025-12-23:10:46:12,181 INFO     [psi4.optking.optimize:333] 	Final energy is   -304.0812392882531
2025-12-23:10:46:12,181 INFO     [psi4.optking.optimize:334] 	Final structure (Angstroms): 
	Fragment 1 (Ang)

	   Be   0.0000000000   0.0000000000   1.6058152871
	   Si   0.0000000000   0.0000000000  -0.5173294683


2025-12-23:10:46:12,182 INFO     [psi4.optking.optimize:562] 	Optimization Finished

	==> Optimization Summary <==

        
	Measures of convergence in internal coordinates in au. (Any backward steps not shown.)
        
	---------------------------------------------------------------------------------------------------------------  ~
        
	 Step         Total Energy             Delta E       MAX Force       RMS Force        MAX Disp        RMS Disp   ~
        
	---------------------------------------------------------------------------------------------------------------  ~
        
	     1    -303.603131710694   -303.603131710694      0.80843806      0.80843806      0.18657471      0.18657471  ~
	     2    -303.730685693193     -0.127553982499      0.56963258      0.56963258      0.25473099      0.25473099  ~
	     3    -303.843649457926     -0.112963764733      0.33205355      0.33205355      0.28297192      0.28297192  ~
	     4    -303.974387944349     -0.130738486423      0.29562899      0.29562899      0.80571624      0.80571624  ~
	     5    -304.078732452511     -0.104344508162      0.02526856      0.02526856      0.04924476      0.04924476  ~
	     6    -304.079805615405     -0.001073162895      0.01842648      0.01842648      0.13036742      0.13036742  ~
	     7    -304.081181229870     -0.001375614464      0.00336698      0.00336698      0.02759120      0.02759120  ~
	     8    -304.081236776898     -0.000055547028      0.00068672      0.00068672      0.00578829      0.00578829  ~
	     9    -304.081239180292     -0.000002403394      0.00014494      0.00014494      0.00122878      0.00122878  ~
	    10    -304.081239288253     -0.000000107961      0.00003083      0.00003083      0.00027645      0.00027645  ~
	----------------------------------------------------------------------------------------------------------------


2025-12-23:10:46:12,182 INFO     [psi4.optking.optimize:806] Preparing OptimizationResult
