2025-12-23:10:49:07,69 WARNING  [psi4.optking:38] Some dependencies such as QCElemental have not yet finished migration to pydantic v2. If issues are encountered please downgrade pydantic or upgrade QCElemental as appropriate
2025-12-23:10:49:07,234 INFO     [psi4.optking.optwrapper:234] Creating a UserComputer
2025-12-23:10:49:07,234 INFO     [psi4.optking.optwrapper:242] 
    			-----------------------------------------

    			 OPTKING 3.0: for geometry optimizations 

    			     By R.A. King, Bethel University     

    			        with contributions from          

    			    A.V. Copan, J. Cayton, A. Heide      

    			-----------------------------------------

    
2025-12-23:10:49:07,234 INFO     [psi4.optking.optwrapper:272] 
		 -- Optimization Parameters --
	GEOM_MAXITER                   =             500
	ALG_GEOM_MAXITER               =              50
	PRINT                          =               1
	OPT_TYPE                       =             MIN
	STEP_TYPE                      =             RFO
	PROGRAM                        =            PSI4
	STEEPEST_DESCENT_TYPE          =         OVERLAP
	CONJUGATE_GRADIENT_TYPE        =        FLETCHER
	OPT_COORDINATES                =        INTERNAL
	RFO_FOLLOW_ROOT                =           False
	RFO_ROOT                       =               0
	ACCEPT_SYMMETRY_BREAKING       =           False
	DYNAMIC_LVL                    =               0
	DYNAMIC_LVL_MAX                =               0
	IRC_STEP_SIZE                  =             0.2
	IRC_DIRECTION                  =         FORWARD
	IRC_POINTS                     =              20
	IRC_MODE                       =          NORMAL
	IRC_CONVERGENCE                =            -0.7
	INTRAFRAG_STEP_LIMIT           =             0.5
	INTRAFRAG_STEP_LIMIT_MIN       =           0.001
	INTRAFRAG_STEP_LIMIT_MAX       =             1.0
	INTERFRAG_STEP_LIMIT           =             0.5
	INTERFRAG_STEP_LIMIT_MIN       =           0.001
	INTERFRAG_STEP_LIMIT_MAX       =             1.0
	ENSURE_BT_CONVERGENCE          =           False
	SIMPLE_STEP_SCALING            =           False
	CONSECUTIVE_BACKSTEPS          =               0
	RFO_NORMALIZATION_MAX          =             100
	RSRFO_ALPHA_MAX                =     100000000.0
	PRINT_TRAJECTORY_XYZ_FILE      =           False
	WRITE_TRAJECTORY               =           False
	FROZEN_DISTANCE                =                
	FROZEN_BEND                    =                
	FROZEN_DIHEDRAL                =                
	FROZEN_OOFP                    =                
	FROZEN_CARTESIAN               =                
	FREEZE_ALL_DIHEDRALS           =           False
	UNFREEZE_DIHEDRALS             =                
	RANGED_DISTANCE                =                
	RANGED_BEND                    =                
	RANGED_DIHEDRAL                =                
	RANGED_OOFP                    =                
	RANGED_CARTESIAN               =                
	EXT_FORCE_DISTANCE             =                
	EXT_FORCE_BEND                 =                
	EXT_FORCE_DIHEDRAL             =                
	EXT_FORCE_OOFP                 =                
	EXT_FORCE_CARTESIAN            =                
	G_CONVERGENCE                  =           QCHEM
	MAX_FORCE_G_CONVERGENCE        =          0.0003
	RMS_FORCE_G_CONVERGENCE        =          0.0003
	MAX_ENERGY_G_CONVERGENCE       =           1e-06
	MAX_DISP_G_CONVERGENCE         =          0.0012
	RMS_DISP_G_CONVERGENCE         =          0.0012
	FLEXIBLE_G_CONVERGENCE         =           False
	HESS_UPDATE                    =            BFGS
	HESS_UPDATE_USE_LAST           =               4
	HESS_UPDATE_LIMIT              =            True
	HESS_UPDATE_LIMIT_MAX          =             1.0
	HESS_UPDATE_LIMIT_SCALE        =             0.5
	HESS_UPDATE_DEN_TOL            =           1e-07
	HESS_UPDATE_DQ_TOL             =             0.5
	CART_HESS_READ                 =           False
	HESSIAN_FILE                   =               .
	FULL_HESS_EVERY                =              -1
	INTRAFRAG_HESS                 =        SCHLEGEL
	H_GUESS_EVERY                  =           False
	BT_MAX_ITER                    =              25
	BT_DX_CONV                     =           1e-07
	BT_DX_RMS_CHANGE_CONV          =           1e-12
	BT_PINV_RCOND                  =           1e-06
	FRAG_MODE                      =          SINGLE
	FRAG_REF_ATOMS                 =              []
	FREEZE_INTRAFRAG               =           False
	INTERFRAG_MODE                 =           FIXED
	ADD_AUXILIARY_BONDS            =           False
	AUXILIARY_BOND_FACTOR          =             2.5
	INTERFRAG_DIST_INV             =           False
	INTERFRAG_COLLINEAR_TOL        =            0.01
	INTERFRAG_COORDS               =              []
	INTERFRAG_HESS                 =         DEFAULT
	COVALENT_CONNECT               =             1.3
	INTERFRAGMENT_CONNECT          =             1.8
	H_BOND_CONNECT                 =             4.3
	INCLUDE_OOFP                   =           False
	TEST_B                         =           False
	TEST_DERIVATIVE_B              =           False
	LINESEARCH_STEP                =             0.1
	LINESEARCH                     =           False
	SD_HESSIAN                     =             1.0
	FIX_VAL_NEAR_PI                =            1.57
	V3D_TORS_ANGLE_LIM             =           0.017
	V3D_TORS_COS_TOL               =           1e-10
	LINEAR_BEND_THRESHOLD          =            3.05
	SMALL_BEND_FIX_THRESHOLD       =            0.35
	REDUNDANT_EVAL_TOL             =           1e-10
	LINEAR_ALGEBRA_TOL             =           1e-10


2025-12-23:10:49:07,371 INFO     [psi4.optking.opt_helper:164] Molsys:

	                            ===> Fragment 1 <== 

	 Z (Atomic Numbers)          Masses                          Geom                  
	       5.000000            11.009305          0.00000000  0.00000000  1.43570225   
	       9.000000            18.998403          0.00000000  0.00000000 -0.83196910   

	 - Coordinate -           - BOHR/RAD -       - ANG/DEG -
	 R(1,2)           =         2.267671           1.200000

2025-12-23:10:49:07,381 INFO     [psi4.driver.task_planner:259] PLANNING Atomic:  keywords={'DAMPING_PERCENTAGE': 1.0, 'GEOM_MAXITER': 500, 'GUESS': 'SAP', 'MAXITER': 500, 'REFERENCE': 'UKS', 'function_kwargs': {}}
2025-12-23:10:49:07,382 INFO     [psi4.driver.driver:638] Compute gradient(): method=b3lyp, basis=cc-pvdz, molecule=default, nre=19.844145400125004
2025-12-23:10:49:07,723 INFO     [psi4.driver.driver:641] Return gradient(): -124.65949901668533
2025-12-23:10:49:07,723 INFO     [psi4.driver.driver:642] [[ 0.00000000 -0.00000000 -0.09831670]
 [ 0.00000000  0.00000000  0.09834010]]
2025-12-23:10:49:07,724 INFO     [psi4.optking.molsys:944] Projected (PHP) Hessian matrix
	   1.048231

2025-12-23:10:49:07,724 INFO     [psi4.optking.opt_helper:182] 
	         Geometry (au)                                       Gradient (au)
   0.0000000000   0.0000000000   1.4357022472		   0.0000000000  -0.0000000000  -0.0983167048
   0.0000000000   0.0000000000  -0.8319691034		   0.0000000000   0.0000000000   0.0983401016

2025-12-23:10:49:07,725 INFO     [psi4.optking.stepAlgorithms:929] 	Using RFO solution 1.
2025-12-23:10:49:07,725 INFO     [psi4.optking.displace:100] 	Determining Cartesian step for fragment 1.
2025-12-23:10:49:07,725 INFO     [psi4.optking.displace:415] 	Successfully converged to displaced geometry.
2025-12-23:10:49:07,725 INFO     [psi4.optking.displace:416] 	RMS(dx):  0.000e+00 	Max(dx):  0.000e+00 	RMS(dq):  0.000e+00
2025-12-23:10:49:07,725 INFO     [psi4.optking.displace:172] 

	        --- Internal Coordinate Step in ANG or DEG, aJ/ANG or AJ/DEG ---
	-------------------------------------------------------------------------------
	           Coordinate      Previous         Force          Change          New 
	           ----------      --------        ------          ------        ------
	               R(1,2)       1.20000        0.81010        0.04921       1.24921
	-------------------------------------------------------------------------------

2025-12-23:10:49:07,725 INFO     [psi4.optking.stepAlgorithms:113] 	|target step| :    0.0929929755
2025-12-23:10:49:07,725 INFO     [psi4.optking.stepAlgorithms:114] 	gradient     :   -0.0983284032
2025-12-23:10:49:07,725 INFO     [psi4.optking.stepAlgorithms:115] 	hessian      :    1.0482306732
2025-12-23:10:49:07,725 INFO     [psi4.optking.stepAlgorithms:113] 	|target step| :    0.0929929755
2025-12-23:10:49:07,725 INFO     [psi4.optking.stepAlgorithms:114] 	gradient     :   -0.0983284032
2025-12-23:10:49:07,725 INFO     [psi4.optking.stepAlgorithms:115] 	hessian      :    1.0482306732
2025-12-23:10:49:07,725 INFO     [psi4.optking.stepAlgorithms:206] 	Norm of achieved step-size    0.0929929755
2025-12-23:10:49:07,725 INFO     [psi4.optking.stepAlgorithms:208] 	Norm of achieved step-size (cart):    0.0657559635
2025-12-23:10:49:07,726 INFO     [psi4.optking.opt_helper:164] Molsys:

	                            ===> Fragment 1 <== 

	 Z (Atomic Numbers)          Masses                          Geom                  
	       5.000000            11.009305          0.00000000  0.00000000  1.48219873   
	       9.000000            18.998403          0.00000000  0.00000000 -0.87846559   

	 - Coordinate -           - BOHR/RAD -       - ANG/DEG -
	 R(1,2)           =         2.360664           1.249210

2025-12-23:10:49:07,726 INFO     [psi4.optking.convcheck:76] Performing convergence check.
2025-12-23:10:49:07,726 INFO     [psi4.optking.convcheck:282] 
	                                 ==> Convergence Check <==                                  
    
	Measures of convergence in internal coordinates in au.
    
	Criteria marked as inactive (o), active & met (*), and active & unmet ( ).

	----------------------------------------------------------------------------------------------~
	   Step    Total Energy     Delta E     Max Force     RMS Force      Max Disp      RMS Disp   ~
	----------------------------------------------------------------------------------------------~
	  Convergence Criteria     1.00e-06 *    3.00e-04 *             o    1.20e-03 *             o~
	----------------------------------------------------------------------------------------------~
	     1    -124.65949902   -1.25e+02      9.83e-02      9.83e-02 o    9.30e-02      9.30e-02 o  ~
	----------------------------------------------------------------------------------------------


2025-12-23:10:49:07,726 INFO     [psi4.optking.stepAlgorithms:296] 	Convergence check returned False
2025-12-23:10:49:07,737 INFO     [psi4.driver.task_planner:259] PLANNING Atomic:  keywords={'DAMPING_PERCENTAGE': 1.0, 'GEOM_MAXITER': 500, 'SCF__GUESS': 'READ', 'GUESS': 'SAP', 'MAXITER': 500, 'REFERENCE': 'UKS', 'function_kwargs': {}}
2025-12-23:10:49:07,739 INFO     [psi4.driver.driver:638] Compute gradient(): method=b3lyp, basis=cc-pvdz, molecule=default, nre=19.06243064897008
2025-12-23:10:49:08,69 INFO     [psi4.driver.driver:641] Return gradient(): -124.6654588934634
2025-12-23:10:49:08,69 INFO     [psi4.driver.driver:642] [[ 0.00000000  0.00000000 -0.03333122]
 [ 0.00000000 -0.00000000  0.03336385]]
2025-12-23:10:49:08,70 INFO     [psi4.optking.history:269] 	Performing BFGS update.
2025-12-23:10:49:08,70 INFO     [psi4.optking.history:280] 	Using 1 previous steps for update.
2025-12-23:10:49:08,71 INFO     [psi4.optking.history:317] 	Steps to be used in Hessian update:  1

2025-12-23:10:49:08,71 INFO     [psi4.optking.history:418] 	Updated Hessian (in au) 
 	   0.698772

2025-12-23:10:49:08,71 INFO     [psi4.optking.molsys:944] Projected (PHP) Hessian matrix
	   0.698772

2025-12-23:10:49:08,71 INFO     [psi4.optking.opt_helper:182] 
	         Geometry (au)                                       Gradient (au)
   0.0000000000   0.0000000000   1.4945777204		   0.0000000000   0.0000000000  -0.0333312188
   0.0000000000   0.0000000000  -0.8660866056		   0.0000000000  -0.0000000000   0.0333638498

2025-12-23:10:49:08,71 INFO     [psi4.optking.stepAlgorithms:368] 	Current Step Report 
 
	Current energy:      -124.6654588935
	Energy change for the previous step:
		Actual       :        -0.0059598768
		Projected    :        -0.0045719254

2025-12-23:10:49:08,71 INFO     [psi4.optking.stepAlgorithms:371] 	Energy ratio =    1.30358
2025-12-23:10:49:08,71 INFO     [psi4.optking.stepAlgorithms:399] 	Energy ratio indicates good step.
2025-12-23:10:49:08,71 INFO     [psi4.optking.stepAlgorithms:400] 	Intrafrag trust radius increased to      1.
2025-12-23:10:49:08,71 INFO     [psi4.optking.stepAlgorithms:929] 	Using RFO solution 1.
2025-12-23:10:49:08,71 INFO     [psi4.optking.displace:100] 	Determining Cartesian step for fragment 1.
2025-12-23:10:49:08,72 INFO     [psi4.optking.displace:415] 	Successfully converged to displaced geometry.
2025-12-23:10:49:08,72 INFO     [psi4.optking.displace:416] 	RMS(dx):  1.282e-16 	Max(dx):  2.220e-16 	RMS(dq):  4.441e-16
2025-12-23:10:49:08,72 INFO     [psi4.optking.displace:172] 

	        --- Internal Coordinate Step in ANG or DEG, aJ/ANG or AJ/DEG ---
	-------------------------------------------------------------------------------
	           Coordinate      Previous         Force          Change          New 
	           ----------      --------        ------          ------        ------
	               R(1,2)       1.24921        0.27474        0.02520       1.27441
	-------------------------------------------------------------------------------

2025-12-23:10:49:08,72 INFO     [psi4.optking.stepAlgorithms:113] 	|target step| :    0.0476148717
2025-12-23:10:49:08,72 INFO     [psi4.optking.stepAlgorithms:114] 	gradient     :   -0.0333475343
2025-12-23:10:49:08,72 INFO     [psi4.optking.stepAlgorithms:115] 	hessian      :    0.6987717999
2025-12-23:10:49:08,72 INFO     [psi4.optking.stepAlgorithms:113] 	|target step| :    0.0476148717
2025-12-23:10:49:08,72 INFO     [psi4.optking.stepAlgorithms:114] 	gradient     :   -0.0333475343
2025-12-23:10:49:08,72 INFO     [psi4.optking.stepAlgorithms:115] 	hessian      :    0.6987717999
2025-12-23:10:49:08,72 INFO     [psi4.optking.stepAlgorithms:206] 	Norm of achieved step-size    0.0476148717
2025-12-23:10:49:08,72 INFO     [psi4.optking.stepAlgorithms:208] 	Norm of achieved step-size (cart):    0.0336687987
2025-12-23:10:49:08,72 INFO     [psi4.optking.opt_helper:164] Molsys:

	                            ===> Fragment 1 <== 

	 Z (Atomic Numbers)          Masses                          Geom                  
	       5.000000            11.009305          0.00000000  0.00000000  1.51838516   
	       9.000000            18.998403          0.00000000  0.00000000 -0.88989404   

	 - Coordinate -           - BOHR/RAD -       - ANG/DEG -
	 R(1,2)           =         2.408279           1.274406

2025-12-23:10:49:08,72 INFO     [psi4.optking.convcheck:76] Performing convergence check.
2025-12-23:10:49:08,72 INFO     [psi4.optking.convcheck:282] 
	                                 ==> Convergence Check <==                                  
    
	Measures of convergence in internal coordinates in au.
    
	Criteria marked as inactive (o), active & met (*), and active & unmet ( ).

	----------------------------------------------------------------------------------------------
	   Step    Total Energy     Delta E     Max Force     RMS Force      Max Disp      RMS Disp   
	----------------------------------------------------------------------------------------------
	  Convergence Criteria     1.00e-06 *    3.00e-04 *             o    1.20e-03 *             o
	----------------------------------------------------------------------------------------------
	     2    -124.66545889   -5.96e-03      3.33e-02      3.33e-02 o    4.76e-02      4.76e-02 o  ~
	----------------------------------------------------------------------------------------------


2025-12-23:10:49:08,72 INFO     [psi4.optking.stepAlgorithms:296] 	Convergence check returned False
2025-12-23:10:49:08,83 INFO     [psi4.driver.task_planner:259] PLANNING Atomic:  keywords={'DAMPING_PERCENTAGE': 1.0, 'GEOM_MAXITER': 500, 'SCF__GUESS': 'READ', 'GUESS': 'SAP', 'MAXITER': 500, 'REFERENCE': 'UKS', 'function_kwargs': {}}
2025-12-23:10:49:08,84 INFO     [psi4.driver.driver:638] Compute gradient(): method=b3lyp, basis=cc-pvdz, molecule=default, nre=18.685541129542134
2025-12-23:10:49:08,383 INFO     [psi4.driver.driver:641] Return gradient(): -124.66641122884586
2025-12-23:10:49:08,383 INFO     [psi4.driver.driver:642] [[ 0.00000000 -0.00000000 -0.00736385]
 [-0.00000000 -0.00000000  0.00738829]]
2025-12-23:10:49:08,385 INFO     [psi4.optking.history:269] 	Performing BFGS update.
2025-12-23:10:49:08,385 INFO     [psi4.optking.history:280] 	Using 2 previous steps for update.
2025-12-23:10:49:08,385 INFO     [psi4.optking.history:317] 	Steps to be used in Hessian update:  2 1

2025-12-23:10:49:08,385 INFO     [psi4.optking.history:418] 	Updated Hessian (in au) 
 	   0.646851

2025-12-23:10:49:08,385 INFO     [psi4.optking.molsys:944] Projected (PHP) Hessian matrix
	   0.646851

2025-12-23:10:49:08,385 INFO     [psi4.optking.opt_helper:182] 
	         Geometry (au)                                       Gradient (au)
   0.0000000000   0.0000000000   1.5247235253		   0.0000000000  -0.0000000000  -0.0073638504
   0.0000000000   0.0000000000  -0.8835556724		  -0.0000000000  -0.0000000000   0.0073882850

2025-12-23:10:49:08,385 INFO     [psi4.optking.stepAlgorithms:368] 	Current Step Report 
 
	Current energy:      -124.6664112288
	Energy change for the previous step:
		Actual       :        -0.0009523354
		Projected    :        -0.0007939193

2025-12-23:10:49:08,385 INFO     [psi4.optking.stepAlgorithms:371] 	Energy ratio =    1.19954
2025-12-23:10:49:08,385 INFO     [psi4.optking.stepAlgorithms:929] 	Using RFO solution 1.
2025-12-23:10:49:08,385 INFO     [psi4.optking.displace:100] 	Determining Cartesian step for fragment 1.
2025-12-23:10:49:08,386 INFO     [psi4.optking.displace:415] 	Successfully converged to displaced geometry.
2025-12-23:10:49:08,386 INFO     [psi4.optking.displace:416] 	RMS(dx):  0.000e+00 	Max(dx):  0.000e+00 	RMS(dq):  0.000e+00
2025-12-23:10:49:08,386 INFO     [psi4.optking.displace:172] 

	        --- Internal Coordinate Step in ANG or DEG, aJ/ANG or AJ/DEG ---
	-------------------------------------------------------------------------------
	           Coordinate      Previous         Force          Change          New 
	           ----------      --------        ------          ------        ------
	               R(1,2)       1.27441        0.06077        0.00603       1.28044
	-------------------------------------------------------------------------------

2025-12-23:10:49:08,386 INFO     [psi4.optking.stepAlgorithms:113] 	|target step| :    0.0114015563
2025-12-23:10:49:08,386 INFO     [psi4.optking.stepAlgorithms:114] 	gradient     :   -0.0073760677
2025-12-23:10:49:08,386 INFO     [psi4.optking.stepAlgorithms:115] 	hessian      :    0.6468510635
2025-12-23:10:49:08,386 INFO     [psi4.optking.stepAlgorithms:113] 	|target step| :    0.0114015563
2025-12-23:10:49:08,386 INFO     [psi4.optking.stepAlgorithms:114] 	gradient     :   -0.0073760677
2025-12-23:10:49:08,386 INFO     [psi4.optking.stepAlgorithms:115] 	hessian      :    0.6468510635
2025-12-23:10:49:08,386 INFO     [psi4.optking.stepAlgorithms:206] 	Norm of achieved step-size    0.0114015563
2025-12-23:10:49:08,386 INFO     [psi4.optking.stepAlgorithms:208] 	Norm of achieved step-size (cart):    0.0080621178
2025-12-23:10:49:08,386 INFO     [psi4.optking.opt_helper:164] Molsys:

	                            ===> Fragment 1 <== 

	 Z (Atomic Numbers)          Masses                          Geom                  
	       5.000000            11.009305          0.00000000  0.00000000  1.53042430   
	       9.000000            18.998403          0.00000000  0.00000000 -0.88925645   

	 - Coordinate -           - BOHR/RAD -       - ANG/DEG -
	 R(1,2)           =         2.419681           1.280440

2025-12-23:10:49:08,386 INFO     [psi4.optking.convcheck:76] Performing convergence check.
2025-12-23:10:49:08,386 INFO     [psi4.optking.convcheck:282] 
	                                 ==> Convergence Check <==                                  
    
	Measures of convergence in internal coordinates in au.
    
	Criteria marked as inactive (o), active & met (*), and active & unmet ( ).

	----------------------------------------------------------------------------------------------
	   Step    Total Energy     Delta E     Max Force     RMS Force      Max Disp      RMS Disp   
	----------------------------------------------------------------------------------------------
	  Convergence Criteria     1.00e-06 *    3.00e-04 *             o    1.20e-03 *             o
	----------------------------------------------------------------------------------------------
	     3    -124.66641123   -9.52e-04      7.38e-03      7.38e-03 o    1.14e-02      1.14e-02 o  ~
	----------------------------------------------------------------------------------------------


2025-12-23:10:49:08,386 INFO     [psi4.optking.stepAlgorithms:296] 	Convergence check returned False
2025-12-23:10:49:08,397 INFO     [psi4.driver.task_planner:259] PLANNING Atomic:  keywords={'DAMPING_PERCENTAGE': 1.0, 'GEOM_MAXITER': 500, 'SCF__GUESS': 'READ', 'GUESS': 'SAP', 'MAXITER': 500, 'REFERENCE': 'UKS', 'function_kwargs': {}}
2025-12-23:10:49:08,398 INFO     [psi4.driver.driver:638] Compute gradient(): method=b3lyp, basis=cc-pvdz, molecule=default, nre=18.59749470042599
2025-12-23:10:49:08,720 INFO     [psi4.driver.driver:641] Return gradient(): -124.66646320203701
2025-12-23:10:49:08,720 INFO     [psi4.driver.driver:642] [[ 0.00000000  0.00000000 -0.00176374]
 [-0.00000000  0.00000000  0.00178593]]
2025-12-23:10:49:08,722 INFO     [psi4.optking.history:269] 	Performing BFGS update.
2025-12-23:10:49:08,722 INFO     [psi4.optking.history:280] 	Using 3 previous steps for update.
2025-12-23:10:49:08,722 INFO     [psi4.optking.history:317] 	Steps to be used in Hessian update:  3 2 1

2025-12-23:10:49:08,722 INFO     [psi4.optking.history:418] 	Updated Hessian (in au) 
 	   0.635182

2025-12-23:10:49:08,722 INFO     [psi4.optking.molsys:944] Projected (PHP) Hessian matrix
	   0.635182

2025-12-23:10:49:08,722 INFO     [psi4.optking.opt_helper:182] 
	         Geometry (au)                                       Gradient (au)
   0.0000000000   0.0000000000   1.5319420493		   0.0000000000   0.0000000000  -0.0017637417
   0.0000000000   0.0000000000  -0.8877387047		  -0.0000000000   0.0000000000   0.0017859341

2025-12-23:10:49:08,722 INFO     [psi4.optking.stepAlgorithms:368] 	Current Step Report 
 
	Current energy:      -124.6664632020
	Energy change for the previous step:
		Actual       :        -0.0000519732
		Projected    :        -0.0000420493

2025-12-23:10:49:08,722 INFO     [psi4.optking.stepAlgorithms:371] 	Energy ratio =    1.23601
2025-12-23:10:49:08,722 INFO     [psi4.optking.stepAlgorithms:929] 	Using RFO solution 1.
2025-12-23:10:49:08,722 INFO     [psi4.optking.displace:100] 	Determining Cartesian step for fragment 1.
2025-12-23:10:49:08,723 INFO     [psi4.optking.displace:415] 	Successfully converged to displaced geometry.
2025-12-23:10:49:08,723 INFO     [psi4.optking.displace:416] 	RMS(dx):  0.000e+00 	Max(dx):  0.000e+00 	RMS(dq):  0.000e+00
2025-12-23:10:49:08,723 INFO     [psi4.optking.displace:172] 

	        --- Internal Coordinate Step in ANG or DEG, aJ/ANG or AJ/DEG ---
	-------------------------------------------------------------------------------
	           Coordinate      Previous         Force          Change          New 
	           ----------      --------        ------          ------        ------
	               R(1,2)       1.28044        0.01462        0.00148       1.28192
	-------------------------------------------------------------------------------

2025-12-23:10:49:08,723 INFO     [psi4.optking.stepAlgorithms:113] 	|target step| :    0.0027941997
2025-12-23:10:49:08,723 INFO     [psi4.optking.stepAlgorithms:114] 	gradient     :   -0.0017748379
2025-12-23:10:49:08,723 INFO     [psi4.optking.stepAlgorithms:115] 	hessian      :    0.6351815284
2025-12-23:10:49:08,723 INFO     [psi4.optking.stepAlgorithms:113] 	|target step| :    0.0027941997
2025-12-23:10:49:08,723 INFO     [psi4.optking.stepAlgorithms:114] 	gradient     :   -0.0017748379
2025-12-23:10:49:08,723 INFO     [psi4.optking.stepAlgorithms:115] 	hessian      :    0.6351815284
2025-12-23:10:49:08,723 INFO     [psi4.optking.stepAlgorithms:206] 	Norm of achieved step-size    0.0027941997
2025-12-23:10:49:08,723 INFO     [psi4.optking.stepAlgorithms:208] 	Norm of achieved step-size (cart):    0.0019757976
2025-12-23:10:49:08,723 INFO     [psi4.optking.opt_helper:164] Molsys:

	                            ===> Fragment 1 <== 

	 Z (Atomic Numbers)          Masses                          Geom                  
	       5.000000            11.009305          0.00000000  0.00000000  1.53333915   
	       9.000000            18.998403          0.00000000  0.00000000 -0.88913580   

	 - Coordinate -           - BOHR/RAD -       - ANG/DEG -
	 R(1,2)           =         2.422475           1.281919

2025-12-23:10:49:08,723 INFO     [psi4.optking.convcheck:76] Performing convergence check.
2025-12-23:10:49:08,723 INFO     [psi4.optking.convcheck:282] 
	                                 ==> Convergence Check <==                                  
    
	Measures of convergence in internal coordinates in au.
    
	Criteria marked as inactive (o), active & met (*), and active & unmet ( ).

	----------------------------------------------------------------------------------------------
	   Step    Total Energy     Delta E     Max Force     RMS Force      Max Disp      RMS Disp   
	----------------------------------------------------------------------------------------------
	  Convergence Criteria     1.00e-06 *    3.00e-04 *             o    1.20e-03 *             o
	----------------------------------------------------------------------------------------------
	     4    -124.66646320   -5.20e-05      1.77e-03      1.77e-03 o    2.79e-03      2.79e-03 o  ~
	----------------------------------------------------------------------------------------------


2025-12-23:10:49:08,723 INFO     [psi4.optking.stepAlgorithms:296] 	Convergence check returned False
2025-12-23:10:49:08,734 INFO     [psi4.driver.task_planner:259] PLANNING Atomic:  keywords={'DAMPING_PERCENTAGE': 1.0, 'GEOM_MAXITER': 500, 'SCF__GUESS': 'READ', 'GUESS': 'SAP', 'MAXITER': 500, 'REFERENCE': 'UKS', 'function_kwargs': {}}
2025-12-23:10:49:08,735 INFO     [psi4.driver.driver:638] Compute gradient(): method=b3lyp, basis=cc-pvdz, molecule=default, nre=18.576043450781942
2025-12-23:10:49:09,47 INFO     [psi4.driver.driver:641] Return gradient(): -124.66646629072024
2025-12-23:10:49:09,47 INFO     [psi4.driver.driver:642] [[ 0.00000000  0.00000000 -0.00042529]
 [ 0.00000000  0.00000000  0.00044703]]
2025-12-23:10:49:09,49 INFO     [psi4.optking.history:269] 	Performing BFGS update.
2025-12-23:10:49:09,49 INFO     [psi4.optking.history:280] 	Using 4 previous steps for update.
2025-12-23:10:49:09,49 INFO     [psi4.optking.history:317] 	Steps to be used in Hessian update:  4 3 2 1

2025-12-23:10:49:09,49 INFO     [psi4.optking.history:418] 	Updated Hessian (in au) 
 	   0.632364

2025-12-23:10:49:09,49 INFO     [psi4.optking.molsys:944] Projected (PHP) Hessian matrix
	   0.632364

2025-12-23:10:49:09,49 INFO     [psi4.optking.opt_helper:182] 
	         Geometry (au)                                       Gradient (au)
   0.0000000000   0.0000000000   1.5337111059		   0.0000000000   0.0000000000  -0.0004252889
   0.0000000000   0.0000000000  -0.8887638479		   0.0000000000   0.0000000000   0.0004470347

2025-12-23:10:49:09,49 INFO     [psi4.optking.stepAlgorithms:368] 	Current Step Report 
 
	Current energy:      -124.6664662907
	Energy change for the previous step:
		Actual       :        -0.0000030887
		Projected    :        -0.0000024796

2025-12-23:10:49:09,49 INFO     [psi4.optking.stepAlgorithms:371] 	Energy ratio =    1.24562
2025-12-23:10:49:09,49 INFO     [psi4.optking.stepAlgorithms:929] 	Using RFO solution 1.
2025-12-23:10:49:09,49 INFO     [psi4.optking.displace:100] 	Determining Cartesian step for fragment 1.
2025-12-23:10:49:09,50 INFO     [psi4.optking.displace:415] 	Successfully converged to displaced geometry.
2025-12-23:10:49:09,50 INFO     [psi4.optking.displace:416] 	RMS(dx):  1.282e-16 	Max(dx):  2.220e-16 	RMS(dq):  0.000e+00
2025-12-23:10:49:09,50 INFO     [psi4.optking.displace:172] 

	        --- Internal Coordinate Step in ANG or DEG, aJ/ANG or AJ/DEG ---
	-------------------------------------------------------------------------------
	           Coordinate      Previous         Force          Change          New 
	           ----------      --------        ------          ------        ------
	               R(1,2)       1.28192        0.00359        0.00036       1.28228
	-------------------------------------------------------------------------------

2025-12-23:10:49:09,50 INFO     [psi4.optking.stepAlgorithms:113] 	|target step| :    0.0006897317
2025-12-23:10:49:09,50 INFO     [psi4.optking.stepAlgorithms:114] 	gradient     :   -0.0004361618
2025-12-23:10:49:09,50 INFO     [psi4.optking.stepAlgorithms:115] 	hessian      :    0.6323641010
2025-12-23:10:49:09,50 INFO     [psi4.optking.stepAlgorithms:113] 	|target step| :    0.0006897317
2025-12-23:10:49:09,50 INFO     [psi4.optking.stepAlgorithms:114] 	gradient     :   -0.0004361618
2025-12-23:10:49:09,50 INFO     [psi4.optking.stepAlgorithms:115] 	hessian      :    0.6323641010
2025-12-23:10:49:09,50 INFO     [psi4.optking.stepAlgorithms:206] 	Norm of achieved step-size    0.0006897317
2025-12-23:10:49:09,50 INFO     [psi4.optking.stepAlgorithms:208] 	Norm of achieved step-size (cart):    0.0004877140
2025-12-23:10:49:09,50 INFO     [psi4.optking.opt_helper:164] Molsys:

	                            ===> Fragment 1 <== 

	 Z (Atomic Numbers)          Masses                          Geom                  
	       5.000000            11.009305          0.00000000  0.00000000  1.53405597   
	       9.000000            18.998403          0.00000000  0.00000000 -0.88910871   

	 - Coordinate -           - BOHR/RAD -       - ANG/DEG -
	 R(1,2)           =         2.423165           1.282284

2025-12-23:10:49:09,50 INFO     [psi4.optking.convcheck:76] Performing convergence check.
2025-12-23:10:49:09,50 INFO     [psi4.optking.convcheck:282] 
	                                 ==> Convergence Check <==                                  
    
	Measures of convergence in internal coordinates in au.
    
	Criteria marked as inactive (o), active & met (*), and active & unmet ( ).

	----------------------------------------------------------------------------------------------
	   Step    Total Energy     Delta E     Max Force     RMS Force      Max Disp      RMS Disp   
	----------------------------------------------------------------------------------------------
	  Convergence Criteria     1.00e-06 *    3.00e-04 *             o    1.20e-03 *             o
	----------------------------------------------------------------------------------------------
	     5    -124.66646629   -3.09e-06      4.36e-04      4.36e-04 o    6.90e-04 *    6.90e-04 o  ~
	----------------------------------------------------------------------------------------------


2025-12-23:10:49:09,50 INFO     [psi4.optking.stepAlgorithms:296] 	Convergence check returned False
2025-12-23:10:49:09,61 INFO     [psi4.driver.task_planner:259] PLANNING Atomic:  keywords={'DAMPING_PERCENTAGE': 1.0, 'GEOM_MAXITER': 500, 'SCF__GUESS': 'READ', 'GUESS': 'SAP', 'MAXITER': 500, 'REFERENCE': 'UKS', 'function_kwargs': {}}
2025-12-23:10:49:09,63 INFO     [psi4.driver.driver:638] Compute gradient(): method=b3lyp, basis=cc-pvdz, molecule=default, nre=18.570755949711597
2025-12-23:10:49:09,331 INFO     [psi4.driver.driver:641] Return gradient(): -124.66646647820879
2025-12-23:10:49:09,331 INFO     [psi4.driver.driver:642] [[ 0.00000000  0.00000000 -0.00009692]
 [-0.00000000  0.00000000  0.00011857]]
2025-12-23:10:49:09,333 INFO     [psi4.optking.history:269] 	Performing BFGS update.
2025-12-23:10:49:09,333 INFO     [psi4.optking.history:280] 	Using 4 previous steps for update.
2025-12-23:10:49:09,333 INFO     [psi4.optking.history:317] 	Steps to be used in Hessian update:  5 4 3 2

2025-12-23:10:49:09,333 INFO     [psi4.optking.history:418] 	Updated Hessian (in au) 
 	   0.531834

2025-12-23:10:49:09,333 INFO     [psi4.optking.molsys:944] Projected (PHP) Hessian matrix
	   0.531834

2025-12-23:10:49:09,333 INFO     [psi4.optking.opt_helper:182] 
	         Geometry (au)                                       Gradient (au)
   0.0000000000   0.0000000000   1.5341477870		   0.0000000000   0.0000000000  -0.0000969242
   0.0000000000   0.0000000000  -0.8890168984		  -0.0000000000   0.0000000000   0.0001185676

2025-12-23:10:49:09,333 INFO     [psi4.optking.stepAlgorithms:368] 	Current Step Report 
 
	Current energy:      -124.6664664782
	Energy change for the previous step:
		Actual       :        -0.0000001875
		Projected    :        -0.0000001504

2025-12-23:10:49:09,333 INFO     [psi4.optking.stepAlgorithms:371] 	Energy ratio =    1.24646
2025-12-23:10:49:09,333 INFO     [psi4.optking.stepAlgorithms:929] 	Using RFO solution 1.
2025-12-23:10:49:09,333 INFO     [psi4.optking.displace:100] 	Determining Cartesian step for fragment 1.
2025-12-23:10:49:09,334 INFO     [psi4.optking.displace:415] 	Successfully converged to displaced geometry.
2025-12-23:10:49:09,334 INFO     [psi4.optking.displace:416] 	RMS(dx):  1.282e-16 	Max(dx):  2.220e-16 	RMS(dq):  4.441e-16
2025-12-23:10:49:09,334 INFO     [psi4.optking.displace:172] 

	        --- Internal Coordinate Step in ANG or DEG, aJ/ANG or AJ/DEG ---
	-------------------------------------------------------------------------------
	           Coordinate      Previous         Force          Change          New 
	           ----------      --------        ------          ------        ------
	               R(1,2)       1.28228        0.00089        0.00011       1.28239
	-------------------------------------------------------------------------------

2025-12-23:10:49:09,334 INFO     [psi4.optking.stepAlgorithms:113] 	|target step| :    0.0002025933
2025-12-23:10:49:09,334 INFO     [psi4.optking.stepAlgorithms:114] 	gradient     :   -0.0001077459
2025-12-23:10:49:09,334 INFO     [psi4.optking.stepAlgorithms:115] 	hessian      :    0.5318335554
2025-12-23:10:49:09,334 INFO     [psi4.optking.stepAlgorithms:113] 	|target step| :    0.0002025933
2025-12-23:10:49:09,334 INFO     [psi4.optking.stepAlgorithms:114] 	gradient     :   -0.0001077459
2025-12-23:10:49:09,334 INFO     [psi4.optking.stepAlgorithms:115] 	hessian      :    0.5318335554
2025-12-23:10:49:09,334 INFO     [psi4.optking.stepAlgorithms:206] 	Norm of achieved step-size    0.0002025933
2025-12-23:10:49:09,334 INFO     [psi4.optking.stepAlgorithms:208] 	Norm of achieved step-size (cart):    0.0001432551
2025-12-23:10:49:09,334 INFO     [psi4.optking.opt_helper:164] Molsys:

	                            ===> Fragment 1 <== 

	 Z (Atomic Numbers)          Masses                          Geom                  
	       5.000000            11.009305          0.00000000  0.00000000  1.53424908   
	       9.000000            18.998403          0.00000000  0.00000000 -0.88911820   

	 - Coordinate -           - BOHR/RAD -       - ANG/DEG -
	 R(1,2)           =         2.423367           1.282391

2025-12-23:10:49:09,334 INFO     [psi4.optking.convcheck:76] Performing convergence check.
2025-12-23:10:49:09,334 INFO     [psi4.optking.convcheck:282] 
	                                 ==> Convergence Check <==                                  
    
	Measures of convergence in internal coordinates in au.
    
	Criteria marked as inactive (o), active & met (*), and active & unmet ( ).

	----------------------------------------------------------------------------------------------
	   Step    Total Energy     Delta E     Max Force     RMS Force      Max Disp      RMS Disp   
	----------------------------------------------------------------------------------------------
	  Convergence Criteria     1.00e-06 *    3.00e-04 *             o    1.20e-03 *             o
	----------------------------------------------------------------------------------------------
	     6    -124.66646648   -1.87e-07 *    1.08e-04 *    1.08e-04 o    2.03e-04 *    2.03e-04 o  ~
	----------------------------------------------------------------------------------------------


2025-12-23:10:49:09,334 INFO     [psi4.optking.convcheck:206] 
	                      ===> Final Convergence Report <===                     

	----------------------------------------------------------------------------
	|   Required Criteria    |  One or More Criteria  |   Alternate Criteria   |
	----------------------------------------------------------------------------
	| [x]     max_force      | [x]       max_DE       |                        |
	|                        | [x]      max_disp      |                        |
	----------------------------------------------------------------------------


2025-12-23:10:49:09,334 INFO     [psi4.optking.stepAlgorithms:296] 	Convergence check returned True
2025-12-23:10:49:09,334 INFO     [psi4.optking.optimize:332] 	Converged in 6 steps!
2025-12-23:10:49:09,334 INFO     [psi4.optking.optimize:333] 	Final energy is   -124.6664664782088
2025-12-23:10:49:09,334 INFO     [psi4.optking.optimize:334] 	Final structure (Angstroms): 
	Fragment 1 (Ang)

	    B   0.0000000000   0.0000000000   0.8118896506
	    F   0.0000000000   0.0000000000  -0.4705010864


2025-12-23:10:49:09,335 INFO     [psi4.optking.optimize:562] 	Optimization Finished

	==> Optimization Summary <==

        
	Measures of convergence in internal coordinates in au. (Any backward steps not shown.)
        
	---------------------------------------------------------------------------------------------------------------  ~
        
	 Step         Total Energy             Delta E       MAX Force       RMS Force        MAX Disp        RMS Disp   ~
        
	---------------------------------------------------------------------------------------------------------------  ~
        
	     1    -124.659499016685   -124.659499016685      0.09832840      0.09832840      0.09299298      0.09299298  ~
	     2    -124.665458893463     -0.005959876778      0.03334753      0.03334753      0.04761487      0.04761487  ~
	     3    -124.666411228846     -0.000952335382      0.00737607      0.00737607      0.01140156      0.01140156  ~
	     4    -124.666463202037     -0.000051973191      0.00177484      0.00177484      0.00279420      0.00279420  ~
	     5    -124.666466290720     -0.000003088683      0.00043616      0.00043616      0.00068973      0.00068973  ~
	     6    -124.666466478209     -0.000000187489      0.00010775      0.00010775      0.00020259      0.00020259  ~
	----------------------------------------------------------------------------------------------------------------


2025-12-23:10:49:09,335 INFO     [psi4.optking.optimize:806] Preparing OptimizationResult
