2025-12-23:10:29:16,584 WARNING  [psi4.optking:38] Some dependencies such as QCElemental have not yet finished migration to pydantic v2. If issues are encountered please downgrade pydantic or upgrade QCElemental as appropriate
2025-12-23:10:29:16,746 INFO     [psi4.optking.optwrapper:234] Creating a UserComputer
2025-12-23:10:29:16,746 INFO     [psi4.optking.optwrapper:242] 
    			-----------------------------------------

    			 OPTKING 3.0: for geometry optimizations 

    			     By R.A. King, Bethel University     

    			        with contributions from          

    			    A.V. Copan, J. Cayton, A. Heide      

    			-----------------------------------------

    
2025-12-23:10:29:16,746 INFO     [psi4.optking.optwrapper:272] 
		 -- Optimization Parameters --
	GEOM_MAXITER                   =             500
	ALG_GEOM_MAXITER               =              50
	PRINT                          =               1
	OPT_TYPE                       =             MIN
	STEP_TYPE                      =             RFO
	PROGRAM                        =            PSI4
	STEEPEST_DESCENT_TYPE          =         OVERLAP
	CONJUGATE_GRADIENT_TYPE        =        FLETCHER
	OPT_COORDINATES                =        INTERNAL
	RFO_FOLLOW_ROOT                =           False
	RFO_ROOT                       =               0
	ACCEPT_SYMMETRY_BREAKING       =           False
	DYNAMIC_LVL                    =               0
	DYNAMIC_LVL_MAX                =               0
	IRC_STEP_SIZE                  =             0.2
	IRC_DIRECTION                  =         FORWARD
	IRC_POINTS                     =              20
	IRC_MODE                       =          NORMAL
	IRC_CONVERGENCE                =            -0.7
	INTRAFRAG_STEP_LIMIT           =             0.5
	INTRAFRAG_STEP_LIMIT_MIN       =           0.001
	INTRAFRAG_STEP_LIMIT_MAX       =             1.0
	INTERFRAG_STEP_LIMIT           =             0.5
	INTERFRAG_STEP_LIMIT_MIN       =           0.001
	INTERFRAG_STEP_LIMIT_MAX       =             1.0
	ENSURE_BT_CONVERGENCE          =           False
	SIMPLE_STEP_SCALING            =           False
	CONSECUTIVE_BACKSTEPS          =               0
	RFO_NORMALIZATION_MAX          =             100
	RSRFO_ALPHA_MAX                =     100000000.0
	PRINT_TRAJECTORY_XYZ_FILE      =           False
	WRITE_TRAJECTORY               =           False
	FROZEN_DISTANCE                =                
	FROZEN_BEND                    =                
	FROZEN_DIHEDRAL                =                
	FROZEN_OOFP                    =                
	FROZEN_CARTESIAN               =                
	FREEZE_ALL_DIHEDRALS           =           False
	UNFREEZE_DIHEDRALS             =                
	RANGED_DISTANCE                =                
	RANGED_BEND                    =                
	RANGED_DIHEDRAL                =                
	RANGED_OOFP                    =                
	RANGED_CARTESIAN               =                
	EXT_FORCE_DISTANCE             =                
	EXT_FORCE_BEND                 =                
	EXT_FORCE_DIHEDRAL             =                
	EXT_FORCE_OOFP                 =                
	EXT_FORCE_CARTESIAN            =                
	G_CONVERGENCE                  =           QCHEM
	MAX_FORCE_G_CONVERGENCE        =          0.0003
	RMS_FORCE_G_CONVERGENCE        =          0.0003
	MAX_ENERGY_G_CONVERGENCE       =           1e-06
	MAX_DISP_G_CONVERGENCE         =          0.0012
	RMS_DISP_G_CONVERGENCE         =          0.0012
	FLEXIBLE_G_CONVERGENCE         =           False
	HESS_UPDATE                    =            BFGS
	HESS_UPDATE_USE_LAST           =               4
	HESS_UPDATE_LIMIT              =            True
	HESS_UPDATE_LIMIT_MAX          =             1.0
	HESS_UPDATE_LIMIT_SCALE        =             0.5
	HESS_UPDATE_DEN_TOL            =           1e-07
	HESS_UPDATE_DQ_TOL             =             0.5
	CART_HESS_READ                 =           False
	HESSIAN_FILE                   =               .
	FULL_HESS_EVERY                =              -1
	INTRAFRAG_HESS                 =        SCHLEGEL
	H_GUESS_EVERY                  =           False
	BT_MAX_ITER                    =              25
	BT_DX_CONV                     =           1e-07
	BT_DX_RMS_CHANGE_CONV          =           1e-12
	BT_PINV_RCOND                  =           1e-06
	FRAG_MODE                      =          SINGLE
	FRAG_REF_ATOMS                 =              []
	FREEZE_INTRAFRAG               =           False
	INTERFRAG_MODE                 =           FIXED
	ADD_AUXILIARY_BONDS            =           False
	AUXILIARY_BOND_FACTOR          =             2.5
	INTERFRAG_DIST_INV             =           False
	INTERFRAG_COLLINEAR_TOL        =            0.01
	INTERFRAG_COORDS               =              []
	INTERFRAG_HESS                 =         DEFAULT
	COVALENT_CONNECT               =             1.3
	INTERFRAGMENT_CONNECT          =             1.8
	H_BOND_CONNECT                 =             4.3
	INCLUDE_OOFP                   =           False
	TEST_B                         =           False
	TEST_DERIVATIVE_B              =           False
	LINESEARCH_STEP                =             0.1
	LINESEARCH                     =           False
	SD_HESSIAN                     =             1.0
	FIX_VAL_NEAR_PI                =            1.57
	V3D_TORS_ANGLE_LIM             =           0.017
	V3D_TORS_COS_TOL               =           1e-10
	LINEAR_BEND_THRESHOLD          =            3.05
	SMALL_BEND_FIX_THRESHOLD       =            0.35
	REDUNDANT_EVAL_TOL             =           1e-10
	LINEAR_ALGEBRA_TOL             =           1e-10


2025-12-23:10:29:16,882 INFO     [psi4.optking.opt_helper:164] Molsys:

	                            ===> Fragment 1 <== 

	 Z (Atomic Numbers)          Masses                          Geom                  
	       1.000000             1.007825          0.00000000  0.00000000  2.17243614   
	      11.000000            22.989769          0.00000000  0.00000000 -0.09523521   

	 - Coordinate -           - BOHR/RAD -       - ANG/DEG -
	 R(1,2)           =         2.267671           1.200000

2025-12-23:10:29:16,893 INFO     [psi4.driver.task_planner:259] PLANNING Atomic:  keywords={'DAMPING_PERCENTAGE': 1.0, 'GEOM_MAXITER': 500, 'GUESS': 'SAP', 'MAXITER': 500, 'REFERENCE': 'UKS', 'function_kwargs': {}}
2025-12-23:10:29:16,894 INFO     [psi4.driver.driver:638] Compute gradient(): method=b3lyp, basis=cc-pvdz, molecule=default, nre=4.850791097808334
2025-12-23:10:29:17,534 INFO     [psi4.driver.driver:641] Return gradient(): -162.76550126476408
2025-12-23:10:29:17,534 INFO     [psi4.driver.driver:642] [[-0.00000000  0.00000000 -0.22549478]
 [ 0.00000000  0.00000000  0.22548656]]
2025-12-23:10:29:17,536 INFO     [psi4.optking.molsys:944] Projected (PHP) Hessian matrix
	   0.417309

2025-12-23:10:29:17,536 INFO     [psi4.optking.opt_helper:182] 
	         Geometry (au)                                       Gradient (au)
   0.0000000000   0.0000000000   2.1724361398		  -0.0000000000   0.0000000000  -0.2254947842
   0.0000000000   0.0000000000  -0.0952352107		   0.0000000000   0.0000000000   0.2254865607

2025-12-23:10:29:17,536 INFO     [psi4.optking.stepAlgorithms:929] 	Using RFO solution 1.
2025-12-23:10:29:17,536 INFO     [psi4.optking.displace:100] 	Determining Cartesian step for fragment 1.
2025-12-23:10:29:17,536 INFO     [psi4.optking.displace:415] 	Successfully converged to displaced geometry.
2025-12-23:10:29:17,536 INFO     [psi4.optking.displace:416] 	RMS(dx):  0.000e+00 	Max(dx):  0.000e+00 	RMS(dq):  0.000e+00
2025-12-23:10:29:17,536 INFO     [psi4.optking.displace:172] 

	        --- Internal Coordinate Step in ANG or DEG, aJ/ANG or AJ/DEG ---
	-------------------------------------------------------------------------------
	           Coordinate      Previous         Force          Change          New 
	           ----------      --------        ------          ------        ------
	               R(1,2)       1.20000        1.85776        0.23131       1.43131
	-------------------------------------------------------------------------------

2025-12-23:10:29:17,536 INFO     [psi4.optking.stepAlgorithms:113] 	|target step| :    0.4371059728
2025-12-23:10:29:17,536 INFO     [psi4.optking.stepAlgorithms:114] 	gradient     :   -0.2254906725
2025-12-23:10:29:17,536 INFO     [psi4.optking.stepAlgorithms:115] 	hessian      :    0.4173085431
2025-12-23:10:29:17,536 INFO     [psi4.optking.stepAlgorithms:113] 	|target step| :    0.4371059728
2025-12-23:10:29:17,536 INFO     [psi4.optking.stepAlgorithms:114] 	gradient     :   -0.2254906725
2025-12-23:10:29:17,536 INFO     [psi4.optking.stepAlgorithms:115] 	hessian      :    0.4173085431
2025-12-23:10:29:17,536 INFO     [psi4.optking.stepAlgorithms:206] 	Norm of achieved step-size    0.4371059728
2025-12-23:10:29:17,536 INFO     [psi4.optking.stepAlgorithms:208] 	Norm of achieved step-size (cart):    0.3090805975
2025-12-23:10:29:17,537 INFO     [psi4.optking.opt_helper:164] Molsys:

	                            ===> Fragment 1 <== 

	 Z (Atomic Numbers)          Masses                          Geom                  
	       1.000000             1.007825          0.00000000  0.00000000  2.39098913   
	      11.000000            22.989769          0.00000000  0.00000000 -0.31378820   

	 - Coordinate -           - BOHR/RAD -       - ANG/DEG -
	 R(1,2)           =         2.704777           1.431307

2025-12-23:10:29:17,537 INFO     [psi4.optking.convcheck:76] Performing convergence check.
2025-12-23:10:29:17,537 INFO     [psi4.optking.convcheck:282] 
	                                 ==> Convergence Check <==                                  
    
	Measures of convergence in internal coordinates in au.
    
	Criteria marked as inactive (o), active & met (*), and active & unmet ( ).

	----------------------------------------------------------------------------------------------~
	   Step    Total Energy     Delta E     Max Force     RMS Force      Max Disp      RMS Disp   ~
	----------------------------------------------------------------------------------------------~
	  Convergence Criteria     1.00e-06 *    3.00e-04 *             o    1.20e-03 *             o~
	----------------------------------------------------------------------------------------------~
	     1    -162.76550126   -1.63e+02      2.25e-01      2.25e-01 o    4.37e-01      4.37e-01 o  ~
	----------------------------------------------------------------------------------------------


2025-12-23:10:29:17,537 INFO     [psi4.optking.stepAlgorithms:296] 	Convergence check returned False
2025-12-23:10:29:17,547 INFO     [psi4.driver.task_planner:259] PLANNING Atomic:  keywords={'DAMPING_PERCENTAGE': 1.0, 'GEOM_MAXITER': 500, 'SCF__GUESS': 'READ', 'GUESS': 'SAP', 'MAXITER': 500, 'REFERENCE': 'UKS', 'function_kwargs': {}}
2025-12-23:10:29:17,548 INFO     [psi4.driver.driver:638] Compute gradient(): method=b3lyp, basis=cc-pvdz, molecule=default, nre=4.066878225046395
2025-12-23:10:29:18,119 INFO     [psi4.driver.driver:641] Return gradient(): -162.83210130446744
2025-12-23:10:29:18,120 INFO     [psi4.driver.driver:642] [[-0.00000000  0.00000000 -0.09398464]
 [ 0.00000000  0.00000000  0.09397381]]
2025-12-23:10:29:18,121 INFO     [psi4.optking.history:269] 	Performing BFGS update.
2025-12-23:10:29:18,121 INFO     [psi4.optking.history:280] 	Using 1 previous steps for update.
2025-12-23:10:29:18,121 INFO     [psi4.optking.history:317] 	Steps to be used in Hessian update:  1

2025-12-23:10:29:18,121 INFO     [psi4.optking.history:418] 	Updated Hessian (in au) 
 	   0.300869

2025-12-23:10:29:18,122 INFO     [psi4.optking.molsys:944] Projected (PHP) Hessian matrix
	   0.300869

2025-12-23:10:29:18,122 INFO     [psi4.optking.opt_helper:182] 
	         Geometry (au)                                       Gradient (au)
   0.0000000000   0.0000000000   2.5911850083		  -0.0000000000   0.0000000000  -0.0939846369
   0.0000000000   0.0000000000  -0.1135923150		   0.0000000000   0.0000000000   0.0939738114

2025-12-23:10:29:18,122 INFO     [psi4.optking.stepAlgorithms:368] 	Current Step Report 
 
	Current energy:      -162.8321013045
	Energy change for the previous step:
		Actual       :        -0.0666000397
		Projected    :        -0.0492816599

2025-12-23:10:29:18,122 INFO     [psi4.optking.stepAlgorithms:371] 	Energy ratio =    1.35142
2025-12-23:10:29:18,122 INFO     [psi4.optking.stepAlgorithms:399] 	Energy ratio indicates good step.
2025-12-23:10:29:18,122 INFO     [psi4.optking.stepAlgorithms:400] 	Intrafrag trust radius increased to      1.
2025-12-23:10:29:18,122 INFO     [psi4.optking.stepAlgorithms:929] 	Using RFO solution 1.
2025-12-23:10:29:18,122 INFO     [psi4.optking.displace:100] 	Determining Cartesian step for fragment 1.
2025-12-23:10:29:18,122 INFO     [psi4.optking.displace:415] 	Successfully converged to displaced geometry.
2025-12-23:10:29:18,122 INFO     [psi4.optking.displace:416] 	RMS(dx):  0.000e+00 	Max(dx):  0.000e+00 	RMS(dq):  0.000e+00
2025-12-23:10:29:18,122 INFO     [psi4.optking.displace:172] 

	        --- Internal Coordinate Step in ANG or DEG, aJ/ANG or AJ/DEG ---
	-------------------------------------------------------------------------------
	           Coordinate      Previous         Force          Change          New 
	           ----------      --------        ------          ------        ------
	               R(1,2)       1.43131        0.77427        0.15171       1.58301
	-------------------------------------------------------------------------------

2025-12-23:10:29:18,122 INFO     [psi4.optking.stepAlgorithms:113] 	|target step| :    0.2866870492
2025-12-23:10:29:18,122 INFO     [psi4.optking.stepAlgorithms:114] 	gradient     :   -0.0939792242
2025-12-23:10:29:18,122 INFO     [psi4.optking.stepAlgorithms:115] 	hessian      :    0.3008685684
2025-12-23:10:29:18,122 INFO     [psi4.optking.stepAlgorithms:113] 	|target step| :    0.2866870492
2025-12-23:10:29:18,122 INFO     [psi4.optking.stepAlgorithms:114] 	gradient     :   -0.0939792242
2025-12-23:10:29:18,122 INFO     [psi4.optking.stepAlgorithms:115] 	hessian      :    0.3008685684
2025-12-23:10:29:18,122 INFO     [psi4.optking.stepAlgorithms:206] 	Norm of achieved step-size    0.2866870492
2025-12-23:10:29:18,122 INFO     [psi4.optking.stepAlgorithms:208] 	Norm of achieved step-size (cart):    0.2027183566
2025-12-23:10:29:18,123 INFO     [psi4.optking.opt_helper:164] Molsys:

	                            ===> Fragment 1 <== 

	 Z (Atomic Numbers)          Masses                          Geom                  
	       1.000000             1.007825          0.00000000  0.00000000  2.73452853   
	      11.000000            22.989769          0.00000000  0.00000000 -0.25693584   

	 - Coordinate -           - BOHR/RAD -       - ANG/DEG -
	 R(1,2)           =         2.991464           1.583015

2025-12-23:10:29:18,123 INFO     [psi4.optking.convcheck:76] Performing convergence check.
2025-12-23:10:29:18,123 INFO     [psi4.optking.convcheck:282] 
	                                 ==> Convergence Check <==                                  
    
	Measures of convergence in internal coordinates in au.
    
	Criteria marked as inactive (o), active & met (*), and active & unmet ( ).

	----------------------------------------------------------------------------------------------
	   Step    Total Energy     Delta E     Max Force     RMS Force      Max Disp      RMS Disp   
	----------------------------------------------------------------------------------------------
	  Convergence Criteria     1.00e-06 *    3.00e-04 *             o    1.20e-03 *             o
	----------------------------------------------------------------------------------------------
	     2    -162.83210130   -6.66e-02      9.40e-02      9.40e-02 o    2.87e-01      2.87e-01 o  ~
	----------------------------------------------------------------------------------------------


2025-12-23:10:29:18,123 INFO     [psi4.optking.stepAlgorithms:296] 	Convergence check returned False
2025-12-23:10:29:18,133 INFO     [psi4.driver.task_planner:259] PLANNING Atomic:  keywords={'DAMPING_PERCENTAGE': 1.0, 'GEOM_MAXITER': 500, 'SCF__GUESS': 'READ', 'GUESS': 'SAP', 'MAXITER': 500, 'REFERENCE': 'UKS', 'function_kwargs': {}}
2025-12-23:10:29:18,135 INFO     [psi4.driver.driver:638] Compute gradient(): method=b3lyp, basis=cc-pvdz, molecule=default, nre=3.6771288673347855
2025-12-23:10:29:18,701 INFO     [psi4.driver.driver:641] Return gradient(): -162.85170463636058
2025-12-23:10:29:18,701 INFO     [psi4.driver.driver:642] [[-0.00000000  0.00000000 -0.04662997]
 [ 0.00000000 -0.00000000  0.04664444]]
2025-12-23:10:29:18,703 INFO     [psi4.optking.history:269] 	Performing BFGS update.
2025-12-23:10:29:18,703 INFO     [psi4.optking.history:280] 	Using 2 previous steps for update.
2025-12-23:10:29:18,703 WARNING  [psi4.optking.history:301] 	Change in internal coordinate of 7.24e-01 exceeds limit of 5.00e-01.
2025-12-23:10:29:18,703 WARNING  [psi4.optking.history:306] 	Skipping Hessian update for step 1.
2025-12-23:10:29:18,703 INFO     [psi4.optking.history:317] 	Steps to be used in Hessian update:  2

2025-12-23:10:29:18,703 INFO     [psi4.optking.history:418] 	Updated Hessian (in au) 
 	   0.165135

2025-12-23:10:29:18,703 INFO     [psi4.optking.molsys:944] Projected (PHP) Hessian matrix
	   0.165135

2025-12-23:10:29:18,703 INFO     [psi4.optking.opt_helper:182] 
	         Geometry (au)                                       Gradient (au)
   0.0000000000   0.0000000000   2.8658320847		  -0.0000000000   0.0000000000  -0.0466299708
   0.0000000000   0.0000000000  -0.1256322879		   0.0000000000  -0.0000000000   0.0466444377

2025-12-23:10:29:18,703 INFO     [psi4.optking.stepAlgorithms:368] 	Current Step Report 
 
	Current energy:      -162.8517046364
	Energy change for the previous step:
		Actual       :        -0.0196033319
		Projected    :        -0.0134713132

2025-12-23:10:29:18,703 INFO     [psi4.optking.stepAlgorithms:371] 	Energy ratio =    1.45519
2025-12-23:10:29:18,703 INFO     [psi4.optking.stepAlgorithms:929] 	Using RFO solution 1.
2025-12-23:10:29:18,704 INFO     [psi4.optking.displace:100] 	Determining Cartesian step for fragment 1.
2025-12-23:10:29:18,704 INFO     [psi4.optking.displace:415] 	Successfully converged to displaced geometry.
2025-12-23:10:29:18,704 INFO     [psi4.optking.displace:416] 	RMS(dx):  0.000e+00 	Max(dx):  0.000e+00 	RMS(dq):  0.000e+00
2025-12-23:10:29:18,704 INFO     [psi4.optking.displace:172] 

	        --- Internal Coordinate Step in ANG or DEG, aJ/ANG or AJ/DEG ---
	-------------------------------------------------------------------------------
	           Coordinate      Previous         Force          Change          New 
	           ----------      --------        ------          ------        ------
	               R(1,2)       1.58301        0.38423        0.13912       1.72214
	-------------------------------------------------------------------------------

2025-12-23:10:29:18,704 INFO     [psi4.optking.stepAlgorithms:113] 	|target step| :    0.2628992551
2025-12-23:10:29:18,704 INFO     [psi4.optking.stepAlgorithms:114] 	gradient     :   -0.0466372042
2025-12-23:10:29:18,704 INFO     [psi4.optking.stepAlgorithms:115] 	hessian      :    0.1651348398
2025-12-23:10:29:18,704 INFO     [psi4.optking.stepAlgorithms:113] 	|target step| :    0.2628992551
2025-12-23:10:29:18,704 INFO     [psi4.optking.stepAlgorithms:114] 	gradient     :   -0.0466372042
2025-12-23:10:29:18,704 INFO     [psi4.optking.stepAlgorithms:115] 	hessian      :    0.1651348398
2025-12-23:10:29:18,704 INFO     [psi4.optking.stepAlgorithms:206] 	Norm of achieved step-size    0.2628992551
2025-12-23:10:29:18,704 INFO     [psi4.optking.stepAlgorithms:208] 	Norm of achieved step-size (cart):    0.1858978460
2025-12-23:10:29:18,704 INFO     [psi4.optking.opt_helper:164] Molsys:

	                            ===> Fragment 1 <== 

	 Z (Atomic Numbers)          Masses                          Geom                  
	       1.000000             1.007825          0.00000000  0.00000000  2.99728171   
	      11.000000            22.989769          0.00000000  0.00000000 -0.25708192   

	 - Coordinate -           - BOHR/RAD -       - ANG/DEG -
	 R(1,2)           =         3.254364           1.722135

2025-12-23:10:29:18,704 INFO     [psi4.optking.convcheck:76] Performing convergence check.
2025-12-23:10:29:18,704 INFO     [psi4.optking.convcheck:282] 
	                                 ==> Convergence Check <==                                  
    
	Measures of convergence in internal coordinates in au.
    
	Criteria marked as inactive (o), active & met (*), and active & unmet ( ).

	----------------------------------------------------------------------------------------------
	   Step    Total Energy     Delta E     Max Force     RMS Force      Max Disp      RMS Disp   
	----------------------------------------------------------------------------------------------
	  Convergence Criteria     1.00e-06 *    3.00e-04 *             o    1.20e-03 *             o
	----------------------------------------------------------------------------------------------
	     3    -162.85170464   -1.96e-02      4.66e-02      4.66e-02 o    2.63e-01      2.63e-01 o  ~
	----------------------------------------------------------------------------------------------


2025-12-23:10:29:18,704 INFO     [psi4.optking.stepAlgorithms:296] 	Convergence check returned False
2025-12-23:10:29:18,715 INFO     [psi4.driver.task_planner:259] PLANNING Atomic:  keywords={'DAMPING_PERCENTAGE': 1.0, 'GEOM_MAXITER': 500, 'SCF__GUESS': 'READ', 'GUESS': 'SAP', 'MAXITER': 500, 'REFERENCE': 'UKS', 'function_kwargs': {}}
2025-12-23:10:29:18,716 INFO     [psi4.driver.driver:638] Compute gradient(): method=b3lyp, basis=cc-pvdz, molecule=default, nre=3.380077108316672
2025-12-23:10:29:19,347 INFO     [psi4.driver.driver:641] Return gradient(): -162.86015309612202
2025-12-23:10:29:19,347 INFO     [psi4.driver.driver:642] [[ 0.00000000  0.00000000 -0.01965921]
 [ 0.00000000 -0.00000000  0.01964746]]
2025-12-23:10:29:19,349 INFO     [psi4.optking.history:269] 	Performing BFGS update.
2025-12-23:10:29:19,349 INFO     [psi4.optking.history:280] 	Using 3 previous steps for update.
2025-12-23:10:29:19,349 WARNING  [psi4.optking.history:301] 	Change in internal coordinate of 5.50e-01 exceeds limit of 5.00e-01.
2025-12-23:10:29:19,349 WARNING  [psi4.optking.history:306] 	Skipping Hessian update for step 2.
2025-12-23:10:29:19,349 WARNING  [psi4.optking.history:301] 	Change in internal coordinate of 9.87e-01 exceeds limit of 5.00e-01.
2025-12-23:10:29:19,349 WARNING  [psi4.optking.history:306] 	Skipping Hessian update for step 1.
2025-12-23:10:29:19,349 INFO     [psi4.optking.history:317] 	Steps to be used in Hessian update:  3

2025-12-23:10:29:19,349 INFO     [psi4.optking.history:418] 	Updated Hessian (in au) 
 	   0.102640

2025-12-23:10:29:19,349 INFO     [psi4.optking.molsys:944] Projected (PHP) Hessian matrix
	   0.102640

2025-12-23:10:29:19,349 INFO     [psi4.optking.opt_helper:182] 
	         Geometry (au)                                       Gradient (au)
   0.0000000000   0.0000000000   3.1176903810		   0.0000000000   0.0000000000  -0.0196592090
   0.0000000000   0.0000000000  -0.1366732467		   0.0000000000  -0.0000000000   0.0196474587

2025-12-23:10:29:19,349 INFO     [psi4.optking.stepAlgorithms:368] 	Current Step Report 
 
	Current energy:      -162.8601530961
	Energy change for the previous step:
		Actual       :        -0.0084484598
		Projected    :        -0.0061304431

2025-12-23:10:29:19,349 INFO     [psi4.optking.stepAlgorithms:371] 	Energy ratio =    1.37812
2025-12-23:10:29:19,349 INFO     [psi4.optking.stepAlgorithms:929] 	Using RFO solution 1.
2025-12-23:10:29:19,349 INFO     [psi4.optking.displace:100] 	Determining Cartesian step for fragment 1.
2025-12-23:10:29:19,350 INFO     [psi4.optking.displace:415] 	Successfully converged to displaced geometry.
2025-12-23:10:29:19,350 INFO     [psi4.optking.displace:416] 	RMS(dx):  0.000e+00 	Max(dx):  0.000e+00 	RMS(dq):  0.000e+00
2025-12-23:10:29:19,350 INFO     [psi4.optking.displace:172] 

	        --- Internal Coordinate Step in ANG or DEG, aJ/ANG or AJ/DEG ---
	-------------------------------------------------------------------------------
	           Coordinate      Previous         Force          Change          New 
	           ----------      --------        ------          ------        ------
	               R(1,2)       1.72214        0.16192        0.09786       1.82000
	-------------------------------------------------------------------------------

2025-12-23:10:29:19,350 INFO     [psi4.optking.stepAlgorithms:113] 	|target step| :    0.1849306277
2025-12-23:10:29:19,350 INFO     [psi4.optking.stepAlgorithms:114] 	gradient     :   -0.0196533338
2025-12-23:10:29:19,350 INFO     [psi4.optking.stepAlgorithms:115] 	hessian      :    0.1026395848
2025-12-23:10:29:19,350 INFO     [psi4.optking.stepAlgorithms:113] 	|target step| :    0.1849306277
2025-12-23:10:29:19,350 INFO     [psi4.optking.stepAlgorithms:114] 	gradient     :   -0.0196533338
2025-12-23:10:29:19,350 INFO     [psi4.optking.stepAlgorithms:115] 	hessian      :    0.1026395848
2025-12-23:10:29:19,350 INFO     [psi4.optking.stepAlgorithms:206] 	Norm of achieved step-size    0.1849306277
2025-12-23:10:29:19,350 INFO     [psi4.optking.stepAlgorithms:208] 	Norm of achieved step-size (cart):    0.1307657009
2025-12-23:10:29:19,350 INFO     [psi4.optking.opt_helper:164] Molsys:

	                            ===> Fragment 1 <== 

	 Z (Atomic Numbers)          Masses                          Geom                  
	       1.000000             1.007825          0.00000000  0.00000000  3.21015569   
	      11.000000            22.989769          0.00000000  0.00000000 -0.22913856   

	 - Coordinate -           - BOHR/RAD -       - ANG/DEG -
	 R(1,2)           =         3.439294           1.819996

2025-12-23:10:29:19,350 INFO     [psi4.optking.convcheck:76] Performing convergence check.
2025-12-23:10:29:19,350 INFO     [psi4.optking.convcheck:282] 
	                                 ==> Convergence Check <==                                  
    
	Measures of convergence in internal coordinates in au.
    
	Criteria marked as inactive (o), active & met (*), and active & unmet ( ).

	----------------------------------------------------------------------------------------------
	   Step    Total Energy     Delta E     Max Force     RMS Force      Max Disp      RMS Disp   
	----------------------------------------------------------------------------------------------
	  Convergence Criteria     1.00e-06 *    3.00e-04 *             o    1.20e-03 *             o
	----------------------------------------------------------------------------------------------
	     4    -162.86015310   -8.45e-03      1.97e-02      1.97e-02 o    1.85e-01      1.85e-01 o  ~
	----------------------------------------------------------------------------------------------


2025-12-23:10:29:19,350 INFO     [psi4.optking.stepAlgorithms:296] 	Convergence check returned False
2025-12-23:10:29:19,361 INFO     [psi4.driver.task_planner:259] PLANNING Atomic:  keywords={'DAMPING_PERCENTAGE': 1.0, 'GEOM_MAXITER': 500, 'SCF__GUESS': 'READ', 'GUESS': 'SAP', 'MAXITER': 500, 'REFERENCE': 'UKS', 'function_kwargs': {}}
2025-12-23:10:29:19,362 INFO     [psi4.driver.driver:638] Compute gradient(): method=b3lyp, basis=cc-pvdz, molecule=default, nre=3.1983305827687607
2025-12-23:10:29:19,898 INFO     [psi4.driver.driver:641] Return gradient(): -162.86253055158676
2025-12-23:10:29:19,899 INFO     [psi4.driver.driver:642] [[ 0.00000000 -0.00000000 -0.00671391]
 [ 0.00000000 -0.00000000  0.00670926]]
2025-12-23:10:29:19,900 INFO     [psi4.optking.history:269] 	Performing BFGS update.
2025-12-23:10:29:19,900 INFO     [psi4.optking.history:280] 	Using 4 previous steps for update.
2025-12-23:10:29:19,900 WARNING  [psi4.optking.history:301] 	Change in internal coordinate of 7.35e-01 exceeds limit of 5.00e-01.
2025-12-23:10:29:19,900 WARNING  [psi4.optking.history:306] 	Skipping Hessian update for step 2.
2025-12-23:10:29:19,900 WARNING  [psi4.optking.history:301] 	Change in internal coordinate of 1.17e+00 exceeds limit of 5.00e-01.
2025-12-23:10:29:19,900 WARNING  [psi4.optking.history:306] 	Skipping Hessian update for step 1.
2025-12-23:10:29:19,900 INFO     [psi4.optking.history:317] 	Steps to be used in Hessian update:  4 3

2025-12-23:10:29:19,900 INFO     [psi4.optking.history:418] 	Updated Hessian (in au) 
 	   0.089154

2025-12-23:10:29:19,901 INFO     [psi4.optking.molsys:944] Projected (PHP) Hessian matrix
	   0.089154

2025-12-23:10:29:19,901 INFO     [psi4.optking.opt_helper:182] 
	         Geometry (au)                                       Gradient (au)
   0.0000000000   0.0000000000   3.2948544920		   0.0000000000  -0.0000000000  -0.0067139090
   0.0000000000   0.0000000000  -0.1444397634		   0.0000000000  -0.0000000000   0.0067092587

2025-12-23:10:29:19,901 INFO     [psi4.optking.stepAlgorithms:368] 	Current Step Report 
 
	Current energy:      -162.8625305516
	Energy change for the previous step:
		Actual       :        -0.0023774555
		Projected    :        -0.0018172517

2025-12-23:10:29:19,901 INFO     [psi4.optking.stepAlgorithms:371] 	Energy ratio =    1.30827
2025-12-23:10:29:19,901 INFO     [psi4.optking.stepAlgorithms:929] 	Using RFO solution 1.
2025-12-23:10:29:19,901 INFO     [psi4.optking.displace:100] 	Determining Cartesian step for fragment 1.
2025-12-23:10:29:19,901 INFO     [psi4.optking.displace:415] 	Successfully converged to displaced geometry.
2025-12-23:10:29:19,901 INFO     [psi4.optking.displace:416] 	RMS(dx):  0.000e+00 	Max(dx):  0.000e+00 	RMS(dq):  0.000e+00
2025-12-23:10:29:19,901 INFO     [psi4.optking.displace:172] 

	        --- Internal Coordinate Step in ANG or DEG, aJ/ANG or AJ/DEG ---
	-------------------------------------------------------------------------------
	           Coordinate      Previous         Force          Change          New 
	           ----------      --------        ------          ------        ------
	               R(1,2)       1.82000        0.05529        0.03961       1.85961
	-------------------------------------------------------------------------------

2025-12-23:10:29:19,901 INFO     [psi4.optking.stepAlgorithms:113] 	|target step| :    0.0748593099
2025-12-23:10:29:19,901 INFO     [psi4.optking.stepAlgorithms:114] 	gradient     :   -0.0067115838
2025-12-23:10:29:19,901 INFO     [psi4.optking.stepAlgorithms:115] 	hessian      :    0.0891535423
2025-12-23:10:29:19,901 INFO     [psi4.optking.stepAlgorithms:113] 	|target step| :    0.0748593099
2025-12-23:10:29:19,901 INFO     [psi4.optking.stepAlgorithms:114] 	gradient     :   -0.0067115838
2025-12-23:10:29:19,901 INFO     [psi4.optking.stepAlgorithms:115] 	hessian      :    0.0891535423
2025-12-23:10:29:19,901 INFO     [psi4.optking.stepAlgorithms:206] 	Norm of achieved step-size    0.0748593099
2025-12-23:10:29:19,901 INFO     [psi4.optking.stepAlgorithms:208] 	Norm of achieved step-size (cart):    0.0529335257
2025-12-23:10:29:19,901 INFO     [psi4.optking.opt_helper:164] Molsys:

	                            ===> Fragment 1 <== 

	 Z (Atomic Numbers)          Masses                          Geom                  
	       1.000000             1.007825          0.00000000  0.00000000  3.33228415   
	      11.000000            22.989769          0.00000000  0.00000000 -0.18186942   

	 - Coordinate -           - BOHR/RAD -       - ANG/DEG -
	 R(1,2)           =         3.514154           1.859610

2025-12-23:10:29:19,902 INFO     [psi4.optking.convcheck:76] Performing convergence check.
2025-12-23:10:29:19,902 INFO     [psi4.optking.convcheck:282] 
	                                 ==> Convergence Check <==                                  
    
	Measures of convergence in internal coordinates in au.
    
	Criteria marked as inactive (o), active & met (*), and active & unmet ( ).

	----------------------------------------------------------------------------------------------
	   Step    Total Energy     Delta E     Max Force     RMS Force      Max Disp      RMS Disp   
	----------------------------------------------------------------------------------------------
	  Convergence Criteria     1.00e-06 *    3.00e-04 *             o    1.20e-03 *             o
	----------------------------------------------------------------------------------------------
	     5    -162.86253055   -2.38e-03      6.71e-03      6.71e-03 o    7.49e-02      7.49e-02 o  ~
	----------------------------------------------------------------------------------------------


2025-12-23:10:29:19,902 INFO     [psi4.optking.stepAlgorithms:296] 	Convergence check returned False
2025-12-23:10:29:19,912 INFO     [psi4.driver.task_planner:259] PLANNING Atomic:  keywords={'DAMPING_PERCENTAGE': 1.0, 'GEOM_MAXITER': 500, 'SCF__GUESS': 'READ', 'GUESS': 'SAP', 'MAXITER': 500, 'REFERENCE': 'UKS', 'function_kwargs': {}}
2025-12-23:10:29:19,914 INFO     [psi4.driver.driver:638] Compute gradient(): method=b3lyp, basis=cc-pvdz, molecule=default, nre=3.1301990068989736
2025-12-23:10:29:20,431 INFO     [psi4.driver.driver:641] Return gradient(): -162.8628722393846
2025-12-23:10:29:20,431 INFO     [psi4.driver.driver:642] [[ 0.00000000 -0.00000000 -0.00250325]
 [ 0.00000000  0.00000000  0.00250687]]
2025-12-23:10:29:20,432 INFO     [psi4.optking.history:269] 	Performing BFGS update.
2025-12-23:10:29:20,432 INFO     [psi4.optking.history:280] 	Using 4 previous steps for update.
2025-12-23:10:29:20,432 WARNING  [psi4.optking.history:301] 	Change in internal coordinate of 5.23e-01 exceeds limit of 5.00e-01.
2025-12-23:10:29:20,432 WARNING  [psi4.optking.history:306] 	Skipping Hessian update for step 3.
2025-12-23:10:29:20,433 WARNING  [psi4.optking.history:301] 	Change in internal coordinate of 8.09e-01 exceeds limit of 5.00e-01.
2025-12-23:10:29:20,433 WARNING  [psi4.optking.history:306] 	Skipping Hessian update for step 2.
2025-12-23:10:29:20,433 WARNING  [psi4.optking.history:301] 	Change in internal coordinate of 1.25e+00 exceeds limit of 5.00e-01.
2025-12-23:10:29:20,433 WARNING  [psi4.optking.history:306] 	Skipping Hessian update for step 1.
2025-12-23:10:29:20,433 INFO     [psi4.optking.history:317] 	Steps to be used in Hessian update:  5 4

2025-12-23:10:29:20,433 INFO     [psi4.optking.history:418] 	Updated Hessian (in au) 
 	   0.066008

2025-12-23:10:29:20,433 INFO     [psi4.optking.molsys:944] Projected (PHP) Hessian matrix
	   0.066008

2025-12-23:10:29:20,433 INFO     [psi4.optking.opt_helper:182] 
	         Geometry (au)                                       Gradient (au)
   0.0000000000   0.0000000000   3.3665699415		   0.0000000000  -0.0000000000  -0.0025032518
   0.0000000000   0.0000000000  -0.1475836237		   0.0000000000   0.0000000000   0.0025068685

2025-12-23:10:29:20,433 INFO     [psi4.optking.stepAlgorithms:368] 	Current Step Report 
 
	Current energy:      -162.8628722394
	Energy change for the previous step:
		Actual       :        -0.0003416878
		Projected    :        -0.0002512123

2025-12-23:10:29:20,433 INFO     [psi4.optking.stepAlgorithms:371] 	Energy ratio =    1.36016
2025-12-23:10:29:20,433 INFO     [psi4.optking.stepAlgorithms:929] 	Using RFO solution 1.
2025-12-23:10:29:20,433 INFO     [psi4.optking.displace:100] 	Determining Cartesian step for fragment 1.
2025-12-23:10:29:20,433 INFO     [psi4.optking.displace:415] 	Successfully converged to displaced geometry.
2025-12-23:10:29:20,433 INFO     [psi4.optking.displace:416] 	RMS(dx):  0.000e+00 	Max(dx):  0.000e+00 	RMS(dq):  0.000e+00
2025-12-23:10:29:20,433 INFO     [psi4.optking.displace:172] 

	        --- Internal Coordinate Step in ANG or DEG, aJ/ANG or AJ/DEG ---
	-------------------------------------------------------------------------------
	           Coordinate      Previous         Force          Change          New 
	           ----------      --------        ------          ------        ------
	               R(1,2)       1.85961        0.02064        0.02005       1.87966
	-------------------------------------------------------------------------------

2025-12-23:10:29:20,434 INFO     [psi4.optking.stepAlgorithms:113] 	|target step| :    0.0378962225
2025-12-23:10:29:20,434 INFO     [psi4.optking.stepAlgorithms:114] 	gradient     :   -0.0025050601
2025-12-23:10:29:20,434 INFO     [psi4.optking.stepAlgorithms:115] 	hessian      :    0.0660082291
2025-12-23:10:29:20,434 INFO     [psi4.optking.stepAlgorithms:113] 	|target step| :    0.0378962225
2025-12-23:10:29:20,434 INFO     [psi4.optking.stepAlgorithms:114] 	gradient     :   -0.0025050601
2025-12-23:10:29:20,434 INFO     [psi4.optking.stepAlgorithms:115] 	hessian      :    0.0660082291
2025-12-23:10:29:20,434 INFO     [psi4.optking.stepAlgorithms:206] 	Norm of achieved step-size    0.0378962225
2025-12-23:10:29:20,434 INFO     [psi4.optking.stepAlgorithms:208] 	Norm of achieved step-size (cart):    0.0267966759
2025-12-23:10:29:20,434 INFO     [psi4.optking.opt_helper:164] Molsys:

	                            ===> Fragment 1 <== 

	 Z (Atomic Numbers)          Masses                          Geom                  
	       1.000000             1.007825          0.00000000  0.00000000  3.38551805   
	      11.000000            22.989769          0.00000000  0.00000000 -0.16653173   

	 - Coordinate -           - BOHR/RAD -       - ANG/DEG -
	 R(1,2)           =         3.552050           1.879664

2025-12-23:10:29:20,434 INFO     [psi4.optking.convcheck:76] Performing convergence check.
2025-12-23:10:29:20,434 INFO     [psi4.optking.convcheck:282] 
	                                 ==> Convergence Check <==                                  
    
	Measures of convergence in internal coordinates in au.
    
	Criteria marked as inactive (o), active & met (*), and active & unmet ( ).

	----------------------------------------------------------------------------------------------
	   Step    Total Energy     Delta E     Max Force     RMS Force      Max Disp      RMS Disp   
	----------------------------------------------------------------------------------------------
	  Convergence Criteria     1.00e-06 *    3.00e-04 *             o    1.20e-03 *             o
	----------------------------------------------------------------------------------------------
	     6    -162.86287224   -3.42e-04      2.51e-03      2.51e-03 o    3.79e-02      3.79e-02 o  ~
	----------------------------------------------------------------------------------------------


2025-12-23:10:29:20,434 INFO     [psi4.optking.stepAlgorithms:296] 	Convergence check returned False
2025-12-23:10:29:20,444 INFO     [psi4.driver.task_planner:259] PLANNING Atomic:  keywords={'DAMPING_PERCENTAGE': 1.0, 'GEOM_MAXITER': 500, 'SCF__GUESS': 'READ', 'GUESS': 'SAP', 'MAXITER': 500, 'REFERENCE': 'UKS', 'function_kwargs': {}}
2025-12-23:10:29:20,445 INFO     [psi4.driver.driver:638] Compute gradient(): method=b3lyp, basis=cc-pvdz, molecule=default, nre=3.096803439546731
2025-12-23:10:29:20,986 INFO     [psi4.driver.driver:641] Return gradient(): -162.8629299505883
2025-12-23:10:29:20,986 INFO     [psi4.driver.driver:642] [[ 0.00000000 -0.00000000 -0.00056393]
 [ 0.00000000 -0.00000000  0.00057072]]
2025-12-23:10:29:20,987 INFO     [psi4.optking.history:269] 	Performing BFGS update.
2025-12-23:10:29:20,987 INFO     [psi4.optking.history:280] 	Using 4 previous steps for update.
2025-12-23:10:29:20,988 WARNING  [psi4.optking.history:301] 	Change in internal coordinate of 5.61e-01 exceeds limit of 5.00e-01.
2025-12-23:10:29:20,988 WARNING  [psi4.optking.history:306] 	Skipping Hessian update for step 3.
2025-12-23:10:29:20,988 WARNING  [psi4.optking.history:301] 	Change in internal coordinate of 8.47e-01 exceeds limit of 5.00e-01.
2025-12-23:10:29:20,988 WARNING  [psi4.optking.history:306] 	Skipping Hessian update for step 2.
2025-12-23:10:29:20,988 WARNING  [psi4.optking.history:301] 	Change in internal coordinate of 1.28e+00 exceeds limit of 5.00e-01.
2025-12-23:10:29:20,988 WARNING  [psi4.optking.history:306] 	Skipping Hessian update for step 1.
2025-12-23:10:29:20,988 INFO     [psi4.optking.history:317] 	Steps to be used in Hessian update:  6 5 4

2025-12-23:10:29:20,988 INFO     [psi4.optking.history:418] 	Updated Hessian (in au) 
 	   0.064115

2025-12-23:10:29:20,988 INFO     [psi4.optking.molsys:944] Projected (PHP) Hessian matrix
	   0.064115

2025-12-23:10:29:20,988 INFO     [psi4.optking.opt_helper:182] 
	         Geometry (au)                                       Gradient (au)
   0.0000000000   0.0000000000   3.4028746394		   0.0000000000  -0.0000000000  -0.0005639323
   0.0000000000   0.0000000000  -0.1491751483		   0.0000000000  -0.0000000000   0.0005707214

2025-12-23:10:29:20,988 INFO     [psi4.optking.stepAlgorithms:368] 	Current Step Report 
 
	Current energy:      -162.8629299506
	Energy change for the previous step:
		Actual       :        -0.0000577112
		Projected    :        -0.0000474662

2025-12-23:10:29:20,988 INFO     [psi4.optking.stepAlgorithms:371] 	Energy ratio =    1.21584
2025-12-23:10:29:20,988 INFO     [psi4.optking.stepAlgorithms:929] 	Using RFO solution 1.
2025-12-23:10:29:20,988 INFO     [psi4.optking.displace:100] 	Determining Cartesian step for fragment 1.
2025-12-23:10:29:20,989 INFO     [psi4.optking.displace:415] 	Successfully converged to displaced geometry.
2025-12-23:10:29:20,989 INFO     [psi4.optking.displace:416] 	RMS(dx):  0.000e+00 	Max(dx):  0.000e+00 	RMS(dq):  0.000e+00
2025-12-23:10:29:20,989 INFO     [psi4.optking.displace:172] 

	        --- Internal Coordinate Step in ANG or DEG, aJ/ANG or AJ/DEG ---
	-------------------------------------------------------------------------------
	           Coordinate      Previous         Force          Change          New 
	           ----------      --------        ------          ------        ------
	               R(1,2)       1.87966        0.00467        0.00468       1.88435
	-------------------------------------------------------------------------------

2025-12-23:10:29:20,989 INFO     [psi4.optking.stepAlgorithms:113] 	|target step| :    0.0088479551
2025-12-23:10:29:20,989 INFO     [psi4.optking.stepAlgorithms:114] 	gradient     :   -0.0005673269
2025-12-23:10:29:20,989 INFO     [psi4.optking.stepAlgorithms:115] 	hessian      :    0.0641145258
2025-12-23:10:29:20,989 INFO     [psi4.optking.stepAlgorithms:113] 	|target step| :    0.0088479551
2025-12-23:10:29:20,989 INFO     [psi4.optking.stepAlgorithms:114] 	gradient     :   -0.0005673269
2025-12-23:10:29:20,989 INFO     [psi4.optking.stepAlgorithms:115] 	hessian      :    0.0641145258
2025-12-23:10:29:20,989 INFO     [psi4.optking.stepAlgorithms:206] 	Norm of achieved step-size    0.0088479551
2025-12-23:10:29:20,989 INFO     [psi4.optking.stepAlgorithms:208] 	Norm of achieved step-size (cart):    0.0062564491
2025-12-23:10:29:20,989 INFO     [psi4.optking.opt_helper:164] Molsys:

	                            ===> Fragment 1 <== 

	 Z (Atomic Numbers)          Masses                          Geom                  
	       1.000000             1.007825          0.00000000  0.00000000  3.40729862   
	      11.000000            22.989769          0.00000000  0.00000000 -0.15359913   

	 - Coordinate -           - BOHR/RAD -       - ANG/DEG -
	 R(1,2)           =         3.560898           1.884346

2025-12-23:10:29:20,989 INFO     [psi4.optking.convcheck:76] Performing convergence check.
2025-12-23:10:29:20,989 INFO     [psi4.optking.convcheck:282] 
	                                 ==> Convergence Check <==                                  
    
	Measures of convergence in internal coordinates in au.
    
	Criteria marked as inactive (o), active & met (*), and active & unmet ( ).

	----------------------------------------------------------------------------------------------
	   Step    Total Energy     Delta E     Max Force     RMS Force      Max Disp      RMS Disp   
	----------------------------------------------------------------------------------------------
	  Convergence Criteria     1.00e-06 *    3.00e-04 *             o    1.20e-03 *             o
	----------------------------------------------------------------------------------------------
	     7    -162.86292995   -5.77e-05      5.67e-04      5.67e-04 o    8.85e-03      8.85e-03 o  ~
	----------------------------------------------------------------------------------------------


2025-12-23:10:29:20,989 INFO     [psi4.optking.stepAlgorithms:296] 	Convergence check returned False
2025-12-23:10:29:20,999 INFO     [psi4.driver.task_planner:259] PLANNING Atomic:  keywords={'DAMPING_PERCENTAGE': 1.0, 'GEOM_MAXITER': 500, 'SCF__GUESS': 'READ', 'GUESS': 'SAP', 'MAXITER': 500, 'REFERENCE': 'UKS', 'function_kwargs': {}}
2025-12-23:10:29:21,1 INFO     [psi4.driver.driver:638] Compute gradient(): method=b3lyp, basis=cc-pvdz, molecule=default, nre=3.0891086446268616
2025-12-23:10:29:21,510 INFO     [psi4.driver.driver:641] Return gradient(): -162.86293300438783
2025-12-23:10:29:21,510 INFO     [psi4.driver.driver:642] [[ 0.00000000 -0.00000000 -0.00012863]
 [-0.00000000  0.00000000  0.00013598]]
2025-12-23:10:29:21,512 INFO     [psi4.optking.history:269] 	Performing BFGS update.
2025-12-23:10:29:21,512 INFO     [psi4.optking.history:280] 	Using 4 previous steps for update.
2025-12-23:10:29:21,512 INFO     [psi4.optking.history:317] 	Steps to be used in Hessian update:  7 6 5 4

2025-12-23:10:29:21,512 INFO     [psi4.optking.history:418] 	Updated Hessian (in au) 
 	   0.063683

2025-12-23:10:29:21,513 INFO     [psi4.optking.molsys:944] Projected (PHP) Hessian matrix
	   0.063683

2025-12-23:10:29:21,513 INFO     [psi4.optking.opt_helper:182] 
	         Geometry (au)                                       Gradient (au)
   0.0000000000   0.0000000000   3.4113510076		   0.0000000000  -0.0000000000  -0.0001286302
   0.0000000000   0.0000000000  -0.1495467352		  -0.0000000000   0.0000000000   0.0001359825

2025-12-23:10:29:21,513 INFO     [psi4.optking.stepAlgorithms:368] 	Current Step Report 
 
	Current energy:      -162.8629330044
	Energy change for the previous step:
		Actual       :        -0.0000030538
		Projected    :        -0.0000025098

2025-12-23:10:29:21,513 INFO     [psi4.optking.stepAlgorithms:371] 	Energy ratio =    1.21673
2025-12-23:10:29:21,513 INFO     [psi4.optking.stepAlgorithms:929] 	Using RFO solution 1.
2025-12-23:10:29:21,513 INFO     [psi4.optking.displace:100] 	Determining Cartesian step for fragment 1.
2025-12-23:10:29:21,513 INFO     [psi4.optking.displace:415] 	Successfully converged to displaced geometry.
2025-12-23:10:29:21,513 INFO     [psi4.optking.displace:416] 	RMS(dx):  0.000e+00 	Max(dx):  0.000e+00 	RMS(dq):  0.000e+00
2025-12-23:10:29:21,513 INFO     [psi4.optking.displace:172] 

	        --- Internal Coordinate Step in ANG or DEG, aJ/ANG or AJ/DEG ---
	-------------------------------------------------------------------------------
	           Coordinate      Previous         Force          Change          New 
	           ----------      --------        ------          ------        ------
	               R(1,2)       1.88435        0.00109        0.00110       1.88545
	-------------------------------------------------------------------------------

2025-12-23:10:29:21,513 INFO     [psi4.optking.stepAlgorithms:113] 	|target step| :    0.0020775666
2025-12-23:10:29:21,513 INFO     [psi4.optking.stepAlgorithms:114] 	gradient     :   -0.0001323063
2025-12-23:10:29:21,513 INFO     [psi4.optking.stepAlgorithms:115] 	hessian      :    0.0636830503
2025-12-23:10:29:21,513 INFO     [psi4.optking.stepAlgorithms:113] 	|target step| :    0.0020775666
2025-12-23:10:29:21,513 INFO     [psi4.optking.stepAlgorithms:114] 	gradient     :   -0.0001323063
2025-12-23:10:29:21,513 INFO     [psi4.optking.stepAlgorithms:115] 	hessian      :    0.0636830503
2025-12-23:10:29:21,513 INFO     [psi4.optking.stepAlgorithms:206] 	Norm of achieved step-size    0.0020775666
2025-12-23:10:29:21,513 INFO     [psi4.optking.stepAlgorithms:208] 	Norm of achieved step-size (cart):    0.0014690614
2025-12-23:10:29:21,514 INFO     [psi4.optking.opt_helper:164] Molsys:

	                            ===> Fragment 1 <== 

	 Z (Atomic Numbers)          Masses                          Geom                  
	       1.000000             1.007825          0.00000000  0.00000000  3.41238979   
	      11.000000            22.989769          0.00000000  0.00000000 -0.15058552   

	 - Coordinate -           - BOHR/RAD -       - ANG/DEG -
	 R(1,2)           =         3.562975           1.885445

2025-12-23:10:29:21,514 INFO     [psi4.optking.convcheck:76] Performing convergence check.
2025-12-23:10:29:21,514 INFO     [psi4.optking.convcheck:282] 
	                                 ==> Convergence Check <==                                  
    
	Measures of convergence in internal coordinates in au.
    
	Criteria marked as inactive (o), active & met (*), and active & unmet ( ).

	----------------------------------------------------------------------------------------------
	   Step    Total Energy     Delta E     Max Force     RMS Force      Max Disp      RMS Disp   
	----------------------------------------------------------------------------------------------
	  Convergence Criteria     1.00e-06 *    3.00e-04 *             o    1.20e-03 *             o
	----------------------------------------------------------------------------------------------
	     8    -162.86293300   -3.05e-06      1.32e-04 *    1.32e-04 o    2.08e-03      2.08e-03 o  ~
	----------------------------------------------------------------------------------------------


2025-12-23:10:29:21,514 INFO     [psi4.optking.stepAlgorithms:296] 	Convergence check returned False
2025-12-23:10:29:21,524 INFO     [psi4.driver.task_planner:259] PLANNING Atomic:  keywords={'DAMPING_PERCENTAGE': 1.0, 'GEOM_MAXITER': 500, 'SCF__GUESS': 'READ', 'GUESS': 'SAP', 'MAXITER': 500, 'REFERENCE': 'UKS', 'function_kwargs': {}}
2025-12-23:10:29:21,525 INFO     [psi4.driver.driver:638] Compute gradient(): method=b3lyp, basis=cc-pvdz, molecule=default, nre=3.087307389148002
2025-12-23:10:29:22,14 INFO     [psi4.driver.driver:641] Return gradient(): -162.8629331636298
2025-12-23:10:29:22,15 INFO     [psi4.driver.driver:642] [[ 0.00000000 -0.00000000 -0.00002735]
 [ 0.00000000  0.00000000  0.00003483]]
2025-12-23:10:29:22,16 INFO     [psi4.optking.history:269] 	Performing BFGS update.
2025-12-23:10:29:22,16 INFO     [psi4.optking.history:280] 	Using 4 previous steps for update.
2025-12-23:10:29:22,16 INFO     [psi4.optking.history:317] 	Steps to be used in Hessian update:  8 7 6 5

2025-12-23:10:29:22,17 INFO     [psi4.optking.history:418] 	Updated Hessian (in au) 
 	   0.054014

2025-12-23:10:29:22,17 INFO     [psi4.optking.molsys:944] Projected (PHP) Hessian matrix
	   0.054014

2025-12-23:10:29:22,17 INFO     [psi4.optking.opt_helper:182] 
	         Geometry (au)                                       Gradient (au)
   0.0000000000   0.0000000000   3.4133413228		   0.0000000000  -0.0000000000  -0.0000273539
   0.0000000000   0.0000000000  -0.1496339866		   0.0000000000   0.0000000000   0.0000348277

2025-12-23:10:29:22,17 INFO     [psi4.optking.stepAlgorithms:368] 	Current Step Report 
 
	Current energy:      -162.8629331636
	Energy change for the previous step:
		Actual       :        -0.0000001592
		Projected    :        -0.0000001374

2025-12-23:10:29:22,17 INFO     [psi4.optking.stepAlgorithms:371] 	Energy ratio =    1.15865
2025-12-23:10:29:22,17 INFO     [psi4.optking.stepAlgorithms:929] 	Using RFO solution 1.
2025-12-23:10:29:22,17 INFO     [psi4.optking.displace:100] 	Determining Cartesian step for fragment 1.
2025-12-23:10:29:22,17 INFO     [psi4.optking.displace:415] 	Successfully converged to displaced geometry.
2025-12-23:10:29:22,17 INFO     [psi4.optking.displace:416] 	RMS(dx):  0.000e+00 	Max(dx):  0.000e+00 	RMS(dq):  0.000e+00
2025-12-23:10:29:22,17 INFO     [psi4.optking.displace:172] 

	        --- Internal Coordinate Step in ANG or DEG, aJ/ANG or AJ/DEG ---
	-------------------------------------------------------------------------------
	           Coordinate      Previous         Force          Change          New 
	           ----------      --------        ------          ------        ------
	               R(1,2)       1.88545        0.00026        0.00030       1.88575
	-------------------------------------------------------------------------------

2025-12-23:10:29:22,17 INFO     [psi4.optking.stepAlgorithms:113] 	|target step| :    0.0005756074
2025-12-23:10:29:22,17 INFO     [psi4.optking.stepAlgorithms:114] 	gradient     :   -0.0000310908
2025-12-23:10:29:22,17 INFO     [psi4.optking.stepAlgorithms:115] 	hessian      :    0.0540138751
2025-12-23:10:29:22,17 INFO     [psi4.optking.stepAlgorithms:113] 	|target step| :    0.0005756074
2025-12-23:10:29:22,17 INFO     [psi4.optking.stepAlgorithms:114] 	gradient     :   -0.0000310908
2025-12-23:10:29:22,17 INFO     [psi4.optking.stepAlgorithms:115] 	hessian      :    0.0540138751
2025-12-23:10:29:22,17 INFO     [psi4.optking.stepAlgorithms:206] 	Norm of achieved step-size    0.0005756074
2025-12-23:10:29:22,17 INFO     [psi4.optking.stepAlgorithms:208] 	Norm of achieved step-size (cart):    0.0004070159
2025-12-23:10:29:22,18 INFO     [psi4.optking.opt_helper:164] Molsys:

	                            ===> Fragment 1 <== 

	 Z (Atomic Numbers)          Masses                          Geom                  
	       1.000000             1.007825          0.00000000  0.00000000  3.41362913   
	      11.000000            22.989769          0.00000000  0.00000000 -0.14992179   

	 - Coordinate -           - BOHR/RAD -       - ANG/DEG -
	 R(1,2)           =         3.563551           1.885750

2025-12-23:10:29:22,18 INFO     [psi4.optking.convcheck:76] Performing convergence check.
2025-12-23:10:29:22,18 INFO     [psi4.optking.convcheck:282] 
	                                 ==> Convergence Check <==                                  
    
	Measures of convergence in internal coordinates in au.
    
	Criteria marked as inactive (o), active & met (*), and active & unmet ( ).

	----------------------------------------------------------------------------------------------
	   Step    Total Energy     Delta E     Max Force     RMS Force      Max Disp      RMS Disp   
	----------------------------------------------------------------------------------------------
	  Convergence Criteria     1.00e-06 *    3.00e-04 *             o    1.20e-03 *             o
	----------------------------------------------------------------------------------------------
	     9    -162.86293316   -1.59e-07 *    3.11e-05 *    3.11e-05 o    5.76e-04 *    5.76e-04 o  ~
	----------------------------------------------------------------------------------------------


2025-12-23:10:29:22,18 INFO     [psi4.optking.convcheck:206] 
	                      ===> Final Convergence Report <===                     

	----------------------------------------------------------------------------
	|   Required Criteria    |  One or More Criteria  |   Alternate Criteria   |
	----------------------------------------------------------------------------
	| [x]     max_force      | [x]       max_DE       |                        |
	|                        | [x]      max_disp      |                        |
	----------------------------------------------------------------------------


2025-12-23:10:29:22,18 INFO     [psi4.optking.stepAlgorithms:296] 	Convergence check returned True
2025-12-23:10:29:22,18 INFO     [psi4.optking.optimize:332] 	Converged in 9 steps!
2025-12-23:10:29:22,18 INFO     [psi4.optking.optimize:333] 	Final energy is   -162.8629331636298
2025-12-23:10:29:22,18 INFO     [psi4.optking.optimize:334] 	Final structure (Angstroms): 
	Fragment 1 (Ang)

	    H   0.0000000000   0.0000000000   1.8064147394
	   Na   0.0000000000   0.0000000000  -0.0793351948


2025-12-23:10:29:22,19 INFO     [psi4.optking.optimize:562] 	Optimization Finished

	==> Optimization Summary <==

        
	Measures of convergence in internal coordinates in au. (Any backward steps not shown.)
        
	---------------------------------------------------------------------------------------------------------------  ~
        
	 Step         Total Energy             Delta E       MAX Force       RMS Force        MAX Disp        RMS Disp   ~
        
	---------------------------------------------------------------------------------------------------------------  ~
        
	     1    -162.765501264764   -162.765501264764      0.22549067      0.22549067      0.43710597      0.43710597  ~
	     2    -162.832101304467     -0.066600039703      0.09397922      0.09397922      0.28668705      0.28668705  ~
	     3    -162.851704636361     -0.019603331893      0.04663720      0.04663720      0.26289926      0.26289926  ~
	     4    -162.860153096122     -0.008448459761      0.01965333      0.01965333      0.18493063      0.18493063  ~
	     5    -162.862530551587     -0.002377455465      0.00671158      0.00671158      0.07485931      0.07485931  ~
	     6    -162.862872239385     -0.000341687798      0.00250506      0.00250506      0.03789622      0.03789622  ~
	     7    -162.862929950588     -0.000057711204      0.00056733      0.00056733      0.00884796      0.00884796  ~
	     8    -162.862933004388     -0.000003053800      0.00013231      0.00013231      0.00207757      0.00207757  ~
	     9    -162.862933163630     -0.000000159242      0.00003109      0.00003109      0.00057561      0.00057561  ~
	----------------------------------------------------------------------------------------------------------------


2025-12-23:10:29:22,19 INFO     [psi4.optking.optimize:806] Preparing OptimizationResult
