2025-12-23:11:27:14,623 WARNING  [psi4.optking:38] Some dependencies such as QCElemental have not yet finished migration to pydantic v2. If issues are encountered please downgrade pydantic or upgrade QCElemental as appropriate
2025-12-23:11:27:14,783 INFO     [psi4.optking.optwrapper:234] Creating a UserComputer
2025-12-23:11:27:14,783 INFO     [psi4.optking.optwrapper:242] 
    			-----------------------------------------

    			 OPTKING 3.0: for geometry optimizations 

    			     By R.A. King, Bethel University     

    			        with contributions from          

    			    A.V. Copan, J. Cayton, A. Heide      

    			-----------------------------------------

    
2025-12-23:11:27:14,784 INFO     [psi4.optking.optwrapper:272] 
		 -- Optimization Parameters --
	GEOM_MAXITER                   =             500
	ALG_GEOM_MAXITER               =              50
	PRINT                          =               1
	OPT_TYPE                       =             MIN
	STEP_TYPE                      =             RFO
	PROGRAM                        =            PSI4
	STEEPEST_DESCENT_TYPE          =         OVERLAP
	CONJUGATE_GRADIENT_TYPE        =        FLETCHER
	OPT_COORDINATES                =        INTERNAL
	RFO_FOLLOW_ROOT                =           False
	RFO_ROOT                       =               0
	ACCEPT_SYMMETRY_BREAKING       =           False
	DYNAMIC_LVL                    =               0
	DYNAMIC_LVL_MAX                =               0
	IRC_STEP_SIZE                  =             0.2
	IRC_DIRECTION                  =         FORWARD
	IRC_POINTS                     =              20
	IRC_MODE                       =          NORMAL
	IRC_CONVERGENCE                =            -0.7
	INTRAFRAG_STEP_LIMIT           =             0.5
	INTRAFRAG_STEP_LIMIT_MIN       =           0.001
	INTRAFRAG_STEP_LIMIT_MAX       =             1.0
	INTERFRAG_STEP_LIMIT           =             0.5
	INTERFRAG_STEP_LIMIT_MIN       =           0.001
	INTERFRAG_STEP_LIMIT_MAX       =             1.0
	ENSURE_BT_CONVERGENCE          =           False
	SIMPLE_STEP_SCALING            =           False
	CONSECUTIVE_BACKSTEPS          =               0
	RFO_NORMALIZATION_MAX          =             100
	RSRFO_ALPHA_MAX                =     100000000.0
	PRINT_TRAJECTORY_XYZ_FILE      =           False
	WRITE_TRAJECTORY               =           False
	FROZEN_DISTANCE                =                
	FROZEN_BEND                    =                
	FROZEN_DIHEDRAL                =                
	FROZEN_OOFP                    =                
	FROZEN_CARTESIAN               =                
	FREEZE_ALL_DIHEDRALS           =           False
	UNFREEZE_DIHEDRALS             =                
	RANGED_DISTANCE                =                
	RANGED_BEND                    =                
	RANGED_DIHEDRAL                =                
	RANGED_OOFP                    =                
	RANGED_CARTESIAN               =                
	EXT_FORCE_DISTANCE             =                
	EXT_FORCE_BEND                 =                
	EXT_FORCE_DIHEDRAL             =                
	EXT_FORCE_OOFP                 =                
	EXT_FORCE_CARTESIAN            =                
	G_CONVERGENCE                  =           QCHEM
	MAX_FORCE_G_CONVERGENCE        =          0.0003
	RMS_FORCE_G_CONVERGENCE        =          0.0003
	MAX_ENERGY_G_CONVERGENCE       =           1e-06
	MAX_DISP_G_CONVERGENCE         =          0.0012
	RMS_DISP_G_CONVERGENCE         =          0.0012
	FLEXIBLE_G_CONVERGENCE         =           False
	HESS_UPDATE                    =            BFGS
	HESS_UPDATE_USE_LAST           =               4
	HESS_UPDATE_LIMIT              =            True
	HESS_UPDATE_LIMIT_MAX          =             1.0
	HESS_UPDATE_LIMIT_SCALE        =             0.5
	HESS_UPDATE_DEN_TOL            =           1e-07
	HESS_UPDATE_DQ_TOL             =             0.5
	CART_HESS_READ                 =           False
	HESSIAN_FILE                   =               .
	FULL_HESS_EVERY                =              -1
	INTRAFRAG_HESS                 =        SCHLEGEL
	H_GUESS_EVERY                  =           False
	BT_MAX_ITER                    =              25
	BT_DX_CONV                     =           1e-07
	BT_DX_RMS_CHANGE_CONV          =           1e-12
	BT_PINV_RCOND                  =           1e-06
	FRAG_MODE                      =          SINGLE
	FRAG_REF_ATOMS                 =              []
	FREEZE_INTRAFRAG               =           False
	INTERFRAG_MODE                 =           FIXED
	ADD_AUXILIARY_BONDS            =           False
	AUXILIARY_BOND_FACTOR          =             2.5
	INTERFRAG_DIST_INV             =           False
	INTERFRAG_COLLINEAR_TOL        =            0.01
	INTERFRAG_COORDS               =              []
	INTERFRAG_HESS                 =         DEFAULT
	COVALENT_CONNECT               =             1.3
	INTERFRAGMENT_CONNECT          =             1.8
	H_BOND_CONNECT                 =             4.3
	INCLUDE_OOFP                   =           False
	TEST_B                         =           False
	TEST_DERIVATIVE_B              =           False
	LINESEARCH_STEP                =             0.1
	LINESEARCH                     =           False
	SD_HESSIAN                     =             1.0
	FIX_VAL_NEAR_PI                =            1.57
	V3D_TORS_ANGLE_LIM             =           0.017
	V3D_TORS_COS_TOL               =           1e-10
	LINEAR_BEND_THRESHOLD          =            3.05
	SMALL_BEND_FIX_THRESHOLD       =            0.35
	REDUNDANT_EVAL_TOL             =           1e-10
	LINEAR_ALGEBRA_TOL             =           1e-10


2025-12-23:11:27:14,913 INFO     [psi4.optking.opt_helper:164] Molsys:

	                            ===> Fragment 1 <== 

	 Z (Atomic Numbers)          Masses                          Geom                  
	      13.000000            26.981539          0.00000000  0.00000000  1.28002203   
	      17.000000            34.968853          0.00000000  0.00000000 -0.98764932   

	 - Coordinate -           - BOHR/RAD -       - ANG/DEG -
	 R(1,2)           =         2.267671           1.200000

2025-12-23:11:27:14,922 INFO     [psi4.driver.task_planner:259] PLANNING Atomic:  keywords={'DAMPING_PERCENTAGE': 1.0, 'GEOM_MAXITER': 500, 'GUESS': 'SAP', 'MAXITER': 500, 'REFERENCE': 'UKS', 'function_kwargs': {}}
2025-12-23:11:27:14,924 INFO     [psi4.driver.driver:638] Compute gradient(): method=b3lyp, basis=cc-pvdz, molecule=default, nre=97.45680296505834
2025-12-23:11:27:15,542 INFO     [psi4.driver.driver:641] Return gradient(): -701.491066331831
2025-12-23:11:27:15,542 INFO     [psi4.driver.driver:642] [[ 0.00000000  0.00000000 -2.69516343]
 [ 0.00000000  0.00000000  2.69515366]]
2025-12-23:11:27:15,543 INFO     [psi4.optking.molsys:944] Projected (PHP) Hessian matrix
	 217.822043

2025-12-23:11:27:15,543 INFO     [psi4.optking.opt_helper:182] 
	         Geometry (au)                                       Gradient (au)
   0.0000000000   0.0000000000   1.2800220279		   0.0000000000   0.0000000000  -2.6951634285
   0.0000000000   0.0000000000  -0.9876493226		   0.0000000000   0.0000000000   2.6951536636

2025-12-23:11:27:15,544 INFO     [psi4.optking.stepAlgorithms:929] 	Using RFO solution 1.
2025-12-23:11:27:15,544 INFO     [psi4.optking.displace:100] 	Determining Cartesian step for fragment 1.
2025-12-23:11:27:15,544 INFO     [psi4.optking.displace:415] 	Successfully converged to displaced geometry.
2025-12-23:11:27:15,544 INFO     [psi4.optking.displace:416] 	RMS(dx):  0.000e+00 	Max(dx):  0.000e+00 	RMS(dq):  0.000e+00
2025-12-23:11:27:15,544 INFO     [psi4.optking.displace:172] 

	        --- Internal Coordinate Step in ANG or DEG, aJ/ANG or AJ/DEG ---
	-------------------------------------------------------------------------------
	           Coordinate      Previous         Force          Change          New 
	           ----------      --------        ------          ------        ------
	               R(1,2)       1.20000       22.20467        0.00655       1.20655
	-------------------------------------------------------------------------------

2025-12-23:11:27:15,544 INFO     [psi4.optking.stepAlgorithms:113] 	|target step| :    0.0123713193
2025-12-23:11:27:15,544 INFO     [psi4.optking.stepAlgorithms:114] 	gradient     :   -2.6951585461
2025-12-23:11:27:15,544 INFO     [psi4.optking.stepAlgorithms:115] 	hessian      :  217.8220428578
2025-12-23:11:27:15,544 INFO     [psi4.optking.stepAlgorithms:113] 	|target step| :    0.0123713193
2025-12-23:11:27:15,544 INFO     [psi4.optking.stepAlgorithms:114] 	gradient     :   -2.6951585461
2025-12-23:11:27:15,544 INFO     [psi4.optking.stepAlgorithms:115] 	hessian      :  217.8220428578
2025-12-23:11:27:15,544 INFO     [psi4.optking.stepAlgorithms:206] 	Norm of achieved step-size    0.0123713193
2025-12-23:11:27:15,544 INFO     [psi4.optking.stepAlgorithms:208] 	Norm of achieved step-size (cart):    0.0087478438
2025-12-23:11:27:15,544 INFO     [psi4.optking.opt_helper:164] Molsys:

	                            ===> Fragment 1 <== 

	 Z (Atomic Numbers)          Masses                          Geom                  
	      13.000000            26.981539          0.00000000  0.00000000  1.28620769   
	      17.000000            34.968853          0.00000000  0.00000000 -0.99383498   

	 - Coordinate -           - BOHR/RAD -       - ANG/DEG -
	 R(1,2)           =         2.280043           1.206547

2025-12-23:11:27:15,545 INFO     [psi4.optking.convcheck:76] Performing convergence check.
2025-12-23:11:27:15,545 INFO     [psi4.optking.convcheck:282] 
	                                 ==> Convergence Check <==                                  
    
	Measures of convergence in internal coordinates in au.
    
	Criteria marked as inactive (o), active & met (*), and active & unmet ( ).

	----------------------------------------------------------------------------------------------~
	   Step    Total Energy     Delta E     Max Force     RMS Force      Max Disp      RMS Disp   ~
	----------------------------------------------------------------------------------------------~
	  Convergence Criteria     1.00e-06 *    3.00e-04 *             o    1.20e-03 *             o~
	----------------------------------------------------------------------------------------------~
	     1    -701.49106633   -7.01e+02      2.70e+00      2.70e+00 o    1.24e-02      1.24e-02 o  ~
	----------------------------------------------------------------------------------------------


2025-12-23:11:27:15,545 INFO     [psi4.optking.stepAlgorithms:296] 	Convergence check returned False
2025-12-23:11:27:15,555 INFO     [psi4.driver.task_planner:259] PLANNING Atomic:  keywords={'DAMPING_PERCENTAGE': 1.0, 'GEOM_MAXITER': 500, 'SCF__GUESS': 'READ', 'GUESS': 'SAP', 'MAXITER': 500, 'REFERENCE': 'UKS', 'function_kwargs': {}}
2025-12-23:11:27:15,556 INFO     [psi4.driver.driver:638] Compute gradient(): method=b3lyp, basis=cc-pvdz, molecule=default, nre=96.92801056653931
2025-12-23:11:27:16,121 INFO     [psi4.driver.driver:641] Return gradient(): -701.524023623529
2025-12-23:11:27:16,121 INFO     [psi4.driver.driver:642] [[ 0.00000000 -0.00000000 -2.63294094]
 [ 0.00000000  0.00000000  2.63292178]]
2025-12-23:11:27:16,123 INFO     [psi4.optking.history:269] 	Performing BFGS update.
2025-12-23:11:27:16,123 INFO     [psi4.optking.history:280] 	Using 1 previous steps for update.
2025-12-23:11:27:16,123 INFO     [psi4.optking.history:317] 	Steps to be used in Hessian update:  1

2025-12-23:11:27:16,123 INFO     [psi4.optking.history:418] 	Updated Hessian (in au) 
 	 108.911021

2025-12-23:11:27:16,123 INFO     [psi4.optking.molsys:944] Projected (PHP) Hessian matrix
	 108.911021

2025-12-23:11:27:16,123 INFO     [psi4.optking.opt_helper:182] 
	         Geometry (au)                                       Gradient (au)
   0.0000000000   0.0000000000   1.2870052097		   0.0000000000  -0.0000000000  -2.6329409426
   0.0000000000   0.0000000000  -0.9930374602		   0.0000000000   0.0000000000   2.6329217817

2025-12-23:11:27:16,123 INFO     [psi4.optking.stepAlgorithms:368] 	Current Step Report 
 
	Current energy:      -701.5240236235
	Energy change for the previous step:
		Actual       :        -0.0329572917
		Projected    :        -0.0166713335

2025-12-23:11:27:16,123 INFO     [psi4.optking.stepAlgorithms:371] 	Energy ratio =    1.97688
2025-12-23:11:27:16,123 INFO     [psi4.optking.stepAlgorithms:399] 	Energy ratio indicates good step.
2025-12-23:11:27:16,123 INFO     [psi4.optking.stepAlgorithms:400] 	Intrafrag trust radius increased to      1.
2025-12-23:11:27:16,123 INFO     [psi4.optking.stepAlgorithms:929] 	Using RFO solution 1.
2025-12-23:11:27:16,124 INFO     [psi4.optking.displace:100] 	Determining Cartesian step for fragment 1.
2025-12-23:11:27:16,124 INFO     [psi4.optking.displace:415] 	Successfully converged to displaced geometry.
2025-12-23:11:27:16,124 INFO     [psi4.optking.displace:416] 	RMS(dx):  1.282e-16 	Max(dx):  2.220e-16 	RMS(dq):  4.441e-16
2025-12-23:11:27:16,124 INFO     [psi4.optking.displace:172] 

	        --- Internal Coordinate Step in ANG or DEG, aJ/ANG or AJ/DEG ---
	-------------------------------------------------------------------------------
	           Coordinate      Previous         Force          Change          New 
	           ----------      --------        ------          ------        ------
	               R(1,2)       1.20655       21.69199        0.01279       1.21933
	-------------------------------------------------------------------------------

2025-12-23:11:27:16,124 INFO     [psi4.optking.stepAlgorithms:113] 	|target step| :    0.0241609559
2025-12-23:11:27:16,124 INFO     [psi4.optking.stepAlgorithms:114] 	gradient     :   -2.6329313621
2025-12-23:11:27:16,124 INFO     [psi4.optking.stepAlgorithms:115] 	hessian      :  108.9110214289
2025-12-23:11:27:16,124 INFO     [psi4.optking.stepAlgorithms:113] 	|target step| :    0.0241609559
2025-12-23:11:27:16,124 INFO     [psi4.optking.stepAlgorithms:114] 	gradient     :   -2.6329313621
2025-12-23:11:27:16,124 INFO     [psi4.optking.stepAlgorithms:115] 	hessian      :  108.9110214289
2025-12-23:11:27:16,124 INFO     [psi4.optking.stepAlgorithms:206] 	Norm of achieved step-size    0.0241609559
2025-12-23:11:27:16,124 INFO     [psi4.optking.stepAlgorithms:208] 	Norm of achieved step-size (cart):    0.0170843757
2025-12-23:11:27:16,124 INFO     [psi4.optking.opt_helper:164] Molsys:

	                            ===> Fragment 1 <== 

	 Z (Atomic Numbers)          Masses                          Geom                  
	      13.000000            26.981539          0.00000000  0.00000000  1.29908569   
	      17.000000            34.968853          0.00000000  0.00000000 -1.00511794   

	 - Coordinate -           - BOHR/RAD -       - ANG/DEG -
	 R(1,2)           =         2.304204           1.219332

2025-12-23:11:27:16,124 INFO     [psi4.optking.convcheck:76] Performing convergence check.
2025-12-23:11:27:16,124 INFO     [psi4.optking.convcheck:282] 
	                                 ==> Convergence Check <==                                  
    
	Measures of convergence in internal coordinates in au.
    
	Criteria marked as inactive (o), active & met (*), and active & unmet ( ).

	----------------------------------------------------------------------------------------------
	   Step    Total Energy     Delta E     Max Force     RMS Force      Max Disp      RMS Disp   
	----------------------------------------------------------------------------------------------
	  Convergence Criteria     1.00e-06 *    3.00e-04 *             o    1.20e-03 *             o
	----------------------------------------------------------------------------------------------
	     2    -701.52402362   -3.30e-02      2.63e+00      2.63e+00 o    2.42e-02      2.42e-02 o  ~
	----------------------------------------------------------------------------------------------


2025-12-23:11:27:16,124 INFO     [psi4.optking.stepAlgorithms:296] 	Convergence check returned False
2025-12-23:11:27:16,136 INFO     [psi4.driver.task_planner:259] PLANNING Atomic:  keywords={'DAMPING_PERCENTAGE': 1.0, 'GEOM_MAXITER': 500, 'SCF__GUESS': 'READ', 'GUESS': 'SAP', 'MAXITER': 500, 'REFERENCE': 'UKS', 'function_kwargs': {}}
2025-12-23:11:27:16,137 INFO     [psi4.driver.driver:638] Compute gradient(): method=b3lyp, basis=cc-pvdz, molecule=default, nre=95.91166228864587
2025-12-23:11:27:16,744 INFO     [psi4.driver.driver:641] Return gradient(): -701.5862003233252
2025-12-23:11:27:16,744 INFO     [psi4.driver.driver:642] [[ 0.00000000  0.00000000 -2.51453058]
 [ 0.00000000  0.00000000  2.51449259]]
2025-12-23:11:27:16,745 INFO     [psi4.optking.history:269] 	Performing BFGS update.
2025-12-23:11:27:16,745 INFO     [psi4.optking.history:280] 	Using 2 previous steps for update.
2025-12-23:11:27:16,746 INFO     [psi4.optking.history:317] 	Steps to be used in Hessian update:  2 1

2025-12-23:11:27:16,746 INFO     [psi4.optking.history:418] 	Updated Hessian (in au) 
 	  27.227755

2025-12-23:11:27:16,746 INFO     [psi4.optking.molsys:944] Projected (PHP) Hessian matrix
	  27.227755

2025-12-23:11:27:16,746 INFO     [psi4.optking.opt_helper:182] 
	         Geometry (au)                                       Gradient (au)
   0.0000000000   0.0000000000   1.3006432334		   0.0000000000   0.0000000000  -2.5145305839
   0.0000000000   0.0000000000  -1.0035603923		   0.0000000000   0.0000000000   2.5144925856

2025-12-23:11:27:16,746 INFO     [psi4.optking.stepAlgorithms:368] 	Current Step Report 
 
	Current energy:      -701.5862003233
	Energy change for the previous step:
		Actual       :        -0.0621766998
		Projected    :        -0.0318070692

2025-12-23:11:27:16,746 INFO     [psi4.optking.stepAlgorithms:371] 	Energy ratio =    1.95481
2025-12-23:11:27:16,746 INFO     [psi4.optking.stepAlgorithms:929] 	Using RFO solution 1.
2025-12-23:11:27:16,746 INFO     [psi4.optking.displace:100] 	Determining Cartesian step for fragment 1.
2025-12-23:11:27:16,746 INFO     [psi4.optking.displace:415] 	Successfully converged to displaced geometry.
2025-12-23:11:27:16,746 INFO     [psi4.optking.displace:416] 	RMS(dx):  1.282e-16 	Max(dx):  2.220e-16 	RMS(dq):  4.441e-16
2025-12-23:11:27:16,746 INFO     [psi4.optking.displace:172] 

	        --- Internal Coordinate Step in ANG or DEG, aJ/ANG or AJ/DEG ---
	-------------------------------------------------------------------------------
	           Coordinate      Previous         Force          Change          New 
	           ----------      --------        ------          ------        ------
	               R(1,2)       1.21933       20.71637        0.04846       1.26779
	-------------------------------------------------------------------------------

2025-12-23:11:27:16,746 INFO     [psi4.optking.stepAlgorithms:113] 	|target step| :    0.0915765618
2025-12-23:11:27:16,747 INFO     [psi4.optking.stepAlgorithms:114] 	gradient     :   -2.5145115847
2025-12-23:11:27:16,747 INFO     [psi4.optking.stepAlgorithms:115] 	hessian      :   27.2277553572
2025-12-23:11:27:16,747 INFO     [psi4.optking.stepAlgorithms:113] 	|target step| :    0.0915765618
2025-12-23:11:27:16,747 INFO     [psi4.optking.stepAlgorithms:114] 	gradient     :   -2.5145115847
2025-12-23:11:27:16,747 INFO     [psi4.optking.stepAlgorithms:115] 	hessian      :   27.2277553572
2025-12-23:11:27:16,747 INFO     [psi4.optking.stepAlgorithms:206] 	Norm of achieved step-size    0.0915765618
2025-12-23:11:27:16,747 INFO     [psi4.optking.stepAlgorithms:208] 	Norm of achieved step-size (cart):    0.0647544078
2025-12-23:11:27:16,747 INFO     [psi4.optking.opt_helper:164] Molsys:

	                            ===> Fragment 1 <== 

	 Z (Atomic Numbers)          Masses                          Geom                  
	      13.000000            26.981539          0.00000000  0.00000000  1.34643151   
	      17.000000            34.968853          0.00000000  0.00000000 -1.04934867   

	 - Coordinate -           - BOHR/RAD -       - ANG/DEG -
	 R(1,2)           =         2.395780           1.267792

2025-12-23:11:27:16,747 INFO     [psi4.optking.convcheck:76] Performing convergence check.
2025-12-23:11:27:16,747 INFO     [psi4.optking.convcheck:282] 
	                                 ==> Convergence Check <==                                  
    
	Measures of convergence in internal coordinates in au.
    
	Criteria marked as inactive (o), active & met (*), and active & unmet ( ).

	----------------------------------------------------------------------------------------------
	   Step    Total Energy     Delta E     Max Force     RMS Force      Max Disp      RMS Disp   
	----------------------------------------------------------------------------------------------
	  Convergence Criteria     1.00e-06 *    3.00e-04 *             o    1.20e-03 *             o
	----------------------------------------------------------------------------------------------
	     3    -701.58620032   -6.22e-02      2.51e+00      2.51e+00 o    9.16e-02      9.16e-02 o  ~
	----------------------------------------------------------------------------------------------


2025-12-23:11:27:16,747 INFO     [psi4.optking.stepAlgorithms:296] 	Convergence check returned False
2025-12-23:11:27:16,758 INFO     [psi4.driver.task_planner:259] PLANNING Atomic:  keywords={'DAMPING_PERCENTAGE': 1.0, 'GEOM_MAXITER': 500, 'SCF__GUESS': 'READ', 'GUESS': 'SAP', 'MAXITER': 500, 'REFERENCE': 'UKS', 'function_kwargs': {}}
2025-12-23:11:27:16,759 INFO     [psi4.driver.driver:638] Compute gradient(): method=b3lyp, basis=cc-pvdz, molecule=default, nre=92.24552450572423
2025-12-23:11:27:17,372 INFO     [psi4.driver.driver:641] Return gradient(): -701.7971534958468
2025-12-23:11:27:17,372 INFO     [psi4.driver.driver:642] [[-0.00000000 -0.00000000 -2.10205822]
 [ 0.00000000  0.00000000  2.10199981]]
2025-12-23:11:27:17,374 INFO     [psi4.optking.history:269] 	Performing BFGS update.
2025-12-23:11:27:17,374 INFO     [psi4.optking.history:280] 	Using 3 previous steps for update.
2025-12-23:11:27:17,374 INFO     [psi4.optking.history:317] 	Steps to be used in Hessian update:  3 2 1

2025-12-23:11:27:17,374 INFO     [psi4.optking.history:418] 	Updated Hessian (in au) 
 	   4.629888

2025-12-23:11:27:17,374 INFO     [psi4.optking.molsys:944] Projected (PHP) Hessian matrix
	   4.629888

2025-12-23:11:27:17,374 INFO     [psi4.optking.opt_helper:182] 
	         Geometry (au)                                       Gradient (au)
   0.0000000000   0.0000000000   1.3523350345		  -0.0000000000  -0.0000000000  -2.1020582186
   0.0000000000   0.0000000000  -1.0434451530		   0.0000000000   0.0000000000   2.1019998060

2025-12-23:11:27:17,374 INFO     [psi4.optking.stepAlgorithms:368] 	Current Step Report 
 
	Current energy:      -701.7971534958
	Energy change for the previous step:
		Actual       :        -0.2109531725
		Projected    :        -0.1151351627

2025-12-23:11:27:17,374 INFO     [psi4.optking.stepAlgorithms:371] 	Energy ratio =    1.83222
2025-12-23:11:27:17,374 INFO     [psi4.optking.stepAlgorithms:929] 	Using RFO solution 1.
2025-12-23:11:27:17,374 INFO     [psi4.optking.displace:100] 	Determining Cartesian step for fragment 1.
2025-12-23:11:27:17,375 INFO     [psi4.optking.displace:415] 	Successfully converged to displaced geometry.
2025-12-23:11:27:17,375 INFO     [psi4.optking.displace:416] 	RMS(dx):  1.282e-16 	Max(dx):  2.220e-16 	RMS(dq):  4.441e-16
2025-12-23:11:27:17,375 INFO     [psi4.optking.displace:172] 

	        --- Internal Coordinate Step in ANG or DEG, aJ/ANG or AJ/DEG ---
	-------------------------------------------------------------------------------
	           Coordinate      Previous         Force          Change          New 
	           ----------      --------        ------          ------        ------
	               R(1,2)       1.26779       17.31804        0.20441       1.47220
	-------------------------------------------------------------------------------

2025-12-23:11:27:17,375 INFO     [psi4.optking.stepAlgorithms:113] 	|target step| :    0.3862716086
2025-12-23:11:27:17,375 INFO     [psi4.optking.stepAlgorithms:114] 	gradient     :   -2.1020290123
2025-12-23:11:27:17,375 INFO     [psi4.optking.stepAlgorithms:115] 	hessian      :    4.6298877399
2025-12-23:11:27:17,375 INFO     [psi4.optking.stepAlgorithms:113] 	|target step| :    0.3862716086
2025-12-23:11:27:17,375 INFO     [psi4.optking.stepAlgorithms:114] 	gradient     :   -2.1020290123
2025-12-23:11:27:17,375 INFO     [psi4.optking.stepAlgorithms:115] 	hessian      :    4.6298877399
2025-12-23:11:27:17,375 INFO     [psi4.optking.stepAlgorithms:206] 	Norm of achieved step-size    0.3862716086
2025-12-23:11:27:17,375 INFO     [psi4.optking.stepAlgorithms:208] 	Norm of achieved step-size (cart):    0.2731352739
2025-12-23:11:27:17,375 INFO     [psi4.optking.opt_helper:164] Molsys:

	                            ===> Fragment 1 <== 

	 Z (Atomic Numbers)          Masses                          Geom                  
	      13.000000            26.981539          0.00000000  0.00000000  1.54547084   
	      17.000000            34.968853          0.00000000  0.00000000 -1.23658096   

	 - Coordinate -           - BOHR/RAD -       - ANG/DEG -
	 R(1,2)           =         2.782052           1.472198

2025-12-23:11:27:17,375 INFO     [psi4.optking.convcheck:76] Performing convergence check.
2025-12-23:11:27:17,375 INFO     [psi4.optking.convcheck:282] 
	                                 ==> Convergence Check <==                                  
    
	Measures of convergence in internal coordinates in au.
    
	Criteria marked as inactive (o), active & met (*), and active & unmet ( ).

	----------------------------------------------------------------------------------------------
	   Step    Total Energy     Delta E     Max Force     RMS Force      Max Disp      RMS Disp   
	----------------------------------------------------------------------------------------------
	  Convergence Criteria     1.00e-06 *    3.00e-04 *             o    1.20e-03 *             o
	----------------------------------------------------------------------------------------------
	     4    -701.79715350   -2.11e-01      2.10e+00      2.10e+00 o    3.86e-01      3.86e-01 o  ~
	----------------------------------------------------------------------------------------------


2025-12-23:11:27:17,375 INFO     [psi4.optking.stepAlgorithms:296] 	Convergence check returned False
2025-12-23:11:27:17,385 INFO     [psi4.driver.task_planner:259] PLANNING Atomic:  keywords={'DAMPING_PERCENTAGE': 1.0, 'GEOM_MAXITER': 500, 'SCF__GUESS': 'READ', 'GUESS': 'SAP', 'MAXITER': 500, 'REFERENCE': 'UKS', 'function_kwargs': {}}
2025-12-23:11:27:17,387 INFO     [psi4.driver.driver:638] Compute gradient(): method=b3lyp, basis=cc-pvdz, molecule=default, nre=79.43777333808038
2025-12-23:11:27:18,41 INFO     [psi4.driver.driver:641] Return gradient(): -702.3552234119716
2025-12-23:11:27:18,41 INFO     [psi4.driver.driver:642] [[ 0.00000000 -0.00000000 -0.92654677]
 [ 0.00000000 -0.00000000  0.92645821]]
2025-12-23:11:27:18,43 INFO     [psi4.optking.history:269] 	Performing BFGS update.
2025-12-23:11:27:18,43 INFO     [psi4.optking.history:280] 	Using 4 previous steps for update.
2025-12-23:11:27:18,43 WARNING  [psi4.optking.history:301] 	Change in internal coordinate of 5.02e-01 exceeds limit of 5.00e-01.
2025-12-23:11:27:18,43 WARNING  [psi4.optking.history:306] 	Skipping Hessian update for step 2.
2025-12-23:11:27:18,43 WARNING  [psi4.optking.history:301] 	Change in internal coordinate of 5.14e-01 exceeds limit of 5.00e-01.
2025-12-23:11:27:18,43 WARNING  [psi4.optking.history:306] 	Skipping Hessian update for step 1.
2025-12-23:11:27:18,43 INFO     [psi4.optking.history:317] 	Steps to be used in Hessian update:  4 3

2025-12-23:11:27:18,43 INFO     [psi4.optking.history:418] 	Updated Hessian (in au) 
 	   3.323250

2025-12-23:11:27:18,43 INFO     [psi4.optking.molsys:944] Projected (PHP) Hessian matrix
	   3.323250

2025-12-23:11:27:18,43 INFO     [psi4.optking.opt_helper:182] 
	         Geometry (au)                                       Gradient (au)
   0.0000000000   0.0000000000   1.5703719946		   0.0000000000  -0.0000000000  -0.9265467693
   0.0000000000   0.0000000000  -1.2116798016		   0.0000000000  -0.0000000000   0.9264582129

2025-12-23:11:27:18,43 INFO     [psi4.optking.stepAlgorithms:368] 	Current Step Report 
 
	Current energy:      -702.3552234120
	Energy change for the previous step:
		Actual       :        -0.5580699161
		Projected    :        -0.4059770640

2025-12-23:11:27:18,43 INFO     [psi4.optking.stepAlgorithms:371] 	Energy ratio =    1.37463
2025-12-23:11:27:18,43 INFO     [psi4.optking.stepAlgorithms:929] 	Using RFO solution 1.
2025-12-23:11:27:18,44 INFO     [psi4.optking.displace:100] 	Determining Cartesian step for fragment 1.
2025-12-23:11:27:18,44 INFO     [psi4.optking.displace:415] 	Successfully converged to displaced geometry.
2025-12-23:11:27:18,44 INFO     [psi4.optking.displace:416] 	RMS(dx):  0.000e+00 	Max(dx):  0.000e+00 	RMS(dq):  0.000e+00
2025-12-23:11:27:18,44 INFO     [psi4.optking.displace:172] 

	        --- Internal Coordinate Step in ANG or DEG, aJ/ANG or AJ/DEG ---
	-------------------------------------------------------------------------------
	           Coordinate      Previous         Force          Change          New 
	           ----------      --------        ------          ------        ------
	               R(1,2)       1.47220        7.63320        0.13756       1.60976
	-------------------------------------------------------------------------------

2025-12-23:11:27:18,44 INFO     [psi4.optking.stepAlgorithms:113] 	|target step| :    0.2599542272
2025-12-23:11:27:18,44 INFO     [psi4.optking.stepAlgorithms:114] 	gradient     :   -0.9265024911
2025-12-23:11:27:18,44 INFO     [psi4.optking.stepAlgorithms:115] 	hessian      :    3.3232503376
2025-12-23:11:27:18,44 INFO     [psi4.optking.stepAlgorithms:113] 	|target step| :    0.2599542272
2025-12-23:11:27:18,44 INFO     [psi4.optking.stepAlgorithms:114] 	gradient     :   -0.9265024911
2025-12-23:11:27:18,44 INFO     [psi4.optking.stepAlgorithms:115] 	hessian      :    3.3232503376
2025-12-23:11:27:18,44 INFO     [psi4.optking.stepAlgorithms:206] 	Norm of achieved step-size    0.2599542272
2025-12-23:11:27:18,44 INFO     [psi4.optking.stepAlgorithms:208] 	Norm of achieved step-size (cart):    0.1838153968
2025-12-23:11:27:18,44 INFO     [psi4.optking.opt_helper:164] Molsys:

	                            ===> Fragment 1 <== 

	 Z (Atomic Numbers)          Masses                          Geom                  
	      13.000000            26.981539          0.00000000  0.00000000  1.70034911   
	      17.000000            34.968853          0.00000000  0.00000000 -1.34165692   

	 - Coordinate -           - BOHR/RAD -       - ANG/DEG -
	 R(1,2)           =         3.042006           1.609760

2025-12-23:11:27:18,44 INFO     [psi4.optking.convcheck:76] Performing convergence check.
2025-12-23:11:27:18,44 INFO     [psi4.optking.convcheck:282] 
	                                 ==> Convergence Check <==                                  
    
	Measures of convergence in internal coordinates in au.
    
	Criteria marked as inactive (o), active & met (*), and active & unmet ( ).

	----------------------------------------------------------------------------------------------
	   Step    Total Energy     Delta E     Max Force     RMS Force      Max Disp      RMS Disp   
	----------------------------------------------------------------------------------------------
	  Convergence Criteria     1.00e-06 *    3.00e-04 *             o    1.20e-03 *             o
	----------------------------------------------------------------------------------------------
	     5    -702.35522341   -5.58e-01      9.27e-01      9.27e-01 o    2.60e-01      2.60e-01 o  ~
	----------------------------------------------------------------------------------------------


2025-12-23:11:27:18,44 INFO     [psi4.optking.stepAlgorithms:296] 	Convergence check returned False
2025-12-23:11:27:18,55 INFO     [psi4.driver.task_planner:259] PLANNING Atomic:  keywords={'DAMPING_PERCENTAGE': 1.0, 'GEOM_MAXITER': 500, 'SCF__GUESS': 'READ', 'GUESS': 'SAP', 'MAXITER': 500, 'REFERENCE': 'UKS', 'function_kwargs': {}}
2025-12-23:11:27:18,56 INFO     [psi4.driver.driver:638] Compute gradient(): method=b3lyp, basis=cc-pvdz, molecule=default, nre=72.64942879856497
2025-12-23:11:27:18,641 INFO     [psi4.driver.driver:641] Return gradient(): -702.5377853053108
2025-12-23:11:27:18,642 INFO     [psi4.driver.driver:642] [[-0.00000000  0.00000000 -0.51510186]
 [-0.00000000  0.00000000  0.51509789]]
2025-12-23:11:27:18,643 INFO     [psi4.optking.history:269] 	Performing BFGS update.
2025-12-23:11:27:18,643 INFO     [psi4.optking.history:280] 	Using 4 previous steps for update.
2025-12-23:11:27:18,643 WARNING  [psi4.optking.history:301] 	Change in internal coordinate of 6.46e-01 exceeds limit of 5.00e-01.
2025-12-23:11:27:18,643 WARNING  [psi4.optking.history:306] 	Skipping Hessian update for step 4.
2025-12-23:11:27:18,644 WARNING  [psi4.optking.history:301] 	Change in internal coordinate of 7.38e-01 exceeds limit of 5.00e-01.
2025-12-23:11:27:18,644 WARNING  [psi4.optking.history:306] 	Skipping Hessian update for step 3.
2025-12-23:11:27:18,644 WARNING  [psi4.optking.history:301] 	Change in internal coordinate of 7.62e-01 exceeds limit of 5.00e-01.
2025-12-23:11:27:18,644 WARNING  [psi4.optking.history:306] 	Skipping Hessian update for step 2.
2025-12-23:11:27:18,644 WARNING  [psi4.optking.history:301] 	Change in internal coordinate of 7.74e-01 exceeds limit of 5.00e-01.
2025-12-23:11:27:18,644 WARNING  [psi4.optking.history:306] 	Skipping Hessian update for step 1.
2025-12-23:11:27:18,644 INFO     [psi4.optking.history:317] 	Steps to be used in Hessian update:  5

2025-12-23:11:27:18,644 INFO     [psi4.optking.history:418] 	Updated Hessian (in au) 
 	   1.661625

2025-12-23:11:27:18,644 INFO     [psi4.optking.molsys:944] Projected (PHP) Hessian matrix
	   1.661625

2025-12-23:11:27:18,644 INFO     [psi4.optking.opt_helper:182] 
	         Geometry (au)                                       Gradient (au)
   0.0000000000   0.0000000000   1.7171071628		  -0.0000000000   0.0000000000  -0.5151018588
   0.0000000000   0.0000000000  -1.3248988606		  -0.0000000000   0.0000000000   0.5150978922

2025-12-23:11:27:18,644 INFO     [psi4.optking.stepAlgorithms:368] 	Current Step Report 
 
	Current energy:      -702.5377853053
	Energy change for the previous step:
		Actual       :        -0.1825618933
		Projected    :        -0.1204241195

2025-12-23:11:27:18,644 INFO     [psi4.optking.stepAlgorithms:371] 	Energy ratio =    1.51599
2025-12-23:11:27:18,644 INFO     [psi4.optking.stepAlgorithms:929] 	Using RFO solution 1.
2025-12-23:11:27:18,644 INFO     [psi4.optking.displace:100] 	Determining Cartesian step for fragment 1.
2025-12-23:11:27:18,644 INFO     [psi4.optking.displace:415] 	Successfully converged to displaced geometry.
2025-12-23:11:27:18,644 INFO     [psi4.optking.displace:416] 	RMS(dx):  0.000e+00 	Max(dx):  0.000e+00 	RMS(dq):  0.000e+00
2025-12-23:11:27:18,645 INFO     [psi4.optking.displace:172] 

	        --- Internal Coordinate Step in ANG or DEG, aJ/ANG or AJ/DEG ---
	-------------------------------------------------------------------------------
	           Coordinate      Previous         Force          Change          New 
	           ----------      --------        ------          ------        ------
	               R(1,2)       1.60976        4.24377        0.15073       1.76049
	-------------------------------------------------------------------------------

2025-12-23:11:27:18,645 INFO     [psi4.optking.stepAlgorithms:113] 	|target step| :    0.2848453906
2025-12-23:11:27:18,645 INFO     [psi4.optking.stepAlgorithms:114] 	gradient     :   -0.5150998755
2025-12-23:11:27:18,645 INFO     [psi4.optking.stepAlgorithms:115] 	hessian      :    1.6616251688
2025-12-23:11:27:18,645 INFO     [psi4.optking.stepAlgorithms:113] 	|target step| :    0.2848453906
2025-12-23:11:27:18,645 INFO     [psi4.optking.stepAlgorithms:114] 	gradient     :   -0.5150998755
2025-12-23:11:27:18,645 INFO     [psi4.optking.stepAlgorithms:115] 	hessian      :    1.6616251688
2025-12-23:11:27:18,645 INFO     [psi4.optking.stepAlgorithms:206] 	Norm of achieved step-size    0.2848453906
2025-12-23:11:27:18,645 INFO     [psi4.optking.stepAlgorithms:208] 	Norm of achieved step-size (cart):    0.2014161073
2025-12-23:11:27:18,645 INFO     [psi4.optking.opt_helper:164] Molsys:

	                            ===> Fragment 1 <== 

	 Z (Atomic Numbers)          Masses                          Geom                  
	      13.000000            26.981539          0.00000000  0.00000000  1.85952986   
	      17.000000            34.968853          0.00000000  0.00000000 -1.46732156   

	 - Coordinate -           - BOHR/RAD -       - ANG/DEG -
	 R(1,2)           =         3.326851           1.760494

2025-12-23:11:27:18,645 INFO     [psi4.optking.convcheck:76] Performing convergence check.
2025-12-23:11:27:18,645 INFO     [psi4.optking.convcheck:282] 
	                                 ==> Convergence Check <==                                  
    
	Measures of convergence in internal coordinates in au.
    
	Criteria marked as inactive (o), active & met (*), and active & unmet ( ).

	----------------------------------------------------------------------------------------------
	   Step    Total Energy     Delta E     Max Force     RMS Force      Max Disp      RMS Disp   
	----------------------------------------------------------------------------------------------
	  Convergence Criteria     1.00e-06 *    3.00e-04 *             o    1.20e-03 *             o
	----------------------------------------------------------------------------------------------
	     6    -702.53778531   -1.83e-01      5.15e-01      5.15e-01 o    2.85e-01      2.85e-01 o  ~
	----------------------------------------------------------------------------------------------


2025-12-23:11:27:18,645 INFO     [psi4.optking.stepAlgorithms:296] 	Convergence check returned False
2025-12-23:11:27:18,656 INFO     [psi4.driver.task_planner:259] PLANNING Atomic:  keywords={'DAMPING_PERCENTAGE': 1.0, 'GEOM_MAXITER': 500, 'SCF__GUESS': 'READ', 'GUESS': 'SAP', 'MAXITER': 500, 'REFERENCE': 'UKS', 'function_kwargs': {}}
2025-12-23:11:27:18,657 INFO     [psi4.driver.driver:638] Compute gradient(): method=b3lyp, basis=cc-pvdz, molecule=default, nre=66.42917656996809
2025-12-23:11:27:19,344 INFO     [psi4.driver.driver:641] Return gradient(): -702.6445391191213
2025-12-23:11:27:19,345 INFO     [psi4.driver.driver:642] [[ 0.00000000  0.00000000 -0.25965051]
 [-0.00000000 -0.00000000  0.25964484]]
2025-12-23:11:27:19,346 INFO     [psi4.optking.history:269] 	Performing BFGS update.
2025-12-23:11:27:19,346 INFO     [psi4.optking.history:280] 	Using 4 previous steps for update.
2025-12-23:11:27:19,347 WARNING  [psi4.optking.history:301] 	Change in internal coordinate of 5.45e-01 exceeds limit of 5.00e-01.
2025-12-23:11:27:19,347 WARNING  [psi4.optking.history:306] 	Skipping Hessian update for step 5.
2025-12-23:11:27:19,347 WARNING  [psi4.optking.history:301] 	Change in internal coordinate of 9.31e-01 exceeds limit of 5.00e-01.
2025-12-23:11:27:19,347 WARNING  [psi4.optking.history:306] 	Skipping Hessian update for step 4.
2025-12-23:11:27:19,347 WARNING  [psi4.optking.history:301] 	Change in internal coordinate of 1.02e+00 exceeds limit of 5.00e-01.
2025-12-23:11:27:19,347 WARNING  [psi4.optking.history:306] 	Skipping Hessian update for step 3.
2025-12-23:11:27:19,347 WARNING  [psi4.optking.history:301] 	Change in internal coordinate of 1.05e+00 exceeds limit of 5.00e-01.
2025-12-23:11:27:19,347 WARNING  [psi4.optking.history:306] 	Skipping Hessian update for step 2.
2025-12-23:11:27:19,347 WARNING  [psi4.optking.history:301] 	Change in internal coordinate of 1.06e+00 exceeds limit of 5.00e-01.
2025-12-23:11:27:19,347 WARNING  [psi4.optking.history:306] 	Skipping Hessian update for step 1.
2025-12-23:11:27:19,347 INFO     [psi4.optking.history:317] 	Steps to be used in Hessian update:  6

2025-12-23:11:27:19,347 INFO     [psi4.optking.history:418] 	Updated Hessian (in au) 
 	   0.896810

2025-12-23:11:27:19,347 INFO     [psi4.optking.molsys:944] Projected (PHP) Hessian matrix
	   0.896810

2025-12-23:11:27:19,347 INFO     [psi4.optking.opt_helper:182] 
	         Geometry (au)                                       Gradient (au)
   0.0000000000   0.0000000000   1.8778925316		   0.0000000000   0.0000000000  -0.2596505052
   0.0000000000   0.0000000000  -1.4489588823		  -0.0000000000  -0.0000000000   0.2596448399

2025-12-23:11:27:19,347 INFO     [psi4.optking.stepAlgorithms:368] 	Current Step Report 
 
	Current energy:      -702.6445391191
	Energy change for the previous step:
		Actual       :        -0.1067538138
		Projected    :        -0.0733619126

2025-12-23:11:27:19,347 INFO     [psi4.optking.stepAlgorithms:371] 	Energy ratio =    1.45517
2025-12-23:11:27:19,347 INFO     [psi4.optking.stepAlgorithms:929] 	Using RFO solution 1.
2025-12-23:11:27:19,347 INFO     [psi4.optking.displace:100] 	Determining Cartesian step for fragment 1.
2025-12-23:11:27:19,348 INFO     [psi4.optking.displace:415] 	Successfully converged to displaced geometry.
2025-12-23:11:27:19,348 INFO     [psi4.optking.displace:416] 	RMS(dx):  0.000e+00 	Max(dx):  0.000e+00 	RMS(dq):  0.000e+00
2025-12-23:11:27:19,348 INFO     [psi4.optking.displace:172] 

	        --- Internal Coordinate Step in ANG or DEG, aJ/ANG or AJ/DEG ---
	-------------------------------------------------------------------------------
	           Coordinate      Previous         Force          Change          New 
	           ----------      --------        ------          ------        ------
	               R(1,2)       1.76049        2.13917        0.14215       1.90265
	-------------------------------------------------------------------------------

2025-12-23:11:27:19,348 INFO     [psi4.optking.stepAlgorithms:113] 	|target step| :    0.2686308484
2025-12-23:11:27:19,348 INFO     [psi4.optking.stepAlgorithms:114] 	gradient     :   -0.2596476726
2025-12-23:11:27:19,348 INFO     [psi4.optking.stepAlgorithms:115] 	hessian      :    0.8968100289
2025-12-23:11:27:19,348 INFO     [psi4.optking.stepAlgorithms:113] 	|target step| :    0.2686308484
2025-12-23:11:27:19,348 INFO     [psi4.optking.stepAlgorithms:114] 	gradient     :   -0.2596476726
2025-12-23:11:27:19,348 INFO     [psi4.optking.stepAlgorithms:115] 	hessian      :    0.8968100289
2025-12-23:11:27:19,348 INFO     [psi4.optking.stepAlgorithms:206] 	Norm of achieved step-size    0.2686308484
2025-12-23:11:27:19,348 INFO     [psi4.optking.stepAlgorithms:208] 	Norm of achieved step-size (cart):    0.1899506945
2025-12-23:11:27:19,348 INFO     [psi4.optking.opt_helper:164] Molsys:

	                            ===> Fragment 1 <== 

	 Z (Atomic Numbers)          Masses                          Geom                  
	      13.000000            26.981539          0.00000000  0.00000000  2.01220796   
	      17.000000            34.968853          0.00000000  0.00000000 -1.58327431   

	 - Coordinate -           - BOHR/RAD -       - ANG/DEG -
	 R(1,2)           =         3.595482           1.902647

2025-12-23:11:27:19,348 INFO     [psi4.optking.convcheck:76] Performing convergence check.
2025-12-23:11:27:19,348 INFO     [psi4.optking.convcheck:282] 
	                                 ==> Convergence Check <==                                  
    
	Measures of convergence in internal coordinates in au.
    
	Criteria marked as inactive (o), active & met (*), and active & unmet ( ).

	----------------------------------------------------------------------------------------------
	   Step    Total Energy     Delta E     Max Force     RMS Force      Max Disp      RMS Disp   
	----------------------------------------------------------------------------------------------
	  Convergence Criteria     1.00e-06 *    3.00e-04 *             o    1.20e-03 *             o
	----------------------------------------------------------------------------------------------
	     7    -702.64453912   -1.07e-01      2.60e-01      2.60e-01 o    2.69e-01      2.69e-01 o  ~
	----------------------------------------------------------------------------------------------


2025-12-23:11:27:19,348 INFO     [psi4.optking.stepAlgorithms:296] 	Convergence check returned False
2025-12-23:11:27:19,359 INFO     [psi4.driver.task_planner:259] PLANNING Atomic:  keywords={'DAMPING_PERCENTAGE': 1.0, 'GEOM_MAXITER': 500, 'SCF__GUESS': 'READ', 'GUESS': 'SAP', 'MAXITER': 500, 'REFERENCE': 'UKS', 'function_kwargs': {}}
2025-12-23:11:27:19,360 INFO     [psi4.driver.driver:638] Compute gradient(): method=b3lyp, basis=cc-pvdz, molecule=default, nre=61.466024269973005
2025-12-23:11:27:19,953 INFO     [psi4.driver.driver:641] Return gradient(): -702.6944325767051
2025-12-23:11:27:19,953 INFO     [psi4.driver.driver:642] [[ 0.00000000  0.00000000 -0.12428128]
 [ 0.00000000  0.00000000  0.12432820]]
2025-12-23:11:27:19,955 INFO     [psi4.optking.history:269] 	Performing BFGS update.
2025-12-23:11:27:19,955 INFO     [psi4.optking.history:280] 	Using 4 previous steps for update.
2025-12-23:11:27:19,955 WARNING  [psi4.optking.history:301] 	Change in internal coordinate of 5.53e-01 exceeds limit of 5.00e-01.
2025-12-23:11:27:19,955 WARNING  [psi4.optking.history:306] 	Skipping Hessian update for step 6.
2025-12-23:11:27:19,955 WARNING  [psi4.optking.history:301] 	Change in internal coordinate of 8.13e-01 exceeds limit of 5.00e-01.
2025-12-23:11:27:19,955 WARNING  [psi4.optking.history:306] 	Skipping Hessian update for step 5.
2025-12-23:11:27:19,955 WARNING  [psi4.optking.history:301] 	Change in internal coordinate of 1.20e+00 exceeds limit of 5.00e-01.
2025-12-23:11:27:19,955 WARNING  [psi4.optking.history:306] 	Skipping Hessian update for step 4.
2025-12-23:11:27:19,955 WARNING  [psi4.optking.history:301] 	Change in internal coordinate of 1.29e+00 exceeds limit of 5.00e-01.
2025-12-23:11:27:19,955 WARNING  [psi4.optking.history:306] 	Skipping Hessian update for step 3.
2025-12-23:11:27:19,955 WARNING  [psi4.optking.history:301] 	Change in internal coordinate of 1.32e+00 exceeds limit of 5.00e-01.
2025-12-23:11:27:19,955 WARNING  [psi4.optking.history:306] 	Skipping Hessian update for step 2.
2025-12-23:11:27:19,955 WARNING  [psi4.optking.history:301] 	Change in internal coordinate of 1.33e+00 exceeds limit of 5.00e-01.
2025-12-23:11:27:19,955 WARNING  [psi4.optking.history:306] 	Skipping Hessian update for step 1.
2025-12-23:11:27:19,955 INFO     [psi4.optking.history:317] 	Steps to be used in Hessian update:  7

2025-12-23:11:27:19,955 INFO     [psi4.optking.history:418] 	Updated Hessian (in au) 
 	   0.503825

2025-12-23:11:27:19,955 INFO     [psi4.optking.molsys:944] Projected (PHP) Hessian matrix
	   0.503825

2025-12-23:11:27:19,955 INFO     [psi4.optking.opt_helper:182] 
	         Geometry (au)                                       Gradient (au)
   0.0000000000   0.0000000000   2.0295253524		   0.0000000000   0.0000000000  -0.1242812821
   0.0000000000   0.0000000000  -1.5659569100		   0.0000000000   0.0000000000   0.1243281990

2025-12-23:11:27:19,955 INFO     [psi4.optking.stepAlgorithms:368] 	Current Step Report 
 
	Current energy:      -702.6944325767
	Energy change for the previous step:
		Actual       :        -0.0498934576
		Projected    :        -0.0348746873

2025-12-23:11:27:19,955 INFO     [psi4.optking.stepAlgorithms:371] 	Energy ratio =    1.43065
2025-12-23:11:27:19,955 INFO     [psi4.optking.stepAlgorithms:929] 	Using RFO solution 1.
2025-12-23:11:27:19,955 INFO     [psi4.optking.displace:100] 	Determining Cartesian step for fragment 1.
2025-12-23:11:27:19,956 INFO     [psi4.optking.displace:415] 	Successfully converged to displaced geometry.
2025-12-23:11:27:19,956 INFO     [psi4.optking.displace:416] 	RMS(dx):  0.000e+00 	Max(dx):  0.000e+00 	RMS(dq):  0.000e+00
2025-12-23:11:27:19,956 INFO     [psi4.optking.displace:172] 

	        --- Internal Coordinate Step in ANG or DEG, aJ/ANG or AJ/DEG ---
	-------------------------------------------------------------------------------
	           Coordinate      Previous         Force          Change          New 
	           ----------      --------        ------          ------        ------
	               R(1,2)       1.90265        1.02411        0.12345       2.02610
	-------------------------------------------------------------------------------

2025-12-23:11:27:19,956 INFO     [psi4.optking.stepAlgorithms:113] 	|target step| :    0.2332939545
2025-12-23:11:27:19,956 INFO     [psi4.optking.stepAlgorithms:114] 	gradient     :   -0.1243047405
2025-12-23:11:27:19,956 INFO     [psi4.optking.stepAlgorithms:115] 	hessian      :    0.5038249807
2025-12-23:11:27:19,956 INFO     [psi4.optking.stepAlgorithms:113] 	|target step| :    0.2332939545
2025-12-23:11:27:19,956 INFO     [psi4.optking.stepAlgorithms:114] 	gradient     :   -0.1243047405
2025-12-23:11:27:19,956 INFO     [psi4.optking.stepAlgorithms:115] 	hessian      :    0.5038249807
2025-12-23:11:27:19,956 INFO     [psi4.optking.stepAlgorithms:206] 	Norm of achieved step-size    0.2332939545
2025-12-23:11:27:19,956 INFO     [psi4.optking.stepAlgorithms:208] 	Norm of achieved step-size (cart):    0.1649637372
2025-12-23:11:27:19,956 INFO     [psi4.optking.opt_helper:164] Molsys:

	                            ===> Fragment 1 <== 

	 Z (Atomic Numbers)          Masses                          Geom                  
	      13.000000            26.981539          0.00000000  0.00000000  2.14617233   
	      17.000000            34.968853          0.00000000  0.00000000 -1.68260389   

	 - Coordinate -           - BOHR/RAD -       - ANG/DEG -
	 R(1,2)           =         3.828776           2.026101

2025-12-23:11:27:19,956 INFO     [psi4.optking.convcheck:76] Performing convergence check.
2025-12-23:11:27:19,956 INFO     [psi4.optking.convcheck:282] 
	                                 ==> Convergence Check <==                                  
    
	Measures of convergence in internal coordinates in au.
    
	Criteria marked as inactive (o), active & met (*), and active & unmet ( ).

	----------------------------------------------------------------------------------------------
	   Step    Total Energy     Delta E     Max Force     RMS Force      Max Disp      RMS Disp   
	----------------------------------------------------------------------------------------------
	  Convergence Criteria     1.00e-06 *    3.00e-04 *             o    1.20e-03 *             o
	----------------------------------------------------------------------------------------------
	     8    -702.69443258   -4.99e-02      1.24e-01      1.24e-01 o    2.33e-01      2.33e-01 o  ~
	----------------------------------------------------------------------------------------------


2025-12-23:11:27:19,956 INFO     [psi4.optking.stepAlgorithms:296] 	Convergence check returned False
2025-12-23:11:27:19,966 INFO     [psi4.driver.task_planner:259] PLANNING Atomic:  keywords={'DAMPING_PERCENTAGE': 1.0, 'GEOM_MAXITER': 500, 'SCF__GUESS': 'READ', 'GUESS': 'SAP', 'MAXITER': 500, 'REFERENCE': 'UKS', 'function_kwargs': {}}
2025-12-23:11:27:19,967 INFO     [psi4.driver.driver:638] Compute gradient(): method=b3lyp, basis=cc-pvdz, molecule=default, nre=57.72079314189599
2025-12-23:11:27:20,547 INFO     [psi4.driver.driver:641] Return gradient(): -702.7146412414057
2025-12-23:11:27:20,547 INFO     [psi4.driver.driver:642] [[ 0.00000000  0.00000000 -0.05454659]
 [ 0.00000000 -0.00000000  0.05458286]]
2025-12-23:11:27:20,548 INFO     [psi4.optking.history:269] 	Performing BFGS update.
2025-12-23:11:27:20,549 INFO     [psi4.optking.history:280] 	Using 4 previous steps for update.
2025-12-23:11:27:20,549 WARNING  [psi4.optking.history:301] 	Change in internal coordinate of 5.02e-01 exceeds limit of 5.00e-01.
2025-12-23:11:27:20,549 WARNING  [psi4.optking.history:306] 	Skipping Hessian update for step 7.
2025-12-23:11:27:20,549 WARNING  [psi4.optking.history:301] 	Change in internal coordinate of 7.87e-01 exceeds limit of 5.00e-01.
2025-12-23:11:27:20,549 WARNING  [psi4.optking.history:306] 	Skipping Hessian update for step 6.
2025-12-23:11:27:20,549 WARNING  [psi4.optking.history:301] 	Change in internal coordinate of 1.05e+00 exceeds limit of 5.00e-01.
2025-12-23:11:27:20,549 WARNING  [psi4.optking.history:306] 	Skipping Hessian update for step 5.
2025-12-23:11:27:20,549 WARNING  [psi4.optking.history:301] 	Change in internal coordinate of 1.43e+00 exceeds limit of 5.00e-01.
2025-12-23:11:27:20,549 WARNING  [psi4.optking.history:306] 	Skipping Hessian update for step 4.
2025-12-23:11:27:20,549 WARNING  [psi4.optking.history:301] 	Change in internal coordinate of 1.52e+00 exceeds limit of 5.00e-01.
2025-12-23:11:27:20,549 WARNING  [psi4.optking.history:306] 	Skipping Hessian update for step 3.
2025-12-23:11:27:20,549 WARNING  [psi4.optking.history:301] 	Change in internal coordinate of 1.55e+00 exceeds limit of 5.00e-01.
2025-12-23:11:27:20,549 WARNING  [psi4.optking.history:306] 	Skipping Hessian update for step 2.
2025-12-23:11:27:20,549 WARNING  [psi4.optking.history:301] 	Change in internal coordinate of 1.56e+00 exceeds limit of 5.00e-01.
2025-12-23:11:27:20,549 WARNING  [psi4.optking.history:306] 	Skipping Hessian update for step 1.
2025-12-23:11:27:20,549 INFO     [psi4.optking.history:317] 	Steps to be used in Hessian update:  8

2025-12-23:11:27:20,549 INFO     [psi4.optking.history:418] 	Updated Hessian (in au) 
 	   0.298936

2025-12-23:11:27:20,549 INFO     [psi4.optking.molsys:944] Projected (PHP) Hessian matrix
	   0.298936

2025-12-23:11:27:20,549 INFO     [psi4.optking.opt_helper:182] 
	         Geometry (au)                                       Gradient (au)
   0.0000000000   0.0000000000   2.1612117189		   0.0000000000   0.0000000000  -0.0545465881
   0.0000000000   0.0000000000  -1.6675644979		   0.0000000000  -0.0000000000   0.0545828623

2025-12-23:11:27:20,549 INFO     [psi4.optking.stepAlgorithms:368] 	Current Step Report 
 
	Current energy:      -702.7146412414
	Energy change for the previous step:
		Actual       :        -0.0202086647
		Projected    :        -0.0144997722

2025-12-23:11:27:20,549 INFO     [psi4.optking.stepAlgorithms:371] 	Energy ratio =    1.39372
2025-12-23:11:27:20,549 INFO     [psi4.optking.stepAlgorithms:929] 	Using RFO solution 1.
2025-12-23:11:27:20,550 INFO     [psi4.optking.displace:100] 	Determining Cartesian step for fragment 1.
2025-12-23:11:27:20,550 INFO     [psi4.optking.displace:415] 	Successfully converged to displaced geometry.
2025-12-23:11:27:20,550 INFO     [psi4.optking.displace:416] 	RMS(dx):  0.000e+00 	Max(dx):  0.000e+00 	RMS(dq):  0.000e+00
2025-12-23:11:27:20,550 INFO     [psi4.optking.displace:172] 

	        --- Internal Coordinate Step in ANG or DEG, aJ/ANG or AJ/DEG ---
	-------------------------------------------------------------------------------
	           Coordinate      Previous         Force          Change          New 
	           ----------      --------        ------          ------        ------
	               R(1,2)       2.02610        0.44954        0.09357       2.11967
	-------------------------------------------------------------------------------

2025-12-23:11:27:20,550 INFO     [psi4.optking.stepAlgorithms:113] 	|target step| :    0.1768226325
2025-12-23:11:27:20,550 INFO     [psi4.optking.stepAlgorithms:114] 	gradient     :   -0.0545647252
2025-12-23:11:27:20,550 INFO     [psi4.optking.stepAlgorithms:115] 	hessian      :    0.2989362304
2025-12-23:11:27:20,550 INFO     [psi4.optking.stepAlgorithms:113] 	|target step| :    0.1768226325
2025-12-23:11:27:20,550 INFO     [psi4.optking.stepAlgorithms:114] 	gradient     :   -0.0545647252
2025-12-23:11:27:20,550 INFO     [psi4.optking.stepAlgorithms:115] 	hessian      :    0.2989362304
2025-12-23:11:27:20,550 INFO     [psi4.optking.stepAlgorithms:206] 	Norm of achieved step-size    0.1768226325
2025-12-23:11:27:20,550 INFO     [psi4.optking.stepAlgorithms:208] 	Norm of achieved step-size (cart):    0.1250324825
2025-12-23:11:27:20,550 INFO     [psi4.optking.opt_helper:164] Molsys:

	                            ===> Fragment 1 <== 

	 Z (Atomic Numbers)          Masses                          Geom                  
	      13.000000            26.981539          0.00000000  0.00000000  2.24962304   
	      17.000000            34.968853          0.00000000  0.00000000 -1.75597581   

	 - Coordinate -           - BOHR/RAD -       - ANG/DEG -
	 R(1,2)           =         4.005599           2.119672

2025-12-23:11:27:20,550 INFO     [psi4.optking.convcheck:76] Performing convergence check.
2025-12-23:11:27:20,550 INFO     [psi4.optking.convcheck:282] 
	                                 ==> Convergence Check <==                                  
    
	Measures of convergence in internal coordinates in au.
    
	Criteria marked as inactive (o), active & met (*), and active & unmet ( ).

	----------------------------------------------------------------------------------------------
	   Step    Total Energy     Delta E     Max Force     RMS Force      Max Disp      RMS Disp   
	----------------------------------------------------------------------------------------------
	  Convergence Criteria     1.00e-06 *    3.00e-04 *             o    1.20e-03 *             o
	----------------------------------------------------------------------------------------------
	     9    -702.71464124   -2.02e-02      5.46e-02      5.46e-02 o    1.77e-01      1.77e-01 o  ~
	----------------------------------------------------------------------------------------------


2025-12-23:11:27:20,550 INFO     [psi4.optking.stepAlgorithms:296] 	Convergence check returned False
2025-12-23:11:27:20,560 INFO     [psi4.driver.task_planner:259] PLANNING Atomic:  keywords={'DAMPING_PERCENTAGE': 1.0, 'GEOM_MAXITER': 500, 'SCF__GUESS': 'READ', 'GUESS': 'SAP', 'MAXITER': 500, 'REFERENCE': 'UKS', 'function_kwargs': {}}
2025-12-23:11:27:20,562 INFO     [psi4.driver.driver:638] Compute gradient(): method=b3lyp, basis=cc-pvdz, molecule=default, nre=55.17277398714554
2025-12-23:11:27:21,203 INFO     [psi4.driver.driver:641] Return gradient(): -702.7210626704177
2025-12-23:11:27:21,203 INFO     [psi4.driver.driver:642] [[ 0.00000000 -0.00000000 -0.02018546]
 [ 0.00000000  0.00000000  0.02022066]]
2025-12-23:11:27:21,205 INFO     [psi4.optking.history:269] 	Performing BFGS update.
2025-12-23:11:27:21,205 INFO     [psi4.optking.history:280] 	Using 4 previous steps for update.
2025-12-23:11:27:21,205 WARNING  [psi4.optking.history:301] 	Change in internal coordinate of 6.79e-01 exceeds limit of 5.00e-01.
2025-12-23:11:27:21,205 WARNING  [psi4.optking.history:306] 	Skipping Hessian update for step 7.
2025-12-23:11:27:21,205 WARNING  [psi4.optking.history:301] 	Change in internal coordinate of 9.64e-01 exceeds limit of 5.00e-01.
2025-12-23:11:27:21,205 WARNING  [psi4.optking.history:306] 	Skipping Hessian update for step 6.
2025-12-23:11:27:21,205 WARNING  [psi4.optking.history:301] 	Change in internal coordinate of 1.22e+00 exceeds limit of 5.00e-01.
2025-12-23:11:27:21,205 WARNING  [psi4.optking.history:306] 	Skipping Hessian update for step 5.
2025-12-23:11:27:21,205 WARNING  [psi4.optking.history:301] 	Change in internal coordinate of 1.61e+00 exceeds limit of 5.00e-01.
2025-12-23:11:27:21,205 WARNING  [psi4.optking.history:306] 	Skipping Hessian update for step 4.
2025-12-23:11:27:21,205 WARNING  [psi4.optking.history:301] 	Change in internal coordinate of 1.70e+00 exceeds limit of 5.00e-01.
2025-12-23:11:27:21,205 WARNING  [psi4.optking.history:306] 	Skipping Hessian update for step 3.
2025-12-23:11:27:21,205 WARNING  [psi4.optking.history:301] 	Change in internal coordinate of 1.73e+00 exceeds limit of 5.00e-01.
2025-12-23:11:27:21,205 WARNING  [psi4.optking.history:306] 	Skipping Hessian update for step 2.
2025-12-23:11:27:21,205 WARNING  [psi4.optking.history:301] 	Change in internal coordinate of 1.74e+00 exceeds limit of 5.00e-01.
2025-12-23:11:27:21,206 WARNING  [psi4.optking.history:306] 	Skipping Hessian update for step 1.
2025-12-23:11:27:21,206 INFO     [psi4.optking.history:317] 	Steps to be used in Hessian update:  9 8

2025-12-23:11:27:21,206 INFO     [psi4.optking.history:418] 	Updated Hessian (in au) 
 	   0.253834

2025-12-23:11:27:21,206 INFO     [psi4.optking.molsys:944] Projected (PHP) Hessian matrix
	   0.253834

2025-12-23:11:27:21,206 INFO     [psi4.optking.opt_helper:182] 
	         Geometry (au)                                       Gradient (au)
   0.0000000000   0.0000000000   2.2610219779		   0.0000000000  -0.0000000000  -0.0201854592
   0.0000000000   0.0000000000  -1.7445768715		   0.0000000000   0.0000000000   0.0202206645

2025-12-23:11:27:21,206 INFO     [psi4.optking.stepAlgorithms:368] 	Current Step Report 
 
	Current energy:      -702.7210626704
	Energy change for the previous step:
		Actual       :        -0.0064214290
		Projected    :        -0.0048241392

2025-12-23:11:27:21,206 INFO     [psi4.optking.stepAlgorithms:371] 	Energy ratio =    1.33110
2025-12-23:11:27:21,206 INFO     [psi4.optking.stepAlgorithms:929] 	Using RFO solution 1.
2025-12-23:11:27:21,206 INFO     [psi4.optking.displace:100] 	Determining Cartesian step for fragment 1.
2025-12-23:11:27:21,206 INFO     [psi4.optking.displace:415] 	Successfully converged to displaced geometry.
2025-12-23:11:27:21,206 INFO     [psi4.optking.displace:416] 	RMS(dx):  0.000e+00 	Max(dx):  0.000e+00 	RMS(dq):  0.000e+00
2025-12-23:11:27:21,206 INFO     [psi4.optking.displace:172] 

	        --- Internal Coordinate Step in ANG or DEG, aJ/ANG or AJ/DEG ---
	-------------------------------------------------------------------------------
	           Coordinate      Previous         Force          Change          New 
	           ----------      --------        ------          ------        ------
	               R(1,2)       2.11967        0.16645        0.04185       2.16153
	-------------------------------------------------------------------------------

2025-12-23:11:27:21,206 INFO     [psi4.optking.stepAlgorithms:113] 	|target step| :    0.0790936108
2025-12-23:11:27:21,206 INFO     [psi4.optking.stepAlgorithms:114] 	gradient     :   -0.0202030619
2025-12-23:11:27:21,206 INFO     [psi4.optking.stepAlgorithms:115] 	hessian      :    0.2538343534
2025-12-23:11:27:21,206 INFO     [psi4.optking.stepAlgorithms:113] 	|target step| :    0.0790936108
2025-12-23:11:27:21,206 INFO     [psi4.optking.stepAlgorithms:114] 	gradient     :   -0.0202030619
2025-12-23:11:27:21,206 INFO     [psi4.optking.stepAlgorithms:115] 	hessian      :    0.2538343534
2025-12-23:11:27:21,206 INFO     [psi4.optking.stepAlgorithms:206] 	Norm of achieved step-size    0.0790936108
2025-12-23:11:27:21,206 INFO     [psi4.optking.stepAlgorithms:208] 	Norm of achieved step-size (cart):    0.0559276286
2025-12-23:11:27:21,207 INFO     [psi4.optking.opt_helper:164] Molsys:

	                            ===> Fragment 1 <== 

	 Z (Atomic Numbers)          Masses                          Geom                  
	      13.000000            26.981539          0.00000000  0.00000000  2.30056878   
	      17.000000            34.968853          0.00000000  0.00000000 -1.78412368   

	 - Coordinate -           - BOHR/RAD -       - ANG/DEG -
	 R(1,2)           =         4.084692           2.161526

2025-12-23:11:27:21,207 INFO     [psi4.optking.convcheck:76] Performing convergence check.
2025-12-23:11:27:21,207 INFO     [psi4.optking.convcheck:282] 
	                                 ==> Convergence Check <==                                  
    
	Measures of convergence in internal coordinates in au.
    
	Criteria marked as inactive (o), active & met (*), and active & unmet ( ).

	----------------------------------------------------------------------------------------------
	   Step    Total Energy     Delta E     Max Force     RMS Force      Max Disp      RMS Disp   
	----------------------------------------------------------------------------------------------
	  Convergence Criteria     1.00e-06 *    3.00e-04 *             o    1.20e-03 *             o
	----------------------------------------------------------------------------------------------
	    10    -702.72106267   -6.42e-03      2.02e-02      2.02e-02 o    7.91e-02      7.91e-02 o  ~
	----------------------------------------------------------------------------------------------


2025-12-23:11:27:21,207 INFO     [psi4.optking.stepAlgorithms:296] 	Convergence check returned False
2025-12-23:11:27:21,217 INFO     [psi4.driver.task_planner:259] PLANNING Atomic:  keywords={'DAMPING_PERCENTAGE': 1.0, 'GEOM_MAXITER': 500, 'SCF__GUESS': 'READ', 'GUESS': 'SAP', 'MAXITER': 500, 'REFERENCE': 'UKS', 'function_kwargs': {}}
2025-12-23:11:27:21,219 INFO     [psi4.driver.driver:638] Compute gradient(): method=b3lyp, basis=cc-pvdz, molecule=default, nre=54.10444045724054
2025-12-23:11:27:21,815 INFO     [psi4.driver.driver:641] Return gradient(): -702.7221846927449
2025-12-23:11:27:21,816 INFO     [psi4.driver.driver:642] [[ 0.00000000 -0.00000000 -0.00851150]
 [ 0.00000000  0.00000000  0.00855592]]
2025-12-23:11:27:21,817 INFO     [psi4.optking.history:269] 	Performing BFGS update.
2025-12-23:11:27:21,817 INFO     [psi4.optking.history:280] 	Using 4 previous steps for update.
2025-12-23:11:27:21,818 WARNING  [psi4.optking.history:301] 	Change in internal coordinate of 7.58e-01 exceeds limit of 5.00e-01.
2025-12-23:11:27:21,818 WARNING  [psi4.optking.history:306] 	Skipping Hessian update for step 7.
2025-12-23:11:27:21,818 WARNING  [psi4.optking.history:301] 	Change in internal coordinate of 1.04e+00 exceeds limit of 5.00e-01.
2025-12-23:11:27:21,818 WARNING  [psi4.optking.history:306] 	Skipping Hessian update for step 6.
2025-12-23:11:27:21,818 WARNING  [psi4.optking.history:301] 	Change in internal coordinate of 1.30e+00 exceeds limit of 5.00e-01.
2025-12-23:11:27:21,818 WARNING  [psi4.optking.history:306] 	Skipping Hessian update for step 5.
2025-12-23:11:27:21,818 WARNING  [psi4.optking.history:301] 	Change in internal coordinate of 1.69e+00 exceeds limit of 5.00e-01.
2025-12-23:11:27:21,818 WARNING  [psi4.optking.history:306] 	Skipping Hessian update for step 4.
2025-12-23:11:27:21,818 WARNING  [psi4.optking.history:301] 	Change in internal coordinate of 1.78e+00 exceeds limit of 5.00e-01.
2025-12-23:11:27:21,818 WARNING  [psi4.optking.history:306] 	Skipping Hessian update for step 3.
2025-12-23:11:27:21,818 WARNING  [psi4.optking.history:301] 	Change in internal coordinate of 1.80e+00 exceeds limit of 5.00e-01.
2025-12-23:11:27:21,818 WARNING  [psi4.optking.history:306] 	Skipping Hessian update for step 2.
2025-12-23:11:27:21,818 WARNING  [psi4.optking.history:301] 	Change in internal coordinate of 1.82e+00 exceeds limit of 5.00e-01.
2025-12-23:11:27:21,818 WARNING  [psi4.optking.history:306] 	Skipping Hessian update for step 1.
2025-12-23:11:27:21,818 INFO     [psi4.optking.history:317] 	Steps to be used in Hessian update:  10 9 8

2025-12-23:11:27:21,818 INFO     [psi4.optking.history:418] 	Updated Hessian (in au) 
 	   0.236649

2025-12-23:11:27:21,818 INFO     [psi4.optking.molsys:944] Projected (PHP) Hessian matrix
	   0.236649

2025-12-23:11:27:21,818 INFO     [psi4.optking.opt_helper:182] 
	         Geometry (au)                                       Gradient (au)
   0.0000000000   0.0000000000   2.3056675850		   0.0000000000  -0.0000000000  -0.0085115004
   0.0000000000   0.0000000000  -1.7790248753		   0.0000000000   0.0000000000   0.0085559195

2025-12-23:11:27:21,818 INFO     [psi4.optking.stepAlgorithms:368] 	Current Step Report 
 
	Current energy:      -702.7221846927
	Energy change for the previous step:
		Actual       :        -0.0011220223
		Projected    :        -0.0007989666

2025-12-23:11:27:21,818 INFO     [psi4.optking.stepAlgorithms:371] 	Energy ratio =    1.40434
2025-12-23:11:27:21,818 INFO     [psi4.optking.stepAlgorithms:929] 	Using RFO solution 1.
2025-12-23:11:27:21,819 INFO     [psi4.optking.displace:100] 	Determining Cartesian step for fragment 1.
2025-12-23:11:27:21,819 INFO     [psi4.optking.displace:415] 	Successfully converged to displaced geometry.
2025-12-23:11:27:21,819 INFO     [psi4.optking.displace:416] 	RMS(dx):  0.000e+00 	Max(dx):  0.000e+00 	RMS(dq):  0.000e+00
2025-12-23:11:27:21,819 INFO     [psi4.optking.displace:172] 

	        --- Internal Coordinate Step in ANG or DEG, aJ/ANG or AJ/DEG ---
	-------------------------------------------------------------------------------
	           Coordinate      Previous         Force          Change          New 
	           ----------      --------        ------          ------        ------
	               R(1,2)       2.16153        0.07031        0.01906       2.18058
	-------------------------------------------------------------------------------

2025-12-23:11:27:21,819 INFO     [psi4.optking.stepAlgorithms:113] 	|target step| :    0.0360138733
2025-12-23:11:27:21,819 INFO     [psi4.optking.stepAlgorithms:114] 	gradient     :   -0.0085337099
2025-12-23:11:27:21,819 INFO     [psi4.optking.stepAlgorithms:115] 	hessian      :    0.2366488498
2025-12-23:11:27:21,819 INFO     [psi4.optking.stepAlgorithms:113] 	|target step| :    0.0360138733
2025-12-23:11:27:21,819 INFO     [psi4.optking.stepAlgorithms:114] 	gradient     :   -0.0085337099
2025-12-23:11:27:21,819 INFO     [psi4.optking.stepAlgorithms:115] 	hessian      :    0.2366488498
2025-12-23:11:27:21,819 INFO     [psi4.optking.stepAlgorithms:206] 	Norm of achieved step-size    0.0360138733
2025-12-23:11:27:21,819 INFO     [psi4.optking.stepAlgorithms:208] 	Norm of achieved step-size (cart):    0.0254656540
2025-12-23:11:27:21,819 INFO     [psi4.optking.opt_helper:164] Molsys:

	                            ===> Fragment 1 <== 

	 Z (Atomic Numbers)          Masses                          Geom                  
	      13.000000            26.981539          0.00000000  0.00000000  2.32367452   
	      17.000000            34.968853          0.00000000  0.00000000 -1.79703181   

	 - Coordinate -           - BOHR/RAD -       - ANG/DEG -
	 R(1,2)           =         4.120706           2.180584

2025-12-23:11:27:21,819 INFO     [psi4.optking.convcheck:76] Performing convergence check.
2025-12-23:11:27:21,819 INFO     [psi4.optking.convcheck:282] 
	                                 ==> Convergence Check <==                                  
    
	Measures of convergence in internal coordinates in au.
    
	Criteria marked as inactive (o), active & met (*), and active & unmet ( ).

	----------------------------------------------------------------------------------------------
	   Step    Total Energy     Delta E     Max Force     RMS Force      Max Disp      RMS Disp   
	----------------------------------------------------------------------------------------------
	  Convergence Criteria     1.00e-06 *    3.00e-04 *             o    1.20e-03 *             o
	----------------------------------------------------------------------------------------------
	    11    -702.72218469   -1.12e-03      8.53e-03      8.53e-03 o    3.60e-02      3.60e-02 o  ~
	----------------------------------------------------------------------------------------------


2025-12-23:11:27:21,819 INFO     [psi4.optking.stepAlgorithms:296] 	Convergence check returned False
2025-12-23:11:27:21,830 INFO     [psi4.driver.task_planner:259] PLANNING Atomic:  keywords={'DAMPING_PERCENTAGE': 1.0, 'GEOM_MAXITER': 500, 'SCF__GUESS': 'READ', 'GUESS': 'SAP', 'MAXITER': 500, 'REFERENCE': 'UKS', 'function_kwargs': {}}
2025-12-23:11:27:21,831 INFO     [psi4.driver.driver:638] Compute gradient(): method=b3lyp, basis=cc-pvdz, molecule=default, nre=53.631582091032236
2025-12-23:11:27:22,430 INFO     [psi4.driver.driver:641] Return gradient(): -702.7224058848788
2025-12-23:11:27:22,430 INFO     [psi4.driver.driver:642] [[ 0.00000000 -0.00000000 -0.00381644]
 [ 0.00000000 -0.00000000  0.00386034]]
2025-12-23:11:27:22,432 INFO     [psi4.optking.history:269] 	Performing BFGS update.
2025-12-23:11:27:22,432 INFO     [psi4.optking.history:280] 	Using 4 previous steps for update.
2025-12-23:11:27:22,432 WARNING  [psi4.optking.history:301] 	Change in internal coordinate of 5.25e-01 exceeds limit of 5.00e-01.
2025-12-23:11:27:22,432 WARNING  [psi4.optking.history:306] 	Skipping Hessian update for step 8.
2025-12-23:11:27:22,432 WARNING  [psi4.optking.history:301] 	Change in internal coordinate of 7.94e-01 exceeds limit of 5.00e-01.
2025-12-23:11:27:22,432 WARNING  [psi4.optking.history:306] 	Skipping Hessian update for step 7.
2025-12-23:11:27:22,432 WARNING  [psi4.optking.history:301] 	Change in internal coordinate of 1.08e+00 exceeds limit of 5.00e-01.
2025-12-23:11:27:22,432 WARNING  [psi4.optking.history:306] 	Skipping Hessian update for step 6.
2025-12-23:11:27:22,432 WARNING  [psi4.optking.history:301] 	Change in internal coordinate of 1.34e+00 exceeds limit of 5.00e-01.
2025-12-23:11:27:22,432 WARNING  [psi4.optking.history:306] 	Skipping Hessian update for step 5.
2025-12-23:11:27:22,432 WARNING  [psi4.optking.history:301] 	Change in internal coordinate of 1.72e+00 exceeds limit of 5.00e-01.
2025-12-23:11:27:22,432 WARNING  [psi4.optking.history:306] 	Skipping Hessian update for step 4.
2025-12-23:11:27:22,432 WARNING  [psi4.optking.history:301] 	Change in internal coordinate of 1.82e+00 exceeds limit of 5.00e-01.
2025-12-23:11:27:22,432 WARNING  [psi4.optking.history:306] 	Skipping Hessian update for step 3.
2025-12-23:11:27:22,432 WARNING  [psi4.optking.history:301] 	Change in internal coordinate of 1.84e+00 exceeds limit of 5.00e-01.
2025-12-23:11:27:22,432 WARNING  [psi4.optking.history:306] 	Skipping Hessian update for step 2.
2025-12-23:11:27:22,432 WARNING  [psi4.optking.history:301] 	Change in internal coordinate of 1.85e+00 exceeds limit of 5.00e-01.
2025-12-23:11:27:22,432 WARNING  [psi4.optking.history:306] 	Skipping Hessian update for step 1.
2025-12-23:11:27:22,432 INFO     [psi4.optking.history:317] 	Steps to be used in Hessian update:  11 10 9

2025-12-23:11:27:22,433 INFO     [psi4.optking.history:418] 	Updated Hessian (in au) 
 	   0.173762

2025-12-23:11:27:22,433 INFO     [psi4.optking.molsys:944] Projected (PHP) Hessian matrix
	   0.173762

2025-12-23:11:27:22,433 INFO     [psi4.optking.opt_helper:182] 
	         Geometry (au)                                       Gradient (au)
   0.0000000000   0.0000000000   2.3259961705		   0.0000000000  -0.0000000000  -0.0038164409
   0.0000000000   0.0000000000  -1.7947101630		   0.0000000000  -0.0000000000   0.0038603411

2025-12-23:11:27:22,433 INFO     [psi4.optking.stepAlgorithms:368] 	Current Step Report 
 
	Current energy:      -702.7224058849
	Energy change for the previous step:
		Actual       :        -0.0002211921
		Projected    :        -0.0001536660

2025-12-23:11:27:22,433 INFO     [psi4.optking.stepAlgorithms:371] 	Energy ratio =    1.43943
2025-12-23:11:27:22,433 INFO     [psi4.optking.stepAlgorithms:929] 	Using RFO solution 1.
2025-12-23:11:27:22,433 INFO     [psi4.optking.displace:100] 	Determining Cartesian step for fragment 1.
2025-12-23:11:27:22,433 INFO     [psi4.optking.displace:415] 	Successfully converged to displaced geometry.
2025-12-23:11:27:22,433 INFO     [psi4.optking.displace:416] 	RMS(dx):  0.000e+00 	Max(dx):  0.000e+00 	RMS(dq):  0.000e+00
2025-12-23:11:27:22,433 INFO     [psi4.optking.displace:172] 

	        --- Internal Coordinate Step in ANG or DEG, aJ/ANG or AJ/DEG ---
	-------------------------------------------------------------------------------
	           Coordinate      Previous         Force          Change          New 
	           ----------      --------        ------          ------        ------
	               R(1,2)       2.18058        0.03162        0.01168       2.19227
	-------------------------------------------------------------------------------

2025-12-23:11:27:22,433 INFO     [psi4.optking.stepAlgorithms:113] 	|target step| :    0.0220791763
2025-12-23:11:27:22,433 INFO     [psi4.optking.stepAlgorithms:114] 	gradient     :   -0.0038383910
2025-12-23:11:27:22,433 INFO     [psi4.optking.stepAlgorithms:115] 	hessian      :    0.1737619085
2025-12-23:11:27:22,433 INFO     [psi4.optking.stepAlgorithms:113] 	|target step| :    0.0220791763
2025-12-23:11:27:22,433 INFO     [psi4.optking.stepAlgorithms:114] 	gradient     :   -0.0038383910
2025-12-23:11:27:22,433 INFO     [psi4.optking.stepAlgorithms:115] 	hessian      :    0.1737619085
2025-12-23:11:27:22,433 INFO     [psi4.optking.stepAlgorithms:206] 	Norm of achieved step-size    0.0220791763
2025-12-23:11:27:22,433 INFO     [psi4.optking.stepAlgorithms:208] 	Norm of achieved step-size (cart):    0.0156123353
2025-12-23:11:27:22,434 INFO     [psi4.optking.opt_helper:164] Molsys:

	                            ===> Fragment 1 <== 

	 Z (Atomic Numbers)          Masses                          Geom                  
	      13.000000            26.981539          0.00000000  0.00000000  2.33703576   
	      17.000000            34.968853          0.00000000  0.00000000 -1.80574975   

	 - Coordinate -           - BOHR/RAD -       - ANG/DEG -
	 R(1,2)           =         4.142786           2.192268

2025-12-23:11:27:22,434 INFO     [psi4.optking.convcheck:76] Performing convergence check.
2025-12-23:11:27:22,434 INFO     [psi4.optking.convcheck:282] 
	                                 ==> Convergence Check <==                                  
    
	Measures of convergence in internal coordinates in au.
    
	Criteria marked as inactive (o), active & met (*), and active & unmet ( ).

	----------------------------------------------------------------------------------------------
	   Step    Total Energy     Delta E     Max Force     RMS Force      Max Disp      RMS Disp   
	----------------------------------------------------------------------------------------------
	  Convergence Criteria     1.00e-06 *    3.00e-04 *             o    1.20e-03 *             o
	----------------------------------------------------------------------------------------------
	    12    -702.72240588   -2.21e-04      3.84e-03      3.84e-03 o    2.21e-02      2.21e-02 o  ~
	----------------------------------------------------------------------------------------------


2025-12-23:11:27:22,434 INFO     [psi4.optking.stepAlgorithms:296] 	Convergence check returned False
2025-12-23:11:27:22,444 INFO     [psi4.driver.task_planner:259] PLANNING Atomic:  keywords={'DAMPING_PERCENTAGE': 1.0, 'GEOM_MAXITER': 500, 'SCF__GUESS': 'READ', 'GUESS': 'SAP', 'MAXITER': 500, 'REFERENCE': 'UKS', 'function_kwargs': {}}
2025-12-23:11:27:22,446 INFO     [psi4.driver.driver:638] Compute gradient(): method=b3lyp, basis=cc-pvdz, molecule=default, nre=53.34574997344535
2025-12-23:11:27:23,94 INFO     [psi4.driver.driver:641] Return gradient(): -702.7224603133142
2025-12-23:11:27:23,94 INFO     [psi4.driver.driver:642] [[-0.00000000  0.00000000 -0.00111301]
 [ 0.00000000  0.00000000  0.00115514]]
2025-12-23:11:27:23,96 INFO     [psi4.optking.history:269] 	Performing BFGS update.
2025-12-23:11:27:23,96 INFO     [psi4.optking.history:280] 	Using 4 previous steps for update.
2025-12-23:11:27:23,96 INFO     [psi4.optking.history:317] 	Steps to be used in Hessian update:  12 11 10 9

2025-12-23:11:27:23,96 INFO     [psi4.optking.history:418] 	Updated Hessian (in au) 
 	   0.170156

2025-12-23:11:27:23,96 INFO     [psi4.optking.molsys:944] Projected (PHP) Hessian matrix
	   0.170156

2025-12-23:11:27:23,96 INFO     [psi4.optking.opt_helper:182] 
	         Geometry (au)                                       Gradient (au)
   0.0000000000   0.0000000000   2.3384591017		  -0.0000000000   0.0000000000  -0.0011130054
   0.0000000000   0.0000000000  -1.8043264081		   0.0000000000   0.0000000000   0.0011551351

2025-12-23:11:27:23,96 INFO     [psi4.optking.stepAlgorithms:368] 	Current Step Report 
 
	Current energy:      -702.7224603133
	Energy change for the previous step:
		Actual       :        -0.0000544284
		Projected    :        -0.0000423743

2025-12-23:11:27:23,96 INFO     [psi4.optking.stepAlgorithms:371] 	Energy ratio =    1.28447
2025-12-23:11:27:23,96 INFO     [psi4.optking.stepAlgorithms:929] 	Using RFO solution 1.
2025-12-23:11:27:23,97 INFO     [psi4.optking.displace:100] 	Determining Cartesian step for fragment 1.
2025-12-23:11:27:23,97 INFO     [psi4.optking.displace:415] 	Successfully converged to displaced geometry.
2025-12-23:11:27:23,97 INFO     [psi4.optking.displace:416] 	RMS(dx):  0.000e+00 	Max(dx):  0.000e+00 	RMS(dq):  0.000e+00
2025-12-23:11:27:23,97 INFO     [psi4.optking.displace:172] 

	        --- Internal Coordinate Step in ANG or DEG, aJ/ANG or AJ/DEG ---
	-------------------------------------------------------------------------------
	           Coordinate      Previous         Force          Change          New 
	           ----------      --------        ------          ------        ------
	               R(1,2)       2.19227        0.00934        0.00353       2.19579
	-------------------------------------------------------------------------------

2025-12-23:11:27:23,97 INFO     [psi4.optking.stepAlgorithms:113] 	|target step| :    0.0066645782
2025-12-23:11:27:23,97 INFO     [psi4.optking.stepAlgorithms:114] 	gradient     :   -0.0011340702
2025-12-23:11:27:23,97 INFO     [psi4.optking.stepAlgorithms:115] 	hessian      :    0.1701562857
2025-12-23:11:27:23,97 INFO     [psi4.optking.stepAlgorithms:113] 	|target step| :    0.0066645782
2025-12-23:11:27:23,97 INFO     [psi4.optking.stepAlgorithms:114] 	gradient     :   -0.0011340702
2025-12-23:11:27:23,97 INFO     [psi4.optking.stepAlgorithms:115] 	hessian      :    0.1701562857
2025-12-23:11:27:23,97 INFO     [psi4.optking.stepAlgorithms:206] 	Norm of achieved step-size    0.0066645782
2025-12-23:11:27:23,97 INFO     [psi4.optking.stepAlgorithms:208] 	Norm of achieved step-size (cart):    0.0047125685
2025-12-23:11:27:23,97 INFO     [psi4.optking.opt_helper:164] Molsys:

	                            ===> Fragment 1 <== 

	 Z (Atomic Numbers)          Masses                          Geom                  
	      13.000000            26.981539          0.00000000  0.00000000  2.34179139   
	      17.000000            34.968853          0.00000000  0.00000000 -1.80765870   

	 - Coordinate -           - BOHR/RAD -       - ANG/DEG -
	 R(1,2)           =         4.149450           2.195794

2025-12-23:11:27:23,97 INFO     [psi4.optking.convcheck:76] Performing convergence check.
2025-12-23:11:27:23,97 INFO     [psi4.optking.convcheck:282] 
	                                 ==> Convergence Check <==                                  
    
	Measures of convergence in internal coordinates in au.
    
	Criteria marked as inactive (o), active & met (*), and active & unmet ( ).

	----------------------------------------------------------------------------------------------
	   Step    Total Energy     Delta E     Max Force     RMS Force      Max Disp      RMS Disp   
	----------------------------------------------------------------------------------------------
	  Convergence Criteria     1.00e-06 *    3.00e-04 *             o    1.20e-03 *             o
	----------------------------------------------------------------------------------------------
	    13    -702.72246031   -5.44e-05      1.13e-03      1.13e-03 o    6.66e-03      6.66e-03 o  ~
	----------------------------------------------------------------------------------------------


2025-12-23:11:27:23,97 INFO     [psi4.optking.stepAlgorithms:296] 	Convergence check returned False
2025-12-23:11:27:23,108 INFO     [psi4.driver.task_planner:259] PLANNING Atomic:  keywords={'DAMPING_PERCENTAGE': 1.0, 'GEOM_MAXITER': 500, 'SCF__GUESS': 'READ', 'GUESS': 'SAP', 'MAXITER': 500, 'REFERENCE': 'UKS', 'function_kwargs': {}}
2025-12-23:11:27:23,109 INFO     [psi4.driver.driver:638] Compute gradient(): method=b3lyp, basis=cc-pvdz, molecule=default, nre=53.26006948162601
2025-12-23:11:27:23,702 INFO     [psi4.driver.driver:641] Return gradient(): -702.7224651675932
2025-12-23:11:27:23,703 INFO     [psi4.driver.driver:642] [[-0.00000000  0.00000000 -0.00032201]
 [ 0.00000000 -0.00000000  0.00036345]]
2025-12-23:11:27:23,704 INFO     [psi4.optking.history:269] 	Performing BFGS update.
2025-12-23:11:27:23,704 INFO     [psi4.optking.history:280] 	Using 4 previous steps for update.
2025-12-23:11:27:23,705 INFO     [psi4.optking.history:317] 	Steps to be used in Hessian update:  13 12 11 10

2025-12-23:11:27:23,705 INFO     [psi4.optking.history:418] 	Updated Hessian (in au) 
 	   0.138062

2025-12-23:11:27:23,705 INFO     [psi4.optking.molsys:944] Projected (PHP) Hessian matrix
	   0.138062

2025-12-23:11:27:23,705 INFO     [psi4.optking.opt_helper:182] 
	         Geometry (au)                                       Gradient (au)
   0.0000000000   0.0000000000   2.3422210256		  -0.0000000000   0.0000000000  -0.0003220143
   0.0000000000   0.0000000000  -1.8072290625		   0.0000000000  -0.0000000000   0.0003634478

2025-12-23:11:27:23,705 INFO     [psi4.optking.stepAlgorithms:368] 	Current Step Report 
 
	Current energy:      -702.7224651676
	Energy change for the previous step:
		Actual       :        -0.0000048543
		Projected    :        -0.0000037790

2025-12-23:11:27:23,705 INFO     [psi4.optking.stepAlgorithms:371] 	Energy ratio =    1.28452
2025-12-23:11:27:23,705 INFO     [psi4.optking.stepAlgorithms:929] 	Using RFO solution 1.
2025-12-23:11:27:23,705 INFO     [psi4.optking.displace:100] 	Determining Cartesian step for fragment 1.
2025-12-23:11:27:23,705 INFO     [psi4.optking.displace:415] 	Successfully converged to displaced geometry.
2025-12-23:11:27:23,705 INFO     [psi4.optking.displace:416] 	RMS(dx):  0.000e+00 	Max(dx):  0.000e+00 	RMS(dq):  0.000e+00
2025-12-23:11:27:23,706 INFO     [psi4.optking.displace:172] 

	        --- Internal Coordinate Step in ANG or DEG, aJ/ANG or AJ/DEG ---
	-------------------------------------------------------------------------------
	           Coordinate      Previous         Force          Change          New 
	           ----------      --------        ------          ------        ------
	               R(1,2)       2.19579        0.00282        0.00131       2.19711
	-------------------------------------------------------------------------------

2025-12-23:11:27:23,706 INFO     [psi4.optking.stepAlgorithms:113] 	|target step| :    0.0024824351
2025-12-23:11:27:23,706 INFO     [psi4.optking.stepAlgorithms:114] 	gradient     :   -0.0003427310
2025-12-23:11:27:23,706 INFO     [psi4.optking.stepAlgorithms:115] 	hessian      :    0.1380615906
2025-12-23:11:27:23,706 INFO     [psi4.optking.stepAlgorithms:113] 	|target step| :    0.0024824351
2025-12-23:11:27:23,706 INFO     [psi4.optking.stepAlgorithms:114] 	gradient     :   -0.0003427310
2025-12-23:11:27:23,706 INFO     [psi4.optking.stepAlgorithms:115] 	hessian      :    0.1380615906
2025-12-23:11:27:23,706 INFO     [psi4.optking.stepAlgorithms:206] 	Norm of achieved step-size    0.0024824351
2025-12-23:11:27:23,706 INFO     [psi4.optking.stepAlgorithms:208] 	Norm of achieved step-size (cart):    0.0017553467
2025-12-23:11:27:23,706 INFO     [psi4.optking.opt_helper:164] Molsys:

	                            ===> Fragment 1 <== 

	 Z (Atomic Numbers)          Masses                          Geom                  
	      13.000000            26.981539          0.00000000  0.00000000  2.34346224   
	      17.000000            34.968853          0.00000000  0.00000000 -1.80847028   

	 - Coordinate -           - BOHR/RAD -       - ANG/DEG -
	 R(1,2)           =         4.151933           2.197108

2025-12-23:11:27:23,706 INFO     [psi4.optking.convcheck:76] Performing convergence check.
2025-12-23:11:27:23,706 INFO     [psi4.optking.convcheck:282] 
	                                 ==> Convergence Check <==                                  
    
	Measures of convergence in internal coordinates in au.
    
	Criteria marked as inactive (o), active & met (*), and active & unmet ( ).

	----------------------------------------------------------------------------------------------
	   Step    Total Energy     Delta E     Max Force     RMS Force      Max Disp      RMS Disp   
	----------------------------------------------------------------------------------------------
	  Convergence Criteria     1.00e-06 *    3.00e-04 *             o    1.20e-03 *             o
	----------------------------------------------------------------------------------------------
	    14    -702.72246517   -4.85e-06      3.43e-04      3.43e-04 o    2.48e-03      2.48e-03 o  ~
	----------------------------------------------------------------------------------------------


2025-12-23:11:27:23,706 INFO     [psi4.optking.stepAlgorithms:296] 	Convergence check returned False
2025-12-23:11:27:23,716 INFO     [psi4.driver.task_planner:259] PLANNING Atomic:  keywords={'DAMPING_PERCENTAGE': 1.0, 'GEOM_MAXITER': 500, 'SCF__GUESS': 'READ', 'GUESS': 'SAP', 'MAXITER': 500, 'REFERENCE': 'UKS', 'function_kwargs': {}}
2025-12-23:11:27:23,718 INFO     [psi4.driver.driver:638] Compute gradient(): method=b3lyp, basis=cc-pvdz, molecule=default, nre=53.228225354865174
2025-12-23:11:27:24,276 INFO     [psi4.driver.driver:641] Return gradient(): -702.7224656360331
2025-12-23:11:27:24,276 INFO     [psi4.driver.driver:642] [[-0.00000000  0.00000000 -0.00003029]
 [ 0.00000000 -0.00000000  0.00007145]]
2025-12-23:11:27:24,278 INFO     [psi4.optking.history:269] 	Performing BFGS update.
2025-12-23:11:27:24,278 INFO     [psi4.optking.history:280] 	Using 4 previous steps for update.
2025-12-23:11:27:24,278 INFO     [psi4.optking.history:317] 	Steps to be used in Hessian update:  14 13 12 11

2025-12-23:11:27:24,278 INFO     [psi4.optking.history:418] 	Updated Hessian (in au) 
 	   0.126157

2025-12-23:11:27:24,278 INFO     [psi4.optking.molsys:944] Projected (PHP) Hessian matrix
	   0.126157

2025-12-23:11:27:24,278 INFO     [psi4.optking.opt_helper:182] 
	         Geometry (au)                                       Gradient (au)
   0.0000000000   0.0000000000   2.3436222743		  -0.0000000000   0.0000000000  -0.0000302923
   0.0000000000   0.0000000000  -1.8083102488		   0.0000000000  -0.0000000000   0.0000714514

2025-12-23:11:27:24,278 INFO     [psi4.optking.stepAlgorithms:368] 	Current Step Report 
 
	Current energy:      -702.7224656360
	Energy change for the previous step:
		Actual       :        -0.0000004684
		Projected    :        -0.0000004254

2025-12-23:11:27:24,278 INFO     [psi4.optking.stepAlgorithms:371] 	Energy ratio =    1.10117
2025-12-23:11:27:24,279 INFO     [psi4.optking.stepAlgorithms:929] 	Using RFO solution 1.
2025-12-23:11:27:24,279 INFO     [psi4.optking.displace:100] 	Determining Cartesian step for fragment 1.
2025-12-23:11:27:24,279 INFO     [psi4.optking.displace:415] 	Successfully converged to displaced geometry.
2025-12-23:11:27:24,279 INFO     [psi4.optking.displace:416] 	RMS(dx):  0.000e+00 	Max(dx):  0.000e+00 	RMS(dq):  0.000e+00
2025-12-23:11:27:24,279 INFO     [psi4.optking.displace:172] 

	        --- Internal Coordinate Step in ANG or DEG, aJ/ANG or AJ/DEG ---
	-------------------------------------------------------------------------------
	           Coordinate      Previous         Force          Change          New 
	           ----------      --------        ------          ------        ------
	               R(1,2)       2.19711        0.00042        0.00021       2.19732
	-------------------------------------------------------------------------------

2025-12-23:11:27:24,279 INFO     [psi4.optking.stepAlgorithms:113] 	|target step| :    0.0004032406
2025-12-23:11:27:24,279 INFO     [psi4.optking.stepAlgorithms:114] 	gradient     :   -0.0000508718
2025-12-23:11:27:24,279 INFO     [psi4.optking.stepAlgorithms:115] 	hessian      :    0.1261574976
2025-12-23:11:27:24,279 INFO     [psi4.optking.stepAlgorithms:113] 	|target step| :    0.0004032406
2025-12-23:11:27:24,279 INFO     [psi4.optking.stepAlgorithms:114] 	gradient     :   -0.0000508718
2025-12-23:11:27:24,279 INFO     [psi4.optking.stepAlgorithms:115] 	hessian      :    0.1261574976
2025-12-23:11:27:24,279 INFO     [psi4.optking.stepAlgorithms:206] 	Norm of achieved step-size    0.0004032406
2025-12-23:11:27:24,279 INFO     [psi4.optking.stepAlgorithms:208] 	Norm of achieved step-size (cart):    0.0002851341
2025-12-23:11:27:24,279 INFO     [psi4.optking.opt_helper:164] Molsys:

	                            ===> Fragment 1 <== 

	 Z (Atomic Numbers)          Masses                          Geom                  
	      13.000000            26.981539          0.00000000  0.00000000  2.34382389   
	      17.000000            34.968853          0.00000000  0.00000000 -1.80851187   

	 - Coordinate -           - BOHR/RAD -       - ANG/DEG -
	 R(1,2)           =         4.152336           2.197321

2025-12-23:11:27:24,279 INFO     [psi4.optking.convcheck:76] Performing convergence check.
2025-12-23:11:27:24,279 INFO     [psi4.optking.convcheck:282] 
	                                 ==> Convergence Check <==                                  
    
	Measures of convergence in internal coordinates in au.
    
	Criteria marked as inactive (o), active & met (*), and active & unmet ( ).

	----------------------------------------------------------------------------------------------
	   Step    Total Energy     Delta E     Max Force     RMS Force      Max Disp      RMS Disp   
	----------------------------------------------------------------------------------------------
	  Convergence Criteria     1.00e-06 *    3.00e-04 *             o    1.20e-03 *             o
	----------------------------------------------------------------------------------------------
	    15    -702.72246564   -4.68e-07 *    5.09e-05 *    5.09e-05 o    4.03e-04 *    4.03e-04 o  ~
	----------------------------------------------------------------------------------------------


2025-12-23:11:27:24,279 INFO     [psi4.optking.convcheck:206] 
	                      ===> Final Convergence Report <===                     

	----------------------------------------------------------------------------
	|   Required Criteria    |  One or More Criteria  |   Alternate Criteria   |
	----------------------------------------------------------------------------
	| [x]     max_force      | [x]       max_DE       |                        |
	|                        | [x]      max_disp      |                        |
	----------------------------------------------------------------------------


2025-12-23:11:27:24,279 INFO     [psi4.optking.stepAlgorithms:296] 	Convergence check returned True
2025-12-23:11:27:24,279 INFO     [psi4.optking.optimize:332] 	Converged in 15 steps!
2025-12-23:11:27:24,279 INFO     [psi4.optking.optimize:333] 	Final energy is   -702.7224656360331
2025-12-23:11:27:24,279 INFO     [psi4.optking.optimize:334] 	Final structure (Angstroms): 
	Fragment 1 (Ang)

	   Al   0.0000000000   0.0000000000   1.2402981909
	   Cl   0.0000000000   0.0000000000  -0.9570232664


2025-12-23:11:27:24,280 INFO     [psi4.optking.optimize:562] 	Optimization Finished

	==> Optimization Summary <==

        
	Measures of convergence in internal coordinates in au. (Any backward steps not shown.)
        
	---------------------------------------------------------------------------------------------------------------  ~
        
	 Step         Total Energy             Delta E       MAX Force       RMS Force        MAX Disp        RMS Disp   ~
        
	---------------------------------------------------------------------------------------------------------------  ~
        
	     1    -701.491066331831   -701.491066331831      2.69515855      2.69515855      0.01237132      0.01237132  ~
	     2    -701.524023623529     -0.032957291698      2.63293136      2.63293136      0.02416096      0.02416096  ~
	     3    -701.586200323325     -0.062176699796      2.51451158      2.51451158      0.09157656      0.09157656  ~
	     4    -701.797153495847     -0.210953172522      2.10202901      2.10202901      0.38627161      0.38627161  ~
	     5    -702.355223411972     -0.558069916125      0.92650249      0.92650249      0.25995423      0.25995423  ~
	     6    -702.537785305311     -0.182561893339      0.51509988      0.51509988      0.28484539      0.28484539  ~
	     7    -702.644539119121     -0.106753813811      0.25964767      0.25964767      0.26863085      0.26863085  ~
	     8    -702.694432576705     -0.049893457584      0.12430474      0.12430474      0.23329395      0.23329395  ~
	     9    -702.714641241406     -0.020208664701      0.05456473      0.05456473      0.17682263      0.17682263  ~
	    10    -702.721062670418     -0.006421429012      0.02020306      0.02020306      0.07909361      0.07909361  ~
	    11    -702.722184692745     -0.001122022327      0.00853371      0.00853371      0.03601387      0.03601387  ~
	    12    -702.722405884879     -0.000221192134      0.00383839      0.00383839      0.02207918      0.02207918  ~
	    13    -702.722460313314     -0.000054428435      0.00113407      0.00113407      0.00666458      0.00666458  ~
	    14    -702.722465167593     -0.000004854279      0.00034273      0.00034273      0.00248244      0.00248244  ~
	    15    -702.722465636033     -0.000000468440      0.00005087      0.00005087      0.00040324      0.00040324  ~
	----------------------------------------------------------------------------------------------------------------


2025-12-23:11:27:24,280 INFO     [psi4.optking.optimize:806] Preparing OptimizationResult
