2025-12-23:11:22:41,448 WARNING  [psi4.optking:38] Some dependencies such as QCElemental have not yet finished migration to pydantic v2. If issues are encountered please downgrade pydantic or upgrade QCElemental as appropriate
2025-12-23:11:22:41,608 INFO     [psi4.optking.optwrapper:234] Creating a UserComputer
2025-12-23:11:22:41,608 INFO     [psi4.optking.optwrapper:242] 
    			-----------------------------------------

    			 OPTKING 3.0: for geometry optimizations 

    			     By R.A. King, Bethel University     

    			        with contributions from          

    			    A.V. Copan, J. Cayton, A. Heide      

    			-----------------------------------------

    
2025-12-23:11:22:41,608 INFO     [psi4.optking.optwrapper:272] 
		 -- Optimization Parameters --
	GEOM_MAXITER                   =             500
	ALG_GEOM_MAXITER               =              50
	PRINT                          =               1
	OPT_TYPE                       =             MIN
	STEP_TYPE                      =             RFO
	PROGRAM                        =            PSI4
	STEEPEST_DESCENT_TYPE          =         OVERLAP
	CONJUGATE_GRADIENT_TYPE        =        FLETCHER
	OPT_COORDINATES                =        INTERNAL
	RFO_FOLLOW_ROOT                =           False
	RFO_ROOT                       =               0
	ACCEPT_SYMMETRY_BREAKING       =           False
	DYNAMIC_LVL                    =               0
	DYNAMIC_LVL_MAX                =               0
	IRC_STEP_SIZE                  =             0.2
	IRC_DIRECTION                  =         FORWARD
	IRC_POINTS                     =              20
	IRC_MODE                       =          NORMAL
	IRC_CONVERGENCE                =            -0.7
	INTRAFRAG_STEP_LIMIT           =             0.5
	INTRAFRAG_STEP_LIMIT_MIN       =           0.001
	INTRAFRAG_STEP_LIMIT_MAX       =             1.0
	INTERFRAG_STEP_LIMIT           =             0.5
	INTERFRAG_STEP_LIMIT_MIN       =           0.001
	INTERFRAG_STEP_LIMIT_MAX       =             1.0
	ENSURE_BT_CONVERGENCE          =           False
	SIMPLE_STEP_SCALING            =           False
	CONSECUTIVE_BACKSTEPS          =               0
	RFO_NORMALIZATION_MAX          =             100
	RSRFO_ALPHA_MAX                =     100000000.0
	PRINT_TRAJECTORY_XYZ_FILE      =           False
	WRITE_TRAJECTORY               =           False
	FROZEN_DISTANCE                =                
	FROZEN_BEND                    =                
	FROZEN_DIHEDRAL                =                
	FROZEN_OOFP                    =                
	FROZEN_CARTESIAN               =                
	FREEZE_ALL_DIHEDRALS           =           False
	UNFREEZE_DIHEDRALS             =                
	RANGED_DISTANCE                =                
	RANGED_BEND                    =                
	RANGED_DIHEDRAL                =                
	RANGED_OOFP                    =                
	RANGED_CARTESIAN               =                
	EXT_FORCE_DISTANCE             =                
	EXT_FORCE_BEND                 =                
	EXT_FORCE_DIHEDRAL             =                
	EXT_FORCE_OOFP                 =                
	EXT_FORCE_CARTESIAN            =                
	G_CONVERGENCE                  =           QCHEM
	MAX_FORCE_G_CONVERGENCE        =          0.0003
	RMS_FORCE_G_CONVERGENCE        =          0.0003
	MAX_ENERGY_G_CONVERGENCE       =           1e-06
	MAX_DISP_G_CONVERGENCE         =          0.0012
	RMS_DISP_G_CONVERGENCE         =          0.0012
	FLEXIBLE_G_CONVERGENCE         =           False
	HESS_UPDATE                    =            BFGS
	HESS_UPDATE_USE_LAST           =               4
	HESS_UPDATE_LIMIT              =            True
	HESS_UPDATE_LIMIT_MAX          =             1.0
	HESS_UPDATE_LIMIT_SCALE        =             0.5
	HESS_UPDATE_DEN_TOL            =           1e-07
	HESS_UPDATE_DQ_TOL             =             0.5
	CART_HESS_READ                 =           False
	HESSIAN_FILE                   =               .
	FULL_HESS_EVERY                =              -1
	INTRAFRAG_HESS                 =        SCHLEGEL
	H_GUESS_EVERY                  =           False
	BT_MAX_ITER                    =              25
	BT_DX_CONV                     =           1e-07
	BT_DX_RMS_CHANGE_CONV          =           1e-12
	BT_PINV_RCOND                  =           1e-06
	FRAG_MODE                      =          SINGLE
	FRAG_REF_ATOMS                 =              []
	FREEZE_INTRAFRAG               =           False
	INTERFRAG_MODE                 =           FIXED
	ADD_AUXILIARY_BONDS            =           False
	AUXILIARY_BOND_FACTOR          =             2.5
	INTERFRAG_DIST_INV             =           False
	INTERFRAG_COLLINEAR_TOL        =            0.01
	INTERFRAG_COORDS               =              []
	INTERFRAG_HESS                 =         DEFAULT
	COVALENT_CONNECT               =             1.3
	INTERFRAGMENT_CONNECT          =             1.8
	H_BOND_CONNECT                 =             4.3
	INCLUDE_OOFP                   =           False
	TEST_B                         =           False
	TEST_DERIVATIVE_B              =           False
	LINESEARCH_STEP                =             0.1
	LINESEARCH                     =           False
	SD_HESSIAN                     =             1.0
	FIX_VAL_NEAR_PI                =            1.57
	V3D_TORS_ANGLE_LIM             =           0.017
	V3D_TORS_COS_TOL               =           1e-10
	LINEAR_BEND_THRESHOLD          =            3.05
	SMALL_BEND_FIX_THRESHOLD       =            0.35
	REDUNDANT_EVAL_TOL             =           1e-10
	LINEAR_ALGEBRA_TOL             =           1e-10


2025-12-23:11:22:41,740 INFO     [psi4.optking.opt_helper:164] Molsys:

	                            ===> Fragment 1 <== 

	 Z (Atomic Numbers)          Masses                          Geom                  
	      12.000000            23.985042          0.00000000  0.00000000  1.29567353   
	      16.000000            31.972071          0.00000000  0.00000000 -0.97199782   

	 - Coordinate -           - BOHR/RAD -       - ANG/DEG -
	 R(1,2)           =         2.267671           1.200000

2025-12-23:11:22:41,750 INFO     [psi4.driver.task_planner:259] PLANNING Atomic:  keywords={'DAMPING_PERCENTAGE': 1.0, 'GEOM_MAXITER': 500, 'GUESS': 'SAP', 'MAXITER': 500, 'REFERENCE': 'UKS', 'function_kwargs': {}}
2025-12-23:11:22:41,751 INFO     [psi4.driver.driver:638] Compute gradient(): method=b3lyp, basis=cc-pvdz, molecule=default, nre=84.6683537072
2025-12-23:11:22:42,552 INFO     [psi4.driver.driver:641] Return gradient(): -597.2691840227467
2025-12-23:11:22:42,553 INFO     [psi4.driver.driver:642] [[-0.00000000 -0.00000000 -1.96035750]
 [ 0.00000000  0.00000000  1.96050349]]
2025-12-23:11:22:42,554 INFO     [psi4.optking.molsys:944] Projected (PHP) Hessian matrix
	 217.822043

2025-12-23:11:22:42,554 INFO     [psi4.optking.opt_helper:182] 
	         Geometry (au)                                       Gradient (au)
   0.0000000000   0.0000000000   1.2956735274		  -0.0000000000  -0.0000000000  -1.9603574958
   0.0000000000   0.0000000000  -0.9719978231		   0.0000000000   0.0000000000   1.9605034858

2025-12-23:11:22:42,555 INFO     [psi4.optking.stepAlgorithms:929] 	Using RFO solution 1.
2025-12-23:11:22:42,555 INFO     [psi4.optking.displace:100] 	Determining Cartesian step for fragment 1.
2025-12-23:11:22:42,555 INFO     [psi4.optking.displace:415] 	Successfully converged to displaced geometry.
2025-12-23:11:22:42,555 INFO     [psi4.optking.displace:416] 	RMS(dx):  0.000e+00 	Max(dx):  0.000e+00 	RMS(dq):  0.000e+00
2025-12-23:11:22:42,555 INFO     [psi4.optking.displace:172] 

	        --- Internal Coordinate Step in ANG or DEG, aJ/ANG or AJ/DEG ---
	-------------------------------------------------------------------------------
	           Coordinate      Previous         Force          Change          New 
	           ----------      --------        ------          ------        ------
	               R(1,2)       1.20000       16.15144        0.00476       1.20476
	-------------------------------------------------------------------------------

2025-12-23:11:22:42,555 INFO     [psi4.optking.stepAlgorithms:113] 	|target step| :    0.0089994185
2025-12-23:11:22:42,555 INFO     [psi4.optking.stepAlgorithms:114] 	gradient     :   -1.9604304908
2025-12-23:11:22:42,555 INFO     [psi4.optking.stepAlgorithms:115] 	hessian      :  217.8220428578
2025-12-23:11:22:42,555 INFO     [psi4.optking.stepAlgorithms:113] 	|target step| :    0.0089994185
2025-12-23:11:22:42,555 INFO     [psi4.optking.stepAlgorithms:114] 	gradient     :   -1.9604304908
2025-12-23:11:22:42,555 INFO     [psi4.optking.stepAlgorithms:115] 	hessian      :  217.8220428578
2025-12-23:11:22:42,555 INFO     [psi4.optking.stepAlgorithms:206] 	Norm of achieved step-size    0.0089994185
2025-12-23:11:22:42,555 INFO     [psi4.optking.stepAlgorithms:208] 	Norm of achieved step-size (cart):    0.0063635498
2025-12-23:11:22:42,555 INFO     [psi4.optking.opt_helper:164] Molsys:

	                            ===> Fragment 1 <== 

	 Z (Atomic Numbers)          Masses                          Geom                  
	      12.000000            23.985042          0.00000000  0.00000000  1.30017324   
	      16.000000            31.972071          0.00000000  0.00000000 -0.97649753   

	 - Coordinate -           - BOHR/RAD -       - ANG/DEG -
	 R(1,2)           =         2.276671           1.204762

2025-12-23:11:22:42,555 INFO     [psi4.optking.convcheck:76] Performing convergence check.
2025-12-23:11:22:42,555 INFO     [psi4.optking.convcheck:282] 
	                                 ==> Convergence Check <==                                  
    
	Measures of convergence in internal coordinates in au.
    
	Criteria marked as inactive (o), active & met (*), and active & unmet ( ).

	----------------------------------------------------------------------------------------------~
	   Step    Total Energy     Delta E     Max Force     RMS Force      Max Disp      RMS Disp   ~
	----------------------------------------------------------------------------------------------~
	  Convergence Criteria     1.00e-06 *    3.00e-04 *             o    1.20e-03 *             o~
	----------------------------------------------------------------------------------------------~
	     1    -597.26918402   -5.97e+02      1.96e+00      1.96e+00 o    9.00e-03      9.00e-03 o  ~
	----------------------------------------------------------------------------------------------


2025-12-23:11:22:42,555 INFO     [psi4.optking.stepAlgorithms:296] 	Convergence check returned False
2025-12-23:11:22:42,566 INFO     [psi4.driver.task_planner:259] PLANNING Atomic:  keywords={'DAMPING_PERCENTAGE': 1.0, 'GEOM_MAXITER': 500, 'SCF__GUESS': 'READ', 'GUESS': 'SAP', 'MAXITER': 500, 'REFERENCE': 'UKS', 'function_kwargs': {}}
2025-12-23:11:22:42,567 INFO     [psi4.driver.driver:638] Compute gradient(): method=b3lyp, basis=cc-pvdz, molecule=default, nre=84.33366941431464
2025-12-23:11:22:43,249 INFO     [psi4.driver.driver:641] Return gradient(): -597.2866918597227
2025-12-23:11:22:43,250 INFO     [psi4.driver.driver:642] [[-0.00000000 -0.00000000 -1.93042570]
 [-0.00000000  0.00000000  1.93056390]]
2025-12-23:11:22:43,251 INFO     [psi4.optking.history:269] 	Performing BFGS update.
2025-12-23:11:22:43,251 INFO     [psi4.optking.history:280] 	Using 1 previous steps for update.
2025-12-23:11:22:43,251 INFO     [psi4.optking.history:317] 	Steps to be used in Hessian update:  1

2025-12-23:11:22:43,251 INFO     [psi4.optking.history:418] 	Updated Hessian (in au) 
 	 108.911021

2025-12-23:11:22:43,251 INFO     [psi4.optking.molsys:944] Projected (PHP) Hessian matrix
	 108.911021

2025-12-23:11:22:43,252 INFO     [psi4.optking.opt_helper:182] 
	         Geometry (au)                                       Gradient (au)
   0.0000000000   0.0000000000   1.3008155020		  -0.0000000000  -0.0000000000  -1.9304256980
   0.0000000000   0.0000000000  -0.9758552671		  -0.0000000000   0.0000000000   1.9305638960

2025-12-23:11:22:43,252 INFO     [psi4.optking.stepAlgorithms:368] 	Current Step Report 
 
	Current energy:      -597.2866918597
	Energy change for the previous step:
		Actual       :        -0.0175078370
		Projected    :        -0.0088213672

2025-12-23:11:22:43,252 INFO     [psi4.optking.stepAlgorithms:371] 	Energy ratio =    1.98471
2025-12-23:11:22:43,252 INFO     [psi4.optking.stepAlgorithms:399] 	Energy ratio indicates good step.
2025-12-23:11:22:43,252 INFO     [psi4.optking.stepAlgorithms:400] 	Intrafrag trust radius increased to      1.
2025-12-23:11:22:43,252 INFO     [psi4.optking.stepAlgorithms:929] 	Using RFO solution 1.
2025-12-23:11:22:43,252 INFO     [psi4.optking.displace:100] 	Determining Cartesian step for fragment 1.
2025-12-23:11:22:43,252 INFO     [psi4.optking.displace:415] 	Successfully converged to displaced geometry.
2025-12-23:11:22:43,252 INFO     [psi4.optking.displace:416] 	RMS(dx):  1.282e-16 	Max(dx):  2.220e-16 	RMS(dq):  4.441e-16
2025-12-23:11:22:43,252 INFO     [psi4.optking.displace:172] 

	        --- Internal Coordinate Step in ANG or DEG, aJ/ANG or AJ/DEG ---
	-------------------------------------------------------------------------------
	           Coordinate      Previous         Force          Change          New 
	           ----------      --------        ------          ------        ------
	               R(1,2)       1.20476       15.90481        0.00938       1.21414
	-------------------------------------------------------------------------------

2025-12-23:11:22:43,252 INFO     [psi4.optking.stepAlgorithms:113] 	|target step| :    0.0177198653
2025-12-23:11:22:43,252 INFO     [psi4.optking.stepAlgorithms:114] 	gradient     :   -1.9304947970
2025-12-23:11:22:43,252 INFO     [psi4.optking.stepAlgorithms:115] 	hessian      :  108.9110214289
2025-12-23:11:22:43,252 INFO     [psi4.optking.stepAlgorithms:113] 	|target step| :    0.0177198653
2025-12-23:11:22:43,252 INFO     [psi4.optking.stepAlgorithms:114] 	gradient     :   -1.9304947970
2025-12-23:11:22:43,252 INFO     [psi4.optking.stepAlgorithms:115] 	hessian      :  108.9110214289
2025-12-23:11:22:43,252 INFO     [psi4.optking.stepAlgorithms:206] 	Norm of achieved step-size    0.0177198653
2025-12-23:11:22:43,252 INFO     [psi4.optking.stepAlgorithms:208] 	Norm of achieved step-size (cart):    0.0125298369
2025-12-23:11:22:43,253 INFO     [psi4.optking.opt_helper:164] Molsys:

	                            ===> Fragment 1 <== 

	 Z (Atomic Numbers)          Masses                          Geom                  
	      12.000000            23.985042          0.00000000  0.00000000  1.30967543   
	      16.000000            31.972071          0.00000000  0.00000000 -0.98471520   

	 - Coordinate -           - BOHR/RAD -       - ANG/DEG -
	 R(1,2)           =         2.294391           1.214139

2025-12-23:11:22:43,253 INFO     [psi4.optking.convcheck:76] Performing convergence check.
2025-12-23:11:22:43,253 INFO     [psi4.optking.convcheck:282] 
	                                 ==> Convergence Check <==                                  
    
	Measures of convergence in internal coordinates in au.
    
	Criteria marked as inactive (o), active & met (*), and active & unmet ( ).

	----------------------------------------------------------------------------------------------
	   Step    Total Energy     Delta E     Max Force     RMS Force      Max Disp      RMS Disp   
	----------------------------------------------------------------------------------------------
	  Convergence Criteria     1.00e-06 *    3.00e-04 *             o    1.20e-03 *             o
	----------------------------------------------------------------------------------------------
	     2    -597.28669186   -1.75e-02      1.93e+00      1.93e+00 o    1.77e-02      1.77e-02 o  ~
	----------------------------------------------------------------------------------------------


2025-12-23:11:22:43,253 INFO     [psi4.optking.stepAlgorithms:296] 	Convergence check returned False
2025-12-23:11:22:43,264 INFO     [psi4.driver.task_planner:259] PLANNING Atomic:  keywords={'DAMPING_PERCENTAGE': 1.0, 'GEOM_MAXITER': 500, 'SCF__GUESS': 'READ', 'GUESS': 'SAP', 'MAXITER': 500, 'REFERENCE': 'UKS', 'function_kwargs': {}}
2025-12-23:11:22:43,265 INFO     [psi4.driver.driver:638] Compute gradient(): method=b3lyp, basis=cc-pvdz, molecule=default, nre=83.68234995571643
2025-12-23:11:22:43,995 INFO     [psi4.driver.driver:641] Return gradient(): -597.320389899734
2025-12-23:11:22:43,996 INFO     [psi4.driver.driver:642] [[ 0.00000000 -0.00000000 -1.87313520]
 [ 0.00000000 -0.00000000  1.87325521]]
2025-12-23:11:22:43,997 INFO     [psi4.optking.history:269] 	Performing BFGS update.
2025-12-23:11:22:43,997 INFO     [psi4.optking.history:280] 	Using 2 previous steps for update.
2025-12-23:11:22:43,997 INFO     [psi4.optking.history:317] 	Steps to be used in Hessian update:  2 1

2025-12-23:11:22:43,997 INFO     [psi4.optking.history:418] 	Updated Hessian (in au) 
 	  27.227755

2025-12-23:11:22:43,997 INFO     [psi4.optking.molsys:944] Projected (PHP) Hessian matrix
	  27.227755

2025-12-23:11:22:43,997 INFO     [psi4.optking.opt_helper:182] 
	         Geometry (au)                                       Gradient (au)
   0.0000000000   0.0000000000   1.3109400557		   0.0000000000  -0.0000000000  -1.8731352049
   0.0000000000   0.0000000000  -0.9834505787		   0.0000000000  -0.0000000000   1.8732552111

2025-12-23:11:22:43,997 INFO     [psi4.optking.stepAlgorithms:368] 	Current Step Report 
 
	Current energy:      -597.3203898997
	Energy change for the previous step:
		Actual       :        -0.0336980400
		Projected    :        -0.0171040539

2025-12-23:11:22:43,997 INFO     [psi4.optking.stepAlgorithms:371] 	Energy ratio =    1.97018
2025-12-23:11:22:43,998 INFO     [psi4.optking.stepAlgorithms:929] 	Using RFO solution 1.
2025-12-23:11:22:43,998 INFO     [psi4.optking.displace:100] 	Determining Cartesian step for fragment 1.
2025-12-23:11:22:43,998 INFO     [psi4.optking.displace:415] 	Successfully converged to displaced geometry.
2025-12-23:11:22:43,998 INFO     [psi4.optking.displace:416] 	RMS(dx):  0.000e+00 	Max(dx):  0.000e+00 	RMS(dq):  0.000e+00
2025-12-23:11:22:43,998 INFO     [psi4.optking.displace:172] 

	        --- Internal Coordinate Step in ANG or DEG, aJ/ANG or AJ/DEG ---
	-------------------------------------------------------------------------------
	           Coordinate      Previous         Force          Change          New 
	           ----------      --------        ------          ------        ------
	               R(1,2)       1.21414       15.43274        0.03624       1.25037
	-------------------------------------------------------------------------------

2025-12-23:11:22:43,998 INFO     [psi4.optking.stepAlgorithms:113] 	|target step| :    0.0684746934
2025-12-23:11:22:43,998 INFO     [psi4.optking.stepAlgorithms:114] 	gradient     :   -1.8731952080
2025-12-23:11:22:43,998 INFO     [psi4.optking.stepAlgorithms:115] 	hessian      :   27.2277553572
2025-12-23:11:22:43,998 INFO     [psi4.optking.stepAlgorithms:113] 	|target step| :    0.0684746934
2025-12-23:11:22:43,998 INFO     [psi4.optking.stepAlgorithms:114] 	gradient     :   -1.8731952080
2025-12-23:11:22:43,998 INFO     [psi4.optking.stepAlgorithms:115] 	hessian      :   27.2277553572
2025-12-23:11:22:43,998 INFO     [psi4.optking.stepAlgorithms:206] 	Norm of achieved step-size    0.0684746934
2025-12-23:11:22:43,998 INFO     [psi4.optking.stepAlgorithms:208] 	Norm of achieved step-size (cart):    0.0484189201
2025-12-23:11:22:43,998 INFO     [psi4.optking.opt_helper:164] Molsys:

	                            ===> Fragment 1 <== 

	 Z (Atomic Numbers)          Masses                          Geom                  
	      12.000000            23.985042          0.00000000  0.00000000  1.34517740   
	      16.000000            31.972071          0.00000000  0.00000000 -1.01768793   

	 - Coordinate -           - BOHR/RAD -       - ANG/DEG -
	 R(1,2)           =         2.362865           1.250374

2025-12-23:11:22:43,998 INFO     [psi4.optking.convcheck:76] Performing convergence check.
2025-12-23:11:22:43,998 INFO     [psi4.optking.convcheck:282] 
	                                 ==> Convergence Check <==                                  
    
	Measures of convergence in internal coordinates in au.
    
	Criteria marked as inactive (o), active & met (*), and active & unmet ( ).

	----------------------------------------------------------------------------------------------
	   Step    Total Energy     Delta E     Max Force     RMS Force      Max Disp      RMS Disp   
	----------------------------------------------------------------------------------------------
	  Convergence Criteria     1.00e-06 *    3.00e-04 *             o    1.20e-03 *             o
	----------------------------------------------------------------------------------------------
	     3    -597.32038990   -3.37e-02      1.87e+00      1.87e+00 o    6.85e-02      6.85e-02 o  ~
	----------------------------------------------------------------------------------------------


2025-12-23:11:22:43,998 INFO     [psi4.optking.stepAlgorithms:296] 	Convergence check returned False
2025-12-23:11:22:44,9 INFO     [psi4.driver.task_planner:259] PLANNING Atomic:  keywords={'DAMPING_PERCENTAGE': 1.0, 'GEOM_MAXITER': 500, 'SCF__GUESS': 'READ', 'GUESS': 'SAP', 'MAXITER': 500, 'REFERENCE': 'UKS', 'function_kwargs': {}}
2025-12-23:11:22:44,10 INFO     [psi4.driver.driver:638] Compute gradient(): method=b3lyp, basis=cc-pvdz, molecule=default, nre=81.25727596117592
2025-12-23:11:22:44,799 INFO     [psi4.driver.driver:641] Return gradient(): -597.4415494819633
2025-12-23:11:22:44,799 INFO     [psi4.driver.driver:642] [[ 0.00000000  0.00000000 -1.67000607]
 [ 0.00000000 -0.00000000  1.67005685]]
2025-12-23:11:22:44,801 INFO     [psi4.optking.history:269] 	Performing BFGS update.
2025-12-23:11:22:44,801 INFO     [psi4.optking.history:280] 	Using 3 previous steps for update.
2025-12-23:11:22:44,801 INFO     [psi4.optking.history:317] 	Steps to be used in Hessian update:  3 2 1

2025-12-23:11:22:44,801 INFO     [psi4.optking.history:418] 	Updated Hessian (in au) 
 	   3.403469

2025-12-23:11:22:44,801 INFO     [psi4.optking.molsys:944] Projected (PHP) Hessian matrix
	   3.403469

2025-12-23:11:22:44,801 INFO     [psi4.optking.opt_helper:182] 
	         Geometry (au)                                       Gradient (au)
   0.0000000000   0.0000000000   1.3500642646		   0.0000000000   0.0000000000  -1.6700060651
   0.0000000000   0.0000000000  -1.0128010632		   0.0000000000  -0.0000000000   1.6700568542

2025-12-23:11:22:44,801 INFO     [psi4.optking.stepAlgorithms:368] 	Current Step Report 
 
	Current energy:      -597.4415494820
	Energy change for the previous step:
		Actual       :        -0.1211595822
		Projected    :        -0.0641332338

2025-12-23:11:22:44,801 INFO     [psi4.optking.stepAlgorithms:371] 	Energy ratio =    1.88919
2025-12-23:11:22:44,802 INFO     [psi4.optking.stepAlgorithms:929] 	Using RFO solution 1.
2025-12-23:11:22:44,802 INFO     [psi4.optking.displace:100] 	Determining Cartesian step for fragment 1.
2025-12-23:11:22:44,802 INFO     [psi4.optking.displace:415] 	Successfully converged to displaced geometry.
2025-12-23:11:22:44,802 INFO     [psi4.optking.displace:416] 	RMS(dx):  0.000e+00 	Max(dx):  0.000e+00 	RMS(dq):  0.000e+00
2025-12-23:11:22:44,802 INFO     [psi4.optking.displace:172] 

	        --- Internal Coordinate Step in ANG or DEG, aJ/ANG or AJ/DEG ---
	-------------------------------------------------------------------------------
	           Coordinate      Previous         Force          Change          New 
	           ----------      --------        ------          ------        ------
	               R(1,2)       1.25037       13.75893        0.21628       1.46666
	-------------------------------------------------------------------------------

2025-12-23:11:22:44,802 INFO     [psi4.optking.stepAlgorithms:113] 	|target step| :    0.4087164935
2025-12-23:11:22:44,802 INFO     [psi4.optking.stepAlgorithms:114] 	gradient     :   -1.6700314596
2025-12-23:11:22:44,802 INFO     [psi4.optking.stepAlgorithms:115] 	hessian      :    3.4034694197
2025-12-23:11:22:44,802 INFO     [psi4.optking.stepAlgorithms:113] 	|target step| :    0.4087164935
2025-12-23:11:22:44,802 INFO     [psi4.optking.stepAlgorithms:114] 	gradient     :   -1.6700314596
2025-12-23:11:22:44,802 INFO     [psi4.optking.stepAlgorithms:115] 	hessian      :    3.4034694197
2025-12-23:11:22:44,802 INFO     [psi4.optking.stepAlgorithms:206] 	Norm of achieved step-size    0.4087164935
2025-12-23:11:22:44,802 INFO     [psi4.optking.stepAlgorithms:208] 	Norm of achieved step-size (cart):    0.2890062041
2025-12-23:11:22:44,802 INFO     [psi4.optking.opt_helper:164] Molsys:

	                            ===> Fragment 1 <== 

	 Z (Atomic Numbers)          Masses                          Geom                  
	      12.000000            23.985042          0.00000000  0.00000000  1.55442251   
	      16.000000            31.972071          0.00000000  0.00000000 -1.21715931   

	 - Coordinate -           - BOHR/RAD -       - ANG/DEG -
	 R(1,2)           =         2.771582           1.466658

2025-12-23:11:22:44,802 INFO     [psi4.optking.convcheck:76] Performing convergence check.
2025-12-23:11:22:44,803 INFO     [psi4.optking.convcheck:282] 
	                                 ==> Convergence Check <==                                  
    
	Measures of convergence in internal coordinates in au.
    
	Criteria marked as inactive (o), active & met (*), and active & unmet ( ).

	----------------------------------------------------------------------------------------------
	   Step    Total Energy     Delta E     Max Force     RMS Force      Max Disp      RMS Disp   
	----------------------------------------------------------------------------------------------
	  Convergence Criteria     1.00e-06 *    3.00e-04 *             o    1.20e-03 *             o
	----------------------------------------------------------------------------------------------
	     4    -597.44154948   -1.21e-01      1.67e+00      1.67e+00 o    4.09e-01      4.09e-01 o  ~
	----------------------------------------------------------------------------------------------


2025-12-23:11:22:44,803 INFO     [psi4.optking.stepAlgorithms:296] 	Convergence check returned False
2025-12-23:11:22:44,812 INFO     [psi4.driver.task_planner:259] PLANNING Atomic:  keywords={'DAMPING_PERCENTAGE': 1.0, 'GEOM_MAXITER': 500, 'SCF__GUESS': 'READ', 'GUESS': 'SAP', 'MAXITER': 500, 'REFERENCE': 'UKS', 'function_kwargs': {}}
2025-12-23:11:22:44,814 INFO     [psi4.driver.driver:638] Compute gradient(): method=b3lyp, basis=cc-pvdz, molecule=default, nre=69.27451988739041
2025-12-23:11:22:45,582 INFO     [psi4.driver.driver:641] Return gradient(): -597.9355554376722
2025-12-23:11:22:45,582 INFO     [psi4.driver.driver:642] [[ 0.00000000  0.00000000 -0.82913813]
 [ 0.00000000 -0.00000000  0.82899768]]
2025-12-23:11:22:45,584 INFO     [psi4.optking.history:269] 	Performing BFGS update.
2025-12-23:11:22:45,584 INFO     [psi4.optking.history:280] 	Using 4 previous steps for update.
2025-12-23:11:22:45,584 WARNING  [psi4.optking.history:301] 	Change in internal coordinate of 5.04e-01 exceeds limit of 5.00e-01.
2025-12-23:11:22:45,584 WARNING  [psi4.optking.history:306] 	Skipping Hessian update for step 1.
2025-12-23:11:22:45,584 INFO     [psi4.optking.history:317] 	Steps to be used in Hessian update:  4 3 2

2025-12-23:11:22:45,584 INFO     [psi4.optking.history:418] 	Updated Hessian (in au) 
 	   2.225505

2025-12-23:11:22:45,584 INFO     [psi4.optking.molsys:944] Projected (PHP) Hessian matrix
	   2.225505

2025-12-23:11:22:45,584 INFO     [psi4.optking.opt_helper:182] 
	         Geometry (au)                                       Gradient (au)
   0.0000000000   0.0000000000   1.5835915527		   0.0000000000   0.0000000000  -0.8291381296
   0.0000000000   0.0000000000  -1.1879902686		   0.0000000000  -0.0000000000   0.8289976798

2025-12-23:11:22:45,584 INFO     [psi4.optking.stepAlgorithms:368] 	Current Step Report 
 
	Current energy:      -597.9355554377
	Energy change for the previous step:
		Actual       :        -0.4940059557
		Projected    :        -0.3412847011

2025-12-23:11:22:45,584 INFO     [psi4.optking.stepAlgorithms:371] 	Energy ratio =    1.44749
2025-12-23:11:22:45,584 INFO     [psi4.optking.stepAlgorithms:929] 	Using RFO solution 1.
2025-12-23:11:22:45,584 INFO     [psi4.optking.displace:100] 	Determining Cartesian step for fragment 1.
2025-12-23:11:22:45,585 INFO     [psi4.optking.displace:415] 	Successfully converged to displaced geometry.
2025-12-23:11:22:45,585 INFO     [psi4.optking.displace:416] 	RMS(dx):  0.000e+00 	Max(dx):  0.000e+00 	RMS(dq):  0.000e+00
2025-12-23:11:22:45,585 INFO     [psi4.optking.displace:172] 

	        --- Internal Coordinate Step in ANG or DEG, aJ/ANG or AJ/DEG ---
	-------------------------------------------------------------------------------
	           Coordinate      Previous         Force          Change          New 
	           ----------      --------        ------          ------        ------
	               R(1,2)       1.46666        6.83046        0.17546       1.64212
	-------------------------------------------------------------------------------

2025-12-23:11:22:45,585 INFO     [psi4.optking.stepAlgorithms:113] 	|target step| :    0.3315738482
2025-12-23:11:22:45,585 INFO     [psi4.optking.stepAlgorithms:114] 	gradient     :   -0.8290679047
2025-12-23:11:22:45,585 INFO     [psi4.optking.stepAlgorithms:115] 	hessian      :    2.2255047391
2025-12-23:11:22:45,585 INFO     [psi4.optking.stepAlgorithms:113] 	|target step| :    0.3315738482
2025-12-23:11:22:45,585 INFO     [psi4.optking.stepAlgorithms:114] 	gradient     :   -0.8290679047
2025-12-23:11:22:45,585 INFO     [psi4.optking.stepAlgorithms:115] 	hessian      :    2.2255047391
2025-12-23:11:22:45,585 INFO     [psi4.optking.stepAlgorithms:206] 	Norm of achieved step-size    0.3315738482
2025-12-23:11:22:45,585 INFO     [psi4.optking.stepAlgorithms:208] 	Norm of achieved step-size (cart):    0.2344581165
2025-12-23:11:22:45,585 INFO     [psi4.optking.opt_helper:164] Molsys:

	                            ===> Fragment 1 <== 

	 Z (Atomic Numbers)          Masses                          Geom                  
	      12.000000            23.985042          0.00000000  0.00000000  1.74937848   
	      16.000000            31.972071          0.00000000  0.00000000 -1.35377719   

	 - Coordinate -           - BOHR/RAD -       - ANG/DEG -
	 R(1,2)           =         3.103156           1.642119

2025-12-23:11:22:45,585 INFO     [psi4.optking.convcheck:76] Performing convergence check.
2025-12-23:11:22:45,585 INFO     [psi4.optking.convcheck:282] 
	                                 ==> Convergence Check <==                                  
    
	Measures of convergence in internal coordinates in au.
    
	Criteria marked as inactive (o), active & met (*), and active & unmet ( ).

	----------------------------------------------------------------------------------------------
	   Step    Total Energy     Delta E     Max Force     RMS Force      Max Disp      RMS Disp   
	----------------------------------------------------------------------------------------------
	  Convergence Criteria     1.00e-06 *    3.00e-04 *             o    1.20e-03 *             o
	----------------------------------------------------------------------------------------------
	     5    -597.93555544   -4.94e-01      8.29e-01      8.29e-01 o    3.32e-01      3.32e-01 o  ~
	----------------------------------------------------------------------------------------------


2025-12-23:11:22:45,585 INFO     [psi4.optking.stepAlgorithms:296] 	Convergence check returned False
2025-12-23:11:22:45,596 INFO     [psi4.driver.task_planner:259] PLANNING Atomic:  keywords={'DAMPING_PERCENTAGE': 1.0, 'GEOM_MAXITER': 500, 'SCF__GUESS': 'READ', 'GUESS': 'SAP', 'MAXITER': 500, 'REFERENCE': 'UKS', 'function_kwargs': {}}
2025-12-23:11:22:45,598 INFO     [psi4.driver.driver:638] Compute gradient(): method=b3lyp, basis=cc-pvdz, molecule=default, nre=61.87250027050211
2025-12-23:11:22:46,329 INFO     [psi4.driver.driver:641] Return gradient(): -598.1381052438661
2025-12-23:11:22:46,329 INFO     [psi4.driver.driver:642] [[ 0.00000000  0.00000000 -0.42580150]
 [ 0.00000000 -0.00000000  0.42573466]]
2025-12-23:11:22:46,331 INFO     [psi4.optking.history:269] 	Performing BFGS update.
2025-12-23:11:22:46,331 INFO     [psi4.optking.history:280] 	Using 4 previous steps for update.
2025-12-23:11:22:46,331 WARNING  [psi4.optking.history:301] 	Change in internal coordinate of 7.40e-01 exceeds limit of 5.00e-01.
2025-12-23:11:22:46,331 WARNING  [psi4.optking.history:306] 	Skipping Hessian update for step 4.
2025-12-23:11:22:46,331 WARNING  [psi4.optking.history:301] 	Change in internal coordinate of 8.09e-01 exceeds limit of 5.00e-01.
2025-12-23:11:22:46,331 WARNING  [psi4.optking.history:306] 	Skipping Hessian update for step 3.
2025-12-23:11:22:46,331 WARNING  [psi4.optking.history:301] 	Change in internal coordinate of 8.26e-01 exceeds limit of 5.00e-01.
2025-12-23:11:22:46,331 WARNING  [psi4.optking.history:306] 	Skipping Hessian update for step 2.
2025-12-23:11:22:46,331 WARNING  [psi4.optking.history:301] 	Change in internal coordinate of 8.35e-01 exceeds limit of 5.00e-01.
2025-12-23:11:22:46,331 WARNING  [psi4.optking.history:306] 	Skipping Hessian update for step 1.
2025-12-23:11:22:46,331 INFO     [psi4.optking.history:317] 	Steps to be used in Hessian update:  5

2025-12-23:11:22:46,331 INFO     [psi4.optking.history:418] 	Updated Hessian (in au) 
 	   1.216320

2025-12-23:11:22:46,332 INFO     [psi4.optking.molsys:944] Projected (PHP) Hessian matrix
	   1.216320

2025-12-23:11:22:46,332 INFO     [psi4.optking.opt_helper:182] 
	         Geometry (au)                                       Gradient (au)
   0.0000000000   0.0000000000   1.7730420467		   0.0000000000   0.0000000000  -0.4258014956
   0.0000000000   0.0000000000  -1.3301136228		   0.0000000000  -0.0000000000   0.4257346562

2025-12-23:11:22:46,332 INFO     [psi4.optking.stepAlgorithms:368] 	Current Step Report 
 
	Current energy:      -598.1381052439
	Energy change for the previous step:
		Actual       :        -0.2025498062
		Projected    :        -0.1374486178

2025-12-23:11:22:46,332 INFO     [psi4.optking.stepAlgorithms:371] 	Energy ratio =    1.47364
2025-12-23:11:22:46,332 INFO     [psi4.optking.stepAlgorithms:929] 	Using RFO solution 1.
2025-12-23:11:22:46,332 INFO     [psi4.optking.displace:100] 	Determining Cartesian step for fragment 1.
2025-12-23:11:22:46,332 INFO     [psi4.optking.displace:415] 	Successfully converged to displaced geometry.
2025-12-23:11:22:46,332 INFO     [psi4.optking.displace:416] 	RMS(dx):  0.000e+00 	Max(dx):  0.000e+00 	RMS(dq):  0.000e+00
2025-12-23:11:22:46,332 INFO     [psi4.optking.displace:172] 

	        --- Internal Coordinate Step in ANG or DEG, aJ/ANG or AJ/DEG ---
	-------------------------------------------------------------------------------
	           Coordinate      Previous         Force          Change          New 
	           ----------      --------        ------          ------        ------
	               R(1,2)       1.64212        3.50779        0.16683       1.80895
	-------------------------------------------------------------------------------

2025-12-23:11:22:46,332 INFO     [psi4.optking.stepAlgorithms:113] 	|target step| :    0.3152562933
2025-12-23:11:22:46,332 INFO     [psi4.optking.stepAlgorithms:114] 	gradient     :   -0.4257680759
2025-12-23:11:22:46,332 INFO     [psi4.optking.stepAlgorithms:115] 	hessian      :    1.2163197762
2025-12-23:11:22:46,332 INFO     [psi4.optking.stepAlgorithms:113] 	|target step| :    0.3152562933
2025-12-23:11:22:46,332 INFO     [psi4.optking.stepAlgorithms:114] 	gradient     :   -0.4257680759
2025-12-23:11:22:46,332 INFO     [psi4.optking.stepAlgorithms:115] 	hessian      :    1.2163197762
2025-12-23:11:22:46,332 INFO     [psi4.optking.stepAlgorithms:206] 	Norm of achieved step-size    0.3152562933
2025-12-23:11:22:46,332 INFO     [psi4.optking.stepAlgorithms:208] 	Norm of achieved step-size (cart):    0.2229198628
2025-12-23:11:22:46,332 INFO     [psi4.optking.opt_helper:164] Molsys:

	                            ===> Fragment 1 <== 

	 Z (Atomic Numbers)          Masses                          Geom                  
	      12.000000            23.985042          0.00000000  0.00000000  1.93067019   
	      16.000000            31.972071          0.00000000  0.00000000 -1.48774177   

	 - Coordinate -           - BOHR/RAD -       - ANG/DEG -
	 R(1,2)           =         3.418412           1.808946

2025-12-23:11:22:46,333 INFO     [psi4.optking.convcheck:76] Performing convergence check.
2025-12-23:11:22:46,333 INFO     [psi4.optking.convcheck:282] 
	                                 ==> Convergence Check <==                                  
    
	Measures of convergence in internal coordinates in au.
    
	Criteria marked as inactive (o), active & met (*), and active & unmet ( ).

	----------------------------------------------------------------------------------------------
	   Step    Total Energy     Delta E     Max Force     RMS Force      Max Disp      RMS Disp   
	----------------------------------------------------------------------------------------------
	  Convergence Criteria     1.00e-06 *    3.00e-04 *             o    1.20e-03 *             o
	----------------------------------------------------------------------------------------------
	     6    -598.13810524   -2.03e-01      4.26e-01      4.26e-01 o    3.15e-01      3.15e-01 o  ~
	----------------------------------------------------------------------------------------------


2025-12-23:11:22:46,333 INFO     [psi4.optking.stepAlgorithms:296] 	Convergence check returned False
2025-12-23:11:22:46,343 INFO     [psi4.driver.task_planner:259] PLANNING Atomic:  keywords={'DAMPING_PERCENTAGE': 1.0, 'GEOM_MAXITER': 500, 'SCF__GUESS': 'READ', 'GUESS': 'SAP', 'MAXITER': 500, 'REFERENCE': 'UKS', 'function_kwargs': {}}
2025-12-23:11:22:46,345 INFO     [psi4.driver.driver:638] Compute gradient(): method=b3lyp, basis=cc-pvdz, molecule=default, nre=56.166431106750316
2025-12-23:11:22:47,84 INFO     [psi4.driver.driver:641] Return gradient(): -598.2334807344978
2025-12-23:11:22:47,84 INFO     [psi4.driver.driver:642] [[ 0.00000000  0.00000000 -0.20026011]
 [-0.00000000  0.00000000  0.20024907]]
2025-12-23:11:22:47,86 INFO     [psi4.optking.history:269] 	Performing BFGS update.
2025-12-23:11:22:47,86 INFO     [psi4.optking.history:280] 	Using 4 previous steps for update.
2025-12-23:11:22:47,86 WARNING  [psi4.optking.history:301] 	Change in internal coordinate of 6.47e-01 exceeds limit of 5.00e-01.
2025-12-23:11:22:47,86 WARNING  [psi4.optking.history:306] 	Skipping Hessian update for step 5.
2025-12-23:11:22:47,86 WARNING  [psi4.optking.history:301] 	Change in internal coordinate of 1.06e+00 exceeds limit of 5.00e-01.
2025-12-23:11:22:47,86 WARNING  [psi4.optking.history:306] 	Skipping Hessian update for step 4.
2025-12-23:11:22:47,86 WARNING  [psi4.optking.history:301] 	Change in internal coordinate of 1.12e+00 exceeds limit of 5.00e-01.
2025-12-23:11:22:47,86 WARNING  [psi4.optking.history:306] 	Skipping Hessian update for step 3.
2025-12-23:11:22:47,86 WARNING  [psi4.optking.history:301] 	Change in internal coordinate of 1.14e+00 exceeds limit of 5.00e-01.
2025-12-23:11:22:47,86 WARNING  [psi4.optking.history:306] 	Skipping Hessian update for step 2.
2025-12-23:11:22:47,86 WARNING  [psi4.optking.history:301] 	Change in internal coordinate of 1.15e+00 exceeds limit of 5.00e-01.
2025-12-23:11:22:47,86 WARNING  [psi4.optking.history:306] 	Skipping Hessian update for step 1.
2025-12-23:11:22:47,86 INFO     [psi4.optking.history:317] 	Steps to be used in Hessian update:  6

2025-12-23:11:22:47,86 INFO     [psi4.optking.history:418] 	Updated Hessian (in au) 
 	   0.715334

2025-12-23:11:22:47,86 INFO     [psi4.optking.molsys:944] Projected (PHP) Hessian matrix
	   0.715334

2025-12-23:11:22:47,86 INFO     [psi4.optking.opt_helper:182] 
	         Geometry (au)                                       Gradient (au)
   0.0000000000   0.0000000000   1.9531692214		   0.0000000000   0.0000000000  -0.2002601084
   0.0000000000   0.0000000000  -1.4652427414		  -0.0000000000   0.0000000000   0.2002490677

2025-12-23:11:22:47,86 INFO     [psi4.optking.stepAlgorithms:368] 	Current Step Report 
 
	Current energy:      -598.2334807345
	Energy change for the previous step:
		Actual       :        -0.0953754906
		Projected    :        -0.0671130327

2025-12-23:11:22:47,86 INFO     [psi4.optking.stepAlgorithms:371] 	Energy ratio =    1.42112
2025-12-23:11:22:47,87 INFO     [psi4.optking.stepAlgorithms:929] 	Using RFO solution 1.
2025-12-23:11:22:47,87 INFO     [psi4.optking.displace:100] 	Determining Cartesian step for fragment 1.
2025-12-23:11:22:47,87 INFO     [psi4.optking.displace:415] 	Successfully converged to displaced geometry.
2025-12-23:11:22:47,87 INFO     [psi4.optking.displace:416] 	RMS(dx):  1.282e-16 	Max(dx):  2.220e-16 	RMS(dq):  0.000e+00
2025-12-23:11:22:47,87 INFO     [psi4.optking.displace:172] 

	        --- Internal Coordinate Step in ANG or DEG, aJ/ANG or AJ/DEG ---
	-------------------------------------------------------------------------------
	           Coordinate      Previous         Force          Change          New 
	           ----------      --------        ------          ------        ------
	               R(1,2)       1.80895        1.64984        0.13806       1.94700
	-------------------------------------------------------------------------------

2025-12-23:11:22:47,87 INFO     [psi4.optking.stepAlgorithms:113] 	|target step| :    0.2608913439
2025-12-23:11:22:47,87 INFO     [psi4.optking.stepAlgorithms:114] 	gradient     :   -0.2002545881
2025-12-23:11:22:47,87 INFO     [psi4.optking.stepAlgorithms:115] 	hessian      :    0.7153338178
2025-12-23:11:22:47,87 INFO     [psi4.optking.stepAlgorithms:113] 	|target step| :    0.2608913439
2025-12-23:11:22:47,87 INFO     [psi4.optking.stepAlgorithms:114] 	gradient     :   -0.2002545881
2025-12-23:11:22:47,87 INFO     [psi4.optking.stepAlgorithms:115] 	hessian      :    0.7153338178
2025-12-23:11:22:47,87 INFO     [psi4.optking.stepAlgorithms:206] 	Norm of achieved step-size    0.2608913439
2025-12-23:11:22:47,87 INFO     [psi4.optking.stepAlgorithms:208] 	Norm of achieved step-size (cart):    0.1844780384
2025-12-23:11:22:47,87 INFO     [psi4.optking.opt_helper:164] Molsys:

	                            ===> Fragment 1 <== 

	 Z (Atomic Numbers)          Masses                          Geom                  
	      12.000000            23.985042          0.00000000  0.00000000  2.08361489   
	      16.000000            31.972071          0.00000000  0.00000000 -1.59568841   

	 - Coordinate -           - BOHR/RAD -       - ANG/DEG -
	 R(1,2)           =         3.679303           1.947003

2025-12-23:11:22:47,87 INFO     [psi4.optking.convcheck:76] Performing convergence check.
2025-12-23:11:22:47,88 INFO     [psi4.optking.convcheck:282] 
	                                 ==> Convergence Check <==                                  
    
	Measures of convergence in internal coordinates in au.
    
	Criteria marked as inactive (o), active & met (*), and active & unmet ( ).

	----------------------------------------------------------------------------------------------
	   Step    Total Energy     Delta E     Max Force     RMS Force      Max Disp      RMS Disp   
	----------------------------------------------------------------------------------------------
	  Convergence Criteria     1.00e-06 *    3.00e-04 *             o    1.20e-03 *             o
	----------------------------------------------------------------------------------------------
	     7    -598.23348073   -9.54e-02      2.00e-01      2.00e-01 o    2.61e-01      2.61e-01 o  ~
	----------------------------------------------------------------------------------------------


2025-12-23:11:22:47,88 INFO     [psi4.optking.stepAlgorithms:296] 	Convergence check returned False
2025-12-23:11:22:47,98 INFO     [psi4.driver.task_planner:259] PLANNING Atomic:  keywords={'DAMPING_PERCENTAGE': 1.0, 'GEOM_MAXITER': 500, 'SCF__GUESS': 'READ', 'GUESS': 'SAP', 'MAXITER': 500, 'REFERENCE': 'UKS', 'function_kwargs': {}}
2025-12-23:11:22:47,99 INFO     [psi4.driver.driver:638] Compute gradient(): method=b3lyp, basis=cc-pvdz, molecule=default, nre=52.18379241888009
2025-12-23:11:22:47,837 INFO     [psi4.driver.driver:641] Return gradient(): -598.2702498121865
2025-12-23:11:22:47,837 INFO     [psi4.driver.driver:642] [[-0.00000000 -0.00000000 -0.09052459]
 [-0.00000000  0.00000000  0.09055666]]
2025-12-23:11:22:47,839 INFO     [psi4.optking.history:269] 	Performing BFGS update.
2025-12-23:11:22:47,839 INFO     [psi4.optking.history:280] 	Using 4 previous steps for update.
2025-12-23:11:22:47,839 WARNING  [psi4.optking.history:301] 	Change in internal coordinate of 5.76e-01 exceeds limit of 5.00e-01.
2025-12-23:11:22:47,839 WARNING  [psi4.optking.history:306] 	Skipping Hessian update for step 6.
2025-12-23:11:22:47,839 WARNING  [psi4.optking.history:301] 	Change in internal coordinate of 9.08e-01 exceeds limit of 5.00e-01.
2025-12-23:11:22:47,839 WARNING  [psi4.optking.history:306] 	Skipping Hessian update for step 5.
2025-12-23:11:22:47,839 WARNING  [psi4.optking.history:301] 	Change in internal coordinate of 1.32e+00 exceeds limit of 5.00e-01.
2025-12-23:11:22:47,839 WARNING  [psi4.optking.history:306] 	Skipping Hessian update for step 4.
2025-12-23:11:22:47,839 WARNING  [psi4.optking.history:301] 	Change in internal coordinate of 1.38e+00 exceeds limit of 5.00e-01.
2025-12-23:11:22:47,839 WARNING  [psi4.optking.history:306] 	Skipping Hessian update for step 3.
2025-12-23:11:22:47,839 WARNING  [psi4.optking.history:301] 	Change in internal coordinate of 1.40e+00 exceeds limit of 5.00e-01.
2025-12-23:11:22:47,839 WARNING  [psi4.optking.history:306] 	Skipping Hessian update for step 2.
2025-12-23:11:22:47,839 WARNING  [psi4.optking.history:301] 	Change in internal coordinate of 1.41e+00 exceeds limit of 5.00e-01.
2025-12-23:11:22:47,839 WARNING  [psi4.optking.history:306] 	Skipping Hessian update for step 1.
2025-12-23:11:22:47,839 INFO     [psi4.optking.history:317] 	Steps to be used in Hessian update:  7

2025-12-23:11:22:47,839 INFO     [psi4.optking.history:418] 	Updated Hessian (in au) 
 	   0.420535

2025-12-23:11:22:47,839 INFO     [psi4.optking.molsys:944] Projected (PHP) Hessian matrix
	   0.420535

2025-12-23:11:22:47,839 INFO     [psi4.optking.opt_helper:182] 
	         Geometry (au)                                       Gradient (au)
   0.0000000000   0.0000000000   2.1022340352		  -0.0000000000  -0.0000000000  -0.0905245871
   0.0000000000   0.0000000000  -1.5770692714		  -0.0000000000   0.0000000000   0.0905566607

2025-12-23:11:22:47,839 INFO     [psi4.optking.stepAlgorithms:368] 	Current Step Report 
 
	Current energy:      -598.2702498122
	Energy change for the previous step:
		Actual       :        -0.0367690777
		Projected    :        -0.0261223443

2025-12-23:11:22:47,839 INFO     [psi4.optking.stepAlgorithms:371] 	Energy ratio =    1.40757
2025-12-23:11:22:47,840 INFO     [psi4.optking.stepAlgorithms:929] 	Using RFO solution 1.
2025-12-23:11:22:47,840 INFO     [psi4.optking.displace:100] 	Determining Cartesian step for fragment 1.
2025-12-23:11:22:47,840 INFO     [psi4.optking.displace:415] 	Successfully converged to displaced geometry.
2025-12-23:11:22:47,840 INFO     [psi4.optking.displace:416] 	RMS(dx):  0.000e+00 	Max(dx):  0.000e+00 	RMS(dq):  0.000e+00
2025-12-23:11:22:47,840 INFO     [psi4.optking.displace:172] 

	        --- Internal Coordinate Step in ANG or DEG, aJ/ANG or AJ/DEG ---
	-------------------------------------------------------------------------------
	           Coordinate      Previous         Force          Change          New 
	           ----------      --------        ------          ------        ------
	               R(1,2)       1.94700        0.74594        0.10909       2.05609
	-------------------------------------------------------------------------------

2025-12-23:11:22:47,840 INFO     [psi4.optking.stepAlgorithms:113] 	|target step| :    0.2061489870
2025-12-23:11:22:47,840 INFO     [psi4.optking.stepAlgorithms:114] 	gradient     :   -0.0905406239
2025-12-23:11:22:47,840 INFO     [psi4.optking.stepAlgorithms:115] 	hessian      :    0.4205350877
2025-12-23:11:22:47,840 INFO     [psi4.optking.stepAlgorithms:113] 	|target step| :    0.2061489870
2025-12-23:11:22:47,840 INFO     [psi4.optking.stepAlgorithms:114] 	gradient     :   -0.0905406239
2025-12-23:11:22:47,840 INFO     [psi4.optking.stepAlgorithms:115] 	hessian      :    0.4205350877
2025-12-23:11:22:47,840 INFO     [psi4.optking.stepAlgorithms:206] 	Norm of achieved step-size    0.2061489870
2025-12-23:11:22:47,840 INFO     [psi4.optking.stepAlgorithms:208] 	Norm of achieved step-size (cart):    0.1457693466
2025-12-23:11:22:47,840 INFO     [psi4.optking.opt_helper:164] Molsys:

	                            ===> Fragment 1 <== 

	 Z (Atomic Numbers)          Masses                          Geom                  
	      12.000000            23.985042          0.00000000  0.00000000  2.20530853   
	      16.000000            31.972071          0.00000000  0.00000000 -1.68014376   

	 - Coordinate -           - BOHR/RAD -       - ANG/DEG -
	 R(1,2)           =         3.885452           2.056093

2025-12-23:11:22:47,840 INFO     [psi4.optking.convcheck:76] Performing convergence check.
2025-12-23:11:22:47,840 INFO     [psi4.optking.convcheck:282] 
	                                 ==> Convergence Check <==                                  
    
	Measures of convergence in internal coordinates in au.
    
	Criteria marked as inactive (o), active & met (*), and active & unmet ( ).

	----------------------------------------------------------------------------------------------
	   Step    Total Energy     Delta E     Max Force     RMS Force      Max Disp      RMS Disp   
	----------------------------------------------------------------------------------------------
	  Convergence Criteria     1.00e-06 *    3.00e-04 *             o    1.20e-03 *             o
	----------------------------------------------------------------------------------------------
	     8    -598.27024981   -3.68e-02      9.05e-02      9.05e-02 o    2.06e-01      2.06e-01 o  ~
	----------------------------------------------------------------------------------------------


2025-12-23:11:22:47,840 INFO     [psi4.optking.stepAlgorithms:296] 	Convergence check returned False
2025-12-23:11:22:47,851 INFO     [psi4.driver.task_planner:259] PLANNING Atomic:  keywords={'DAMPING_PERCENTAGE': 1.0, 'GEOM_MAXITER': 500, 'SCF__GUESS': 'READ', 'GUESS': 'SAP', 'MAXITER': 500, 'REFERENCE': 'UKS', 'function_kwargs': {}}
2025-12-23:11:22:47,853 INFO     [psi4.driver.driver:638] Compute gradient(): method=b3lyp, basis=cc-pvdz, molecule=default, nre=49.41509649050271
2025-12-23:11:22:48,616 INFO     [psi4.driver.driver:641] Return gradient(): -598.2828357416954
2025-12-23:11:22:48,616 INFO     [psi4.driver.driver:642] [[ 0.00000000  0.00000000 -0.03529082]
 [ 0.00000000  0.00000000  0.03530588]]
2025-12-23:11:22:48,618 INFO     [psi4.optking.history:269] 	Performing BFGS update.
2025-12-23:11:22:48,618 INFO     [psi4.optking.history:280] 	Using 4 previous steps for update.
2025-12-23:11:22:48,618 WARNING  [psi4.optking.history:301] 	Change in internal coordinate of 7.82e-01 exceeds limit of 5.00e-01.
2025-12-23:11:22:48,618 WARNING  [psi4.optking.history:306] 	Skipping Hessian update for step 6.
2025-12-23:11:22:48,618 WARNING  [psi4.optking.history:301] 	Change in internal coordinate of 1.11e+00 exceeds limit of 5.00e-01.
2025-12-23:11:22:48,618 WARNING  [psi4.optking.history:306] 	Skipping Hessian update for step 5.
2025-12-23:11:22:48,618 WARNING  [psi4.optking.history:301] 	Change in internal coordinate of 1.52e+00 exceeds limit of 5.00e-01.
2025-12-23:11:22:48,618 WARNING  [psi4.optking.history:306] 	Skipping Hessian update for step 4.
2025-12-23:11:22:48,618 WARNING  [psi4.optking.history:301] 	Change in internal coordinate of 1.59e+00 exceeds limit of 5.00e-01.
2025-12-23:11:22:48,618 WARNING  [psi4.optking.history:306] 	Skipping Hessian update for step 3.
2025-12-23:11:22:48,618 WARNING  [psi4.optking.history:301] 	Change in internal coordinate of 1.61e+00 exceeds limit of 5.00e-01.
2025-12-23:11:22:48,618 WARNING  [psi4.optking.history:306] 	Skipping Hessian update for step 2.
2025-12-23:11:22:48,618 WARNING  [psi4.optking.history:301] 	Change in internal coordinate of 1.62e+00 exceeds limit of 5.00e-01.
2025-12-23:11:22:48,619 WARNING  [psi4.optking.history:306] 	Skipping Hessian update for step 1.
2025-12-23:11:22:48,619 INFO     [psi4.optking.history:317] 	Steps to be used in Hessian update:  8 7

2025-12-23:11:22:48,619 INFO     [psi4.optking.history:418] 	Updated Hessian (in au) 
 	   0.353195

2025-12-23:11:22:48,619 INFO     [psi4.optking.molsys:944] Projected (PHP) Hessian matrix
	   0.353195

2025-12-23:11:22:48,619 INFO     [psi4.optking.opt_helper:182] 
	         Geometry (au)                                       Gradient (au)
   0.0000000000   0.0000000000   2.2200208499		   0.0000000000   0.0000000000  -0.0352908183
   0.0000000000   0.0000000000  -1.6654314437		   0.0000000000   0.0000000000   0.0353058795

2025-12-23:11:22:48,619 INFO     [psi4.optking.stepAlgorithms:368] 	Current Step Report 
 
	Current energy:      -598.2828357417
	Energy change for the previous step:
		Actual       :        -0.0125859295
		Projected    :        -0.0093324289

2025-12-23:11:22:48,619 INFO     [psi4.optking.stepAlgorithms:371] 	Energy ratio =    1.34862
2025-12-23:11:22:48,619 INFO     [psi4.optking.stepAlgorithms:929] 	Using RFO solution 1.
2025-12-23:11:22:48,619 INFO     [psi4.optking.displace:100] 	Determining Cartesian step for fragment 1.
2025-12-23:11:22:48,619 INFO     [psi4.optking.displace:415] 	Successfully converged to displaced geometry.
2025-12-23:11:22:48,619 INFO     [psi4.optking.displace:416] 	RMS(dx):  0.000e+00 	Max(dx):  0.000e+00 	RMS(dq):  0.000e+00
2025-12-23:11:22:48,619 INFO     [psi4.optking.displace:172] 

	        --- Internal Coordinate Step in ANG or DEG, aJ/ANG or AJ/DEG ---
	-------------------------------------------------------------------------------
	           Coordinate      Previous         Force          Change          New 
	           ----------      --------        ------          ------        ------
	               R(1,2)       2.05609        0.29081        0.05237       2.10846
	-------------------------------------------------------------------------------

2025-12-23:11:22:48,619 INFO     [psi4.optking.stepAlgorithms:113] 	|target step| :    0.0989614076
2025-12-23:11:22:48,619 INFO     [psi4.optking.stepAlgorithms:114] 	gradient     :   -0.0352983489
2025-12-23:11:22:48,619 INFO     [psi4.optking.stepAlgorithms:115] 	hessian      :    0.3531948491
2025-12-23:11:22:48,619 INFO     [psi4.optking.stepAlgorithms:113] 	|target step| :    0.0989614076
2025-12-23:11:22:48,619 INFO     [psi4.optking.stepAlgorithms:114] 	gradient     :   -0.0352983489
2025-12-23:11:22:48,619 INFO     [psi4.optking.stepAlgorithms:115] 	hessian      :    0.3531948491
2025-12-23:11:22:48,620 INFO     [psi4.optking.stepAlgorithms:206] 	Norm of achieved step-size    0.0989614076
2025-12-23:11:22:48,620 INFO     [psi4.optking.stepAlgorithms:208] 	Norm of achieved step-size (cart):    0.0699762824
2025-12-23:11:22:48,620 INFO     [psi4.optking.opt_helper:164] Molsys:

	                            ===> Fragment 1 <== 

	 Z (Atomic Numbers)          Masses                          Geom                  
	      12.000000            23.985042          0.00000000  0.00000000  2.26950155   
	      16.000000            31.972071          0.00000000  0.00000000 -1.71491215   

	 - Coordinate -           - BOHR/RAD -       - ANG/DEG -
	 R(1,2)           =         3.984414           2.108461

2025-12-23:11:22:48,620 INFO     [psi4.optking.convcheck:76] Performing convergence check.
2025-12-23:11:22:48,620 INFO     [psi4.optking.convcheck:282] 
	                                 ==> Convergence Check <==                                  
    
	Measures of convergence in internal coordinates in au.
    
	Criteria marked as inactive (o), active & met (*), and active & unmet ( ).

	----------------------------------------------------------------------------------------------
	   Step    Total Energy     Delta E     Max Force     RMS Force      Max Disp      RMS Disp   
	----------------------------------------------------------------------------------------------
	  Convergence Criteria     1.00e-06 *    3.00e-04 *             o    1.20e-03 *             o
	----------------------------------------------------------------------------------------------
	     9    -598.28283574   -1.26e-02      3.53e-02      3.53e-02 o    9.90e-02      9.90e-02 o  ~
	----------------------------------------------------------------------------------------------


2025-12-23:11:22:48,620 INFO     [psi4.optking.stepAlgorithms:296] 	Convergence check returned False
2025-12-23:11:22:48,630 INFO     [psi4.driver.task_planner:259] PLANNING Atomic:  keywords={'DAMPING_PERCENTAGE': 1.0, 'GEOM_MAXITER': 500, 'SCF__GUESS': 'READ', 'GUESS': 'SAP', 'MAXITER': 500, 'REFERENCE': 'UKS', 'function_kwargs': {}}
2025-12-23:11:22:48,632 INFO     [psi4.driver.driver:638] Compute gradient(): method=b3lyp, basis=cc-pvdz, molecule=default, nre=48.187767234440265
2025-12-23:11:22:49,342 INFO     [psi4.driver.driver:641] Return gradient(): -598.2853328067515
2025-12-23:11:22:49,342 INFO     [psi4.driver.driver:642] [[ 0.00000000  0.00000000 -0.01586445]
 [-0.00000000  0.00000000  0.01590574]]
2025-12-23:11:22:49,344 INFO     [psi4.optking.history:269] 	Performing BFGS update.
2025-12-23:11:22:49,344 INFO     [psi4.optking.history:280] 	Using 4 previous steps for update.
2025-12-23:11:22:49,344 WARNING  [psi4.optking.history:301] 	Change in internal coordinate of 5.66e-01 exceeds limit of 5.00e-01.
2025-12-23:11:22:49,344 WARNING  [psi4.optking.history:306] 	Skipping Hessian update for step 7.
2025-12-23:11:22:49,344 WARNING  [psi4.optking.history:301] 	Change in internal coordinate of 8.81e-01 exceeds limit of 5.00e-01.
2025-12-23:11:22:49,344 WARNING  [psi4.optking.history:306] 	Skipping Hessian update for step 6.
2025-12-23:11:22:49,344 WARNING  [psi4.optking.history:301] 	Change in internal coordinate of 1.21e+00 exceeds limit of 5.00e-01.
2025-12-23:11:22:49,344 WARNING  [psi4.optking.history:306] 	Skipping Hessian update for step 5.
2025-12-23:11:22:49,344 WARNING  [psi4.optking.history:301] 	Change in internal coordinate of 1.62e+00 exceeds limit of 5.00e-01.
2025-12-23:11:22:49,344 WARNING  [psi4.optking.history:306] 	Skipping Hessian update for step 4.
2025-12-23:11:22:49,344 WARNING  [psi4.optking.history:301] 	Change in internal coordinate of 1.69e+00 exceeds limit of 5.00e-01.
2025-12-23:11:22:49,344 WARNING  [psi4.optking.history:306] 	Skipping Hessian update for step 3.
2025-12-23:11:22:49,344 WARNING  [psi4.optking.history:301] 	Change in internal coordinate of 1.71e+00 exceeds limit of 5.00e-01.
2025-12-23:11:22:49,344 WARNING  [psi4.optking.history:306] 	Skipping Hessian update for step 2.
2025-12-23:11:22:49,344 WARNING  [psi4.optking.history:301] 	Change in internal coordinate of 1.72e+00 exceeds limit of 5.00e-01.
2025-12-23:11:22:49,344 WARNING  [psi4.optking.history:306] 	Skipping Hessian update for step 1.
2025-12-23:11:22:49,344 INFO     [psi4.optking.history:317] 	Steps to be used in Hessian update:  9 8

2025-12-23:11:22:49,345 INFO     [psi4.optking.history:418] 	Updated Hessian (in au) 
 	   0.244684

2025-12-23:11:22:49,345 INFO     [psi4.optking.molsys:944] Projected (PHP) Hessian matrix
	   0.244684

2025-12-23:11:22:49,345 INFO     [psi4.optking.opt_helper:182] 
	         Geometry (au)                                       Gradient (au)
   0.0000000000   0.0000000000   2.2765641740		   0.0000000000   0.0000000000  -0.0158644524
   0.0000000000   0.0000000000  -1.7078495272		  -0.0000000000   0.0000000000   0.0159057409

2025-12-23:11:22:49,345 INFO     [psi4.optking.stepAlgorithms:368] 	Current Step Report 
 
	Current energy:      -598.2853328068
	Energy change for the previous step:
		Actual       :        -0.0024970651
		Projected    :        -0.0017465871

2025-12-23:11:22:49,345 INFO     [psi4.optking.stepAlgorithms:371] 	Energy ratio =    1.42968
2025-12-23:11:22:49,345 INFO     [psi4.optking.stepAlgorithms:929] 	Using RFO solution 1.
2025-12-23:11:22:49,345 INFO     [psi4.optking.displace:100] 	Determining Cartesian step for fragment 1.
2025-12-23:11:22:49,345 INFO     [psi4.optking.displace:415] 	Successfully converged to displaced geometry.
2025-12-23:11:22:49,345 INFO     [psi4.optking.displace:416] 	RMS(dx):  2.564e-16 	Max(dx):  4.441e-16 	RMS(dq):  8.882e-16
2025-12-23:11:22:49,345 INFO     [psi4.optking.displace:172] 

	        --- Internal Coordinate Step in ANG or DEG, aJ/ANG or AJ/DEG ---
	-------------------------------------------------------------------------------
	           Coordinate      Previous         Force          Change          New 
	           ----------      --------        ------          ------        ------
	               R(1,2)       2.10846        0.13087        0.03421       2.14267
	-------------------------------------------------------------------------------

2025-12-23:11:22:49,345 INFO     [psi4.optking.stepAlgorithms:113] 	|target step| :    0.0646496128
2025-12-23:11:22:49,345 INFO     [psi4.optking.stepAlgorithms:114] 	gradient     :   -0.0158850966
2025-12-23:11:22:49,345 INFO     [psi4.optking.stepAlgorithms:115] 	hessian      :    0.2446836574
2025-12-23:11:22:49,345 INFO     [psi4.optking.stepAlgorithms:113] 	|target step| :    0.0646496128
2025-12-23:11:22:49,345 INFO     [psi4.optking.stepAlgorithms:114] 	gradient     :   -0.0158850966
2025-12-23:11:22:49,345 INFO     [psi4.optking.stepAlgorithms:115] 	hessian      :    0.2446836574
2025-12-23:11:22:49,345 INFO     [psi4.optking.stepAlgorithms:206] 	Norm of achieved step-size    0.0646496128
2025-12-23:11:22:49,345 INFO     [psi4.optking.stepAlgorithms:208] 	Norm of achieved step-size (cart):    0.0457141796
2025-12-23:11:22:49,345 INFO     [psi4.optking.opt_helper:164] Molsys:

	                            ===> Fragment 1 <== 

	 Z (Atomic Numbers)          Masses                          Geom                  
	      12.000000            23.985042          0.00000000  0.00000000  2.30888898   
	      16.000000            31.972071          0.00000000  0.00000000 -1.74017433   

	 - Coordinate -           - BOHR/RAD -       - ANG/DEG -
	 R(1,2)           =         4.049063           2.142672

2025-12-23:11:22:49,346 INFO     [psi4.optking.convcheck:76] Performing convergence check.
2025-12-23:11:22:49,346 INFO     [psi4.optking.convcheck:282] 
	                                 ==> Convergence Check <==                                  
    
	Measures of convergence in internal coordinates in au.
    
	Criteria marked as inactive (o), active & met (*), and active & unmet ( ).

	----------------------------------------------------------------------------------------------
	   Step    Total Energy     Delta E     Max Force     RMS Force      Max Disp      RMS Disp   
	----------------------------------------------------------------------------------------------
	  Convergence Criteria     1.00e-06 *    3.00e-04 *             o    1.20e-03 *             o
	----------------------------------------------------------------------------------------------
	    10    -598.28533281   -2.50e-03      1.59e-02      1.59e-02 o    6.46e-02      6.46e-02 o  ~
	----------------------------------------------------------------------------------------------


2025-12-23:11:22:49,346 INFO     [psi4.optking.stepAlgorithms:296] 	Convergence check returned False
2025-12-23:11:22:49,356 INFO     [psi4.driver.task_planner:259] PLANNING Atomic:  keywords={'DAMPING_PERCENTAGE': 1.0, 'GEOM_MAXITER': 500, 'SCF__GUESS': 'READ', 'GUESS': 'SAP', 'MAXITER': 500, 'REFERENCE': 'UKS', 'function_kwargs': {}}
2025-12-23:11:22:49,357 INFO     [psi4.driver.driver:638] Compute gradient(): method=b3lyp, basis=cc-pvdz, molecule=default, nre=47.41837435185164
2025-12-23:11:22:50,78 INFO     [psi4.driver.driver:641] Return gradient(): -598.2860064941126
2025-12-23:11:22:50,78 INFO     [psi4.driver.driver:642] [[ 0.00000000  0.00000000 -0.00518079]
 [ 0.00000000 -0.00000000  0.00522371]]
2025-12-23:11:22:50,80 INFO     [psi4.optking.history:269] 	Performing BFGS update.
2025-12-23:11:22:50,80 INFO     [psi4.optking.history:280] 	Using 4 previous steps for update.
2025-12-23:11:22:50,80 WARNING  [psi4.optking.history:301] 	Change in internal coordinate of 6.31e-01 exceeds limit of 5.00e-01.
2025-12-23:11:22:50,80 WARNING  [psi4.optking.history:306] 	Skipping Hessian update for step 7.
2025-12-23:11:22:50,80 WARNING  [psi4.optking.history:301] 	Change in internal coordinate of 9.46e-01 exceeds limit of 5.00e-01.
2025-12-23:11:22:50,80 WARNING  [psi4.optking.history:306] 	Skipping Hessian update for step 6.
2025-12-23:11:22:50,80 WARNING  [psi4.optking.history:301] 	Change in internal coordinate of 1.28e+00 exceeds limit of 5.00e-01.
2025-12-23:11:22:50,80 WARNING  [psi4.optking.history:306] 	Skipping Hessian update for step 5.
2025-12-23:11:22:50,80 WARNING  [psi4.optking.history:301] 	Change in internal coordinate of 1.69e+00 exceeds limit of 5.00e-01.
2025-12-23:11:22:50,80 WARNING  [psi4.optking.history:306] 	Skipping Hessian update for step 4.
2025-12-23:11:22:50,80 WARNING  [psi4.optking.history:301] 	Change in internal coordinate of 1.75e+00 exceeds limit of 5.00e-01.
2025-12-23:11:22:50,80 WARNING  [psi4.optking.history:306] 	Skipping Hessian update for step 3.
2025-12-23:11:22:50,80 WARNING  [psi4.optking.history:301] 	Change in internal coordinate of 1.77e+00 exceeds limit of 5.00e-01.
2025-12-23:11:22:50,80 WARNING  [psi4.optking.history:306] 	Skipping Hessian update for step 2.
2025-12-23:11:22:50,80 WARNING  [psi4.optking.history:301] 	Change in internal coordinate of 1.78e+00 exceeds limit of 5.00e-01.
2025-12-23:11:22:50,80 WARNING  [psi4.optking.history:306] 	Skipping Hessian update for step 1.
2025-12-23:11:22:50,80 INFO     [psi4.optking.history:317] 	Steps to be used in Hessian update:  10 9 8

2025-12-23:11:22:50,80 INFO     [psi4.optking.history:418] 	Updated Hessian (in au) 
 	   0.230794

2025-12-23:11:22:50,81 INFO     [psi4.optking.molsys:944] Projected (PHP) Hessian matrix
	   0.230794

2025-12-23:11:22:50,81 INFO     [psi4.optking.opt_helper:182] 
	         Geometry (au)                                       Gradient (au)
   0.0000000000   0.0000000000   2.3135028564		   0.0000000000   0.0000000000  -0.0051807896
   0.0000000000   0.0000000000  -1.7355604576		   0.0000000000  -0.0000000000   0.0052237120

2025-12-23:11:22:50,81 INFO     [psi4.optking.stepAlgorithms:368] 	Current Step Report 
 
	Current energy:      -598.2860064941
	Energy change for the previous step:
		Actual       :        -0.0006736874
		Projected    :        -0.0005134827

2025-12-23:11:22:50,81 INFO     [psi4.optking.stepAlgorithms:371] 	Energy ratio =    1.31200
2025-12-23:11:22:50,81 INFO     [psi4.optking.stepAlgorithms:929] 	Using RFO solution 1.
2025-12-23:11:22:50,81 INFO     [psi4.optking.displace:100] 	Determining Cartesian step for fragment 1.
2025-12-23:11:22:50,81 INFO     [psi4.optking.displace:415] 	Successfully converged to displaced geometry.
2025-12-23:11:22:50,81 INFO     [psi4.optking.displace:416] 	RMS(dx):  2.564e-16 	Max(dx):  4.441e-16 	RMS(dq):  0.000e+00
2025-12-23:11:22:50,81 INFO     [psi4.optking.displace:172] 

	        --- Internal Coordinate Step in ANG or DEG, aJ/ANG or AJ/DEG ---
	-------------------------------------------------------------------------------
	           Coordinate      Previous         Force          Change          New 
	           ----------      --------        ------          ------        ------
	               R(1,2)       2.14267        0.04286        0.01192       2.15459
	-------------------------------------------------------------------------------

2025-12-23:11:22:50,81 INFO     [psi4.optking.stepAlgorithms:113] 	|target step| :    0.0225292313
2025-12-23:11:22:50,81 INFO     [psi4.optking.stepAlgorithms:114] 	gradient     :   -0.0052022508
2025-12-23:11:22:50,81 INFO     [psi4.optking.stepAlgorithms:115] 	hessian      :    0.2307939511
2025-12-23:11:22:50,81 INFO     [psi4.optking.stepAlgorithms:113] 	|target step| :    0.0225292313
2025-12-23:11:22:50,81 INFO     [psi4.optking.stepAlgorithms:114] 	gradient     :   -0.0052022508
2025-12-23:11:22:50,81 INFO     [psi4.optking.stepAlgorithms:115] 	hessian      :    0.2307939511
2025-12-23:11:22:50,81 INFO     [psi4.optking.stepAlgorithms:206] 	Norm of achieved step-size    0.0225292313
2025-12-23:11:22:50,81 INFO     [psi4.optking.stepAlgorithms:208] 	Norm of achieved step-size (cart):    0.0159305722
2025-12-23:11:22:50,81 INFO     [psi4.optking.opt_helper:164] Molsys:

	                            ===> Fragment 1 <== 

	 Z (Atomic Numbers)          Masses                          Geom                  
	      12.000000            23.985042          0.00000000  0.00000000  2.32476747   
	      16.000000            31.972071          0.00000000  0.00000000 -1.74682507   

	 - Coordinate -           - BOHR/RAD -       - ANG/DEG -
	 R(1,2)           =         4.071593           2.154594

2025-12-23:11:22:50,82 INFO     [psi4.optking.convcheck:76] Performing convergence check.
2025-12-23:11:22:50,82 INFO     [psi4.optking.convcheck:282] 
	                                 ==> Convergence Check <==                                  
    
	Measures of convergence in internal coordinates in au.
    
	Criteria marked as inactive (o), active & met (*), and active & unmet ( ).

	----------------------------------------------------------------------------------------------
	   Step    Total Energy     Delta E     Max Force     RMS Force      Max Disp      RMS Disp   
	----------------------------------------------------------------------------------------------
	  Convergence Criteria     1.00e-06 *    3.00e-04 *             o    1.20e-03 *             o
	----------------------------------------------------------------------------------------------
	    11    -598.28600649   -6.74e-04      5.20e-03      5.20e-03 o    2.25e-02      2.25e-02 o  ~
	----------------------------------------------------------------------------------------------


2025-12-23:11:22:50,82 INFO     [psi4.optking.stepAlgorithms:296] 	Convergence check returned False
2025-12-23:11:22:50,92 INFO     [psi4.driver.task_planner:259] PLANNING Atomic:  keywords={'DAMPING_PERCENTAGE': 1.0, 'GEOM_MAXITER': 500, 'SCF__GUESS': 'READ', 'GUESS': 'SAP', 'MAXITER': 500, 'REFERENCE': 'UKS', 'function_kwargs': {}}
2025-12-23:11:22:50,93 INFO     [psi4.driver.driver:638] Compute gradient(): method=b3lyp, basis=cc-pvdz, molecule=default, nre=47.15599556207462
2025-12-23:11:22:50,800 INFO     [psi4.driver.driver:641] Return gradient(): -598.2860852413523
2025-12-23:11:22:50,800 INFO     [psi4.driver.driver:642] [[ 0.00000000  0.00000000 -0.00179326]
 [ 0.00000000 -0.00000000  0.00183320]]
2025-12-23:11:22:50,801 INFO     [psi4.optking.history:269] 	Performing BFGS update.
2025-12-23:11:22:50,801 INFO     [psi4.optking.history:280] 	Using 4 previous steps for update.
2025-12-23:11:22:50,802 INFO     [psi4.optking.history:317] 	Steps to be used in Hessian update:  11 10 9 8

2025-12-23:11:22:50,802 INFO     [psi4.optking.history:418] 	Updated Hessian (in au) 
 	   0.226179

2025-12-23:11:22:50,802 INFO     [psi4.optking.molsys:944] Projected (PHP) Hessian matrix
	   0.226179

2025-12-23:11:22:50,802 INFO     [psi4.optking.opt_helper:182] 
	         Geometry (au)                                       Gradient (au)
   0.0000000000   0.0000000000   2.3263753252		   0.0000000000   0.0000000000  -0.0017932612
   0.0000000000   0.0000000000  -1.7452172202		   0.0000000000  -0.0000000000   0.0018332004

2025-12-23:11:22:50,802 INFO     [psi4.optking.stepAlgorithms:368] 	Current Step Report 
 
	Current energy:      -598.2860852414
	Energy change for the previous step:
		Actual       :        -0.0000787472
		Projected    :        -0.0000586014

2025-12-23:11:22:50,802 INFO     [psi4.optking.stepAlgorithms:371] 	Energy ratio =    1.34378
2025-12-23:11:22:50,802 INFO     [psi4.optking.stepAlgorithms:929] 	Using RFO solution 1.
2025-12-23:11:22:50,802 INFO     [psi4.optking.displace:100] 	Determining Cartesian step for fragment 1.
2025-12-23:11:22:50,802 INFO     [psi4.optking.displace:415] 	Successfully converged to displaced geometry.
2025-12-23:11:22:50,802 INFO     [psi4.optking.displace:416] 	RMS(dx):  0.000e+00 	Max(dx):  0.000e+00 	RMS(dq):  0.000e+00
2025-12-23:11:22:50,802 INFO     [psi4.optking.displace:172] 

	        --- Internal Coordinate Step in ANG or DEG, aJ/ANG or AJ/DEG ---
	-------------------------------------------------------------------------------
	           Coordinate      Previous         Force          Change          New 
	           ----------      --------        ------          ------        ------
	               R(1,2)       2.15459        0.01494        0.00424       2.15884
	-------------------------------------------------------------------------------

2025-12-23:11:22:50,803 INFO     [psi4.optking.stepAlgorithms:113] 	|target step| :    0.0080162981
2025-12-23:11:22:50,803 INFO     [psi4.optking.stepAlgorithms:114] 	gradient     :   -0.0018132308
2025-12-23:11:22:50,803 INFO     [psi4.optking.stepAlgorithms:115] 	hessian      :    0.2261785038
2025-12-23:11:22:50,803 INFO     [psi4.optking.stepAlgorithms:113] 	|target step| :    0.0080162981
2025-12-23:11:22:50,803 INFO     [psi4.optking.stepAlgorithms:114] 	gradient     :   -0.0018132308
2025-12-23:11:22:50,803 INFO     [psi4.optking.stepAlgorithms:115] 	hessian      :    0.2261785038
2025-12-23:11:22:50,803 INFO     [psi4.optking.stepAlgorithms:206] 	Norm of achieved step-size    0.0080162981
2025-12-23:11:22:50,803 INFO     [psi4.optking.stepAlgorithms:208] 	Norm of achieved step-size (cart):    0.0056683787
2025-12-23:11:22:50,803 INFO     [psi4.optking.opt_helper:164] Molsys:

	                            ===> Fragment 1 <== 

	 Z (Atomic Numbers)          Masses                          Geom                  
	      12.000000            23.985042          0.00000000  0.00000000  2.33038347   
	      16.000000            31.972071          0.00000000  0.00000000 -1.74922537   

	 - Coordinate -           - BOHR/RAD -       - ANG/DEG -
	 R(1,2)           =         4.079609           2.158836

2025-12-23:11:22:50,803 INFO     [psi4.optking.convcheck:76] Performing convergence check.
2025-12-23:11:22:50,803 INFO     [psi4.optking.convcheck:282] 
	                                 ==> Convergence Check <==                                  
    
	Measures of convergence in internal coordinates in au.
    
	Criteria marked as inactive (o), active & met (*), and active & unmet ( ).

	----------------------------------------------------------------------------------------------
	   Step    Total Energy     Delta E     Max Force     RMS Force      Max Disp      RMS Disp   
	----------------------------------------------------------------------------------------------
	  Convergence Criteria     1.00e-06 *    3.00e-04 *             o    1.20e-03 *             o
	----------------------------------------------------------------------------------------------
	    12    -598.28608524   -7.87e-05      1.81e-03      1.81e-03 o    8.02e-03      8.02e-03 o  ~
	----------------------------------------------------------------------------------------------


2025-12-23:11:22:50,803 INFO     [psi4.optking.stepAlgorithms:296] 	Convergence check returned False
2025-12-23:11:22:50,813 INFO     [psi4.driver.task_planner:259] PLANNING Atomic:  keywords={'DAMPING_PERCENTAGE': 1.0, 'GEOM_MAXITER': 500, 'SCF__GUESS': 'READ', 'GUESS': 'SAP', 'MAXITER': 500, 'REFERENCE': 'UKS', 'function_kwargs': {}}
2025-12-23:11:22:50,814 INFO     [psi4.driver.driver:638] Compute gradient(): method=b3lyp, basis=cc-pvdz, molecule=default, nre=47.06333557185391
2025-12-23:11:22:51,610 INFO     [psi4.driver.driver:641] Return gradient(): -598.2860950724146
2025-12-23:11:22:51,610 INFO     [psi4.driver.driver:642] [[ 0.00000000  0.00000000 -0.00062762]
 [ 0.00000000 -0.00000000  0.00066646]]
2025-12-23:11:22:51,612 INFO     [psi4.optking.history:269] 	Performing BFGS update.
2025-12-23:11:22:51,612 INFO     [psi4.optking.history:280] 	Using 4 previous steps for update.
2025-12-23:11:22:51,612 INFO     [psi4.optking.history:317] 	Steps to be used in Hessian update:  12 11 10 9

2025-12-23:11:22:51,612 INFO     [psi4.optking.history:418] 	Updated Hessian (in au) 
 	   0.178471

2025-12-23:11:22:51,612 INFO     [psi4.optking.molsys:944] Projected (PHP) Hessian matrix
	   0.178471

2025-12-23:11:22:51,612 INFO     [psi4.optking.opt_helper:182] 
	         Geometry (au)                                       Gradient (au)
   0.0000000000   0.0000000000   2.3309555767		   0.0000000000   0.0000000000  -0.0006276225
   0.0000000000   0.0000000000  -1.7486532667		   0.0000000000  -0.0000000000   0.0006664642

2025-12-23:11:22:51,612 INFO     [psi4.optking.stepAlgorithms:368] 	Current Step Report 
 
	Current energy:      -598.2860950724
	Energy change for the previous step:
		Actual       :        -0.0000098311
		Projected    :        -0.0000072677

2025-12-23:11:22:51,612 INFO     [psi4.optking.stepAlgorithms:371] 	Energy ratio =    1.35271
2025-12-23:11:22:51,613 INFO     [psi4.optking.stepAlgorithms:929] 	Using RFO solution 1.
2025-12-23:11:22:51,613 INFO     [psi4.optking.displace:100] 	Determining Cartesian step for fragment 1.
2025-12-23:11:22:51,613 INFO     [psi4.optking.displace:415] 	Successfully converged to displaced geometry.
2025-12-23:11:22:51,613 INFO     [psi4.optking.displace:416] 	RMS(dx):  0.000e+00 	Max(dx):  0.000e+00 	RMS(dq):  0.000e+00
2025-12-23:11:22:51,613 INFO     [psi4.optking.displace:172] 

	        --- Internal Coordinate Step in ANG or DEG, aJ/ANG or AJ/DEG ---
	-------------------------------------------------------------------------------
	           Coordinate      Previous         Force          Change          New 
	           ----------      --------        ------          ------        ------
	               R(1,2)       2.15884        0.00533        0.00192       2.16075
	-------------------------------------------------------------------------------

2025-12-23:11:22:51,613 INFO     [psi4.optking.stepAlgorithms:113] 	|target step| :    0.0036254350
2025-12-23:11:22:51,613 INFO     [psi4.optking.stepAlgorithms:114] 	gradient     :   -0.0006470434
2025-12-23:11:22:51,613 INFO     [psi4.optking.stepAlgorithms:115] 	hessian      :    0.1784709583
2025-12-23:11:22:51,613 INFO     [psi4.optking.stepAlgorithms:113] 	|target step| :    0.0036254350
2025-12-23:11:22:51,613 INFO     [psi4.optking.stepAlgorithms:114] 	gradient     :   -0.0006470434
2025-12-23:11:22:51,613 INFO     [psi4.optking.stepAlgorithms:115] 	hessian      :    0.1784709583
2025-12-23:11:22:51,613 INFO     [psi4.optking.stepAlgorithms:206] 	Norm of achieved step-size    0.0036254350
2025-12-23:11:22:51,613 INFO     [psi4.optking.stepAlgorithms:208] 	Norm of achieved step-size (cart):    0.0025635697
2025-12-23:11:22:51,613 INFO     [psi4.optking.opt_helper:164] Molsys:

	                            ===> Fragment 1 <== 

	 Z (Atomic Numbers)          Masses                          Geom                  
	      12.000000            23.985042          0.00000000  0.00000000  2.33276829   
	      16.000000            31.972071          0.00000000  0.00000000 -1.75046598   

	 - Coordinate -           - BOHR/RAD -       - ANG/DEG -
	 R(1,2)           =         4.083234           2.160755

2025-12-23:11:22:51,613 INFO     [psi4.optking.convcheck:76] Performing convergence check.
2025-12-23:11:22:51,613 INFO     [psi4.optking.convcheck:282] 
	                                 ==> Convergence Check <==                                  
    
	Measures of convergence in internal coordinates in au.
    
	Criteria marked as inactive (o), active & met (*), and active & unmet ( ).

	----------------------------------------------------------------------------------------------
	   Step    Total Energy     Delta E     Max Force     RMS Force      Max Disp      RMS Disp   
	----------------------------------------------------------------------------------------------
	  Convergence Criteria     1.00e-06 *    3.00e-04 *             o    1.20e-03 *             o
	----------------------------------------------------------------------------------------------
	    13    -598.28609507   -9.83e-06      6.47e-04      6.47e-04 o    3.63e-03      3.63e-03 o  ~
	----------------------------------------------------------------------------------------------


2025-12-23:11:22:51,614 INFO     [psi4.optking.stepAlgorithms:296] 	Convergence check returned False
2025-12-23:11:22:51,624 INFO     [psi4.driver.task_planner:259] PLANNING Atomic:  keywords={'DAMPING_PERCENTAGE': 1.0, 'GEOM_MAXITER': 500, 'SCF__GUESS': 'READ', 'GUESS': 'SAP', 'MAXITER': 500, 'REFERENCE': 'UKS', 'function_kwargs': {}}
2025-12-23:11:22:51,626 INFO     [psi4.driver.driver:638] Compute gradient(): method=b3lyp, basis=cc-pvdz, molecule=default, nre=47.02154882803696
2025-12-23:11:22:52,389 INFO     [psi4.driver.driver:641] Return gradient(): -598.2860964592011
2025-12-23:11:22:52,389 INFO     [psi4.driver.driver:642] [[ 0.00000000  0.00000000 -0.00010717]
 [-0.00000000 -0.00000000  0.00014554]]
2025-12-23:11:22:52,391 INFO     [psi4.optking.history:269] 	Performing BFGS update.
2025-12-23:11:22:52,391 INFO     [psi4.optking.history:280] 	Using 4 previous steps for update.
2025-12-23:11:22:52,391 INFO     [psi4.optking.history:317] 	Steps to be used in Hessian update:  13 12 11 10

2025-12-23:11:22:52,391 INFO     [psi4.optking.history:418] 	Updated Hessian (in au) 
 	   0.159468

2025-12-23:11:22:52,391 INFO     [psi4.optking.molsys:944] Projected (PHP) Hessian matrix
	   0.159468

2025-12-23:11:22:52,391 INFO     [psi4.optking.opt_helper:182] 
	         Geometry (au)                                       Gradient (au)
   0.0000000000   0.0000000000   2.3330270322		   0.0000000000   0.0000000000  -0.0001071730
   0.0000000000   0.0000000000  -1.7502072463		  -0.0000000000  -0.0000000000   0.0001455439

2025-12-23:11:22:52,391 INFO     [psi4.optking.stepAlgorithms:368] 	Current Step Report 
 
	Current energy:      -598.2860964592
	Energy change for the previous step:
		Actual       :        -0.0000013868
		Projected    :        -0.0000011729

2025-12-23:11:22:52,391 INFO     [psi4.optking.stepAlgorithms:371] 	Energy ratio =    1.18235
2025-12-23:11:22:52,392 INFO     [psi4.optking.stepAlgorithms:929] 	Using RFO solution 1.
2025-12-23:11:22:52,392 INFO     [psi4.optking.displace:100] 	Determining Cartesian step for fragment 1.
2025-12-23:11:22:52,392 INFO     [psi4.optking.displace:415] 	Successfully converged to displaced geometry.
2025-12-23:11:22:52,392 INFO     [psi4.optking.displace:416] 	RMS(dx):  0.000e+00 	Max(dx):  0.000e+00 	RMS(dq):  0.000e+00
2025-12-23:11:22:52,392 INFO     [psi4.optking.displace:172] 

	        --- Internal Coordinate Step in ANG or DEG, aJ/ANG or AJ/DEG ---
	-------------------------------------------------------------------------------
	           Coordinate      Previous         Force          Change          New 
	           ----------      --------        ------          ------        ------
	               R(1,2)       2.16075        0.00104        0.00042       2.16117
	-------------------------------------------------------------------------------

2025-12-23:11:22:52,392 INFO     [psi4.optking.stepAlgorithms:113] 	|target step| :    0.0007923734
2025-12-23:11:22:52,392 INFO     [psi4.optking.stepAlgorithms:114] 	gradient     :   -0.0001263584
2025-12-23:11:22:52,392 INFO     [psi4.optking.stepAlgorithms:115] 	hessian      :    0.1594681862
2025-12-23:11:22:52,392 INFO     [psi4.optking.stepAlgorithms:113] 	|target step| :    0.0007923734
2025-12-23:11:22:52,392 INFO     [psi4.optking.stepAlgorithms:114] 	gradient     :   -0.0001263584
2025-12-23:11:22:52,392 INFO     [psi4.optking.stepAlgorithms:115] 	hessian      :    0.1594681862
2025-12-23:11:22:52,392 INFO     [psi4.optking.stepAlgorithms:206] 	Norm of achieved step-size    0.0007923734
2025-12-23:11:22:52,392 INFO     [psi4.optking.stepAlgorithms:208] 	Norm of achieved step-size (cart):    0.0005602926
2025-12-23:11:22:52,392 INFO     [psi4.optking.opt_helper:164] Molsys:

	                            ===> Fragment 1 <== 

	 Z (Atomic Numbers)          Masses                          Geom                  
	      12.000000            23.985042          0.00000000  0.00000000  2.33342322   
	      16.000000            31.972071          0.00000000  0.00000000 -1.75060343   

	 - Coordinate -           - BOHR/RAD -       - ANG/DEG -
	 R(1,2)           =         4.084027           2.161174

2025-12-23:11:22:52,393 INFO     [psi4.optking.convcheck:76] Performing convergence check.
2025-12-23:11:22:52,393 INFO     [psi4.optking.convcheck:282] 
	                                 ==> Convergence Check <==                                  
    
	Measures of convergence in internal coordinates in au.
    
	Criteria marked as inactive (o), active & met (*), and active & unmet ( ).

	----------------------------------------------------------------------------------------------
	   Step    Total Energy     Delta E     Max Force     RMS Force      Max Disp      RMS Disp   
	----------------------------------------------------------------------------------------------
	  Convergence Criteria     1.00e-06 *    3.00e-04 *             o    1.20e-03 *             o
	----------------------------------------------------------------------------------------------
	    14    -598.28609646   -1.39e-06      1.26e-04 *    1.26e-04 o    7.92e-04 *    7.92e-04 o  ~
	----------------------------------------------------------------------------------------------


2025-12-23:11:22:52,393 INFO     [psi4.optking.convcheck:206] 
	                      ===> Final Convergence Report <===                     

	----------------------------------------------------------------------------
	|   Required Criteria    |  One or More Criteria  |   Alternate Criteria   |
	----------------------------------------------------------------------------
	| [x]     max_force      | [ ]       max_DE       |                        |
	|                        | [x]      max_disp      |                        |
	----------------------------------------------------------------------------


2025-12-23:11:22:52,393 INFO     [psi4.optking.stepAlgorithms:296] 	Convergence check returned True
2025-12-23:11:22:52,393 INFO     [psi4.optking.optimize:332] 	Converged in 14 steps!
2025-12-23:11:22:52,393 INFO     [psi4.optking.optimize:333] 	Final energy is   -598.2860964592011
2025-12-23:11:22:52,393 INFO     [psi4.optking.optimize:334] 	Final structure (Angstroms): 
	Fragment 1 (Ang)

	   Mg   0.0000000000   0.0000000000   1.2347943903
	    S   0.0000000000   0.0000000000  -0.9263794416


2025-12-23:11:22:52,394 INFO     [psi4.optking.optimize:562] 	Optimization Finished

	==> Optimization Summary <==

        
	Measures of convergence in internal coordinates in au. (Any backward steps not shown.)
        
	---------------------------------------------------------------------------------------------------------------  ~
        
	 Step         Total Energy             Delta E       MAX Force       RMS Force        MAX Disp        RMS Disp   ~
        
	---------------------------------------------------------------------------------------------------------------  ~
        
	     1    -597.269184022747   -597.269184022747      1.96043049      1.96043049      0.00899942      0.00899942  ~
	     2    -597.286691859723     -0.017507836976      1.93049480      1.93049480      0.01771987      0.01771987  ~
	     3    -597.320389899734     -0.033698040011      1.87319521      1.87319521      0.06847469      0.06847469  ~
	     4    -597.441549481963     -0.121159582229      1.67003146      1.67003146      0.40871649      0.40871649  ~
	     5    -597.935555437672     -0.494005955709      0.82906790      0.82906790      0.33157385      0.33157385  ~
	     6    -598.138105243866     -0.202549806194      0.42576808      0.42576808      0.31525629      0.31525629  ~
	     7    -598.233480734498     -0.095375490632      0.20025459      0.20025459      0.26089134      0.26089134  ~
	     8    -598.270249812187     -0.036769077689      0.09054062      0.09054062      0.20614899      0.20614899  ~
	     9    -598.282835741695     -0.012585929509      0.03529835      0.03529835      0.09896141      0.09896141  ~
	    10    -598.285332806752     -0.002497065056      0.01588510      0.01588510      0.06464961      0.06464961  ~
	    11    -598.286006494113     -0.000673687361      0.00520225      0.00520225      0.02252923      0.02252923  ~
	    12    -598.286085241352     -0.000078747240      0.00181323      0.00181323      0.00801630      0.00801630  ~
	    13    -598.286095072415     -0.000009831062      0.00064704      0.00064704      0.00362544      0.00362544  ~
	    14    -598.286096459201     -0.000001386786      0.00012636      0.00012636      0.00079237      0.00079237  ~
	----------------------------------------------------------------------------------------------------------------


2025-12-23:11:22:52,394 INFO     [psi4.optking.optimize:806] Preparing OptimizationResult
