2025-12-23:10:47:02,665 WARNING  [psi4.optking:38] Some dependencies such as QCElemental have not yet finished migration to pydantic v2. If issues are encountered please downgrade pydantic or upgrade QCElemental as appropriate
2025-12-23:10:47:02,824 INFO     [psi4.optking.optwrapper:234] Creating a UserComputer
2025-12-23:10:47:02,824 INFO     [psi4.optking.optwrapper:242] 
    			-----------------------------------------

    			 OPTKING 3.0: for geometry optimizations 

    			     By R.A. King, Bethel University     

    			        with contributions from          

    			    A.V. Copan, J. Cayton, A. Heide      

    			-----------------------------------------

    
2025-12-23:10:47:02,824 INFO     [psi4.optking.optwrapper:272] 
		 -- Optimization Parameters --
	GEOM_MAXITER                   =             500
	ALG_GEOM_MAXITER               =              50
	PRINT                          =               1
	OPT_TYPE                       =             MIN
	STEP_TYPE                      =             RFO
	PROGRAM                        =            PSI4
	STEEPEST_DESCENT_TYPE          =         OVERLAP
	CONJUGATE_GRADIENT_TYPE        =        FLETCHER
	OPT_COORDINATES                =        INTERNAL
	RFO_FOLLOW_ROOT                =           False
	RFO_ROOT                       =               0
	ACCEPT_SYMMETRY_BREAKING       =           False
	DYNAMIC_LVL                    =               0
	DYNAMIC_LVL_MAX                =               0
	IRC_STEP_SIZE                  =             0.2
	IRC_DIRECTION                  =         FORWARD
	IRC_POINTS                     =              20
	IRC_MODE                       =          NORMAL
	IRC_CONVERGENCE                =            -0.7
	INTRAFRAG_STEP_LIMIT           =             0.5
	INTRAFRAG_STEP_LIMIT_MIN       =           0.001
	INTRAFRAG_STEP_LIMIT_MAX       =             1.0
	INTERFRAG_STEP_LIMIT           =             0.5
	INTERFRAG_STEP_LIMIT_MIN       =           0.001
	INTERFRAG_STEP_LIMIT_MAX       =             1.0
	ENSURE_BT_CONVERGENCE          =           False
	SIMPLE_STEP_SCALING            =           False
	CONSECUTIVE_BACKSTEPS          =               0
	RFO_NORMALIZATION_MAX          =             100
	RSRFO_ALPHA_MAX                =     100000000.0
	PRINT_TRAJECTORY_XYZ_FILE      =           False
	WRITE_TRAJECTORY               =           False
	FROZEN_DISTANCE                =                
	FROZEN_BEND                    =                
	FROZEN_DIHEDRAL                =                
	FROZEN_OOFP                    =                
	FROZEN_CARTESIAN               =                
	FREEZE_ALL_DIHEDRALS           =           False
	UNFREEZE_DIHEDRALS             =                
	RANGED_DISTANCE                =                
	RANGED_BEND                    =                
	RANGED_DIHEDRAL                =                
	RANGED_OOFP                    =                
	RANGED_CARTESIAN               =                
	EXT_FORCE_DISTANCE             =                
	EXT_FORCE_BEND                 =                
	EXT_FORCE_DIHEDRAL             =                
	EXT_FORCE_OOFP                 =                
	EXT_FORCE_CARTESIAN            =                
	G_CONVERGENCE                  =           QCHEM
	MAX_FORCE_G_CONVERGENCE        =          0.0003
	RMS_FORCE_G_CONVERGENCE        =          0.0003
	MAX_ENERGY_G_CONVERGENCE       =           1e-06
	MAX_DISP_G_CONVERGENCE         =          0.0012
	RMS_DISP_G_CONVERGENCE         =          0.0012
	FLEXIBLE_G_CONVERGENCE         =           False
	HESS_UPDATE                    =            BFGS
	HESS_UPDATE_USE_LAST           =               4
	HESS_UPDATE_LIMIT              =            True
	HESS_UPDATE_LIMIT_MAX          =             1.0
	HESS_UPDATE_LIMIT_SCALE        =             0.5
	HESS_UPDATE_DEN_TOL            =           1e-07
	HESS_UPDATE_DQ_TOL             =             0.5
	CART_HESS_READ                 =           False
	HESSIAN_FILE                   =               .
	FULL_HESS_EVERY                =              -1
	INTRAFRAG_HESS                 =        SCHLEGEL
	H_GUESS_EVERY                  =           False
	BT_MAX_ITER                    =              25
	BT_DX_CONV                     =           1e-07
	BT_DX_RMS_CHANGE_CONV          =           1e-12
	BT_PINV_RCOND                  =           1e-06
	FRAG_MODE                      =          SINGLE
	FRAG_REF_ATOMS                 =              []
	FREEZE_INTRAFRAG               =           False
	INTERFRAG_MODE                 =           FIXED
	ADD_AUXILIARY_BONDS            =           False
	AUXILIARY_BOND_FACTOR          =             2.5
	INTERFRAG_DIST_INV             =           False
	INTERFRAG_COLLINEAR_TOL        =            0.01
	INTERFRAG_COORDS               =              []
	INTERFRAG_HESS                 =         DEFAULT
	COVALENT_CONNECT               =             1.3
	INTERFRAGMENT_CONNECT          =             1.8
	H_BOND_CONNECT                 =             4.3
	INCLUDE_OOFP                   =           False
	TEST_B                         =           False
	TEST_DERIVATIVE_B              =           False
	LINESEARCH_STEP                =             0.1
	LINESEARCH                     =           False
	SD_HESSIAN                     =             1.0
	FIX_VAL_NEAR_PI                =            1.57
	V3D_TORS_ANGLE_LIM             =           0.017
	V3D_TORS_COS_TOL               =           1e-10
	LINEAR_BEND_THRESHOLD          =            3.05
	SMALL_BEND_FIX_THRESHOLD       =            0.35
	REDUNDANT_EVAL_TOL             =           1e-10
	LINEAR_ALGEBRA_TOL             =           1e-10


2025-12-23:10:47:02,956 INFO     [psi4.optking.opt_helper:164] Molsys:

	                            ===> Fragment 1 <== 

	 Z (Atomic Numbers)          Masses                          Geom                  
	       4.000000             9.012183          0.00000000  0.00000000  1.76902450   
	      16.000000            31.972071          0.00000000  0.00000000 -0.49864685   

	 - Coordinate -           - BOHR/RAD -       - ANG/DEG -
	 R(1,2)           =         2.267671           1.200000

2025-12-23:10:47:02,967 INFO     [psi4.driver.task_planner:259] PLANNING Atomic:  keywords={'DAMPING_PERCENTAGE': 1.0, 'GEOM_MAXITER': 500, 'GUESS': 'SAP', 'MAXITER': 500, 'REFERENCE': 'UKS', 'function_kwargs': {}}
2025-12-23:10:47:02,968 INFO     [psi4.driver.driver:638] Compute gradient(): method=b3lyp, basis=cc-pvdz, molecule=default, nre=28.222784569066672
2025-12-23:10:47:03,536 INFO     [psi4.driver.driver:641] Return gradient(): -412.4309558146288
2025-12-23:10:47:03,537 INFO     [psi4.driver.driver:642] [[ 0.00000000  0.00000000 -1.01651046]
 [ 0.00000000 -0.00000000  1.01656810]]
2025-12-23:10:47:03,538 INFO     [psi4.optking.molsys:944] Projected (PHP) Hessian matrix
	   4.182219

2025-12-23:10:47:03,538 INFO     [psi4.optking.opt_helper:182] 
	         Geometry (au)                                       Gradient (au)
   0.0000000000   0.0000000000   1.7690244989		   0.0000000000   0.0000000000  -1.0165104644
   0.0000000000   0.0000000000  -0.4986468516		   0.0000000000  -0.0000000000   1.0165680986

2025-12-23:10:47:03,539 INFO     [psi4.optking.stepAlgorithms:929] 	Using RFO solution 1.
2025-12-23:10:47:03,539 INFO     [psi4.optking.displace:100] 	Determining Cartesian step for fragment 1.
2025-12-23:10:47:03,539 INFO     [psi4.optking.displace:415] 	Successfully converged to displaced geometry.
2025-12-23:10:47:03,539 INFO     [psi4.optking.displace:416] 	RMS(dx):  1.282e-16 	Max(dx):  2.220e-16 	RMS(dq):  4.441e-16
2025-12-23:10:47:03,539 INFO     [psi4.optking.displace:172] 

	        --- Internal Coordinate Step in ANG or DEG, aJ/ANG or AJ/DEG ---
	-------------------------------------------------------------------------------
	           Coordinate      Previous         Force          Change          New 
	           ----------      --------        ------          ------        ------
	               R(1,2)       1.20000        8.37499        0.12181       1.32181
	-------------------------------------------------------------------------------

2025-12-23:10:47:03,539 INFO     [psi4.optking.stepAlgorithms:113] 	|target step| :    0.2301836755
2025-12-23:10:47:03,539 INFO     [psi4.optking.stepAlgorithms:114] 	gradient     :   -1.0165392815
2025-12-23:10:47:03,539 INFO     [psi4.optking.stepAlgorithms:115] 	hessian      :    4.1822185214
2025-12-23:10:47:03,539 INFO     [psi4.optking.stepAlgorithms:113] 	|target step| :    0.2301836755
2025-12-23:10:47:03,539 INFO     [psi4.optking.stepAlgorithms:114] 	gradient     :   -1.0165392815
2025-12-23:10:47:03,539 INFO     [psi4.optking.stepAlgorithms:115] 	hessian      :    4.1822185214
2025-12-23:10:47:03,539 INFO     [psi4.optking.stepAlgorithms:206] 	Norm of achieved step-size    0.2301836755
2025-12-23:10:47:03,539 INFO     [psi4.optking.stepAlgorithms:208] 	Norm of achieved step-size (cart):    0.1627644379
2025-12-23:10:47:03,539 INFO     [psi4.optking.opt_helper:164] Molsys:

	                            ===> Fragment 1 <== 

	 Z (Atomic Numbers)          Masses                          Geom                  
	       4.000000             9.012183          0.00000000  0.00000000  1.88411634   
	      16.000000            31.972071          0.00000000  0.00000000 -0.61373869   

	 - Coordinate -           - BOHR/RAD -       - ANG/DEG -
	 R(1,2)           =         2.497855           1.321808

2025-12-23:10:47:03,540 INFO     [psi4.optking.convcheck:76] Performing convergence check.
2025-12-23:10:47:03,540 INFO     [psi4.optking.convcheck:282] 
	                                 ==> Convergence Check <==                                  
    
	Measures of convergence in internal coordinates in au.
    
	Criteria marked as inactive (o), active & met (*), and active & unmet ( ).

	----------------------------------------------------------------------------------------------~
	   Step    Total Energy     Delta E     Max Force     RMS Force      Max Disp      RMS Disp   ~
	----------------------------------------------------------------------------------------------~
	  Convergence Criteria     1.00e-06 *    3.00e-04 *             o    1.20e-03 *             o~
	----------------------------------------------------------------------------------------------~
	     1    -412.43095581   -4.12e+02      1.02e+00      1.02e+00 o    2.30e-01      2.30e-01 o  ~
	----------------------------------------------------------------------------------------------


2025-12-23:10:47:03,540 INFO     [psi4.optking.stepAlgorithms:296] 	Convergence check returned False
2025-12-23:10:47:03,550 INFO     [psi4.driver.task_planner:259] PLANNING Atomic:  keywords={'DAMPING_PERCENTAGE': 1.0, 'GEOM_MAXITER': 500, 'SCF__GUESS': 'READ', 'GUESS': 'SAP', 'MAXITER': 500, 'REFERENCE': 'UKS', 'function_kwargs': {}}
2025-12-23:10:47:03,551 INFO     [psi4.driver.driver:638] Compute gradient(): method=b3lyp, basis=cc-pvdz, molecule=default, nre=25.621983394647017
2025-12-23:10:47:04,21 INFO     [psi4.driver.driver:641] Return gradient(): -412.61493941582745
2025-12-23:10:47:04,21 INFO     [psi4.driver.driver:642] [[ 0.00000000  0.00000000 -0.61076421]
 [-0.00000000  0.00000000  0.61075010]]
2025-12-23:10:47:04,22 INFO     [psi4.optking.history:269] 	Performing BFGS update.
2025-12-23:10:47:04,22 INFO     [psi4.optking.history:280] 	Using 1 previous steps for update.
2025-12-23:10:47:04,23 INFO     [psi4.optking.history:317] 	Steps to be used in Hessian update:  1

2025-12-23:10:47:04,23 INFO     [psi4.optking.history:418] 	Updated Hessian (in au) 
 	   2.091109

2025-12-23:10:47:04,23 INFO     [psi4.optking.molsys:944] Projected (PHP) Hessian matrix
	   2.091109

2025-12-23:10:47:04,23 INFO     [psi4.optking.opt_helper:182] 
	         Geometry (au)                                       Gradient (au)
   0.0000000000   0.0000000000   1.9485922132		   0.0000000000   0.0000000000  -0.6107642107
   0.0000000000   0.0000000000  -0.5492628128		  -0.0000000000   0.0000000000   0.6107500954

2025-12-23:10:47:04,23 INFO     [psi4.optking.stepAlgorithms:368] 	Current Step Report 
 
	Current energy:      -412.6149394158
	Energy change for the previous step:
		Actual       :        -0.1839836012
		Projected    :        -0.1169953741

2025-12-23:10:47:04,23 INFO     [psi4.optking.stepAlgorithms:371] 	Energy ratio =    1.57257
2025-12-23:10:47:04,23 INFO     [psi4.optking.stepAlgorithms:399] 	Energy ratio indicates good step.
2025-12-23:10:47:04,23 INFO     [psi4.optking.stepAlgorithms:400] 	Intrafrag trust radius increased to      1.
2025-12-23:10:47:04,23 INFO     [psi4.optking.stepAlgorithms:929] 	Using RFO solution 1.
2025-12-23:10:47:04,23 INFO     [psi4.optking.displace:100] 	Determining Cartesian step for fragment 1.
2025-12-23:10:47:04,24 INFO     [psi4.optking.displace:415] 	Successfully converged to displaced geometry.
2025-12-23:10:47:04,24 INFO     [psi4.optking.displace:416] 	RMS(dx):  1.282e-16 	Max(dx):  2.220e-16 	RMS(dq):  4.441e-16
2025-12-23:10:47:04,24 INFO     [psi4.optking.displace:172] 

	        --- Internal Coordinate Step in ANG or DEG, aJ/ANG or AJ/DEG ---
	-------------------------------------------------------------------------------
	           Coordinate      Previous         Force          Change          New 
	           ----------      --------        ------          ------        ------
	               R(1,2)       1.32181        5.03186        0.14323       1.46504
	-------------------------------------------------------------------------------

2025-12-23:10:47:04,24 INFO     [psi4.optking.stepAlgorithms:113] 	|target step| :    0.2706746111
2025-12-23:10:47:04,24 INFO     [psi4.optking.stepAlgorithms:114] 	gradient     :   -0.6107571531
2025-12-23:10:47:04,24 INFO     [psi4.optking.stepAlgorithms:115] 	hessian      :    2.0911092607
2025-12-23:10:47:04,24 INFO     [psi4.optking.stepAlgorithms:113] 	|target step| :    0.2706746111
2025-12-23:10:47:04,24 INFO     [psi4.optking.stepAlgorithms:114] 	gradient     :   -0.6107571531
2025-12-23:10:47:04,24 INFO     [psi4.optking.stepAlgorithms:115] 	hessian      :    2.0911092607
2025-12-23:10:47:04,24 INFO     [psi4.optking.stepAlgorithms:206] 	Norm of achieved step-size    0.2706746111
2025-12-23:10:47:04,24 INFO     [psi4.optking.stepAlgorithms:208] 	Norm of achieved step-size (cart):    0.1913958530
2025-12-23:10:47:04,24 INFO     [psi4.optking.opt_helper:164] Molsys:

	                            ===> Fragment 1 <== 

	 Z (Atomic Numbers)          Masses                          Geom                  
	       4.000000             9.012183          0.00000000  0.00000000  2.08392952   
	      16.000000            31.972071          0.00000000  0.00000000 -0.68460012   

	 - Coordinate -           - BOHR/RAD -       - ANG/DEG -
	 R(1,2)           =         2.768530           1.465043

2025-12-23:10:47:04,24 INFO     [psi4.optking.convcheck:76] Performing convergence check.
2025-12-23:10:47:04,24 INFO     [psi4.optking.convcheck:282] 
	                                 ==> Convergence Check <==                                  
    
	Measures of convergence in internal coordinates in au.
    
	Criteria marked as inactive (o), active & met (*), and active & unmet ( ).

	----------------------------------------------------------------------------------------------
	   Step    Total Energy     Delta E     Max Force     RMS Force      Max Disp      RMS Disp   
	----------------------------------------------------------------------------------------------
	  Convergence Criteria     1.00e-06 *    3.00e-04 *             o    1.20e-03 *             o
	----------------------------------------------------------------------------------------------
	     2    -412.61493942   -1.84e-01      6.11e-01      6.11e-01 o    2.71e-01      2.71e-01 o  ~
	----------------------------------------------------------------------------------------------


2025-12-23:10:47:04,24 INFO     [psi4.optking.stepAlgorithms:296] 	Convergence check returned False
2025-12-23:10:47:04,34 INFO     [psi4.driver.task_planner:259] PLANNING Atomic:  keywords={'DAMPING_PERCENTAGE': 1.0, 'GEOM_MAXITER': 500, 'SCF__GUESS': 'READ', 'GUESS': 'SAP', 'MAXITER': 500, 'REFERENCE': 'UKS', 'function_kwargs': {}}
2025-12-23:10:47:04,36 INFO     [psi4.driver.driver:638] Compute gradient(): method=b3lyp, basis=cc-pvdz, molecule=default, nre=23.116964016126445
2025-12-23:10:47:04,520 INFO     [psi4.driver.driver:641] Return gradient(): -412.7367502725982
2025-12-23:10:47:04,521 INFO     [psi4.driver.driver:642] [[ 0.00000000 -0.00000000 -0.31588975]
 [ 0.00000000 -0.00000000  0.31583844]]
2025-12-23:10:47:04,522 INFO     [psi4.optking.history:269] 	Performing BFGS update.
2025-12-23:10:47:04,522 INFO     [psi4.optking.history:280] 	Using 2 previous steps for update.
2025-12-23:10:47:04,523 WARNING  [psi4.optking.history:301] 	Change in internal coordinate of 5.01e-01 exceeds limit of 5.00e-01.
2025-12-23:10:47:04,523 WARNING  [psi4.optking.history:306] 	Skipping Hessian update for step 1.
2025-12-23:10:47:04,523 INFO     [psi4.optking.history:317] 	Steps to be used in Hessian update:  2

2025-12-23:10:47:04,523 INFO     [psi4.optking.history:418] 	Updated Hessian (in au) 
 	   1.089474

2025-12-23:10:47:04,523 INFO     [psi4.optking.molsys:944] Projected (PHP) Hessian matrix
	   1.089474

2025-12-23:10:47:04,523 INFO     [psi4.optking.opt_helper:182] 
	         Geometry (au)                                       Gradient (au)
   0.0000000000   0.0000000000   2.1597471578		   0.0000000000  -0.0000000000  -0.3158897469
   0.0000000000   0.0000000000  -0.6087824794		   0.0000000000  -0.0000000000   0.3158384430

2025-12-23:10:47:04,523 INFO     [psi4.optking.stepAlgorithms:368] 	Current Step Report 
 
	Current energy:      -412.7367502726
	Energy change for the previous step:
		Actual       :        -0.1218108568
		Projected    :        -0.0826582274

2025-12-23:10:47:04,523 INFO     [psi4.optking.stepAlgorithms:371] 	Energy ratio =    1.47367
2025-12-23:10:47:04,523 INFO     [psi4.optking.stepAlgorithms:929] 	Using RFO solution 1.
2025-12-23:10:47:04,523 INFO     [psi4.optking.displace:100] 	Determining Cartesian step for fragment 1.
2025-12-23:10:47:04,523 INFO     [psi4.optking.displace:415] 	Successfully converged to displaced geometry.
2025-12-23:10:47:04,523 INFO     [psi4.optking.displace:416] 	RMS(dx):  1.282e-16 	Max(dx):  2.220e-16 	RMS(dq):  4.441e-16
2025-12-23:10:47:04,523 INFO     [psi4.optking.displace:172] 

	        --- Internal Coordinate Step in ANG or DEG, aJ/ANG or AJ/DEG ---
	-------------------------------------------------------------------------------
	           Coordinate      Previous         Force          Change          New 
	           ----------      --------        ------          ------        ------
	               R(1,2)       1.46504        2.60232        0.14232       1.60737
	-------------------------------------------------------------------------------

2025-12-23:10:47:04,524 INFO     [psi4.optking.stepAlgorithms:113] 	|target step| :    0.2689517554
2025-12-23:10:47:04,524 INFO     [psi4.optking.stepAlgorithms:114] 	gradient     :   -0.3158640950
2025-12-23:10:47:04,524 INFO     [psi4.optking.stepAlgorithms:115] 	hessian      :    1.0894743946
2025-12-23:10:47:04,524 INFO     [psi4.optking.stepAlgorithms:113] 	|target step| :    0.2689517554
2025-12-23:10:47:04,524 INFO     [psi4.optking.stepAlgorithms:114] 	gradient     :   -0.3158640950
2025-12-23:10:47:04,524 INFO     [psi4.optking.stepAlgorithms:115] 	hessian      :    1.0894743946
2025-12-23:10:47:04,524 INFO     [psi4.optking.stepAlgorithms:206] 	Norm of achieved step-size    0.2689517554
2025-12-23:10:47:04,524 INFO     [psi4.optking.stepAlgorithms:208] 	Norm of achieved step-size (cart):    0.1901776101
2025-12-23:10:47:04,524 INFO     [psi4.optking.opt_helper:164] Molsys:

	                            ===> Fragment 1 <== 

	 Z (Atomic Numbers)          Masses                          Geom                  
	       4.000000             9.012183          0.00000000  0.00000000  2.29422304   
	      16.000000            31.972071          0.00000000  0.00000000 -0.74325836   

	 - Coordinate -           - BOHR/RAD -       - ANG/DEG -
	 R(1,2)           =         3.037481           1.607366

2025-12-23:10:47:04,524 INFO     [psi4.optking.convcheck:76] Performing convergence check.
2025-12-23:10:47:04,524 INFO     [psi4.optking.convcheck:282] 
	                                 ==> Convergence Check <==                                  
    
	Measures of convergence in internal coordinates in au.
    
	Criteria marked as inactive (o), active & met (*), and active & unmet ( ).

	----------------------------------------------------------------------------------------------
	   Step    Total Energy     Delta E     Max Force     RMS Force      Max Disp      RMS Disp   
	----------------------------------------------------------------------------------------------
	  Convergence Criteria     1.00e-06 *    3.00e-04 *             o    1.20e-03 *             o
	----------------------------------------------------------------------------------------------
	     3    -412.73675027   -1.22e-01      3.16e-01      3.16e-01 o    2.69e-01      2.69e-01 o  ~
	----------------------------------------------------------------------------------------------


2025-12-23:10:47:04,524 INFO     [psi4.optking.stepAlgorithms:296] 	Convergence check returned False
2025-12-23:10:47:04,535 INFO     [psi4.driver.task_planner:259] PLANNING Atomic:  keywords={'DAMPING_PERCENTAGE': 1.0, 'GEOM_MAXITER': 500, 'SCF__GUESS': 'READ', 'GUESS': 'SAP', 'MAXITER': 500, 'REFERENCE': 'UKS', 'function_kwargs': {}}
2025-12-23:10:47:04,536 INFO     [psi4.driver.driver:638] Compute gradient(): method=b3lyp, basis=cc-pvdz, molecule=default, nre=21.07008792090959
2025-12-23:10:47:05,31 INFO     [psi4.driver.driver:641] Return gradient(): -412.79698987767466
2025-12-23:10:47:05,31 INFO     [psi4.driver.driver:642] [[ 0.00000000 -0.00000000 -0.14785462]
 [ 0.00000000 -0.00000000  0.14782599]]
2025-12-23:10:47:05,33 INFO     [psi4.optking.history:269] 	Performing BFGS update.
2025-12-23:10:47:05,33 INFO     [psi4.optking.history:280] 	Using 3 previous steps for update.
2025-12-23:10:47:05,33 WARNING  [psi4.optking.history:301] 	Change in internal coordinate of 5.40e-01 exceeds limit of 5.00e-01.
2025-12-23:10:47:05,33 WARNING  [psi4.optking.history:306] 	Skipping Hessian update for step 2.
2025-12-23:10:47:05,33 WARNING  [psi4.optking.history:301] 	Change in internal coordinate of 7.70e-01 exceeds limit of 5.00e-01.
2025-12-23:10:47:05,33 WARNING  [psi4.optking.history:306] 	Skipping Hessian update for step 1.
2025-12-23:10:47:05,33 INFO     [psi4.optking.history:317] 	Steps to be used in Hessian update:  3

2025-12-23:10:47:05,33 INFO     [psi4.optking.history:418] 	Updated Hessian (in au) 
 	   0.624736

2025-12-23:10:47:05,33 INFO     [psi4.optking.molsys:944] Projected (PHP) Hessian matrix
	   0.624736

2025-12-23:10:47:05,33 INFO     [psi4.optking.opt_helper:182] 
	         Geometry (au)                                       Gradient (au)
   0.0000000000   0.0000000000   2.3695580919		   0.0000000000  -0.0000000000  -0.1478546198
   0.0000000000   0.0000000000  -0.6679233007		   0.0000000000  -0.0000000000   0.1478259905

2025-12-23:10:47:05,33 INFO     [psi4.optking.stepAlgorithms:368] 	Current Step Report 
 
	Current energy:      -412.7969898777
	Energy change for the previous step:
		Actual       :        -0.0602396051
		Projected    :        -0.0424761014

2025-12-23:10:47:05,33 INFO     [psi4.optking.stepAlgorithms:371] 	Energy ratio =    1.41820
2025-12-23:10:47:05,33 INFO     [psi4.optking.stepAlgorithms:929] 	Using RFO solution 1.
2025-12-23:10:47:05,34 INFO     [psi4.optking.displace:100] 	Determining Cartesian step for fragment 1.
2025-12-23:10:47:05,34 INFO     [psi4.optking.displace:415] 	Successfully converged to displaced geometry.
2025-12-23:10:47:05,34 INFO     [psi4.optking.displace:416] 	RMS(dx):  0.000e+00 	Max(dx):  0.000e+00 	RMS(dq):  0.000e+00
2025-12-23:10:47:05,34 INFO     [psi4.optking.displace:172] 

	        --- Internal Coordinate Step in ANG or DEG, aJ/ANG or AJ/DEG ---
	-------------------------------------------------------------------------------
	           Coordinate      Previous         Force          Change          New 
	           ----------      --------        ------          ------        ------
	               R(1,2)       1.60737        1.21802        0.11890       1.72627
	-------------------------------------------------------------------------------

2025-12-23:10:47:05,34 INFO     [psi4.optking.stepAlgorithms:113] 	|target step| :    0.2246966735
2025-12-23:10:47:05,34 INFO     [psi4.optking.stepAlgorithms:114] 	gradient     :   -0.1478403052
2025-12-23:10:47:05,34 INFO     [psi4.optking.stepAlgorithms:115] 	hessian      :    0.6247357991
2025-12-23:10:47:05,34 INFO     [psi4.optking.stepAlgorithms:113] 	|target step| :    0.2246966735
2025-12-23:10:47:05,34 INFO     [psi4.optking.stepAlgorithms:114] 	gradient     :   -0.1478403052
2025-12-23:10:47:05,34 INFO     [psi4.optking.stepAlgorithms:115] 	hessian      :    0.6247357991
2025-12-23:10:47:05,34 INFO     [psi4.optking.stepAlgorithms:206] 	Norm of achieved step-size    0.2246966735
2025-12-23:10:47:05,34 INFO     [psi4.optking.stepAlgorithms:208] 	Norm of achieved step-size (cart):    0.1588845415
2025-12-23:10:47:05,34 INFO     [psi4.optking.opt_helper:164] Molsys:

	                            ===> Fragment 1 <== 

	 Z (Atomic Numbers)          Masses                          Geom                  
	       4.000000             9.012183          0.00000000  0.00000000  2.48190643   
	      16.000000            31.972071          0.00000000  0.00000000 -0.78027164   

	 - Coordinate -           - BOHR/RAD -       - ANG/DEG -
	 R(1,2)           =         3.262178           1.726270

2025-12-23:10:47:05,34 INFO     [psi4.optking.convcheck:76] Performing convergence check.
2025-12-23:10:47:05,34 INFO     [psi4.optking.convcheck:282] 
	                                 ==> Convergence Check <==                                  
    
	Measures of convergence in internal coordinates in au.
    
	Criteria marked as inactive (o), active & met (*), and active & unmet ( ).

	----------------------------------------------------------------------------------------------
	   Step    Total Energy     Delta E     Max Force     RMS Force      Max Disp      RMS Disp   
	----------------------------------------------------------------------------------------------
	  Convergence Criteria     1.00e-06 *    3.00e-04 *             o    1.20e-03 *             o
	----------------------------------------------------------------------------------------------
	     4    -412.79698988   -6.02e-02      1.48e-01      1.48e-01 o    2.25e-01      2.25e-01 o  ~
	----------------------------------------------------------------------------------------------


2025-12-23:10:47:05,34 INFO     [psi4.optking.stepAlgorithms:296] 	Convergence check returned False
2025-12-23:10:47:05,44 INFO     [psi4.driver.task_planner:259] PLANNING Atomic:  keywords={'DAMPING_PERCENTAGE': 1.0, 'GEOM_MAXITER': 500, 'SCF__GUESS': 'READ', 'GUESS': 'SAP', 'MAXITER': 500, 'REFERENCE': 'UKS', 'function_kwargs': {}}
2025-12-23:10:47:05,45 INFO     [psi4.driver.driver:638] Compute gradient(): method=b3lyp, basis=cc-pvdz, molecule=default, nre=19.618794162671485
2025-12-23:10:47:05,562 INFO     [psi4.driver.driver:641] Return gradient(): -412.82018100167244
2025-12-23:10:47:05,563 INFO     [psi4.driver.driver:642] [[-0.00000000  0.00000000 -0.06524177]
 [ 0.00000000  0.00000000  0.06523089]]
2025-12-23:10:47:05,564 INFO     [psi4.optking.history:269] 	Performing BFGS update.
2025-12-23:10:47:05,564 INFO     [psi4.optking.history:280] 	Using 4 previous steps for update.
2025-12-23:10:47:05,564 WARNING  [psi4.optking.history:301] 	Change in internal coordinate of 7.64e-01 exceeds limit of 5.00e-01.
2025-12-23:10:47:05,564 WARNING  [psi4.optking.history:306] 	Skipping Hessian update for step 2.
2025-12-23:10:47:05,564 WARNING  [psi4.optking.history:301] 	Change in internal coordinate of 9.95e-01 exceeds limit of 5.00e-01.
2025-12-23:10:47:05,565 WARNING  [psi4.optking.history:306] 	Skipping Hessian update for step 1.
2025-12-23:10:47:05,565 INFO     [psi4.optking.history:317] 	Steps to be used in Hessian update:  4 3

2025-12-23:10:47:05,565 INFO     [psi4.optking.history:418] 	Updated Hessian (in au) 
 	   0.507705

2025-12-23:10:47:05,565 INFO     [psi4.optking.molsys:944] Projected (PHP) Hessian matrix
	   0.507705

2025-12-23:10:47:05,565 INFO     [psi4.optking.opt_helper:182] 
	         Geometry (au)                                       Gradient (au)
   0.0000000000   0.0000000000   2.5448453619		  -0.0000000000   0.0000000000  -0.0652417658
   0.0000000000   0.0000000000  -0.7173327042		   0.0000000000   0.0000000000   0.0652308853

2025-12-23:10:47:05,565 INFO     [psi4.optking.stepAlgorithms:368] 	Current Step Report 
 
	Current energy:      -412.8201810017
	Energy change for the previous step:
		Actual       :        -0.0231911240
		Projected    :        -0.0166096124

2025-12-23:10:47:05,565 INFO     [psi4.optking.stepAlgorithms:371] 	Energy ratio =    1.39625
2025-12-23:10:47:05,565 INFO     [psi4.optking.stepAlgorithms:929] 	Using RFO solution 1.
2025-12-23:10:47:05,565 INFO     [psi4.optking.displace:100] 	Determining Cartesian step for fragment 1.
2025-12-23:10:47:05,565 INFO     [psi4.optking.displace:415] 	Successfully converged to displaced geometry.
2025-12-23:10:47:05,565 INFO     [psi4.optking.displace:416] 	RMS(dx):  0.000e+00 	Max(dx):  0.000e+00 	RMS(dq):  0.000e+00
2025-12-23:10:47:05,565 INFO     [psi4.optking.displace:172] 

	        --- Internal Coordinate Step in ANG or DEG, aJ/ANG or AJ/DEG ---
	-------------------------------------------------------------------------------
	           Coordinate      Previous         Force          Change          New 
	           ----------      --------        ------          ------        ------
	               R(1,2)       1.72627        0.53746        0.06691       1.79318
	-------------------------------------------------------------------------------

2025-12-23:10:47:05,565 INFO     [psi4.optking.stepAlgorithms:113] 	|target step| :    0.1264384147
2025-12-23:10:47:05,565 INFO     [psi4.optking.stepAlgorithms:114] 	gradient     :   -0.0652363255
2025-12-23:10:47:05,565 INFO     [psi4.optking.stepAlgorithms:115] 	hessian      :    0.5077049875
2025-12-23:10:47:05,565 INFO     [psi4.optking.stepAlgorithms:113] 	|target step| :    0.1264384147
2025-12-23:10:47:05,565 INFO     [psi4.optking.stepAlgorithms:114] 	gradient     :   -0.0652363255
2025-12-23:10:47:05,565 INFO     [psi4.optking.stepAlgorithms:115] 	hessian      :    0.5077049875
2025-12-23:10:47:05,565 INFO     [psi4.optking.stepAlgorithms:206] 	Norm of achieved step-size    0.1264384147
2025-12-23:10:47:05,565 INFO     [psi4.optking.stepAlgorithms:208] 	Norm of achieved step-size (cart):    0.0894054604
2025-12-23:10:47:05,566 INFO     [psi4.optking.opt_helper:164] Molsys:

	                            ===> Fragment 1 <== 

	 Z (Atomic Numbers)          Masses                          Geom                  
	       4.000000             9.012183          0.00000000  0.00000000  2.60806457   
	      16.000000            31.972071          0.00000000  0.00000000 -0.78055191   

	 - Coordinate -           - BOHR/RAD -       - ANG/DEG -
	 R(1,2)           =         3.388616           1.793179

2025-12-23:10:47:05,566 INFO     [psi4.optking.convcheck:76] Performing convergence check.
2025-12-23:10:47:05,566 INFO     [psi4.optking.convcheck:282] 
	                                 ==> Convergence Check <==                                  
    
	Measures of convergence in internal coordinates in au.
    
	Criteria marked as inactive (o), active & met (*), and active & unmet ( ).

	----------------------------------------------------------------------------------------------
	   Step    Total Energy     Delta E     Max Force     RMS Force      Max Disp      RMS Disp   
	----------------------------------------------------------------------------------------------
	  Convergence Criteria     1.00e-06 *    3.00e-04 *             o    1.20e-03 *             o
	----------------------------------------------------------------------------------------------
	     5    -412.82018100   -2.32e-02      6.52e-02      6.52e-02 o    1.26e-01      1.26e-01 o  ~
	----------------------------------------------------------------------------------------------


2025-12-23:10:47:05,566 INFO     [psi4.optking.stepAlgorithms:296] 	Convergence check returned False
2025-12-23:10:47:05,577 INFO     [psi4.driver.task_planner:259] PLANNING Atomic:  keywords={'DAMPING_PERCENTAGE': 1.0, 'GEOM_MAXITER': 500, 'SCF__GUESS': 'READ', 'GUESS': 'SAP', 'MAXITER': 500, 'REFERENCE': 'UKS', 'function_kwargs': {}}
2025-12-23:10:47:05,578 INFO     [psi4.driver.driver:638] Compute gradient(): method=b3lyp, basis=cc-pvdz, molecule=default, nre=18.886764071222803
2025-12-23:10:47:06,128 INFO     [psi4.driver.driver:641] Return gradient(): -412.8263483810395
2025-12-23:10:47:06,128 INFO     [psi4.driver.driver:642] [[ 0.00000000  0.00000000 -0.03378205]
 [ 0.00000000  0.00000000  0.03377493]]
2025-12-23:10:47:06,129 INFO     [psi4.optking.history:269] 	Performing BFGS update.
2025-12-23:10:47:06,129 INFO     [psi4.optking.history:280] 	Using 4 previous steps for update.
2025-12-23:10:47:06,130 WARNING  [psi4.optking.history:301] 	Change in internal coordinate of 6.20e-01 exceeds limit of 5.00e-01.
2025-12-23:10:47:06,130 WARNING  [psi4.optking.history:306] 	Skipping Hessian update for step 3.
2025-12-23:10:47:06,130 WARNING  [psi4.optking.history:301] 	Change in internal coordinate of 8.91e-01 exceeds limit of 5.00e-01.
2025-12-23:10:47:06,130 WARNING  [psi4.optking.history:306] 	Skipping Hessian update for step 2.
2025-12-23:10:47:06,130 WARNING  [psi4.optking.history:301] 	Change in internal coordinate of 1.12e+00 exceeds limit of 5.00e-01.
2025-12-23:10:47:06,130 WARNING  [psi4.optking.history:306] 	Skipping Hessian update for step 1.
2025-12-23:10:47:06,130 INFO     [psi4.optking.history:317] 	Steps to be used in Hessian update:  5 4

2025-12-23:10:47:06,130 INFO     [psi4.optking.history:418] 	Updated Hessian (in au) 
 	   0.324837

2025-12-23:10:47:06,130 INFO     [psi4.optking.molsys:944] Projected (PHP) Hessian matrix
	   0.324837

2025-12-23:10:47:06,130 INFO     [psi4.optking.opt_helper:182] 
	         Geometry (au)                                       Gradient (au)
   0.0000000000   0.0000000000   2.6434807542		   0.0000000000   0.0000000000  -0.0337820516
   0.0000000000   0.0000000000  -0.7451357266		   0.0000000000   0.0000000000   0.0337749276

2025-12-23:10:47:06,130 INFO     [psi4.optking.stepAlgorithms:368] 	Current Step Report 
 
	Current energy:      -412.8263483810
	Energy change for the previous step:
		Actual       :        -0.0061673794
		Projected    :        -0.0041241888

2025-12-23:10:47:06,130 INFO     [psi4.optking.stepAlgorithms:371] 	Energy ratio =    1.49542
2025-12-23:10:47:06,130 INFO     [psi4.optking.stepAlgorithms:929] 	Using RFO solution 1.
2025-12-23:10:47:06,130 INFO     [psi4.optking.displace:100] 	Determining Cartesian step for fragment 1.
2025-12-23:10:47:06,131 INFO     [psi4.optking.displace:415] 	Successfully converged to displaced geometry.
2025-12-23:10:47:06,131 INFO     [psi4.optking.displace:416] 	RMS(dx):  1.282e-16 	Max(dx):  2.220e-16 	RMS(dq):  4.441e-16
2025-12-23:10:47:06,131 INFO     [psi4.optking.displace:172] 

	        --- Internal Coordinate Step in ANG or DEG, aJ/ANG or AJ/DEG ---
	-------------------------------------------------------------------------------
	           Coordinate      Previous         Force          Change          New 
	           ----------      --------        ------          ------        ------
	               R(1,2)       1.79318        0.27829        0.05444       1.84762
	-------------------------------------------------------------------------------

2025-12-23:10:47:06,131 INFO     [psi4.optking.stepAlgorithms:113] 	|target step| :    0.1028851072
2025-12-23:10:47:06,131 INFO     [psi4.optking.stepAlgorithms:114] 	gradient     :   -0.0337784896
2025-12-23:10:47:06,131 INFO     [psi4.optking.stepAlgorithms:115] 	hessian      :    0.3248374185
2025-12-23:10:47:06,131 INFO     [psi4.optking.stepAlgorithms:113] 	|target step| :    0.1028851072
2025-12-23:10:47:06,131 INFO     [psi4.optking.stepAlgorithms:114] 	gradient     :   -0.0337784896
2025-12-23:10:47:06,131 INFO     [psi4.optking.stepAlgorithms:115] 	hessian      :    0.3248374185
2025-12-23:10:47:06,131 INFO     [psi4.optking.stepAlgorithms:206] 	Norm of achieved step-size    0.1028851072
2025-12-23:10:47:06,131 INFO     [psi4.optking.stepAlgorithms:208] 	Norm of achieved step-size (cart):    0.0727507570
2025-12-23:10:47:06,131 INFO     [psi4.optking.opt_helper:164] Molsys:

	                            ===> Fragment 1 <== 

	 Z (Atomic Numbers)          Masses                          Geom                  
	       4.000000             9.012183          0.00000000  0.00000000  2.69492331   
	      16.000000            31.972071          0.00000000  0.00000000 -0.79657828   

	 - Coordinate -           - BOHR/RAD -       - ANG/DEG -
	 R(1,2)           =         3.491502           1.847623

2025-12-23:10:47:06,131 INFO     [psi4.optking.convcheck:76] Performing convergence check.
2025-12-23:10:47:06,131 INFO     [psi4.optking.convcheck:282] 
	                                 ==> Convergence Check <==                                  
    
	Measures of convergence in internal coordinates in au.
    
	Criteria marked as inactive (o), active & met (*), and active & unmet ( ).

	----------------------------------------------------------------------------------------------
	   Step    Total Energy     Delta E     Max Force     RMS Force      Max Disp      RMS Disp   
	----------------------------------------------------------------------------------------------
	  Convergence Criteria     1.00e-06 *    3.00e-04 *             o    1.20e-03 *             o
	----------------------------------------------------------------------------------------------
	     6    -412.82634838   -6.17e-03      3.38e-02      3.38e-02 o    1.03e-01      1.03e-01 o  ~
	----------------------------------------------------------------------------------------------


2025-12-23:10:47:06,131 INFO     [psi4.optking.stepAlgorithms:296] 	Convergence check returned False
2025-12-23:10:47:06,142 INFO     [psi4.driver.task_planner:259] PLANNING Atomic:  keywords={'DAMPING_PERCENTAGE': 1.0, 'GEOM_MAXITER': 500, 'SCF__GUESS': 'READ', 'GUESS': 'SAP', 'MAXITER': 500, 'REFERENCE': 'UKS', 'function_kwargs': {}}
2025-12-23:10:47:06,143 INFO     [psi4.driver.driver:638] Compute gradient(): method=b3lyp, basis=cc-pvdz, molecule=default, nre=18.330222223419035
2025-12-23:10:47:06,649 INFO     [psi4.driver.driver:641] Return gradient(): -412.8287668366896
2025-12-23:10:47:06,649 INFO     [psi4.driver.driver:642] [[ 0.00000000  0.00000000 -0.01400267]
 [-0.00000000  0.00000000  0.01400524]]
2025-12-23:10:47:06,651 INFO     [psi4.optking.history:269] 	Performing BFGS update.
2025-12-23:10:47:06,651 INFO     [psi4.optking.history:280] 	Using 4 previous steps for update.
2025-12-23:10:47:06,651 WARNING  [psi4.optking.history:301] 	Change in internal coordinate of 7.23e-01 exceeds limit of 5.00e-01.
2025-12-23:10:47:06,651 WARNING  [psi4.optking.history:306] 	Skipping Hessian update for step 3.
2025-12-23:10:47:06,651 WARNING  [psi4.optking.history:301] 	Change in internal coordinate of 9.94e-01 exceeds limit of 5.00e-01.
2025-12-23:10:47:06,651 WARNING  [psi4.optking.history:306] 	Skipping Hessian update for step 2.
2025-12-23:10:47:06,651 WARNING  [psi4.optking.history:301] 	Change in internal coordinate of 1.22e+00 exceeds limit of 5.00e-01.
2025-12-23:10:47:06,651 WARNING  [psi4.optking.history:306] 	Skipping Hessian update for step 1.
2025-12-23:10:47:06,651 INFO     [psi4.optking.history:317] 	Steps to be used in Hessian update:  6 5 4

2025-12-23:10:47:06,651 INFO     [psi4.optking.history:418] 	Updated Hessian (in au) 
 	   0.294781

2025-12-23:10:47:06,651 INFO     [psi4.optking.molsys:944] Projected (PHP) Hessian matrix
	   0.294781

2025-12-23:10:47:06,651 INFO     [psi4.optking.opt_helper:182] 
	         Geometry (au)                                       Gradient (au)
   0.0000000000   0.0000000000   2.7237420650		   0.0000000000   0.0000000000  -0.0140026738
   0.0000000000   0.0000000000  -0.7677595229		  -0.0000000000   0.0000000000   0.0140052412

2025-12-23:10:47:06,651 INFO     [psi4.optking.stepAlgorithms:368] 	Current Step Report 
 
	Current energy:      -412.8287668367
	Energy change for the previous step:
		Actual       :        -0.0024184557
		Projected    :        -0.0017376518

2025-12-23:10:47:06,651 INFO     [psi4.optking.stepAlgorithms:371] 	Energy ratio =    1.39180
2025-12-23:10:47:06,651 INFO     [psi4.optking.stepAlgorithms:929] 	Using RFO solution 1.
2025-12-23:10:47:06,652 INFO     [psi4.optking.displace:100] 	Determining Cartesian step for fragment 1.
2025-12-23:10:47:06,652 INFO     [psi4.optking.displace:415] 	Successfully converged to displaced geometry.
2025-12-23:10:47:06,652 INFO     [psi4.optking.displace:416] 	RMS(dx):  0.000e+00 	Max(dx):  0.000e+00 	RMS(dq):  0.000e+00
2025-12-23:10:47:06,652 INFO     [psi4.optking.displace:172] 

	        --- Internal Coordinate Step in ANG or DEG, aJ/ANG or AJ/DEG ---
	-------------------------------------------------------------------------------
	           Coordinate      Previous         Force          Change          New 
	           ----------      --------        ------          ------        ------
	               R(1,2)       1.84762        0.11537        0.02508       1.87271
	-------------------------------------------------------------------------------

2025-12-23:10:47:06,652 INFO     [psi4.optking.stepAlgorithms:113] 	|target step| :    0.0473996398
2025-12-23:10:47:06,652 INFO     [psi4.optking.stepAlgorithms:114] 	gradient     :   -0.0140039575
2025-12-23:10:47:06,652 INFO     [psi4.optking.stepAlgorithms:115] 	hessian      :    0.2947806045
2025-12-23:10:47:06,652 INFO     [psi4.optking.stepAlgorithms:113] 	|target step| :    0.0473996398
2025-12-23:10:47:06,652 INFO     [psi4.optking.stepAlgorithms:114] 	gradient     :   -0.0140039575
2025-12-23:10:47:06,652 INFO     [psi4.optking.stepAlgorithms:115] 	hessian      :    0.2947806045
2025-12-23:10:47:06,652 INFO     [psi4.optking.stepAlgorithms:206] 	Norm of achieved step-size    0.0473996398
2025-12-23:10:47:06,652 INFO     [psi4.optking.stepAlgorithms:208] 	Norm of achieved step-size (cart):    0.0335166067
2025-12-23:10:47:06,652 INFO     [psi4.optking.opt_helper:164] Molsys:

	                            ===> Fragment 1 <== 

	 Z (Atomic Numbers)          Masses                          Geom                  
	       4.000000             9.012183          0.00000000  0.00000000  2.74744188   
	      16.000000            31.972071          0.00000000  0.00000000 -0.79145934   

	 - Coordinate -           - BOHR/RAD -       - ANG/DEG -
	 R(1,2)           =         3.538901           1.872706

2025-12-23:10:47:06,652 INFO     [psi4.optking.convcheck:76] Performing convergence check.
2025-12-23:10:47:06,652 INFO     [psi4.optking.convcheck:282] 
	                                 ==> Convergence Check <==                                  
    
	Measures of convergence in internal coordinates in au.
    
	Criteria marked as inactive (o), active & met (*), and active & unmet ( ).

	----------------------------------------------------------------------------------------------
	   Step    Total Energy     Delta E     Max Force     RMS Force      Max Disp      RMS Disp   
	----------------------------------------------------------------------------------------------
	  Convergence Criteria     1.00e-06 *    3.00e-04 *             o    1.20e-03 *             o
	----------------------------------------------------------------------------------------------
	     7    -412.82876684   -2.42e-03      1.40e-02      1.40e-02 o    4.74e-02      4.74e-02 o  ~
	----------------------------------------------------------------------------------------------


2025-12-23:10:47:06,652 INFO     [psi4.optking.stepAlgorithms:296] 	Convergence check returned False
2025-12-23:10:47:06,662 INFO     [psi4.driver.task_planner:259] PLANNING Atomic:  keywords={'DAMPING_PERCENTAGE': 1.0, 'GEOM_MAXITER': 500, 'SCF__GUESS': 'READ', 'GUESS': 'SAP', 'MAXITER': 500, 'REFERENCE': 'UKS', 'function_kwargs': {}}
2025-12-23:10:47:06,663 INFO     [psi4.driver.driver:638] Compute gradient(): method=b3lyp, basis=cc-pvdz, molecule=default, nre=18.084709315781808
2025-12-23:10:47:07,230 INFO     [psi4.driver.driver:641] Return gradient(): -412.82924568083575
2025-12-23:10:47:07,230 INFO     [psi4.driver.driver:642] [[ 0.00000000  0.00000000 -0.00634354]
 [ 0.00000000  0.00000000  0.00634358]]
2025-12-23:10:47:07,231 INFO     [psi4.optking.history:269] 	Performing BFGS update.
2025-12-23:10:47:07,231 INFO     [psi4.optking.history:280] 	Using 4 previous steps for update.
2025-12-23:10:47:07,232 WARNING  [psi4.optking.history:301] 	Change in internal coordinate of 5.01e-01 exceeds limit of 5.00e-01.
2025-12-23:10:47:07,232 WARNING  [psi4.optking.history:306] 	Skipping Hessian update for step 4.
2025-12-23:10:47:07,232 WARNING  [psi4.optking.history:301] 	Change in internal coordinate of 7.70e-01 exceeds limit of 5.00e-01.
2025-12-23:10:47:07,232 WARNING  [psi4.optking.history:306] 	Skipping Hessian update for step 3.
2025-12-23:10:47:07,232 WARNING  [psi4.optking.history:301] 	Change in internal coordinate of 1.04e+00 exceeds limit of 5.00e-01.
2025-12-23:10:47:07,232 WARNING  [psi4.optking.history:306] 	Skipping Hessian update for step 2.
2025-12-23:10:47:07,232 WARNING  [psi4.optking.history:301] 	Change in internal coordinate of 1.27e+00 exceeds limit of 5.00e-01.
2025-12-23:10:47:07,232 WARNING  [psi4.optking.history:306] 	Skipping Hessian update for step 1.
2025-12-23:10:47:07,232 INFO     [psi4.optking.history:317] 	Steps to be used in Hessian update:  7 6 5

2025-12-23:10:47:07,232 INFO     [psi4.optking.history:418] 	Updated Hessian (in au) 
 	   0.212822

2025-12-23:10:47:07,232 INFO     [psi4.optking.molsys:944] Projected (PHP) Hessian matrix
	   0.212822

2025-12-23:10:47:07,232 INFO     [psi4.optking.opt_helper:182] 
	         Geometry (au)                                       Gradient (au)
   0.0000000000   0.0000000000   2.7607188183		   0.0000000000   0.0000000000  -0.0063435431
   0.0000000000   0.0000000000  -0.7781824094		   0.0000000000   0.0000000000   0.0063435753

2025-12-23:10:47:07,232 INFO     [psi4.optking.stepAlgorithms:368] 	Current Step Report 
 
	Current energy:      -412.8292456808
	Energy change for the previous step:
		Actual       :        -0.0004788441
		Projected    :        -0.0003318913

2025-12-23:10:47:07,232 INFO     [psi4.optking.stepAlgorithms:371] 	Energy ratio =    1.44277
2025-12-23:10:47:07,232 INFO     [psi4.optking.stepAlgorithms:929] 	Using RFO solution 1.
2025-12-23:10:47:07,232 INFO     [psi4.optking.displace:100] 	Determining Cartesian step for fragment 1.
2025-12-23:10:47:07,233 INFO     [psi4.optking.displace:415] 	Successfully converged to displaced geometry.
2025-12-23:10:47:07,233 INFO     [psi4.optking.displace:416] 	RMS(dx):  1.282e-16 	Max(dx):  2.220e-16 	RMS(dq):  4.441e-16
2025-12-23:10:47:07,233 INFO     [psi4.optking.displace:172] 

	        --- Internal Coordinate Step in ANG or DEG, aJ/ANG or AJ/DEG ---
	-------------------------------------------------------------------------------
	           Coordinate      Previous         Force          Change          New 
	           ----------      --------        ------          ------        ------
	               R(1,2)       1.87271        0.05226        0.01576       1.88847
	-------------------------------------------------------------------------------

2025-12-23:10:47:07,233 INFO     [psi4.optking.stepAlgorithms:113] 	|target step| :    0.0297804473
2025-12-23:10:47:07,233 INFO     [psi4.optking.stepAlgorithms:114] 	gradient     :   -0.0063435592
2025-12-23:10:47:07,233 INFO     [psi4.optking.stepAlgorithms:115] 	hessian      :    0.2128219626
2025-12-23:10:47:07,233 INFO     [psi4.optking.stepAlgorithms:113] 	|target step| :    0.0297804473
2025-12-23:10:47:07,233 INFO     [psi4.optking.stepAlgorithms:114] 	gradient     :   -0.0063435592
2025-12-23:10:47:07,233 INFO     [psi4.optking.stepAlgorithms:115] 	hessian      :    0.2128219626
2025-12-23:10:47:07,233 INFO     [psi4.optking.stepAlgorithms:206] 	Norm of achieved step-size    0.0297804473
2025-12-23:10:47:07,233 INFO     [psi4.optking.stepAlgorithms:208] 	Norm of achieved step-size (cart):    0.0210579562
2025-12-23:10:47:07,233 INFO     [psi4.optking.opt_helper:164] Molsys:

	                            ===> Fragment 1 <== 

	 Z (Atomic Numbers)          Masses                          Geom                  
	       4.000000             9.012183          0.00000000  0.00000000  2.77560904   
	      16.000000            31.972071          0.00000000  0.00000000 -0.79307263   

	 - Coordinate -           - BOHR/RAD -       - ANG/DEG -
	 R(1,2)           =         3.568682           1.888465

2025-12-23:10:47:07,233 INFO     [psi4.optking.convcheck:76] Performing convergence check.
2025-12-23:10:47:07,233 INFO     [psi4.optking.convcheck:282] 
	                                 ==> Convergence Check <==                                  
    
	Measures of convergence in internal coordinates in au.
    
	Criteria marked as inactive (o), active & met (*), and active & unmet ( ).

	----------------------------------------------------------------------------------------------
	   Step    Total Energy     Delta E     Max Force     RMS Force      Max Disp      RMS Disp   
	----------------------------------------------------------------------------------------------
	  Convergence Criteria     1.00e-06 *    3.00e-04 *             o    1.20e-03 *             o
	----------------------------------------------------------------------------------------------
	     8    -412.82924568   -4.79e-04      6.34e-03      6.34e-03 o    2.98e-02      2.98e-02 o  ~
	----------------------------------------------------------------------------------------------


2025-12-23:10:47:07,233 INFO     [psi4.optking.stepAlgorithms:296] 	Convergence check returned False
2025-12-23:10:47:07,244 INFO     [psi4.driver.task_planner:259] PLANNING Atomic:  keywords={'DAMPING_PERCENTAGE': 1.0, 'GEOM_MAXITER': 500, 'SCF__GUESS': 'READ', 'GUESS': 'SAP', 'MAXITER': 500, 'REFERENCE': 'UKS', 'function_kwargs': {}}
2025-12-23:10:47:07,245 INFO     [psi4.driver.driver:638] Compute gradient(): method=b3lyp, basis=cc-pvdz, molecule=default, nre=17.933793436496337
2025-12-23:10:47:07,828 INFO     [psi4.driver.driver:641] Return gradient(): -412.8293682943356
2025-12-23:10:47:07,828 INFO     [psi4.driver.driver:642] [[ 0.00000000  0.00000000 -0.00194497]
 [ 0.00000000 -0.00000000  0.00194245]]
2025-12-23:10:47:07,830 INFO     [psi4.optking.history:269] 	Performing BFGS update.
2025-12-23:10:47:07,830 INFO     [psi4.optking.history:280] 	Using 4 previous steps for update.
2025-12-23:10:47:07,830 INFO     [psi4.optking.history:317] 	Steps to be used in Hessian update:  8 7 6 5

2025-12-23:10:47:07,830 INFO     [psi4.optking.history:418] 	Updated Hessian (in au) 
 	   0.206499

2025-12-23:10:47:07,830 INFO     [psi4.optking.molsys:944] Projected (PHP) Hessian matrix
	   0.206499

2025-12-23:10:47:07,830 INFO     [psi4.optking.opt_helper:182] 
	         Geometry (au)                                       Gradient (au)
   0.0000000000   0.0000000000   2.7839507301		   0.0000000000   0.0000000000  -0.0019449695
   0.0000000000   0.0000000000  -0.7847309449		   0.0000000000  -0.0000000000   0.0019424534

2025-12-23:10:47:07,830 INFO     [psi4.optking.stepAlgorithms:368] 	Current Step Report 
 
	Current energy:      -412.8293682943
	Energy change for the previous step:
		Actual       :        -0.0001226135
		Projected    :        -0.0000944570

2025-12-23:10:47:07,830 INFO     [psi4.optking.stepAlgorithms:371] 	Energy ratio =    1.29809
2025-12-23:10:47:07,830 INFO     [psi4.optking.stepAlgorithms:929] 	Using RFO solution 1.
2025-12-23:10:47:07,830 INFO     [psi4.optking.displace:100] 	Determining Cartesian step for fragment 1.
2025-12-23:10:47:07,831 INFO     [psi4.optking.displace:415] 	Successfully converged to displaced geometry.
2025-12-23:10:47:07,831 INFO     [psi4.optking.displace:416] 	RMS(dx):  0.000e+00 	Max(dx):  0.000e+00 	RMS(dq):  0.000e+00
2025-12-23:10:47:07,831 INFO     [psi4.optking.displace:172] 

	        --- Internal Coordinate Step in ANG or DEG, aJ/ANG or AJ/DEG ---
	-------------------------------------------------------------------------------
	           Coordinate      Previous         Force          Change          New 
	           ----------      --------        ------          ------        ------
	               R(1,2)       1.88847        0.01601        0.00498       1.89345
	-------------------------------------------------------------------------------

2025-12-23:10:47:07,831 INFO     [psi4.optking.stepAlgorithms:113] 	|target step| :    0.0094118690
2025-12-23:10:47:07,831 INFO     [psi4.optking.stepAlgorithms:114] 	gradient     :   -0.0019437114
2025-12-23:10:47:07,831 INFO     [psi4.optking.stepAlgorithms:115] 	hessian      :    0.2064987565
2025-12-23:10:47:07,831 INFO     [psi4.optking.stepAlgorithms:113] 	|target step| :    0.0094118690
2025-12-23:10:47:07,831 INFO     [psi4.optking.stepAlgorithms:114] 	gradient     :   -0.0019437114
2025-12-23:10:47:07,831 INFO     [psi4.optking.stepAlgorithms:115] 	hessian      :    0.2064987565
2025-12-23:10:47:07,831 INFO     [psi4.optking.stepAlgorithms:206] 	Norm of achieved step-size    0.0094118690
2025-12-23:10:47:07,831 INFO     [psi4.optking.stepAlgorithms:208] 	Norm of achieved step-size (cart):    0.0066551964
2025-12-23:10:47:07,831 INFO     [psi4.optking.opt_helper:164] Molsys:

	                            ===> Fragment 1 <== 

	 Z (Atomic Numbers)          Masses                          Geom                  
	       4.000000             9.012183          0.00000000  0.00000000  2.78865666   
	      16.000000            31.972071          0.00000000  0.00000000 -0.78943688   

	 - Coordinate -           - BOHR/RAD -       - ANG/DEG -
	 R(1,2)           =         3.578094           1.893446

2025-12-23:10:47:07,831 INFO     [psi4.optking.convcheck:76] Performing convergence check.
2025-12-23:10:47:07,831 INFO     [psi4.optking.convcheck:282] 
	                                 ==> Convergence Check <==                                  
    
	Measures of convergence in internal coordinates in au.
    
	Criteria marked as inactive (o), active & met (*), and active & unmet ( ).

	----------------------------------------------------------------------------------------------
	   Step    Total Energy     Delta E     Max Force     RMS Force      Max Disp      RMS Disp   
	----------------------------------------------------------------------------------------------
	  Convergence Criteria     1.00e-06 *    3.00e-04 *             o    1.20e-03 *             o
	----------------------------------------------------------------------------------------------
	     9    -412.82936829   -1.23e-04      1.94e-03      1.94e-03 o    9.41e-03      9.41e-03 o  ~
	----------------------------------------------------------------------------------------------


2025-12-23:10:47:07,831 INFO     [psi4.optking.stepAlgorithms:296] 	Convergence check returned False
2025-12-23:10:47:07,842 INFO     [psi4.driver.task_planner:259] PLANNING Atomic:  keywords={'DAMPING_PERCENTAGE': 1.0, 'GEOM_MAXITER': 500, 'SCF__GUESS': 'READ', 'GUESS': 'SAP', 'MAXITER': 500, 'REFERENCE': 'UKS', 'function_kwargs': {}}
2025-12-23:10:47:07,843 INFO     [psi4.driver.driver:638] Compute gradient(): method=b3lyp, basis=cc-pvdz, molecule=default, nre=17.88662012666231
2025-12-23:10:47:08,329 INFO     [psi4.driver.driver:641] Return gradient(): -412.82938030487657
2025-12-23:10:47:08,329 INFO     [psi4.driver.driver:642] [[ 0.00000000  0.00000000 -0.00061722]
 [-0.00000000  0.00000000  0.00061410]]
2025-12-23:10:47:08,331 INFO     [psi4.optking.history:269] 	Performing BFGS update.
2025-12-23:10:47:08,331 INFO     [psi4.optking.history:280] 	Using 4 previous steps for update.
2025-12-23:10:47:08,331 INFO     [psi4.optking.history:317] 	Steps to be used in Hessian update:  9 8 7 6

2025-12-23:10:47:08,331 INFO     [psi4.optking.history:418] 	Updated Hessian (in au) 
 	   0.175023

2025-12-23:10:47:08,331 INFO     [psi4.optking.molsys:944] Projected (PHP) Hessian matrix
	   0.175023

2025-12-23:10:47:08,331 INFO     [psi4.optking.opt_helper:182] 
	         Geometry (au)                                       Gradient (au)
   0.0000000000   0.0000000000   2.7912929876		   0.0000000000   0.0000000000  -0.0006172219
   0.0000000000   0.0000000000  -0.7868005565		  -0.0000000000   0.0000000000   0.0006141024

2025-12-23:10:47:08,332 INFO     [psi4.optking.stepAlgorithms:368] 	Current Step Report 
 
	Current energy:      -412.8293803049
	Energy change for the previous step:
		Actual       :        -0.0000120105
		Projected    :        -0.0000091470

2025-12-23:10:47:08,332 INFO     [psi4.optking.stepAlgorithms:371] 	Energy ratio =    1.31306
2025-12-23:10:47:08,332 INFO     [psi4.optking.stepAlgorithms:929] 	Using RFO solution 1.
2025-12-23:10:47:08,332 INFO     [psi4.optking.displace:100] 	Determining Cartesian step for fragment 1.
2025-12-23:10:47:08,332 INFO     [psi4.optking.displace:415] 	Successfully converged to displaced geometry.
2025-12-23:10:47:08,332 INFO     [psi4.optking.displace:416] 	RMS(dx):  1.282e-16 	Max(dx):  2.220e-16 	RMS(dq):  4.441e-16
2025-12-23:10:47:08,332 INFO     [psi4.optking.displace:172] 

	        --- Internal Coordinate Step in ANG or DEG, aJ/ANG or AJ/DEG ---
	-------------------------------------------------------------------------------
	           Coordinate      Previous         Force          Change          New 
	           ----------      --------        ------          ------        ------
	               R(1,2)       1.89345        0.00507        0.00186       1.89531
	-------------------------------------------------------------------------------

2025-12-23:10:47:08,332 INFO     [psi4.optking.stepAlgorithms:113] 	|target step| :    0.0035175656
2025-12-23:10:47:08,332 INFO     [psi4.optking.stepAlgorithms:114] 	gradient     :   -0.0006156622
2025-12-23:10:47:08,332 INFO     [psi4.optking.stepAlgorithms:115] 	hessian      :    0.1750229121
2025-12-23:10:47:08,332 INFO     [psi4.optking.stepAlgorithms:113] 	|target step| :    0.0035175656
2025-12-23:10:47:08,332 INFO     [psi4.optking.stepAlgorithms:114] 	gradient     :   -0.0006156622
2025-12-23:10:47:08,332 INFO     [psi4.optking.stepAlgorithms:115] 	hessian      :    0.1750229121
2025-12-23:10:47:08,332 INFO     [psi4.optking.stepAlgorithms:206] 	Norm of achieved step-size    0.0035175656
2025-12-23:10:47:08,332 INFO     [psi4.optking.stepAlgorithms:208] 	Norm of achieved step-size (cart):    0.0024872945
2025-12-23:10:47:08,332 INFO     [psi4.optking.opt_helper:164] Molsys:

	                            ===> Fragment 1 <== 

	 Z (Atomic Numbers)          Masses                          Geom                  
	       4.000000             9.012183          0.00000000  0.00000000  2.79305177   
	      16.000000            31.972071          0.00000000  0.00000000 -0.78855934   

	 - Coordinate -           - BOHR/RAD -       - ANG/DEG -
	 R(1,2)           =         3.581611           1.895307

2025-12-23:10:47:08,333 INFO     [psi4.optking.convcheck:76] Performing convergence check.
2025-12-23:10:47:08,333 INFO     [psi4.optking.convcheck:282] 
	                                 ==> Convergence Check <==                                  
    
	Measures of convergence in internal coordinates in au.
    
	Criteria marked as inactive (o), active & met (*), and active & unmet ( ).

	----------------------------------------------------------------------------------------------
	   Step    Total Energy     Delta E     Max Force     RMS Force      Max Disp      RMS Disp   
	----------------------------------------------------------------------------------------------
	  Convergence Criteria     1.00e-06 *    3.00e-04 *             o    1.20e-03 *             o
	----------------------------------------------------------------------------------------------
	    10    -412.82938030   -1.20e-05      6.16e-04      6.16e-04 o    3.52e-03      3.52e-03 o  ~
	----------------------------------------------------------------------------------------------


2025-12-23:10:47:08,333 INFO     [psi4.optking.stepAlgorithms:296] 	Convergence check returned False
2025-12-23:10:47:08,343 INFO     [psi4.driver.task_planner:259] PLANNING Atomic:  keywords={'DAMPING_PERCENTAGE': 1.0, 'GEOM_MAXITER': 500, 'SCF__GUESS': 'READ', 'GUESS': 'SAP', 'MAXITER': 500, 'REFERENCE': 'UKS', 'function_kwargs': {}}
2025-12-23:10:47:08,344 INFO     [psi4.driver.driver:638] Compute gradient(): method=b3lyp, basis=cc-pvdz, molecule=default, nre=17.869053350933147
2025-12-23:10:47:08,852 INFO     [psi4.driver.driver:641] Return gradient(): -412.8293816071364
2025-12-23:10:47:08,852 INFO     [psi4.driver.driver:642] [[-0.00000000  0.00000000 -0.00012845]
 [ 0.00000000 -0.00000000  0.00012515]]
2025-12-23:10:47:08,854 INFO     [psi4.optking.history:269] 	Performing BFGS update.
2025-12-23:10:47:08,854 INFO     [psi4.optking.history:280] 	Using 4 previous steps for update.
2025-12-23:10:47:08,854 INFO     [psi4.optking.history:317] 	Steps to be used in Hessian update:  10 9 8 7

2025-12-23:10:47:08,854 INFO     [psi4.optking.history:418] 	Updated Hessian (in au) 
 	   0.154003

2025-12-23:10:47:08,854 INFO     [psi4.optking.molsys:944] Projected (PHP) Hessian matrix
	   0.154003

2025-12-23:10:47:08,854 INFO     [psi4.optking.opt_helper:182] 
	         Geometry (au)                                       Gradient (au)
   0.0000000000   0.0000000000   2.7940370623		  -0.0000000000   0.0000000000  -0.0001284522
   0.0000000000   0.0000000000  -0.7875740473		   0.0000000000  -0.0000000000   0.0001251541

2025-12-23:10:47:08,854 INFO     [psi4.optking.stepAlgorithms:368] 	Current Step Report 
 
	Current energy:      -412.8293816071
	Energy change for the previous step:
		Actual       :        -0.0000013023
		Projected    :        -0.0000010828

2025-12-23:10:47:08,854 INFO     [psi4.optking.stepAlgorithms:371] 	Energy ratio =    1.20266
2025-12-23:10:47:08,854 INFO     [psi4.optking.stepAlgorithms:929] 	Using RFO solution 1.
2025-12-23:10:47:08,855 INFO     [psi4.optking.displace:100] 	Determining Cartesian step for fragment 1.
2025-12-23:10:47:08,855 INFO     [psi4.optking.displace:415] 	Successfully converged to displaced geometry.
2025-12-23:10:47:08,855 INFO     [psi4.optking.displace:416] 	RMS(dx):  0.000e+00 	Max(dx):  0.000e+00 	RMS(dq):  0.000e+00
2025-12-23:10:47:08,855 INFO     [psi4.optking.displace:172] 

	        --- Internal Coordinate Step in ANG or DEG, aJ/ANG or AJ/DEG ---
	-------------------------------------------------------------------------------
	           Coordinate      Previous         Force          Change          New 
	           ----------      --------        ------          ------        ------
	               R(1,2)       1.89531        0.00104        0.00044       1.89574
	-------------------------------------------------------------------------------

2025-12-23:10:47:08,855 INFO     [psi4.optking.stepAlgorithms:113] 	|target step| :    0.0008233792
2025-12-23:10:47:08,855 INFO     [psi4.optking.stepAlgorithms:114] 	gradient     :   -0.0001268031
2025-12-23:10:47:08,855 INFO     [psi4.optking.stepAlgorithms:115] 	hessian      :    0.1540031967
2025-12-23:10:47:08,855 INFO     [psi4.optking.stepAlgorithms:113] 	|target step| :    0.0008233792
2025-12-23:10:47:08,855 INFO     [psi4.optking.stepAlgorithms:114] 	gradient     :   -0.0001268031
2025-12-23:10:47:08,855 INFO     [psi4.optking.stepAlgorithms:115] 	hessian      :    0.1540031967
2025-12-23:10:47:08,855 INFO     [psi4.optking.stepAlgorithms:206] 	Norm of achieved step-size    0.0008233792
2025-12-23:10:47:08,855 INFO     [psi4.optking.stepAlgorithms:208] 	Norm of achieved step-size (cart):    0.0005822170
2025-12-23:10:47:08,855 INFO     [psi4.optking.opt_helper:164] Molsys:

	                            ===> Fragment 1 <== 

	 Z (Atomic Numbers)          Masses                          Geom                  
	       4.000000             9.012183          0.00000000  0.00000000  2.79444875   
	      16.000000            31.972071          0.00000000  0.00000000 -0.78798574   

	 - Coordinate -           - BOHR/RAD -       - ANG/DEG -
	 R(1,2)           =         3.582434           1.895743

2025-12-23:10:47:08,855 INFO     [psi4.optking.convcheck:76] Performing convergence check.
2025-12-23:10:47:08,855 INFO     [psi4.optking.convcheck:282] 
	                                 ==> Convergence Check <==                                  
    
	Measures of convergence in internal coordinates in au.
    
	Criteria marked as inactive (o), active & met (*), and active & unmet ( ).

	----------------------------------------------------------------------------------------------
	   Step    Total Energy     Delta E     Max Force     RMS Force      Max Disp      RMS Disp   
	----------------------------------------------------------------------------------------------
	  Convergence Criteria     1.00e-06 *    3.00e-04 *             o    1.20e-03 *             o
	----------------------------------------------------------------------------------------------
	    11    -412.82938161   -1.30e-06      1.27e-04 *    1.27e-04 o    8.23e-04 *    8.23e-04 o  ~
	----------------------------------------------------------------------------------------------


2025-12-23:10:47:08,855 INFO     [psi4.optking.convcheck:206] 
	                      ===> Final Convergence Report <===                     

	----------------------------------------------------------------------------
	|   Required Criteria    |  One or More Criteria  |   Alternate Criteria   |
	----------------------------------------------------------------------------
	| [x]     max_force      | [ ]       max_DE       |                        |
	|                        | [x]      max_disp      |                        |
	----------------------------------------------------------------------------


2025-12-23:10:47:08,855 INFO     [psi4.optking.stepAlgorithms:296] 	Convergence check returned True
2025-12-23:10:47:08,855 INFO     [psi4.optking.optimize:332] 	Converged in 11 steps!
2025-12-23:10:47:08,855 INFO     [psi4.optking.optimize:333] 	Final energy is   -412.8293816071364
2025-12-23:10:47:08,855 INFO     [psi4.optking.optimize:334] 	Final structure (Angstroms): 
	Fragment 1 (Ang)

	   Be   0.0000000000   0.0000000000   1.4787585959
	    S   0.0000000000   0.0000000000  -0.4169840943


2025-12-23:10:47:08,856 INFO     [psi4.optking.optimize:562] 	Optimization Finished

	==> Optimization Summary <==

        
	Measures of convergence in internal coordinates in au. (Any backward steps not shown.)
        
	---------------------------------------------------------------------------------------------------------------  ~
        
	 Step         Total Energy             Delta E       MAX Force       RMS Force        MAX Disp        RMS Disp   ~
        
	---------------------------------------------------------------------------------------------------------------  ~
        
	     1    -412.430955814629   -412.430955814629      1.01653928      1.01653928      0.23018368      0.23018368  ~
	     2    -412.614939415827     -0.183983601199      0.61075715      0.61075715      0.27067461      0.27067461  ~
	     3    -412.736750272598     -0.121810856771      0.31586409      0.31586409      0.26895176      0.26895176  ~
	     4    -412.796989877675     -0.060239605076      0.14784031      0.14784031      0.22469667      0.22469667  ~
	     5    -412.820181001672     -0.023191123998      0.06523633      0.06523633      0.12643841      0.12643841  ~
	     6    -412.826348381040     -0.006167379367      0.03377849      0.03377849      0.10288511      0.10288511  ~
	     7    -412.828766836690     -0.002418455650      0.01400396      0.01400396      0.04739964      0.04739964  ~
	     8    -412.829245680836     -0.000478844146      0.00634356      0.00634356      0.02978045      0.02978045  ~
	     9    -412.829368294336     -0.000122613500      0.00194371      0.00194371      0.00941187      0.00941187  ~
	    10    -412.829380304877     -0.000012010541      0.00061566      0.00061566      0.00351757      0.00351757  ~
	    11    -412.829381607136     -0.000001302260      0.00012680      0.00012680      0.00082338      0.00082338  ~
	----------------------------------------------------------------------------------------------------------------


2025-12-23:10:47:08,856 INFO     [psi4.optking.optimize:806] Preparing OptimizationResult
