2025-12-23:11:09:43,597 WARNING  [psi4.optking:38] Some dependencies such as QCElemental have not yet finished migration to pydantic v2. If issues are encountered please downgrade pydantic or upgrade QCElemental as appropriate
2025-12-23:11:09:43,756 INFO     [psi4.optking.optwrapper:234] Creating a UserComputer
2025-12-23:11:09:43,756 INFO     [psi4.optking.optwrapper:242] 
    			-----------------------------------------

    			 OPTKING 3.0: for geometry optimizations 

    			     By R.A. King, Bethel University     

    			        with contributions from          

    			    A.V. Copan, J. Cayton, A. Heide      

    			-----------------------------------------

    
2025-12-23:11:09:43,756 INFO     [psi4.optking.optwrapper:272] 
		 -- Optimization Parameters --
	GEOM_MAXITER                   =             500
	ALG_GEOM_MAXITER               =              50
	PRINT                          =               1
	OPT_TYPE                       =             MIN
	STEP_TYPE                      =             RFO
	PROGRAM                        =            PSI4
	STEEPEST_DESCENT_TYPE          =         OVERLAP
	CONJUGATE_GRADIENT_TYPE        =        FLETCHER
	OPT_COORDINATES                =        INTERNAL
	RFO_FOLLOW_ROOT                =           False
	RFO_ROOT                       =               0
	ACCEPT_SYMMETRY_BREAKING       =           False
	DYNAMIC_LVL                    =               0
	DYNAMIC_LVL_MAX                =               0
	IRC_STEP_SIZE                  =             0.2
	IRC_DIRECTION                  =         FORWARD
	IRC_POINTS                     =              20
	IRC_MODE                       =          NORMAL
	IRC_CONVERGENCE                =            -0.7
	INTRAFRAG_STEP_LIMIT           =             0.5
	INTRAFRAG_STEP_LIMIT_MIN       =           0.001
	INTRAFRAG_STEP_LIMIT_MAX       =             1.0
	INTERFRAG_STEP_LIMIT           =             0.5
	INTERFRAG_STEP_LIMIT_MIN       =           0.001
	INTERFRAG_STEP_LIMIT_MAX       =             1.0
	ENSURE_BT_CONVERGENCE          =           False
	SIMPLE_STEP_SCALING            =           False
	CONSECUTIVE_BACKSTEPS          =               0
	RFO_NORMALIZATION_MAX          =             100
	RSRFO_ALPHA_MAX                =     100000000.0
	PRINT_TRAJECTORY_XYZ_FILE      =           False
	WRITE_TRAJECTORY               =           False
	FROZEN_DISTANCE                =                
	FROZEN_BEND                    =                
	FROZEN_DIHEDRAL                =                
	FROZEN_OOFP                    =                
	FROZEN_CARTESIAN               =                
	FREEZE_ALL_DIHEDRALS           =           False
	UNFREEZE_DIHEDRALS             =                
	RANGED_DISTANCE                =                
	RANGED_BEND                    =                
	RANGED_DIHEDRAL                =                
	RANGED_OOFP                    =                
	RANGED_CARTESIAN               =                
	EXT_FORCE_DISTANCE             =                
	EXT_FORCE_BEND                 =                
	EXT_FORCE_DIHEDRAL             =                
	EXT_FORCE_OOFP                 =                
	EXT_FORCE_CARTESIAN            =                
	G_CONVERGENCE                  =           QCHEM
	MAX_FORCE_G_CONVERGENCE        =          0.0003
	RMS_FORCE_G_CONVERGENCE        =          0.0003
	MAX_ENERGY_G_CONVERGENCE       =           1e-06
	MAX_DISP_G_CONVERGENCE         =          0.0012
	RMS_DISP_G_CONVERGENCE         =          0.0012
	FLEXIBLE_G_CONVERGENCE         =           False
	HESS_UPDATE                    =            BFGS
	HESS_UPDATE_USE_LAST           =               4
	HESS_UPDATE_LIMIT              =            True
	HESS_UPDATE_LIMIT_MAX          =             1.0
	HESS_UPDATE_LIMIT_SCALE        =             0.5
	HESS_UPDATE_DEN_TOL            =           1e-07
	HESS_UPDATE_DQ_TOL             =             0.5
	CART_HESS_READ                 =           False
	HESSIAN_FILE                   =               .
	FULL_HESS_EVERY                =              -1
	INTRAFRAG_HESS                 =        SCHLEGEL
	H_GUESS_EVERY                  =           False
	BT_MAX_ITER                    =              25
	BT_DX_CONV                     =           1e-07
	BT_DX_RMS_CHANGE_CONV          =           1e-12
	BT_PINV_RCOND                  =           1e-06
	FRAG_MODE                      =          SINGLE
	FRAG_REF_ATOMS                 =              []
	FREEZE_INTRAFRAG               =           False
	INTERFRAG_MODE                 =           FIXED
	ADD_AUXILIARY_BONDS            =           False
	AUXILIARY_BOND_FACTOR          =             2.5
	INTERFRAG_DIST_INV             =           False
	INTERFRAG_COLLINEAR_TOL        =            0.01
	INTERFRAG_COORDS               =              []
	INTERFRAG_HESS                 =         DEFAULT
	COVALENT_CONNECT               =             1.3
	INTERFRAGMENT_CONNECT          =             1.8
	H_BOND_CONNECT                 =             4.3
	INCLUDE_OOFP                   =           False
	TEST_B                         =           False
	TEST_DERIVATIVE_B              =           False
	LINESEARCH_STEP                =             0.1
	LINESEARCH                     =           False
	SD_HESSIAN                     =             1.0
	FIX_VAL_NEAR_PI                =            1.57
	V3D_TORS_ANGLE_LIM             =           0.017
	V3D_TORS_COS_TOL               =           1e-10
	LINEAR_BEND_THRESHOLD          =            3.05
	SMALL_BEND_FIX_THRESHOLD       =            0.35
	REDUNDANT_EVAL_TOL             =           1e-10
	LINEAR_ALGEBRA_TOL             =           1e-10


2025-12-23:11:09:43,890 INFO     [psi4.optking.opt_helper:164] Molsys:

	                            ===> Fragment 1 <== 

	 Z (Atomic Numbers)          Masses                          Geom                  
	      10.000000            19.992440         -0.00000000  1.13383568  0.00000000   
	      10.000000            19.992440          0.00000000 -1.13383568  0.00000000   

	 - Coordinate -           - BOHR/RAD -       - ANG/DEG -
	 R(1,2)           =         2.267671           1.200000

2025-12-23:11:09:43,900 INFO     [psi4.driver.task_planner:259] PLANNING Atomic:  keywords={'DAMPING_PERCENTAGE': 1.0, 'GEOM_MAXITER': 500, 'GUESS': 'SAP', 'MAXITER': 500, 'REFERENCE': 'UKS', 'function_kwargs': {}}
2025-12-23:11:09:43,901 INFO     [psi4.driver.driver:638] Compute gradient(): method=b3lyp, basis=cc-pvdz, molecule=default, nre=44.09810088916667
2025-12-23:11:09:44,241 INFO     [psi4.driver.driver:641] Return gradient(): -255.91119406766734
2025-12-23:11:09:44,241 INFO     [psi4.driver.driver:642] [[ 0.00000000 -0.90359300 -0.00000000]
 [-0.00000000  0.90359300  0.00000000]]
2025-12-23:11:09:44,243 INFO     [psi4.optking.molsys:944] Projected (PHP) Hessian matrix
	   1.048231

2025-12-23:11:09:44,243 INFO     [psi4.optking.opt_helper:182] 
	         Geometry (au)                                       Gradient (au)
  -0.0000000000   1.1338356753   0.0000000000		   0.0000000000  -0.9035929974  -0.0000000000
   0.0000000000  -1.1338356753   0.0000000000		  -0.0000000000   0.9035929974   0.0000000000

2025-12-23:11:09:44,243 INFO     [psi4.optking.stepAlgorithms:929] 	Using RFO solution 1.
2025-12-23:11:09:44,244 INFO     [psi4.optking.displace:100] 	Determining Cartesian step for fragment 1.
2025-12-23:11:09:44,244 INFO     [psi4.optking.displace:415] 	Successfully converged to displaced geometry.
2025-12-23:11:09:44,244 INFO     [psi4.optking.displace:416] 	RMS(dx):  0.000e+00 	Max(dx):  0.000e+00 	RMS(dq):  0.000e+00
2025-12-23:11:09:44,244 INFO     [psi4.optking.displace:172] 

	        --- Internal Coordinate Step in ANG or DEG, aJ/ANG or AJ/DEG ---
	-------------------------------------------------------------------------------
	           Coordinate      Previous         Force          Change          New 
	           ----------      --------        ------          ------        ------
	               R(1,2)       1.20000        7.44445        0.26459       1.46459
	-------------------------------------------------------------------------------

2025-12-23:11:09:44,244 INFO     [psi4.optking.stepAlgorithms:113] 	|target step| :    0.5000012493
2025-12-23:11:09:44,244 INFO     [psi4.optking.stepAlgorithms:114] 	gradient     :   -0.9035929974
2025-12-23:11:09:44,244 INFO     [psi4.optking.stepAlgorithms:115] 	hessian      :    1.0482306732
2025-12-23:11:09:44,244 INFO     [psi4.optking.stepAlgorithms:113] 	|target step| :    0.5000012493
2025-12-23:11:09:44,244 INFO     [psi4.optking.stepAlgorithms:114] 	gradient     :   -0.9035929974
2025-12-23:11:09:44,244 INFO     [psi4.optking.stepAlgorithms:115] 	hessian      :    1.0482306732
2025-12-23:11:09:44,244 INFO     [psi4.optking.stepAlgorithms:206] 	Norm of achieved step-size    0.5000012493
2025-12-23:11:09:44,244 INFO     [psi4.optking.stepAlgorithms:208] 	Norm of achieved step-size (cart):    0.3535542740
2025-12-23:11:09:44,244 INFO     [psi4.optking.opt_helper:164] Molsys:

	                            ===> Fragment 1 <== 

	 Z (Atomic Numbers)          Masses                          Geom                  
	      10.000000            19.992440         -0.00000000  1.38383630  0.00000000   
	      10.000000            19.992440          0.00000000 -1.38383630  0.00000000   

	 - Coordinate -           - BOHR/RAD -       - ANG/DEG -
	 R(1,2)           =         2.767673           1.464589

2025-12-23:11:09:44,244 INFO     [psi4.optking.convcheck:76] Performing convergence check.
2025-12-23:11:09:44,244 INFO     [psi4.optking.convcheck:282] 
	                                 ==> Convergence Check <==                                  
    
	Measures of convergence in internal coordinates in au.
    
	Criteria marked as inactive (o), active & met (*), and active & unmet ( ).

	----------------------------------------------------------------------------------------------~
	   Step    Total Energy     Delta E     Max Force     RMS Force      Max Disp      RMS Disp   ~
	----------------------------------------------------------------------------------------------~
	  Convergence Criteria     1.00e-06 *    3.00e-04 *             o    1.20e-03 *             o~
	----------------------------------------------------------------------------------------------~
	     1    -255.91119407   -2.56e+02      9.04e-01      9.04e-01 o    5.00e-01      5.00e-01 o  ~
	----------------------------------------------------------------------------------------------


2025-12-23:11:09:44,244 INFO     [psi4.optking.stepAlgorithms:296] 	Convergence check returned False
2025-12-23:11:09:44,255 INFO     [psi4.driver.task_planner:259] PLANNING Atomic:  keywords={'DAMPING_PERCENTAGE': 1.0, 'GEOM_MAXITER': 500, 'SCF__GUESS': 'READ', 'GUESS': 'SAP', 'MAXITER': 500, 'REFERENCE': 'UKS', 'function_kwargs': {}}
2025-12-23:11:09:44,257 INFO     [psi4.driver.driver:638] Compute gradient(): method=b3lyp, basis=cc-pvdz, molecule=default, nre=36.131441271807766
2025-12-23:11:09:44,584 INFO     [psi4.driver.driver:641] Return gradient(): -256.1526131678729
2025-12-23:11:09:44,584 INFO     [psi4.driver.driver:642] [[ 0.00000000 -0.18947325 -0.00000000]
 [-0.00000000  0.18947325 -0.00000000]]
2025-12-23:11:09:44,586 INFO     [psi4.optking.history:269] 	Performing BFGS update.
2025-12-23:11:09:44,586 INFO     [psi4.optking.history:280] 	Using 1 previous steps for update.
2025-12-23:11:09:44,586 INFO     [psi4.optking.history:317] 	Steps to be used in Hessian update:  1

2025-12-23:11:09:44,586 INFO     [psi4.optking.history:418] 	Updated Hessian (in au) 
 	   1.428236

2025-12-23:11:09:44,586 INFO     [psi4.optking.molsys:944] Projected (PHP) Hessian matrix
	   1.428236

2025-12-23:11:09:44,586 INFO     [psi4.optking.opt_helper:182] 
	         Geometry (au)                                       Gradient (au)
  -0.0000000000   1.3838362999   0.0000000000		   0.0000000000  -0.1894732472  -0.0000000000
   0.0000000000  -1.3838362999   0.0000000000		  -0.0000000000   0.1894732472  -0.0000000000

2025-12-23:11:09:44,586 INFO     [psi4.optking.stepAlgorithms:368] 	Current Step Report 
 
	Current energy:      -256.1526131679
	Energy change for the previous step:
		Actual       :        -0.2414191002
		Projected    :        -0.2566142544

2025-12-23:11:09:44,586 INFO     [psi4.optking.stepAlgorithms:371] 	Energy ratio =    0.94079
2025-12-23:11:09:44,586 INFO     [psi4.optking.stepAlgorithms:399] 	Energy ratio indicates good step.
2025-12-23:11:09:44,586 INFO     [psi4.optking.stepAlgorithms:400] 	Intrafrag trust radius increased to      1.
2025-12-23:11:09:44,586 INFO     [psi4.optking.stepAlgorithms:929] 	Using RFO solution 1.
2025-12-23:11:09:44,587 INFO     [psi4.optking.displace:100] 	Determining Cartesian step for fragment 1.
2025-12-23:11:09:44,587 INFO     [psi4.optking.displace:415] 	Successfully converged to displaced geometry.
2025-12-23:11:09:44,587 INFO     [psi4.optking.displace:416] 	RMS(dx):  0.000e+00 	Max(dx):  0.000e+00 	RMS(dq):  0.000e+00
2025-12-23:11:09:44,587 INFO     [psi4.optking.displace:172] 

	        --- Internal Coordinate Step in ANG or DEG, aJ/ANG or AJ/DEG ---
	-------------------------------------------------------------------------------
	           Coordinate      Previous         Force          Change          New 
	           ----------      --------        ------          ------        ------
	               R(1,2)       1.46459        1.56102        0.06901       1.53360
	-------------------------------------------------------------------------------

2025-12-23:11:09:44,587 INFO     [psi4.optking.stepAlgorithms:113] 	|target step| :    0.1304063941
2025-12-23:11:09:44,587 INFO     [psi4.optking.stepAlgorithms:114] 	gradient     :   -0.1894732472
2025-12-23:11:09:44,587 INFO     [psi4.optking.stepAlgorithms:115] 	hessian      :    1.4282359319
2025-12-23:11:09:44,587 INFO     [psi4.optking.stepAlgorithms:113] 	|target step| :    0.1304063941
2025-12-23:11:09:44,587 INFO     [psi4.optking.stepAlgorithms:114] 	gradient     :   -0.1894732472
2025-12-23:11:09:44,587 INFO     [psi4.optking.stepAlgorithms:115] 	hessian      :    1.4282359319
2025-12-23:11:09:44,587 INFO     [psi4.optking.stepAlgorithms:206] 	Norm of achieved step-size    0.1304063941
2025-12-23:11:09:44,587 INFO     [psi4.optking.stepAlgorithms:208] 	Norm of achieved step-size (cart):    0.0922112456
2025-12-23:11:09:44,587 INFO     [psi4.optking.opt_helper:164] Molsys:

	                            ===> Fragment 1 <== 

	 Z (Atomic Numbers)          Masses                          Geom                  
	      10.000000            19.992440         -0.00000000  1.44903950  0.00000000   
	      10.000000            19.992440          0.00000000 -1.44903950  0.00000000   

	 - Coordinate -           - BOHR/RAD -       - ANG/DEG -
	 R(1,2)           =         2.898079           1.533597

2025-12-23:11:09:44,587 INFO     [psi4.optking.convcheck:76] Performing convergence check.
2025-12-23:11:09:44,587 INFO     [psi4.optking.convcheck:282] 
	                                 ==> Convergence Check <==                                  
    
	Measures of convergence in internal coordinates in au.
    
	Criteria marked as inactive (o), active & met (*), and active & unmet ( ).

	----------------------------------------------------------------------------------------------
	   Step    Total Energy     Delta E     Max Force     RMS Force      Max Disp      RMS Disp   
	----------------------------------------------------------------------------------------------
	  Convergence Criteria     1.00e-06 *    3.00e-04 *             o    1.20e-03 *             o
	----------------------------------------------------------------------------------------------
	     2    -256.15261317   -2.41e-01      1.89e-01      1.89e-01 o    1.30e-01      1.30e-01 o  ~
	----------------------------------------------------------------------------------------------


2025-12-23:11:09:44,587 INFO     [psi4.optking.stepAlgorithms:296] 	Convergence check returned False
2025-12-23:11:09:44,598 INFO     [psi4.driver.task_planner:259] PLANNING Atomic:  keywords={'DAMPING_PERCENTAGE': 1.0, 'GEOM_MAXITER': 500, 'SCF__GUESS': 'READ', 'GUESS': 'SAP', 'MAXITER': 500, 'REFERENCE': 'UKS', 'function_kwargs': {}}
2025-12-23:11:09:44,599 INFO     [psi4.driver.driver:638] Compute gradient(): method=b3lyp, basis=cc-pvdz, molecule=default, nre=34.50561568856223
2025-12-23:11:09:44,930 INFO     [psi4.driver.driver:641] Return gradient(): -256.1712116968515
2025-12-23:11:09:44,930 INFO     [psi4.driver.driver:642] [[ 0.00000000 -0.10019202 -0.00000000]
 [-0.00000000  0.10019202  0.00000000]]
2025-12-23:11:09:44,932 INFO     [psi4.optking.history:269] 	Performing BFGS update.
2025-12-23:11:09:44,932 INFO     [psi4.optking.history:280] 	Using 2 previous steps for update.
2025-12-23:11:09:44,932 WARNING  [psi4.optking.history:301] 	Change in internal coordinate of 6.30e-01 exceeds limit of 5.00e-01.
2025-12-23:11:09:44,932 WARNING  [psi4.optking.history:306] 	Skipping Hessian update for step 1.
2025-12-23:11:09:44,932 INFO     [psi4.optking.history:317] 	Steps to be used in Hessian update:  2

2025-12-23:11:09:44,932 INFO     [psi4.optking.history:418] 	Updated Hessian (in au) 
 	   0.684638

2025-12-23:11:09:44,932 INFO     [psi4.optking.molsys:944] Projected (PHP) Hessian matrix
	   0.684638

2025-12-23:11:09:44,932 INFO     [psi4.optking.opt_helper:182] 
	         Geometry (au)                                       Gradient (au)
  -0.0000000000   1.4490394970   0.0000000000		   0.0000000000  -0.1001920241  -0.0000000000
   0.0000000000  -1.4490394970   0.0000000000		  -0.0000000000   0.1001920241   0.0000000000

2025-12-23:11:09:44,932 INFO     [psi4.optking.stepAlgorithms:368] 	Current Step Report 
 
	Current energy:      -256.1712116969
	Energy change for the previous step:
		Actual       :        -0.0185985290
		Projected    :        -0.0123542615

2025-12-23:11:09:44,932 INFO     [psi4.optking.stepAlgorithms:371] 	Energy ratio =    1.50543
2025-12-23:11:09:44,932 INFO     [psi4.optking.stepAlgorithms:929] 	Using RFO solution 1.
2025-12-23:11:09:44,932 INFO     [psi4.optking.displace:100] 	Determining Cartesian step for fragment 1.
2025-12-23:11:09:44,932 INFO     [psi4.optking.displace:415] 	Successfully converged to displaced geometry.
2025-12-23:11:09:44,932 INFO     [psi4.optking.displace:416] 	RMS(dx):  0.000e+00 	Max(dx):  0.000e+00 	RMS(dq):  0.000e+00
2025-12-23:11:09:44,933 INFO     [psi4.optking.displace:172] 

	        --- Internal Coordinate Step in ANG or DEG, aJ/ANG or AJ/DEG ---
	-------------------------------------------------------------------------------
	           Coordinate      Previous         Force          Change          New 
	           ----------      --------        ------          ------        ------
	               R(1,2)       1.53360        0.82545        0.07585       1.60945
	-------------------------------------------------------------------------------

2025-12-23:11:09:44,933 INFO     [psi4.optking.stepAlgorithms:113] 	|target step| :    0.1433363229
2025-12-23:11:09:44,933 INFO     [psi4.optking.stepAlgorithms:114] 	gradient     :   -0.1001920241
2025-12-23:11:09:44,933 INFO     [psi4.optking.stepAlgorithms:115] 	hessian      :    0.6846383856
2025-12-23:11:09:44,933 INFO     [psi4.optking.stepAlgorithms:113] 	|target step| :    0.1433363229
2025-12-23:11:09:44,933 INFO     [psi4.optking.stepAlgorithms:114] 	gradient     :   -0.1001920241
2025-12-23:11:09:44,933 INFO     [psi4.optking.stepAlgorithms:115] 	hessian      :    0.6846383856
2025-12-23:11:09:44,933 INFO     [psi4.optking.stepAlgorithms:206] 	Norm of achieved step-size    0.1433363229
2025-12-23:11:09:44,933 INFO     [psi4.optking.stepAlgorithms:208] 	Norm of achieved step-size (cart):    0.1013540859
2025-12-23:11:09:44,933 INFO     [psi4.optking.opt_helper:164] Molsys:

	                            ===> Fragment 1 <== 

	 Z (Atomic Numbers)          Masses                          Geom                  
	      10.000000            19.992440         -0.00000000  1.52070766  0.00000000   
	      10.000000            19.992440          0.00000000 -1.52070766  0.00000000   

	 - Coordinate -           - BOHR/RAD -       - ANG/DEG -
	 R(1,2)           =         3.041415           1.609448

2025-12-23:11:09:44,933 INFO     [psi4.optking.convcheck:76] Performing convergence check.
2025-12-23:11:09:44,933 INFO     [psi4.optking.convcheck:282] 
	                                 ==> Convergence Check <==                                  
    
	Measures of convergence in internal coordinates in au.
    
	Criteria marked as inactive (o), active & met (*), and active & unmet ( ).

	----------------------------------------------------------------------------------------------
	   Step    Total Energy     Delta E     Max Force     RMS Force      Max Disp      RMS Disp   
	----------------------------------------------------------------------------------------------
	  Convergence Criteria     1.00e-06 *    3.00e-04 *             o    1.20e-03 *             o
	----------------------------------------------------------------------------------------------
	     3    -256.17121170   -1.86e-02      1.00e-01      1.00e-01 o    1.43e-01      1.43e-01 o  ~
	----------------------------------------------------------------------------------------------


2025-12-23:11:09:44,933 INFO     [psi4.optking.stepAlgorithms:296] 	Convergence check returned False
2025-12-23:11:09:44,943 INFO     [psi4.driver.task_planner:259] PLANNING Atomic:  keywords={'DAMPING_PERCENTAGE': 1.0, 'GEOM_MAXITER': 500, 'SCF__GUESS': 'READ', 'GUESS': 'SAP', 'MAXITER': 500, 'REFERENCE': 'UKS', 'function_kwargs': {}}
2025-12-23:11:09:44,944 INFO     [psi4.driver.driver:638] Compute gradient(): method=b3lyp, basis=cc-pvdz, molecule=default, nre=32.879429338338866
2025-12-23:11:09:45,204 INFO     [psi4.driver.driver:641] Return gradient(): -256.1801471579352
2025-12-23:11:09:45,204 INFO     [psi4.driver.driver:642] [[ 0.00000000 -0.02859785  0.00000000]
 [-0.00000000  0.02859785 -0.00000000]]
2025-12-23:11:09:45,205 INFO     [psi4.optking.history:269] 	Performing BFGS update.
2025-12-23:11:09:45,205 INFO     [psi4.optking.history:280] 	Using 3 previous steps for update.
2025-12-23:11:09:45,206 WARNING  [psi4.optking.history:301] 	Change in internal coordinate of 7.74e-01 exceeds limit of 5.00e-01.
2025-12-23:11:09:45,206 WARNING  [psi4.optking.history:306] 	Skipping Hessian update for step 1.
2025-12-23:11:09:45,206 INFO     [psi4.optking.history:317] 	Steps to be used in Hessian update:  3 2

2025-12-23:11:09:45,206 INFO     [psi4.optking.history:418] 	Updated Hessian (in au) 
 	   0.587688

2025-12-23:11:09:45,206 INFO     [psi4.optking.molsys:944] Projected (PHP) Hessian matrix
	   0.587688

2025-12-23:11:09:45,206 INFO     [psi4.optking.opt_helper:182] 
	         Geometry (au)                                       Gradient (au)
  -0.0000000000   1.5207076584   0.0000000000		   0.0000000000  -0.0285978495   0.0000000000
   0.0000000000  -1.5207076584   0.0000000000		  -0.0000000000   0.0285978495  -0.0000000000

2025-12-23:11:09:45,206 INFO     [psi4.optking.stepAlgorithms:368] 	Current Step Report 
 
	Current energy:      -256.1801471579
	Energy change for the previous step:
		Actual       :        -0.0089354611
		Projected    :        -0.0071805782

2025-12-23:11:09:45,206 INFO     [psi4.optking.stepAlgorithms:371] 	Energy ratio =    1.24439
2025-12-23:11:09:45,206 INFO     [psi4.optking.stepAlgorithms:929] 	Using RFO solution 1.
2025-12-23:11:09:45,206 INFO     [psi4.optking.displace:100] 	Determining Cartesian step for fragment 1.
2025-12-23:11:09:45,206 INFO     [psi4.optking.displace:415] 	Successfully converged to displaced geometry.
2025-12-23:11:09:45,206 INFO     [psi4.optking.displace:416] 	RMS(dx):  0.000e+00 	Max(dx):  0.000e+00 	RMS(dq):  0.000e+00
2025-12-23:11:09:45,206 INFO     [psi4.optking.displace:172] 

	        --- Internal Coordinate Step in ANG or DEG, aJ/ANG or AJ/DEG ---
	-------------------------------------------------------------------------------
	           Coordinate      Previous         Force          Change          New 
	           ----------      --------        ------          ------        ------
	               R(1,2)       1.60945        0.23561        0.02569       1.63514
	-------------------------------------------------------------------------------

2025-12-23:11:09:45,207 INFO     [psi4.optking.stepAlgorithms:113] 	|target step| :    0.0485469065
2025-12-23:11:09:45,207 INFO     [psi4.optking.stepAlgorithms:114] 	gradient     :   -0.0285978495
2025-12-23:11:09:45,207 INFO     [psi4.optking.stepAlgorithms:115] 	hessian      :    0.5876883209
2025-12-23:11:09:45,207 INFO     [psi4.optking.stepAlgorithms:113] 	|target step| :    0.0485469065
2025-12-23:11:09:45,207 INFO     [psi4.optking.stepAlgorithms:114] 	gradient     :   -0.0285978495
2025-12-23:11:09:45,207 INFO     [psi4.optking.stepAlgorithms:115] 	hessian      :    0.5876883209
2025-12-23:11:09:45,207 INFO     [psi4.optking.stepAlgorithms:206] 	Norm of achieved step-size    0.0485469065
2025-12-23:11:09:45,207 INFO     [psi4.optking.stepAlgorithms:208] 	Norm of achieved step-size (cart):    0.0343278468
2025-12-23:11:09:45,207 INFO     [psi4.optking.opt_helper:164] Molsys:

	                            ===> Fragment 1 <== 

	 Z (Atomic Numbers)          Masses                          Geom                  
	      10.000000            19.992440         -0.00000000  1.54498111  0.00000000   
	      10.000000            19.992440          0.00000000 -1.54498111  0.00000000   

	 - Coordinate -           - BOHR/RAD -       - ANG/DEG -
	 R(1,2)           =         3.089962           1.635138

2025-12-23:11:09:45,207 INFO     [psi4.optking.convcheck:76] Performing convergence check.
2025-12-23:11:09:45,207 INFO     [psi4.optking.convcheck:282] 
	                                 ==> Convergence Check <==                                  
    
	Measures of convergence in internal coordinates in au.
    
	Criteria marked as inactive (o), active & met (*), and active & unmet ( ).

	----------------------------------------------------------------------------------------------
	   Step    Total Energy     Delta E     Max Force     RMS Force      Max Disp      RMS Disp   
	----------------------------------------------------------------------------------------------
	  Convergence Criteria     1.00e-06 *    3.00e-04 *             o    1.20e-03 *             o
	----------------------------------------------------------------------------------------------
	     4    -256.18014716   -8.94e-03      2.86e-02      2.86e-02 o    4.85e-02      4.85e-02 o  ~
	----------------------------------------------------------------------------------------------


2025-12-23:11:09:45,207 INFO     [psi4.optking.stepAlgorithms:296] 	Convergence check returned False
2025-12-23:11:09:45,218 INFO     [psi4.driver.task_planner:259] PLANNING Atomic:  keywords={'DAMPING_PERCENTAGE': 1.0, 'GEOM_MAXITER': 500, 'SCF__GUESS': 'READ', 'GUESS': 'SAP', 'MAXITER': 500, 'REFERENCE': 'UKS', 'function_kwargs': {}}
2025-12-23:11:09:45,219 INFO     [psi4.driver.driver:638] Compute gradient(): method=b3lyp, basis=cc-pvdz, molecule=default, nre=32.36285519690326
2025-12-23:11:09:45,536 INFO     [psi4.driver.driver:641] Return gradient(): -256.18106147632403
2025-12-23:11:09:45,536 INFO     [psi4.driver.driver:642] [[ 0.00000000 -0.00948106 -0.00000000]
 [-0.00000000  0.00948106 -0.00000000]]
2025-12-23:11:09:45,538 INFO     [psi4.optking.history:269] 	Performing BFGS update.
2025-12-23:11:09:45,538 INFO     [psi4.optking.history:280] 	Using 4 previous steps for update.
2025-12-23:11:09:45,538 WARNING  [psi4.optking.history:301] 	Change in internal coordinate of 8.22e-01 exceeds limit of 5.00e-01.
2025-12-23:11:09:45,538 WARNING  [psi4.optking.history:306] 	Skipping Hessian update for step 1.
2025-12-23:11:09:45,538 INFO     [psi4.optking.history:317] 	Steps to be used in Hessian update:  4 3 2

2025-12-23:11:09:45,538 INFO     [psi4.optking.history:418] 	Updated Hessian (in au) 
 	   0.558480

2025-12-23:11:09:45,538 INFO     [psi4.optking.molsys:944] Projected (PHP) Hessian matrix
	   0.558480

2025-12-23:11:09:45,538 INFO     [psi4.optking.opt_helper:182] 
	         Geometry (au)                                       Gradient (au)
  -0.0000000000   1.5449811117   0.0000000000		   0.0000000000  -0.0094810614  -0.0000000000
   0.0000000000  -1.5449811117   0.0000000000		  -0.0000000000   0.0094810614  -0.0000000000

2025-12-23:11:09:45,538 INFO     [psi4.optking.stepAlgorithms:368] 	Current Step Report 
 
	Current energy:      -256.1810614763
	Energy change for the previous step:
		Actual       :        -0.0009143184
		Projected    :        -0.0006941686

2025-12-23:11:09:45,538 INFO     [psi4.optking.stepAlgorithms:371] 	Energy ratio =    1.31714
2025-12-23:11:09:45,539 INFO     [psi4.optking.stepAlgorithms:929] 	Using RFO solution 1.
2025-12-23:11:09:45,539 INFO     [psi4.optking.displace:100] 	Determining Cartesian step for fragment 1.
2025-12-23:11:09:45,539 INFO     [psi4.optking.displace:415] 	Successfully converged to displaced geometry.
2025-12-23:11:09:45,539 INFO     [psi4.optking.displace:416] 	RMS(dx):  0.000e+00 	Max(dx):  0.000e+00 	RMS(dq):  0.000e+00
2025-12-23:11:09:45,539 INFO     [psi4.optking.displace:172] 

	        --- Internal Coordinate Step in ANG or DEG, aJ/ANG or AJ/DEG ---
	-------------------------------------------------------------------------------
	           Coordinate      Previous         Force          Change          New 
	           ----------      --------        ------          ------        ------
	               R(1,2)       1.63514        0.07811        0.00898       1.64412
	-------------------------------------------------------------------------------

2025-12-23:11:09:45,539 INFO     [psi4.optking.stepAlgorithms:113] 	|target step| :    0.0169716677
2025-12-23:11:09:45,539 INFO     [psi4.optking.stepAlgorithms:114] 	gradient     :   -0.0094810614
2025-12-23:11:09:45,539 INFO     [psi4.optking.stepAlgorithms:115] 	hessian      :    0.5584796178
2025-12-23:11:09:45,539 INFO     [psi4.optking.stepAlgorithms:113] 	|target step| :    0.0169716677
2025-12-23:11:09:45,539 INFO     [psi4.optking.stepAlgorithms:114] 	gradient     :   -0.0094810614
2025-12-23:11:09:45,539 INFO     [psi4.optking.stepAlgorithms:115] 	hessian      :    0.5584796178
2025-12-23:11:09:45,539 INFO     [psi4.optking.stepAlgorithms:206] 	Norm of achieved step-size    0.0169716677
2025-12-23:11:09:45,539 INFO     [psi4.optking.stepAlgorithms:208] 	Norm of achieved step-size (cart):    0.0120007813
2025-12-23:11:09:45,539 INFO     [psi4.optking.opt_helper:164] Molsys:

	                            ===> Fragment 1 <== 

	 Z (Atomic Numbers)          Masses                          Geom                  
	      10.000000            19.992440         -0.00000000  1.55346695  0.00000000   
	      10.000000            19.992440          0.00000000 -1.55346695  0.00000000   

	 - Coordinate -           - BOHR/RAD -       - ANG/DEG -
	 R(1,2)           =         3.106934           1.644119

2025-12-23:11:09:45,539 INFO     [psi4.optking.convcheck:76] Performing convergence check.
2025-12-23:11:09:45,539 INFO     [psi4.optking.convcheck:282] 
	                                 ==> Convergence Check <==                                  
    
	Measures of convergence in internal coordinates in au.
    
	Criteria marked as inactive (o), active & met (*), and active & unmet ( ).

	----------------------------------------------------------------------------------------------
	   Step    Total Energy     Delta E     Max Force     RMS Force      Max Disp      RMS Disp   
	----------------------------------------------------------------------------------------------
	  Convergence Criteria     1.00e-06 *    3.00e-04 *             o    1.20e-03 *             o
	----------------------------------------------------------------------------------------------
	     5    -256.18106148   -9.14e-04      9.48e-03      9.48e-03 o    1.70e-02      1.70e-02 o  ~
	----------------------------------------------------------------------------------------------


2025-12-23:11:09:45,539 INFO     [psi4.optking.stepAlgorithms:296] 	Convergence check returned False
2025-12-23:11:09:45,550 INFO     [psi4.driver.task_planner:259] PLANNING Atomic:  keywords={'DAMPING_PERCENTAGE': 1.0, 'GEOM_MAXITER': 500, 'SCF__GUESS': 'READ', 'GUESS': 'SAP', 'MAXITER': 500, 'REFERENCE': 'UKS', 'function_kwargs': {}}
2025-12-23:11:09:45,551 INFO     [psi4.driver.driver:638] Compute gradient(): method=b3lyp, basis=cc-pvdz, molecule=default, nre=32.18607266963943
2025-12-23:11:09:45,845 INFO     [psi4.driver.driver:641] Return gradient(): -256.18116976318373
2025-12-23:11:09:45,845 INFO     [psi4.driver.driver:642] [[ 0.00000000 -0.00333379 -0.00000000]
 [-0.00000000  0.00333379 -0.00000000]]
2025-12-23:11:09:45,847 INFO     [psi4.optking.history:269] 	Performing BFGS update.
2025-12-23:11:09:45,847 INFO     [psi4.optking.history:280] 	Using 4 previous steps for update.
2025-12-23:11:09:45,847 INFO     [psi4.optking.history:317] 	Steps to be used in Hessian update:  5 4 3 2

2025-12-23:11:09:45,847 INFO     [psi4.optking.history:418] 	Updated Hessian (in au) 
 	   0.548661

2025-12-23:11:09:45,847 INFO     [psi4.optking.molsys:944] Projected (PHP) Hessian matrix
	   0.548661

2025-12-23:11:09:45,847 INFO     [psi4.optking.opt_helper:182] 
	         Geometry (au)                                       Gradient (au)
  -0.0000000000   1.5534669456   0.0000000000		   0.0000000000  -0.0033337876  -0.0000000000
   0.0000000000  -1.5534669456   0.0000000000		  -0.0000000000   0.0033337876  -0.0000000000

2025-12-23:11:09:45,847 INFO     [psi4.optking.stepAlgorithms:368] 	Current Step Report 
 
	Current energy:      -256.1811697632
	Energy change for the previous step:
		Actual       :        -0.0001082869
		Projected    :        -0.0000804547

2025-12-23:11:09:45,847 INFO     [psi4.optking.stepAlgorithms:371] 	Energy ratio =    1.34594
2025-12-23:11:09:45,848 INFO     [psi4.optking.stepAlgorithms:929] 	Using RFO solution 1.
2025-12-23:11:09:45,848 INFO     [psi4.optking.displace:100] 	Determining Cartesian step for fragment 1.
2025-12-23:11:09:45,848 INFO     [psi4.optking.displace:415] 	Successfully converged to displaced geometry.
2025-12-23:11:09:45,848 INFO     [psi4.optking.displace:416] 	RMS(dx):  0.000e+00 	Max(dx):  0.000e+00 	RMS(dq):  0.000e+00
2025-12-23:11:09:45,848 INFO     [psi4.optking.displace:172] 

	        --- Internal Coordinate Step in ANG or DEG, aJ/ANG or AJ/DEG ---
	-------------------------------------------------------------------------------
	           Coordinate      Previous         Force          Change          New 
	           ----------      --------        ------          ------        ------
	               R(1,2)       1.64412        0.02747        0.00322       1.64733
	-------------------------------------------------------------------------------

2025-12-23:11:09:45,848 INFO     [psi4.optking.stepAlgorithms:113] 	|target step| :    0.0060759999
2025-12-23:11:09:45,848 INFO     [psi4.optking.stepAlgorithms:114] 	gradient     :   -0.0033337876
2025-12-23:11:09:45,848 INFO     [psi4.optking.stepAlgorithms:115] 	hessian      :    0.5486610596
2025-12-23:11:09:45,848 INFO     [psi4.optking.stepAlgorithms:113] 	|target step| :    0.0060759999
2025-12-23:11:09:45,848 INFO     [psi4.optking.stepAlgorithms:114] 	gradient     :   -0.0033337876
2025-12-23:11:09:45,848 INFO     [psi4.optking.stepAlgorithms:115] 	hessian      :    0.5486610596
2025-12-23:11:09:45,848 INFO     [psi4.optking.stepAlgorithms:206] 	Norm of achieved step-size    0.0060759999
2025-12-23:11:09:45,848 INFO     [psi4.optking.stepAlgorithms:208] 	Norm of achieved step-size (cart):    0.0042963808
2025-12-23:11:09:45,848 INFO     [psi4.optking.opt_helper:164] Molsys:

	                            ===> Fragment 1 <== 

	 Z (Atomic Numbers)          Masses                          Geom                  
	      10.000000            19.992440         -0.00000000  1.55650495  0.00000000   
	      10.000000            19.992440          0.00000000 -1.55650495  0.00000000   

	 - Coordinate -           - BOHR/RAD -       - ANG/DEG -
	 R(1,2)           =         3.113010           1.647334

2025-12-23:11:09:45,848 INFO     [psi4.optking.convcheck:76] Performing convergence check.
2025-12-23:11:09:45,848 INFO     [psi4.optking.convcheck:282] 
	                                 ==> Convergence Check <==                                  
    
	Measures of convergence in internal coordinates in au.
    
	Criteria marked as inactive (o), active & met (*), and active & unmet ( ).

	----------------------------------------------------------------------------------------------
	   Step    Total Energy     Delta E     Max Force     RMS Force      Max Disp      RMS Disp   
	----------------------------------------------------------------------------------------------
	  Convergence Criteria     1.00e-06 *    3.00e-04 *             o    1.20e-03 *             o
	----------------------------------------------------------------------------------------------
	     6    -256.18116976   -1.08e-04      3.33e-03      3.33e-03 o    6.08e-03      6.08e-03 o  ~
	----------------------------------------------------------------------------------------------


2025-12-23:11:09:45,848 INFO     [psi4.optking.stepAlgorithms:296] 	Convergence check returned False
2025-12-23:11:09:45,859 INFO     [psi4.driver.task_planner:259] PLANNING Atomic:  keywords={'DAMPING_PERCENTAGE': 1.0, 'GEOM_MAXITER': 500, 'SCF__GUESS': 'READ', 'GUESS': 'SAP', 'MAXITER': 500, 'REFERENCE': 'UKS', 'function_kwargs': {}}
2025-12-23:11:09:45,860 INFO     [psi4.driver.driver:638] Compute gradient(): method=b3lyp, basis=cc-pvdz, molecule=default, nre=32.12325161140977
2025-12-23:11:09:46,137 INFO     [psi4.driver.driver:641] Return gradient(): -256.18118349630146
2025-12-23:11:09:46,137 INFO     [psi4.driver.driver:642] [[ 0.00000000 -0.00119750  0.00000000]
 [-0.00000000  0.00119750  0.00000000]]
2025-12-23:11:09:46,139 INFO     [psi4.optking.history:269] 	Performing BFGS update.
2025-12-23:11:09:46,139 INFO     [psi4.optking.history:280] 	Using 4 previous steps for update.
2025-12-23:11:09:46,139 INFO     [psi4.optking.history:317] 	Steps to be used in Hessian update:  6 5 4 3

2025-12-23:11:09:46,139 INFO     [psi4.optking.history:418] 	Updated Hessian (in au) 
 	   0.460588

2025-12-23:11:09:46,140 INFO     [psi4.optking.molsys:944] Projected (PHP) Hessian matrix
	   0.460588

2025-12-23:11:09:46,140 INFO     [psi4.optking.opt_helper:182] 
	         Geometry (au)                                       Gradient (au)
  -0.0000000000   1.5565049455   0.0000000000		   0.0000000000  -0.0011974953   0.0000000000
   0.0000000000  -1.5565049455   0.0000000000		  -0.0000000000   0.0011974953   0.0000000000

2025-12-23:11:09:46,140 INFO     [psi4.optking.stepAlgorithms:368] 	Current Step Report 
 
	Current energy:      -256.1811834963
	Energy change for the previous step:
		Actual       :        -0.0000137331
		Projected    :        -0.0000101280

2025-12-23:11:09:46,140 INFO     [psi4.optking.stepAlgorithms:371] 	Energy ratio =    1.35595
2025-12-23:11:09:46,140 INFO     [psi4.optking.stepAlgorithms:929] 	Using RFO solution 1.
2025-12-23:11:09:46,140 INFO     [psi4.optking.displace:100] 	Determining Cartesian step for fragment 1.
2025-12-23:11:09:46,140 INFO     [psi4.optking.displace:415] 	Successfully converged to displaced geometry.
2025-12-23:11:09:46,140 INFO     [psi4.optking.displace:416] 	RMS(dx):  0.000e+00 	Max(dx):  0.000e+00 	RMS(dq):  0.000e+00
2025-12-23:11:09:46,140 INFO     [psi4.optking.displace:172] 

	        --- Internal Coordinate Step in ANG or DEG, aJ/ANG or AJ/DEG ---
	-------------------------------------------------------------------------------
	           Coordinate      Previous         Force          Change          New 
	           ----------      --------        ------          ------        ------
	               R(1,2)       1.64733        0.00987        0.00138       1.64871
	-------------------------------------------------------------------------------

2025-12-23:11:09:46,140 INFO     [psi4.optking.stepAlgorithms:113] 	|target step| :    0.0025999114
2025-12-23:11:09:46,140 INFO     [psi4.optking.stepAlgorithms:114] 	gradient     :   -0.0011974953
2025-12-23:11:09:46,140 INFO     [psi4.optking.stepAlgorithms:115] 	hessian      :    0.4605877055
2025-12-23:11:09:46,140 INFO     [psi4.optking.stepAlgorithms:113] 	|target step| :    0.0025999114
2025-12-23:11:09:46,140 INFO     [psi4.optking.stepAlgorithms:114] 	gradient     :   -0.0011974953
2025-12-23:11:09:46,140 INFO     [psi4.optking.stepAlgorithms:115] 	hessian      :    0.4605877055
2025-12-23:11:09:46,140 INFO     [psi4.optking.stepAlgorithms:206] 	Norm of achieved step-size    0.0025999114
2025-12-23:11:09:46,140 INFO     [psi4.optking.stepAlgorithms:208] 	Norm of achieved step-size (cart):    0.0018384150
2025-12-23:11:09:46,140 INFO     [psi4.optking.opt_helper:164] Molsys:

	                            ===> Fragment 1 <== 

	 Z (Atomic Numbers)          Masses                          Geom                  
	      10.000000            19.992440         -0.00000000  1.55780490  0.00000000   
	      10.000000            19.992440          0.00000000 -1.55780490  0.00000000   

	 - Coordinate -           - BOHR/RAD -       - ANG/DEG -
	 R(1,2)           =         3.115610           1.648710

2025-12-23:11:09:46,141 INFO     [psi4.optking.convcheck:76] Performing convergence check.
2025-12-23:11:09:46,141 INFO     [psi4.optking.convcheck:282] 
	                                 ==> Convergence Check <==                                  
    
	Measures of convergence in internal coordinates in au.
    
	Criteria marked as inactive (o), active & met (*), and active & unmet ( ).

	----------------------------------------------------------------------------------------------
	   Step    Total Energy     Delta E     Max Force     RMS Force      Max Disp      RMS Disp   
	----------------------------------------------------------------------------------------------
	  Convergence Criteria     1.00e-06 *    3.00e-04 *             o    1.20e-03 *             o
	----------------------------------------------------------------------------------------------
	     7    -256.18118350   -1.37e-05      1.20e-03      1.20e-03 o    2.60e-03      2.60e-03 o  ~
	----------------------------------------------------------------------------------------------


2025-12-23:11:09:46,141 INFO     [psi4.optking.stepAlgorithms:296] 	Convergence check returned False
2025-12-23:11:09:46,151 INFO     [psi4.driver.task_planner:259] PLANNING Atomic:  keywords={'DAMPING_PERCENTAGE': 1.0, 'GEOM_MAXITER': 500, 'SCF__GUESS': 'READ', 'GUESS': 'SAP', 'MAXITER': 500, 'REFERENCE': 'UKS', 'function_kwargs': {}}
2025-12-23:11:09:46,152 INFO     [psi4.driver.driver:638] Compute gradient(): method=b3lyp, basis=cc-pvdz, molecule=default, nre=32.096445427925865
2025-12-23:11:09:46,407 INFO     [psi4.driver.driver:641] Return gradient(): -256.18118542713466
2025-12-23:11:09:46,407 INFO     [psi4.driver.driver:642] [[ 0.00000000 -0.00029360  0.00000000]
 [-0.00000000  0.00029360  0.00000000]]
2025-12-23:11:09:46,409 INFO     [psi4.optking.history:269] 	Performing BFGS update.
2025-12-23:11:09:46,409 INFO     [psi4.optking.history:280] 	Using 4 previous steps for update.
2025-12-23:11:09:46,409 INFO     [psi4.optking.history:317] 	Steps to be used in Hessian update:  7 6 5 4

2025-12-23:11:09:46,409 INFO     [psi4.optking.history:418] 	Updated Hessian (in au) 
 	   0.381487

2025-12-23:11:09:46,409 INFO     [psi4.optking.molsys:944] Projected (PHP) Hessian matrix
	   0.381487

2025-12-23:11:09:46,409 INFO     [psi4.optking.opt_helper:182] 
	         Geometry (au)                                       Gradient (au)
  -0.0000000000   1.5578049012   0.0000000000		   0.0000000000  -0.0002935985   0.0000000000
   0.0000000000  -1.5578049012   0.0000000000		  -0.0000000000   0.0002935985   0.0000000000

2025-12-23:11:09:46,409 INFO     [psi4.optking.stepAlgorithms:368] 	Current Step Report 
 
	Current energy:      -256.1811854271
	Energy change for the previous step:
		Actual       :        -0.0000019308
		Projected    :        -0.0000015567

2025-12-23:11:09:46,409 INFO     [psi4.optking.stepAlgorithms:371] 	Energy ratio =    1.24034
2025-12-23:11:09:46,410 INFO     [psi4.optking.stepAlgorithms:929] 	Using RFO solution 1.
2025-12-23:11:09:46,410 INFO     [psi4.optking.displace:100] 	Determining Cartesian step for fragment 1.
2025-12-23:11:09:46,410 INFO     [psi4.optking.displace:415] 	Successfully converged to displaced geometry.
2025-12-23:11:09:46,410 INFO     [psi4.optking.displace:416] 	RMS(dx):  0.000e+00 	Max(dx):  0.000e+00 	RMS(dq):  0.000e+00
2025-12-23:11:09:46,410 INFO     [psi4.optking.displace:172] 

	        --- Internal Coordinate Step in ANG or DEG, aJ/ANG or AJ/DEG ---
	-------------------------------------------------------------------------------
	           Coordinate      Previous         Force          Change          New 
	           ----------      --------        ------          ------        ------
	               R(1,2)       1.64871        0.00242        0.00041       1.64912
	-------------------------------------------------------------------------------

2025-12-23:11:09:46,410 INFO     [psi4.optking.stepAlgorithms:113] 	|target step| :    0.0007696150
2025-12-23:11:09:46,410 INFO     [psi4.optking.stepAlgorithms:114] 	gradient     :   -0.0002935985
2025-12-23:11:09:46,410 INFO     [psi4.optking.stepAlgorithms:115] 	hessian      :    0.3814872593
2025-12-23:11:09:46,410 INFO     [psi4.optking.stepAlgorithms:113] 	|target step| :    0.0007696150
2025-12-23:11:09:46,410 INFO     [psi4.optking.stepAlgorithms:114] 	gradient     :   -0.0002935985
2025-12-23:11:09:46,410 INFO     [psi4.optking.stepAlgorithms:115] 	hessian      :    0.3814872593
2025-12-23:11:09:46,410 INFO     [psi4.optking.stepAlgorithms:206] 	Norm of achieved step-size    0.0007696150
2025-12-23:11:09:46,410 INFO     [psi4.optking.stepAlgorithms:208] 	Norm of achieved step-size (cart):    0.0005442000
2025-12-23:11:09:46,410 INFO     [psi4.optking.opt_helper:164] Molsys:

	                            ===> Fragment 1 <== 

	 Z (Atomic Numbers)          Masses                          Geom                  
	      10.000000            19.992440         -0.00000000  1.55818971  0.00000000   
	      10.000000            19.992440          0.00000000 -1.55818971  0.00000000   

	 - Coordinate -           - BOHR/RAD -       - ANG/DEG -
	 R(1,2)           =         3.116379           1.649117

2025-12-23:11:09:46,410 INFO     [psi4.optking.convcheck:76] Performing convergence check.
2025-12-23:11:09:46,410 INFO     [psi4.optking.convcheck:282] 
	                                 ==> Convergence Check <==                                  
    
	Measures of convergence in internal coordinates in au.
    
	Criteria marked as inactive (o), active & met (*), and active & unmet ( ).

	----------------------------------------------------------------------------------------------
	   Step    Total Energy     Delta E     Max Force     RMS Force      Max Disp      RMS Disp   
	----------------------------------------------------------------------------------------------
	  Convergence Criteria     1.00e-06 *    3.00e-04 *             o    1.20e-03 *             o
	----------------------------------------------------------------------------------------------
	     8    -256.18118543   -1.93e-06      2.94e-04 *    2.94e-04 o    7.70e-04 *    7.70e-04 o  ~
	----------------------------------------------------------------------------------------------


2025-12-23:11:09:46,410 INFO     [psi4.optking.convcheck:206] 
	                      ===> Final Convergence Report <===                     

	----------------------------------------------------------------------------
	|   Required Criteria    |  One or More Criteria  |   Alternate Criteria   |
	----------------------------------------------------------------------------
	| [x]     max_force      | [ ]       max_DE       |                        |
	|                        | [x]      max_disp      |                        |
	----------------------------------------------------------------------------


2025-12-23:11:09:46,410 INFO     [psi4.optking.stepAlgorithms:296] 	Convergence check returned True
2025-12-23:11:09:46,410 INFO     [psi4.optking.optimize:332] 	Converged in 8 steps!
2025-12-23:11:09:46,410 INFO     [psi4.optking.optimize:333] 	Final energy is   -256.1811854271347
2025-12-23:11:09:46,410 INFO     [psi4.optking.optimize:334] 	Final structure (Angstroms): 
	Fragment 1 (Ang)

	   Ne  -0.0000000000   0.8245584838   0.0000000000
	   Ne   0.0000000000  -0.8245584838   0.0000000000


2025-12-23:11:09:46,411 INFO     [psi4.optking.optimize:562] 	Optimization Finished

	==> Optimization Summary <==

        
	Measures of convergence in internal coordinates in au. (Any backward steps not shown.)
        
	---------------------------------------------------------------------------------------------------------------  ~
        
	 Step         Total Energy             Delta E       MAX Force       RMS Force        MAX Disp        RMS Disp   ~
        
	---------------------------------------------------------------------------------------------------------------  ~
        
	     1    -255.911194067667   -255.911194067667      0.90359300      0.90359300      0.50000125      0.50000125  ~
	     2    -256.152613167873     -0.241419100206      0.18947325      0.18947325      0.13040639      0.13040639  ~
	     3    -256.171211696852     -0.018598528979      0.10019202      0.10019202      0.14333632      0.14333632  ~
	     4    -256.180147157935     -0.008935461084      0.02859785      0.02859785      0.04854691      0.04854691  ~
	     5    -256.181061476324     -0.000914318389      0.00948106      0.00948106      0.01697167      0.01697167  ~
	     6    -256.181169763184     -0.000108286860      0.00333379      0.00333379      0.00607600      0.00607600  ~
	     7    -256.181183496301     -0.000013733118      0.00119750      0.00119750      0.00259991      0.00259991  ~
	     8    -256.181185427135     -0.000001930833      0.00029360      0.00029360      0.00076961      0.00076961  ~
	----------------------------------------------------------------------------------------------------------------


2025-12-23:11:09:46,411 INFO     [psi4.optking.optimize:806] Preparing OptimizationResult
