2025-12-23:11:13:16,968 WARNING  [psi4.optking:38] Some dependencies such as QCElemental have not yet finished migration to pydantic v2. If issues are encountered please downgrade pydantic or upgrade QCElemental as appropriate
2025-12-23:11:13:17,122 INFO     [psi4.optking.optwrapper:234] Creating a UserComputer
2025-12-23:11:13:17,122 INFO     [psi4.optking.optwrapper:242] 
    			-----------------------------------------

    			 OPTKING 3.0: for geometry optimizations 

    			     By R.A. King, Bethel University     

    			        with contributions from          

    			    A.V. Copan, J. Cayton, A. Heide      

    			-----------------------------------------

    
2025-12-23:11:13:17,122 INFO     [psi4.optking.optwrapper:272] 
		 -- Optimization Parameters --
	GEOM_MAXITER                   =             500
	ALG_GEOM_MAXITER               =              50
	PRINT                          =               1
	OPT_TYPE                       =             MIN
	STEP_TYPE                      =             RFO
	PROGRAM                        =            PSI4
	STEEPEST_DESCENT_TYPE          =         OVERLAP
	CONJUGATE_GRADIENT_TYPE        =        FLETCHER
	OPT_COORDINATES                =        INTERNAL
	RFO_FOLLOW_ROOT                =           False
	RFO_ROOT                       =               0
	ACCEPT_SYMMETRY_BREAKING       =           False
	DYNAMIC_LVL                    =               0
	DYNAMIC_LVL_MAX                =               0
	IRC_STEP_SIZE                  =             0.2
	IRC_DIRECTION                  =         FORWARD
	IRC_POINTS                     =              20
	IRC_MODE                       =          NORMAL
	IRC_CONVERGENCE                =            -0.7
	INTRAFRAG_STEP_LIMIT           =             0.5
	INTRAFRAG_STEP_LIMIT_MIN       =           0.001
	INTRAFRAG_STEP_LIMIT_MAX       =             1.0
	INTERFRAG_STEP_LIMIT           =             0.5
	INTERFRAG_STEP_LIMIT_MIN       =           0.001
	INTERFRAG_STEP_LIMIT_MAX       =             1.0
	ENSURE_BT_CONVERGENCE          =           False
	SIMPLE_STEP_SCALING            =           False
	CONSECUTIVE_BACKSTEPS          =               0
	RFO_NORMALIZATION_MAX          =             100
	RSRFO_ALPHA_MAX                =     100000000.0
	PRINT_TRAJECTORY_XYZ_FILE      =           False
	WRITE_TRAJECTORY               =           False
	FROZEN_DISTANCE                =                
	FROZEN_BEND                    =                
	FROZEN_DIHEDRAL                =                
	FROZEN_OOFP                    =                
	FROZEN_CARTESIAN               =                
	FREEZE_ALL_DIHEDRALS           =           False
	UNFREEZE_DIHEDRALS             =                
	RANGED_DISTANCE                =                
	RANGED_BEND                    =                
	RANGED_DIHEDRAL                =                
	RANGED_OOFP                    =                
	RANGED_CARTESIAN               =                
	EXT_FORCE_DISTANCE             =                
	EXT_FORCE_BEND                 =                
	EXT_FORCE_DIHEDRAL             =                
	EXT_FORCE_OOFP                 =                
	EXT_FORCE_CARTESIAN            =                
	G_CONVERGENCE                  =           QCHEM
	MAX_FORCE_G_CONVERGENCE        =          0.0003
	RMS_FORCE_G_CONVERGENCE        =          0.0003
	MAX_ENERGY_G_CONVERGENCE       =           1e-06
	MAX_DISP_G_CONVERGENCE         =          0.0012
	RMS_DISP_G_CONVERGENCE         =          0.0012
	FLEXIBLE_G_CONVERGENCE         =           False
	HESS_UPDATE                    =            BFGS
	HESS_UPDATE_USE_LAST           =               4
	HESS_UPDATE_LIMIT              =            True
	HESS_UPDATE_LIMIT_MAX          =             1.0
	HESS_UPDATE_LIMIT_SCALE        =             0.5
	HESS_UPDATE_DEN_TOL            =           1e-07
	HESS_UPDATE_DQ_TOL             =             0.5
	CART_HESS_READ                 =           False
	HESSIAN_FILE                   =               .
	FULL_HESS_EVERY                =              -1
	INTRAFRAG_HESS                 =        SCHLEGEL
	H_GUESS_EVERY                  =           False
	BT_MAX_ITER                    =              25
	BT_DX_CONV                     =           1e-07
	BT_DX_RMS_CHANGE_CONV          =           1e-12
	BT_PINV_RCOND                  =           1e-06
	FRAG_MODE                      =          SINGLE
	FRAG_REF_ATOMS                 =              []
	FREEZE_INTRAFRAG               =           False
	INTERFRAG_MODE                 =           FIXED
	ADD_AUXILIARY_BONDS            =           False
	AUXILIARY_BOND_FACTOR          =             2.5
	INTERFRAG_DIST_INV             =           False
	INTERFRAG_COLLINEAR_TOL        =            0.01
	INTERFRAG_COORDS               =              []
	INTERFRAG_HESS                 =         DEFAULT
	COVALENT_CONNECT               =             1.3
	INTERFRAGMENT_CONNECT          =             1.8
	H_BOND_CONNECT                 =             4.3
	INCLUDE_OOFP                   =           False
	TEST_B                         =           False
	TEST_DERIVATIVE_B              =           False
	LINESEARCH_STEP                =             0.1
	LINESEARCH                     =           False
	SD_HESSIAN                     =             1.0
	FIX_VAL_NEAR_PI                =            1.57
	V3D_TORS_ANGLE_LIM             =           0.017
	V3D_TORS_COS_TOL               =           1e-10
	LINEAR_BEND_THRESHOLD          =            3.05
	SMALL_BEND_FIX_THRESHOLD       =            0.35
	REDUNDANT_EVAL_TOL             =           1e-10
	LINEAR_ALGEBRA_TOL             =           1e-10


2025-12-23:11:13:17,257 INFO     [psi4.optking.opt_helper:164] Molsys:

	                            ===> Fragment 1 <== 

	 Z (Atomic Numbers)          Masses                          Geom                  
	      10.000000            19.992440          0.00000000  0.00000000  1.51149726   
	      18.000000            39.962383          0.00000000  0.00000000 -0.75617409   

	 - Coordinate -           - BOHR/RAD -       - ANG/DEG -
	 R(1,2)           =         2.267671           1.200000

2025-12-23:11:13:17,266 INFO     [psi4.driver.task_planner:259] PLANNING Atomic:  keywords={'DAMPING_PERCENTAGE': 1.0, 'GEOM_MAXITER': 500, 'GUESS': 'SAP', 'MAXITER': 500, 'REFERENCE': 'UKS', 'function_kwargs': {}}
2025-12-23:11:13:17,268 INFO     [psi4.driver.driver:638] Compute gradient(): method=b3lyp, basis=cc-pvdz, molecule=default, nre=79.37658160050002
2025-12-23:11:13:17,785 INFO     [psi4.driver.driver:641] Return gradient(): -654.8541444931647
2025-12-23:11:13:17,786 INFO     [psi4.driver.driver:642] [[ 0.00000000  0.00000000 -1.41736286]
 [ 0.00000000  0.00000000  1.41730269]]
2025-12-23:11:13:17,787 INFO     [psi4.optking.molsys:944] Projected (PHP) Hessian matrix
	   4.182219

2025-12-23:11:13:17,787 INFO     [psi4.optking.opt_helper:182] 
	         Geometry (au)                                       Gradient (au)
   0.0000000000   0.0000000000   1.5114972628		   0.0000000000   0.0000000000  -1.4173628616
   0.0000000000   0.0000000000  -0.7561740878		   0.0000000000   0.0000000000   1.4173026938

2025-12-23:11:13:17,788 INFO     [psi4.optking.stepAlgorithms:929] 	Using RFO solution 1.
2025-12-23:11:13:17,788 INFO     [psi4.optking.displace:100] 	Determining Cartesian step for fragment 1.
2025-12-23:11:13:17,788 INFO     [psi4.optking.displace:415] 	Successfully converged to displaced geometry.
2025-12-23:11:13:17,788 INFO     [psi4.optking.displace:416] 	RMS(dx):  0.000e+00 	Max(dx):  0.000e+00 	RMS(dq):  0.000e+00
2025-12-23:11:13:17,788 INFO     [psi4.optking.displace:172] 

	        --- Internal Coordinate Step in ANG or DEG, aJ/ANG or AJ/DEG ---
	-------------------------------------------------------------------------------
	           Coordinate      Previous         Force          Change          New 
	           ----------      --------        ------          ------        ------
	               R(1,2)       1.20000       11.67701        0.16244       1.36244
	-------------------------------------------------------------------------------

2025-12-23:11:13:17,788 INFO     [psi4.optking.stepAlgorithms:113] 	|target step| :    0.3069622941
2025-12-23:11:13:17,788 INFO     [psi4.optking.stepAlgorithms:114] 	gradient     :   -1.4173327777
2025-12-23:11:13:17,788 INFO     [psi4.optking.stepAlgorithms:115] 	hessian      :    4.1822185214
2025-12-23:11:13:17,788 INFO     [psi4.optking.stepAlgorithms:113] 	|target step| :    0.3069622941
2025-12-23:11:13:17,788 INFO     [psi4.optking.stepAlgorithms:114] 	gradient     :   -1.4173327777
2025-12-23:11:13:17,788 INFO     [psi4.optking.stepAlgorithms:115] 	hessian      :    4.1822185214
2025-12-23:11:13:17,788 INFO     [psi4.optking.stepAlgorithms:206] 	Norm of achieved step-size    0.3069622941
2025-12-23:11:13:17,788 INFO     [psi4.optking.stepAlgorithms:208] 	Norm of achieved step-size (cart):    0.2170551198
2025-12-23:11:13:17,788 INFO     [psi4.optking.opt_helper:164] Molsys:

	                            ===> Fragment 1 <== 

	 Z (Atomic Numbers)          Masses                          Geom                  
	      10.000000            19.992440          0.00000000  0.00000000  1.66497841   
	      18.000000            39.962383          0.00000000  0.00000000 -0.90965523   

	 - Coordinate -           - BOHR/RAD -       - ANG/DEG -
	 R(1,2)           =         2.574634           1.362437

2025-12-23:11:13:17,789 INFO     [psi4.optking.convcheck:76] Performing convergence check.
2025-12-23:11:13:17,789 INFO     [psi4.optking.convcheck:282] 
	                                 ==> Convergence Check <==                                  
    
	Measures of convergence in internal coordinates in au.
    
	Criteria marked as inactive (o), active & met (*), and active & unmet ( ).

	----------------------------------------------------------------------------------------------~
	   Step    Total Energy     Delta E     Max Force     RMS Force      Max Disp      RMS Disp   ~
	----------------------------------------------------------------------------------------------~
	  Convergence Criteria     1.00e-06 *    3.00e-04 *             o    1.20e-03 *             o~
	----------------------------------------------------------------------------------------------~
	     1    -654.85414449   -6.55e+02      1.42e+00      1.42e+00 o    3.07e-01      3.07e-01 o  ~
	----------------------------------------------------------------------------------------------


2025-12-23:11:13:17,789 INFO     [psi4.optking.stepAlgorithms:296] 	Convergence check returned False
2025-12-23:11:13:17,799 INFO     [psi4.driver.task_planner:259] PLANNING Atomic:  keywords={'DAMPING_PERCENTAGE': 1.0, 'GEOM_MAXITER': 500, 'SCF__GUESS': 'READ', 'GUESS': 'SAP', 'MAXITER': 500, 'REFERENCE': 'UKS', 'function_kwargs': {}}
2025-12-23:11:13:17,800 INFO     [psi4.driver.driver:638] Compute gradient(): method=b3lyp, basis=cc-pvdz, molecule=default, nre=69.9128593969509
2025-12-23:11:13:18,344 INFO     [psi4.driver.driver:641] Return gradient(): -655.1808746719598
2025-12-23:11:13:18,345 INFO     [psi4.driver.driver:642] [[ 0.00000000  0.00000000 -0.77551882]
 [-0.00000000  0.00000000  0.77541805]]
2025-12-23:11:13:18,346 INFO     [psi4.optking.history:269] 	Performing BFGS update.
2025-12-23:11:13:18,346 INFO     [psi4.optking.history:280] 	Using 1 previous steps for update.
2025-12-23:11:13:18,346 INFO     [psi4.optking.history:317] 	Steps to be used in Hessian update:  1

2025-12-23:11:13:18,347 INFO     [psi4.optking.history:418] 	Updated Hessian (in au) 
 	   2.091109

2025-12-23:11:13:18,347 INFO     [psi4.optking.molsys:944] Projected (PHP) Hessian matrix
	   2.091109

2025-12-23:11:13:18,347 INFO     [psi4.optking.opt_helper:182] 
	         Geometry (au)                                       Gradient (au)
   0.0000000000   0.0000000000   1.7161003978		   0.0000000000   0.0000000000  -0.7755188212
   0.0000000000   0.0000000000  -0.8585332469		  -0.0000000000   0.0000000000   0.7754180533

2025-12-23:11:13:18,347 INFO     [psi4.optking.stepAlgorithms:368] 	Current Step Report 
 
	Current energy:      -655.1808746720
	Energy change for the previous step:
		Actual       :        -0.3267301788
		Projected    :        -0.2175338605

2025-12-23:11:13:18,347 INFO     [psi4.optking.stepAlgorithms:371] 	Energy ratio =    1.50197
2025-12-23:11:13:18,347 INFO     [psi4.optking.stepAlgorithms:399] 	Energy ratio indicates good step.
2025-12-23:11:13:18,347 INFO     [psi4.optking.stepAlgorithms:400] 	Intrafrag trust radius increased to      1.
2025-12-23:11:13:18,347 INFO     [psi4.optking.stepAlgorithms:929] 	Using RFO solution 1.
2025-12-23:11:13:18,347 INFO     [psi4.optking.displace:100] 	Determining Cartesian step for fragment 1.
2025-12-23:11:13:18,347 INFO     [psi4.optking.displace:415] 	Successfully converged to displaced geometry.
2025-12-23:11:13:18,347 INFO     [psi4.optking.displace:416] 	RMS(dx):  1.282e-16 	Max(dx):  2.220e-16 	RMS(dq):  4.441e-16
2025-12-23:11:13:18,347 INFO     [psi4.optking.displace:172] 

	        --- Internal Coordinate Step in ANG or DEG, aJ/ANG or AJ/DEG ---
	-------------------------------------------------------------------------------
	           Coordinate      Previous         Force          Change          New 
	           ----------      --------        ------          ------        ------
	               R(1,2)       1.36244        6.38887        0.17482       1.53726
	-------------------------------------------------------------------------------

2025-12-23:11:13:18,347 INFO     [psi4.optking.stepAlgorithms:113] 	|target step| :    0.3303664211
2025-12-23:11:13:18,347 INFO     [psi4.optking.stepAlgorithms:114] 	gradient     :   -0.7754684373
2025-12-23:11:13:18,347 INFO     [psi4.optking.stepAlgorithms:115] 	hessian      :    2.0911092607
2025-12-23:11:13:18,347 INFO     [psi4.optking.stepAlgorithms:113] 	|target step| :    0.3303664211
2025-12-23:11:13:18,347 INFO     [psi4.optking.stepAlgorithms:114] 	gradient     :   -0.7754684373
2025-12-23:11:13:18,347 INFO     [psi4.optking.stepAlgorithms:115] 	hessian      :    2.0911092607
2025-12-23:11:13:18,347 INFO     [psi4.optking.stepAlgorithms:206] 	Norm of achieved step-size    0.3303664211
2025-12-23:11:13:18,347 INFO     [psi4.optking.stepAlgorithms:208] 	Norm of achieved step-size (cart):    0.2336043367
2025-12-23:11:13:18,348 INFO     [psi4.optking.opt_helper:164] Molsys:

	                            ===> Fragment 1 <== 

	 Z (Atomic Numbers)          Masses                          Geom                  
	      10.000000            19.992440          0.00000000  0.00000000  1.88128361   
	      18.000000            39.962383          0.00000000  0.00000000 -1.02371646   

	 - Coordinate -           - BOHR/RAD -       - ANG/DEG -
	 R(1,2)           =         2.905000           1.537260

2025-12-23:11:13:18,348 INFO     [psi4.optking.convcheck:76] Performing convergence check.
2025-12-23:11:13:18,348 INFO     [psi4.optking.convcheck:282] 
	                                 ==> Convergence Check <==                                  
    
	Measures of convergence in internal coordinates in au.
    
	Criteria marked as inactive (o), active & met (*), and active & unmet ( ).

	----------------------------------------------------------------------------------------------
	   Step    Total Energy     Delta E     Max Force     RMS Force      Max Disp      RMS Disp   
	----------------------------------------------------------------------------------------------
	  Convergence Criteria     1.00e-06 *    3.00e-04 *             o    1.20e-03 *             o
	----------------------------------------------------------------------------------------------
	     2    -655.18087467   -3.27e-01      7.75e-01      7.75e-01 o    3.30e-01      3.30e-01 o  ~
	----------------------------------------------------------------------------------------------


2025-12-23:11:13:18,348 INFO     [psi4.optking.stepAlgorithms:296] 	Convergence check returned False
2025-12-23:11:13:18,358 INFO     [psi4.driver.task_planner:259] PLANNING Atomic:  keywords={'DAMPING_PERCENTAGE': 1.0, 'GEOM_MAXITER': 500, 'SCF__GUESS': 'READ', 'GUESS': 'SAP', 'MAXITER': 500, 'REFERENCE': 'UKS', 'function_kwargs': {}}
2025-12-23:11:13:18,359 INFO     [psi4.driver.driver:638] Compute gradient(): method=b3lyp, basis=cc-pvdz, molecule=default, nre=61.962132847435186
2025-12-23:11:13:18,876 INFO     [psi4.driver.driver:641] Return gradient(): -655.4400510449568
2025-12-23:11:13:18,877 INFO     [psi4.driver.driver:642] [[-0.00000000 -0.00000000 -0.37367170]
 [-0.00000000 -0.00000000  0.37356705]]
2025-12-23:11:13:18,878 INFO     [psi4.optking.history:269] 	Performing BFGS update.
2025-12-23:11:13:18,878 INFO     [psi4.optking.history:280] 	Using 2 previous steps for update.
2025-12-23:11:13:18,878 WARNING  [psi4.optking.history:301] 	Change in internal coordinate of 6.37e-01 exceeds limit of 5.00e-01.
2025-12-23:11:13:18,878 WARNING  [psi4.optking.history:306] 	Skipping Hessian update for step 1.
2025-12-23:11:13:18,878 INFO     [psi4.optking.history:317] 	Steps to be used in Hessian update:  2

2025-12-23:11:13:18,878 INFO     [psi4.optking.history:418] 	Updated Hessian (in au) 
 	   1.216374

2025-12-23:11:13:18,878 INFO     [psi4.optking.molsys:944] Projected (PHP) Hessian matrix
	   1.216374

2025-12-23:11:13:18,878 INFO     [psi4.optking.opt_helper:182] 
	         Geometry (au)                                       Gradient (au)
   0.0000000000   0.0000000000   1.9363033567		  -0.0000000000  -0.0000000000  -0.3736717027
   0.0000000000   0.0000000000  -0.9686967091		  -0.0000000000  -0.0000000000   0.3735670523

2025-12-23:11:13:18,879 INFO     [psi4.optking.stepAlgorithms:368] 	Current Step Report 
 
	Current energy:      -655.4400510450
	Energy change for the previous step:
		Actual       :        -0.2591763730
		Projected    :        -0.1280943662

2025-12-23:11:13:18,879 INFO     [psi4.optking.stepAlgorithms:371] 	Energy ratio =    2.02332
2025-12-23:11:13:18,879 INFO     [psi4.optking.stepAlgorithms:929] 	Using RFO solution 1.
2025-12-23:11:13:18,879 INFO     [psi4.optking.displace:100] 	Determining Cartesian step for fragment 1.
2025-12-23:11:13:18,879 INFO     [psi4.optking.displace:415] 	Successfully converged to displaced geometry.
2025-12-23:11:13:18,879 INFO     [psi4.optking.displace:416] 	RMS(dx):  0.000e+00 	Max(dx):  0.000e+00 	RMS(dq):  0.000e+00
2025-12-23:11:13:18,879 INFO     [psi4.optking.displace:172] 

	        --- Internal Coordinate Step in ANG or DEG, aJ/ANG or AJ/DEG ---
	-------------------------------------------------------------------------------
	           Coordinate      Previous         Force          Change          New 
	           ----------      --------        ------          ------        ------
	               R(1,2)       1.53726        3.07815        0.14956       1.68682
	-------------------------------------------------------------------------------

2025-12-23:11:13:18,879 INFO     [psi4.optking.stepAlgorithms:113] 	|target step| :    0.2826237233
2025-12-23:11:13:18,879 INFO     [psi4.optking.stepAlgorithms:114] 	gradient     :   -0.3736193775
2025-12-23:11:13:18,879 INFO     [psi4.optking.stepAlgorithms:115] 	hessian      :    1.2163738022
2025-12-23:11:13:18,879 INFO     [psi4.optking.stepAlgorithms:113] 	|target step| :    0.2826237233
2025-12-23:11:13:18,879 INFO     [psi4.optking.stepAlgorithms:114] 	gradient     :   -0.3736193775
2025-12-23:11:13:18,879 INFO     [psi4.optking.stepAlgorithms:115] 	hessian      :    1.2163738022
2025-12-23:11:13:18,879 INFO     [psi4.optking.stepAlgorithms:206] 	Norm of achieved step-size    0.2826237233
2025-12-23:11:13:18,879 INFO     [psi4.optking.stepAlgorithms:208] 	Norm of achieved step-size (cart):    0.1998451513
2025-12-23:11:13:18,879 INFO     [psi4.optking.opt_helper:164] Molsys:

	                            ===> Fragment 1 <== 

	 Z (Atomic Numbers)          Masses                          Geom                  
	      10.000000            19.992440          0.00000000  0.00000000  2.07761522   
	      18.000000            39.962383          0.00000000  0.00000000 -1.11000857   

	 - Coordinate -           - BOHR/RAD -       - ANG/DEG -
	 R(1,2)           =         3.187624           1.686818

2025-12-23:11:13:18,879 INFO     [psi4.optking.convcheck:76] Performing convergence check.
2025-12-23:11:13:18,879 INFO     [psi4.optking.convcheck:282] 
	                                 ==> Convergence Check <==                                  
    
	Measures of convergence in internal coordinates in au.
    
	Criteria marked as inactive (o), active & met (*), and active & unmet ( ).

	----------------------------------------------------------------------------------------------
	   Step    Total Energy     Delta E     Max Force     RMS Force      Max Disp      RMS Disp   
	----------------------------------------------------------------------------------------------
	  Convergence Criteria     1.00e-06 *    3.00e-04 *             o    1.20e-03 *             o
	----------------------------------------------------------------------------------------------
	     3    -655.44005104   -2.59e-01      3.74e-01      3.74e-01 o    2.83e-01      2.83e-01 o  ~
	----------------------------------------------------------------------------------------------


2025-12-23:11:13:18,880 INFO     [psi4.optking.stepAlgorithms:296] 	Convergence check returned False
2025-12-23:11:13:18,890 INFO     [psi4.driver.task_planner:259] PLANNING Atomic:  keywords={'DAMPING_PERCENTAGE': 1.0, 'GEOM_MAXITER': 500, 'SCF__GUESS': 'READ', 'GUESS': 'SAP', 'MAXITER': 500, 'REFERENCE': 'UKS', 'function_kwargs': {}}
2025-12-23:11:13:18,891 INFO     [psi4.driver.driver:638] Compute gradient(): method=b3lyp, basis=cc-pvdz, molecule=default, nre=56.46839523944661
2025-12-23:11:13:19,402 INFO     [psi4.driver.driver:641] Return gradient(): -655.5098794294026
2025-12-23:11:13:19,402 INFO     [psi4.driver.driver:642] [[ 0.00000000 -0.00000000 -0.14449924]
 [ 0.00000000  0.00000000  0.14443793]]
2025-12-23:11:13:19,403 INFO     [psi4.optking.history:269] 	Performing BFGS update.
2025-12-23:11:13:19,404 INFO     [psi4.optking.history:280] 	Using 3 previous steps for update.
2025-12-23:11:13:19,404 WARNING  [psi4.optking.history:301] 	Change in internal coordinate of 6.13e-01 exceeds limit of 5.00e-01.
2025-12-23:11:13:19,404 WARNING  [psi4.optking.history:306] 	Skipping Hessian update for step 2.
2025-12-23:11:13:19,404 WARNING  [psi4.optking.history:301] 	Change in internal coordinate of 9.20e-01 exceeds limit of 5.00e-01.
2025-12-23:11:13:19,404 WARNING  [psi4.optking.history:306] 	Skipping Hessian update for step 1.
2025-12-23:11:13:19,404 INFO     [psi4.optking.history:317] 	Steps to be used in Hessian update:  3

2025-12-23:11:13:19,404 INFO     [psi4.optking.history:418] 	Updated Hessian (in au) 
 	   0.810798

2025-12-23:11:13:19,404 INFO     [psi4.optking.molsys:944] Projected (PHP) Hessian matrix
	   0.810798

2025-12-23:11:13:19,404 INFO     [psi4.optking.opt_helper:182] 
	         Geometry (au)                                       Gradient (au)
   0.0000000000   0.0000000000   2.1246838220		   0.0000000000  -0.0000000000  -0.1444992439
   0.0000000000   0.0000000000  -1.0629399671		   0.0000000000   0.0000000000   0.1444379348

2025-12-23:11:13:19,404 INFO     [psi4.optking.stepAlgorithms:368] 	Current Step Report 
 
	Current energy:      -655.5098794294
	Energy change for the previous step:
		Actual       :        -0.0698283844
		Projected    :        -0.0527968498

2025-12-23:11:13:19,404 INFO     [psi4.optking.stepAlgorithms:371] 	Energy ratio =    1.32259
2025-12-23:11:13:19,404 INFO     [psi4.optking.stepAlgorithms:929] 	Using RFO solution 1.
2025-12-23:11:13:19,404 INFO     [psi4.optking.displace:100] 	Determining Cartesian step for fragment 1.
2025-12-23:11:13:19,405 INFO     [psi4.optking.displace:415] 	Successfully converged to displaced geometry.
2025-12-23:11:13:19,405 INFO     [psi4.optking.displace:416] 	RMS(dx):  0.000e+00 	Max(dx):  0.000e+00 	RMS(dq):  0.000e+00
2025-12-23:11:13:19,405 INFO     [psi4.optking.displace:172] 

	        --- Internal Coordinate Step in ANG or DEG, aJ/ANG or AJ/DEG ---
	-------------------------------------------------------------------------------
	           Coordinate      Previous         Force          Change          New 
	           ----------      --------        ------          ------        ------
	               R(1,2)       1.68682        1.19024        0.09147       1.77829
	-------------------------------------------------------------------------------

2025-12-23:11:13:19,405 INFO     [psi4.optking.stepAlgorithms:113] 	|target step| :    0.1728567683
2025-12-23:11:13:19,405 INFO     [psi4.optking.stepAlgorithms:114] 	gradient     :   -0.1444685894
2025-12-23:11:13:19,405 INFO     [psi4.optking.stepAlgorithms:115] 	hessian      :    0.8107981362
2025-12-23:11:13:19,405 INFO     [psi4.optking.stepAlgorithms:113] 	|target step| :    0.1728567683
2025-12-23:11:13:19,405 INFO     [psi4.optking.stepAlgorithms:114] 	gradient     :   -0.1444685894
2025-12-23:11:13:19,405 INFO     [psi4.optking.stepAlgorithms:115] 	hessian      :    0.8107981362
2025-12-23:11:13:19,405 INFO     [psi4.optking.stepAlgorithms:206] 	Norm of achieved step-size    0.1728567683
2025-12-23:11:13:19,405 INFO     [psi4.optking.stepAlgorithms:208] 	Norm of achieved step-size (cart):    0.1222281931
2025-12-23:11:13:19,405 INFO     [psi4.optking.opt_helper:164] Molsys:

	                            ===> Fragment 1 <== 

	 Z (Atomic Numbers)          Masses                          Geom                  
	      10.000000            19.992440          0.00000000  0.00000000  2.21111221   
	      18.000000            39.962383          0.00000000  0.00000000 -1.14936835   

	 - Coordinate -           - BOHR/RAD -       - ANG/DEG -
	 R(1,2)           =         3.360481           1.778290

2025-12-23:11:13:19,405 INFO     [psi4.optking.convcheck:76] Performing convergence check.
2025-12-23:11:13:19,405 INFO     [psi4.optking.convcheck:282] 
	                                 ==> Convergence Check <==                                  
    
	Measures of convergence in internal coordinates in au.
    
	Criteria marked as inactive (o), active & met (*), and active & unmet ( ).

	----------------------------------------------------------------------------------------------
	   Step    Total Energy     Delta E     Max Force     RMS Force      Max Disp      RMS Disp   
	----------------------------------------------------------------------------------------------
	  Convergence Criteria     1.00e-06 *    3.00e-04 *             o    1.20e-03 *             o
	----------------------------------------------------------------------------------------------
	     4    -655.50987943   -6.98e-02      1.44e-01      1.44e-01 o    1.73e-01      1.73e-01 o  ~
	----------------------------------------------------------------------------------------------


2025-12-23:11:13:19,405 INFO     [psi4.optking.stepAlgorithms:296] 	Convergence check returned False
2025-12-23:11:13:19,415 INFO     [psi4.driver.task_planner:259] PLANNING Atomic:  keywords={'DAMPING_PERCENTAGE': 1.0, 'GEOM_MAXITER': 500, 'SCF__GUESS': 'READ', 'GUESS': 'SAP', 'MAXITER': 500, 'REFERENCE': 'UKS', 'function_kwargs': {}}
2025-12-23:11:13:19,417 INFO     [psi4.driver.driver:638] Compute gradient(): method=b3lyp, basis=cc-pvdz, molecule=default, nre=53.56376771760825
2025-12-23:11:13:19,970 INFO     [psi4.driver.driver:641] Return gradient(): -655.5273368034971
2025-12-23:11:13:19,971 INFO     [psi4.driver.driver:642] [[ 0.00000000 -0.00000000 -0.06344927]
 [ 0.00000000  0.00000000  0.06343069]]
2025-12-23:11:13:19,972 INFO     [psi4.optking.history:269] 	Performing BFGS update.
2025-12-23:11:13:19,972 INFO     [psi4.optking.history:280] 	Using 4 previous steps for update.
2025-12-23:11:13:19,972 WARNING  [psi4.optking.history:301] 	Change in internal coordinate of 7.86e-01 exceeds limit of 5.00e-01.
2025-12-23:11:13:19,972 WARNING  [psi4.optking.history:306] 	Skipping Hessian update for step 2.
2025-12-23:11:13:19,972 WARNING  [psi4.optking.history:301] 	Change in internal coordinate of 1.09e+00 exceeds limit of 5.00e-01.
2025-12-23:11:13:19,973 WARNING  [psi4.optking.history:306] 	Skipping Hessian update for step 1.
2025-12-23:11:13:19,973 INFO     [psi4.optking.history:317] 	Steps to be used in Hessian update:  4 3

2025-12-23:11:13:19,973 INFO     [psi4.optking.history:418] 	Updated Hessian (in au) 
 	   0.680994

2025-12-23:11:13:19,973 INFO     [psi4.optking.molsys:944] Projected (PHP) Hessian matrix
	   0.680994

2025-12-23:11:13:19,973 INFO     [psi4.optking.opt_helper:182] 
	         Geometry (au)                                       Gradient (au)
   0.0000000000   0.0000000000   2.2399000468		   0.0000000000  -0.0000000000  -0.0634492713
   0.0000000000   0.0000000000  -1.1205805106		   0.0000000000   0.0000000000   0.0634306854

2025-12-23:11:13:19,973 INFO     [psi4.optking.stepAlgorithms:368] 	Current Step Report 
 
	Current energy:      -655.5273368035
	Energy change for the previous step:
		Actual       :        -0.0174573741
		Projected    :        -0.0124861867

2025-12-23:11:13:19,973 INFO     [psi4.optking.stepAlgorithms:371] 	Energy ratio =    1.39813
2025-12-23:11:13:19,973 INFO     [psi4.optking.stepAlgorithms:929] 	Using RFO solution 1.
2025-12-23:11:13:19,973 INFO     [psi4.optking.displace:100] 	Determining Cartesian step for fragment 1.
2025-12-23:11:13:19,973 INFO     [psi4.optking.displace:415] 	Successfully converged to displaced geometry.
2025-12-23:11:13:19,973 INFO     [psi4.optking.displace:416] 	RMS(dx):  0.000e+00 	Max(dx):  0.000e+00 	RMS(dq):  0.000e+00
2025-12-23:11:13:19,973 INFO     [psi4.optking.displace:172] 

	        --- Internal Coordinate Step in ANG or DEG, aJ/ANG or AJ/DEG ---
	-------------------------------------------------------------------------------
	           Coordinate      Previous         Force          Change          New 
	           ----------      --------        ------          ------        ------
	               R(1,2)       1.77829        0.52266        0.04888       1.82717
	-------------------------------------------------------------------------------

2025-12-23:11:13:19,973 INFO     [psi4.optking.stepAlgorithms:113] 	|target step| :    0.0923632088
2025-12-23:11:13:19,973 INFO     [psi4.optking.stepAlgorithms:114] 	gradient     :   -0.0634399783
2025-12-23:11:13:19,973 INFO     [psi4.optking.stepAlgorithms:115] 	hessian      :    0.6809938183
2025-12-23:11:13:19,973 INFO     [psi4.optking.stepAlgorithms:113] 	|target step| :    0.0923632088
2025-12-23:11:13:19,973 INFO     [psi4.optking.stepAlgorithms:114] 	gradient     :   -0.0634399783
2025-12-23:11:13:19,973 INFO     [psi4.optking.stepAlgorithms:115] 	hessian      :    0.6809938183
2025-12-23:11:13:19,973 INFO     [psi4.optking.stepAlgorithms:206] 	Norm of achieved step-size    0.0923632088
2025-12-23:11:13:19,973 INFO     [psi4.optking.stepAlgorithms:208] 	Norm of achieved step-size (cart):    0.0653106513
2025-12-23:11:13:19,974 INFO     [psi4.optking.opt_helper:164] Molsys:

	                            ===> Fragment 1 <== 

	 Z (Atomic Numbers)          Masses                          Geom                  
	      10.000000            19.992440          0.00000000  0.00000000  2.28608165   
	      18.000000            39.962383          0.00000000  0.00000000 -1.16676212   

	 - Coordinate -           - BOHR/RAD -       - ANG/DEG -
	 R(1,2)           =         3.452844           1.827166

2025-12-23:11:13:19,974 INFO     [psi4.optking.convcheck:76] Performing convergence check.
2025-12-23:11:13:19,974 INFO     [psi4.optking.convcheck:282] 
	                                 ==> Convergence Check <==                                  
    
	Measures of convergence in internal coordinates in au.
    
	Criteria marked as inactive (o), active & met (*), and active & unmet ( ).

	----------------------------------------------------------------------------------------------
	   Step    Total Energy     Delta E     Max Force     RMS Force      Max Disp      RMS Disp   
	----------------------------------------------------------------------------------------------
	  Convergence Criteria     1.00e-06 *    3.00e-04 *             o    1.20e-03 *             o
	----------------------------------------------------------------------------------------------
	     5    -655.52733680   -1.75e-02      6.34e-02      6.34e-02 o    9.24e-02      9.24e-02 o  ~
	----------------------------------------------------------------------------------------------


2025-12-23:11:13:19,974 INFO     [psi4.optking.stepAlgorithms:296] 	Convergence check returned False
2025-12-23:11:13:19,984 INFO     [psi4.driver.task_planner:259] PLANNING Atomic:  keywords={'DAMPING_PERCENTAGE': 1.0, 'GEOM_MAXITER': 500, 'SCF__GUESS': 'READ', 'GUESS': 'SAP', 'MAXITER': 500, 'REFERENCE': 'UKS', 'function_kwargs': {}}
2025-12-23:11:13:19,986 INFO     [psi4.driver.driver:638] Compute gradient(): method=b3lyp, basis=cc-pvdz, molecule=default, nre=52.130942545508255
2025-12-23:11:13:20,466 INFO     [psi4.driver.driver:641] Return gradient(): -655.5317625957337
2025-12-23:11:13:20,466 INFO     [psi4.driver.driver:642] [[ 0.00000000 -0.00000000 -0.03368991]
 [-0.00000000  0.00000000  0.03371879]]
2025-12-23:11:13:20,468 INFO     [psi4.optking.history:269] 	Performing BFGS update.
2025-12-23:11:13:20,468 INFO     [psi4.optking.history:280] 	Using 4 previous steps for update.
2025-12-23:11:13:20,468 WARNING  [psi4.optking.history:301] 	Change in internal coordinate of 5.48e-01 exceeds limit of 5.00e-01.
2025-12-23:11:13:20,468 WARNING  [psi4.optking.history:306] 	Skipping Hessian update for step 3.
2025-12-23:11:13:20,468 WARNING  [psi4.optking.history:301] 	Change in internal coordinate of 8.78e-01 exceeds limit of 5.00e-01.
2025-12-23:11:13:20,468 WARNING  [psi4.optking.history:306] 	Skipping Hessian update for step 2.
2025-12-23:11:13:20,468 WARNING  [psi4.optking.history:301] 	Change in internal coordinate of 1.19e+00 exceeds limit of 5.00e-01.
2025-12-23:11:13:20,468 WARNING  [psi4.optking.history:306] 	Skipping Hessian update for step 1.
2025-12-23:11:13:20,468 INFO     [psi4.optking.history:317] 	Steps to be used in Hessian update:  5 4

2025-12-23:11:13:20,468 INFO     [psi4.optking.history:418] 	Updated Hessian (in au) 
 	   0.417632

2025-12-23:11:13:20,468 INFO     [psi4.optking.molsys:944] Projected (PHP) Hessian matrix
	   0.417632

2025-12-23:11:13:20,468 INFO     [psi4.optking.opt_helper:182] 
	         Geometry (au)                                       Gradient (au)
   0.0000000000   0.0000000000   2.3014639667		   0.0000000000  -0.0000000000  -0.0336899098
   0.0000000000   0.0000000000  -1.1513797996		  -0.0000000000   0.0000000000   0.0337187872

2025-12-23:11:13:20,468 INFO     [psi4.optking.stepAlgorithms:368] 	Current Step Report 
 
	Current energy:      -655.5317625957
	Energy change for the previous step:
		Actual       :        -0.0044257922
		Projected    :        -0.0029297600

2025-12-23:11:13:20,468 INFO     [psi4.optking.stepAlgorithms:371] 	Energy ratio =    1.51063
2025-12-23:11:13:20,469 INFO     [psi4.optking.stepAlgorithms:929] 	Using RFO solution 1.
2025-12-23:11:13:20,469 INFO     [psi4.optking.displace:100] 	Determining Cartesian step for fragment 1.
2025-12-23:11:13:20,469 INFO     [psi4.optking.displace:415] 	Successfully converged to displaced geometry.
2025-12-23:11:13:20,469 INFO     [psi4.optking.displace:416] 	RMS(dx):  0.000e+00 	Max(dx):  0.000e+00 	RMS(dq):  0.000e+00
2025-12-23:11:13:20,469 INFO     [psi4.optking.displace:172] 

	        --- Internal Coordinate Step in ANG or DEG, aJ/ANG or AJ/DEG ---
	-------------------------------------------------------------------------------
	           Coordinate      Previous         Force          Change          New 
	           ----------      --------        ------          ------        ------
	               R(1,2)       1.82717        0.27768        0.04243       1.86960
	-------------------------------------------------------------------------------

2025-12-23:11:13:20,469 INFO     [psi4.optking.stepAlgorithms:113] 	|target step| :    0.0801846521
2025-12-23:11:13:20,469 INFO     [psi4.optking.stepAlgorithms:114] 	gradient     :   -0.0337043485
2025-12-23:11:13:20,469 INFO     [psi4.optking.stepAlgorithms:115] 	hessian      :    0.4176315903
2025-12-23:11:13:20,469 INFO     [psi4.optking.stepAlgorithms:113] 	|target step| :    0.0801846521
2025-12-23:11:13:20,469 INFO     [psi4.optking.stepAlgorithms:114] 	gradient     :   -0.0337043485
2025-12-23:11:13:20,469 INFO     [psi4.optking.stepAlgorithms:115] 	hessian      :    0.4176315903
2025-12-23:11:13:20,469 INFO     [psi4.optking.stepAlgorithms:206] 	Norm of achieved step-size    0.0801846521
2025-12-23:11:13:20,469 INFO     [psi4.optking.stepAlgorithms:208] 	Norm of achieved step-size (cart):    0.0566991113
2025-12-23:11:13:20,469 INFO     [psi4.optking.opt_helper:164] Molsys:

	                            ===> Fragment 1 <== 

	 Z (Atomic Numbers)          Masses                          Geom                  
	      10.000000            19.992440          0.00000000  0.00000000  2.34155629   
	      18.000000            39.962383          0.00000000  0.00000000 -1.19147213   

	 - Coordinate -           - BOHR/RAD -       - ANG/DEG -
	 R(1,2)           =         3.533028           1.869598

2025-12-23:11:13:20,469 INFO     [psi4.optking.convcheck:76] Performing convergence check.
2025-12-23:11:13:20,469 INFO     [psi4.optking.convcheck:282] 
	                                 ==> Convergence Check <==                                  
    
	Measures of convergence in internal coordinates in au.
    
	Criteria marked as inactive (o), active & met (*), and active & unmet ( ).

	----------------------------------------------------------------------------------------------
	   Step    Total Energy     Delta E     Max Force     RMS Force      Max Disp      RMS Disp   
	----------------------------------------------------------------------------------------------
	  Convergence Criteria     1.00e-06 *    3.00e-04 *             o    1.20e-03 *             o
	----------------------------------------------------------------------------------------------
	     6    -655.53176260   -4.43e-03      3.37e-02      3.37e-02 o    8.02e-02      8.02e-02 o  ~
	----------------------------------------------------------------------------------------------


2025-12-23:11:13:20,469 INFO     [psi4.optking.stepAlgorithms:296] 	Convergence check returned False
2025-12-23:11:13:20,480 INFO     [psi4.driver.task_planner:259] PLANNING Atomic:  keywords={'DAMPING_PERCENTAGE': 1.0, 'GEOM_MAXITER': 500, 'SCF__GUESS': 'READ', 'GUESS': 'SAP', 'MAXITER': 500, 'REFERENCE': 'UKS', 'function_kwargs': {}}
2025-12-23:11:13:20,481 INFO     [psi4.driver.driver:638] Compute gradient(): method=b3lyp, basis=cc-pvdz, molecule=default, nre=50.9477928513316
2025-12-23:11:13:21,32 INFO     [psi4.driver.driver:641] Return gradient(): -655.5336603511552
2025-12-23:11:13:21,32 INFO     [psi4.driver.driver:642] [[-0.00000000  0.00000000 -0.01444588]
 [ 0.00000000 -0.00000000  0.01450670]]
2025-12-23:11:13:21,34 INFO     [psi4.optking.history:269] 	Performing BFGS update.
2025-12-23:11:13:21,34 INFO     [psi4.optking.history:280] 	Using 4 previous steps for update.
2025-12-23:11:13:21,34 WARNING  [psi4.optking.history:301] 	Change in internal coordinate of 6.28e-01 exceeds limit of 5.00e-01.
2025-12-23:11:13:21,34 WARNING  [psi4.optking.history:306] 	Skipping Hessian update for step 3.
2025-12-23:11:13:21,34 WARNING  [psi4.optking.history:301] 	Change in internal coordinate of 9.58e-01 exceeds limit of 5.00e-01.
2025-12-23:11:13:21,34 WARNING  [psi4.optking.history:306] 	Skipping Hessian update for step 2.
2025-12-23:11:13:21,34 WARNING  [psi4.optking.history:301] 	Change in internal coordinate of 1.27e+00 exceeds limit of 5.00e-01.
2025-12-23:11:13:21,34 WARNING  [psi4.optking.history:306] 	Skipping Hessian update for step 1.
2025-12-23:11:13:21,34 INFO     [psi4.optking.history:317] 	Steps to be used in Hessian update:  6 5 4

2025-12-23:11:13:21,34 INFO     [psi4.optking.history:418] 	Updated Hessian (in au) 
 	   0.376348

2025-12-23:11:13:21,34 INFO     [psi4.optking.molsys:944] Projected (PHP) Hessian matrix
	   0.376348

2025-12-23:11:13:21,34 INFO     [psi4.optking.opt_helper:182] 
	         Geometry (au)                                       Gradient (au)
   0.0000000000   0.0000000000   2.3549103721		  -0.0000000000   0.0000000000  -0.0144458818
   0.0000000000   0.0000000000  -1.1781180464		   0.0000000000  -0.0000000000   0.0145067011

2025-12-23:11:13:21,34 INFO     [psi4.optking.stepAlgorithms:368] 	Current Step Report 
 
	Current energy:      -655.5336603512
	Energy change for the previous step:
		Actual       :        -0.0018977554
		Projected    :        -0.0013512857

2025-12-23:11:13:21,34 INFO     [psi4.optking.stepAlgorithms:371] 	Energy ratio =    1.40441
2025-12-23:11:13:21,34 INFO     [psi4.optking.stepAlgorithms:929] 	Using RFO solution 1.
2025-12-23:11:13:21,35 INFO     [psi4.optking.displace:100] 	Determining Cartesian step for fragment 1.
2025-12-23:11:13:21,35 INFO     [psi4.optking.displace:415] 	Successfully converged to displaced geometry.
2025-12-23:11:13:21,35 INFO     [psi4.optking.displace:416] 	RMS(dx):  0.000e+00 	Max(dx):  0.000e+00 	RMS(dq):  0.000e+00
2025-12-23:11:13:21,35 INFO     [psi4.optking.displace:172] 

	        --- Internal Coordinate Step in ANG or DEG, aJ/ANG or AJ/DEG ---
	-------------------------------------------------------------------------------
	           Coordinate      Previous         Force          Change          New 
	           ----------      --------        ------          ------        ------
	               R(1,2)       1.86960        0.11927        0.02032       1.88992
	-------------------------------------------------------------------------------

2025-12-23:11:13:21,35 INFO     [psi4.optking.stepAlgorithms:113] 	|target step| :    0.0384084430
2025-12-23:11:13:21,35 INFO     [psi4.optking.stepAlgorithms:114] 	gradient     :   -0.0144762914
2025-12-23:11:13:21,35 INFO     [psi4.optking.stepAlgorithms:115] 	hessian      :    0.3763478741
2025-12-23:11:13:21,35 INFO     [psi4.optking.stepAlgorithms:113] 	|target step| :    0.0384084430
2025-12-23:11:13:21,35 INFO     [psi4.optking.stepAlgorithms:114] 	gradient     :   -0.0144762914
2025-12-23:11:13:21,35 INFO     [psi4.optking.stepAlgorithms:115] 	hessian      :    0.3763478741
2025-12-23:11:13:21,35 INFO     [psi4.optking.stepAlgorithms:206] 	Norm of achieved step-size    0.0384084430
2025-12-23:11:13:21,35 INFO     [psi4.optking.stepAlgorithms:208] 	Norm of achieved step-size (cart):    0.0271588705
2025-12-23:11:13:21,35 INFO     [psi4.optking.opt_helper:164] Molsys:

	                            ===> Fragment 1 <== 

	 Z (Atomic Numbers)          Masses                          Geom                  
	      10.000000            19.992440          0.00000000  0.00000000  2.37411459   
	      18.000000            39.962383          0.00000000  0.00000000 -1.19732227   

	 - Coordinate -           - BOHR/RAD -       - ANG/DEG -
	 R(1,2)           =         3.571437           1.889923

2025-12-23:11:13:21,35 INFO     [psi4.optking.convcheck:76] Performing convergence check.
2025-12-23:11:13:21,35 INFO     [psi4.optking.convcheck:282] 
	                                 ==> Convergence Check <==                                  
    
	Measures of convergence in internal coordinates in au.
    
	Criteria marked as inactive (o), active & met (*), and active & unmet ( ).

	----------------------------------------------------------------------------------------------
	   Step    Total Energy     Delta E     Max Force     RMS Force      Max Disp      RMS Disp   
	----------------------------------------------------------------------------------------------
	  Convergence Criteria     1.00e-06 *    3.00e-04 *             o    1.20e-03 *             o
	----------------------------------------------------------------------------------------------
	     7    -655.53366035   -1.90e-03      1.45e-02      1.45e-02 o    3.84e-02      3.84e-02 o  ~
	----------------------------------------------------------------------------------------------


2025-12-23:11:13:21,35 INFO     [psi4.optking.stepAlgorithms:296] 	Convergence check returned False
2025-12-23:11:13:21,45 INFO     [psi4.driver.task_planner:259] PLANNING Atomic:  keywords={'DAMPING_PERCENTAGE': 1.0, 'GEOM_MAXITER': 500, 'SCF__GUESS': 'READ', 'GUESS': 'SAP', 'MAXITER': 500, 'REFERENCE': 'UKS', 'function_kwargs': {}}
2025-12-23:11:13:21,46 INFO     [psi4.driver.driver:638] Compute gradient(): method=b3lyp, basis=cc-pvdz, molecule=default, nre=50.399883012035026
2025-12-23:11:13:21,588 INFO     [psi4.driver.driver:641] Return gradient(): -655.5340765115648
2025-12-23:11:13:21,588 INFO     [psi4.driver.driver:642] [[-0.00000000 -0.00000000 -0.00725026]
 [ 0.00000000 -0.00000000  0.00731355]]
2025-12-23:11:13:21,589 INFO     [psi4.optking.history:269] 	Performing BFGS update.
2025-12-23:11:13:21,590 INFO     [psi4.optking.history:280] 	Using 4 previous steps for update.
2025-12-23:11:13:21,590 INFO     [psi4.optking.history:317] 	Steps to be used in Hessian update:  7 6 5 4

2025-12-23:11:13:21,590 INFO     [psi4.optking.history:418] 	Updated Hessian (in au) 
 	   0.357431

2025-12-23:11:13:21,590 INFO     [psi4.optking.molsys:944] Projected (PHP) Hessian matrix
	   0.357431

2025-12-23:11:13:21,590 INFO     [psi4.optking.opt_helper:182] 
	         Geometry (au)                                       Gradient (au)
   0.0000000000   0.0000000000   2.3805111966		  -0.0000000000  -0.0000000000  -0.0072502569
   0.0000000000   0.0000000000  -1.1909256648		   0.0000000000  -0.0000000000   0.0073135452

2025-12-23:11:13:21,590 INFO     [psi4.optking.stepAlgorithms:368] 	Current Step Report 
 
	Current energy:      -655.5340765116
	Energy change for the previous step:
		Actual       :        -0.0004161604
		Projected    :        -0.0002780059

2025-12-23:11:13:21,590 INFO     [psi4.optking.stepAlgorithms:371] 	Energy ratio =    1.49695
2025-12-23:11:13:21,590 INFO     [psi4.optking.stepAlgorithms:929] 	Using RFO solution 1.
2025-12-23:11:13:21,590 INFO     [psi4.optking.displace:100] 	Determining Cartesian step for fragment 1.
2025-12-23:11:13:21,591 INFO     [psi4.optking.displace:415] 	Successfully converged to displaced geometry.
2025-12-23:11:13:21,591 INFO     [psi4.optking.displace:416] 	RMS(dx):  0.000e+00 	Max(dx):  0.000e+00 	RMS(dq):  0.000e+00
2025-12-23:11:13:21,591 INFO     [psi4.optking.displace:172] 

	        --- Internal Coordinate Step in ANG or DEG, aJ/ANG or AJ/DEG ---
	-------------------------------------------------------------------------------
	           Coordinate      Previous         Force          Change          New 
	           ----------      --------        ------          ------        ------
	               R(1,2)       1.88992        0.05999        0.01078       1.90070
	-------------------------------------------------------------------------------

2025-12-23:11:13:21,591 INFO     [psi4.optking.stepAlgorithms:113] 	|target step| :    0.0203644376
2025-12-23:11:13:21,591 INFO     [psi4.optking.stepAlgorithms:114] 	gradient     :   -0.0072819011
2025-12-23:11:13:21,591 INFO     [psi4.optking.stepAlgorithms:115] 	hessian      :    0.3574309949
2025-12-23:11:13:21,591 INFO     [psi4.optking.stepAlgorithms:113] 	|target step| :    0.0203644376
2025-12-23:11:13:21,591 INFO     [psi4.optking.stepAlgorithms:114] 	gradient     :   -0.0072819011
2025-12-23:11:13:21,591 INFO     [psi4.optking.stepAlgorithms:115] 	hessian      :    0.3574309949
2025-12-23:11:13:21,591 INFO     [psi4.optking.stepAlgorithms:206] 	Norm of achieved step-size    0.0203644376
2025-12-23:11:13:21,591 INFO     [psi4.optking.stepAlgorithms:208] 	Norm of achieved step-size (cart):    0.0143998319
2025-12-23:11:13:21,591 INFO     [psi4.optking.opt_helper:164] Molsys:

	                            ===> Fragment 1 <== 

	 Z (Atomic Numbers)          Masses                          Geom                  
	      10.000000            19.992440          0.00000000  0.00000000  2.39069342   
	      18.000000            39.962383          0.00000000  0.00000000 -1.20110788   

	 - Coordinate -           - BOHR/RAD -       - ANG/DEG -
	 R(1,2)           =         3.591801           1.900699

2025-12-23:11:13:21,591 INFO     [psi4.optking.convcheck:76] Performing convergence check.
2025-12-23:11:13:21,591 INFO     [psi4.optking.convcheck:282] 
	                                 ==> Convergence Check <==                                  
    
	Measures of convergence in internal coordinates in au.
    
	Criteria marked as inactive (o), active & met (*), and active & unmet ( ).

	----------------------------------------------------------------------------------------------
	   Step    Total Energy     Delta E     Max Force     RMS Force      Max Disp      RMS Disp   
	----------------------------------------------------------------------------------------------
	  Convergence Criteria     1.00e-06 *    3.00e-04 *             o    1.20e-03 *             o
	----------------------------------------------------------------------------------------------
	     8    -655.53407651   -4.16e-04      7.28e-03      7.28e-03 o    2.04e-02      2.04e-02 o  ~
	----------------------------------------------------------------------------------------------


2025-12-23:11:13:21,591 INFO     [psi4.optking.stepAlgorithms:296] 	Convergence check returned False
2025-12-23:11:13:21,601 INFO     [psi4.driver.task_planner:259] PLANNING Atomic:  keywords={'DAMPING_PERCENTAGE': 1.0, 'GEOM_MAXITER': 500, 'SCF__GUESS': 'READ', 'GUESS': 'SAP', 'MAXITER': 500, 'REFERENCE': 'UKS', 'function_kwargs': {}}
2025-12-23:11:13:21,602 INFO     [psi4.driver.driver:638] Compute gradient(): method=b3lyp, basis=cc-pvdz, molecule=default, nre=50.11413077015777
2025-12-23:11:13:22,135 INFO     [psi4.driver.driver:641] Return gradient(): -655.5341917413733
2025-12-23:11:13:22,135 INFO     [psi4.driver.driver:642] [[-0.00000000  0.00000000 -0.00394420]
 [ 0.00000000  0.00000000  0.00400554]]
2025-12-23:11:13:22,137 INFO     [psi4.optking.history:269] 	Performing BFGS update.
2025-12-23:11:13:22,137 INFO     [psi4.optking.history:280] 	Using 4 previous steps for update.
2025-12-23:11:13:22,137 INFO     [psi4.optking.history:317] 	Steps to be used in Hessian update:  8 7 6 5

2025-12-23:11:13:22,137 INFO     [psi4.optking.history:418] 	Updated Hessian (in au) 
 	   0.257068

2025-12-23:11:13:22,137 INFO     [psi4.optking.molsys:944] Projected (PHP) Hessian matrix
	   0.257068

2025-12-23:11:13:22,137 INFO     [psi4.optking.opt_helper:182] 
	         Geometry (au)                                       Gradient (au)
   0.0000000000   0.0000000000   2.3940849412		  -0.0000000000   0.0000000000  -0.0039441986
   0.0000000000   0.0000000000  -1.1977163578		   0.0000000000   0.0000000000   0.0040055414

2025-12-23:11:13:22,137 INFO     [psi4.optking.stepAlgorithms:368] 	Current Step Report 
 
	Current energy:      -655.5341917414
	Energy change for the previous step:
		Actual       :        -0.0001152298
		Projected    :        -0.0000741459

2025-12-23:11:13:22,137 INFO     [psi4.optking.stepAlgorithms:371] 	Energy ratio =    1.55410
2025-12-23:11:13:22,137 INFO     [psi4.optking.stepAlgorithms:929] 	Using RFO solution 1.
2025-12-23:11:13:22,138 INFO     [psi4.optking.displace:100] 	Determining Cartesian step for fragment 1.
2025-12-23:11:13:22,138 INFO     [psi4.optking.displace:415] 	Successfully converged to displaced geometry.
2025-12-23:11:13:22,138 INFO     [psi4.optking.displace:416] 	RMS(dx):  0.000e+00 	Max(dx):  0.000e+00 	RMS(dq):  0.000e+00
2025-12-23:11:13:22,138 INFO     [psi4.optking.displace:172] 

	        --- Internal Coordinate Step in ANG or DEG, aJ/ANG or AJ/DEG ---
	-------------------------------------------------------------------------------
	           Coordinate      Previous         Force          Change          New 
	           ----------      --------        ------          ------        ------
	               R(1,2)       1.90070        0.03275        0.00818       1.90888
	-------------------------------------------------------------------------------

2025-12-23:11:13:22,138 INFO     [psi4.optking.stepAlgorithms:113] 	|target step| :    0.0154586475
2025-12-23:11:13:22,138 INFO     [psi4.optking.stepAlgorithms:114] 	gradient     :   -0.0039748700
2025-12-23:11:13:22,138 INFO     [psi4.optking.stepAlgorithms:115] 	hessian      :    0.2570677749
2025-12-23:11:13:22,138 INFO     [psi4.optking.stepAlgorithms:113] 	|target step| :    0.0154586475
2025-12-23:11:13:22,138 INFO     [psi4.optking.stepAlgorithms:114] 	gradient     :   -0.0039748700
2025-12-23:11:13:22,138 INFO     [psi4.optking.stepAlgorithms:115] 	hessian      :    0.2570677749
2025-12-23:11:13:22,138 INFO     [psi4.optking.stepAlgorithms:206] 	Norm of achieved step-size    0.0154586475
2025-12-23:11:13:22,138 INFO     [psi4.optking.stepAlgorithms:208] 	Norm of achieved step-size (cart):    0.0109309145
2025-12-23:11:13:22,138 INFO     [psi4.optking.opt_helper:164] Molsys:

	                            ===> Fragment 1 <== 

	 Z (Atomic Numbers)          Masses                          Geom                  
	      10.000000            19.992440          0.00000000  0.00000000  2.40181426   
	      18.000000            39.962383          0.00000000  0.00000000 -1.20544568   

	 - Coordinate -           - BOHR/RAD -       - ANG/DEG -
	 R(1,2)           =         3.607260           1.908880

2025-12-23:11:13:22,138 INFO     [psi4.optking.convcheck:76] Performing convergence check.
2025-12-23:11:13:22,138 INFO     [psi4.optking.convcheck:282] 
	                                 ==> Convergence Check <==                                  
    
	Measures of convergence in internal coordinates in au.
    
	Criteria marked as inactive (o), active & met (*), and active & unmet ( ).

	----------------------------------------------------------------------------------------------
	   Step    Total Energy     Delta E     Max Force     RMS Force      Max Disp      RMS Disp   
	----------------------------------------------------------------------------------------------
	  Convergence Criteria     1.00e-06 *    3.00e-04 *             o    1.20e-03 *             o
	----------------------------------------------------------------------------------------------
	     9    -655.53419174   -1.15e-04      3.97e-03      3.97e-03 o    1.55e-02      1.55e-02 o  ~
	----------------------------------------------------------------------------------------------


2025-12-23:11:13:22,138 INFO     [psi4.optking.stepAlgorithms:296] 	Convergence check returned False
2025-12-23:11:13:22,149 INFO     [psi4.driver.task_planner:259] PLANNING Atomic:  keywords={'DAMPING_PERCENTAGE': 1.0, 'GEOM_MAXITER': 500, 'SCF__GUESS': 'READ', 'GUESS': 'SAP', 'MAXITER': 500, 'REFERENCE': 'UKS', 'function_kwargs': {}}
2025-12-23:11:13:22,150 INFO     [psi4.driver.driver:638] Compute gradient(): method=b3lyp, basis=cc-pvdz, molecule=default, nre=49.89937034435163
2025-12-23:11:13:22,657 INFO     [psi4.driver.driver:641] Return gradient(): -655.534236205124
2025-12-23:11:13:22,657 INFO     [psi4.driver.driver:642] [[-0.00000000  0.00000000 -0.00166456]
 [ 0.00000000  0.00000000  0.00172371]]
2025-12-23:11:13:22,658 INFO     [psi4.optking.history:269] 	Performing BFGS update.
2025-12-23:11:13:22,659 INFO     [psi4.optking.history:280] 	Using 4 previous steps for update.
2025-12-23:11:13:22,659 INFO     [psi4.optking.history:317] 	Steps to be used in Hessian update:  9 8 7 6

2025-12-23:11:13:22,659 INFO     [psi4.optking.history:418] 	Updated Hessian (in au) 
 	   0.207298

2025-12-23:11:13:22,659 INFO     [psi4.optking.molsys:944] Projected (PHP) Hessian matrix
	   0.207298

2025-12-23:11:13:22,659 INFO     [psi4.optking.opt_helper:182] 
	         Geometry (au)                                       Gradient (au)
   0.0000000000   0.0000000000   2.4043887727		  -0.0000000000   0.0000000000  -0.0016645591
   0.0000000000   0.0000000000  -1.2028711739		   0.0000000000   0.0000000000   0.0017237126

2025-12-23:11:13:22,659 INFO     [psi4.optking.stepAlgorithms:368] 	Current Step Report 
 
	Current energy:      -655.5342362051
	Energy change for the previous step:
		Actual       :        -0.0000444638
		Projected    :        -0.0000307231

2025-12-23:11:13:22,659 INFO     [psi4.optking.stepAlgorithms:371] 	Energy ratio =    1.44724
2025-12-23:11:13:22,659 INFO     [psi4.optking.stepAlgorithms:929] 	Using RFO solution 1.
2025-12-23:11:13:22,659 INFO     [psi4.optking.displace:100] 	Determining Cartesian step for fragment 1.
2025-12-23:11:13:22,660 INFO     [psi4.optking.displace:415] 	Successfully converged to displaced geometry.
2025-12-23:11:13:22,660 INFO     [psi4.optking.displace:416] 	RMS(dx):  1.282e-16 	Max(dx):  2.220e-16 	RMS(dq):  4.441e-16
2025-12-23:11:13:22,660 INFO     [psi4.optking.displace:172] 

	        --- Internal Coordinate Step in ANG or DEG, aJ/ANG or AJ/DEG ---
	-------------------------------------------------------------------------------
	           Coordinate      Previous         Force          Change          New 
	           ----------      --------        ------          ------        ------
	               R(1,2)       1.90888        0.01396        0.00432       1.91320
	-------------------------------------------------------------------------------

2025-12-23:11:13:22,660 INFO     [psi4.optking.stepAlgorithms:113] 	|target step| :    0.0081719081
2025-12-23:11:13:22,660 INFO     [psi4.optking.stepAlgorithms:114] 	gradient     :   -0.0016941359
2025-12-23:11:13:22,660 INFO     [psi4.optking.stepAlgorithms:115] 	hessian      :    0.2072983067
2025-12-23:11:13:22,660 INFO     [psi4.optking.stepAlgorithms:113] 	|target step| :    0.0081719081
2025-12-23:11:13:22,660 INFO     [psi4.optking.stepAlgorithms:114] 	gradient     :   -0.0016941359
2025-12-23:11:13:22,660 INFO     [psi4.optking.stepAlgorithms:115] 	hessian      :    0.2072983067
2025-12-23:11:13:22,660 INFO     [psi4.optking.stepAlgorithms:206] 	Norm of achieved step-size    0.0081719081
2025-12-23:11:13:22,660 INFO     [psi4.optking.stepAlgorithms:208] 	Norm of achieved step-size (cart):    0.0057784116
2025-12-23:11:13:22,660 INFO     [psi4.optking.opt_helper:164] Molsys:

	                            ===> Fragment 1 <== 

	 Z (Atomic Numbers)          Masses                          Geom                  
	      10.000000            19.992440          0.00000000  0.00000000  2.40847473   
	      18.000000            39.962383          0.00000000  0.00000000 -1.20695713   

	 - Coordinate -           - BOHR/RAD -       - ANG/DEG -
	 R(1,2)           =         3.615432           1.913204

2025-12-23:11:13:22,660 INFO     [psi4.optking.convcheck:76] Performing convergence check.
2025-12-23:11:13:22,660 INFO     [psi4.optking.convcheck:282] 
	                                 ==> Convergence Check <==                                  
    
	Measures of convergence in internal coordinates in au.
    
	Criteria marked as inactive (o), active & met (*), and active & unmet ( ).

	----------------------------------------------------------------------------------------------
	   Step    Total Energy     Delta E     Max Force     RMS Force      Max Disp      RMS Disp   
	----------------------------------------------------------------------------------------------
	  Convergence Criteria     1.00e-06 *    3.00e-04 *             o    1.20e-03 *             o
	----------------------------------------------------------------------------------------------
	    10    -655.53423621   -4.45e-05      1.69e-03      1.69e-03 o    8.17e-03      8.17e-03 o  ~
	----------------------------------------------------------------------------------------------


2025-12-23:11:13:22,660 INFO     [psi4.optking.stepAlgorithms:296] 	Convergence check returned False
2025-12-23:11:13:22,670 INFO     [psi4.driver.task_planner:259] PLANNING Atomic:  keywords={'DAMPING_PERCENTAGE': 1.0, 'GEOM_MAXITER': 500, 'SCF__GUESS': 'READ', 'GUESS': 'SAP', 'MAXITER': 500, 'REFERENCE': 'UKS', 'function_kwargs': {}}
2025-12-23:11:13:22,671 INFO     [psi4.driver.driver:638] Compute gradient(): method=b3lyp, basis=cc-pvdz, molecule=default, nre=49.78658352217238
2025-12-23:11:13:23,204 INFO     [psi4.driver.driver:641] Return gradient(): -655.5342458856228
2025-12-23:11:13:23,204 INFO     [psi4.driver.driver:642] [[ 0.00000000  0.00000000 -0.00053848]
 [ 0.00000000 -0.00000000  0.00059649]]
2025-12-23:11:13:23,206 INFO     [psi4.optking.history:269] 	Performing BFGS update.
2025-12-23:11:13:23,206 INFO     [psi4.optking.history:280] 	Using 4 previous steps for update.
2025-12-23:11:13:23,206 INFO     [psi4.optking.history:317] 	Steps to be used in Hessian update:  10 9 8 7

2025-12-23:11:13:23,206 INFO     [psi4.optking.history:418] 	Updated Hessian (in au) 
 	   0.168789

2025-12-23:11:13:23,206 INFO     [psi4.optking.molsys:944] Projected (PHP) Hessian matrix
	   0.168789

2025-12-23:11:13:23,207 INFO     [psi4.optking.opt_helper:182] 
	         Geometry (au)                                       Gradient (au)
   0.0000000000   0.0000000000   2.4098356893		   0.0000000000   0.0000000000  -0.0005384812
   0.0000000000   0.0000000000  -1.2055961654		   0.0000000000  -0.0000000000   0.0005964908

2025-12-23:11:13:23,207 INFO     [psi4.optking.stepAlgorithms:368] 	Current Step Report 
 
	Current energy:      -655.5342458856
	Energy change for the previous step:
		Actual       :        -0.0000096805
		Projected    :        -0.0000069222

2025-12-23:11:13:23,207 INFO     [psi4.optking.stepAlgorithms:371] 	Energy ratio =    1.39848
2025-12-23:11:13:23,207 INFO     [psi4.optking.stepAlgorithms:929] 	Using RFO solution 1.
2025-12-23:11:13:23,207 INFO     [psi4.optking.displace:100] 	Determining Cartesian step for fragment 1.
2025-12-23:11:13:23,207 INFO     [psi4.optking.displace:415] 	Successfully converged to displaced geometry.
2025-12-23:11:13:23,207 INFO     [psi4.optking.displace:416] 	RMS(dx):  0.000e+00 	Max(dx):  0.000e+00 	RMS(dq):  0.000e+00
2025-12-23:11:13:23,207 INFO     [psi4.optking.displace:172] 

	        --- Internal Coordinate Step in ANG or DEG, aJ/ANG or AJ/DEG ---
	-------------------------------------------------------------------------------
	           Coordinate      Previous         Force          Change          New 
	           ----------      --------        ------          ------        ------
	               R(1,2)       1.91320        0.00468        0.00178       1.91498
	-------------------------------------------------------------------------------

2025-12-23:11:13:23,207 INFO     [psi4.optking.stepAlgorithms:113] 	|target step| :    0.0033620623
2025-12-23:11:13:23,207 INFO     [psi4.optking.stepAlgorithms:114] 	gradient     :   -0.0005674860
2025-12-23:11:13:23,207 INFO     [psi4.optking.stepAlgorithms:115] 	hessian      :    0.1687891431
2025-12-23:11:13:23,207 INFO     [psi4.optking.stepAlgorithms:113] 	|target step| :    0.0033620623
2025-12-23:11:13:23,207 INFO     [psi4.optking.stepAlgorithms:114] 	gradient     :   -0.0005674860
2025-12-23:11:13:23,207 INFO     [psi4.optking.stepAlgorithms:115] 	hessian      :    0.1687891431
2025-12-23:11:13:23,207 INFO     [psi4.optking.stepAlgorithms:206] 	Norm of achieved step-size    0.0033620623
2025-12-23:11:13:23,207 INFO     [psi4.optking.stepAlgorithms:208] 	Norm of achieved step-size (cart):    0.0023773370
2025-12-23:11:13:23,207 INFO     [psi4.optking.opt_helper:164] Molsys:

	                            ===> Fragment 1 <== 

	 Z (Atomic Numbers)          Masses                          Geom                  
	      10.000000            19.992440          0.00000000  0.00000000  2.41151672   
	      18.000000            39.962383          0.00000000  0.00000000 -1.20727720   

	 - Coordinate -           - BOHR/RAD -       - ANG/DEG -
	 R(1,2)           =         3.618794           1.914983

2025-12-23:11:13:23,208 INFO     [psi4.optking.convcheck:76] Performing convergence check.
2025-12-23:11:13:23,208 INFO     [psi4.optking.convcheck:282] 
	                                 ==> Convergence Check <==                                  
    
	Measures of convergence in internal coordinates in au.
    
	Criteria marked as inactive (o), active & met (*), and active & unmet ( ).

	----------------------------------------------------------------------------------------------
	   Step    Total Energy     Delta E     Max Force     RMS Force      Max Disp      RMS Disp   
	----------------------------------------------------------------------------------------------
	  Convergence Criteria     1.00e-06 *    3.00e-04 *             o    1.20e-03 *             o
	----------------------------------------------------------------------------------------------
	    11    -655.53424589   -9.68e-06      5.67e-04      5.67e-04 o    3.36e-03      3.36e-03 o  ~
	----------------------------------------------------------------------------------------------


2025-12-23:11:13:23,208 INFO     [psi4.optking.stepAlgorithms:296] 	Convergence check returned False
2025-12-23:11:13:23,218 INFO     [psi4.driver.task_planner:259] PLANNING Atomic:  keywords={'DAMPING_PERCENTAGE': 1.0, 'GEOM_MAXITER': 500, 'SCF__GUESS': 'READ', 'GUESS': 'SAP', 'MAXITER': 500, 'REFERENCE': 'UKS', 'function_kwargs': {}}
2025-12-23:11:13:23,219 INFO     [psi4.driver.driver:638] Compute gradient(): method=b3lyp, basis=cc-pvdz, molecule=default, nre=49.740328996756276
2025-12-23:11:13:23,735 INFO     [psi4.driver.driver:641] Return gradient(): -655.5342472350369
2025-12-23:11:13:23,735 INFO     [psi4.driver.driver:642] [[ 0.00000000  0.00000000 -0.00009091]
 [ 0.00000000 -0.00000000  0.00014849]]
2025-12-23:11:13:23,737 INFO     [psi4.optking.history:269] 	Performing BFGS update.
2025-12-23:11:13:23,737 INFO     [psi4.optking.history:280] 	Using 4 previous steps for update.
2025-12-23:11:13:23,737 INFO     [psi4.optking.history:317] 	Steps to be used in Hessian update:  11 10 9 8

2025-12-23:11:13:23,737 INFO     [psi4.optking.history:418] 	Updated Hessian (in au) 
 	   0.151238

2025-12-23:11:13:23,737 INFO     [psi4.optking.molsys:944] Projected (PHP) Hessian matrix
	   0.151238

2025-12-23:11:13:23,737 INFO     [psi4.optking.opt_helper:182] 
	         Geometry (au)                                       Gradient (au)
   0.0000000000   0.0000000000   2.4120766436		   0.0000000000   0.0000000000  -0.0000909140
   0.0000000000   0.0000000000  -1.2067172733		   0.0000000000  -0.0000000000   0.0001484888

2025-12-23:11:13:23,737 INFO     [psi4.optking.stepAlgorithms:368] 	Current Step Report 
 
	Current energy:      -655.5342472350
	Energy change for the previous step:
		Actual       :        -0.0000013494
		Projected    :        -0.0000009540

2025-12-23:11:13:23,737 INFO     [psi4.optking.stepAlgorithms:371] 	Energy ratio =    1.41454
2025-12-23:11:13:23,738 INFO     [psi4.optking.stepAlgorithms:929] 	Using RFO solution 1.
2025-12-23:11:13:23,738 INFO     [psi4.optking.displace:100] 	Determining Cartesian step for fragment 1.
2025-12-23:11:13:23,738 INFO     [psi4.optking.displace:415] 	Successfully converged to displaced geometry.
2025-12-23:11:13:23,738 INFO     [psi4.optking.displace:416] 	RMS(dx):  0.000e+00 	Max(dx):  0.000e+00 	RMS(dq):  0.000e+00
2025-12-23:11:13:23,738 INFO     [psi4.optking.displace:172] 

	        --- Internal Coordinate Step in ANG or DEG, aJ/ANG or AJ/DEG ---
	-------------------------------------------------------------------------------
	           Coordinate      Previous         Force          Change          New 
	           ----------      --------        ------          ------        ------
	               R(1,2)       1.91498        0.00099        0.00042       1.91540
	-------------------------------------------------------------------------------

2025-12-23:11:13:23,738 INFO     [psi4.optking.stepAlgorithms:113] 	|target step| :    0.0007914749
2025-12-23:11:13:23,738 INFO     [psi4.optking.stepAlgorithms:114] 	gradient     :   -0.0001197014
2025-12-23:11:13:23,738 INFO     [psi4.optking.stepAlgorithms:115] 	hessian      :    0.1512382814
2025-12-23:11:13:23,738 INFO     [psi4.optking.stepAlgorithms:113] 	|target step| :    0.0007914749
2025-12-23:11:13:23,738 INFO     [psi4.optking.stepAlgorithms:114] 	gradient     :   -0.0001197014
2025-12-23:11:13:23,738 INFO     [psi4.optking.stepAlgorithms:115] 	hessian      :    0.1512382814
2025-12-23:11:13:23,738 INFO     [psi4.optking.stepAlgorithms:206] 	Norm of achieved step-size    0.0007914749
2025-12-23:11:13:23,738 INFO     [psi4.optking.stepAlgorithms:208] 	Norm of achieved step-size (cart):    0.0005596573
2025-12-23:11:13:23,738 INFO     [psi4.optking.opt_helper:164] Molsys:

	                            ===> Fragment 1 <== 

	 Z (Atomic Numbers)          Masses                          Geom                  
	      10.000000            19.992440          0.00000000  0.00000000  2.41247238   
	      18.000000            39.962383          0.00000000  0.00000000 -1.20711301   

	 - Coordinate -           - BOHR/RAD -       - ANG/DEG -
	 R(1,2)           =         3.619585           1.915402

2025-12-23:11:13:23,738 INFO     [psi4.optking.convcheck:76] Performing convergence check.
2025-12-23:11:13:23,738 INFO     [psi4.optking.convcheck:282] 
	                                 ==> Convergence Check <==                                  
    
	Measures of convergence in internal coordinates in au.
    
	Criteria marked as inactive (o), active & met (*), and active & unmet ( ).

	----------------------------------------------------------------------------------------------
	   Step    Total Energy     Delta E     Max Force     RMS Force      Max Disp      RMS Disp   
	----------------------------------------------------------------------------------------------
	  Convergence Criteria     1.00e-06 *    3.00e-04 *             o    1.20e-03 *             o
	----------------------------------------------------------------------------------------------
	    12    -655.53424724   -1.35e-06      1.20e-04 *    1.20e-04 o    7.91e-04 *    7.91e-04 o  ~
	----------------------------------------------------------------------------------------------


2025-12-23:11:13:23,738 INFO     [psi4.optking.convcheck:206] 
	                      ===> Final Convergence Report <===                     

	----------------------------------------------------------------------------
	|   Required Criteria    |  One or More Criteria  |   Alternate Criteria   |
	----------------------------------------------------------------------------
	| [x]     max_force      | [ ]       max_DE       |                        |
	|                        | [x]      max_disp      |                        |
	----------------------------------------------------------------------------


2025-12-23:11:13:23,738 INFO     [psi4.optking.stepAlgorithms:296] 	Convergence check returned True
2025-12-23:11:13:23,738 INFO     [psi4.optking.optimize:332] 	Converged in 12 steps!
2025-12-23:11:13:23,739 INFO     [psi4.optking.optimize:333] 	Final energy is   -655.5342472350369
2025-12-23:11:13:23,739 INFO     [psi4.optking.optimize:334] 	Final structure (Angstroms): 
	Fragment 1 (Ang)

	   Ne   0.0000000000   0.0000000000   1.2766254054
	   Ar   0.0000000000   0.0000000000  -0.6387766960


2025-12-23:11:13:23,739 INFO     [psi4.optking.optimize:562] 	Optimization Finished

	==> Optimization Summary <==

        
	Measures of convergence in internal coordinates in au. (Any backward steps not shown.)
        
	---------------------------------------------------------------------------------------------------------------  ~
        
	 Step         Total Energy             Delta E       MAX Force       RMS Force        MAX Disp        RMS Disp   ~
        
	---------------------------------------------------------------------------------------------------------------  ~
        
	     1    -654.854144493165   -654.854144493165      1.41733278      1.41733278      0.30696229      0.30696229  ~
	     2    -655.180874671960     -0.326730178795      0.77546844      0.77546844      0.33036642      0.33036642  ~
	     3    -655.440051044957     -0.259176372997      0.37361938      0.37361938      0.28262372      0.28262372  ~
	     4    -655.509879429403     -0.069828384446      0.14446859      0.14446859      0.17285677      0.17285677  ~
	     5    -655.527336803497     -0.017457374094      0.06343998      0.06343998      0.09236321      0.09236321  ~
	     6    -655.531762595734     -0.004425792237      0.03370435      0.03370435      0.08018465      0.08018465  ~
	     7    -655.533660351155     -0.001897755422      0.01447629      0.01447629      0.03840844      0.03840844  ~
	     8    -655.534076511565     -0.000416160410      0.00728190      0.00728190      0.02036444      0.02036444  ~
	     9    -655.534191741373     -0.000115229809      0.00397487      0.00397487      0.01545865      0.01545865  ~
	    10    -655.534236205124     -0.000044463751      0.00169414      0.00169414      0.00817191      0.00817191  ~
	    11    -655.534245885623     -0.000009680499      0.00056749      0.00056749      0.00336206      0.00336206  ~
	    12    -655.534247235037     -0.000001349414      0.00011970      0.00011970      0.00079147      0.00079147  ~
	----------------------------------------------------------------------------------------------------------------


2025-12-23:11:13:23,739 INFO     [psi4.optking.optimize:806] Preparing OptimizationResult
