2025-12-23:13:35:44,403 WARNING  [psi4.optking:38] Some dependencies such as QCElemental have not yet finished migration to pydantic v2. If issues are encountered please downgrade pydantic or upgrade QCElemental as appropriate
2025-12-23:13:35:44,560 INFO     [psi4.optking.optwrapper:234] Creating a UserComputer
2025-12-23:13:35:44,560 INFO     [psi4.optking.optwrapper:242] 
    			-----------------------------------------

    			 OPTKING 3.0: for geometry optimizations 

    			     By R.A. King, Bethel University     

    			        with contributions from          

    			    A.V. Copan, J. Cayton, A. Heide      

    			-----------------------------------------

    
2025-12-23:13:35:44,561 INFO     [psi4.optking.optwrapper:272] 
		 -- Optimization Parameters --
	GEOM_MAXITER                   =              50
	ALG_GEOM_MAXITER               =              50
	PRINT                          =               1
	OPT_TYPE                       =             MIN
	STEP_TYPE                      =             RFO
	PROGRAM                        =            PSI4
	STEEPEST_DESCENT_TYPE          =         OVERLAP
	CONJUGATE_GRADIENT_TYPE        =        FLETCHER
	OPT_COORDINATES                =        INTERNAL
	RFO_FOLLOW_ROOT                =           False
	RFO_ROOT                       =               0
	ACCEPT_SYMMETRY_BREAKING       =           False
	DYNAMIC_LVL                    =               0
	DYNAMIC_LVL_MAX                =               0
	IRC_STEP_SIZE                  =             0.2
	IRC_DIRECTION                  =         FORWARD
	IRC_POINTS                     =              20
	IRC_MODE                       =          NORMAL
	IRC_CONVERGENCE                =            -0.7
	INTRAFRAG_STEP_LIMIT           =             0.5
	INTRAFRAG_STEP_LIMIT_MIN       =           0.001
	INTRAFRAG_STEP_LIMIT_MAX       =             1.0
	INTERFRAG_STEP_LIMIT           =             0.5
	INTERFRAG_STEP_LIMIT_MIN       =           0.001
	INTERFRAG_STEP_LIMIT_MAX       =             1.0
	ENSURE_BT_CONVERGENCE          =           False
	SIMPLE_STEP_SCALING            =           False
	CONSECUTIVE_BACKSTEPS          =               0
	RFO_NORMALIZATION_MAX          =             100
	RSRFO_ALPHA_MAX                =     100000000.0
	PRINT_TRAJECTORY_XYZ_FILE      =           False
	WRITE_TRAJECTORY               =           False
	FROZEN_DISTANCE                =                
	FROZEN_BEND                    =                
	FROZEN_DIHEDRAL                =                
	FROZEN_OOFP                    =                
	FROZEN_CARTESIAN               =                
	FREEZE_ALL_DIHEDRALS           =           False
	UNFREEZE_DIHEDRALS             =                
	RANGED_DISTANCE                =                
	RANGED_BEND                    =                
	RANGED_DIHEDRAL                =                
	RANGED_OOFP                    =                
	RANGED_CARTESIAN               =                
	EXT_FORCE_DISTANCE             =                
	EXT_FORCE_BEND                 =                
	EXT_FORCE_DIHEDRAL             =                
	EXT_FORCE_OOFP                 =                
	EXT_FORCE_CARTESIAN            =                
	G_CONVERGENCE                  =           QCHEM
	MAX_FORCE_G_CONVERGENCE        =          0.0003
	RMS_FORCE_G_CONVERGENCE        =          0.0003
	MAX_ENERGY_G_CONVERGENCE       =           1e-06
	MAX_DISP_G_CONVERGENCE         =          0.0012
	RMS_DISP_G_CONVERGENCE         =          0.0012
	FLEXIBLE_G_CONVERGENCE         =           False
	HESS_UPDATE                    =            BFGS
	HESS_UPDATE_USE_LAST           =               4
	HESS_UPDATE_LIMIT              =            True
	HESS_UPDATE_LIMIT_MAX          =             1.0
	HESS_UPDATE_LIMIT_SCALE        =             0.5
	HESS_UPDATE_DEN_TOL            =           1e-07
	HESS_UPDATE_DQ_TOL             =             0.5
	CART_HESS_READ                 =           False
	HESSIAN_FILE                   =               .
	FULL_HESS_EVERY                =              -1
	INTRAFRAG_HESS                 =        SCHLEGEL
	H_GUESS_EVERY                  =           False
	BT_MAX_ITER                    =              25
	BT_DX_CONV                     =           1e-07
	BT_DX_RMS_CHANGE_CONV          =           1e-12
	BT_PINV_RCOND                  =           1e-06
	FRAG_MODE                      =          SINGLE
	FRAG_REF_ATOMS                 =              []
	FREEZE_INTRAFRAG               =           False
	INTERFRAG_MODE                 =           FIXED
	ADD_AUXILIARY_BONDS            =           False
	AUXILIARY_BOND_FACTOR          =             2.5
	INTERFRAG_DIST_INV             =           False
	INTERFRAG_COLLINEAR_TOL        =            0.01
	INTERFRAG_COORDS               =              []
	INTERFRAG_HESS                 =         DEFAULT
	COVALENT_CONNECT               =             1.3
	INTERFRAGMENT_CONNECT          =             1.8
	H_BOND_CONNECT                 =             4.3
	INCLUDE_OOFP                   =           False
	TEST_B                         =           False
	TEST_DERIVATIVE_B              =           False
	LINESEARCH_STEP                =             0.1
	LINESEARCH                     =           False
	SD_HESSIAN                     =             1.0
	FIX_VAL_NEAR_PI                =            1.57
	V3D_TORS_ANGLE_LIM             =           0.017
	V3D_TORS_COS_TOL               =           1e-10
	LINEAR_BEND_THRESHOLD          =            3.05
	SMALL_BEND_FIX_THRESHOLD       =            0.35
	REDUNDANT_EVAL_TOL             =           1e-10
	LINEAR_ALGEBRA_TOL             =           1e-10


2025-12-23:13:35:44,687 INFO     [psi4.optking.opt_helper:164] Molsys:

	                            ===> Fragment 1 <== 

	 Z (Atomic Numbers)          Masses                          Geom                  
	       8.000000            15.994915          0.00000000  0.00000000 -1.27951466   
	       8.000000            15.994915          0.00000000  0.00000000  1.27951466   

	 - Coordinate -           - BOHR/RAD -       - ANG/DEG -
	 R(1,2)           =         2.559029           1.354180

2025-12-23:13:35:44,697 INFO     [psi4.driver.task_planner:259] PLANNING Atomic:  keywords={'DAMPING_PERCENTAGE': 1.0, 'DIIS_MAX_VECS': 400, 'D_CONVERGENCE': 1e-08, 'E_CONVERGENCE': 1e-08, 'MAXITER': 500, 'MBIS_MAXITER': 8000, 'REFERENCE': 'UKS', 'function_kwargs': {}}
2025-12-23:13:35:44,698 INFO     [psi4.driver.driver:638] Compute gradient(): method=b3lyp, basis=cc-pvtz, molecule=default, nre=25.00948284783412
2025-12-23:13:35:45,257 INFO     [psi4.driver.driver:641] Return gradient(): -150.37791881876802
2025-12-23:13:35:45,257 INFO     [psi4.driver.driver:642] [[-0.00000000  0.00000000 -0.00142460]
 [-0.00000000  0.00000000  0.00142460]]
2025-12-23:13:35:45,259 INFO     [psi4.optking.molsys:944] Projected (PHP) Hessian matrix
	   0.541416

2025-12-23:13:35:45,259 INFO     [psi4.optking.opt_helper:182] 
	         Geometry (au)                                       Gradient (au)
   0.0000000000   0.0000000000  -1.2795146623		  -0.0000000000   0.0000000000  -0.0014245986
   0.0000000000   0.0000000000   1.2795146623		  -0.0000000000   0.0000000000   0.0014245986

2025-12-23:13:35:45,259 INFO     [psi4.optking.stepAlgorithms:929] 	Using RFO solution 1.
2025-12-23:13:35:45,259 INFO     [psi4.optking.displace:100] 	Determining Cartesian step for fragment 1.
2025-12-23:13:35:45,260 INFO     [psi4.optking.displace:415] 	Successfully converged to displaced geometry.
2025-12-23:13:35:45,260 INFO     [psi4.optking.displace:416] 	RMS(dx):  0.000e+00 	Max(dx):  0.000e+00 	RMS(dq):  0.000e+00
2025-12-23:13:35:45,260 INFO     [psi4.optking.displace:172] 

	        --- Internal Coordinate Step in ANG or DEG, aJ/ANG or AJ/DEG ---
	-------------------------------------------------------------------------------
	           Coordinate      Previous         Force          Change          New 
	           ----------      --------        ------          ------        ------
	               R(1,2)       1.35418       -0.01174       -0.00139       1.35279
	-------------------------------------------------------------------------------

2025-12-23:13:35:45,260 INFO     [psi4.optking.stepAlgorithms:113] 	|target step| :    0.0026312298
2025-12-23:13:35:45,260 INFO     [psi4.optking.stepAlgorithms:114] 	gradient     :   -0.0014245986
2025-12-23:13:35:45,260 INFO     [psi4.optking.stepAlgorithms:115] 	hessian      :    0.5414155470
2025-12-23:13:35:45,260 INFO     [psi4.optking.stepAlgorithms:113] 	|target step| :    0.0026312298
2025-12-23:13:35:45,260 INFO     [psi4.optking.stepAlgorithms:114] 	gradient     :   -0.0014245986
2025-12-23:13:35:45,260 INFO     [psi4.optking.stepAlgorithms:115] 	hessian      :    0.5414155470
2025-12-23:13:35:45,260 INFO     [psi4.optking.stepAlgorithms:206] 	Norm of achieved step-size    0.0026312298
2025-12-23:13:35:45,260 INFO     [psi4.optking.stepAlgorithms:208] 	Norm of achieved step-size (cart):    0.0018605605
2025-12-23:13:35:45,260 INFO     [psi4.optking.opt_helper:164] Molsys:

	                            ===> Fragment 1 <== 

	 Z (Atomic Numbers)          Masses                          Geom                  
	       8.000000            15.994915          0.00000000  0.00000000 -1.27819905   
	       8.000000            15.994915          0.00000000  0.00000000  1.27819905   

	 - Coordinate -           - BOHR/RAD -       - ANG/DEG -
	 R(1,2)           =         2.556398           1.352788

2025-12-23:13:35:45,260 INFO     [psi4.optking.convcheck:76] Performing convergence check.
2025-12-23:13:35:45,260 INFO     [psi4.optking.convcheck:282] 
	                                 ==> Convergence Check <==                                  
    
	Measures of convergence in internal coordinates in au.
    
	Criteria marked as inactive (o), active & met (*), and active & unmet ( ).

	----------------------------------------------------------------------------------------------~
	   Step    Total Energy     Delta E     Max Force     RMS Force      Max Disp      RMS Disp   ~
	----------------------------------------------------------------------------------------------~
	  Convergence Criteria     1.00e-06 *    3.00e-04 *             o    1.20e-03 *             o~
	----------------------------------------------------------------------------------------------~
	     1    -150.37791882   -1.50e+02      1.42e-03      1.42e-03 o    2.63e-03      2.63e-03 o  ~
	----------------------------------------------------------------------------------------------


2025-12-23:13:35:45,260 INFO     [psi4.optking.stepAlgorithms:296] 	Convergence check returned False
2025-12-23:13:35:45,271 INFO     [psi4.driver.task_planner:259] PLANNING Atomic:  keywords={'DAMPING_PERCENTAGE': 1.0, 'DIIS_MAX_VECS': 400, 'D_CONVERGENCE': 1e-08, 'E_CONVERGENCE': 1e-08, 'SCF__GUESS': 'READ', 'SCF__INTS_TOLERANCE': 1e-12, 'MAXITER': 500, 'MBIS_MAXITER': 8000, 'REFERENCE': 'UKS', 'function_kwargs': {}}
2025-12-23:13:35:45,273 INFO     [psi4.driver.driver:638] Compute gradient(): method=b3lyp, basis=cc-pvtz, molecule=default, nre=25.035224416643604
2025-12-23:13:35:45,681 INFO     [psi4.driver.driver:641] Return gradient(): -150.3779211683931
2025-12-23:13:35:45,681 INFO     [psi4.driver.driver:642] [[ 0.00000000  0.00000000 -0.00033004]
 [-0.00000000  0.00000000  0.00033004]]
2025-12-23:13:35:45,683 INFO     [psi4.optking.history:269] 	Performing BFGS update.
2025-12-23:13:35:45,683 INFO     [psi4.optking.history:280] 	Using 1 previous steps for update.
2025-12-23:13:35:45,683 INFO     [psi4.optking.history:317] 	Steps to be used in Hessian update:  1

2025-12-23:13:35:45,683 INFO     [psi4.optking.history:418] 	Updated Hessian (in au) 
 	   0.415988

2025-12-23:13:35:45,683 INFO     [psi4.optking.molsys:944] Projected (PHP) Hessian matrix
	   0.415988

2025-12-23:13:35:45,683 INFO     [psi4.optking.opt_helper:182] 
	         Geometry (au)                                       Gradient (au)
   0.0000000000   0.0000000000  -1.2781990474		   0.0000000000   0.0000000000  -0.0003300390
   0.0000000000   0.0000000000   1.2781990474		  -0.0000000000   0.0000000000   0.0003300390

2025-12-23:13:35:45,683 INFO     [psi4.optking.stepAlgorithms:368] 	Current Step Report 
 
	Current energy:      -150.3779211684
	Energy change for the previous step:
		Actual       :        -0.0000023496
		Projected    :        -0.0000018742

2025-12-23:13:35:45,683 INFO     [psi4.optking.stepAlgorithms:371] 	Energy ratio =    1.25365
2025-12-23:13:35:45,683 INFO     [psi4.optking.stepAlgorithms:399] 	Energy ratio indicates good step.
2025-12-23:13:35:45,683 INFO     [psi4.optking.stepAlgorithms:400] 	Intrafrag trust radius increased to      1.
2025-12-23:13:35:45,684 INFO     [psi4.optking.stepAlgorithms:929] 	Using RFO solution 1.
2025-12-23:13:35:45,684 INFO     [psi4.optking.displace:100] 	Determining Cartesian step for fragment 1.
2025-12-23:13:35:45,684 INFO     [psi4.optking.displace:415] 	Successfully converged to displaced geometry.
2025-12-23:13:35:45,684 INFO     [psi4.optking.displace:416] 	RMS(dx):  0.000e+00 	Max(dx):  0.000e+00 	RMS(dq):  0.000e+00
2025-12-23:13:35:45,684 INFO     [psi4.optking.displace:172] 

	        --- Internal Coordinate Step in ANG or DEG, aJ/ANG or AJ/DEG ---
	-------------------------------------------------------------------------------
	           Coordinate      Previous         Force          Change          New 
	           ----------      --------        ------          ------        ------
	               R(1,2)       1.35279       -0.00272       -0.00042       1.35237
	-------------------------------------------------------------------------------

2025-12-23:13:35:45,684 INFO     [psi4.optking.stepAlgorithms:113] 	|target step| :    0.0007933856
2025-12-23:13:35:45,684 INFO     [psi4.optking.stepAlgorithms:114] 	gradient     :   -0.0003300390
2025-12-23:13:35:45,684 INFO     [psi4.optking.stepAlgorithms:115] 	hessian      :    0.4159878432
2025-12-23:13:35:45,684 INFO     [psi4.optking.stepAlgorithms:113] 	|target step| :    0.0007933856
2025-12-23:13:35:45,684 INFO     [psi4.optking.stepAlgorithms:114] 	gradient     :   -0.0003300390
2025-12-23:13:35:45,684 INFO     [psi4.optking.stepAlgorithms:115] 	hessian      :    0.4159878432
2025-12-23:13:35:45,684 INFO     [psi4.optking.stepAlgorithms:206] 	Norm of achieved step-size    0.0007933856
2025-12-23:13:35:45,684 INFO     [psi4.optking.stepAlgorithms:208] 	Norm of achieved step-size (cart):    0.0005610084
2025-12-23:13:35:45,684 INFO     [psi4.optking.opt_helper:164] Molsys:

	                            ===> Fragment 1 <== 

	 Z (Atomic Numbers)          Masses                          Geom                  
	       8.000000            15.994915          0.00000000  0.00000000 -1.27780235   
	       8.000000            15.994915          0.00000000  0.00000000  1.27780235   

	 - Coordinate -           - BOHR/RAD -       - ANG/DEG -
	 R(1,2)           =         2.555605           1.352368

2025-12-23:13:35:45,685 INFO     [psi4.optking.convcheck:76] Performing convergence check.
2025-12-23:13:35:45,685 INFO     [psi4.optking.convcheck:282] 
	                                 ==> Convergence Check <==                                  
    
	Measures of convergence in internal coordinates in au.
    
	Criteria marked as inactive (o), active & met (*), and active & unmet ( ).

	----------------------------------------------------------------------------------------------
	   Step    Total Energy     Delta E     Max Force     RMS Force      Max Disp      RMS Disp   
	----------------------------------------------------------------------------------------------
	  Convergence Criteria     1.00e-06 *    3.00e-04 *             o    1.20e-03 *             o
	----------------------------------------------------------------------------------------------
	     2    -150.37792117   -2.35e-06      3.30e-04      3.30e-04 o    7.93e-04 *    7.93e-04 o  ~
	----------------------------------------------------------------------------------------------


2025-12-23:13:35:45,685 INFO     [psi4.optking.stepAlgorithms:296] 	Convergence check returned False
2025-12-23:13:35:45,695 INFO     [psi4.driver.task_planner:259] PLANNING Atomic:  keywords={'DAMPING_PERCENTAGE': 1.0, 'DIIS_MAX_VECS': 400, 'D_CONVERGENCE': 1e-08, 'E_CONVERGENCE': 1e-08, 'SCF__GUESS': 'READ', 'SCF__INTS_TOLERANCE': 1e-12, 'MAXITER': 500, 'MBIS_MAXITER': 8000, 'REFERENCE': 'UKS', 'function_kwargs': {}}
2025-12-23:13:35:45,696 INFO     [psi4.driver.driver:638] Compute gradient(): method=b3lyp, basis=cc-pvtz, molecule=default, nre=25.04299658379869
2025-12-23:13:35:46,70 INFO     [psi4.driver.driver:641] Return gradient(): -150.37792131118167
2025-12-23:13:35:46,70 INFO     [psi4.driver.driver:642] [[-0.00000000  0.00000000  0.00000180]
 [ 0.00000000  0.00000000 -0.00000180]]
2025-12-23:13:35:46,72 INFO     [psi4.optking.history:269] 	Performing BFGS update.
2025-12-23:13:35:46,72 INFO     [psi4.optking.history:280] 	Using 2 previous steps for update.
2025-12-23:13:35:46,72 INFO     [psi4.optking.history:317] 	Steps to be used in Hessian update:  2 1

2025-12-23:13:35:46,72 INFO     [psi4.optking.history:418] 	Updated Hessian (in au) 
 	   0.416514

2025-12-23:13:35:46,72 INFO     [psi4.optking.molsys:944] Projected (PHP) Hessian matrix
	   0.416514

2025-12-23:13:35:46,72 INFO     [psi4.optking.opt_helper:182] 
	         Geometry (au)                                       Gradient (au)
   0.0000000000   0.0000000000  -1.2778023546		  -0.0000000000   0.0000000000   0.0000018014
   0.0000000000   0.0000000000   1.2778023546		   0.0000000000   0.0000000000  -0.0000018014

2025-12-23:13:35:46,72 INFO     [psi4.optking.stepAlgorithms:368] 	Current Step Report 
 
	Current energy:      -150.3779213112
	Energy change for the previous step:
		Actual       :        -0.0000001428
		Projected    :        -0.0000001309

2025-12-23:13:35:46,72 INFO     [psi4.optking.stepAlgorithms:371] 	Energy ratio =    1.09062
2025-12-23:13:35:46,72 INFO     [psi4.optking.stepAlgorithms:929] 	Using RFO solution 1.
2025-12-23:13:35:46,73 INFO     [psi4.optking.displace:100] 	Determining Cartesian step for fragment 1.
2025-12-23:13:35:46,73 INFO     [psi4.optking.displace:415] 	Successfully converged to displaced geometry.
2025-12-23:13:35:46,73 INFO     [psi4.optking.displace:416] 	RMS(dx):  0.000e+00 	Max(dx):  0.000e+00 	RMS(dq):  0.000e+00
2025-12-23:13:35:46,73 INFO     [psi4.optking.displace:172] 

	        --- Internal Coordinate Step in ANG or DEG, aJ/ANG or AJ/DEG ---
	-------------------------------------------------------------------------------
	           Coordinate      Previous         Force          Change          New 
	           ----------      --------        ------          ------        ------
	               R(1,2)       1.35237        0.00001        0.00000       1.35237
	-------------------------------------------------------------------------------

2025-12-23:13:35:46,73 INFO     [psi4.optking.stepAlgorithms:113] 	|target step| :    0.0000043249
2025-12-23:13:35:46,73 INFO     [psi4.optking.stepAlgorithms:114] 	gradient     :   -0.0000018014
2025-12-23:13:35:46,73 INFO     [psi4.optking.stepAlgorithms:115] 	hessian      :    0.4165139147
2025-12-23:13:35:46,73 INFO     [psi4.optking.stepAlgorithms:113] 	|target step| :    0.0000043249
2025-12-23:13:35:46,73 INFO     [psi4.optking.stepAlgorithms:114] 	gradient     :   -0.0000018014
2025-12-23:13:35:46,73 INFO     [psi4.optking.stepAlgorithms:115] 	hessian      :    0.4165139147
2025-12-23:13:35:46,73 INFO     [psi4.optking.stepAlgorithms:206] 	Norm of achieved step-size    0.0000043249
2025-12-23:13:35:46,73 INFO     [psi4.optking.stepAlgorithms:208] 	Norm of achieved step-size (cart):    0.0000030582
2025-12-23:13:35:46,73 INFO     [psi4.optking.opt_helper:164] Molsys:

	                            ===> Fragment 1 <== 

	 Z (Atomic Numbers)          Masses                          Geom                  
	       8.000000            15.994915          0.00000000  0.00000000 -1.27780452   
	       8.000000            15.994915          0.00000000  0.00000000  1.27780452   

	 - Coordinate -           - BOHR/RAD -       - ANG/DEG -
	 R(1,2)           =         2.555609           1.352370

2025-12-23:13:35:46,73 INFO     [psi4.optking.convcheck:76] Performing convergence check.
2025-12-23:13:35:46,74 INFO     [psi4.optking.convcheck:282] 
	                                 ==> Convergence Check <==                                  
    
	Measures of convergence in internal coordinates in au.
    
	Criteria marked as inactive (o), active & met (*), and active & unmet ( ).

	----------------------------------------------------------------------------------------------
	   Step    Total Energy     Delta E     Max Force     RMS Force      Max Disp      RMS Disp   
	----------------------------------------------------------------------------------------------
	  Convergence Criteria     1.00e-06 *    3.00e-04 *             o    1.20e-03 *             o
	----------------------------------------------------------------------------------------------
	     3    -150.37792131   -1.43e-07 *    1.80e-06 *    1.80e-06 o    4.32e-06 *    4.32e-06 o  ~
	----------------------------------------------------------------------------------------------


2025-12-23:13:35:46,74 INFO     [psi4.optking.convcheck:206] 
	                      ===> Final Convergence Report <===                     

	----------------------------------------------------------------------------
	|   Required Criteria    |  One or More Criteria  |   Alternate Criteria   |
	----------------------------------------------------------------------------
	| [x]     max_force      | [x]       max_DE       |                        |
	|                        | [x]      max_disp      |                        |
	----------------------------------------------------------------------------


2025-12-23:13:35:46,74 INFO     [psi4.optking.stepAlgorithms:296] 	Convergence check returned True
2025-12-23:13:35:46,74 INFO     [psi4.optking.optimize:332] 	Converged in 3 steps!
2025-12-23:13:35:46,74 INFO     [psi4.optking.optimize:333] 	Final energy is   -150.3779213111817
2025-12-23:13:35:46,74 INFO     [psi4.optking.optimize:334] 	Final structure (Angstroms): 
	Fragment 1 (Ang)

	    O   0.0000000000   0.0000000000  -0.6761850301
	    O   0.0000000000   0.0000000000   0.6761850301


2025-12-23:13:35:46,74 INFO     [psi4.optking.optimize:562] 	Optimization Finished

	==> Optimization Summary <==

        
	Measures of convergence in internal coordinates in au. (Any backward steps not shown.)
        
	---------------------------------------------------------------------------------------------------------------  ~
        
	 Step         Total Energy             Delta E       MAX Force       RMS Force        MAX Disp        RMS Disp   ~
        
	---------------------------------------------------------------------------------------------------------------  ~
        
	     1    -150.377918818768   -150.377918818768      0.00142460      0.00142460      0.00263123      0.00263123  ~
	     2    -150.377921168393     -0.000002349625      0.00033004      0.00033004      0.00079339      0.00079339  ~
	     3    -150.377921311182     -0.000000142789      0.00000180      0.00000180      0.00000432      0.00000432  ~
	----------------------------------------------------------------------------------------------------------------


2025-12-23:13:35:46,74 INFO     [psi4.optking.optimize:806] Preparing OptimizationResult
2025-12-23:13:35:46,85 INFO     [psi4.driver.task_planner:263] PLANNING FD:  dermode=(2, 1) keywords={'DAMPING_PERCENTAGE': 1.0, 'DIIS_MAX_VECS': 400, 'D_CONVERGENCE': 1e-08, 'E_CONVERGENCE': 1e-08, 'SCF__INTS_TOLERANCE': 1e-12, 'MAXITER': 500, 'MBIS_MAXITER': 8000, 'REFERENCE': 'UKS', 'function_kwargs': {}} findif_kw={'findif_irrep': -1, 'findif_stencil_size': 3, 'findif_step_size': 0.005, 'findif_verbose': 1} kw={'wfn': <psi4.core.UHF object at 0x7d6f6c939c70>}
2025-12-23:13:35:46,86 INFO     [psi4.driver.driver_findif:266] 
         ----------------------------------------------------------
                                   FINDIF
                     R. A. King and Jonathon Misiewicz
         ----------------------------------------------------------


2025-12-23:13:35:46,86 INFO     [psi4.driver.driver_findif:275]   Using finite-differences of gradients to determine vibrational frequencies and 
  normal modes. Resulting frequencies are only valid at stationary points.
    Generating geometries for use with 3-point formula.
    Displacement size will be 5.00e-03.

2025-12-23:13:35:46,86 INFO     [psi4.driver.driver_findif:294]     Number of atoms is 2.
    Number of irreps is 8.
    Number of SALCs is 3.
    Translations projected? 1. Rotations projected? 0.

2025-12-23:13:35:46,86 INFO     [psi4.driver.driver_findif:345]     Index of SALCs per irrep:
      1 :  0 
      2 : 
      3 :  1 
      4 :  2 
      5 : 
      6 : 
      7 : 
      8 : 
    Number of SALCs per irrep:
      Irrep 1: 1
      Irrep 2: 0
      Irrep 3: 1
      Irrep 4: 1
      Irrep 5: 0
      Irrep 6: 0
      Irrep 7: 0
      Irrep 8: 0

2025-12-23:13:35:46,86 INFO     [psi4.driver.driver_findif:370]     Number of geometries (including reference) is 5.
    Number of displacements per irrep:
      Irrep 1: 2
      Irrep 2: 0
      Irrep 3: 1
      Irrep 4: 1
      Irrep 5: 0
      Irrep 6: 0
      Irrep 7: 0
      Irrep 8: 0

2025-12-23:13:35:46,99 INFO     [psi4.driver.task_base:183] <<< JSON launch ... b3lyp cc-pvtz d2h 25.04299658379869
2025-12-23:13:35:47,238 INFO     [psi4.driver.task_planner:259] PLANNING Atomic:  keywords={'DAMPING_PERCENTAGE': 1.0, 'DIIS_MAX_VECS': 400, 'D_CONVERGENCE': 1e-08, 'E_CONVERGENCE': 1e-08, 'SCF__INTS_TOLERANCE': 1e-12, 'MAXITER': 500, 'MBIS_MAXITER': 8000, 'PARENT_SYMMETRY': 'D2H', 'REFERENCE': 'UKS', 'function_kwargs': {}}
2025-12-23:13:35:47,240 INFO     [psi4.driver.driver:638] Compute gradient(): method=b3lyp, basis=cc-pvtz, molecule=O2, nre=25.04299658379869
2025-12-23:13:35:47,748 INFO     [psi4.driver.driver:641] Return gradient(): -150.3779213106815
2025-12-23:13:35:47,749 INFO     [psi4.driver.driver:642] [[-0.00000000  0.00000000  0.00000180]
 [ 0.00000000  0.00000000 -0.00000180]]
2025-12-23:13:35:47,798 INFO     [psi4.driver.task_base:183] <<< JSON launch ... b3lyp cc-pvtz d2h 25.025683026886
2025-12-23:13:35:47,814 INFO     [psi4.driver.task_planner:259] PLANNING Atomic:  keywords={'DAMPING_PERCENTAGE': 1.0, 'DIIS_MAX_VECS': 400, 'D_CONVERGENCE': 1e-08, 'E_CONVERGENCE': 1e-08, 'SCF__INTS_TOLERANCE': 1e-12, 'MAXITER': 500, 'MBIS_MAXITER': 8000, 'PARENT_SYMMETRY': 'D2H', 'REFERENCE': 'UKS', 'function_kwargs': {}}
2025-12-23:13:35:47,815 INFO     [psi4.driver.driver:638] Compute gradient(): method=b3lyp, basis=cc-pvtz, molecule=O2, nre=25.025683026885996
2025-12-23:13:35:48,301 INFO     [psi4.driver.driver:641] Return gradient(): -150.3779206340374
2025-12-23:13:35:48,302 INFO     [psi4.driver.driver:642] [[ 0.00000000 -0.00000000 -0.00073656]
 [ 0.00000000  0.00000000  0.00073656]]
2025-12-23:13:35:48,336 INFO     [psi4.driver.task_base:183] <<< JSON launch ... b3lyp cc-pvtz d2h 25.06033411342606
2025-12-23:13:35:48,352 INFO     [psi4.driver.task_planner:259] PLANNING Atomic:  keywords={'DAMPING_PERCENTAGE': 1.0, 'DIIS_MAX_VECS': 400, 'D_CONVERGENCE': 1e-08, 'E_CONVERGENCE': 1e-08, 'SCF__INTS_TOLERANCE': 1e-12, 'MAXITER': 500, 'MBIS_MAXITER': 8000, 'PARENT_SYMMETRY': 'D2H', 'REFERENCE': 'UKS', 'function_kwargs': {}}
2025-12-23:13:35:48,353 INFO     [psi4.driver.driver:638] Compute gradient(): method=b3lyp, basis=cc-pvtz, molecule=O2, nre=25.06033411342606
2025-12-23:13:35:48,855 INFO     [psi4.driver.driver:641] Return gradient(): -150.37792067830839
2025-12-23:13:35:48,855 INFO     [psi4.driver.driver:642] [[ 0.00000000  0.00000000  0.00074432]
 [ 0.00000000  0.00000000 -0.00074432]]
2025-12-23:13:35:48,892 INFO     [psi4.driver.task_base:183] <<< JSON launch ... b3lyp cc-pvtz d2h 25.04299059062504
2025-12-23:13:35:48,907 INFO     [psi4.driver.task_planner:259] PLANNING Atomic:  keywords={'DAMPING_PERCENTAGE': 1.0, 'DIIS_MAX_VECS': 400, 'D_CONVERGENCE': 1e-08, 'E_CONVERGENCE': 1e-08, 'SCF__INTS_TOLERANCE': 1e-12, 'MAXITER': 500, 'MBIS_MAXITER': 8000, 'PARENT_SYMMETRY': 'D2H', 'REFERENCE': 'UKS', 'function_kwargs': {}}
2025-12-23:13:35:48,908 INFO     [psi4.driver.driver:638] Compute gradient(): method=b3lyp, basis=cc-pvtz, molecule=O2, nre=25.04299059062504
2025-12-23:13:35:49,409 INFO     [psi4.driver.driver:641] Return gradient(): -150.37792131069253
2025-12-23:13:35:49,409 INFO     [psi4.driver.driver:642] [[ 0.00000000  0.00000000  0.00000155]
 [-0.00000000 -0.00000000 -0.00000155]]
2025-12-23:13:35:49,445 INFO     [psi4.driver.task_base:183] <<< JSON launch ... b3lyp cc-pvtz d2h 25.04299059062504
2025-12-23:13:35:49,488 INFO     [psi4.driver.task_planner:259] PLANNING Atomic:  keywords={'DAMPING_PERCENTAGE': 1.0, 'DIIS_MAX_VECS': 400, 'D_CONVERGENCE': 1e-08, 'E_CONVERGENCE': 1e-08, 'SCF__INTS_TOLERANCE': 1e-12, 'MAXITER': 500, 'MBIS_MAXITER': 8000, 'PARENT_SYMMETRY': 'D2H', 'REFERENCE': 'UKS', 'function_kwargs': {}}
2025-12-23:13:35:49,489 INFO     [psi4.driver.driver:638] Compute gradient(): method=b3lyp, basis=cc-pvtz, molecule=O2, nre=25.04299059062504
2025-12-23:13:35:49,985 INFO     [psi4.driver.driver:641] Return gradient(): -150.37792131068585
2025-12-23:13:35:49,986 INFO     [psi4.driver.driver:642] [[ 0.00000000  0.00000000  0.00000155]
 [-0.00000000 -0.00000000 -0.00000155]]
2025-12-23:13:35:50,22 INFO     [psi4.driver.driver_findif:275] 
2025-12-23:13:35:50,22 INFO     [psi4.driver.driver_findif:275]   Computing second-derivative from gradients using projected, 
  symmetry-adapted, cartesian coordinates.

  5 gradients passed in, including the reference geometry.

2025-12-23:13:35:50,56 INFO     [psi4.driver.task_planner:259] PLANNING Atomic:  keywords={'DAMPING_PERCENTAGE': 1.0, 'DIIS_MAX_VECS': 400, 'D_CONVERGENCE': 1e-08, 'E_CONVERGENCE': 1e-08, 'SCF__INTS_TOLERANCE': 1e-12, 'MAXITER': 500, 'MBIS_MAXITER': 8000, 'REFERENCE': 'UKS', 'function_kwargs': {}}
2025-12-23:13:35:50,58 INFO     [psi4.driver.driver:790] Compute properties(): method=b3lyp, basis=cc-pvtz, molecule=default, nre=25.04299658379869
2025-12-23:13:35:50,480 INFO     [psi4.driver.driver:793] Return properties(): -150.37792131068147
