2025-12-23:13:37:07,191 WARNING  [psi4.optking:38] Some dependencies such as QCElemental have not yet finished migration to pydantic v2. If issues are encountered please downgrade pydantic or upgrade QCElemental as appropriate
2025-12-23:13:37:07,362 INFO     [psi4.optking.optwrapper:234] Creating a UserComputer
2025-12-23:13:37:07,363 INFO     [psi4.optking.optwrapper:242] 
    			-----------------------------------------

    			 OPTKING 3.0: for geometry optimizations 

    			     By R.A. King, Bethel University     

    			        with contributions from          

    			    A.V. Copan, J. Cayton, A. Heide      

    			-----------------------------------------

    
2025-12-23:13:37:07,363 INFO     [psi4.optking.optwrapper:272] 
		 -- Optimization Parameters --
	GEOM_MAXITER                   =              50
	ALG_GEOM_MAXITER               =              50
	PRINT                          =               1
	OPT_TYPE                       =             MIN
	STEP_TYPE                      =             RFO
	PROGRAM                        =            PSI4
	STEEPEST_DESCENT_TYPE          =         OVERLAP
	CONJUGATE_GRADIENT_TYPE        =        FLETCHER
	OPT_COORDINATES                =        INTERNAL
	RFO_FOLLOW_ROOT                =           False
	RFO_ROOT                       =               0
	ACCEPT_SYMMETRY_BREAKING       =           False
	DYNAMIC_LVL                    =               0
	DYNAMIC_LVL_MAX                =               0
	IRC_STEP_SIZE                  =             0.2
	IRC_DIRECTION                  =         FORWARD
	IRC_POINTS                     =              20
	IRC_MODE                       =          NORMAL
	IRC_CONVERGENCE                =            -0.7
	INTRAFRAG_STEP_LIMIT           =             0.5
	INTRAFRAG_STEP_LIMIT_MIN       =           0.001
	INTRAFRAG_STEP_LIMIT_MAX       =             1.0
	INTERFRAG_STEP_LIMIT           =             0.5
	INTERFRAG_STEP_LIMIT_MIN       =           0.001
	INTERFRAG_STEP_LIMIT_MAX       =             1.0
	ENSURE_BT_CONVERGENCE          =           False
	SIMPLE_STEP_SCALING            =           False
	CONSECUTIVE_BACKSTEPS          =               0
	RFO_NORMALIZATION_MAX          =             100
	RSRFO_ALPHA_MAX                =     100000000.0
	PRINT_TRAJECTORY_XYZ_FILE      =           False
	WRITE_TRAJECTORY               =           False
	FROZEN_DISTANCE                =                
	FROZEN_BEND                    =                
	FROZEN_DIHEDRAL                =                
	FROZEN_OOFP                    =                
	FROZEN_CARTESIAN               =                
	FREEZE_ALL_DIHEDRALS           =           False
	UNFREEZE_DIHEDRALS             =                
	RANGED_DISTANCE                =                
	RANGED_BEND                    =                
	RANGED_DIHEDRAL                =                
	RANGED_OOFP                    =                
	RANGED_CARTESIAN               =                
	EXT_FORCE_DISTANCE             =                
	EXT_FORCE_BEND                 =                
	EXT_FORCE_DIHEDRAL             =                
	EXT_FORCE_OOFP                 =                
	EXT_FORCE_CARTESIAN            =                
	G_CONVERGENCE                  =           QCHEM
	MAX_FORCE_G_CONVERGENCE        =          0.0003
	RMS_FORCE_G_CONVERGENCE        =          0.0003
	MAX_ENERGY_G_CONVERGENCE       =           1e-06
	MAX_DISP_G_CONVERGENCE         =          0.0012
	RMS_DISP_G_CONVERGENCE         =          0.0012
	FLEXIBLE_G_CONVERGENCE         =           False
	HESS_UPDATE                    =            BFGS
	HESS_UPDATE_USE_LAST           =               4
	HESS_UPDATE_LIMIT              =            True
	HESS_UPDATE_LIMIT_MAX          =             1.0
	HESS_UPDATE_LIMIT_SCALE        =             0.5
	HESS_UPDATE_DEN_TOL            =           1e-07
	HESS_UPDATE_DQ_TOL             =             0.5
	CART_HESS_READ                 =           False
	HESSIAN_FILE                   =               .
	FULL_HESS_EVERY                =              -1
	INTRAFRAG_HESS                 =        SCHLEGEL
	H_GUESS_EVERY                  =           False
	BT_MAX_ITER                    =              25
	BT_DX_CONV                     =           1e-07
	BT_DX_RMS_CHANGE_CONV          =           1e-12
	BT_PINV_RCOND                  =           1e-06
	FRAG_MODE                      =          SINGLE
	FRAG_REF_ATOMS                 =              []
	FREEZE_INTRAFRAG               =           False
	INTERFRAG_MODE                 =           FIXED
	ADD_AUXILIARY_BONDS            =           False
	AUXILIARY_BOND_FACTOR          =             2.5
	INTERFRAG_DIST_INV             =           False
	INTERFRAG_COLLINEAR_TOL        =            0.01
	INTERFRAG_COORDS               =              []
	INTERFRAG_HESS                 =         DEFAULT
	COVALENT_CONNECT               =             1.3
	INTERFRAGMENT_CONNECT          =             1.8
	H_BOND_CONNECT                 =             4.3
	INCLUDE_OOFP                   =           False
	TEST_B                         =           False
	TEST_DERIVATIVE_B              =           False
	LINESEARCH_STEP                =             0.1
	LINESEARCH                     =           False
	SD_HESSIAN                     =             1.0
	FIX_VAL_NEAR_PI                =            1.57
	V3D_TORS_ANGLE_LIM             =           0.017
	V3D_TORS_COS_TOL               =           1e-10
	LINEAR_BEND_THRESHOLD          =            3.05
	SMALL_BEND_FIX_THRESHOLD       =            0.35
	REDUNDANT_EVAL_TOL             =           1e-10
	LINEAR_ALGEBRA_TOL             =           1e-10


2025-12-23:13:37:07,506 INFO     [psi4.optking.opt_helper:164] Molsys:

	                            ===> Fragment 1 <== 

	 Z (Atomic Numbers)          Masses                          Geom                  
	       6.000000            12.000000          0.00000000  0.00000000 -1.24322531   
	       6.000000            12.000000          0.00000000  0.00000000  1.24322531   

	 - Coordinate -           - BOHR/RAD -       - ANG/DEG -
	 R(1,2)           =         2.486451           1.315773

2025-12-23:13:37:07,516 INFO     [psi4.driver.task_planner:259] PLANNING Atomic:  keywords={'DAMPING_PERCENTAGE': 1.0, 'DIIS_MAX_VECS': 400, 'D_CONVERGENCE': 1e-08, 'E_CONVERGENCE': 1e-08, 'GUESS': 'SAP', 'MAXITER': 500, 'MBIS_MAXITER': 8000, 'REFERENCE': 'UKS', 'function_kwargs': {}}
2025-12-23:13:37:07,518 INFO     [psi4.driver.driver:638] Compute gradient(): method=b3lyp, basis=cc-pvtz, molecule=default, nre=14.478469754372524
2025-12-23:13:37:08,56 INFO     [psi4.driver.driver:641] Return gradient(): -75.94389029243416
2025-12-23:13:37:08,56 INFO     [psi4.driver.driver:642] [[ 0.00000000  0.00000000 -0.01663540]
 [ 0.00000000 -0.00000000  0.01663540]]
2025-12-23:13:37:08,58 INFO     [psi4.optking.molsys:944] Projected (PHP) Hessian matrix
	   0.629964

2025-12-23:13:37:08,58 INFO     [psi4.optking.opt_helper:182] 
	         Geometry (au)                                       Gradient (au)
   0.0000000000   0.0000000000  -1.2432253066		   0.0000000000   0.0000000000  -0.0166354019
   0.0000000000   0.0000000000   1.2432253066		   0.0000000000  -0.0000000000   0.0166354019

2025-12-23:13:37:08,58 INFO     [psi4.optking.stepAlgorithms:929] 	Using RFO solution 1.
2025-12-23:13:37:08,58 INFO     [psi4.optking.displace:100] 	Determining Cartesian step for fragment 1.
2025-12-23:13:37:08,58 INFO     [psi4.optking.displace:415] 	Successfully converged to displaced geometry.
2025-12-23:13:37:08,59 INFO     [psi4.optking.displace:416] 	RMS(dx):  0.000e+00 	Max(dx):  0.000e+00 	RMS(dq):  0.000e+00
2025-12-23:13:37:08,59 INFO     [psi4.optking.displace:172] 

	        --- Internal Coordinate Step in ANG or DEG, aJ/ANG or AJ/DEG ---
	-------------------------------------------------------------------------------
	           Coordinate      Previous         Force          Change          New 
	           ----------      --------        ------          ------        ------
	               R(1,2)       1.31577       -0.13705       -0.01396       1.30181
	-------------------------------------------------------------------------------

2025-12-23:13:37:08,59 INFO     [psi4.optking.stepAlgorithms:113] 	|target step| :    0.0263885223
2025-12-23:13:37:08,59 INFO     [psi4.optking.stepAlgorithms:114] 	gradient     :   -0.0166354019
2025-12-23:13:37:08,59 INFO     [psi4.optking.stepAlgorithms:115] 	hessian      :    0.6299639527
2025-12-23:13:37:08,59 INFO     [psi4.optking.stepAlgorithms:113] 	|target step| :    0.0263885223
2025-12-23:13:37:08,59 INFO     [psi4.optking.stepAlgorithms:114] 	gradient     :   -0.0166354019
2025-12-23:13:37:08,59 INFO     [psi4.optking.stepAlgorithms:115] 	hessian      :    0.6299639527
2025-12-23:13:37:08,59 INFO     [psi4.optking.stepAlgorithms:206] 	Norm of achieved step-size    0.0263885223
2025-12-23:13:37:08,59 INFO     [psi4.optking.stepAlgorithms:208] 	Norm of achieved step-size (cart):    0.0186595030
2025-12-23:13:37:08,59 INFO     [psi4.optking.opt_helper:164] Molsys:

	                            ===> Fragment 1 <== 

	 Z (Atomic Numbers)          Masses                          Geom                  
	       6.000000            12.000000          0.00000000  0.00000000 -1.23003105   
	       6.000000            12.000000          0.00000000  0.00000000  1.23003105   

	 - Coordinate -           - BOHR/RAD -       - ANG/DEG -
	 R(1,2)           =         2.460062           1.301809

2025-12-23:13:37:08,59 INFO     [psi4.optking.convcheck:76] Performing convergence check.
2025-12-23:13:37:08,59 INFO     [psi4.optking.convcheck:282] 
	                                 ==> Convergence Check <==                                  
    
	Measures of convergence in internal coordinates in au.
    
	Criteria marked as inactive (o), active & met (*), and active & unmet ( ).

	----------------------------------------------------------------------------------------------~
	   Step    Total Energy     Delta E     Max Force     RMS Force      Max Disp      RMS Disp   ~
	----------------------------------------------------------------------------------------------~
	  Convergence Criteria     1.00e-06 *    3.00e-04 *             o    1.20e-03 *             o~
	----------------------------------------------------------------------------------------------~
	     1     -75.94389029   -7.59e+01      1.66e-02      1.66e-02 o    2.64e-02      2.64e-02 o  ~
	----------------------------------------------------------------------------------------------


2025-12-23:13:37:08,59 INFO     [psi4.optking.stepAlgorithms:296] 	Convergence check returned False
2025-12-23:13:37:08,71 INFO     [psi4.driver.task_planner:259] PLANNING Atomic:  keywords={'DAMPING_PERCENTAGE': 1.0, 'DIIS_MAX_VECS': 400, 'D_CONVERGENCE': 1e-08, 'E_CONVERGENCE': 1e-08, 'SCF__GUESS': 'READ', 'GUESS': 'SAP', 'MAXITER': 500, 'MBIS_MAXITER': 8000, 'REFERENCE': 'UKS', 'function_kwargs': {}}
2025-12-23:13:37:08,72 INFO     [psi4.driver.driver:638] Compute gradient(): method=b3lyp, basis=cc-pvtz, molecule=default, nre=14.633776981320118
2025-12-23:13:37:08,535 INFO     [psi4.driver.driver:641] Return gradient(): -75.94411509666233
2025-12-23:13:37:08,535 INFO     [psi4.driver.driver:642] [[-0.00000000  0.00000000 -0.00016281]
 [ 0.00000000  0.00000000  0.00016281]]
2025-12-23:13:37:08,536 INFO     [psi4.optking.history:269] 	Performing BFGS update.
2025-12-23:13:37:08,536 INFO     [psi4.optking.history:280] 	Using 1 previous steps for update.
2025-12-23:13:37:08,537 INFO     [psi4.optking.history:317] 	Steps to be used in Hessian update:  1

2025-12-23:13:37:08,537 INFO     [psi4.optking.history:418] 	Updated Hessian (in au) 
 	   0.624233

2025-12-23:13:37:08,537 INFO     [psi4.optking.molsys:944] Projected (PHP) Hessian matrix
	   0.624233

2025-12-23:13:37:08,537 INFO     [psi4.optking.opt_helper:182] 
	         Geometry (au)                                       Gradient (au)
   0.0000000000   0.0000000000  -1.2300310455		  -0.0000000000   0.0000000000  -0.0001628102
   0.0000000000   0.0000000000   1.2300310455		   0.0000000000   0.0000000000   0.0001628102

2025-12-23:13:37:08,537 INFO     [psi4.optking.stepAlgorithms:368] 	Current Step Report 
 
	Current energy:       -75.9441150967
	Energy change for the previous step:
		Actual       :        -0.0002248042
		Projected    :        -0.0002194918

2025-12-23:13:37:08,537 INFO     [psi4.optking.stepAlgorithms:371] 	Energy ratio =    1.02420
2025-12-23:13:37:08,537 INFO     [psi4.optking.stepAlgorithms:399] 	Energy ratio indicates good step.
2025-12-23:13:37:08,537 INFO     [psi4.optking.stepAlgorithms:400] 	Intrafrag trust radius increased to      1.
2025-12-23:13:37:08,537 INFO     [psi4.optking.stepAlgorithms:929] 	Using RFO solution 1.
2025-12-23:13:37:08,537 INFO     [psi4.optking.displace:100] 	Determining Cartesian step for fragment 1.
2025-12-23:13:37:08,538 INFO     [psi4.optking.displace:415] 	Successfully converged to displaced geometry.
2025-12-23:13:37:08,538 INFO     [psi4.optking.displace:416] 	RMS(dx):  0.000e+00 	Max(dx):  0.000e+00 	RMS(dq):  0.000e+00
2025-12-23:13:37:08,538 INFO     [psi4.optking.displace:172] 

	        --- Internal Coordinate Step in ANG or DEG, aJ/ANG or AJ/DEG ---
	-------------------------------------------------------------------------------
	           Coordinate      Previous         Force          Change          New 
	           ----------      --------        ------          ------        ------
	               R(1,2)       1.30181       -0.00134       -0.00014       1.30167
	-------------------------------------------------------------------------------

2025-12-23:13:37:08,538 INFO     [psi4.optking.stepAlgorithms:113] 	|target step| :    0.0002608163
2025-12-23:13:37:08,538 INFO     [psi4.optking.stepAlgorithms:114] 	gradient     :   -0.0001628102
2025-12-23:13:37:08,538 INFO     [psi4.optking.stepAlgorithms:115] 	hessian      :    0.6242332005
2025-12-23:13:37:08,538 INFO     [psi4.optking.stepAlgorithms:113] 	|target step| :    0.0002608163
2025-12-23:13:37:08,538 INFO     [psi4.optking.stepAlgorithms:114] 	gradient     :   -0.0001628102
2025-12-23:13:37:08,538 INFO     [psi4.optking.stepAlgorithms:115] 	hessian      :    0.6242332005
2025-12-23:13:37:08,538 INFO     [psi4.optking.stepAlgorithms:206] 	Norm of achieved step-size    0.0002608163
2025-12-23:13:37:08,538 INFO     [psi4.optking.stepAlgorithms:208] 	Norm of achieved step-size (cart):    0.0001844250
2025-12-23:13:37:08,538 INFO     [psi4.optking.opt_helper:164] Molsys:

	                            ===> Fragment 1 <== 

	 Z (Atomic Numbers)          Masses                          Geom                  
	       6.000000            12.000000          0.00000000  0.00000000 -1.22990064   
	       6.000000            12.000000          0.00000000  0.00000000  1.22990064   

	 - Coordinate -           - BOHR/RAD -       - ANG/DEG -
	 R(1,2)           =         2.459801           1.301671

2025-12-23:13:37:08,538 INFO     [psi4.optking.convcheck:76] Performing convergence check.
2025-12-23:13:37:08,538 INFO     [psi4.optking.convcheck:282] 
	                                 ==> Convergence Check <==                                  
    
	Measures of convergence in internal coordinates in au.
    
	Criteria marked as inactive (o), active & met (*), and active & unmet ( ).

	----------------------------------------------------------------------------------------------
	   Step    Total Energy     Delta E     Max Force     RMS Force      Max Disp      RMS Disp   
	----------------------------------------------------------------------------------------------
	  Convergence Criteria     1.00e-06 *    3.00e-04 *             o    1.20e-03 *             o
	----------------------------------------------------------------------------------------------
	     2     -75.94411510   -2.25e-04      1.63e-04 *    1.63e-04 o    2.61e-04 *    2.61e-04 o  ~
	----------------------------------------------------------------------------------------------


2025-12-23:13:37:08,538 INFO     [psi4.optking.convcheck:206] 
	                      ===> Final Convergence Report <===                     

	----------------------------------------------------------------------------
	|   Required Criteria    |  One or More Criteria  |   Alternate Criteria   |
	----------------------------------------------------------------------------
	| [x]     max_force      | [ ]       max_DE       |                        |
	|                        | [x]      max_disp      |                        |
	----------------------------------------------------------------------------


2025-12-23:13:37:08,538 INFO     [psi4.optking.stepAlgorithms:296] 	Convergence check returned True
2025-12-23:13:37:08,538 INFO     [psi4.optking.optimize:332] 	Converged in 2 steps!
2025-12-23:13:37:08,538 INFO     [psi4.optking.optimize:333] 	Final energy is    -75.9441150966623
2025-12-23:13:37:08,538 INFO     [psi4.optking.optimize:334] 	Final structure (Angstroms): 
	Fragment 1 (Ang)

	    C   0.0000000000   0.0000000000  -0.6508353887
	    C   0.0000000000   0.0000000000   0.6508353887


2025-12-23:13:37:08,539 INFO     [psi4.optking.optimize:562] 	Optimization Finished

	==> Optimization Summary <==

        
	Measures of convergence in internal coordinates in au. (Any backward steps not shown.)
        
	---------------------------------------------------------------------------------------------------------------  ~
        
	 Step         Total Energy             Delta E       MAX Force       RMS Force        MAX Disp        RMS Disp   ~
        
	---------------------------------------------------------------------------------------------------------------  ~
        
	     1     -75.943890292434    -75.943890292434      0.01663540      0.01663540      0.02638852      0.02638852  ~
	     2     -75.944115096662     -0.000224804228      0.00016281      0.00016281      0.00026082      0.00026082  ~
	----------------------------------------------------------------------------------------------------------------


2025-12-23:13:37:08,539 INFO     [psi4.optking.optimize:806] Preparing OptimizationResult
2025-12-23:13:37:08,551 INFO     [psi4.driver.task_planner:263] PLANNING FD:  dermode=(2, 1) keywords={'DAMPING_PERCENTAGE': 1.0, 'DIIS_MAX_VECS': 400, 'D_CONVERGENCE': 1e-08, 'E_CONVERGENCE': 1e-08, 'GUESS': 'SAP', 'MAXITER': 500, 'MBIS_MAXITER': 8000, 'REFERENCE': 'UKS', 'function_kwargs': {}} findif_kw={'findif_irrep': -1, 'findif_stencil_size': 3, 'findif_step_size': 0.005, 'findif_verbose': 1} kw={'wfn': <psi4.core.UHF object at 0x78676049e450>}
2025-12-23:13:37:08,551 INFO     [psi4.driver.driver_findif:266] 
         ----------------------------------------------------------
                                   FINDIF
                     R. A. King and Jonathon Misiewicz
         ----------------------------------------------------------


2025-12-23:13:37:08,551 INFO     [psi4.driver.driver_findif:275]   Using finite-differences of gradients to determine vibrational frequencies and 
  normal modes. Resulting frequencies are only valid at stationary points.
    Generating geometries for use with 3-point formula.
    Displacement size will be 5.00e-03.

2025-12-23:13:37:08,551 INFO     [psi4.driver.driver_findif:294]     Number of atoms is 2.
    Number of irreps is 8.
    Number of SALCs is 3.
    Translations projected? 1. Rotations projected? 0.

2025-12-23:13:37:08,551 INFO     [psi4.driver.driver_findif:345]     Index of SALCs per irrep:
      1 :  0 
      2 : 
      3 :  1 
      4 :  2 
      5 : 
      6 : 
      7 : 
      8 : 
    Number of SALCs per irrep:
      Irrep 1: 1
      Irrep 2: 0
      Irrep 3: 1
      Irrep 4: 1
      Irrep 5: 0
      Irrep 6: 0
      Irrep 7: 0
      Irrep 8: 0

2025-12-23:13:37:08,551 INFO     [psi4.driver.driver_findif:370]     Number of geometries (including reference) is 5.
    Number of displacements per irrep:
      Irrep 1: 2
      Irrep 2: 0
      Irrep 3: 1
      Irrep 4: 1
      Irrep 5: 0
      Irrep 6: 0
      Irrep 7: 0
      Irrep 8: 0

2025-12-23:13:37:08,564 INFO     [psi4.driver.task_base:183] <<< JSON launch ... b3lyp cc-pvtz d2h 14.633776981320118
2025-12-23:13:37:09,711 INFO     [psi4.driver.task_planner:259] PLANNING Atomic:  keywords={'DAMPING_PERCENTAGE': 1.0, 'DIIS_MAX_VECS': 400, 'D_CONVERGENCE': 1e-08, 'E_CONVERGENCE': 1e-08, 'GUESS': 'SAP', 'MAXITER': 500, 'MBIS_MAXITER': 8000, 'PARENT_SYMMETRY': 'D2H', 'REFERENCE': 'UKS', 'function_kwargs': {}}
2025-12-23:13:37:09,712 INFO     [psi4.driver.driver:638] Compute gradient(): method=b3lyp, basis=cc-pvtz, molecule=C2, nre=14.633776981320118
2025-12-23:13:37:10,211 INFO     [psi4.driver.driver:641] Return gradient(): -75.9441150963286
2025-12-23:13:37:10,212 INFO     [psi4.driver.driver:642] [[ 0.00000000  0.00000000 -0.00016281]
 [ 0.00000000  0.00000000  0.00016281]]
2025-12-23:13:37:10,307 INFO     [psi4.driver.task_base:183] <<< JSON launch ... b3lyp cc-pvtz d2h 14.621644642362424
2025-12-23:13:37:10,323 INFO     [psi4.driver.task_planner:259] PLANNING Atomic:  keywords={'DAMPING_PERCENTAGE': 1.0, 'DIIS_MAX_VECS': 400, 'D_CONVERGENCE': 1e-08, 'E_CONVERGENCE': 1e-08, 'GUESS': 'SAP', 'MAXITER': 500, 'MBIS_MAXITER': 8000, 'PARENT_SYMMETRY': 'D2H', 'REFERENCE': 'UKS', 'function_kwargs': {}}
2025-12-23:13:37:10,325 INFO     [psi4.driver.driver:638] Compute gradient(): method=b3lyp, basis=cc-pvtz, molecule=C2, nre=14.621644642362426
2025-12-23:13:37:10,839 INFO     [psi4.driver.driver:641] Return gradient(): -75.94411340643121
2025-12-23:13:37:10,840 INFO     [psi4.driver.driver:642] [[-0.00000000  0.00000000 -0.00148827]
 [ 0.00000000  0.00000000  0.00148827]]
2025-12-23:13:37:10,902 INFO     [psi4.driver.task_base:183] <<< JSON launch ... b3lyp cc-pvtz d2h 14.645929470662782
2025-12-23:13:37:10,918 INFO     [psi4.driver.task_planner:259] PLANNING Atomic:  keywords={'DAMPING_PERCENTAGE': 1.0, 'DIIS_MAX_VECS': 400, 'D_CONVERGENCE': 1e-08, 'E_CONVERGENCE': 1e-08, 'GUESS': 'SAP', 'MAXITER': 500, 'MBIS_MAXITER': 8000, 'PARENT_SYMMETRY': 'D2H', 'REFERENCE': 'UKS', 'function_kwargs': {}}
2025-12-23:13:37:10,919 INFO     [psi4.driver.driver:638] Compute gradient(): method=b3lyp, basis=cc-pvtz, molecule=C2, nre=14.645929470662782
2025-12-23:13:37:11,388 INFO     [psi4.driver.driver:641] Return gradient(): -75.94411407174988
2025-12-23:13:37:11,388 INFO     [psi4.driver.driver:642] [[ 0.00000000  0.00000000  0.00117145]
 [ 0.00000000  0.00000000 -0.00117145]]
2025-12-23:13:37:11,448 INFO     [psi4.driver.task_base:183] <<< JSON launch ... b3lyp cc-pvtz d2h 14.633771943729943
2025-12-23:13:37:11,463 INFO     [psi4.driver.task_planner:259] PLANNING Atomic:  keywords={'DAMPING_PERCENTAGE': 1.0, 'DIIS_MAX_VECS': 400, 'D_CONVERGENCE': 1e-08, 'E_CONVERGENCE': 1e-08, 'GUESS': 'SAP', 'MAXITER': 500, 'MBIS_MAXITER': 8000, 'PARENT_SYMMETRY': 'D2H', 'REFERENCE': 'UKS', 'function_kwargs': {}}
2025-12-23:13:37:11,464 INFO     [psi4.driver.driver:638] Compute gradient(): method=b3lyp, basis=cc-pvtz, molecule=C2, nre=14.633771943729943
2025-12-23:13:37:11,925 INFO     [psi4.driver.driver:641] Return gradient(): -75.94411509615593
2025-12-23:13:37:11,926 INFO     [psi4.driver.driver:642] [[-0.00000014 -0.00000000 -0.00016336]
 [ 0.00000014 -0.00000000  0.00016336]]
2025-12-23:13:37:11,988 INFO     [psi4.driver.task_base:183] <<< JSON launch ... b3lyp cc-pvtz d2h 14.633771943729943
2025-12-23:13:37:12,4 INFO     [psi4.driver.task_planner:259] PLANNING Atomic:  keywords={'DAMPING_PERCENTAGE': 1.0, 'DIIS_MAX_VECS': 400, 'D_CONVERGENCE': 1e-08, 'E_CONVERGENCE': 1e-08, 'GUESS': 'SAP', 'MAXITER': 500, 'MBIS_MAXITER': 8000, 'PARENT_SYMMETRY': 'D2H', 'REFERENCE': 'UKS', 'function_kwargs': {}}
2025-12-23:13:37:12,5 INFO     [psi4.driver.driver:638] Compute gradient(): method=b3lyp, basis=cc-pvtz, molecule=C2, nre=14.633771943729943
2025-12-23:13:37:12,502 INFO     [psi4.driver.driver:641] Return gradient(): -75.9441150961491
2025-12-23:13:37:12,502 INFO     [psi4.driver.driver:642] [[ 0.00000000 -0.00000014 -0.00016336]
 [ 0.00000000  0.00000014  0.00016336]]
2025-12-23:13:37:12,565 INFO     [psi4.driver.driver_findif:275] 
2025-12-23:13:37:12,565 INFO     [psi4.driver.driver_findif:275]   Computing second-derivative from gradients using projected, 
  symmetry-adapted, cartesian coordinates.

  5 gradients passed in, including the reference geometry.

2025-12-23:13:37:12,602 INFO     [psi4.driver.task_planner:259] PLANNING Atomic:  keywords={'DAMPING_PERCENTAGE': 1.0, 'DIIS_MAX_VECS': 400, 'D_CONVERGENCE': 1e-08, 'E_CONVERGENCE': 1e-08, 'GUESS': 'SAP', 'MAXITER': 500, 'MBIS_MAXITER': 8000, 'REFERENCE': 'UKS', 'function_kwargs': {}}
2025-12-23:13:37:12,603 INFO     [psi4.driver.driver:790] Compute properties(): method=b3lyp, basis=cc-pvtz, molecule=default, nre=14.633776981320118
2025-12-23:13:37:13,28 INFO     [psi4.driver.driver:793] Return properties(): -75.9441150963286
