2025-12-23:13:35:56,62 WARNING  [psi4.optking:38] Some dependencies such as QCElemental have not yet finished migration to pydantic v2. If issues are encountered please downgrade pydantic or upgrade QCElemental as appropriate
2025-12-23:13:35:56,223 INFO     [psi4.optking.optwrapper:234] Creating a UserComputer
2025-12-23:13:35:56,224 INFO     [psi4.optking.optwrapper:242] 
    			-----------------------------------------

    			 OPTKING 3.0: for geometry optimizations 

    			     By R.A. King, Bethel University     

    			        with contributions from          

    			    A.V. Copan, J. Cayton, A. Heide      

    			-----------------------------------------

    
2025-12-23:13:35:56,224 INFO     [psi4.optking.optwrapper:272] 
		 -- Optimization Parameters --
	GEOM_MAXITER                   =              50
	ALG_GEOM_MAXITER               =              50
	PRINT                          =               1
	OPT_TYPE                       =             MIN
	STEP_TYPE                      =             RFO
	PROGRAM                        =            PSI4
	STEEPEST_DESCENT_TYPE          =         OVERLAP
	CONJUGATE_GRADIENT_TYPE        =        FLETCHER
	OPT_COORDINATES                =        INTERNAL
	RFO_FOLLOW_ROOT                =           False
	RFO_ROOT                       =               0
	ACCEPT_SYMMETRY_BREAKING       =           False
	DYNAMIC_LVL                    =               0
	DYNAMIC_LVL_MAX                =               0
	IRC_STEP_SIZE                  =             0.2
	IRC_DIRECTION                  =         FORWARD
	IRC_POINTS                     =              20
	IRC_MODE                       =          NORMAL
	IRC_CONVERGENCE                =            -0.7
	INTRAFRAG_STEP_LIMIT           =             0.5
	INTRAFRAG_STEP_LIMIT_MIN       =           0.001
	INTRAFRAG_STEP_LIMIT_MAX       =             1.0
	INTERFRAG_STEP_LIMIT           =             0.5
	INTERFRAG_STEP_LIMIT_MIN       =           0.001
	INTERFRAG_STEP_LIMIT_MAX       =             1.0
	ENSURE_BT_CONVERGENCE          =           False
	SIMPLE_STEP_SCALING            =           False
	CONSECUTIVE_BACKSTEPS          =               0
	RFO_NORMALIZATION_MAX          =             100
	RSRFO_ALPHA_MAX                =     100000000.0
	PRINT_TRAJECTORY_XYZ_FILE      =           False
	WRITE_TRAJECTORY               =           False
	FROZEN_DISTANCE                =                
	FROZEN_BEND                    =                
	FROZEN_DIHEDRAL                =                
	FROZEN_OOFP                    =                
	FROZEN_CARTESIAN               =                
	FREEZE_ALL_DIHEDRALS           =           False
	UNFREEZE_DIHEDRALS             =                
	RANGED_DISTANCE                =                
	RANGED_BEND                    =                
	RANGED_DIHEDRAL                =                
	RANGED_OOFP                    =                
	RANGED_CARTESIAN               =                
	EXT_FORCE_DISTANCE             =                
	EXT_FORCE_BEND                 =                
	EXT_FORCE_DIHEDRAL             =                
	EXT_FORCE_OOFP                 =                
	EXT_FORCE_CARTESIAN            =                
	G_CONVERGENCE                  =           QCHEM
	MAX_FORCE_G_CONVERGENCE        =          0.0003
	RMS_FORCE_G_CONVERGENCE        =          0.0003
	MAX_ENERGY_G_CONVERGENCE       =           1e-06
	MAX_DISP_G_CONVERGENCE         =          0.0012
	RMS_DISP_G_CONVERGENCE         =          0.0012
	FLEXIBLE_G_CONVERGENCE         =           False
	HESS_UPDATE                    =            BFGS
	HESS_UPDATE_USE_LAST           =               4
	HESS_UPDATE_LIMIT              =            True
	HESS_UPDATE_LIMIT_MAX          =             1.0
	HESS_UPDATE_LIMIT_SCALE        =             0.5
	HESS_UPDATE_DEN_TOL            =           1e-07
	HESS_UPDATE_DQ_TOL             =             0.5
	CART_HESS_READ                 =           False
	HESSIAN_FILE                   =               .
	FULL_HESS_EVERY                =              -1
	INTRAFRAG_HESS                 =        SCHLEGEL
	H_GUESS_EVERY                  =           False
	BT_MAX_ITER                    =              25
	BT_DX_CONV                     =           1e-07
	BT_DX_RMS_CHANGE_CONV          =           1e-12
	BT_PINV_RCOND                  =           1e-06
	FRAG_MODE                      =          SINGLE
	FRAG_REF_ATOMS                 =              []
	FREEZE_INTRAFRAG               =           False
	INTERFRAG_MODE                 =           FIXED
	ADD_AUXILIARY_BONDS            =           False
	AUXILIARY_BOND_FACTOR          =             2.5
	INTERFRAG_DIST_INV             =           False
	INTERFRAG_COLLINEAR_TOL        =            0.01
	INTERFRAG_COORDS               =              []
	INTERFRAG_HESS                 =         DEFAULT
	COVALENT_CONNECT               =             1.3
	INTERFRAGMENT_CONNECT          =             1.8
	H_BOND_CONNECT                 =             4.3
	INCLUDE_OOFP                   =           False
	TEST_B                         =           False
	TEST_DERIVATIVE_B              =           False
	LINESEARCH_STEP                =             0.1
	LINESEARCH                     =           False
	SD_HESSIAN                     =             1.0
	FIX_VAL_NEAR_PI                =            1.57
	V3D_TORS_ANGLE_LIM             =           0.017
	V3D_TORS_COS_TOL               =           1e-10
	LINEAR_BEND_THRESHOLD          =            3.05
	SMALL_BEND_FIX_THRESHOLD       =            0.35
	REDUNDANT_EVAL_TOL             =           1e-10
	LINEAR_ALGEBRA_TOL             =           1e-10


2025-12-23:13:35:56,366 INFO     [psi4.optking.opt_helper:164] Molsys:

	                            ===> Fragment 1 <== 

	 Z (Atomic Numbers)          Masses                          Geom                  
	       8.000000            15.994915          0.00000000  0.00000000 -1.14210795   
	       8.000000            15.994915          0.00000000  0.00000000  1.14210795   

	 - Coordinate -           - BOHR/RAD -       - ANG/DEG -
	 R(1,2)           =         2.284216           1.208755

2025-12-23:13:35:56,376 INFO     [psi4.driver.task_planner:259] PLANNING Atomic:  keywords={'DAMPING_PERCENTAGE': 1.0, 'DIIS_MAX_VECS': 400, 'D_CONVERGENCE': 1e-08, 'E_CONVERGENCE': 1e-08, 'GUESS': 'SAP', 'MAXITER': 500, 'MBIS_MAXITER': 8000, 'REFERENCE': 'UKS', 'function_kwargs': {}}
2025-12-23:13:35:56,378 INFO     [psi4.driver.driver:638] Compute gradient(): method=b3lyp, basis=cc-pvtz, molecule=default, nre=28.018367231473707
2025-12-23:13:35:56,922 INFO     [psi4.driver.driver:641] Return gradient(): -150.38093500460764
2025-12-23:13:35:56,922 INFO     [psi4.driver.driver:642] [[ 0.00000000 -0.00000000 -0.00438656]
 [ 0.00000000  0.00000000  0.00438656]]
2025-12-23:13:35:56,923 INFO     [psi4.optking.molsys:944] Projected (PHP) Hessian matrix
	   1.005442

2025-12-23:13:35:56,924 INFO     [psi4.optking.opt_helper:182] 
	         Geometry (au)                                       Gradient (au)
   0.0000000000   0.0000000000  -1.1421079514		   0.0000000000  -0.0000000000  -0.0043865642
   0.0000000000   0.0000000000   1.1421079514		   0.0000000000   0.0000000000   0.0043865642

2025-12-23:13:35:56,924 INFO     [psi4.optking.stepAlgorithms:929] 	Using RFO solution 1.
2025-12-23:13:35:56,924 INFO     [psi4.optking.displace:100] 	Determining Cartesian step for fragment 1.
2025-12-23:13:35:56,924 INFO     [psi4.optking.displace:415] 	Successfully converged to displaced geometry.
2025-12-23:13:35:56,924 INFO     [psi4.optking.displace:416] 	RMS(dx):  0.000e+00 	Max(dx):  0.000e+00 	RMS(dq):  0.000e+00
2025-12-23:13:35:56,924 INFO     [psi4.optking.displace:172] 

	        --- Internal Coordinate Step in ANG or DEG, aJ/ANG or AJ/DEG ---
	-------------------------------------------------------------------------------
	           Coordinate      Previous         Force          Change          New 
	           ----------      --------        ------          ------        ------
	               R(1,2)       1.20876       -0.03614       -0.00231       1.20645
	-------------------------------------------------------------------------------

2025-12-23:13:35:56,924 INFO     [psi4.optking.stepAlgorithms:113] 	|target step| :    0.0043627393
2025-12-23:13:35:56,924 INFO     [psi4.optking.stepAlgorithms:114] 	gradient     :   -0.0043865642
2025-12-23:13:35:56,924 INFO     [psi4.optking.stepAlgorithms:115] 	hessian      :    1.0054418451
2025-12-23:13:35:56,924 INFO     [psi4.optking.stepAlgorithms:113] 	|target step| :    0.0043627393
2025-12-23:13:35:56,924 INFO     [psi4.optking.stepAlgorithms:114] 	gradient     :   -0.0043865642
2025-12-23:13:35:56,924 INFO     [psi4.optking.stepAlgorithms:115] 	hessian      :    1.0054418451
2025-12-23:13:35:56,924 INFO     [psi4.optking.stepAlgorithms:206] 	Norm of achieved step-size    0.0043627393
2025-12-23:13:35:56,925 INFO     [psi4.optking.stepAlgorithms:208] 	Norm of achieved step-size (cart):    0.0030849226
2025-12-23:13:35:56,925 INFO     [psi4.optking.opt_helper:164] Molsys:

	                            ===> Fragment 1 <== 

	 Z (Atomic Numbers)          Masses                          Geom                  
	       8.000000            15.994915          0.00000000  0.00000000 -1.13992658   
	       8.000000            15.994915          0.00000000  0.00000000  1.13992658   

	 - Coordinate -           - BOHR/RAD -       - ANG/DEG -
	 R(1,2)           =         2.279853           1.206446

2025-12-23:13:35:56,925 INFO     [psi4.optking.convcheck:76] Performing convergence check.
2025-12-23:13:35:56,925 INFO     [psi4.optking.convcheck:282] 
	                                 ==> Convergence Check <==                                  
    
	Measures of convergence in internal coordinates in au.
    
	Criteria marked as inactive (o), active & met (*), and active & unmet ( ).

	----------------------------------------------------------------------------------------------~
	   Step    Total Energy     Delta E     Max Force     RMS Force      Max Disp      RMS Disp   ~
	----------------------------------------------------------------------------------------------~
	  Convergence Criteria     1.00e-06 *    3.00e-04 *             o    1.20e-03 *             o~
	----------------------------------------------------------------------------------------------~
	     1    -150.38093500   -1.50e+02      4.39e-03      4.39e-03 o    4.36e-03      4.36e-03 o  ~
	----------------------------------------------------------------------------------------------


2025-12-23:13:35:56,925 INFO     [psi4.optking.stepAlgorithms:296] 	Convergence check returned False
2025-12-23:13:35:56,937 INFO     [psi4.driver.task_planner:259] PLANNING Atomic:  keywords={'DAMPING_PERCENTAGE': 1.0, 'DIIS_MAX_VECS': 400, 'D_CONVERGENCE': 1e-08, 'E_CONVERGENCE': 1e-08, 'SCF__GUESS': 'READ', 'GUESS': 'SAP', 'MAXITER': 500, 'MBIS_MAXITER': 8000, 'REFERENCE': 'UKS', 'function_kwargs': {}}
2025-12-23:13:35:56,938 INFO     [psi4.driver.driver:638] Compute gradient(): method=b3lyp, basis=cc-pvtz, molecule=default, nre=28.07198333051714
2025-12-23:13:35:57,349 INFO     [psi4.driver.driver:641] Return gradient(): -150.38094665611507
2025-12-23:13:35:57,350 INFO     [psi4.driver.driver:642] [[ 0.00000000  0.00000000 -0.00092734]
 [ 0.00000000  0.00000000  0.00092734]]
2025-12-23:13:35:57,351 INFO     [psi4.optking.history:269] 	Performing BFGS update.
2025-12-23:13:35:57,351 INFO     [psi4.optking.history:280] 	Using 1 previous steps for update.
2025-12-23:13:35:57,351 INFO     [psi4.optking.history:317] 	Steps to be used in Hessian update:  1

2025-12-23:13:35:57,352 INFO     [psi4.optking.history:418] 	Updated Hessian (in au) 
 	   0.792901

2025-12-23:13:35:57,352 INFO     [psi4.optking.molsys:944] Projected (PHP) Hessian matrix
	   0.792901

2025-12-23:13:35:57,352 INFO     [psi4.optking.opt_helper:182] 
	         Geometry (au)                                       Gradient (au)
   0.0000000000   0.0000000000  -1.1399265817		   0.0000000000   0.0000000000  -0.0009273431
   0.0000000000   0.0000000000   1.1399265817		   0.0000000000   0.0000000000   0.0009273431

2025-12-23:13:35:57,352 INFO     [psi4.optking.stepAlgorithms:368] 	Current Step Report 
 
	Current energy:      -150.3809466561
	Energy change for the previous step:
		Actual       :        -0.0000116515
		Projected    :        -0.0000095687

2025-12-23:13:35:57,352 INFO     [psi4.optking.stepAlgorithms:371] 	Energy ratio =    1.21767
2025-12-23:13:35:57,352 INFO     [psi4.optking.stepAlgorithms:399] 	Energy ratio indicates good step.
2025-12-23:13:35:57,352 INFO     [psi4.optking.stepAlgorithms:400] 	Intrafrag trust radius increased to      1.
2025-12-23:13:35:57,352 INFO     [psi4.optking.stepAlgorithms:929] 	Using RFO solution 1.
2025-12-23:13:35:57,352 INFO     [psi4.optking.displace:100] 	Determining Cartesian step for fragment 1.
2025-12-23:13:35:57,352 INFO     [psi4.optking.displace:415] 	Successfully converged to displaced geometry.
2025-12-23:13:35:57,352 INFO     [psi4.optking.displace:416] 	RMS(dx):  0.000e+00 	Max(dx):  0.000e+00 	RMS(dq):  0.000e+00
2025-12-23:13:35:57,353 INFO     [psi4.optking.displace:172] 

	        --- Internal Coordinate Step in ANG or DEG, aJ/ANG or AJ/DEG ---
	-------------------------------------------------------------------------------
	           Coordinate      Previous         Force          Change          New 
	           ----------      --------        ------          ------        ------
	               R(1,2)       1.20645       -0.00764       -0.00062       1.20583
	-------------------------------------------------------------------------------

2025-12-23:13:35:57,353 INFO     [psi4.optking.stepAlgorithms:113] 	|target step| :    0.0011695553
2025-12-23:13:35:57,353 INFO     [psi4.optking.stepAlgorithms:114] 	gradient     :   -0.0009273431
2025-12-23:13:35:57,353 INFO     [psi4.optking.stepAlgorithms:115] 	hessian      :    0.7929011709
2025-12-23:13:35:57,353 INFO     [psi4.optking.stepAlgorithms:113] 	|target step| :    0.0011695553
2025-12-23:13:35:57,353 INFO     [psi4.optking.stepAlgorithms:114] 	gradient     :   -0.0009273431
2025-12-23:13:35:57,353 INFO     [psi4.optking.stepAlgorithms:115] 	hessian      :    0.7929011709
2025-12-23:13:35:57,353 INFO     [psi4.optking.stepAlgorithms:206] 	Norm of achieved step-size    0.0011695553
2025-12-23:13:35:57,353 INFO     [psi4.optking.stepAlgorithms:208] 	Norm of achieved step-size (cart):    0.0008270005
2025-12-23:13:35:57,353 INFO     [psi4.optking.opt_helper:164] Molsys:

	                            ===> Fragment 1 <== 

	 Z (Atomic Numbers)          Masses                          Geom                  
	       8.000000            15.994915          0.00000000  0.00000000 -1.13934180   
	       8.000000            15.994915          0.00000000  0.00000000  1.13934180   

	 - Coordinate -           - BOHR/RAD -       - ANG/DEG -
	 R(1,2)           =         2.278684           1.205827

2025-12-23:13:35:57,353 INFO     [psi4.optking.convcheck:76] Performing convergence check.
2025-12-23:13:35:57,353 INFO     [psi4.optking.convcheck:282] 
	                                 ==> Convergence Check <==                                  
    
	Measures of convergence in internal coordinates in au.
    
	Criteria marked as inactive (o), active & met (*), and active & unmet ( ).

	----------------------------------------------------------------------------------------------
	   Step    Total Energy     Delta E     Max Force     RMS Force      Max Disp      RMS Disp   
	----------------------------------------------------------------------------------------------
	  Convergence Criteria     1.00e-06 *    3.00e-04 *             o    1.20e-03 *             o
	----------------------------------------------------------------------------------------------
	     2    -150.38094666   -1.17e-05      9.27e-04      9.27e-04 o    1.17e-03 *    1.17e-03 o  ~
	----------------------------------------------------------------------------------------------


2025-12-23:13:35:57,353 INFO     [psi4.optking.stepAlgorithms:296] 	Convergence check returned False
2025-12-23:13:35:57,364 INFO     [psi4.driver.task_planner:259] PLANNING Atomic:  keywords={'DAMPING_PERCENTAGE': 1.0, 'DIIS_MAX_VECS': 400, 'D_CONVERGENCE': 1e-08, 'E_CONVERGENCE': 1e-08, 'SCF__GUESS': 'READ', 'GUESS': 'SAP', 'MAXITER': 500, 'MBIS_MAXITER': 8000, 'REFERENCE': 'UKS', 'function_kwargs': {}}
2025-12-23:13:35:57,365 INFO     [psi4.driver.driver:638] Compute gradient(): method=b3lyp, basis=cc-pvtz, molecule=default, nre=28.086391534176126
2025-12-23:13:35:57,760 INFO     [psi4.driver.driver:641] Return gradient(): -150.38094720388747
2025-12-23:13:35:57,760 INFO     [psi4.driver.driver:642] [[-0.00000000  0.00000000  0.00000957]
 [-0.00000000  0.00000000 -0.00000957]]
2025-12-23:13:35:57,761 INFO     [psi4.optking.history:269] 	Performing BFGS update.
2025-12-23:13:35:57,761 INFO     [psi4.optking.history:280] 	Using 2 previous steps for update.
2025-12-23:13:35:57,762 INFO     [psi4.optking.history:317] 	Steps to be used in Hessian update:  2 1

2025-12-23:13:35:57,762 INFO     [psi4.optking.history:418] 	Updated Hessian (in au) 
 	   0.794631

2025-12-23:13:35:57,762 INFO     [psi4.optking.molsys:944] Projected (PHP) Hessian matrix
	   0.794631

2025-12-23:13:35:57,762 INFO     [psi4.optking.opt_helper:182] 
	         Geometry (au)                                       Gradient (au)
   0.0000000000   0.0000000000  -1.1393418041		  -0.0000000000   0.0000000000   0.0000095712
   0.0000000000   0.0000000000   1.1393418041		  -0.0000000000   0.0000000000  -0.0000095712

2025-12-23:13:35:57,762 INFO     [psi4.optking.stepAlgorithms:368] 	Current Step Report 
 
	Current energy:      -150.3809472039
	Energy change for the previous step:
		Actual       :        -0.0000005478
		Projected    :        -0.0000005423

2025-12-23:13:35:57,762 INFO     [psi4.optking.stepAlgorithms:371] 	Energy ratio =    1.01011
2025-12-23:13:35:57,762 INFO     [psi4.optking.stepAlgorithms:929] 	Using RFO solution 1.
2025-12-23:13:35:57,762 INFO     [psi4.optking.displace:100] 	Determining Cartesian step for fragment 1.
2025-12-23:13:35:57,762 INFO     [psi4.optking.displace:415] 	Successfully converged to displaced geometry.
2025-12-23:13:35:57,762 INFO     [psi4.optking.displace:416] 	RMS(dx):  0.000e+00 	Max(dx):  0.000e+00 	RMS(dq):  0.000e+00
2025-12-23:13:35:57,762 INFO     [psi4.optking.displace:172] 

	        --- Internal Coordinate Step in ANG or DEG, aJ/ANG or AJ/DEG ---
	-------------------------------------------------------------------------------
	           Coordinate      Previous         Force          Change          New 
	           ----------      --------        ------          ------        ------
	               R(1,2)       1.20583        0.00008        0.00001       1.20583
	-------------------------------------------------------------------------------

2025-12-23:13:35:57,763 INFO     [psi4.optking.stepAlgorithms:113] 	|target step| :    0.0000120449
2025-12-23:13:35:57,763 INFO     [psi4.optking.stepAlgorithms:114] 	gradient     :   -0.0000095712
2025-12-23:13:35:57,763 INFO     [psi4.optking.stepAlgorithms:115] 	hessian      :    0.7946314682
2025-12-23:13:35:57,763 INFO     [psi4.optking.stepAlgorithms:113] 	|target step| :    0.0000120449
2025-12-23:13:35:57,763 INFO     [psi4.optking.stepAlgorithms:114] 	gradient     :   -0.0000095712
2025-12-23:13:35:57,763 INFO     [psi4.optking.stepAlgorithms:115] 	hessian      :    0.7946314682
2025-12-23:13:35:57,763 INFO     [psi4.optking.stepAlgorithms:206] 	Norm of achieved step-size    0.0000120449
2025-12-23:13:35:57,763 INFO     [psi4.optking.stepAlgorithms:208] 	Norm of achieved step-size (cart):    0.0000085170
2025-12-23:13:35:57,763 INFO     [psi4.optking.opt_helper:164] Molsys:

	                            ===> Fragment 1 <== 

	 Z (Atomic Numbers)          Masses                          Geom                  
	       8.000000            15.994915          0.00000000  0.00000000 -1.13934783   
	       8.000000            15.994915          0.00000000  0.00000000  1.13934783   

	 - Coordinate -           - BOHR/RAD -       - ANG/DEG -
	 R(1,2)           =         2.278696           1.205834

2025-12-23:13:35:57,763 INFO     [psi4.optking.convcheck:76] Performing convergence check.
2025-12-23:13:35:57,763 INFO     [psi4.optking.convcheck:282] 
	                                 ==> Convergence Check <==                                  
    
	Measures of convergence in internal coordinates in au.
    
	Criteria marked as inactive (o), active & met (*), and active & unmet ( ).

	----------------------------------------------------------------------------------------------
	   Step    Total Energy     Delta E     Max Force     RMS Force      Max Disp      RMS Disp   
	----------------------------------------------------------------------------------------------
	  Convergence Criteria     1.00e-06 *    3.00e-04 *             o    1.20e-03 *             o
	----------------------------------------------------------------------------------------------
	     3    -150.38094720   -5.48e-07 *    9.57e-06 *    9.57e-06 o    1.20e-05 *    1.20e-05 o  ~
	----------------------------------------------------------------------------------------------


2025-12-23:13:35:57,763 INFO     [psi4.optking.convcheck:206] 
	                      ===> Final Convergence Report <===                     

	----------------------------------------------------------------------------
	|   Required Criteria    |  One or More Criteria  |   Alternate Criteria   |
	----------------------------------------------------------------------------
	| [x]     max_force      | [x]       max_DE       |                        |
	|                        | [x]      max_disp      |                        |
	----------------------------------------------------------------------------


2025-12-23:13:35:57,763 INFO     [psi4.optking.stepAlgorithms:296] 	Convergence check returned True
2025-12-23:13:35:57,763 INFO     [psi4.optking.optimize:332] 	Converged in 3 steps!
2025-12-23:13:35:57,763 INFO     [psi4.optking.optimize:333] 	Final energy is   -150.3809472038875
2025-12-23:13:35:57,763 INFO     [psi4.optking.optimize:334] 	Final structure (Angstroms): 
	Fragment 1 (Ang)

	    O   0.0000000000   0.0000000000  -0.6029169048
	    O   0.0000000000   0.0000000000   0.6029169048


2025-12-23:13:35:57,764 INFO     [psi4.optking.optimize:562] 	Optimization Finished

	==> Optimization Summary <==

        
	Measures of convergence in internal coordinates in au. (Any backward steps not shown.)
        
	---------------------------------------------------------------------------------------------------------------  ~
        
	 Step         Total Energy             Delta E       MAX Force       RMS Force        MAX Disp        RMS Disp   ~
        
	---------------------------------------------------------------------------------------------------------------  ~
        
	     1    -150.380935004608   -150.380935004608      0.00438656      0.00438656      0.00436274      0.00436274  ~
	     2    -150.380946656115     -0.000011651507      0.00092734      0.00092734      0.00116956      0.00116956  ~
	     3    -150.380947203887     -0.000000547772      0.00000957      0.00000957      0.00001204      0.00001204  ~
	----------------------------------------------------------------------------------------------------------------


2025-12-23:13:35:57,764 INFO     [psi4.optking.optimize:806] Preparing OptimizationResult
2025-12-23:13:35:57,775 INFO     [psi4.driver.task_planner:263] PLANNING FD:  dermode=(2, 1) keywords={'DAMPING_PERCENTAGE': 1.0, 'DIIS_MAX_VECS': 400, 'D_CONVERGENCE': 1e-08, 'E_CONVERGENCE': 1e-08, 'GUESS': 'SAP', 'MAXITER': 500, 'MBIS_MAXITER': 8000, 'REFERENCE': 'UKS', 'function_kwargs': {}} findif_kw={'findif_irrep': -1, 'findif_stencil_size': 3, 'findif_step_size': 0.005, 'findif_verbose': 1} kw={'wfn': <psi4.core.UHF object at 0x7344ab1ce990>}
2025-12-23:13:35:57,775 INFO     [psi4.driver.driver_findif:266] 
         ----------------------------------------------------------
                                   FINDIF
                     R. A. King and Jonathon Misiewicz
         ----------------------------------------------------------


2025-12-23:13:35:57,775 INFO     [psi4.driver.driver_findif:275]   Using finite-differences of gradients to determine vibrational frequencies and 
  normal modes. Resulting frequencies are only valid at stationary points.
    Generating geometries for use with 3-point formula.
    Displacement size will be 5.00e-03.

2025-12-23:13:35:57,775 INFO     [psi4.driver.driver_findif:294]     Number of atoms is 2.
    Number of irreps is 8.
    Number of SALCs is 3.
    Translations projected? 1. Rotations projected? 0.

2025-12-23:13:35:57,775 INFO     [psi4.driver.driver_findif:345]     Index of SALCs per irrep:
      1 :  0 
      2 : 
      3 :  1 
      4 :  2 
      5 : 
      6 : 
      7 : 
      8 : 
    Number of SALCs per irrep:
      Irrep 1: 1
      Irrep 2: 0
      Irrep 3: 1
      Irrep 4: 1
      Irrep 5: 0
      Irrep 6: 0
      Irrep 7: 0
      Irrep 8: 0

2025-12-23:13:35:57,775 INFO     [psi4.driver.driver_findif:370]     Number of geometries (including reference) is 5.
    Number of displacements per irrep:
      Irrep 1: 2
      Irrep 2: 0
      Irrep 3: 1
      Irrep 4: 1
      Irrep 5: 0
      Irrep 6: 0
      Irrep 7: 0
      Irrep 8: 0

2025-12-23:13:35:57,789 INFO     [psi4.driver.task_base:183] <<< JSON launch ... b3lyp cc-pvtz d2h 28.086391534176133
2025-12-23:13:35:58,933 INFO     [psi4.driver.task_planner:259] PLANNING Atomic:  keywords={'DAMPING_PERCENTAGE': 1.0, 'DIIS_MAX_VECS': 400, 'D_CONVERGENCE': 1e-08, 'E_CONVERGENCE': 1e-08, 'GUESS': 'SAP', 'MAXITER': 500, 'MBIS_MAXITER': 8000, 'PARENT_SYMMETRY': 'D2H', 'REFERENCE': 'UKS', 'function_kwargs': {}}
2025-12-23:13:35:58,934 INFO     [psi4.driver.driver:638] Compute gradient(): method=b3lyp, basis=cc-pvtz, molecule=O2, nre=28.086391534176133
2025-12-23:13:35:59,442 INFO     [psi4.driver.driver:641] Return gradient(): -150.38094720383174
2025-12-23:13:35:59,442 INFO     [psi4.driver.driver:642] [[ 0.00000000  0.00000000  0.00000957]
 [ 0.00000000  0.00000000 -0.00000957]]
2025-12-23:13:35:59,532 INFO     [psi4.driver.task_base:183] <<< JSON launch ... b3lyp cc-pvtz d2h 28.064615985087848
2025-12-23:13:35:59,550 INFO     [psi4.driver.task_planner:259] PLANNING Atomic:  keywords={'DAMPING_PERCENTAGE': 1.0, 'DIIS_MAX_VECS': 400, 'D_CONVERGENCE': 1e-08, 'E_CONVERGENCE': 1e-08, 'GUESS': 'SAP', 'MAXITER': 500, 'MBIS_MAXITER': 8000, 'PARENT_SYMMETRY': 'D2H', 'REFERENCE': 'UKS', 'function_kwargs': {}}
2025-12-23:13:35:59,552 INFO     [psi4.driver.driver:638] Compute gradient(): method=b3lyp, basis=cc-pvtz, molecule=O2, nre=28.064615985087848
2025-12-23:13:36:00,8 INFO     [psi4.driver.driver:641] Return gradient(): -150.380945952614
2025-12-23:13:36:00,9 INFO     [psi4.driver.driver:642] [[ 0.00000000 -0.00000000 -0.00140521]
 [-0.00000000 -0.00000000  0.00140521]]
2025-12-23:13:36:00,74 INFO     [psi4.driver.task_base:183] <<< JSON launch ... b3lyp cc-pvtz d2h 28.10820090113242
2025-12-23:13:36:00,89 INFO     [psi4.driver.task_planner:259] PLANNING Atomic:  keywords={'DAMPING_PERCENTAGE': 1.0, 'DIIS_MAX_VECS': 400, 'D_CONVERGENCE': 1e-08, 'E_CONVERGENCE': 1e-08, 'GUESS': 'SAP', 'MAXITER': 500, 'MBIS_MAXITER': 8000, 'PARENT_SYMMETRY': 'D2H', 'REFERENCE': 'UKS', 'function_kwargs': {}}
2025-12-23:13:36:00,90 INFO     [psi4.driver.driver:638] Compute gradient(): method=b3lyp, basis=cc-pvtz, molecule=O2, nre=28.10820090113242
2025-12-23:13:36:00,564 INFO     [psi4.driver.driver:641] Return gradient(): -150.38094594544683
2025-12-23:13:36:00,564 INFO     [psi4.driver.driver:642] [[ 0.00000000  0.00000000  0.00143368]
 [ 0.00000000  0.00000000 -0.00143368]]
2025-12-23:13:36:00,629 INFO     [psi4.driver.task_base:183] <<< JSON launch ... b3lyp cc-pvtz d2h 28.086383079718043
2025-12-23:13:36:00,644 INFO     [psi4.driver.task_planner:259] PLANNING Atomic:  keywords={'DAMPING_PERCENTAGE': 1.0, 'DIIS_MAX_VECS': 400, 'D_CONVERGENCE': 1e-08, 'E_CONVERGENCE': 1e-08, 'GUESS': 'SAP', 'MAXITER': 500, 'MBIS_MAXITER': 8000, 'PARENT_SYMMETRY': 'D2H', 'REFERENCE': 'UKS', 'function_kwargs': {}}
2025-12-23:13:36:00,646 INFO     [psi4.driver.driver:638] Compute gradient(): method=b3lyp, basis=cc-pvtz, molecule=O2, nre=28.086383079718043
2025-12-23:13:36:01,99 INFO     [psi4.driver.driver:641] Return gradient(): -150.38094720383512
2025-12-23:13:36:01,99 INFO     [psi4.driver.driver:642] [[ 0.00000001  0.00000000  0.00000902]
 [-0.00000001 -0.00000000 -0.00000902]]
2025-12-23:13:36:01,161 INFO     [psi4.driver.task_base:183] <<< JSON launch ... b3lyp cc-pvtz d2h 28.086383079718043
2025-12-23:13:36:01,177 INFO     [psi4.driver.task_planner:259] PLANNING Atomic:  keywords={'DAMPING_PERCENTAGE': 1.0, 'DIIS_MAX_VECS': 400, 'D_CONVERGENCE': 1e-08, 'E_CONVERGENCE': 1e-08, 'GUESS': 'SAP', 'MAXITER': 500, 'MBIS_MAXITER': 8000, 'PARENT_SYMMETRY': 'D2H', 'REFERENCE': 'UKS', 'function_kwargs': {}}
2025-12-23:13:36:01,178 INFO     [psi4.driver.driver:638] Compute gradient(): method=b3lyp, basis=cc-pvtz, molecule=O2, nre=28.086383079718043
2025-12-23:13:36:01,667 INFO     [psi4.driver.driver:641] Return gradient(): -150.38094720383503
2025-12-23:13:36:01,668 INFO     [psi4.driver.driver:642] [[ 0.00000000  0.00000001  0.00000902]
 [ 0.00000000 -0.00000001 -0.00000902]]
2025-12-23:13:36:01,732 INFO     [psi4.driver.driver_findif:275] 
2025-12-23:13:36:01,733 INFO     [psi4.driver.driver_findif:275]   Computing second-derivative from gradients using projected, 
  symmetry-adapted, cartesian coordinates.

  5 gradients passed in, including the reference geometry.

2025-12-23:13:36:01,771 INFO     [psi4.driver.task_planner:259] PLANNING Atomic:  keywords={'DAMPING_PERCENTAGE': 1.0, 'DIIS_MAX_VECS': 400, 'D_CONVERGENCE': 1e-08, 'E_CONVERGENCE': 1e-08, 'GUESS': 'SAP', 'MAXITER': 500, 'MBIS_MAXITER': 8000, 'REFERENCE': 'UKS', 'function_kwargs': {}}
2025-12-23:13:36:01,773 INFO     [psi4.driver.driver:790] Compute properties(): method=b3lyp, basis=cc-pvtz, molecule=default, nre=28.086391534176133
2025-12-23:13:36:02,183 INFO     [psi4.driver.driver:793] Return properties(): -150.3809472038317
