2025-12-23:13:41:34,494 WARNING  [psi4.optking:38] Some dependencies such as QCElemental have not yet finished migration to pydantic v2. If issues are encountered please downgrade pydantic or upgrade QCElemental as appropriate
2025-12-23:13:41:34,657 INFO     [psi4.optking.optwrapper:234] Creating a UserComputer
2025-12-23:13:41:34,657 INFO     [psi4.optking.optwrapper:242] 
    			-----------------------------------------

    			 OPTKING 3.0: for geometry optimizations 

    			     By R.A. King, Bethel University     

    			        with contributions from          

    			    A.V. Copan, J. Cayton, A. Heide      

    			-----------------------------------------

    
2025-12-23:13:41:34,657 INFO     [psi4.optking.optwrapper:272] 
		 -- Optimization Parameters --
	GEOM_MAXITER                   =              50
	ALG_GEOM_MAXITER               =              50
	PRINT                          =               1
	OPT_TYPE                       =             MIN
	STEP_TYPE                      =             RFO
	PROGRAM                        =            PSI4
	STEEPEST_DESCENT_TYPE          =         OVERLAP
	CONJUGATE_GRADIENT_TYPE        =        FLETCHER
	OPT_COORDINATES                =        INTERNAL
	RFO_FOLLOW_ROOT                =           False
	RFO_ROOT                       =               0
	ACCEPT_SYMMETRY_BREAKING       =           False
	DYNAMIC_LVL                    =               0
	DYNAMIC_LVL_MAX                =               0
	IRC_STEP_SIZE                  =             0.2
	IRC_DIRECTION                  =         FORWARD
	IRC_POINTS                     =              20
	IRC_MODE                       =          NORMAL
	IRC_CONVERGENCE                =            -0.7
	INTRAFRAG_STEP_LIMIT           =             0.5
	INTRAFRAG_STEP_LIMIT_MIN       =           0.001
	INTRAFRAG_STEP_LIMIT_MAX       =             1.0
	INTERFRAG_STEP_LIMIT           =             0.5
	INTERFRAG_STEP_LIMIT_MIN       =           0.001
	INTERFRAG_STEP_LIMIT_MAX       =             1.0
	ENSURE_BT_CONVERGENCE          =           False
	SIMPLE_STEP_SCALING            =           False
	CONSECUTIVE_BACKSTEPS          =               0
	RFO_NORMALIZATION_MAX          =             100
	RSRFO_ALPHA_MAX                =     100000000.0
	PRINT_TRAJECTORY_XYZ_FILE      =           False
	WRITE_TRAJECTORY               =           False
	FROZEN_DISTANCE                =                
	FROZEN_BEND                    =                
	FROZEN_DIHEDRAL                =                
	FROZEN_OOFP                    =                
	FROZEN_CARTESIAN               =                
	FREEZE_ALL_DIHEDRALS           =           False
	UNFREEZE_DIHEDRALS             =                
	RANGED_DISTANCE                =                
	RANGED_BEND                    =                
	RANGED_DIHEDRAL                =                
	RANGED_OOFP                    =                
	RANGED_CARTESIAN               =                
	EXT_FORCE_DISTANCE             =                
	EXT_FORCE_BEND                 =                
	EXT_FORCE_DIHEDRAL             =                
	EXT_FORCE_OOFP                 =                
	EXT_FORCE_CARTESIAN            =                
	G_CONVERGENCE                  =           QCHEM
	MAX_FORCE_G_CONVERGENCE        =          0.0003
	RMS_FORCE_G_CONVERGENCE        =          0.0003
	MAX_ENERGY_G_CONVERGENCE       =           1e-06
	MAX_DISP_G_CONVERGENCE         =          0.0012
	RMS_DISP_G_CONVERGENCE         =          0.0012
	FLEXIBLE_G_CONVERGENCE         =           False
	HESS_UPDATE                    =            BFGS
	HESS_UPDATE_USE_LAST           =               4
	HESS_UPDATE_LIMIT              =            True
	HESS_UPDATE_LIMIT_MAX          =             1.0
	HESS_UPDATE_LIMIT_SCALE        =             0.5
	HESS_UPDATE_DEN_TOL            =           1e-07
	HESS_UPDATE_DQ_TOL             =             0.5
	CART_HESS_READ                 =           False
	HESSIAN_FILE                   =               .
	FULL_HESS_EVERY                =              -1
	INTRAFRAG_HESS                 =        SCHLEGEL
	H_GUESS_EVERY                  =           False
	BT_MAX_ITER                    =              25
	BT_DX_CONV                     =           1e-07
	BT_DX_RMS_CHANGE_CONV          =           1e-12
	BT_PINV_RCOND                  =           1e-06
	FRAG_MODE                      =          SINGLE
	FRAG_REF_ATOMS                 =              []
	FREEZE_INTRAFRAG               =           False
	INTERFRAG_MODE                 =           FIXED
	ADD_AUXILIARY_BONDS            =           False
	AUXILIARY_BOND_FACTOR          =             2.5
	INTERFRAG_DIST_INV             =           False
	INTERFRAG_COLLINEAR_TOL        =            0.01
	INTERFRAG_COORDS               =              []
	INTERFRAG_HESS                 =         DEFAULT
	COVALENT_CONNECT               =             1.3
	INTERFRAGMENT_CONNECT          =             1.8
	H_BOND_CONNECT                 =             4.3
	INCLUDE_OOFP                   =           False
	TEST_B                         =           False
	TEST_DERIVATIVE_B              =           False
	LINESEARCH_STEP                =             0.1
	LINESEARCH                     =           False
	SD_HESSIAN                     =             1.0
	FIX_VAL_NEAR_PI                =            1.57
	V3D_TORS_ANGLE_LIM             =           0.017
	V3D_TORS_COS_TOL               =           1e-10
	LINEAR_BEND_THRESHOLD          =            3.05
	SMALL_BEND_FIX_THRESHOLD       =            0.35
	REDUNDANT_EVAL_TOL             =           1e-10
	LINEAR_ALGEBRA_TOL             =           1e-10


2025-12-23:13:41:34,797 INFO     [psi4.optking.opt_helper:164] Molsys:

	                            ===> Fragment 1 <== 

	 Z (Atomic Numbers)          Masses                          Geom                  
	       7.000000            14.003074          0.00000000  0.00000000 -1.02483140   
	       6.000000            12.000000          0.00000000  0.00000000  1.19589916   

	 - Coordinate -           - BOHR/RAD -       - ANG/DEG -
	 R(1,2)           =         2.220731           1.175160

2025-12-23:13:41:34,808 INFO     [psi4.driver.task_planner:259] PLANNING Atomic:  keywords={'DAMPING_PERCENTAGE': 1.0, 'DIIS_MAX_VECS': 400, 'D_CONVERGENCE': 1e-08, 'E_CONVERGENCE': 1e-08, 'GUESS': 'SAP', 'MAXITER': 500, 'MBIS_MAXITER': 8000, 'REFERENCE': 'UKS', 'function_kwargs': {}}
2025-12-23:13:41:34,809 INFO     [psi4.driver.driver:638] Compute gradient(): method=b3lyp, basis=cc-pvtz, molecule=default, nre=18.91269516333095
2025-12-23:13:41:35,384 INFO     [psi4.driver.driver:641] Return gradient(): -92.74547621284756
2025-12-23:13:41:35,384 INFO     [psi4.driver.driver:642] [[-0.00000000  0.00000000 -0.02535974]
 [ 0.00000000  0.00000000  0.02536080]]
2025-12-23:13:41:35,385 INFO     [psi4.optking.molsys:944] Projected (PHP) Hessian matrix
	   1.183650

2025-12-23:13:41:35,385 INFO     [psi4.optking.opt_helper:182] 
	         Geometry (au)                                       Gradient (au)
   0.0000000000   0.0000000000  -1.0248313964		  -0.0000000000   0.0000000000  -0.0253597444
   0.0000000000   0.0000000000   1.1958991572		   0.0000000000   0.0000000000   0.0253607953

2025-12-23:13:41:35,386 INFO     [psi4.optking.stepAlgorithms:929] 	Using RFO solution 1.
2025-12-23:13:41:35,386 INFO     [psi4.optking.displace:100] 	Determining Cartesian step for fragment 1.
2025-12-23:13:41:35,386 INFO     [psi4.optking.displace:415] 	Successfully converged to displaced geometry.
2025-12-23:13:41:35,386 INFO     [psi4.optking.displace:416] 	RMS(dx):  0.000e+00 	Max(dx):  0.000e+00 	RMS(dq):  0.000e+00
2025-12-23:13:41:35,386 INFO     [psi4.optking.displace:172] 

	        --- Internal Coordinate Step in ANG or DEG, aJ/ANG or AJ/DEG ---
	-------------------------------------------------------------------------------
	           Coordinate      Previous         Force          Change          New 
	           ----------      --------        ------          ------        ------
	               R(1,2)       1.17516       -0.20894       -0.01133       1.16383
	-------------------------------------------------------------------------------

2025-12-23:13:41:35,386 INFO     [psi4.optking.stepAlgorithms:113] 	|target step| :    0.0214156608
2025-12-23:13:41:35,386 INFO     [psi4.optking.stepAlgorithms:114] 	gradient     :   -0.0253602698
2025-12-23:13:41:35,386 INFO     [psi4.optking.stepAlgorithms:115] 	hessian      :    1.1836496253
2025-12-23:13:41:35,386 INFO     [psi4.optking.stepAlgorithms:113] 	|target step| :    0.0214156608
2025-12-23:13:41:35,386 INFO     [psi4.optking.stepAlgorithms:114] 	gradient     :   -0.0253602698
2025-12-23:13:41:35,386 INFO     [psi4.optking.stepAlgorithms:115] 	hessian      :    1.1836496253
2025-12-23:13:41:35,386 INFO     [psi4.optking.stepAlgorithms:206] 	Norm of achieved step-size    0.0214156608
2025-12-23:13:41:35,386 INFO     [psi4.optking.stepAlgorithms:208] 	Norm of achieved step-size (cart):    0.0151431590
2025-12-23:13:41:35,387 INFO     [psi4.optking.opt_helper:164] Molsys:

	                            ===> Fragment 1 <== 

	 Z (Atomic Numbers)          Masses                          Geom                  
	       7.000000            14.003074          0.00000000  0.00000000 -1.01412357   
	       6.000000            12.000000          0.00000000  0.00000000  1.18519133   

	 - Coordinate -           - BOHR/RAD -       - ANG/DEG -
	 R(1,2)           =         2.199315           1.163827

2025-12-23:13:41:35,387 INFO     [psi4.optking.convcheck:76] Performing convergence check.
2025-12-23:13:41:35,387 INFO     [psi4.optking.convcheck:282] 
	                                 ==> Convergence Check <==                                  
    
	Measures of convergence in internal coordinates in au.
    
	Criteria marked as inactive (o), active & met (*), and active & unmet ( ).

	----------------------------------------------------------------------------------------------~
	   Step    Total Energy     Delta E     Max Force     RMS Force      Max Disp      RMS Disp   ~
	----------------------------------------------------------------------------------------------~
	  Convergence Criteria     1.00e-06 *    3.00e-04 *             o    1.20e-03 *             o~
	----------------------------------------------------------------------------------------------~
	     1     -92.74547621   -9.27e+01      2.54e-02      2.54e-02 o    2.14e-02      2.14e-02 o  ~
	----------------------------------------------------------------------------------------------


2025-12-23:13:41:35,387 INFO     [psi4.optking.stepAlgorithms:296] 	Convergence check returned False
2025-12-23:13:41:35,396 INFO     [psi4.driver.task_planner:259] PLANNING Atomic:  keywords={'DAMPING_PERCENTAGE': 1.0, 'DIIS_MAX_VECS': 400, 'D_CONVERGENCE': 1e-08, 'E_CONVERGENCE': 1e-08, 'SCF__GUESS': 'READ', 'GUESS': 'SAP', 'MAXITER': 500, 'MBIS_MAXITER': 8000, 'REFERENCE': 'UKS', 'function_kwargs': {}}
2025-12-23:13:41:35,398 INFO     [psi4.driver.driver:638] Compute gradient(): method=b3lyp, basis=cc-pvtz, molecule=default, nre=19.09685608775525
2025-12-23:13:41:35,862 INFO     [psi4.driver.driver:641] Return gradient(): -92.74577391135847
2025-12-23:13:41:35,862 INFO     [psi4.driver.driver:642] [[-0.00000000  0.00000000 -0.00213942]
 [ 0.00000000  0.00000000  0.00214095]]
2025-12-23:13:41:35,864 INFO     [psi4.optking.history:269] 	Performing BFGS update.
2025-12-23:13:41:35,864 INFO     [psi4.optking.history:280] 	Using 1 previous steps for update.
2025-12-23:13:41:35,864 INFO     [psi4.optking.history:317] 	Steps to be used in Hessian update:  1

2025-12-23:13:41:35,864 INFO     [psi4.optking.history:418] 	Updated Hessian (in au) 
 	   1.084257

2025-12-23:13:41:35,864 INFO     [psi4.optking.molsys:944] Projected (PHP) Hessian matrix
	   1.084257

2025-12-23:13:41:35,864 INFO     [psi4.optking.opt_helper:182] 
	         Geometry (au)                                       Gradient (au)
   0.0000000000   0.0000000000  -1.0149484138		  -0.0000000000   0.0000000000  -0.0021394205
   0.0000000000   0.0000000000   1.1843664791		   0.0000000000   0.0000000000   0.0021409504

2025-12-23:13:41:35,864 INFO     [psi4.optking.stepAlgorithms:368] 	Current Step Report 
 
	Current energy:       -92.7457739114
	Energy change for the previous step:
		Actual       :        -0.0002976985
		Projected    :        -0.0002715535

2025-12-23:13:41:35,864 INFO     [psi4.optking.stepAlgorithms:371] 	Energy ratio =    1.09628
2025-12-23:13:41:35,864 INFO     [psi4.optking.stepAlgorithms:399] 	Energy ratio indicates good step.
2025-12-23:13:41:35,864 INFO     [psi4.optking.stepAlgorithms:400] 	Intrafrag trust radius increased to      1.
2025-12-23:13:41:35,864 INFO     [psi4.optking.stepAlgorithms:929] 	Using RFO solution 1.
2025-12-23:13:41:35,864 INFO     [psi4.optking.displace:100] 	Determining Cartesian step for fragment 1.
2025-12-23:13:41:35,865 INFO     [psi4.optking.displace:415] 	Successfully converged to displaced geometry.
2025-12-23:13:41:35,865 INFO     [psi4.optking.displace:416] 	RMS(dx):  0.000e+00 	Max(dx):  0.000e+00 	RMS(dq):  0.000e+00
2025-12-23:13:41:35,865 INFO     [psi4.optking.displace:172] 

	        --- Internal Coordinate Step in ANG or DEG, aJ/ANG or AJ/DEG ---
	-------------------------------------------------------------------------------
	           Coordinate      Previous         Force          Change          New 
	           ----------      --------        ------          ------        ------
	               R(1,2)       1.16383       -0.01763       -0.00104       1.16278
	-------------------------------------------------------------------------------

2025-12-23:13:41:35,865 INFO     [psi4.optking.stepAlgorithms:113] 	|target step| :    0.0019738648
2025-12-23:13:41:35,865 INFO     [psi4.optking.stepAlgorithms:114] 	gradient     :   -0.0021401854
2025-12-23:13:41:35,865 INFO     [psi4.optking.stepAlgorithms:115] 	hessian      :    1.0842572011
2025-12-23:13:41:35,865 INFO     [psi4.optking.stepAlgorithms:113] 	|target step| :    0.0019738648
2025-12-23:13:41:35,865 INFO     [psi4.optking.stepAlgorithms:114] 	gradient     :   -0.0021401854
2025-12-23:13:41:35,865 INFO     [psi4.optking.stepAlgorithms:115] 	hessian      :    1.0842572011
2025-12-23:13:41:35,865 INFO     [psi4.optking.stepAlgorithms:206] 	Norm of achieved step-size    0.0019738648
2025-12-23:13:41:35,865 INFO     [psi4.optking.stepAlgorithms:208] 	Norm of achieved step-size (cart):    0.0013957332
2025-12-23:13:41:35,865 INFO     [psi4.optking.opt_helper:164] Molsys:

	                            ===> Fragment 1 <== 

	 Z (Atomic Numbers)          Masses                          Geom                  
	       7.000000            14.003074          0.00000000  0.00000000 -1.01396148   
	       6.000000            12.000000          0.00000000  0.00000000  1.18337955   

	 - Coordinate -           - BOHR/RAD -       - ANG/DEG -
	 R(1,2)           =         2.197341           1.162783

2025-12-23:13:41:35,865 INFO     [psi4.optking.convcheck:76] Performing convergence check.
2025-12-23:13:41:35,865 INFO     [psi4.optking.convcheck:282] 
	                                 ==> Convergence Check <==                                  
    
	Measures of convergence in internal coordinates in au.
    
	Criteria marked as inactive (o), active & met (*), and active & unmet ( ).

	----------------------------------------------------------------------------------------------
	   Step    Total Energy     Delta E     Max Force     RMS Force      Max Disp      RMS Disp   
	----------------------------------------------------------------------------------------------
	  Convergence Criteria     1.00e-06 *    3.00e-04 *             o    1.20e-03 *             o
	----------------------------------------------------------------------------------------------
	     2     -92.74577391   -2.98e-04      2.14e-03      2.14e-03 o    1.97e-03      1.97e-03 o  ~
	----------------------------------------------------------------------------------------------


2025-12-23:13:41:35,865 INFO     [psi4.optking.stepAlgorithms:296] 	Convergence check returned False
2025-12-23:13:41:35,875 INFO     [psi4.driver.task_planner:259] PLANNING Atomic:  keywords={'DAMPING_PERCENTAGE': 1.0, 'DIIS_MAX_VECS': 400, 'D_CONVERGENCE': 1e-08, 'E_CONVERGENCE': 1e-08, 'SCF__GUESS': 'READ', 'GUESS': 'SAP', 'MAXITER': 500, 'MBIS_MAXITER': 8000, 'REFERENCE': 'UKS', 'function_kwargs': {}}
2025-12-23:13:41:35,876 INFO     [psi4.driver.driver:638] Compute gradient(): method=b3lyp, basis=cc-pvtz, molecule=default, nre=19.114010735587538
2025-12-23:13:41:36,368 INFO     [psi4.driver.driver:641] Return gradient(): -92.74577593891462
2025-12-23:13:41:36,369 INFO     [psi4.driver.driver:642] [[ 0.00000000  0.00000000  0.00009189]
 [ 0.00000000  0.00000000 -0.00009031]]
2025-12-23:13:41:36,370 INFO     [psi4.optking.history:269] 	Performing BFGS update.
2025-12-23:13:41:36,370 INFO     [psi4.optking.history:280] 	Using 2 previous steps for update.
2025-12-23:13:41:36,371 INFO     [psi4.optking.history:317] 	Steps to be used in Hessian update:  2 1

2025-12-23:13:41:36,371 INFO     [psi4.optking.history:418] 	Updated Hessian (in au) 
 	   1.088153

2025-12-23:13:41:36,371 INFO     [psi4.optking.molsys:944] Projected (PHP) Hessian matrix
	   1.088153

2025-12-23:13:41:36,371 INFO     [psi4.optking.opt_helper:182] 
	         Geometry (au)                                       Gradient (au)
   0.0000000000   0.0000000000  -1.0140375070		   0.0000000000   0.0000000000   0.0000918896
   0.0000000000   0.0000000000   1.1833035211		   0.0000000000   0.0000000000  -0.0000903139

2025-12-23:13:41:36,371 INFO     [psi4.optking.stepAlgorithms:368] 	Current Step Report 
 
	Current energy:       -92.7457759389
	Energy change for the previous step:
		Actual       :        -0.0000020276
		Projected    :        -0.0000021122

2025-12-23:13:41:36,371 INFO     [psi4.optking.stepAlgorithms:371] 	Energy ratio =    0.95992
2025-12-23:13:41:36,371 INFO     [psi4.optking.stepAlgorithms:929] 	Using RFO solution 1.
2025-12-23:13:41:36,371 INFO     [psi4.optking.displace:100] 	Determining Cartesian step for fragment 1.
2025-12-23:13:41:36,371 INFO     [psi4.optking.displace:415] 	Successfully converged to displaced geometry.
2025-12-23:13:41:36,371 INFO     [psi4.optking.displace:416] 	RMS(dx):  0.000e+00 	Max(dx):  0.000e+00 	RMS(dq):  0.000e+00
2025-12-23:13:41:36,372 INFO     [psi4.optking.displace:172] 

	        --- Internal Coordinate Step in ANG or DEG, aJ/ANG or AJ/DEG ---
	-------------------------------------------------------------------------------
	           Coordinate      Previous         Force          Change          New 
	           ----------      --------        ------          ------        ------
	               R(1,2)       1.16278        0.00075        0.00004       1.16283
	-------------------------------------------------------------------------------

2025-12-23:13:41:36,372 INFO     [psi4.optking.stepAlgorithms:113] 	|target step| :    0.0000837215
2025-12-23:13:41:36,372 INFO     [psi4.optking.stepAlgorithms:114] 	gradient     :   -0.0000911018
2025-12-23:13:41:36,372 INFO     [psi4.optking.stepAlgorithms:115] 	hessian      :    1.0881525387
2025-12-23:13:41:36,372 INFO     [psi4.optking.stepAlgorithms:113] 	|target step| :    0.0000837215
2025-12-23:13:41:36,372 INFO     [psi4.optking.stepAlgorithms:114] 	gradient     :   -0.0000911018
2025-12-23:13:41:36,372 INFO     [psi4.optking.stepAlgorithms:115] 	hessian      :    1.0881525387
2025-12-23:13:41:36,372 INFO     [psi4.optking.stepAlgorithms:206] 	Norm of achieved step-size    0.0000837215
2025-12-23:13:41:36,372 INFO     [psi4.optking.stepAlgorithms:208] 	Norm of achieved step-size (cart):    0.0000592000
2025-12-23:13:41:36,372 INFO     [psi4.optking.opt_helper:164] Molsys:

	                            ===> Fragment 1 <== 

	 Z (Atomic Numbers)          Masses                          Geom                  
	       7.000000            14.003074          0.00000000  0.00000000 -1.01407937   
	       6.000000            12.000000          0.00000000  0.00000000  1.18334538   

	 - Coordinate -           - BOHR/RAD -       - ANG/DEG -
	 R(1,2)           =         2.197425           1.162827

2025-12-23:13:41:36,372 INFO     [psi4.optking.convcheck:76] Performing convergence check.
2025-12-23:13:41:36,372 INFO     [psi4.optking.convcheck:282] 
	                                 ==> Convergence Check <==                                  
    
	Measures of convergence in internal coordinates in au.
    
	Criteria marked as inactive (o), active & met (*), and active & unmet ( ).

	----------------------------------------------------------------------------------------------
	   Step    Total Energy     Delta E     Max Force     RMS Force      Max Disp      RMS Disp   
	----------------------------------------------------------------------------------------------
	  Convergence Criteria     1.00e-06 *    3.00e-04 *             o    1.20e-03 *             o
	----------------------------------------------------------------------------------------------
	     3     -92.74577594   -2.03e-06      9.11e-05 *    9.11e-05 o    8.37e-05 *    8.37e-05 o  ~
	----------------------------------------------------------------------------------------------


2025-12-23:13:41:36,372 INFO     [psi4.optking.convcheck:206] 
	                      ===> Final Convergence Report <===                     

	----------------------------------------------------------------------------
	|   Required Criteria    |  One or More Criteria  |   Alternate Criteria   |
	----------------------------------------------------------------------------
	| [x]     max_force      | [ ]       max_DE       |                        |
	|                        | [x]      max_disp      |                        |
	----------------------------------------------------------------------------


2025-12-23:13:41:36,372 INFO     [psi4.optking.stepAlgorithms:296] 	Convergence check returned True
2025-12-23:13:41:36,372 INFO     [psi4.optking.optimize:332] 	Converged in 3 steps!
2025-12-23:13:41:36,372 INFO     [psi4.optking.optimize:333] 	Final energy is    -92.7457759389146
2025-12-23:13:41:36,372 INFO     [psi4.optking.optimize:334] 	Final structure (Angstroms): 
	Fragment 1 (Ang)

	    N   0.0000000000   0.0000000000  -0.5366276912
	    C   0.0000000000   0.0000000000   0.6261994084


2025-12-23:13:41:36,373 INFO     [psi4.optking.optimize:562] 	Optimization Finished

	==> Optimization Summary <==

        
	Measures of convergence in internal coordinates in au. (Any backward steps not shown.)
        
	---------------------------------------------------------------------------------------------------------------  ~
        
	 Step         Total Energy             Delta E       MAX Force       RMS Force        MAX Disp        RMS Disp   ~
        
	---------------------------------------------------------------------------------------------------------------  ~
        
	     1     -92.745476212848    -92.745476212848      0.02536027      0.02536027      0.02141566      0.02141566  ~
	     2     -92.745773911358     -0.000297698511      0.00214019      0.00214019      0.00197386      0.00197386  ~
	     3     -92.745775938915     -0.000002027556      0.00009110      0.00009110      0.00008372      0.00008372  ~
	----------------------------------------------------------------------------------------------------------------


2025-12-23:13:41:36,373 INFO     [psi4.optking.optimize:806] Preparing OptimizationResult
2025-12-23:13:41:36,384 INFO     [psi4.driver.task_planner:263] PLANNING FD:  dermode=(2, 1) keywords={'DAMPING_PERCENTAGE': 1.0, 'DIIS_MAX_VECS': 400, 'D_CONVERGENCE': 1e-08, 'E_CONVERGENCE': 1e-08, 'GUESS': 'SAP', 'MAXITER': 500, 'MBIS_MAXITER': 8000, 'REFERENCE': 'UKS', 'function_kwargs': {}} findif_kw={'findif_irrep': -1, 'findif_stencil_size': 3, 'findif_step_size': 0.005, 'findif_verbose': 1} kw={'wfn': <psi4.core.UHF object at 0x713a2e1ce390>}
2025-12-23:13:41:36,384 INFO     [psi4.driver.driver_findif:266] 
         ----------------------------------------------------------
                                   FINDIF
                     R. A. King and Jonathon Misiewicz
         ----------------------------------------------------------


2025-12-23:13:41:36,384 INFO     [psi4.driver.driver_findif:275]   Using finite-differences of gradients to determine vibrational frequencies and 
  normal modes. Resulting frequencies are only valid at stationary points.
    Generating geometries for use with 3-point formula.
    Displacement size will be 5.00e-03.

2025-12-23:13:41:36,384 INFO     [psi4.driver.driver_findif:294]     Number of atoms is 2.
    Number of irreps is 4.
    Number of SALCs is 3.
    Translations projected? 1. Rotations projected? 0.

2025-12-23:13:41:36,384 INFO     [psi4.driver.driver_findif:345]     Index of SALCs per irrep:
      1 :  0 
      2 : 
      3 :  1 
      4 :  2 
    Number of SALCs per irrep:
      Irrep 1: 1
      Irrep 2: 0
      Irrep 3: 1
      Irrep 4: 1

2025-12-23:13:41:36,384 INFO     [psi4.driver.driver_findif:370]     Number of geometries (including reference) is 5.
    Number of displacements per irrep:
      Irrep 1: 2
      Irrep 2: 0
      Irrep 3: 1
      Irrep 4: 1

2025-12-23:13:41:36,397 INFO     [psi4.driver.task_base:183] <<< JSON launch ... b3lyp cc-pvtz c2v 19.114010735587538
2025-12-23:13:41:37,539 INFO     [psi4.driver.task_planner:259] PLANNING Atomic:  keywords={'DAMPING_PERCENTAGE': 1.0, 'DIIS_MAX_VECS': 400, 'D_CONVERGENCE': 1e-08, 'E_CONVERGENCE': 1e-08, 'GUESS': 'SAP', 'MAXITER': 500, 'MBIS_MAXITER': 8000, 'PARENT_SYMMETRY': 'C2V(Z)', 'REFERENCE': 'UKS', 'function_kwargs': {}}
2025-12-23:13:41:37,541 INFO     [psi4.driver.driver:638] Compute gradient(): method=b3lyp, basis=cc-pvtz, molecule=CN, nre=19.114010735587538
2025-12-23:13:41:38,54 INFO     [psi4.driver.driver:641] Return gradient(): -92.74577593828593
2025-12-23:13:41:38,55 INFO     [psi4.driver.driver:642] [[ 0.00000000  0.00000000  0.00009189]
 [-0.00000000  0.00000000 -0.00009031]]
2025-12-23:13:41:38,145 INFO     [psi4.driver.task_base:183] <<< JSON launch ... b3lyp cc-pvtz c2v 19.09691665200513
2025-12-23:13:41:38,163 INFO     [psi4.driver.task_planner:259] PLANNING Atomic:  keywords={'DAMPING_PERCENTAGE': 1.0, 'DIIS_MAX_VECS': 400, 'D_CONVERGENCE': 1e-08, 'E_CONVERGENCE': 1e-08, 'GUESS': 'SAP', 'MAXITER': 500, 'MBIS_MAXITER': 8000, 'PARENT_SYMMETRY': 'C2V(Z)', 'REFERENCE': 'UKS', 'function_kwargs': {}}
2025-12-23:13:41:38,164 INFO     [psi4.driver.driver:638] Compute gradient(): method=b3lyp, basis=cc-pvtz, molecule=CN, nre=19.09691665200513
2025-12-23:13:41:38,784 INFO     [psi4.driver.driver:641] Return gradient(): -92.74577392602295
2025-12-23:13:41:38,784 INFO     [psi4.driver.driver:642] [[ 0.00000000 -0.00000000 -0.00213156]
 [ 0.00000000  0.00000000  0.00213309]]
2025-12-23:13:41:38,847 INFO     [psi4.driver.task_base:183] <<< JSON launch ... b3lyp cc-pvtz c2v 19.131135449192048
2025-12-23:13:41:38,863 INFO     [psi4.driver.task_planner:259] PLANNING Atomic:  keywords={'DAMPING_PERCENTAGE': 1.0, 'DIIS_MAX_VECS': 400, 'D_CONVERGENCE': 1e-08, 'E_CONVERGENCE': 1e-08, 'GUESS': 'SAP', 'MAXITER': 500, 'MBIS_MAXITER': 8000, 'PARENT_SYMMETRY': 'C2V(Z)', 'REFERENCE': 'UKS', 'function_kwargs': {}}
2025-12-23:13:41:38,864 INFO     [psi4.driver.driver:638] Compute gradient(): method=b3lyp, basis=cc-pvtz, molecule=CN, nre=19.131135449192048
2025-12-23:13:41:39,451 INFO     [psi4.driver.driver:641] Return gradient(): -92.745773561784
2025-12-23:13:41:39,451 INFO     [psi4.driver.driver:642] [[-0.00000000  0.00000000  0.00233098]
 [ 0.00000000 -0.00000000 -0.00232936]]
2025-12-23:13:41:39,511 INFO     [psi4.driver.task_base:183] <<< JSON launch ... b3lyp cc-pvtz c2v 19.114003078092747
2025-12-23:13:41:39,526 INFO     [psi4.driver.task_planner:259] PLANNING Atomic:  keywords={'DAMPING_PERCENTAGE': 1.0, 'DIIS_MAX_VECS': 400, 'D_CONVERGENCE': 1e-08, 'E_CONVERGENCE': 1e-08, 'GUESS': 'SAP', 'MAXITER': 500, 'MBIS_MAXITER': 8000, 'PARENT_SYMMETRY': 'C2V(Z)', 'REFERENCE': 'UKS', 'function_kwargs': {}}
2025-12-23:13:41:39,527 INFO     [psi4.driver.driver:638] Compute gradient(): method=b3lyp, basis=cc-pvtz, molecule=CN, nre=19.114003078092747
2025-12-23:13:41:40,115 INFO     [psi4.driver.driver:641] Return gradient(): -92.7457759377628
2025-12-23:13:41:40,115 INFO     [psi4.driver.driver:642] [[ 0.00000008  0.00000000  0.00009089]
 [-0.00000008  0.00000000 -0.00008931]]
2025-12-23:13:41:40,182 INFO     [psi4.driver.task_base:183] <<< JSON launch ... b3lyp cc-pvtz c2v 19.114003078092747
2025-12-23:13:41:40,200 INFO     [psi4.driver.task_planner:259] PLANNING Atomic:  keywords={'DAMPING_PERCENTAGE': 1.0, 'DIIS_MAX_VECS': 400, 'D_CONVERGENCE': 1e-08, 'E_CONVERGENCE': 1e-08, 'GUESS': 'SAP', 'MAXITER': 500, 'MBIS_MAXITER': 8000, 'PARENT_SYMMETRY': 'C2V(Z)', 'REFERENCE': 'UKS', 'function_kwargs': {}}
2025-12-23:13:41:40,201 INFO     [psi4.driver.driver:638] Compute gradient(): method=b3lyp, basis=cc-pvtz, molecule=CN, nre=19.114003078092747
2025-12-23:13:41:40,810 INFO     [psi4.driver.driver:641] Return gradient(): -92.74577593776107
2025-12-23:13:41:40,810 INFO     [psi4.driver.driver:642] [[ 0.00000000  0.00000008  0.00009089]
 [ 0.00000000 -0.00000008 -0.00008931]]
2025-12-23:13:41:40,877 INFO     [psi4.driver.driver_findif:275] 
2025-12-23:13:41:40,878 INFO     [psi4.driver.driver_findif:275]   Computing second-derivative from gradients using projected, 
  symmetry-adapted, cartesian coordinates.

  5 gradients passed in, including the reference geometry.

2025-12-23:13:41:40,915 INFO     [psi4.driver.task_planner:259] PLANNING Atomic:  keywords={'DAMPING_PERCENTAGE': 1.0, 'DIIS_MAX_VECS': 400, 'D_CONVERGENCE': 1e-08, 'E_CONVERGENCE': 1e-08, 'GUESS': 'SAP', 'MAXITER': 500, 'MBIS_MAXITER': 8000, 'REFERENCE': 'UKS', 'function_kwargs': {}}
2025-12-23:13:41:40,917 INFO     [psi4.driver.driver:790] Compute properties(): method=b3lyp, basis=cc-pvtz, molecule=default, nre=19.114010735587538
2025-12-23:13:41:41,426 INFO     [psi4.driver.driver:793] Return properties(): -92.74577593828592
