2025-12-23:11:42:55,503 WARNING  [psi4.optking:38] Some dependencies such as QCElemental have not yet finished migration to pydantic v2. If issues are encountered please downgrade pydantic or upgrade QCElemental as appropriate
2025-12-23:11:42:55,652 INFO     [psi4.optking.optwrapper:234] Creating a UserComputer
2025-12-23:11:42:55,652 INFO     [psi4.optking.optwrapper:242] 
    			-----------------------------------------

    			 OPTKING 3.0: for geometry optimizations 

    			     By R.A. King, Bethel University     

    			        with contributions from          

    			    A.V. Copan, J. Cayton, A. Heide      

    			-----------------------------------------

    
2025-12-23:11:42:55,653 INFO     [psi4.optking.optwrapper:272] 
		 -- Optimization Parameters --
	GEOM_MAXITER                   =             500
	ALG_GEOM_MAXITER               =              50
	PRINT                          =               1
	OPT_TYPE                       =             MIN
	STEP_TYPE                      =             RFO
	PROGRAM                        =            PSI4
	STEEPEST_DESCENT_TYPE          =         OVERLAP
	CONJUGATE_GRADIENT_TYPE        =        FLETCHER
	OPT_COORDINATES                =        INTERNAL
	RFO_FOLLOW_ROOT                =           False
	RFO_ROOT                       =               0
	ACCEPT_SYMMETRY_BREAKING       =           False
	DYNAMIC_LVL                    =               0
	DYNAMIC_LVL_MAX                =               0
	IRC_STEP_SIZE                  =             0.2
	IRC_DIRECTION                  =         FORWARD
	IRC_POINTS                     =              20
	IRC_MODE                       =          NORMAL
	IRC_CONVERGENCE                =            -0.7
	INTRAFRAG_STEP_LIMIT           =             0.5
	INTRAFRAG_STEP_LIMIT_MIN       =           0.001
	INTRAFRAG_STEP_LIMIT_MAX       =             1.0
	INTERFRAG_STEP_LIMIT           =             0.5
	INTERFRAG_STEP_LIMIT_MIN       =           0.001
	INTERFRAG_STEP_LIMIT_MAX       =             1.0
	ENSURE_BT_CONVERGENCE          =           False
	SIMPLE_STEP_SCALING            =           False
	CONSECUTIVE_BACKSTEPS          =               0
	RFO_NORMALIZATION_MAX          =             100
	RSRFO_ALPHA_MAX                =     100000000.0
	PRINT_TRAJECTORY_XYZ_FILE      =           False
	WRITE_TRAJECTORY               =           False
	FROZEN_DISTANCE                =                
	FROZEN_BEND                    =                
	FROZEN_DIHEDRAL                =                
	FROZEN_OOFP                    =                
	FROZEN_CARTESIAN               =                
	FREEZE_ALL_DIHEDRALS           =           False
	UNFREEZE_DIHEDRALS             =                
	RANGED_DISTANCE                =                
	RANGED_BEND                    =                
	RANGED_DIHEDRAL                =                
	RANGED_OOFP                    =                
	RANGED_CARTESIAN               =                
	EXT_FORCE_DISTANCE             =                
	EXT_FORCE_BEND                 =                
	EXT_FORCE_DIHEDRAL             =                
	EXT_FORCE_OOFP                 =                
	EXT_FORCE_CARTESIAN            =                
	G_CONVERGENCE                  =           QCHEM
	MAX_FORCE_G_CONVERGENCE        =          0.0003
	RMS_FORCE_G_CONVERGENCE        =          0.0003
	MAX_ENERGY_G_CONVERGENCE       =           1e-06
	MAX_DISP_G_CONVERGENCE         =          0.0012
	RMS_DISP_G_CONVERGENCE         =          0.0012
	FLEXIBLE_G_CONVERGENCE         =           False
	HESS_UPDATE                    =            BFGS
	HESS_UPDATE_USE_LAST           =               4
	HESS_UPDATE_LIMIT              =            True
	HESS_UPDATE_LIMIT_MAX          =             1.0
	HESS_UPDATE_LIMIT_SCALE        =             0.5
	HESS_UPDATE_DEN_TOL            =           1e-07
	HESS_UPDATE_DQ_TOL             =             0.5
	CART_HESS_READ                 =           False
	HESSIAN_FILE                   =               .
	FULL_HESS_EVERY                =              -1
	INTRAFRAG_HESS                 =        SCHLEGEL
	H_GUESS_EVERY                  =           False
	BT_MAX_ITER                    =              25
	BT_DX_CONV                     =           1e-07
	BT_DX_RMS_CHANGE_CONV          =           1e-12
	BT_PINV_RCOND                  =           1e-06
	FRAG_MODE                      =          SINGLE
	FRAG_REF_ATOMS                 =              []
	FREEZE_INTRAFRAG               =           False
	INTERFRAG_MODE                 =           FIXED
	ADD_AUXILIARY_BONDS            =           False
	AUXILIARY_BOND_FACTOR          =             2.5
	INTERFRAG_DIST_INV             =           False
	INTERFRAG_COLLINEAR_TOL        =            0.01
	INTERFRAG_COORDS               =              []
	INTERFRAG_HESS                 =         DEFAULT
	COVALENT_CONNECT               =             1.3
	INTERFRAGMENT_CONNECT          =             1.8
	H_BOND_CONNECT                 =             4.3
	INCLUDE_OOFP                   =           False
	TEST_B                         =           False
	TEST_DERIVATIVE_B              =           False
	LINESEARCH_STEP                =             0.1
	LINESEARCH                     =           False
	SD_HESSIAN                     =             1.0
	FIX_VAL_NEAR_PI                =            1.57
	V3D_TORS_ANGLE_LIM             =           0.017
	V3D_TORS_COS_TOL               =           1e-10
	LINEAR_BEND_THRESHOLD          =            3.05
	SMALL_BEND_FIX_THRESHOLD       =            0.35
	REDUNDANT_EVAL_TOL             =           1e-10
	LINEAR_ALGEBRA_TOL             =           1e-10


2025-12-23:11:42:55,780 INFO     [psi4.optking.opt_helper:164] Molsys:

	                            ===> Fragment 1 <== 

	 Z (Atomic Numbers)          Masses                          Geom                  
	      15.000000            30.973762         -0.00000000  1.13383568  0.00000000   
	      15.000000            30.973762          0.00000000 -1.13383568  0.00000000   

	 - Coordinate -           - BOHR/RAD -       - ANG/DEG -
	 R(1,2)           =         2.267671           1.200000

2025-12-23:11:42:55,789 INFO     [psi4.driver.task_planner:259] PLANNING Atomic:  keywords={'DAMPING_PERCENTAGE': 1.0, 'GEOM_MAXITER': 500, 'GUESS': 'SAP', 'MAXITER': 500, 'REFERENCE': 'UKS', 'function_kwargs': {}}
2025-12-23:11:42:55,791 INFO     [psi4.driver.driver:638] Compute gradient(): method=b3lyp, basis=cc-pvdz, molecule=default, nre=99.22072700062502
2025-12-23:11:42:56,422 INFO     [psi4.driver.driver:641] Return gradient(): -681.4909266569357
2025-12-23:11:42:56,422 INFO     [psi4.driver.driver:642] [[ 0.00000000 -2.85117171 -0.00000000]
 [-0.00000000  2.85117171  0.00000000]]
2025-12-23:11:42:56,424 INFO     [psi4.optking.molsys:944] Projected (PHP) Hessian matrix
	 217.822043

2025-12-23:11:42:56,424 INFO     [psi4.optking.opt_helper:182] 
	         Geometry (au)                                       Gradient (au)
  -0.0000000000   1.1338356753   0.0000000000		   0.0000000000  -2.8511717108  -0.0000000000
   0.0000000000  -1.1338356753   0.0000000000		  -0.0000000000   2.8511717108   0.0000000000

2025-12-23:11:42:56,424 INFO     [psi4.optking.stepAlgorithms:929] 	Using RFO solution 1.
2025-12-23:11:42:56,424 INFO     [psi4.optking.displace:100] 	Determining Cartesian step for fragment 1.
2025-12-23:11:42:56,424 INFO     [psi4.optking.displace:415] 	Successfully converged to displaced geometry.
2025-12-23:11:42:56,424 INFO     [psi4.optking.displace:416] 	RMS(dx):  0.000e+00 	Max(dx):  0.000e+00 	RMS(dq):  0.000e+00
2025-12-23:11:42:56,424 INFO     [psi4.optking.displace:172] 

	        --- Internal Coordinate Step in ANG or DEG, aJ/ANG or AJ/DEG ---
	-------------------------------------------------------------------------------
	           Coordinate      Previous         Force          Change          New 
	           ----------      --------        ------          ------        ------
	               R(1,2)       1.20000       23.49001        0.00693       1.20693
	-------------------------------------------------------------------------------

2025-12-23:11:42:56,424 INFO     [psi4.optking.stepAlgorithms:113] 	|target step| :    0.0130872126
2025-12-23:11:42:56,424 INFO     [psi4.optking.stepAlgorithms:114] 	gradient     :   -2.8511717108
2025-12-23:11:42:56,424 INFO     [psi4.optking.stepAlgorithms:115] 	hessian      :  217.8220428578
2025-12-23:11:42:56,425 INFO     [psi4.optking.stepAlgorithms:113] 	|target step| :    0.0130872126
2025-12-23:11:42:56,425 INFO     [psi4.optking.stepAlgorithms:114] 	gradient     :   -2.8511717108
2025-12-23:11:42:56,425 INFO     [psi4.optking.stepAlgorithms:115] 	hessian      :  217.8220428578
2025-12-23:11:42:56,425 INFO     [psi4.optking.stepAlgorithms:206] 	Norm of achieved step-size    0.0130872126
2025-12-23:11:42:56,425 INFO     [psi4.optking.stepAlgorithms:208] 	Norm of achieved step-size (cart):    0.0092540568
2025-12-23:11:42:56,425 INFO     [psi4.optking.opt_helper:164] Molsys:

	                            ===> Fragment 1 <== 

	 Z (Atomic Numbers)          Masses                          Geom                  
	      15.000000            30.973762         -0.00000000  1.14037928  0.00000000   
	      15.000000            30.973762          0.00000000 -1.14037928  0.00000000   

	 - Coordinate -           - BOHR/RAD -       - ANG/DEG -
	 R(1,2)           =         2.280759           1.206925

2025-12-23:11:42:56,425 INFO     [psi4.optking.convcheck:76] Performing convergence check.
2025-12-23:11:42:56,425 INFO     [psi4.optking.convcheck:282] 
	                                 ==> Convergence Check <==                                  
    
	Measures of convergence in internal coordinates in au.
    
	Criteria marked as inactive (o), active & met (*), and active & unmet ( ).

	----------------------------------------------------------------------------------------------~
	   Step    Total Energy     Delta E     Max Force     RMS Force      Max Disp      RMS Disp   ~
	----------------------------------------------------------------------------------------------~
	  Convergence Criteria     1.00e-06 *    3.00e-04 *             o    1.20e-03 *             o~
	----------------------------------------------------------------------------------------------~
	     1    -681.49092666   -6.81e+02      2.85e+00      2.85e+00 o    1.31e-02      1.31e-02 o  ~
	----------------------------------------------------------------------------------------------


2025-12-23:11:42:56,425 INFO     [psi4.optking.stepAlgorithms:296] 	Convergence check returned False
2025-12-23:11:42:56,435 INFO     [psi4.driver.task_planner:259] PLANNING Atomic:  keywords={'DAMPING_PERCENTAGE': 1.0, 'GEOM_MAXITER': 500, 'SCF__GUESS': 'READ', 'GUESS': 'SAP', 'MAXITER': 500, 'REFERENCE': 'UKS', 'function_kwargs': {}}
2025-12-23:11:42:56,437 INFO     [psi4.driver.driver:638] Compute gradient(): method=b3lyp, basis=cc-pvdz, molecule=default, nre=98.65138890144047
2025-12-23:11:42:57,30 INFO     [psi4.driver.driver:641] Return gradient(): -681.5277873202867
2025-12-23:11:42:57,30 INFO     [psi4.driver.driver:642] [[ 0.00000000 -2.78222631  0.00000000]
 [-0.00000000  2.78222631  0.00000000]]
2025-12-23:11:42:57,31 INFO     [psi4.optking.history:269] 	Performing BFGS update.
2025-12-23:11:42:57,32 INFO     [psi4.optking.history:280] 	Using 1 previous steps for update.
2025-12-23:11:42:57,32 INFO     [psi4.optking.history:317] 	Steps to be used in Hessian update:  1

2025-12-23:11:42:57,32 INFO     [psi4.optking.history:418] 	Updated Hessian (in au) 
 	 108.911021

2025-12-23:11:42:57,32 INFO     [psi4.optking.molsys:944] Projected (PHP) Hessian matrix
	 108.911021

2025-12-23:11:42:57,32 INFO     [psi4.optking.opt_helper:182] 
	         Geometry (au)                                       Gradient (au)
  -0.0000000000   1.1403792816   0.0000000000		   0.0000000000  -2.7822263054   0.0000000000
   0.0000000000  -1.1403792816   0.0000000000		  -0.0000000000   2.7822263054   0.0000000000

2025-12-23:11:42:57,32 INFO     [psi4.optking.stepAlgorithms:368] 	Current Step Report 
 
	Current energy:      -681.5277873203
	Energy change for the previous step:
		Actual       :        -0.0368606634
		Projected    :        -0.0186569451

2025-12-23:11:42:57,32 INFO     [psi4.optking.stepAlgorithms:371] 	Energy ratio =    1.97571
2025-12-23:11:42:57,32 INFO     [psi4.optking.stepAlgorithms:399] 	Energy ratio indicates good step.
2025-12-23:11:42:57,32 INFO     [psi4.optking.stepAlgorithms:400] 	Intrafrag trust radius increased to      1.
2025-12-23:11:42:57,32 INFO     [psi4.optking.stepAlgorithms:929] 	Using RFO solution 1.
2025-12-23:11:42:57,32 INFO     [psi4.optking.displace:100] 	Determining Cartesian step for fragment 1.
2025-12-23:11:42:57,33 INFO     [psi4.optking.displace:415] 	Successfully converged to displaced geometry.
2025-12-23:11:42:57,33 INFO     [psi4.optking.displace:416] 	RMS(dx):  0.000e+00 	Max(dx):  0.000e+00 	RMS(dq):  0.000e+00
2025-12-23:11:42:57,33 INFO     [psi4.optking.displace:172] 

	        --- Internal Coordinate Step in ANG or DEG, aJ/ANG or AJ/DEG ---
	-------------------------------------------------------------------------------
	           Coordinate      Previous         Force          Change          New 
	           ----------      --------        ------          ------        ------
	               R(1,2)       1.20693       22.92199        0.01351       1.22043
	-------------------------------------------------------------------------------

2025-12-23:11:42:57,33 INFO     [psi4.optking.stepAlgorithms:113] 	|target step| :    0.0255292162
2025-12-23:11:42:57,33 INFO     [psi4.optking.stepAlgorithms:114] 	gradient     :   -2.7822263054
2025-12-23:11:42:57,33 INFO     [psi4.optking.stepAlgorithms:115] 	hessian      :  108.9110214289
2025-12-23:11:42:57,33 INFO     [psi4.optking.stepAlgorithms:113] 	|target step| :    0.0255292162
2025-12-23:11:42:57,33 INFO     [psi4.optking.stepAlgorithms:114] 	gradient     :   -2.7822263054
2025-12-23:11:42:57,33 INFO     [psi4.optking.stepAlgorithms:115] 	hessian      :  108.9110214289
2025-12-23:11:42:57,33 INFO     [psi4.optking.stepAlgorithms:206] 	Norm of achieved step-size    0.0255292162
2025-12-23:11:42:57,33 INFO     [psi4.optking.stepAlgorithms:208] 	Norm of achieved step-size (cart):    0.0180518819
2025-12-23:11:42:57,33 INFO     [psi4.optking.opt_helper:164] Molsys:

	                            ===> Fragment 1 <== 

	 Z (Atomic Numbers)          Masses                          Geom                  
	      15.000000            30.973762         -0.00000000  1.15314389  0.00000000   
	      15.000000            30.973762          0.00000000 -1.15314389  0.00000000   

	 - Coordinate -           - BOHR/RAD -       - ANG/DEG -
	 R(1,2)           =         2.306288           1.220435

2025-12-23:11:42:57,33 INFO     [psi4.optking.convcheck:76] Performing convergence check.
2025-12-23:11:42:57,33 INFO     [psi4.optking.convcheck:282] 
	                                 ==> Convergence Check <==                                  
    
	Measures of convergence in internal coordinates in au.
    
	Criteria marked as inactive (o), active & met (*), and active & unmet ( ).

	----------------------------------------------------------------------------------------------
	   Step    Total Energy     Delta E     Max Force     RMS Force      Max Disp      RMS Disp   
	----------------------------------------------------------------------------------------------
	  Convergence Criteria     1.00e-06 *    3.00e-04 *             o    1.20e-03 *             o
	----------------------------------------------------------------------------------------------
	     2    -681.52778732   -3.69e-02      2.78e+00      2.78e+00 o    2.55e-02      2.55e-02 o  ~
	----------------------------------------------------------------------------------------------


2025-12-23:11:42:57,33 INFO     [psi4.optking.stepAlgorithms:296] 	Convergence check returned False
2025-12-23:11:42:57,43 INFO     [psi4.driver.task_planner:259] PLANNING Atomic:  keywords={'DAMPING_PERCENTAGE': 1.0, 'GEOM_MAXITER': 500, 'SCF__GUESS': 'READ', 'GUESS': 'SAP', 'MAXITER': 500, 'REFERENCE': 'UKS', 'function_kwargs': {}}
2025-12-23:11:42:57,44 INFO     [psi4.driver.driver:638] Compute gradient(): method=b3lyp, basis=cc-pvdz, molecule=default, nre=97.5593774620071
2025-12-23:11:42:57,621 INFO     [psi4.driver.driver:641] Return gradient(): -681.5971336105506
2025-12-23:11:42:57,621 INFO     [psi4.driver.driver:642] [[ 0.00000000 -2.65135952  0.00000000]
 [-0.00000000  2.65135952  0.00000000]]
2025-12-23:11:42:57,623 INFO     [psi4.optking.history:269] 	Performing BFGS update.
2025-12-23:11:42:57,623 INFO     [psi4.optking.history:280] 	Using 2 previous steps for update.
2025-12-23:11:42:57,623 INFO     [psi4.optking.history:317] 	Steps to be used in Hessian update:  2 1

2025-12-23:11:42:57,623 INFO     [psi4.optking.history:418] 	Updated Hessian (in au) 
 	  27.227755

2025-12-23:11:42:57,623 INFO     [psi4.optking.molsys:944] Projected (PHP) Hessian matrix
	  27.227755

2025-12-23:11:42:57,623 INFO     [psi4.optking.opt_helper:182] 
	         Geometry (au)                                       Gradient (au)
  -0.0000000000   1.1531438897   0.0000000000		   0.0000000000  -2.6513595224   0.0000000000
   0.0000000000  -1.1531438897   0.0000000000		  -0.0000000000   2.6513595224   0.0000000000

2025-12-23:11:42:57,623 INFO     [psi4.optking.stepAlgorithms:368] 	Current Step Report 
 
	Current energy:      -681.5971336106
	Energy change for the previous step:
		Actual       :        -0.0693462903
		Projected    :        -0.0355140285

2025-12-23:11:42:57,623 INFO     [psi4.optking.stepAlgorithms:371] 	Energy ratio =    1.95265
2025-12-23:11:42:57,624 INFO     [psi4.optking.stepAlgorithms:929] 	Using RFO solution 1.
2025-12-23:11:42:57,624 INFO     [psi4.optking.displace:100] 	Determining Cartesian step for fragment 1.
2025-12-23:11:42:57,624 INFO     [psi4.optking.displace:415] 	Successfully converged to displaced geometry.
2025-12-23:11:42:57,624 INFO     [psi4.optking.displace:416] 	RMS(dx):  0.000e+00 	Max(dx):  0.000e+00 	RMS(dq):  0.000e+00
2025-12-23:11:42:57,624 INFO     [psi4.optking.displace:172] 

	        --- Internal Coordinate Step in ANG or DEG, aJ/ANG or AJ/DEG ---
	-------------------------------------------------------------------------------
	           Coordinate      Previous         Force          Change          New 
	           ----------      --------        ------          ------        ------
	               R(1,2)       1.22043       21.84382        0.05105       1.27149
	-------------------------------------------------------------------------------

2025-12-23:11:42:57,624 INFO     [psi4.optking.stepAlgorithms:113] 	|target step| :    0.0964708360
2025-12-23:11:42:57,624 INFO     [psi4.optking.stepAlgorithms:114] 	gradient     :   -2.6513595224
2025-12-23:11:42:57,624 INFO     [psi4.optking.stepAlgorithms:115] 	hessian      :   27.2277553572
2025-12-23:11:42:57,624 INFO     [psi4.optking.stepAlgorithms:113] 	|target step| :    0.0964708360
2025-12-23:11:42:57,624 INFO     [psi4.optking.stepAlgorithms:114] 	gradient     :   -2.6513595224
2025-12-23:11:42:57,624 INFO     [psi4.optking.stepAlgorithms:115] 	hessian      :   27.2277553572
2025-12-23:11:42:57,624 INFO     [psi4.optking.stepAlgorithms:206] 	Norm of achieved step-size    0.0964708360
2025-12-23:11:42:57,624 INFO     [psi4.optking.stepAlgorithms:208] 	Norm of achieved step-size (cart):    0.0682151823
2025-12-23:11:42:57,624 INFO     [psi4.optking.opt_helper:164] Molsys:

	                            ===> Fragment 1 <== 

	 Z (Atomic Numbers)          Masses                          Geom                  
	      15.000000            30.973762         -0.00000000  1.20137931  0.00000000   
	      15.000000            30.973762          0.00000000 -1.20137931  0.00000000   

	 - Coordinate -           - BOHR/RAD -       - ANG/DEG -
	 R(1,2)           =         2.402759           1.271485

2025-12-23:11:42:57,624 INFO     [psi4.optking.convcheck:76] Performing convergence check.
2025-12-23:11:42:57,624 INFO     [psi4.optking.convcheck:282] 
	                                 ==> Convergence Check <==                                  
    
	Measures of convergence in internal coordinates in au.
    
	Criteria marked as inactive (o), active & met (*), and active & unmet ( ).

	----------------------------------------------------------------------------------------------
	   Step    Total Energy     Delta E     Max Force     RMS Force      Max Disp      RMS Disp   
	----------------------------------------------------------------------------------------------
	  Convergence Criteria     1.00e-06 *    3.00e-04 *             o    1.20e-03 *             o
	----------------------------------------------------------------------------------------------
	     3    -681.59713361   -6.93e-02      2.65e+00      2.65e+00 o    9.65e-02      9.65e-02 o  ~
	----------------------------------------------------------------------------------------------


2025-12-23:11:42:57,624 INFO     [psi4.optking.stepAlgorithms:296] 	Convergence check returned False
2025-12-23:11:42:57,634 INFO     [psi4.driver.task_planner:259] PLANNING Atomic:  keywords={'DAMPING_PERCENTAGE': 1.0, 'GEOM_MAXITER': 500, 'SCF__GUESS': 'READ', 'GUESS': 'SAP', 'MAXITER': 500, 'REFERENCE': 'UKS', 'function_kwargs': {}}
2025-12-23:11:42:57,636 INFO     [psi4.driver.driver:638] Compute gradient(): method=b3lyp, basis=cc-pvdz, molecule=default, nre=93.64236530727435
2025-12-23:11:42:58,285 INFO     [psi4.driver.driver:641] Return gradient(): -681.830549052507
2025-12-23:11:42:58,286 INFO     [psi4.driver.driver:642] [[ 0.00000000 -2.19854580  0.00000000]
 [-0.00000000  2.19854580  0.00000000]]
2025-12-23:11:42:58,287 INFO     [psi4.optking.history:269] 	Performing BFGS update.
2025-12-23:11:42:58,287 INFO     [psi4.optking.history:280] 	Using 3 previous steps for update.
2025-12-23:11:42:58,287 INFO     [psi4.optking.history:317] 	Steps to be used in Hessian update:  3 2 1

2025-12-23:11:42:58,288 INFO     [psi4.optking.history:418] 	Updated Hessian (in au) 
 	   4.831143

2025-12-23:11:42:58,288 INFO     [psi4.optking.molsys:944] Projected (PHP) Hessian matrix
	   4.831143

2025-12-23:11:42:58,288 INFO     [psi4.optking.opt_helper:182] 
	         Geometry (au)                                       Gradient (au)
  -0.0000000000   1.2013793077   0.0000000000		   0.0000000000  -2.1985457981   0.0000000000
   0.0000000000  -1.2013793077   0.0000000000		  -0.0000000000   2.1985457981   0.0000000000

2025-12-23:11:42:58,288 INFO     [psi4.optking.stepAlgorithms:368] 	Current Step Report 
 
	Current energy:      -681.8305490525
	Energy change for the previous step:
		Actual       :        -0.2334154420
		Projected    :        -0.1278894348

2025-12-23:11:42:58,288 INFO     [psi4.optking.stepAlgorithms:371] 	Energy ratio =    1.82513
2025-12-23:11:42:58,288 INFO     [psi4.optking.stepAlgorithms:929] 	Using RFO solution 1.
2025-12-23:11:42:58,288 INFO     [psi4.optking.displace:100] 	Determining Cartesian step for fragment 1.
2025-12-23:11:42:58,288 INFO     [psi4.optking.displace:415] 	Successfully converged to displaced geometry.
2025-12-23:11:42:58,288 INFO     [psi4.optking.displace:416] 	RMS(dx):  0.000e+00 	Max(dx):  0.000e+00 	RMS(dq):  0.000e+00
2025-12-23:11:42:58,288 INFO     [psi4.optking.displace:172] 

	        --- Internal Coordinate Step in ANG or DEG, aJ/ANG or AJ/DEG ---
	-------------------------------------------------------------------------------
	           Coordinate      Previous         Force          Change          New 
	           ----------      --------        ------          ------        ------
	               R(1,2)       1.27149       18.11321        0.20476       1.47625
	-------------------------------------------------------------------------------

2025-12-23:11:42:58,288 INFO     [psi4.optking.stepAlgorithms:113] 	|target step| :    0.3869417386
2025-12-23:11:42:58,288 INFO     [psi4.optking.stepAlgorithms:114] 	gradient     :   -2.1985457981
2025-12-23:11:42:58,288 INFO     [psi4.optking.stepAlgorithms:115] 	hessian      :    4.8311431419
2025-12-23:11:42:58,288 INFO     [psi4.optking.stepAlgorithms:113] 	|target step| :    0.3869417386
2025-12-23:11:42:58,288 INFO     [psi4.optking.stepAlgorithms:114] 	gradient     :   -2.1985457981
2025-12-23:11:42:58,288 INFO     [psi4.optking.stepAlgorithms:115] 	hessian      :    4.8311431419
2025-12-23:11:42:58,288 INFO     [psi4.optking.stepAlgorithms:206] 	Norm of achieved step-size    0.3869417386
2025-12-23:11:42:58,289 INFO     [psi4.optking.stepAlgorithms:208] 	Norm of achieved step-size (cart):    0.2736091273
2025-12-23:11:42:58,289 INFO     [psi4.optking.opt_helper:164] Molsys:

	                            ===> Fragment 1 <== 

	 Z (Atomic Numbers)          Masses                          Geom                  
	      15.000000            30.973762         -0.00000000  1.39485018  0.00000000   
	      15.000000            30.973762          0.00000000 -1.39485018  0.00000000   

	 - Coordinate -           - BOHR/RAD -       - ANG/DEG -
	 R(1,2)           =         2.789700           1.476246

2025-12-23:11:42:58,289 INFO     [psi4.optking.convcheck:76] Performing convergence check.
2025-12-23:11:42:58,289 INFO     [psi4.optking.convcheck:282] 
	                                 ==> Convergence Check <==                                  
    
	Measures of convergence in internal coordinates in au.
    
	Criteria marked as inactive (o), active & met (*), and active & unmet ( ).

	----------------------------------------------------------------------------------------------
	   Step    Total Energy     Delta E     Max Force     RMS Force      Max Disp      RMS Disp   
	----------------------------------------------------------------------------------------------
	  Convergence Criteria     1.00e-06 *    3.00e-04 *             o    1.20e-03 *             o
	----------------------------------------------------------------------------------------------
	     4    -681.83054905   -2.33e-01      2.20e+00      2.20e+00 o    3.87e-01      3.87e-01 o  ~
	----------------------------------------------------------------------------------------------


2025-12-23:11:42:58,289 INFO     [psi4.optking.stepAlgorithms:296] 	Convergence check returned False
2025-12-23:11:42:58,299 INFO     [psi4.driver.task_planner:259] PLANNING Atomic:  keywords={'DAMPING_PERCENTAGE': 1.0, 'GEOM_MAXITER': 500, 'SCF__GUESS': 'READ', 'GUESS': 'SAP', 'MAXITER': 500, 'REFERENCE': 'UKS', 'function_kwargs': {}}
2025-12-23:11:42:58,300 INFO     [psi4.driver.driver:638] Compute gradient(): method=b3lyp, basis=cc-pvdz, molecule=default, nre=80.65382351266734
2025-12-23:11:42:58,922 INFO     [psi4.driver.driver:641] Return gradient(): -682.4138073767409
2025-12-23:11:42:58,922 INFO     [psi4.driver.driver:642] [[ 0.00000000 -0.95370037 -0.00000000]
 [-0.00000000  0.95370037  0.00000000]]
2025-12-23:11:42:58,924 INFO     [psi4.optking.history:269] 	Performing BFGS update.
2025-12-23:11:42:58,924 INFO     [psi4.optking.history:280] 	Using 4 previous steps for update.
2025-12-23:11:42:58,924 WARNING  [psi4.optking.history:301] 	Change in internal coordinate of 5.09e-01 exceeds limit of 5.00e-01.
2025-12-23:11:42:58,924 WARNING  [psi4.optking.history:306] 	Skipping Hessian update for step 2.
2025-12-23:11:42:58,924 WARNING  [psi4.optking.history:301] 	Change in internal coordinate of 5.22e-01 exceeds limit of 5.00e-01.
2025-12-23:11:42:58,924 WARNING  [psi4.optking.history:306] 	Skipping Hessian update for step 1.
2025-12-23:11:42:58,924 INFO     [psi4.optking.history:317] 	Steps to be used in Hessian update:  4 3

2025-12-23:11:42:58,924 INFO     [psi4.optking.history:418] 	Updated Hessian (in au) 
 	   3.511822

2025-12-23:11:42:58,924 INFO     [psi4.optking.molsys:944] Projected (PHP) Hessian matrix
	   3.511822

2025-12-23:11:42:58,924 INFO     [psi4.optking.opt_helper:182] 
	         Geometry (au)                                       Gradient (au)
  -0.0000000000   1.3948501770   0.0000000000		   0.0000000000  -0.9537003746  -0.0000000000
   0.0000000000  -1.3948501770   0.0000000000		  -0.0000000000   0.9537003746   0.0000000000

2025-12-23:11:42:58,924 INFO     [psi4.optking.stepAlgorithms:368] 	Current Step Report 
 
	Current energy:      -682.4138073767
	Energy change for the previous step:
		Actual       :        -0.5832583242
		Projected    :        -0.4253545668

2025-12-23:11:42:58,924 INFO     [psi4.optking.stepAlgorithms:371] 	Energy ratio =    1.37123
2025-12-23:11:42:58,924 INFO     [psi4.optking.stepAlgorithms:929] 	Using RFO solution 1.
2025-12-23:11:42:58,924 INFO     [psi4.optking.displace:100] 	Determining Cartesian step for fragment 1.
2025-12-23:11:42:58,925 INFO     [psi4.optking.displace:415] 	Successfully converged to displaced geometry.
2025-12-23:11:42:58,925 INFO     [psi4.optking.displace:416] 	RMS(dx):  0.000e+00 	Max(dx):  0.000e+00 	RMS(dq):  0.000e+00
2025-12-23:11:42:58,925 INFO     [psi4.optking.displace:172] 

	        --- Internal Coordinate Step in ANG or DEG, aJ/ANG or AJ/DEG ---
	-------------------------------------------------------------------------------
	           Coordinate      Previous         Force          Change          New 
	           ----------      --------        ------          ------        ------
	               R(1,2)       1.47625        7.85727        0.13443       1.61068
	-------------------------------------------------------------------------------

2025-12-23:11:42:58,925 INFO     [psi4.optking.stepAlgorithms:113] 	|target step| :    0.2540421712
2025-12-23:11:42:58,925 INFO     [psi4.optking.stepAlgorithms:114] 	gradient     :   -0.9537003746
2025-12-23:11:42:58,925 INFO     [psi4.optking.stepAlgorithms:115] 	hessian      :    3.5118224826
2025-12-23:11:42:58,925 INFO     [psi4.optking.stepAlgorithms:113] 	|target step| :    0.2540421712
2025-12-23:11:42:58,925 INFO     [psi4.optking.stepAlgorithms:114] 	gradient     :   -0.9537003746
2025-12-23:11:42:58,925 INFO     [psi4.optking.stepAlgorithms:115] 	hessian      :    3.5118224826
2025-12-23:11:42:58,925 INFO     [psi4.optking.stepAlgorithms:206] 	Norm of achieved step-size    0.2540421712
2025-12-23:11:42:58,925 INFO     [psi4.optking.stepAlgorithms:208] 	Norm of achieved step-size (cart):    0.1796349420
2025-12-23:11:42:58,925 INFO     [psi4.optking.opt_helper:164] Molsys:

	                            ===> Fragment 1 <== 

	 Z (Atomic Numbers)          Masses                          Geom                  
	      15.000000            30.973762         -0.00000000  1.52187126  0.00000000   
	      15.000000            30.973762          0.00000000 -1.52187126  0.00000000   

	 - Coordinate -           - BOHR/RAD -       - ANG/DEG -
	 R(1,2)           =         3.043743           1.610679

2025-12-23:11:42:58,925 INFO     [psi4.optking.convcheck:76] Performing convergence check.
2025-12-23:11:42:58,925 INFO     [psi4.optking.convcheck:282] 
	                                 ==> Convergence Check <==                                  
    
	Measures of convergence in internal coordinates in au.
    
	Criteria marked as inactive (o), active & met (*), and active & unmet ( ).

	----------------------------------------------------------------------------------------------
	   Step    Total Energy     Delta E     Max Force     RMS Force      Max Disp      RMS Disp   
	----------------------------------------------------------------------------------------------
	  Convergence Criteria     1.00e-06 *    3.00e-04 *             o    1.20e-03 *             o
	----------------------------------------------------------------------------------------------
	     5    -682.41380738   -5.83e-01      9.54e-01      9.54e-01 o    2.54e-01      2.54e-01 o  ~
	----------------------------------------------------------------------------------------------


2025-12-23:11:42:58,925 INFO     [psi4.optking.stepAlgorithms:296] 	Convergence check returned False
2025-12-23:11:42:58,935 INFO     [psi4.driver.task_planner:259] PLANNING Atomic:  keywords={'DAMPING_PERCENTAGE': 1.0, 'GEOM_MAXITER': 500, 'SCF__GUESS': 'READ', 'GUESS': 'SAP', 'MAXITER': 500, 'REFERENCE': 'UKS', 'function_kwargs': {}}
2025-12-23:11:42:58,936 INFO     [psi4.driver.driver:638] Compute gradient(): method=b3lyp, basis=cc-pvdz, molecule=default, nre=73.92215279049556
2025-12-23:11:42:59,534 INFO     [psi4.driver.driver:641] Return gradient(): -682.5945456975511
2025-12-23:11:42:59,534 INFO     [psi4.driver.driver:642] [[ 0.00000000 -0.50631395 -0.00000000]
 [-0.00000000  0.50631395  0.00000000]]
2025-12-23:11:42:59,536 INFO     [psi4.optking.history:269] 	Performing BFGS update.
2025-12-23:11:42:59,536 INFO     [psi4.optking.history:280] 	Using 4 previous steps for update.
2025-12-23:11:42:59,536 WARNING  [psi4.optking.history:301] 	Change in internal coordinate of 6.41e-01 exceeds limit of 5.00e-01.
2025-12-23:11:42:59,536 WARNING  [psi4.optking.history:306] 	Skipping Hessian update for step 4.
2025-12-23:11:42:59,536 WARNING  [psi4.optking.history:301] 	Change in internal coordinate of 7.37e-01 exceeds limit of 5.00e-01.
2025-12-23:11:42:59,536 WARNING  [psi4.optking.history:306] 	Skipping Hessian update for step 3.
2025-12-23:11:42:59,536 WARNING  [psi4.optking.history:301] 	Change in internal coordinate of 7.63e-01 exceeds limit of 5.00e-01.
2025-12-23:11:42:59,536 WARNING  [psi4.optking.history:306] 	Skipping Hessian update for step 2.
2025-12-23:11:42:59,536 WARNING  [psi4.optking.history:301] 	Change in internal coordinate of 7.76e-01 exceeds limit of 5.00e-01.
2025-12-23:11:42:59,536 WARNING  [psi4.optking.history:306] 	Skipping Hessian update for step 1.
2025-12-23:11:42:59,536 INFO     [psi4.optking.history:317] 	Steps to be used in Hessian update:  5

2025-12-23:11:42:59,536 INFO     [psi4.optking.history:418] 	Updated Hessian (in au) 
 	   1.761071

2025-12-23:11:42:59,536 INFO     [psi4.optking.molsys:944] Projected (PHP) Hessian matrix
	   1.761071

2025-12-23:11:42:59,536 INFO     [psi4.optking.opt_helper:182] 
	         Geometry (au)                                       Gradient (au)
  -0.0000000000   1.5218712626   0.0000000000		   0.0000000000  -0.5063139496  -0.0000000000
   0.0000000000  -1.5218712626   0.0000000000		  -0.0000000000   0.5063139496   0.0000000000

2025-12-23:11:42:59,536 INFO     [psi4.optking.stepAlgorithms:368] 	Current Step Report 
 
	Current energy:      -682.5945456976
	Energy change for the previous step:
		Actual       :        -0.1807383208
		Projected    :        -0.1211400569

2025-12-23:11:42:59,536 INFO     [psi4.optking.stepAlgorithms:371] 	Energy ratio =    1.49198
2025-12-23:11:42:59,536 INFO     [psi4.optking.stepAlgorithms:929] 	Using RFO solution 1.
2025-12-23:11:42:59,537 INFO     [psi4.optking.displace:100] 	Determining Cartesian step for fragment 1.
2025-12-23:11:42:59,537 INFO     [psi4.optking.displace:415] 	Successfully converged to displaced geometry.
2025-12-23:11:42:59,537 INFO     [psi4.optking.displace:416] 	RMS(dx):  0.000e+00 	Max(dx):  0.000e+00 	RMS(dq):  0.000e+00
2025-12-23:11:42:59,537 INFO     [psi4.optking.displace:172] 

	        --- Internal Coordinate Step in ANG or DEG, aJ/ANG or AJ/DEG ---
	-------------------------------------------------------------------------------
	           Coordinate      Previous         Force          Change          New 
	           ----------      --------        ------          ------        ------
	               R(1,2)       1.61068        4.17138        0.14129       1.75197
	-------------------------------------------------------------------------------

2025-12-23:11:42:59,537 INFO     [psi4.optking.stepAlgorithms:113] 	|target step| :    0.2670065208
2025-12-23:11:42:59,537 INFO     [psi4.optking.stepAlgorithms:114] 	gradient     :   -0.5063139496
2025-12-23:11:42:59,537 INFO     [psi4.optking.stepAlgorithms:115] 	hessian      :    1.7610714901
2025-12-23:11:42:59,537 INFO     [psi4.optking.stepAlgorithms:113] 	|target step| :    0.2670065208
2025-12-23:11:42:59,537 INFO     [psi4.optking.stepAlgorithms:114] 	gradient     :   -0.5063139496
2025-12-23:11:42:59,537 INFO     [psi4.optking.stepAlgorithms:115] 	hessian      :    1.7610714901
2025-12-23:11:42:59,537 INFO     [psi4.optking.stepAlgorithms:206] 	Norm of achieved step-size    0.2670065208
2025-12-23:11:42:59,537 INFO     [psi4.optking.stepAlgorithms:208] 	Norm of achieved step-size (cart):    0.1888021214
2025-12-23:11:42:59,537 INFO     [psi4.optking.opt_helper:164] Molsys:

	                            ===> Fragment 1 <== 

	 Z (Atomic Numbers)          Masses                          Geom                  
	      15.000000            30.973762         -0.00000000  1.65537452  0.00000000   
	      15.000000            30.973762          0.00000000 -1.65537452  0.00000000   

	 - Coordinate -           - BOHR/RAD -       - ANG/DEG -
	 R(1,2)           =         3.310749           1.751973

2025-12-23:11:42:59,537 INFO     [psi4.optking.convcheck:76] Performing convergence check.
2025-12-23:11:42:59,537 INFO     [psi4.optking.convcheck:282] 
	                                 ==> Convergence Check <==                                  
    
	Measures of convergence in internal coordinates in au.
    
	Criteria marked as inactive (o), active & met (*), and active & unmet ( ).

	----------------------------------------------------------------------------------------------
	   Step    Total Energy     Delta E     Max Force     RMS Force      Max Disp      RMS Disp   
	----------------------------------------------------------------------------------------------
	  Convergence Criteria     1.00e-06 *    3.00e-04 *             o    1.20e-03 *             o
	----------------------------------------------------------------------------------------------
	     6    -682.59454570   -1.81e-01      5.06e-01      5.06e-01 o    2.67e-01      2.67e-01 o  ~
	----------------------------------------------------------------------------------------------


2025-12-23:11:42:59,537 INFO     [psi4.optking.stepAlgorithms:296] 	Convergence check returned False
2025-12-23:11:42:59,547 INFO     [psi4.driver.task_planner:259] PLANNING Atomic:  keywords={'DAMPING_PERCENTAGE': 1.0, 'GEOM_MAXITER': 500, 'SCF__GUESS': 'READ', 'GUESS': 'SAP', 'MAXITER': 500, 'REFERENCE': 'UKS', 'function_kwargs': {}}
2025-12-23:11:42:59,548 INFO     [psi4.driver.driver:638] Compute gradient(): method=b3lyp, basis=cc-pvdz, molecule=default, nre=67.96045151097378
2025-12-23:11:43:00,104 INFO     [psi4.driver.driver:641] Return gradient(): -682.6892820048475
2025-12-23:11:43:00,104 INFO     [psi4.driver.driver:642] [[ 0.00000000 -0.22894265  0.00000000]
 [-0.00000000  0.22894265  0.00000000]]
2025-12-23:11:43:00,106 INFO     [psi4.optking.history:269] 	Performing BFGS update.
2025-12-23:11:43:00,106 INFO     [psi4.optking.history:280] 	Using 4 previous steps for update.
2025-12-23:11:43:00,106 WARNING  [psi4.optking.history:301] 	Change in internal coordinate of 5.21e-01 exceeds limit of 5.00e-01.
2025-12-23:11:43:00,106 WARNING  [psi4.optking.history:306] 	Skipping Hessian update for step 5.
2025-12-23:11:43:00,106 WARNING  [psi4.optking.history:301] 	Change in internal coordinate of 9.08e-01 exceeds limit of 5.00e-01.
2025-12-23:11:43:00,106 WARNING  [psi4.optking.history:306] 	Skipping Hessian update for step 4.
2025-12-23:11:43:00,106 WARNING  [psi4.optking.history:301] 	Change in internal coordinate of 1.00e+00 exceeds limit of 5.00e-01.
2025-12-23:11:43:00,106 WARNING  [psi4.optking.history:306] 	Skipping Hessian update for step 3.
2025-12-23:11:43:00,106 WARNING  [psi4.optking.history:301] 	Change in internal coordinate of 1.03e+00 exceeds limit of 5.00e-01.
2025-12-23:11:43:00,106 WARNING  [psi4.optking.history:306] 	Skipping Hessian update for step 2.
2025-12-23:11:43:00,106 WARNING  [psi4.optking.history:301] 	Change in internal coordinate of 1.04e+00 exceeds limit of 5.00e-01.
2025-12-23:11:43:00,106 WARNING  [psi4.optking.history:306] 	Skipping Hessian update for step 1.
2025-12-23:11:43:00,106 INFO     [psi4.optking.history:317] 	Steps to be used in Hessian update:  6

2025-12-23:11:43:00,106 INFO     [psi4.optking.history:418] 	Updated Hessian (in au) 
 	   1.038818

2025-12-23:11:43:00,106 INFO     [psi4.optking.molsys:944] Projected (PHP) Hessian matrix
	   1.038818

2025-12-23:11:43:00,106 INFO     [psi4.optking.opt_helper:182] 
	         Geometry (au)                                       Gradient (au)
  -0.0000000000   1.6553745230   0.0000000000		   0.0000000000  -0.2289426490   0.0000000000
   0.0000000000  -1.6553745230   0.0000000000		  -0.0000000000   0.2289426490   0.0000000000

2025-12-23:11:43:00,106 INFO     [psi4.optking.stepAlgorithms:368] 	Current Step Report 
 
	Current energy:      -682.6892820048
	Energy change for the previous step:
		Actual       :        -0.0947363073
		Projected    :        -0.0675945630

2025-12-23:11:43:00,106 INFO     [psi4.optking.stepAlgorithms:371] 	Energy ratio =    1.40154
2025-12-23:11:43:00,107 INFO     [psi4.optking.stepAlgorithms:929] 	Using RFO solution 1.
2025-12-23:11:43:00,107 INFO     [psi4.optking.displace:100] 	Determining Cartesian step for fragment 1.
2025-12-23:11:43:00,107 INFO     [psi4.optking.displace:415] 	Successfully converged to displaced geometry.
2025-12-23:11:43:00,107 INFO     [psi4.optking.displace:416] 	RMS(dx):  0.000e+00 	Max(dx):  0.000e+00 	RMS(dq):  0.000e+00
2025-12-23:11:43:00,107 INFO     [psi4.optking.displace:172] 

	        --- Internal Coordinate Step in ANG or DEG, aJ/ANG or AJ/DEG ---
	-------------------------------------------------------------------------------
	           Coordinate      Previous         Force          Change          New 
	           ----------      --------        ------          ------        ------
	               R(1,2)       1.75197        1.88620        0.11145       1.86342
	-------------------------------------------------------------------------------

2025-12-23:11:43:00,107 INFO     [psi4.optking.stepAlgorithms:113] 	|target step| :    0.2106117474
2025-12-23:11:43:00,107 INFO     [psi4.optking.stepAlgorithms:114] 	gradient     :   -0.2289426490
2025-12-23:11:43:00,107 INFO     [psi4.optking.stepAlgorithms:115] 	hessian      :    1.0388184520
2025-12-23:11:43:00,107 INFO     [psi4.optking.stepAlgorithms:113] 	|target step| :    0.2106117474
2025-12-23:11:43:00,107 INFO     [psi4.optking.stepAlgorithms:114] 	gradient     :   -0.2289426490
2025-12-23:11:43:00,107 INFO     [psi4.optking.stepAlgorithms:115] 	hessian      :    1.0388184520
2025-12-23:11:43:00,107 INFO     [psi4.optking.stepAlgorithms:206] 	Norm of achieved step-size    0.2106117474
2025-12-23:11:43:00,107 INFO     [psi4.optking.stepAlgorithms:208] 	Norm of achieved step-size (cart):    0.1489249948
2025-12-23:11:43:00,107 INFO     [psi4.optking.opt_helper:164] Molsys:

	                            ===> Fragment 1 <== 

	 Z (Atomic Numbers)          Masses                          Geom                  
	      15.000000            30.973762         -0.00000000  1.76068040  0.00000000   
	      15.000000            30.973762          0.00000000 -1.76068040  0.00000000   

	 - Coordinate -           - BOHR/RAD -       - ANG/DEG -
	 R(1,2)           =         3.521361           1.863424

2025-12-23:11:43:00,107 INFO     [psi4.optking.convcheck:76] Performing convergence check.
2025-12-23:11:43:00,107 INFO     [psi4.optking.convcheck:282] 
	                                 ==> Convergence Check <==                                  
    
	Measures of convergence in internal coordinates in au.
    
	Criteria marked as inactive (o), active & met (*), and active & unmet ( ).

	----------------------------------------------------------------------------------------------
	   Step    Total Energy     Delta E     Max Force     RMS Force      Max Disp      RMS Disp   
	----------------------------------------------------------------------------------------------
	  Convergence Criteria     1.00e-06 *    3.00e-04 *             o    1.20e-03 *             o
	----------------------------------------------------------------------------------------------
	     7    -682.68928200   -9.47e-02      2.29e-01      2.29e-01 o    2.11e-01      2.11e-01 o  ~
	----------------------------------------------------------------------------------------------


2025-12-23:11:43:00,107 INFO     [psi4.optking.stepAlgorithms:296] 	Convergence check returned False
2025-12-23:11:43:00,117 INFO     [psi4.driver.task_planner:259] PLANNING Atomic:  keywords={'DAMPING_PERCENTAGE': 1.0, 'GEOM_MAXITER': 500, 'SCF__GUESS': 'READ', 'GUESS': 'SAP', 'MAXITER': 500, 'REFERENCE': 'UKS', 'function_kwargs': {}}
2025-12-23:11:43:00,118 INFO     [psi4.driver.driver:638] Compute gradient(): method=b3lyp, basis=cc-pvdz, molecule=default, nre=63.89575314998013
2025-12-23:11:43:00,704 INFO     [psi4.driver.driver:641] Return gradient(): -682.7226788779577
2025-12-23:11:43:00,705 INFO     [psi4.driver.driver:642] [[ 0.00000000 -0.09818225  0.00000000]
 [-0.00000000  0.09818225 -0.00000000]]
2025-12-23:11:43:00,707 INFO     [psi4.optking.history:269] 	Performing BFGS update.
2025-12-23:11:43:00,707 INFO     [psi4.optking.history:280] 	Using 4 previous steps for update.
2025-12-23:11:43:00,707 WARNING  [psi4.optking.history:301] 	Change in internal coordinate of 7.32e-01 exceeds limit of 5.00e-01.
2025-12-23:11:43:00,707 WARNING  [psi4.optking.history:306] 	Skipping Hessian update for step 5.
2025-12-23:11:43:00,707 WARNING  [psi4.optking.history:301] 	Change in internal coordinate of 1.12e+00 exceeds limit of 5.00e-01.
2025-12-23:11:43:00,707 WARNING  [psi4.optking.history:306] 	Skipping Hessian update for step 4.
2025-12-23:11:43:00,707 WARNING  [psi4.optking.history:301] 	Change in internal coordinate of 1.22e+00 exceeds limit of 5.00e-01.
2025-12-23:11:43:00,707 WARNING  [psi4.optking.history:306] 	Skipping Hessian update for step 3.
2025-12-23:11:43:00,707 WARNING  [psi4.optking.history:301] 	Change in internal coordinate of 1.24e+00 exceeds limit of 5.00e-01.
2025-12-23:11:43:00,707 WARNING  [psi4.optking.history:306] 	Skipping Hessian update for step 2.
2025-12-23:11:43:00,707 WARNING  [psi4.optking.history:301] 	Change in internal coordinate of 1.25e+00 exceeds limit of 5.00e-01.
2025-12-23:11:43:00,707 WARNING  [psi4.optking.history:306] 	Skipping Hessian update for step 1.
2025-12-23:11:43:00,707 INFO     [psi4.optking.history:317] 	Steps to be used in Hessian update:  7 6

2025-12-23:11:43:00,707 INFO     [psi4.optking.history:418] 	Updated Hessian (in au) 
 	   0.854514

2025-12-23:11:43:00,707 INFO     [psi4.optking.molsys:944] Projected (PHP) Hessian matrix
	   0.854514

2025-12-23:11:43:00,707 INFO     [psi4.optking.opt_helper:182] 
	         Geometry (au)                                       Gradient (au)
  -0.0000000000   1.7606803966   0.0000000000		   0.0000000000  -0.0981822487   0.0000000000
   0.0000000000  -1.7606803966   0.0000000000		  -0.0000000000   0.0981822487  -0.0000000000

2025-12-23:11:43:00,707 INFO     [psi4.optking.stepAlgorithms:368] 	Current Step Report 
 
	Current energy:      -682.7226788780
	Energy change for the previous step:
		Actual       :        -0.0333968731
		Projected    :        -0.0241090057

2025-12-23:11:43:00,707 INFO     [psi4.optking.stepAlgorithms:371] 	Energy ratio =    1.38524
2025-12-23:11:43:00,707 INFO     [psi4.optking.stepAlgorithms:929] 	Using RFO solution 1.
2025-12-23:11:43:00,708 INFO     [psi4.optking.displace:100] 	Determining Cartesian step for fragment 1.
2025-12-23:11:43:00,708 INFO     [psi4.optking.displace:415] 	Successfully converged to displaced geometry.
2025-12-23:11:43:00,708 INFO     [psi4.optking.displace:416] 	RMS(dx):  0.000e+00 	Max(dx):  0.000e+00 	RMS(dq):  0.000e+00
2025-12-23:11:43:00,708 INFO     [psi4.optking.displace:172] 

	        --- Internal Coordinate Step in ANG or DEG, aJ/ANG or AJ/DEG ---
	-------------------------------------------------------------------------------
	           Coordinate      Previous         Force          Change          New 
	           ----------      --------        ------          ------        ------
	               R(1,2)       1.86342        0.80890        0.06002       1.92344
	-------------------------------------------------------------------------------

2025-12-23:11:43:00,708 INFO     [psi4.optking.stepAlgorithms:113] 	|target step| :    0.1134202241
2025-12-23:11:43:00,708 INFO     [psi4.optking.stepAlgorithms:114] 	gradient     :   -0.0981822487
2025-12-23:11:43:00,708 INFO     [psi4.optking.stepAlgorithms:115] 	hessian      :    0.8545144273
2025-12-23:11:43:00,708 INFO     [psi4.optking.stepAlgorithms:113] 	|target step| :    0.1134202241
2025-12-23:11:43:00,708 INFO     [psi4.optking.stepAlgorithms:114] 	gradient     :   -0.0981822487
2025-12-23:11:43:00,708 INFO     [psi4.optking.stepAlgorithms:115] 	hessian      :    0.8545144273
2025-12-23:11:43:00,708 INFO     [psi4.optking.stepAlgorithms:206] 	Norm of achieved step-size    0.1134202241
2025-12-23:11:43:00,708 INFO     [psi4.optking.stepAlgorithms:208] 	Norm of achieved step-size (cart):    0.0802002096
2025-12-23:11:43:00,708 INFO     [psi4.optking.opt_helper:164] Molsys:

	                            ===> Fragment 1 <== 

	 Z (Atomic Numbers)          Masses                          Geom                  
	      15.000000            30.973762         -0.00000000  1.81739051  0.00000000   
	      15.000000            30.973762          0.00000000 -1.81739051  0.00000000   

	 - Coordinate -           - BOHR/RAD -       - ANG/DEG -
	 R(1,2)           =         3.634781           1.923443

2025-12-23:11:43:00,708 INFO     [psi4.optking.convcheck:76] Performing convergence check.
2025-12-23:11:43:00,708 INFO     [psi4.optking.convcheck:282] 
	                                 ==> Convergence Check <==                                  
    
	Measures of convergence in internal coordinates in au.
    
	Criteria marked as inactive (o), active & met (*), and active & unmet ( ).

	----------------------------------------------------------------------------------------------
	   Step    Total Energy     Delta E     Max Force     RMS Force      Max Disp      RMS Disp   
	----------------------------------------------------------------------------------------------
	  Convergence Criteria     1.00e-06 *    3.00e-04 *             o    1.20e-03 *             o
	----------------------------------------------------------------------------------------------
	     8    -682.72267888   -3.34e-02      9.82e-02      9.82e-02 o    1.13e-01      1.13e-01 o  ~
	----------------------------------------------------------------------------------------------


2025-12-23:11:43:00,708 INFO     [psi4.optking.stepAlgorithms:296] 	Convergence check returned False
2025-12-23:11:43:00,718 INFO     [psi4.driver.task_planner:259] PLANNING Atomic:  keywords={'DAMPING_PERCENTAGE': 1.0, 'GEOM_MAXITER': 500, 'SCF__GUESS': 'READ', 'GUESS': 'SAP', 'MAXITER': 500, 'REFERENCE': 'UKS', 'function_kwargs': {}}
2025-12-23:11:43:00,720 INFO     [psi4.driver.driver:638] Compute gradient(): method=b3lyp, basis=cc-pvdz, molecule=default, nre=61.901940976535315
2025-12-23:11:43:01,396 INFO     [psi4.driver.driver:641] Return gradient(): -682.7309269912463
2025-12-23:11:43:01,396 INFO     [psi4.driver.driver:642] [[ 0.00000000 -0.04934030 -0.00000000]
 [-0.00000000  0.04934030  0.00000000]]
2025-12-23:11:43:01,398 INFO     [psi4.optking.history:269] 	Performing BFGS update.
2025-12-23:11:43:01,398 INFO     [psi4.optking.history:280] 	Using 4 previous steps for update.
2025-12-23:11:43:01,398 WARNING  [psi4.optking.history:301] 	Change in internal coordinate of 5.91e-01 exceeds limit of 5.00e-01.
2025-12-23:11:43:01,398 WARNING  [psi4.optking.history:306] 	Skipping Hessian update for step 6.
2025-12-23:11:43:01,398 WARNING  [psi4.optking.history:301] 	Change in internal coordinate of 8.45e-01 exceeds limit of 5.00e-01.
2025-12-23:11:43:01,398 WARNING  [psi4.optking.history:306] 	Skipping Hessian update for step 5.
2025-12-23:11:43:01,398 WARNING  [psi4.optking.history:301] 	Change in internal coordinate of 1.23e+00 exceeds limit of 5.00e-01.
2025-12-23:11:43:01,398 WARNING  [psi4.optking.history:306] 	Skipping Hessian update for step 4.
2025-12-23:11:43:01,398 WARNING  [psi4.optking.history:301] 	Change in internal coordinate of 1.33e+00 exceeds limit of 5.00e-01.
2025-12-23:11:43:01,398 WARNING  [psi4.optking.history:306] 	Skipping Hessian update for step 3.
2025-12-23:11:43:01,398 WARNING  [psi4.optking.history:301] 	Change in internal coordinate of 1.35e+00 exceeds limit of 5.00e-01.
2025-12-23:11:43:01,398 WARNING  [psi4.optking.history:306] 	Skipping Hessian update for step 2.
2025-12-23:11:43:01,398 WARNING  [psi4.optking.history:301] 	Change in internal coordinate of 1.37e+00 exceeds limit of 5.00e-01.
2025-12-23:11:43:01,398 WARNING  [psi4.optking.history:306] 	Skipping Hessian update for step 1.
2025-12-23:11:43:01,398 INFO     [psi4.optking.history:317] 	Steps to be used in Hessian update:  8 7

2025-12-23:11:43:01,398 INFO     [psi4.optking.history:418] 	Updated Hessian (in au) 
 	   0.554274

2025-12-23:11:43:01,398 INFO     [psi4.optking.molsys:944] Projected (PHP) Hessian matrix
	   0.554274

2025-12-23:11:43:01,398 INFO     [psi4.optking.opt_helper:182] 
	         Geometry (au)                                       Gradient (au)
  -0.0000000000   1.8173905087   0.0000000000		   0.0000000000  -0.0493402990  -0.0000000000
   0.0000000000  -1.8173905087   0.0000000000		  -0.0000000000   0.0493402990   0.0000000000

2025-12-23:11:43:01,398 INFO     [psi4.optking.stepAlgorithms:368] 	Current Step Report 
 
	Current energy:      -682.7309269912
	Energy change for the previous step:
		Actual       :        -0.0082481133
		Projected    :        -0.0055679263

2025-12-23:11:43:01,398 INFO     [psi4.optking.stepAlgorithms:371] 	Energy ratio =    1.48136
2025-12-23:11:43:01,399 INFO     [psi4.optking.stepAlgorithms:929] 	Using RFO solution 1.
2025-12-23:11:43:01,399 INFO     [psi4.optking.displace:100] 	Determining Cartesian step for fragment 1.
2025-12-23:11:43:01,399 INFO     [psi4.optking.displace:415] 	Successfully converged to displaced geometry.
2025-12-23:11:43:01,399 INFO     [psi4.optking.displace:416] 	RMS(dx):  0.000e+00 	Max(dx):  0.000e+00 	RMS(dq):  0.000e+00
2025-12-23:11:43:01,399 INFO     [psi4.optking.displace:172] 

	        --- Internal Coordinate Step in ANG or DEG, aJ/ANG or AJ/DEG ---
	-------------------------------------------------------------------------------
	           Coordinate      Previous         Force          Change          New 
	           ----------      --------        ------          ------        ------
	               R(1,2)       1.92344        0.40650        0.04674       1.97018
	-------------------------------------------------------------------------------

2025-12-23:11:43:01,399 INFO     [psi4.optking.stepAlgorithms:113] 	|target step| :    0.0883235244
2025-12-23:11:43:01,399 INFO     [psi4.optking.stepAlgorithms:114] 	gradient     :   -0.0493402990
2025-12-23:11:43:01,399 INFO     [psi4.optking.stepAlgorithms:115] 	hessian      :    0.5542735465
2025-12-23:11:43:01,399 INFO     [psi4.optking.stepAlgorithms:113] 	|target step| :    0.0883235244
2025-12-23:11:43:01,399 INFO     [psi4.optking.stepAlgorithms:114] 	gradient     :   -0.0493402990
2025-12-23:11:43:01,399 INFO     [psi4.optking.stepAlgorithms:115] 	hessian      :    0.5542735465
2025-12-23:11:43:01,399 INFO     [psi4.optking.stepAlgorithms:206] 	Norm of achieved step-size    0.0883235244
2025-12-23:11:43:01,399 INFO     [psi4.optking.stepAlgorithms:208] 	Norm of achieved step-size (cart):    0.0624541630
2025-12-23:11:43:01,399 INFO     [psi4.optking.opt_helper:164] Molsys:

	                            ===> Fragment 1 <== 

	 Z (Atomic Numbers)          Masses                          Geom                  
	      15.000000            30.973762         -0.00000000  1.86155227  0.00000000   
	      15.000000            30.973762          0.00000000 -1.86155227  0.00000000   

	 - Coordinate -           - BOHR/RAD -       - ANG/DEG -
	 R(1,2)           =         3.723105           1.970182

2025-12-23:11:43:01,399 INFO     [psi4.optking.convcheck:76] Performing convergence check.
2025-12-23:11:43:01,399 INFO     [psi4.optking.convcheck:282] 
	                                 ==> Convergence Check <==                                  
    
	Measures of convergence in internal coordinates in au.
    
	Criteria marked as inactive (o), active & met (*), and active & unmet ( ).

	----------------------------------------------------------------------------------------------
	   Step    Total Energy     Delta E     Max Force     RMS Force      Max Disp      RMS Disp   
	----------------------------------------------------------------------------------------------
	  Convergence Criteria     1.00e-06 *    3.00e-04 *             o    1.20e-03 *             o
	----------------------------------------------------------------------------------------------
	     9    -682.73092699   -8.25e-03      4.93e-02      4.93e-02 o    8.83e-02      8.83e-02 o  ~
	----------------------------------------------------------------------------------------------


2025-12-23:11:43:01,399 INFO     [psi4.optking.stepAlgorithms:296] 	Convergence check returned False
2025-12-23:11:43:01,410 INFO     [psi4.driver.task_planner:259] PLANNING Atomic:  keywords={'DAMPING_PERCENTAGE': 1.0, 'GEOM_MAXITER': 500, 'SCF__GUESS': 'READ', 'GUESS': 'SAP', 'MAXITER': 500, 'REFERENCE': 'UKS', 'function_kwargs': {}}
2025-12-23:11:43:01,411 INFO     [psi4.driver.driver:638] Compute gradient(): method=b3lyp, basis=cc-pvdz, molecule=default, nre=60.433435987822136
2025-12-23:11:43:02,98 INFO     [psi4.driver.driver:641] Return gradient(): -682.7339080835443
2025-12-23:11:43:02,98 INFO     [psi4.driver.driver:642] [[ 0.00000000 -0.01917629 -0.00000000]
 [-0.00000000  0.01917629  0.00000000]]
2025-12-23:11:43:02,100 INFO     [psi4.optking.history:269] 	Performing BFGS update.
2025-12-23:11:43:02,100 INFO     [psi4.optking.history:280] 	Using 4 previous steps for update.
2025-12-23:11:43:02,100 WARNING  [psi4.optking.history:301] 	Change in internal coordinate of 6.79e-01 exceeds limit of 5.00e-01.
2025-12-23:11:43:02,100 WARNING  [psi4.optking.history:306] 	Skipping Hessian update for step 6.
2025-12-23:11:43:02,100 WARNING  [psi4.optking.history:301] 	Change in internal coordinate of 9.33e-01 exceeds limit of 5.00e-01.
2025-12-23:11:43:02,100 WARNING  [psi4.optking.history:306] 	Skipping Hessian update for step 5.
2025-12-23:11:43:02,100 WARNING  [psi4.optking.history:301] 	Change in internal coordinate of 1.32e+00 exceeds limit of 5.00e-01.
2025-12-23:11:43:02,100 WARNING  [psi4.optking.history:306] 	Skipping Hessian update for step 4.
2025-12-23:11:43:02,100 WARNING  [psi4.optking.history:301] 	Change in internal coordinate of 1.42e+00 exceeds limit of 5.00e-01.
2025-12-23:11:43:02,100 WARNING  [psi4.optking.history:306] 	Skipping Hessian update for step 3.
2025-12-23:11:43:02,100 WARNING  [psi4.optking.history:301] 	Change in internal coordinate of 1.44e+00 exceeds limit of 5.00e-01.
2025-12-23:11:43:02,100 WARNING  [psi4.optking.history:306] 	Skipping Hessian update for step 2.
2025-12-23:11:43:02,100 WARNING  [psi4.optking.history:301] 	Change in internal coordinate of 1.46e+00 exceeds limit of 5.00e-01.
2025-12-23:11:43:02,100 WARNING  [psi4.optking.history:306] 	Skipping Hessian update for step 1.
2025-12-23:11:43:02,100 INFO     [psi4.optking.history:317] 	Steps to be used in Hessian update:  9 8 7

2025-12-23:11:43:02,100 INFO     [psi4.optking.history:418] 	Updated Hessian (in au) 
 	   0.508703

2025-12-23:11:43:02,100 INFO     [psi4.optking.molsys:944] Projected (PHP) Hessian matrix
	   0.508703

2025-12-23:11:43:02,100 INFO     [psi4.optking.opt_helper:182] 
	         Geometry (au)                                       Gradient (au)
  -0.0000000000   1.8615522709   0.0000000000		   0.0000000000  -0.0191762950  -0.0000000000
   0.0000000000  -1.8615522709   0.0000000000		  -0.0000000000   0.0191762950   0.0000000000

2025-12-23:11:43:02,100 INFO     [psi4.optking.stepAlgorithms:368] 	Current Step Report 
 
	Current energy:      -682.7339080835
	Energy change for the previous step:
		Actual       :        -0.0029810923
		Projected    :        -0.0021789546

2025-12-23:11:43:02,100 INFO     [psi4.optking.stepAlgorithms:371] 	Energy ratio =    1.36813
2025-12-23:11:43:02,101 INFO     [psi4.optking.stepAlgorithms:929] 	Using RFO solution 1.
2025-12-23:11:43:02,101 INFO     [psi4.optking.displace:100] 	Determining Cartesian step for fragment 1.
2025-12-23:11:43:02,101 INFO     [psi4.optking.displace:415] 	Successfully converged to displaced geometry.
2025-12-23:11:43:02,101 INFO     [psi4.optking.displace:416] 	RMS(dx):  0.000e+00 	Max(dx):  0.000e+00 	RMS(dq):  0.000e+00
2025-12-23:11:43:02,101 INFO     [psi4.optking.displace:172] 

	        --- Internal Coordinate Step in ANG or DEG, aJ/ANG or AJ/DEG ---
	-------------------------------------------------------------------------------
	           Coordinate      Previous         Force          Change          New 
	           ----------      --------        ------          ------        ------
	               R(1,2)       1.97018        0.15799        0.01992       1.99010
	-------------------------------------------------------------------------------

2025-12-23:11:43:02,101 INFO     [psi4.optking.stepAlgorithms:113] 	|target step| :    0.0376430520
2025-12-23:11:43:02,101 INFO     [psi4.optking.stepAlgorithms:114] 	gradient     :   -0.0191762950
2025-12-23:11:43:02,101 INFO     [psi4.optking.stepAlgorithms:115] 	hessian      :    0.5087026998
2025-12-23:11:43:02,101 INFO     [psi4.optking.stepAlgorithms:113] 	|target step| :    0.0376430520
2025-12-23:11:43:02,101 INFO     [psi4.optking.stepAlgorithms:114] 	gradient     :   -0.0191762950
2025-12-23:11:43:02,101 INFO     [psi4.optking.stepAlgorithms:115] 	hessian      :    0.5087026998
2025-12-23:11:43:02,101 INFO     [psi4.optking.stepAlgorithms:206] 	Norm of achieved step-size    0.0376430520
2025-12-23:11:43:02,101 INFO     [psi4.optking.stepAlgorithms:208] 	Norm of achieved step-size (cart):    0.0266176574
2025-12-23:11:43:02,101 INFO     [psi4.optking.opt_helper:164] Molsys:

	                            ===> Fragment 1 <== 

	 Z (Atomic Numbers)          Masses                          Geom                  
	      15.000000            30.973762         -0.00000000  1.88037380  0.00000000   
	      15.000000            30.973762          0.00000000 -1.88037380  0.00000000   

	 - Coordinate -           - BOHR/RAD -       - ANG/DEG -
	 R(1,2)           =         3.760748           1.990102

2025-12-23:11:43:02,101 INFO     [psi4.optking.convcheck:76] Performing convergence check.
2025-12-23:11:43:02,101 INFO     [psi4.optking.convcheck:282] 
	                                 ==> Convergence Check <==                                  
    
	Measures of convergence in internal coordinates in au.
    
	Criteria marked as inactive (o), active & met (*), and active & unmet ( ).

	----------------------------------------------------------------------------------------------
	   Step    Total Energy     Delta E     Max Force     RMS Force      Max Disp      RMS Disp   
	----------------------------------------------------------------------------------------------
	  Convergence Criteria     1.00e-06 *    3.00e-04 *             o    1.20e-03 *             o
	----------------------------------------------------------------------------------------------
	    10    -682.73390808   -2.98e-03      1.92e-02      1.92e-02 o    3.76e-02      3.76e-02 o  ~
	----------------------------------------------------------------------------------------------


2025-12-23:11:43:02,101 INFO     [psi4.optking.stepAlgorithms:296] 	Convergence check returned False
2025-12-23:11:43:02,111 INFO     [psi4.driver.task_planner:259] PLANNING Atomic:  keywords={'DAMPING_PERCENTAGE': 1.0, 'GEOM_MAXITER': 500, 'SCF__GUESS': 'READ', 'GUESS': 'SAP', 'MAXITER': 500, 'REFERENCE': 'UKS', 'function_kwargs': {}}
2025-12-23:11:43:02,113 INFO     [psi4.driver.driver:638] Compute gradient(): method=b3lyp, basis=cc-pvdz, molecule=default, nre=59.828529936970014
2025-12-23:11:43:02,752 INFO     [psi4.driver.driver:641] Return gradient(): -682.7344183846552
2025-12-23:11:43:02,752 INFO     [psi4.driver.driver:642] [[ 0.00000000 -0.00809549  0.00000000]
 [-0.00000000  0.00809549  0.00000000]]
2025-12-23:11:43:02,754 INFO     [psi4.optking.history:269] 	Performing BFGS update.
2025-12-23:11:43:02,754 INFO     [psi4.optking.history:280] 	Using 4 previous steps for update.
2025-12-23:11:43:02,754 INFO     [psi4.optking.history:317] 	Steps to be used in Hessian update:  10 9 8 7

2025-12-23:11:43:02,754 INFO     [psi4.optking.history:418] 	Updated Hessian (in au) 
 	   0.490773

2025-12-23:11:43:02,754 INFO     [psi4.optking.molsys:944] Projected (PHP) Hessian matrix
	   0.490773

2025-12-23:11:43:02,754 INFO     [psi4.optking.opt_helper:182] 
	         Geometry (au)                                       Gradient (au)
  -0.0000000000   1.8803737969   0.0000000000		   0.0000000000  -0.0080954880   0.0000000000
   0.0000000000  -1.8803737969   0.0000000000		  -0.0000000000   0.0080954880   0.0000000000

2025-12-23:11:43:02,754 INFO     [psi4.optking.stepAlgorithms:368] 	Current Step Report 
 
	Current energy:      -682.7344183847
	Energy change for the previous step:
		Actual       :        -0.0005103011
		Projected    :        -0.0003609271

2025-12-23:11:43:02,754 INFO     [psi4.optking.stepAlgorithms:371] 	Energy ratio =    1.41386
2025-12-23:11:43:02,754 INFO     [psi4.optking.stepAlgorithms:929] 	Using RFO solution 1.
2025-12-23:11:43:02,754 INFO     [psi4.optking.displace:100] 	Determining Cartesian step for fragment 1.
2025-12-23:11:43:02,755 INFO     [psi4.optking.displace:415] 	Successfully converged to displaced geometry.
2025-12-23:11:43:02,755 INFO     [psi4.optking.displace:416] 	RMS(dx):  0.000e+00 	Max(dx):  0.000e+00 	RMS(dq):  0.000e+00
2025-12-23:11:43:02,755 INFO     [psi4.optking.displace:172] 

	        --- Internal Coordinate Step in ANG or DEG, aJ/ANG or AJ/DEG ---
	-------------------------------------------------------------------------------
	           Coordinate      Previous         Force          Change          New 
	           ----------      --------        ------          ------        ------
	               R(1,2)       1.99010        0.06670        0.00873       1.99883
	-------------------------------------------------------------------------------

2025-12-23:11:43:02,755 INFO     [psi4.optking.stepAlgorithms:113] 	|target step| :    0.0164908941
2025-12-23:11:43:02,755 INFO     [psi4.optking.stepAlgorithms:114] 	gradient     :   -0.0080954880
2025-12-23:11:43:02,755 INFO     [psi4.optking.stepAlgorithms:115] 	hessian      :    0.4907730526
2025-12-23:11:43:02,755 INFO     [psi4.optking.stepAlgorithms:113] 	|target step| :    0.0164908941
2025-12-23:11:43:02,755 INFO     [psi4.optking.stepAlgorithms:114] 	gradient     :   -0.0080954880
2025-12-23:11:43:02,755 INFO     [psi4.optking.stepAlgorithms:115] 	hessian      :    0.4907730526
2025-12-23:11:43:02,755 INFO     [psi4.optking.stepAlgorithms:206] 	Norm of achieved step-size    0.0164908941
2025-12-23:11:43:02,755 INFO     [psi4.optking.stepAlgorithms:208] 	Norm of achieved step-size (cart):    0.0116608231
2025-12-23:11:43:02,755 INFO     [psi4.optking.opt_helper:164] Molsys:

	                            ===> Fragment 1 <== 

	 Z (Atomic Numbers)          Masses                          Geom                  
	      15.000000            30.973762         -0.00000000  1.88861924  0.00000000   
	      15.000000            30.973762          0.00000000 -1.88861924  0.00000000   

	 - Coordinate -           - BOHR/RAD -       - ANG/DEG -
	 R(1,2)           =         3.777238           1.998829

2025-12-23:11:43:02,755 INFO     [psi4.optking.convcheck:76] Performing convergence check.
2025-12-23:11:43:02,755 INFO     [psi4.optking.convcheck:282] 
	                                 ==> Convergence Check <==                                  
    
	Measures of convergence in internal coordinates in au.
    
	Criteria marked as inactive (o), active & met (*), and active & unmet ( ).

	----------------------------------------------------------------------------------------------
	   Step    Total Energy     Delta E     Max Force     RMS Force      Max Disp      RMS Disp   
	----------------------------------------------------------------------------------------------
	  Convergence Criteria     1.00e-06 *    3.00e-04 *             o    1.20e-03 *             o
	----------------------------------------------------------------------------------------------
	    11    -682.73441838   -5.10e-04      8.10e-03      8.10e-03 o    1.65e-02      1.65e-02 o  ~
	----------------------------------------------------------------------------------------------


2025-12-23:11:43:02,755 INFO     [psi4.optking.stepAlgorithms:296] 	Convergence check returned False
2025-12-23:11:43:02,765 INFO     [psi4.driver.task_planner:259] PLANNING Atomic:  keywords={'DAMPING_PERCENTAGE': 1.0, 'GEOM_MAXITER': 500, 'SCF__GUESS': 'READ', 'GUESS': 'SAP', 'MAXITER': 500, 'REFERENCE': 'UKS', 'function_kwargs': {}}
2025-12-23:11:43:02,766 INFO     [psi4.driver.driver:638] Compute gradient(): method=b3lyp, basis=cc-pvdz, molecule=default, nre=59.56732695571213
2025-12-23:11:43:03,352 INFO     [psi4.driver.driver:641] Return gradient(): -682.7345141078907
2025-12-23:11:43:03,352 INFO     [psi4.driver.driver:642] [[ 0.00000000 -0.00354428  0.00000000]
 [-0.00000000  0.00354428  0.00000000]]
2025-12-23:11:43:03,354 INFO     [psi4.optking.history:269] 	Performing BFGS update.
2025-12-23:11:43:03,354 INFO     [psi4.optking.history:280] 	Using 4 previous steps for update.
2025-12-23:11:43:03,354 INFO     [psi4.optking.history:317] 	Steps to be used in Hessian update:  11 10 9 8

2025-12-23:11:43:03,354 INFO     [psi4.optking.history:418] 	Updated Hessian (in au) 
 	   0.369856

2025-12-23:11:43:03,354 INFO     [psi4.optking.molsys:944] Projected (PHP) Hessian matrix
	   0.369856

2025-12-23:11:43:03,354 INFO     [psi4.optking.opt_helper:182] 
	         Geometry (au)                                       Gradient (au)
  -0.0000000000   1.8886192440   0.0000000000		   0.0000000000  -0.0035442810   0.0000000000
   0.0000000000  -1.8886192440   0.0000000000		  -0.0000000000   0.0035442810   0.0000000000

2025-12-23:11:43:03,354 INFO     [psi4.optking.stepAlgorithms:368] 	Current Step Report 
 
	Current energy:      -682.7345141079
	Energy change for the previous step:
		Actual       :        -0.0000957232
		Projected    :        -0.0000667509

2025-12-23:11:43:03,354 INFO     [psi4.optking.stepAlgorithms:371] 	Energy ratio =    1.43404
2025-12-23:11:43:03,354 INFO     [psi4.optking.stepAlgorithms:929] 	Using RFO solution 1.
2025-12-23:11:43:03,355 INFO     [psi4.optking.displace:100] 	Determining Cartesian step for fragment 1.
2025-12-23:11:43:03,355 INFO     [psi4.optking.displace:415] 	Successfully converged to displaced geometry.
2025-12-23:11:43:03,355 INFO     [psi4.optking.displace:416] 	RMS(dx):  0.000e+00 	Max(dx):  0.000e+00 	RMS(dq):  0.000e+00
2025-12-23:11:43:03,355 INFO     [psi4.optking.displace:172] 

	        --- Internal Coordinate Step in ANG or DEG, aJ/ANG or AJ/DEG ---
	-------------------------------------------------------------------------------
	           Coordinate      Previous         Force          Change          New 
	           ----------      --------        ------          ------        ------
	               R(1,2)       1.99883        0.02920        0.00507       2.00390
	-------------------------------------------------------------------------------

2025-12-23:11:43:03,355 INFO     [psi4.optking.stepAlgorithms:113] 	|target step| :    0.0095819808
2025-12-23:11:43:03,355 INFO     [psi4.optking.stepAlgorithms:114] 	gradient     :   -0.0035442810
2025-12-23:11:43:03,355 INFO     [psi4.optking.stepAlgorithms:115] 	hessian      :    0.3698562621
2025-12-23:11:43:03,355 INFO     [psi4.optking.stepAlgorithms:113] 	|target step| :    0.0095819808
2025-12-23:11:43:03,355 INFO     [psi4.optking.stepAlgorithms:114] 	gradient     :   -0.0035442810
2025-12-23:11:43:03,355 INFO     [psi4.optking.stepAlgorithms:115] 	hessian      :    0.3698562621
2025-12-23:11:43:03,355 INFO     [psi4.optking.stepAlgorithms:206] 	Norm of achieved step-size    0.0095819808
2025-12-23:11:43:03,355 INFO     [psi4.optking.stepAlgorithms:208] 	Norm of achieved step-size (cart):    0.0067754836
2025-12-23:11:43:03,355 INFO     [psi4.optking.opt_helper:164] Molsys:

	                            ===> Fragment 1 <== 

	 Z (Atomic Numbers)          Masses                          Geom                  
	      15.000000            30.973762         -0.00000000  1.89341023  0.00000000   
	      15.000000            30.973762          0.00000000 -1.89341023  0.00000000   

	 - Coordinate -           - BOHR/RAD -       - ANG/DEG -
	 R(1,2)           =         3.786820           2.003899

2025-12-23:11:43:03,355 INFO     [psi4.optking.convcheck:76] Performing convergence check.
2025-12-23:11:43:03,355 INFO     [psi4.optking.convcheck:282] 
	                                 ==> Convergence Check <==                                  
    
	Measures of convergence in internal coordinates in au.
    
	Criteria marked as inactive (o), active & met (*), and active & unmet ( ).

	----------------------------------------------------------------------------------------------
	   Step    Total Energy     Delta E     Max Force     RMS Force      Max Disp      RMS Disp   
	----------------------------------------------------------------------------------------------
	  Convergence Criteria     1.00e-06 *    3.00e-04 *             o    1.20e-03 *             o
	----------------------------------------------------------------------------------------------
	    12    -682.73451411   -9.57e-05      3.54e-03      3.54e-03 o    9.58e-03      9.58e-03 o  ~
	----------------------------------------------------------------------------------------------


2025-12-23:11:43:03,355 INFO     [psi4.optking.stepAlgorithms:296] 	Convergence check returned False
2025-12-23:11:43:03,365 INFO     [psi4.driver.task_planner:259] PLANNING Atomic:  keywords={'DAMPING_PERCENTAGE': 1.0, 'GEOM_MAXITER': 500, 'SCF__GUESS': 'READ', 'GUESS': 'SAP', 'MAXITER': 500, 'REFERENCE': 'UKS', 'function_kwargs': {}}
2025-12-23:11:43:03,366 INFO     [psi4.driver.driver:638] Compute gradient(): method=b3lyp, basis=cc-pvdz, molecule=default, nre=59.41660077521345
2025-12-23:11:43:03,955 INFO     [psi4.driver.driver:641] Return gradient(): -682.7345357293063
2025-12-23:11:43:03,955 INFO     [psi4.driver.driver:642] [[ 0.00000000 -0.00098103  0.00000000]
 [-0.00000000  0.00098103  0.00000000]]
2025-12-23:11:43:03,957 INFO     [psi4.optking.history:269] 	Performing BFGS update.
2025-12-23:11:43:03,957 INFO     [psi4.optking.history:280] 	Using 4 previous steps for update.
2025-12-23:11:43:03,957 INFO     [psi4.optking.history:317] 	Steps to be used in Hessian update:  12 11 10 9

2025-12-23:11:43:03,957 INFO     [psi4.optking.history:418] 	Updated Hessian (in au) 
 	   0.318071

2025-12-23:11:43:03,957 INFO     [psi4.optking.molsys:944] Projected (PHP) Hessian matrix
	   0.318071

2025-12-23:11:43:03,957 INFO     [psi4.optking.opt_helper:182] 
	         Geometry (au)                                       Gradient (au)
  -0.0000000000   1.8934102344   0.0000000000		   0.0000000000  -0.0009810313   0.0000000000
   0.0000000000  -1.8934102344   0.0000000000		  -0.0000000000   0.0009810313   0.0000000000

2025-12-23:11:43:03,957 INFO     [psi4.optking.stepAlgorithms:368] 	Current Step Report 
 
	Current energy:      -682.7345357293
	Energy change for the previous step:
		Actual       :        -0.0000216214
		Projected    :        -0.0000169806

2025-12-23:11:43:03,957 INFO     [psi4.optking.stepAlgorithms:371] 	Energy ratio =    1.27330
2025-12-23:11:43:03,957 INFO     [psi4.optking.stepAlgorithms:929] 	Using RFO solution 1.
2025-12-23:11:43:03,958 INFO     [psi4.optking.displace:100] 	Determining Cartesian step for fragment 1.
2025-12-23:11:43:03,958 INFO     [psi4.optking.displace:415] 	Successfully converged to displaced geometry.
2025-12-23:11:43:03,958 INFO     [psi4.optking.displace:416] 	RMS(dx):  0.000e+00 	Max(dx):  0.000e+00 	RMS(dq):  0.000e+00
2025-12-23:11:43:03,958 INFO     [psi4.optking.displace:172] 

	        --- Internal Coordinate Step in ANG or DEG, aJ/ANG or AJ/DEG ---
	-------------------------------------------------------------------------------
	           Coordinate      Previous         Force          Change          New 
	           ----------      --------        ------          ------        ------
	               R(1,2)       2.00390        0.00808        0.00163       2.00553
	-------------------------------------------------------------------------------

2025-12-23:11:43:03,958 INFO     [psi4.optking.stepAlgorithms:113] 	|target step| :    0.0030842908
2025-12-23:11:43:03,958 INFO     [psi4.optking.stepAlgorithms:114] 	gradient     :   -0.0009810313
2025-12-23:11:43:03,958 INFO     [psi4.optking.stepAlgorithms:115] 	hessian      :    0.3180705220
2025-12-23:11:43:03,958 INFO     [psi4.optking.stepAlgorithms:113] 	|target step| :    0.0030842908
2025-12-23:11:43:03,958 INFO     [psi4.optking.stepAlgorithms:114] 	gradient     :   -0.0009810313
2025-12-23:11:43:03,958 INFO     [psi4.optking.stepAlgorithms:115] 	hessian      :    0.3180705220
2025-12-23:11:43:03,958 INFO     [psi4.optking.stepAlgorithms:206] 	Norm of achieved step-size    0.0030842908
2025-12-23:11:43:03,958 INFO     [psi4.optking.stepAlgorithms:208] 	Norm of achieved step-size (cart):    0.0021809229
2025-12-23:11:43:03,958 INFO     [psi4.optking.opt_helper:164] Molsys:

	                            ===> Fragment 1 <== 

	 Z (Atomic Numbers)          Masses                          Geom                  
	      15.000000            30.973762         -0.00000000  1.89495238  0.00000000   
	      15.000000            30.973762          0.00000000 -1.89495238  0.00000000   

	 - Coordinate -           - BOHR/RAD -       - ANG/DEG -
	 R(1,2)           =         3.789905           2.005531

2025-12-23:11:43:03,958 INFO     [psi4.optking.convcheck:76] Performing convergence check.
2025-12-23:11:43:03,958 INFO     [psi4.optking.convcheck:282] 
	                                 ==> Convergence Check <==                                  
    
	Measures of convergence in internal coordinates in au.
    
	Criteria marked as inactive (o), active & met (*), and active & unmet ( ).

	----------------------------------------------------------------------------------------------
	   Step    Total Energy     Delta E     Max Force     RMS Force      Max Disp      RMS Disp   
	----------------------------------------------------------------------------------------------
	  Convergence Criteria     1.00e-06 *    3.00e-04 *             o    1.20e-03 *             o
	----------------------------------------------------------------------------------------------
	    13    -682.73453573   -2.16e-05      9.81e-04      9.81e-04 o    3.08e-03      3.08e-03 o  ~
	----------------------------------------------------------------------------------------------


2025-12-23:11:43:03,958 INFO     [psi4.optking.stepAlgorithms:296] 	Convergence check returned False
2025-12-23:11:43:03,968 INFO     [psi4.driver.task_planner:259] PLANNING Atomic:  keywords={'DAMPING_PERCENTAGE': 1.0, 'GEOM_MAXITER': 500, 'SCF__GUESS': 'READ', 'GUESS': 'SAP', 'MAXITER': 500, 'REFERENCE': 'UKS', 'function_kwargs': {}}
2025-12-23:11:43:03,969 INFO     [psi4.driver.driver:638] Compute gradient(): method=b3lyp, basis=cc-pvdz, molecule=default, nre=59.36824650592727
2025-12-23:11:43:04,641 INFO     [psi4.driver.driver:641] Return gradient(): -682.7345374953161
2025-12-23:11:43:04,641 INFO     [psi4.driver.driver:642] [[ 0.00000000 -0.00016841 -0.00000000]
 [-0.00000000  0.00016841  0.00000000]]
2025-12-23:11:43:04,643 INFO     [psi4.optking.history:269] 	Performing BFGS update.
2025-12-23:11:43:04,643 INFO     [psi4.optking.history:280] 	Using 4 previous steps for update.
2025-12-23:11:43:04,643 INFO     [psi4.optking.history:317] 	Steps to be used in Hessian update:  13 12 11 10

2025-12-23:11:43:04,643 INFO     [psi4.optking.history:418] 	Updated Hessian (in au) 
 	   0.284548

2025-12-23:11:43:04,644 INFO     [psi4.optking.molsys:944] Projected (PHP) Hessian matrix
	   0.284548

2025-12-23:11:43:04,644 INFO     [psi4.optking.opt_helper:182] 
	         Geometry (au)                                       Gradient (au)
  -0.0000000000   1.8949523798   0.0000000000		   0.0000000000  -0.0001684076  -0.0000000000
   0.0000000000  -1.8949523798   0.0000000000		  -0.0000000000   0.0001684076   0.0000000000

2025-12-23:11:43:04,644 INFO     [psi4.optking.stepAlgorithms:368] 	Current Step Report 
 
	Current energy:      -682.7345374953
	Energy change for the previous step:
		Actual       :        -0.0000017660
		Projected    :        -0.0000015129

2025-12-23:11:43:04,644 INFO     [psi4.optking.stepAlgorithms:371] 	Energy ratio =    1.16731
2025-12-23:11:43:04,644 INFO     [psi4.optking.stepAlgorithms:929] 	Using RFO solution 1.
2025-12-23:11:43:04,644 INFO     [psi4.optking.displace:100] 	Determining Cartesian step for fragment 1.
2025-12-23:11:43:04,644 INFO     [psi4.optking.displace:415] 	Successfully converged to displaced geometry.
2025-12-23:11:43:04,644 INFO     [psi4.optking.displace:416] 	RMS(dx):  0.000e+00 	Max(dx):  0.000e+00 	RMS(dq):  0.000e+00
2025-12-23:11:43:04,644 INFO     [psi4.optking.displace:172] 

	        --- Internal Coordinate Step in ANG or DEG, aJ/ANG or AJ/DEG ---
	-------------------------------------------------------------------------------
	           Coordinate      Previous         Force          Change          New 
	           ----------      --------        ------          ------        ------
	               R(1,2)       2.00553        0.00139        0.00031       2.00584
	-------------------------------------------------------------------------------

2025-12-23:11:43:04,644 INFO     [psi4.optking.stepAlgorithms:113] 	|target step| :    0.0005918418
2025-12-23:11:43:04,644 INFO     [psi4.optking.stepAlgorithms:114] 	gradient     :   -0.0001684076
2025-12-23:11:43:04,644 INFO     [psi4.optking.stepAlgorithms:115] 	hessian      :    0.2845482843
2025-12-23:11:43:04,644 INFO     [psi4.optking.stepAlgorithms:113] 	|target step| :    0.0005918418
2025-12-23:11:43:04,644 INFO     [psi4.optking.stepAlgorithms:114] 	gradient     :   -0.0001684076
2025-12-23:11:43:04,644 INFO     [psi4.optking.stepAlgorithms:115] 	hessian      :    0.2845482843
2025-12-23:11:43:04,644 INFO     [psi4.optking.stepAlgorithms:206] 	Norm of achieved step-size    0.0005918418
2025-12-23:11:43:04,644 INFO     [psi4.optking.stepAlgorithms:208] 	Norm of achieved step-size (cart):    0.0004184953
2025-12-23:11:43:04,644 INFO     [psi4.optking.opt_helper:164] Molsys:

	                            ===> Fragment 1 <== 

	 Z (Atomic Numbers)          Masses                          Geom                  
	      15.000000            30.973762         -0.00000000  1.89524830  0.00000000   
	      15.000000            30.973762          0.00000000 -1.89524830  0.00000000   

	 - Coordinate -           - BOHR/RAD -       - ANG/DEG -
	 R(1,2)           =         3.790497           2.005844

2025-12-23:11:43:04,645 INFO     [psi4.optking.convcheck:76] Performing convergence check.
2025-12-23:11:43:04,645 INFO     [psi4.optking.convcheck:282] 
	                                 ==> Convergence Check <==                                  
    
	Measures of convergence in internal coordinates in au.
    
	Criteria marked as inactive (o), active & met (*), and active & unmet ( ).

	----------------------------------------------------------------------------------------------
	   Step    Total Energy     Delta E     Max Force     RMS Force      Max Disp      RMS Disp   
	----------------------------------------------------------------------------------------------
	  Convergence Criteria     1.00e-06 *    3.00e-04 *             o    1.20e-03 *             o
	----------------------------------------------------------------------------------------------
	    14    -682.73453750   -1.77e-06      1.68e-04 *    1.68e-04 o    5.92e-04 *    5.92e-04 o  ~
	----------------------------------------------------------------------------------------------


2025-12-23:11:43:04,645 INFO     [psi4.optking.convcheck:206] 
	                      ===> Final Convergence Report <===                     

	----------------------------------------------------------------------------
	|   Required Criteria    |  One or More Criteria  |   Alternate Criteria   |
	----------------------------------------------------------------------------
	| [x]     max_force      | [ ]       max_DE       |                        |
	|                        | [x]      max_disp      |                        |
	----------------------------------------------------------------------------


2025-12-23:11:43:04,645 INFO     [psi4.optking.stepAlgorithms:296] 	Convergence check returned True
2025-12-23:11:43:04,645 INFO     [psi4.optking.optimize:332] 	Converged in 14 steps!
2025-12-23:11:43:04,645 INFO     [psi4.optking.optimize:333] 	Final energy is   -682.7345374953161
2025-12-23:11:43:04,645 INFO     [psi4.optking.optimize:334] 	Final structure (Angstroms): 
	Fragment 1 (Ang)

	    P  -0.0000000000   1.0029222093   0.0000000000
	    P   0.0000000000  -1.0029222093   0.0000000000


2025-12-23:11:43:04,645 INFO     [psi4.optking.optimize:562] 	Optimization Finished

	==> Optimization Summary <==

        
	Measures of convergence in internal coordinates in au. (Any backward steps not shown.)
        
	---------------------------------------------------------------------------------------------------------------  ~
        
	 Step         Total Energy             Delta E       MAX Force       RMS Force        MAX Disp        RMS Disp   ~
        
	---------------------------------------------------------------------------------------------------------------  ~
        
	     1    -681.490926656936   -681.490926656936      2.85117171      2.85117171      0.01308721      0.01308721  ~
	     2    -681.527787320287     -0.036860663351      2.78222631      2.78222631      0.02552922      0.02552922  ~
	     3    -681.597133610551     -0.069346290264      2.65135952      2.65135952      0.09647084      0.09647084  ~
	     4    -681.830549052507     -0.233415441956      2.19854580      2.19854580      0.38694174      0.38694174  ~
	     5    -682.413807376741     -0.583258324234      0.95370037      0.95370037      0.25404217      0.25404217  ~
	     6    -682.594545697551     -0.180738320810      0.50631395      0.50631395      0.26700652      0.26700652  ~
	     7    -682.689282004848     -0.094736307296      0.22894265      0.22894265      0.21061175      0.21061175  ~
	     8    -682.722678877958     -0.033396873110      0.09818225      0.09818225      0.11342022      0.11342022  ~
	     9    -682.730926991246     -0.008248113289      0.04934030      0.04934030      0.08832352      0.08832352  ~
	    10    -682.733908083544     -0.002981092298      0.01917629      0.01917629      0.03764305      0.03764305  ~
	    11    -682.734418384655     -0.000510301111      0.00809549      0.00809549      0.01649089      0.01649089  ~
	    12    -682.734514107891     -0.000095723236      0.00354428      0.00354428      0.00958198      0.00958198  ~
	    13    -682.734535729306     -0.000021621416      0.00098103      0.00098103      0.00308429      0.00308429  ~
	    14    -682.734537495316     -0.000001766010      0.00016841      0.00016841      0.00059184      0.00059184  ~
	----------------------------------------------------------------------------------------------------------------


2025-12-23:11:43:04,645 INFO     [psi4.optking.optimize:806] Preparing OptimizationResult
