2025-12-23:10:55:50,846 WARNING  [psi4.optking:38] Some dependencies such as QCElemental have not yet finished migration to pydantic v2. If issues are encountered please downgrade pydantic or upgrade QCElemental as appropriate
2025-12-23:10:55:51,1 INFO     [psi4.optking.optwrapper:234] Creating a UserComputer
2025-12-23:10:55:51,1 INFO     [psi4.optking.optwrapper:242] 
    			-----------------------------------------

    			 OPTKING 3.0: for geometry optimizations 

    			     By R.A. King, Bethel University     

    			        with contributions from          

    			    A.V. Copan, J. Cayton, A. Heide      

    			-----------------------------------------

    
2025-12-23:10:55:51,1 INFO     [psi4.optking.optwrapper:272] 
		 -- Optimization Parameters --
	GEOM_MAXITER                   =             500
	ALG_GEOM_MAXITER               =              50
	PRINT                          =               1
	OPT_TYPE                       =             MIN
	STEP_TYPE                      =             RFO
	PROGRAM                        =            PSI4
	STEEPEST_DESCENT_TYPE          =         OVERLAP
	CONJUGATE_GRADIENT_TYPE        =        FLETCHER
	OPT_COORDINATES                =        INTERNAL
	RFO_FOLLOW_ROOT                =           False
	RFO_ROOT                       =               0
	ACCEPT_SYMMETRY_BREAKING       =           False
	DYNAMIC_LVL                    =               0
	DYNAMIC_LVL_MAX                =               0
	IRC_STEP_SIZE                  =             0.2
	IRC_DIRECTION                  =         FORWARD
	IRC_POINTS                     =              20
	IRC_MODE                       =          NORMAL
	IRC_CONVERGENCE                =            -0.7
	INTRAFRAG_STEP_LIMIT           =             0.5
	INTRAFRAG_STEP_LIMIT_MIN       =           0.001
	INTRAFRAG_STEP_LIMIT_MAX       =             1.0
	INTERFRAG_STEP_LIMIT           =             0.5
	INTERFRAG_STEP_LIMIT_MIN       =           0.001
	INTERFRAG_STEP_LIMIT_MAX       =             1.0
	ENSURE_BT_CONVERGENCE          =           False
	SIMPLE_STEP_SCALING            =           False
	CONSECUTIVE_BACKSTEPS          =               0
	RFO_NORMALIZATION_MAX          =             100
	RSRFO_ALPHA_MAX                =     100000000.0
	PRINT_TRAJECTORY_XYZ_FILE      =           False
	WRITE_TRAJECTORY               =           False
	FROZEN_DISTANCE                =                
	FROZEN_BEND                    =                
	FROZEN_DIHEDRAL                =                
	FROZEN_OOFP                    =                
	FROZEN_CARTESIAN               =                
	FREEZE_ALL_DIHEDRALS           =           False
	UNFREEZE_DIHEDRALS             =                
	RANGED_DISTANCE                =                
	RANGED_BEND                    =                
	RANGED_DIHEDRAL                =                
	RANGED_OOFP                    =                
	RANGED_CARTESIAN               =                
	EXT_FORCE_DISTANCE             =                
	EXT_FORCE_BEND                 =                
	EXT_FORCE_DIHEDRAL             =                
	EXT_FORCE_OOFP                 =                
	EXT_FORCE_CARTESIAN            =                
	G_CONVERGENCE                  =           QCHEM
	MAX_FORCE_G_CONVERGENCE        =          0.0003
	RMS_FORCE_G_CONVERGENCE        =          0.0003
	MAX_ENERGY_G_CONVERGENCE       =           1e-06
	MAX_DISP_G_CONVERGENCE         =          0.0012
	RMS_DISP_G_CONVERGENCE         =          0.0012
	FLEXIBLE_G_CONVERGENCE         =           False
	HESS_UPDATE                    =            BFGS
	HESS_UPDATE_USE_LAST           =               4
	HESS_UPDATE_LIMIT              =            True
	HESS_UPDATE_LIMIT_MAX          =             1.0
	HESS_UPDATE_LIMIT_SCALE        =             0.5
	HESS_UPDATE_DEN_TOL            =           1e-07
	HESS_UPDATE_DQ_TOL             =             0.5
	CART_HESS_READ                 =           False
	HESSIAN_FILE                   =               .
	FULL_HESS_EVERY                =              -1
	INTRAFRAG_HESS                 =        SCHLEGEL
	H_GUESS_EVERY                  =           False
	BT_MAX_ITER                    =              25
	BT_DX_CONV                     =           1e-07
	BT_DX_RMS_CHANGE_CONV          =           1e-12
	BT_PINV_RCOND                  =           1e-06
	FRAG_MODE                      =          SINGLE
	FRAG_REF_ATOMS                 =              []
	FREEZE_INTRAFRAG               =           False
	INTERFRAG_MODE                 =           FIXED
	ADD_AUXILIARY_BONDS            =           False
	AUXILIARY_BOND_FACTOR          =             2.5
	INTERFRAG_DIST_INV             =           False
	INTERFRAG_COLLINEAR_TOL        =            0.01
	INTERFRAG_COORDS               =              []
	INTERFRAG_HESS                 =         DEFAULT
	COVALENT_CONNECT               =             1.3
	INTERFRAGMENT_CONNECT          =             1.8
	H_BOND_CONNECT                 =             4.3
	INCLUDE_OOFP                   =           False
	TEST_B                         =           False
	TEST_DERIVATIVE_B              =           False
	LINESEARCH_STEP                =             0.1
	LINESEARCH                     =           False
	SD_HESSIAN                     =             1.0
	FIX_VAL_NEAR_PI                =            1.57
	V3D_TORS_ANGLE_LIM             =           0.017
	V3D_TORS_COS_TOL               =           1e-10
	LINEAR_BEND_THRESHOLD          =            3.05
	SMALL_BEND_FIX_THRESHOLD       =            0.35
	REDUNDANT_EVAL_TOL             =           1e-10
	LINEAR_ALGEBRA_TOL             =           1e-10


2025-12-23:10:55:51,138 INFO     [psi4.optking.opt_helper:164] Molsys:

	                            ===> Fragment 1 <== 

	 Z (Atomic Numbers)          Masses                          Geom                  
	       6.000000            12.000000          0.00000000  0.00000000  1.29563566   
	       8.000000            15.994915          0.00000000  0.00000000 -0.97203569   

	 - Coordinate -           - BOHR/RAD -       - ANG/DEG -
	 R(1,2)           =         2.267671           1.200000

2025-12-23:10:55:51,149 INFO     [psi4.driver.task_planner:259] PLANNING Atomic:  keywords={'DAMPING_PERCENTAGE': 1.0, 'GEOM_MAXITER': 500, 'GUESS': 'SAP', 'MAXITER': 500, 'REFERENCE': 'UKS', 'function_kwargs': {}}
2025-12-23:10:55:51,150 INFO     [psi4.driver.driver:638] Compute gradient(): method=b3lyp, basis=cc-pvdz, molecule=default, nre=21.167088426800003
2025-12-23:10:55:51,541 INFO     [psi4.driver.driver:641] Return gradient(): -113.2298897271733
2025-12-23:10:55:51,541 INFO     [psi4.driver.driver:642] [[ 0.00000000  0.00000000 -0.05811181]
 [-0.00000000  0.00000000  0.05811777]]
2025-12-23:10:55:51,543 INFO     [psi4.optking.molsys:944] Projected (PHP) Hessian matrix
	   1.048231

2025-12-23:10:55:51,543 INFO     [psi4.optking.opt_helper:182] 
	         Geometry (au)                                       Gradient (au)
   0.0000000000   0.0000000000   1.2956356585		   0.0000000000   0.0000000000  -0.0581118069
   0.0000000000   0.0000000000  -0.9720356921		  -0.0000000000   0.0000000000   0.0581177730

2025-12-23:10:55:51,543 INFO     [psi4.optking.stepAlgorithms:929] 	Using RFO solution 1.
2025-12-23:10:55:51,543 INFO     [psi4.optking.displace:100] 	Determining Cartesian step for fragment 1.
2025-12-23:10:55:51,544 INFO     [psi4.optking.displace:415] 	Successfully converged to displaced geometry.
2025-12-23:10:55:51,544 INFO     [psi4.optking.displace:416] 	RMS(dx):  1.282e-16 	Max(dx):  2.220e-16 	RMS(dq):  4.441e-16
2025-12-23:10:55:51,544 INFO     [psi4.optking.displace:172] 

	        --- Internal Coordinate Step in ANG or DEG, aJ/ANG or AJ/DEG ---
	-------------------------------------------------------------------------------
	           Coordinate      Previous         Force          Change          New 
	           ----------      --------        ------          ------        ------
	               R(1,2)       1.20000        0.47879        0.02925       1.22925
	-------------------------------------------------------------------------------

2025-12-23:10:55:51,544 INFO     [psi4.optking.stepAlgorithms:113] 	|target step| :    0.0552714727
2025-12-23:10:55:51,544 INFO     [psi4.optking.stepAlgorithms:114] 	gradient     :   -0.0581147900
2025-12-23:10:55:51,544 INFO     [psi4.optking.stepAlgorithms:115] 	hessian      :    1.0482306732
2025-12-23:10:55:51,544 INFO     [psi4.optking.stepAlgorithms:113] 	|target step| :    0.0552714727
2025-12-23:10:55:51,544 INFO     [psi4.optking.stepAlgorithms:114] 	gradient     :   -0.0581147900
2025-12-23:10:55:51,544 INFO     [psi4.optking.stepAlgorithms:115] 	hessian      :    1.0482306732
2025-12-23:10:55:51,544 INFO     [psi4.optking.stepAlgorithms:206] 	Norm of achieved step-size    0.0552714727
2025-12-23:10:55:51,544 INFO     [psi4.optking.stepAlgorithms:208] 	Norm of achieved step-size (cart):    0.0390828331
2025-12-23:10:55:51,544 INFO     [psi4.optking.opt_helper:164] Molsys:

	                            ===> Fragment 1 <== 

	 Z (Atomic Numbers)          Masses                          Geom                  
	       6.000000            12.000000          0.00000000  0.00000000  1.32327139   
	       8.000000            15.994915          0.00000000  0.00000000 -0.99967143   

	 - Coordinate -           - BOHR/RAD -       - ANG/DEG -
	 R(1,2)           =         2.322943           1.229248

2025-12-23:10:55:51,544 INFO     [psi4.optking.convcheck:76] Performing convergence check.
2025-12-23:10:55:51,544 INFO     [psi4.optking.convcheck:282] 
	                                 ==> Convergence Check <==                                  
    
	Measures of convergence in internal coordinates in au.
    
	Criteria marked as inactive (o), active & met (*), and active & unmet ( ).

	----------------------------------------------------------------------------------------------~
	   Step    Total Energy     Delta E     Max Force     RMS Force      Max Disp      RMS Disp   ~
	----------------------------------------------------------------------------------------------~
	  Convergence Criteria     1.00e-06 *    3.00e-04 *             o    1.20e-03 *             o~
	----------------------------------------------------------------------------------------------~
	     1    -113.22988973   -1.13e+02      5.81e-02      5.81e-02 o    5.53e-02      5.53e-02 o  ~
	----------------------------------------------------------------------------------------------


2025-12-23:10:55:51,544 INFO     [psi4.optking.stepAlgorithms:296] 	Convergence check returned False
2025-12-23:10:55:51,555 INFO     [psi4.driver.task_planner:259] PLANNING Atomic:  keywords={'DAMPING_PERCENTAGE': 1.0, 'GEOM_MAXITER': 500, 'SCF__GUESS': 'READ', 'GUESS': 'SAP', 'MAXITER': 500, 'REFERENCE': 'UKS', 'function_kwargs': {}}
2025-12-23:10:55:51,556 INFO     [psi4.driver.driver:638] Compute gradient(): method=b3lyp, basis=cc-pvdz, molecule=default, nre=20.663444454968417
2025-12-23:10:55:51,951 INFO     [psi4.driver.driver:641] Return gradient(): -113.23176825142956
2025-12-23:10:55:51,952 INFO     [psi4.driver.driver:642] [[-0.00000000  0.00000000 -0.01135432]
 [-0.00000000  0.00000000  0.01135902]]
2025-12-23:10:55:51,953 INFO     [psi4.optking.history:269] 	Performing BFGS update.
2025-12-23:10:55:51,953 INFO     [psi4.optking.history:280] 	Using 1 previous steps for update.
2025-12-23:10:55:51,953 INFO     [psi4.optking.history:317] 	Steps to be used in Hessian update:  1

2025-12-23:10:55:51,953 INFO     [psi4.optking.history:418] 	Updated Hessian (in au) 
 	   0.845972

2025-12-23:10:55:51,953 INFO     [psi4.optking.molsys:944] Projected (PHP) Hessian matrix
	   0.845972

2025-12-23:10:55:51,953 INFO     [psi4.optking.opt_helper:182] 
	         Geometry (au)                                       Gradient (au)
   0.0000000000   0.0000000000   1.3272150542		  -0.0000000000   0.0000000000  -0.0113543169
   0.0000000000   0.0000000000  -0.9957277690		  -0.0000000000   0.0000000000   0.0113590166

2025-12-23:10:55:51,954 INFO     [psi4.optking.stepAlgorithms:368] 	Current Step Report 
 
	Current energy:      -113.2317682514
	Energy change for the previous step:
		Actual       :        -0.0018785243
		Projected    :        -0.0016060450

2025-12-23:10:55:51,954 INFO     [psi4.optking.stepAlgorithms:371] 	Energy ratio =    1.16966
2025-12-23:10:55:51,954 INFO     [psi4.optking.stepAlgorithms:399] 	Energy ratio indicates good step.
2025-12-23:10:55:51,954 INFO     [psi4.optking.stepAlgorithms:400] 	Intrafrag trust radius increased to      1.
2025-12-23:10:55:51,954 INFO     [psi4.optking.stepAlgorithms:929] 	Using RFO solution 1.
2025-12-23:10:55:51,954 INFO     [psi4.optking.displace:100] 	Determining Cartesian step for fragment 1.
2025-12-23:10:55:51,954 INFO     [psi4.optking.displace:415] 	Successfully converged to displaced geometry.
2025-12-23:10:55:51,954 INFO     [psi4.optking.displace:416] 	RMS(dx):  0.000e+00 	Max(dx):  0.000e+00 	RMS(dq):  0.000e+00
2025-12-23:10:55:51,954 INFO     [psi4.optking.displace:172] 

	        --- Internal Coordinate Step in ANG or DEG, aJ/ANG or AJ/DEG ---
	-------------------------------------------------------------------------------
	           Coordinate      Previous         Force          Change          New 
	           ----------      --------        ------          ------        ------
	               R(1,2)       1.22925        0.09356        0.00710       1.23635
	-------------------------------------------------------------------------------

2025-12-23:10:55:51,954 INFO     [psi4.optking.stepAlgorithms:113] 	|target step| :    0.0134219805
2025-12-23:10:55:51,954 INFO     [psi4.optking.stepAlgorithms:114] 	gradient     :   -0.0113566668
2025-12-23:10:55:51,954 INFO     [psi4.optking.stepAlgorithms:115] 	hessian      :    0.8459720891
2025-12-23:10:55:51,954 INFO     [psi4.optking.stepAlgorithms:113] 	|target step| :    0.0134219805
2025-12-23:10:55:51,954 INFO     [psi4.optking.stepAlgorithms:114] 	gradient     :   -0.0113566668
2025-12-23:10:55:51,954 INFO     [psi4.optking.stepAlgorithms:115] 	hessian      :    0.8459720891
2025-12-23:10:55:51,954 INFO     [psi4.optking.stepAlgorithms:206] 	Norm of achieved step-size    0.0134219805
2025-12-23:10:55:51,954 INFO     [psi4.optking.stepAlgorithms:208] 	Norm of achieved step-size (cart):    0.0094907734
2025-12-23:10:55:51,954 INFO     [psi4.optking.opt_helper:164] Molsys:

	                            ===> Fragment 1 <== 

	 Z (Atomic Numbers)          Masses                          Geom                  
	       6.000000            12.000000          0.00000000  0.00000000  1.33392604   
	       8.000000            15.994915          0.00000000  0.00000000 -1.00243876   

	 - Coordinate -           - BOHR/RAD -       - ANG/DEG -
	 R(1,2)           =         2.336365           1.236351

2025-12-23:10:55:51,955 INFO     [psi4.optking.convcheck:76] Performing convergence check.
2025-12-23:10:55:51,955 INFO     [psi4.optking.convcheck:282] 
	                                 ==> Convergence Check <==                                  
    
	Measures of convergence in internal coordinates in au.
    
	Criteria marked as inactive (o), active & met (*), and active & unmet ( ).

	----------------------------------------------------------------------------------------------
	   Step    Total Energy     Delta E     Max Force     RMS Force      Max Disp      RMS Disp   
	----------------------------------------------------------------------------------------------
	  Convergence Criteria     1.00e-06 *    3.00e-04 *             o    1.20e-03 *             o
	----------------------------------------------------------------------------------------------
	     2    -113.23176825   -1.88e-03      1.14e-02      1.14e-02 o    1.34e-02      1.34e-02 o  ~
	----------------------------------------------------------------------------------------------


2025-12-23:10:55:51,955 INFO     [psi4.optking.stepAlgorithms:296] 	Convergence check returned False
2025-12-23:10:55:51,964 INFO     [psi4.driver.task_planner:259] PLANNING Atomic:  keywords={'DAMPING_PERCENTAGE': 1.0, 'GEOM_MAXITER': 500, 'SCF__GUESS': 'READ', 'GUESS': 'SAP', 'MAXITER': 500, 'REFERENCE': 'UKS', 'function_kwargs': {}}
2025-12-23:10:55:51,966 INFO     [psi4.driver.driver:638] Compute gradient(): method=b3lyp, basis=cc-pvdz, molecule=default, nre=20.544736816716824
2025-12-23:10:55:52,297 INFO     [psi4.driver.driver:641] Return gradient(): -113.23185257993946
2025-12-23:10:55:52,297 INFO     [psi4.driver.driver:642] [[ 0.00000000  0.00000000 -0.00129317]
 [-0.00000000  0.00000000  0.00129761]]
2025-12-23:10:55:52,298 INFO     [psi4.optking.history:269] 	Performing BFGS update.
2025-12-23:10:55:52,299 INFO     [psi4.optking.history:280] 	Using 2 previous steps for update.
2025-12-23:10:55:52,299 INFO     [psi4.optking.history:317] 	Steps to be used in Hessian update:  2 1

2025-12-23:10:55:52,299 INFO     [psi4.optking.history:418] 	Updated Hessian (in au) 
 	   0.827144

2025-12-23:10:55:52,299 INFO     [psi4.optking.molsys:944] Projected (PHP) Hessian matrix
	   0.827144

2025-12-23:10:55:52,299 INFO     [psi4.optking.opt_helper:182] 
	         Geometry (au)                                       Gradient (au)
   0.0000000000   0.0000000000   1.3348837124		   0.0000000000   0.0000000000  -0.0012931679
   0.0000000000   0.0000000000  -1.0014810913		  -0.0000000000   0.0000000000   0.0012976054

2025-12-23:10:55:52,299 INFO     [psi4.optking.stepAlgorithms:368] 	Current Step Report 
 
	Current energy:      -113.2318525799
	Energy change for the previous step:
		Actual       :        -0.0000843285
		Projected    :        -0.0000762145

2025-12-23:10:55:52,299 INFO     [psi4.optking.stepAlgorithms:371] 	Energy ratio =    1.10646
2025-12-23:10:55:52,299 INFO     [psi4.optking.stepAlgorithms:929] 	Using RFO solution 1.
2025-12-23:10:55:52,299 INFO     [psi4.optking.displace:100] 	Determining Cartesian step for fragment 1.
2025-12-23:10:55:52,299 INFO     [psi4.optking.displace:415] 	Successfully converged to displaced geometry.
2025-12-23:10:55:52,300 INFO     [psi4.optking.displace:416] 	RMS(dx):  0.000e+00 	Max(dx):  0.000e+00 	RMS(dq):  0.000e+00
2025-12-23:10:55:52,300 INFO     [psi4.optking.displace:172] 

	        --- Internal Coordinate Step in ANG or DEG, aJ/ANG or AJ/DEG ---
	-------------------------------------------------------------------------------
	           Coordinate      Previous         Force          Change          New 
	           ----------      --------        ------          ------        ------
	               R(1,2)       1.23635        0.01067        0.00083       1.23718
	-------------------------------------------------------------------------------

2025-12-23:10:55:52,300 INFO     [psi4.optking.stepAlgorithms:113] 	|target step| :    0.0015660912
2025-12-23:10:55:52,300 INFO     [psi4.optking.stepAlgorithms:114] 	gradient     :   -0.0012953867
2025-12-23:10:55:52,300 INFO     [psi4.optking.stepAlgorithms:115] 	hessian      :    0.8271443738
2025-12-23:10:55:52,300 INFO     [psi4.optking.stepAlgorithms:113] 	|target step| :    0.0015660912
2025-12-23:10:55:52,300 INFO     [psi4.optking.stepAlgorithms:114] 	gradient     :   -0.0012953867
2025-12-23:10:55:52,300 INFO     [psi4.optking.stepAlgorithms:115] 	hessian      :    0.8271443738
2025-12-23:10:55:52,300 INFO     [psi4.optking.stepAlgorithms:206] 	Norm of achieved step-size    0.0015660912
2025-12-23:10:55:52,300 INFO     [psi4.optking.stepAlgorithms:208] 	Norm of achieved step-size (cart):    0.0011073937
2025-12-23:10:55:52,300 INFO     [psi4.optking.opt_helper:164] Molsys:

	                            ===> Fragment 1 <== 

	 Z (Atomic Numbers)          Masses                          Geom                  
	       6.000000            12.000000          0.00000000  0.00000000  1.33566676   
	       8.000000            15.994915          0.00000000  0.00000000 -1.00226414   

	 - Coordinate -           - BOHR/RAD -       - ANG/DEG -
	 R(1,2)           =         2.337931           1.237180

2025-12-23:10:55:52,300 INFO     [psi4.optking.convcheck:76] Performing convergence check.
2025-12-23:10:55:52,300 INFO     [psi4.optking.convcheck:282] 
	                                 ==> Convergence Check <==                                  
    
	Measures of convergence in internal coordinates in au.
    
	Criteria marked as inactive (o), active & met (*), and active & unmet ( ).

	----------------------------------------------------------------------------------------------
	   Step    Total Energy     Delta E     Max Force     RMS Force      Max Disp      RMS Disp   
	----------------------------------------------------------------------------------------------
	  Convergence Criteria     1.00e-06 *    3.00e-04 *             o    1.20e-03 *             o
	----------------------------------------------------------------------------------------------
	     3    -113.23185258   -8.43e-05      1.30e-03      1.30e-03 o    1.57e-03      1.57e-03 o  ~
	----------------------------------------------------------------------------------------------


2025-12-23:10:55:52,300 INFO     [psi4.optking.stepAlgorithms:296] 	Convergence check returned False
2025-12-23:10:55:52,310 INFO     [psi4.driver.task_planner:259] PLANNING Atomic:  keywords={'DAMPING_PERCENTAGE': 1.0, 'GEOM_MAXITER': 500, 'SCF__GUESS': 'READ', 'GUESS': 'SAP', 'MAXITER': 500, 'REFERENCE': 'UKS', 'function_kwargs': {}}
2025-12-23:10:55:52,312 INFO     [psi4.driver.driver:638] Compute gradient(): method=b3lyp, basis=cc-pvdz, molecule=default, nre=20.53097467733295
2025-12-23:10:55:52,576 INFO     [psi4.driver.driver:641] Return gradient(): -113.23185370558689
2025-12-23:10:55:52,577 INFO     [psi4.driver.driver:642] [[ 0.00000000  0.00000000 -0.00014990]
 [-0.00000000  0.00000000  0.00015431]]
2025-12-23:10:55:52,578 INFO     [psi4.optking.history:269] 	Performing BFGS update.
2025-12-23:10:55:52,578 INFO     [psi4.optking.history:280] 	Using 3 previous steps for update.
2025-12-23:10:55:52,578 INFO     [psi4.optking.history:317] 	Steps to be used in Hessian update:  3 2 1

2025-12-23:10:55:52,578 INFO     [psi4.optking.history:418] 	Updated Hessian (in au) 
 	   0.824979

2025-12-23:10:55:52,579 INFO     [psi4.optking.molsys:944] Projected (PHP) Hessian matrix
	   0.824979

2025-12-23:10:55:52,579 INFO     [psi4.optking.opt_helper:182] 
	         Geometry (au)                                       Gradient (au)
   0.0000000000   0.0000000000   1.3357784997		   0.0000000000   0.0000000000  -0.0001499021
   0.0000000000   0.0000000000  -1.0021523952		  -0.0000000000   0.0000000000   0.0001543124

2025-12-23:10:55:52,579 INFO     [psi4.optking.stepAlgorithms:368] 	Current Step Report 
 
	Current energy:      -113.2318537056
	Energy change for the previous step:
		Actual       :        -0.0000011256
		Projected    :        -0.0000010143

2025-12-23:10:55:52,579 INFO     [psi4.optking.stepAlgorithms:371] 	Energy ratio =    1.10973
2025-12-23:10:55:52,579 INFO     [psi4.optking.stepAlgorithms:929] 	Using RFO solution 1.
2025-12-23:10:55:52,579 INFO     [psi4.optking.displace:100] 	Determining Cartesian step for fragment 1.
2025-12-23:10:55:52,579 INFO     [psi4.optking.displace:415] 	Successfully converged to displaced geometry.
2025-12-23:10:55:52,579 INFO     [psi4.optking.displace:416] 	RMS(dx):  0.000e+00 	Max(dx):  0.000e+00 	RMS(dq):  0.000e+00
2025-12-23:10:55:52,579 INFO     [psi4.optking.displace:172] 

	        --- Internal Coordinate Step in ANG or DEG, aJ/ANG or AJ/DEG ---
	-------------------------------------------------------------------------------
	           Coordinate      Previous         Force          Change          New 
	           ----------      --------        ------          ------        ------
	               R(1,2)       1.23718        0.00125        0.00010       1.23728
	-------------------------------------------------------------------------------

2025-12-23:10:55:52,579 INFO     [psi4.optking.stepAlgorithms:113] 	|target step| :    0.0001843770
2025-12-23:10:55:52,579 INFO     [psi4.optking.stepAlgorithms:114] 	gradient     :   -0.0001521073
2025-12-23:10:55:52,579 INFO     [psi4.optking.stepAlgorithms:115] 	hessian      :    0.8249794850
2025-12-23:10:55:52,579 INFO     [psi4.optking.stepAlgorithms:113] 	|target step| :    0.0001843770
2025-12-23:10:55:52,579 INFO     [psi4.optking.stepAlgorithms:114] 	gradient     :   -0.0001521073
2025-12-23:10:55:52,579 INFO     [psi4.optking.stepAlgorithms:115] 	hessian      :    0.8249794850
2025-12-23:10:55:52,579 INFO     [psi4.optking.stepAlgorithms:206] 	Norm of achieved step-size    0.0001843770
2025-12-23:10:55:52,579 INFO     [psi4.optking.stepAlgorithms:208] 	Norm of achieved step-size (cart):    0.0001303743
2025-12-23:10:55:52,579 INFO     [psi4.optking.opt_helper:164] Molsys:

	                            ===> Fragment 1 <== 

	 Z (Atomic Numbers)          Masses                          Geom                  
	       6.000000            12.000000          0.00000000  0.00000000  1.33587069   
	       8.000000            15.994915          0.00000000  0.00000000 -1.00224458   

	 - Coordinate -           - BOHR/RAD -       - ANG/DEG -
	 R(1,2)           =         2.338115           1.237277

2025-12-23:10:55:52,580 INFO     [psi4.optking.convcheck:76] Performing convergence check.
2025-12-23:10:55:52,580 INFO     [psi4.optking.convcheck:282] 
	                                 ==> Convergence Check <==                                  
    
	Measures of convergence in internal coordinates in au.
    
	Criteria marked as inactive (o), active & met (*), and active & unmet ( ).

	----------------------------------------------------------------------------------------------
	   Step    Total Energy     Delta E     Max Force     RMS Force      Max Disp      RMS Disp   
	----------------------------------------------------------------------------------------------
	  Convergence Criteria     1.00e-06 *    3.00e-04 *             o    1.20e-03 *             o
	----------------------------------------------------------------------------------------------
	     4    -113.23185371   -1.13e-06      1.52e-04 *    1.52e-04 o    1.84e-04 *    1.84e-04 o  ~
	----------------------------------------------------------------------------------------------


2025-12-23:10:55:52,580 INFO     [psi4.optking.convcheck:206] 
	                      ===> Final Convergence Report <===                     

	----------------------------------------------------------------------------
	|   Required Criteria    |  One or More Criteria  |   Alternate Criteria   |
	----------------------------------------------------------------------------
	| [x]     max_force      | [ ]       max_DE       |                        |
	|                        | [x]      max_disp      |                        |
	----------------------------------------------------------------------------


2025-12-23:10:55:52,580 INFO     [psi4.optking.stepAlgorithms:296] 	Convergence check returned True
2025-12-23:10:55:52,580 INFO     [psi4.optking.optimize:332] 	Converged in 4 steps!
2025-12-23:10:55:52,580 INFO     [psi4.optking.optimize:333] 	Final energy is   -113.2318537055869
2025-12-23:10:55:52,580 INFO     [psi4.optking.optimize:334] 	Final structure (Angstroms): 
	Fragment 1 (Ang)

	    C   0.0000000000   0.0000000000   0.7069123246
	    O   0.0000000000   0.0000000000  -0.5303649932


2025-12-23:10:55:52,580 INFO     [psi4.optking.optimize:562] 	Optimization Finished

	==> Optimization Summary <==

        
	Measures of convergence in internal coordinates in au. (Any backward steps not shown.)
        
	---------------------------------------------------------------------------------------------------------------  ~
        
	 Step         Total Energy             Delta E       MAX Force       RMS Force        MAX Disp        RMS Disp   ~
        
	---------------------------------------------------------------------------------------------------------------  ~
        
	     1    -113.229889727173   -113.229889727173      0.05811479      0.05811479      0.05527147      0.05527147  ~
	     2    -113.231768251430     -0.001878524256      0.01135667      0.01135667      0.01342198      0.01342198  ~
	     3    -113.231852579939     -0.000084328510      0.00129539      0.00129539      0.00156609      0.00156609  ~
	     4    -113.231853705587     -0.000001125647      0.00015211      0.00015211      0.00018438      0.00018438  ~
	----------------------------------------------------------------------------------------------------------------


2025-12-23:10:55:52,580 INFO     [psi4.optking.optimize:806] Preparing OptimizationResult
