2025-12-23:11:08:44,637 WARNING  [psi4.optking:38] Some dependencies such as QCElemental have not yet finished migration to pydantic v2. If issues are encountered please downgrade pydantic or upgrade QCElemental as appropriate
2025-12-23:11:08:44,793 INFO     [psi4.optking.optwrapper:234] Creating a UserComputer
2025-12-23:11:08:44,793 INFO     [psi4.optking.optwrapper:242] 
    			-----------------------------------------

    			 OPTKING 3.0: for geometry optimizations 

    			     By R.A. King, Bethel University     

    			        with contributions from          

    			    A.V. Copan, J. Cayton, A. Heide      

    			-----------------------------------------

    
2025-12-23:11:08:44,793 INFO     [psi4.optking.optwrapper:272] 
		 -- Optimization Parameters --
	GEOM_MAXITER                   =             500
	ALG_GEOM_MAXITER               =              50
	PRINT                          =               1
	OPT_TYPE                       =             MIN
	STEP_TYPE                      =             RFO
	PROGRAM                        =            PSI4
	STEEPEST_DESCENT_TYPE          =         OVERLAP
	CONJUGATE_GRADIENT_TYPE        =        FLETCHER
	OPT_COORDINATES                =        INTERNAL
	RFO_FOLLOW_ROOT                =           False
	RFO_ROOT                       =               0
	ACCEPT_SYMMETRY_BREAKING       =           False
	DYNAMIC_LVL                    =               0
	DYNAMIC_LVL_MAX                =               0
	IRC_STEP_SIZE                  =             0.2
	IRC_DIRECTION                  =         FORWARD
	IRC_POINTS                     =              20
	IRC_MODE                       =          NORMAL
	IRC_CONVERGENCE                =            -0.7
	INTRAFRAG_STEP_LIMIT           =             0.5
	INTRAFRAG_STEP_LIMIT_MIN       =           0.001
	INTRAFRAG_STEP_LIMIT_MAX       =             1.0
	INTERFRAG_STEP_LIMIT           =             0.5
	INTERFRAG_STEP_LIMIT_MIN       =           0.001
	INTERFRAG_STEP_LIMIT_MAX       =             1.0
	ENSURE_BT_CONVERGENCE          =           False
	SIMPLE_STEP_SCALING            =           False
	CONSECUTIVE_BACKSTEPS          =               0
	RFO_NORMALIZATION_MAX          =             100
	RSRFO_ALPHA_MAX                =     100000000.0
	PRINT_TRAJECTORY_XYZ_FILE      =           False
	WRITE_TRAJECTORY               =           False
	FROZEN_DISTANCE                =                
	FROZEN_BEND                    =                
	FROZEN_DIHEDRAL                =                
	FROZEN_OOFP                    =                
	FROZEN_CARTESIAN               =                
	FREEZE_ALL_DIHEDRALS           =           False
	UNFREEZE_DIHEDRALS             =                
	RANGED_DISTANCE                =                
	RANGED_BEND                    =                
	RANGED_DIHEDRAL                =                
	RANGED_OOFP                    =                
	RANGED_CARTESIAN               =                
	EXT_FORCE_DISTANCE             =                
	EXT_FORCE_BEND                 =                
	EXT_FORCE_DIHEDRAL             =                
	EXT_FORCE_OOFP                 =                
	EXT_FORCE_CARTESIAN            =                
	G_CONVERGENCE                  =           QCHEM
	MAX_FORCE_G_CONVERGENCE        =          0.0003
	RMS_FORCE_G_CONVERGENCE        =          0.0003
	MAX_ENERGY_G_CONVERGENCE       =           1e-06
	MAX_DISP_G_CONVERGENCE         =          0.0012
	RMS_DISP_G_CONVERGENCE         =          0.0012
	FLEXIBLE_G_CONVERGENCE         =           False
	HESS_UPDATE                    =            BFGS
	HESS_UPDATE_USE_LAST           =               4
	HESS_UPDATE_LIMIT              =            True
	HESS_UPDATE_LIMIT_MAX          =             1.0
	HESS_UPDATE_LIMIT_SCALE        =             0.5
	HESS_UPDATE_DEN_TOL            =           1e-07
	HESS_UPDATE_DQ_TOL             =             0.5
	CART_HESS_READ                 =           False
	HESSIAN_FILE                   =               .
	FULL_HESS_EVERY                =              -1
	INTRAFRAG_HESS                 =        SCHLEGEL
	H_GUESS_EVERY                  =           False
	BT_MAX_ITER                    =              25
	BT_DX_CONV                     =           1e-07
	BT_DX_RMS_CHANGE_CONV          =           1e-12
	BT_PINV_RCOND                  =           1e-06
	FRAG_MODE                      =          SINGLE
	FRAG_REF_ATOMS                 =              []
	FREEZE_INTRAFRAG               =           False
	INTERFRAG_MODE                 =           FIXED
	ADD_AUXILIARY_BONDS            =           False
	AUXILIARY_BOND_FACTOR          =             2.5
	INTERFRAG_DIST_INV             =           False
	INTERFRAG_COLLINEAR_TOL        =            0.01
	INTERFRAG_COORDS               =              []
	INTERFRAG_HESS                 =         DEFAULT
	COVALENT_CONNECT               =             1.3
	INTERFRAGMENT_CONNECT          =             1.8
	H_BOND_CONNECT                 =             4.3
	INCLUDE_OOFP                   =           False
	TEST_B                         =           False
	TEST_DERIVATIVE_B              =           False
	LINESEARCH_STEP                =             0.1
	LINESEARCH                     =           False
	SD_HESSIAN                     =             1.0
	FIX_VAL_NEAR_PI                =            1.57
	V3D_TORS_ANGLE_LIM             =           0.017
	V3D_TORS_COS_TOL               =           1e-10
	LINEAR_BEND_THRESHOLD          =            3.05
	SMALL_BEND_FIX_THRESHOLD       =            0.35
	REDUNDANT_EVAL_TOL             =           1e-10
	LINEAR_ALGEBRA_TOL             =           1e-10


2025-12-23:11:08:44,930 INFO     [psi4.optking.opt_helper:164] Molsys:

	                            ===> Fragment 1 <== 

	 Z (Atomic Numbers)          Masses                          Geom                  
	       8.000000            15.994915          0.00000000  0.00000000  1.36043650   
	      12.000000            23.985042          0.00000000  0.00000000 -0.90723485   

	 - Coordinate -           - BOHR/RAD -       - ANG/DEG -
	 R(1,2)           =         2.267671           1.200000

2025-12-23:11:08:44,941 INFO     [psi4.driver.task_planner:259] PLANNING Atomic:  keywords={'DAMPING_PERCENTAGE': 1.0, 'GEOM_MAXITER': 500, 'GUESS': 'SAP', 'MAXITER': 500, 'REFERENCE': 'UKS', 'function_kwargs': {}}
2025-12-23:11:08:44,942 INFO     [psi4.driver.driver:638] Compute gradient(): method=b3lyp, basis=cc-pvdz, molecule=default, nre=42.334176853600006
2025-12-23:11:08:45,824 INFO     [psi4.driver.driver:641] Return gradient(): -274.8854962587352
2025-12-23:11:08:45,824 INFO     [psi4.driver.driver:642] [[-0.00000000  0.00000000 -1.18076531]
 [ 0.00000000  0.00000000  1.18069756]]
2025-12-23:11:08:45,826 INFO     [psi4.optking.molsys:944] Projected (PHP) Hessian matrix
	   4.182219

2025-12-23:11:08:45,826 INFO     [psi4.optking.opt_helper:182] 
	         Geometry (au)                                       Gradient (au)
   0.0000000000   0.0000000000   1.3604365014		  -0.0000000000   0.0000000000  -1.1807653136
   0.0000000000   0.0000000000  -0.9072348491		   0.0000000000   0.0000000000   1.1806975612

2025-12-23:11:08:45,826 INFO     [psi4.optking.stepAlgorithms:929] 	Using RFO solution 1.
2025-12-23:11:08:45,826 INFO     [psi4.optking.displace:100] 	Determining Cartesian step for fragment 1.
2025-12-23:11:08:45,827 INFO     [psi4.optking.displace:415] 	Successfully converged to displaced geometry.
2025-12-23:11:08:45,827 INFO     [psi4.optking.displace:416] 	RMS(dx):  0.000e+00 	Max(dx):  0.000e+00 	RMS(dq):  0.000e+00
2025-12-23:11:08:45,827 INFO     [psi4.optking.displace:172] 

	        --- Internal Coordinate Step in ANG or DEG, aJ/ANG or AJ/DEG ---
	-------------------------------------------------------------------------------
	           Coordinate      Previous         Force          Change          New 
	           ----------      --------        ------          ------        ------
	               R(1,2)       1.20000        9.72772        0.13908       1.33908
	-------------------------------------------------------------------------------

2025-12-23:11:08:45,827 INFO     [psi4.optking.stepAlgorithms:113] 	|target step| :    0.2628205218
2025-12-23:11:08:45,827 INFO     [psi4.optking.stepAlgorithms:114] 	gradient     :   -1.1807314374
2025-12-23:11:08:45,827 INFO     [psi4.optking.stepAlgorithms:115] 	hessian      :    4.1822185214
2025-12-23:11:08:45,827 INFO     [psi4.optking.stepAlgorithms:113] 	|target step| :    0.2628205218
2025-12-23:11:08:45,827 INFO     [psi4.optking.stepAlgorithms:114] 	gradient     :   -1.1807314374
2025-12-23:11:08:45,827 INFO     [psi4.optking.stepAlgorithms:115] 	hessian      :    4.1822185214
2025-12-23:11:08:45,827 INFO     [psi4.optking.stepAlgorithms:206] 	Norm of achieved step-size    0.2628205218
2025-12-23:11:08:45,827 INFO     [psi4.optking.stepAlgorithms:208] 	Norm of achieved step-size (cart):    0.1858421732
2025-12-23:11:08:45,827 INFO     [psi4.optking.opt_helper:164] Molsys:

	                            ===> Fragment 1 <== 

	 Z (Atomic Numbers)          Masses                          Geom                  
	       8.000000            15.994915          0.00000000  0.00000000  1.49184676   
	      12.000000            23.985042          0.00000000  0.00000000 -1.03864511   

	 - Coordinate -           - BOHR/RAD -       - ANG/DEG -
	 R(1,2)           =         2.530492           1.339079

2025-12-23:11:08:45,827 INFO     [psi4.optking.convcheck:76] Performing convergence check.
2025-12-23:11:08:45,827 INFO     [psi4.optking.convcheck:282] 
	                                 ==> Convergence Check <==                                  
    
	Measures of convergence in internal coordinates in au.
    
	Criteria marked as inactive (o), active & met (*), and active & unmet ( ).

	----------------------------------------------------------------------------------------------~
	   Step    Total Energy     Delta E     Max Force     RMS Force      Max Disp      RMS Disp   ~
	----------------------------------------------------------------------------------------------~
	  Convergence Criteria     1.00e-06 *    3.00e-04 *             o    1.20e-03 *             o~
	----------------------------------------------------------------------------------------------~
	     1    -274.88549626   -2.75e+02      1.18e+00      1.18e+00 o    2.63e-01      2.63e-01 o  ~
	----------------------------------------------------------------------------------------------


2025-12-23:11:08:45,827 INFO     [psi4.optking.stepAlgorithms:296] 	Convergence check returned False
2025-12-23:11:08:45,838 INFO     [psi4.driver.task_planner:259] PLANNING Atomic:  keywords={'DAMPING_PERCENTAGE': 1.0, 'GEOM_MAXITER': 500, 'SCF__GUESS': 'READ', 'GUESS': 'SAP', 'MAXITER': 500, 'REFERENCE': 'UKS', 'function_kwargs': {}}
2025-12-23:11:08:45,839 INFO     [psi4.driver.driver:638] Compute gradient(): method=b3lyp, basis=cc-pvdz, molecule=default, nre=37.937288417536706
2025-12-23:11:08:46,590 INFO     [psi4.driver.driver:641] Return gradient(): -275.1157528850887
2025-12-23:11:08:46,590 INFO     [psi4.driver.driver:642] [[-0.00000000 -0.00000000 -0.61714690]
 [ 0.00000000  0.00000000  0.61704832]]
2025-12-23:11:08:46,592 INFO     [psi4.optking.history:269] 	Performing BFGS update.
2025-12-23:11:08:46,592 INFO     [psi4.optking.history:280] 	Using 1 previous steps for update.
2025-12-23:11:08:46,592 INFO     [psi4.optking.history:317] 	Steps to be used in Hessian update:  1

2025-12-23:11:08:46,592 INFO     [psi4.optking.history:418] 	Updated Hessian (in au) 
 	   2.144558

2025-12-23:11:08:46,593 INFO     [psi4.optking.molsys:944] Projected (PHP) Hessian matrix
	   2.144558

2025-12-23:11:08:46,593 INFO     [psi4.optking.opt_helper:182] 
	         Geometry (au)                                       Gradient (au)
   0.0000000000   0.0000000000   1.5181095395		  -0.0000000000  -0.0000000000  -0.6171469020
   0.0000000000   0.0000000000  -1.0123823329		   0.0000000000   0.0000000000   0.6170483242

2025-12-23:11:08:46,593 INFO     [psi4.optking.stepAlgorithms:368] 	Current Step Report 
 
	Current energy:      -275.1157528851
	Energy change for the previous step:
		Actual       :        -0.2302566264
		Projected    :        -0.1551602262

2025-12-23:11:08:46,593 INFO     [psi4.optking.stepAlgorithms:371] 	Energy ratio =    1.48399
2025-12-23:11:08:46,593 INFO     [psi4.optking.stepAlgorithms:399] 	Energy ratio indicates good step.
2025-12-23:11:08:46,593 INFO     [psi4.optking.stepAlgorithms:400] 	Intrafrag trust radius increased to      1.
2025-12-23:11:08:46,593 INFO     [psi4.optking.stepAlgorithms:929] 	Using RFO solution 1.
2025-12-23:11:08:46,593 INFO     [psi4.optking.displace:100] 	Determining Cartesian step for fragment 1.
2025-12-23:11:08:46,593 INFO     [psi4.optking.displace:415] 	Successfully converged to displaced geometry.
2025-12-23:11:08:46,593 INFO     [psi4.optking.displace:416] 	RMS(dx):  0.000e+00 	Max(dx):  0.000e+00 	RMS(dq):  0.000e+00
2025-12-23:11:08:46,593 INFO     [psi4.optking.displace:172] 

	        --- Internal Coordinate Step in ANG or DEG, aJ/ANG or AJ/DEG ---
	-------------------------------------------------------------------------------
	           Coordinate      Previous         Force          Change          New 
	           ----------      --------        ------          ------        ------
	               R(1,2)       1.33908        5.08410        0.14140       1.48048
	-------------------------------------------------------------------------------

2025-12-23:11:08:46,594 INFO     [psi4.optking.stepAlgorithms:113] 	|target step| :    0.2672054729
2025-12-23:11:08:46,594 INFO     [psi4.optking.stepAlgorithms:114] 	gradient     :   -0.6170976131
2025-12-23:11:08:46,594 INFO     [psi4.optking.stepAlgorithms:115] 	hessian      :    2.1445578923
2025-12-23:11:08:46,594 INFO     [psi4.optking.stepAlgorithms:113] 	|target step| :    0.2672054729
2025-12-23:11:08:46,594 INFO     [psi4.optking.stepAlgorithms:114] 	gradient     :   -0.6170976131
2025-12-23:11:08:46,594 INFO     [psi4.optking.stepAlgorithms:115] 	hessian      :    2.1445578923
2025-12-23:11:08:46,594 INFO     [psi4.optking.stepAlgorithms:206] 	Norm of achieved step-size    0.2672054729
2025-12-23:11:08:46,594 INFO     [psi4.optking.stepAlgorithms:208] 	Norm of achieved step-size (cart):    0.1889428019
2025-12-23:11:08:46,594 INFO     [psi4.optking.opt_helper:164] Molsys:

	                            ===> Fragment 1 <== 

	 Z (Atomic Numbers)          Masses                          Geom                  
	       8.000000            15.994915          0.00000000  0.00000000  1.65171228   
	      12.000000            23.985042          0.00000000  0.00000000 -1.14598507   

	 - Coordinate -           - BOHR/RAD -       - ANG/DEG -
	 R(1,2)           =         2.797697           1.480478

2025-12-23:11:08:46,594 INFO     [psi4.optking.convcheck:76] Performing convergence check.
2025-12-23:11:08:46,594 INFO     [psi4.optking.convcheck:282] 
	                                 ==> Convergence Check <==                                  
    
	Measures of convergence in internal coordinates in au.
    
	Criteria marked as inactive (o), active & met (*), and active & unmet ( ).

	----------------------------------------------------------------------------------------------
	   Step    Total Energy     Delta E     Max Force     RMS Force      Max Disp      RMS Disp   
	----------------------------------------------------------------------------------------------
	  Convergence Criteria     1.00e-06 *    3.00e-04 *             o    1.20e-03 *             o
	----------------------------------------------------------------------------------------------
	     2    -275.11575289   -2.30e-01      6.17e-01      6.17e-01 o    2.67e-01      2.67e-01 o  ~
	----------------------------------------------------------------------------------------------


2025-12-23:11:08:46,594 INFO     [psi4.optking.stepAlgorithms:296] 	Convergence check returned False
2025-12-23:11:08:46,605 INFO     [psi4.driver.task_planner:259] PLANNING Atomic:  keywords={'DAMPING_PERCENTAGE': 1.0, 'GEOM_MAXITER': 500, 'SCF__GUESS': 'READ', 'GUESS': 'SAP', 'MAXITER': 500, 'REFERENCE': 'UKS', 'function_kwargs': {}}
2025-12-23:11:08:46,607 INFO     [psi4.driver.driver:638] Compute gradient(): method=b3lyp, basis=cc-pvdz, molecule=default, nre=34.31393326456022
2025-12-23:11:08:47,299 INFO     [psi4.driver.driver:641] Return gradient(): -275.23149507049453
2025-12-23:11:08:47,299 INFO     [psi4.driver.driver:642] [[-0.00000000  0.00000000 -0.28238332]
 [ 0.00000000 -0.00000000  0.28231802]]
2025-12-23:11:08:47,300 INFO     [psi4.optking.history:269] 	Performing BFGS update.
2025-12-23:11:08:47,300 INFO     [psi4.optking.history:280] 	Using 2 previous steps for update.
2025-12-23:11:08:47,300 WARNING  [psi4.optking.history:301] 	Change in internal coordinate of 5.30e-01 exceeds limit of 5.00e-01.
2025-12-23:11:08:47,300 WARNING  [psi4.optking.history:306] 	Skipping Hessian update for step 1.
2025-12-23:11:08:47,300 INFO     [psi4.optking.history:317] 	Steps to be used in Hessian update:  2

2025-12-23:11:08:47,300 INFO     [psi4.optking.history:418] 	Updated Hessian (in au) 
 	   1.252770

2025-12-23:11:08:47,301 INFO     [psi4.optking.molsys:944] Projected (PHP) Hessian matrix
	   1.252770

2025-12-23:11:08:47,301 INFO     [psi4.optking.opt_helper:182] 
	         Geometry (au)                                       Gradient (au)
   0.0000000000   0.0000000000   1.6784132266		  -0.0000000000   0.0000000000  -0.2823833176
   0.0000000000   0.0000000000  -1.1192841186		   0.0000000000  -0.0000000000   0.2823180184

2025-12-23:11:08:47,301 INFO     [psi4.optking.stepAlgorithms:368] 	Current Step Report 
 
	Current energy:      -275.2314950705
	Energy change for the previous step:
		Actual       :        -0.1157421854
		Projected    :        -0.0824459298

2025-12-23:11:08:47,301 INFO     [psi4.optking.stepAlgorithms:371] 	Energy ratio =    1.40386
2025-12-23:11:08:47,301 INFO     [psi4.optking.stepAlgorithms:929] 	Using RFO solution 1.
2025-12-23:11:08:47,301 INFO     [psi4.optking.displace:100] 	Determining Cartesian step for fragment 1.
2025-12-23:11:08:47,301 INFO     [psi4.optking.displace:415] 	Successfully converged to displaced geometry.
2025-12-23:11:08:47,301 INFO     [psi4.optking.displace:416] 	RMS(dx):  0.000e+00 	Max(dx):  0.000e+00 	RMS(dq):  0.000e+00
2025-12-23:11:08:47,301 INFO     [psi4.optking.displace:172] 

	        --- Internal Coordinate Step in ANG or DEG, aJ/ANG or AJ/DEG ---
	-------------------------------------------------------------------------------
	           Coordinate      Previous         Force          Change          New 
	           ----------      --------        ------          ------        ------
	               R(1,2)       1.48048        2.32621        0.11376       1.59423
	-------------------------------------------------------------------------------

2025-12-23:11:08:47,301 INFO     [psi4.optking.stepAlgorithms:113] 	|target step| :    0.2149661635
2025-12-23:11:08:47,301 INFO     [psi4.optking.stepAlgorithms:114] 	gradient     :   -0.2823506680
2025-12-23:11:08:47,301 INFO     [psi4.optking.stepAlgorithms:115] 	hessian      :    1.2527697933
2025-12-23:11:08:47,301 INFO     [psi4.optking.stepAlgorithms:113] 	|target step| :    0.2149661635
2025-12-23:11:08:47,301 INFO     [psi4.optking.stepAlgorithms:114] 	gradient     :   -0.2823506680
2025-12-23:11:08:47,301 INFO     [psi4.optking.stepAlgorithms:115] 	hessian      :    1.2527697933
2025-12-23:11:08:47,301 INFO     [psi4.optking.stepAlgorithms:206] 	Norm of achieved step-size    0.2149661635
2025-12-23:11:08:47,301 INFO     [psi4.optking.stepAlgorithms:208] 	Norm of achieved step-size (cart):    0.1520040319
2025-12-23:11:08:47,301 INFO     [psi4.optking.opt_helper:164] Molsys:

	                            ===> Fragment 1 <== 

	 Z (Atomic Numbers)          Masses                          Geom                  
	       8.000000            15.994915          0.00000000  0.00000000  1.78589631   
	      12.000000            23.985042          0.00000000  0.00000000 -1.22676720   

	 - Coordinate -           - BOHR/RAD -       - ANG/DEG -
	 R(1,2)           =         3.012664           1.594233

2025-12-23:11:08:47,302 INFO     [psi4.optking.convcheck:76] Performing convergence check.
2025-12-23:11:08:47,302 INFO     [psi4.optking.convcheck:282] 
	                                 ==> Convergence Check <==                                  
    
	Measures of convergence in internal coordinates in au.
    
	Criteria marked as inactive (o), active & met (*), and active & unmet ( ).

	----------------------------------------------------------------------------------------------
	   Step    Total Energy     Delta E     Max Force     RMS Force      Max Disp      RMS Disp   
	----------------------------------------------------------------------------------------------
	  Convergence Criteria     1.00e-06 *    3.00e-04 *             o    1.20e-03 *             o
	----------------------------------------------------------------------------------------------
	     3    -275.23149507   -1.16e-01      2.82e-01      2.82e-01 o    2.15e-01      2.15e-01 o  ~
	----------------------------------------------------------------------------------------------


2025-12-23:11:08:47,302 INFO     [psi4.optking.stepAlgorithms:296] 	Convergence check returned False
2025-12-23:11:08:47,312 INFO     [psi4.driver.task_planner:259] PLANNING Atomic:  keywords={'DAMPING_PERCENTAGE': 1.0, 'GEOM_MAXITER': 500, 'SCF__GUESS': 'READ', 'GUESS': 'SAP', 'MAXITER': 500, 'REFERENCE': 'UKS', 'function_kwargs': {}}
2025-12-23:11:08:47,313 INFO     [psi4.driver.driver:638] Compute gradient(): method=b3lyp, basis=cc-pvdz, molecule=default, nre=31.865490361453315
2025-12-23:11:08:48,48 INFO     [psi4.driver.driver:641] Return gradient(): -275.2744407784253
2025-12-23:11:08:48,49 INFO     [psi4.driver.driver:642] [[ 0.00000000  0.00000000 -0.13072861]
 [ 0.00000000  0.00000000  0.13064622]]
2025-12-23:11:08:48,50 INFO     [psi4.optking.history:269] 	Performing BFGS update.
2025-12-23:11:08:48,50 INFO     [psi4.optking.history:280] 	Using 3 previous steps for update.
2025-12-23:11:08:48,50 WARNING  [psi4.optking.history:301] 	Change in internal coordinate of 7.45e-01 exceeds limit of 5.00e-01.
2025-12-23:11:08:48,50 WARNING  [psi4.optking.history:306] 	Skipping Hessian update for step 1.
2025-12-23:11:08:48,50 INFO     [psi4.optking.history:317] 	Steps to be used in Hessian update:  3 2

2025-12-23:11:08:48,50 INFO     [psi4.optking.history:418] 	Updated Hessian (in au) 
 	   1.008791

2025-12-23:11:08:48,51 INFO     [psi4.optking.molsys:944] Projected (PHP) Hessian matrix
	   1.008791

2025-12-23:11:08:48,51 INFO     [psi4.optking.opt_helper:182] 
	         Geometry (au)                                       Gradient (au)
   0.0000000000   0.0000000000   1.8073771593		   0.0000000000   0.0000000000  -0.1307286112
   0.0000000000   0.0000000000  -1.2052863494		   0.0000000000   0.0000000000   0.1306462243

2025-12-23:11:08:48,51 INFO     [psi4.optking.stepAlgorithms:368] 	Current Step Report 
 
	Current energy:      -275.2744407784
	Energy change for the previous step:
		Actual       :        -0.0429457079
		Projected    :        -0.0303479199

2025-12-23:11:08:48,51 INFO     [psi4.optking.stepAlgorithms:371] 	Energy ratio =    1.41511
2025-12-23:11:08:48,51 INFO     [psi4.optking.stepAlgorithms:929] 	Using RFO solution 1.
2025-12-23:11:08:48,51 INFO     [psi4.optking.displace:100] 	Determining Cartesian step for fragment 1.
2025-12-23:11:08:48,51 INFO     [psi4.optking.displace:415] 	Successfully converged to displaced geometry.
2025-12-23:11:08:48,51 INFO     [psi4.optking.displace:416] 	RMS(dx):  0.000e+00 	Max(dx):  0.000e+00 	RMS(dq):  0.000e+00
2025-12-23:11:08:48,51 INFO     [psi4.optking.displace:172] 

	        --- Internal Coordinate Step in ANG or DEG, aJ/ANG or AJ/DEG ---
	-------------------------------------------------------------------------------
	           Coordinate      Previous         Force          Change          New 
	           ----------      --------        ------          ------        ------
	               R(1,2)       1.59423        1.07670        0.06744       1.66167
	-------------------------------------------------------------------------------

2025-12-23:11:08:48,51 INFO     [psi4.optking.stepAlgorithms:113] 	|target step| :    0.1274444722
2025-12-23:11:08:48,51 INFO     [psi4.optking.stepAlgorithms:114] 	gradient     :   -0.1306874178
2025-12-23:11:08:48,51 INFO     [psi4.optking.stepAlgorithms:115] 	hessian      :    1.0087905605
2025-12-23:11:08:48,51 INFO     [psi4.optking.stepAlgorithms:113] 	|target step| :    0.1274444722
2025-12-23:11:08:48,51 INFO     [psi4.optking.stepAlgorithms:114] 	gradient     :   -0.1306874178
2025-12-23:11:08:48,51 INFO     [psi4.optking.stepAlgorithms:115] 	hessian      :    1.0087905605
2025-12-23:11:08:48,51 INFO     [psi4.optking.stepAlgorithms:206] 	Norm of achieved step-size    0.1274444722
2025-12-23:11:08:48,51 INFO     [psi4.optking.stepAlgorithms:208] 	Norm of achieved step-size (cart):    0.0901168505
2025-12-23:11:08:48,51 INFO     [psi4.optking.opt_helper:164] Molsys:

	                            ===> Fragment 1 <== 

	 Z (Atomic Numbers)          Masses                          Geom                  
	       8.000000            15.994915          0.00000000  0.00000000  1.87109940   
	      12.000000            23.985042          0.00000000  0.00000000 -1.26900859   

	 - Coordinate -           - BOHR/RAD -       - ANG/DEG -
	 R(1,2)           =         3.140108           1.661674

2025-12-23:11:08:48,52 INFO     [psi4.optking.convcheck:76] Performing convergence check.
2025-12-23:11:08:48,52 INFO     [psi4.optking.convcheck:282] 
	                                 ==> Convergence Check <==                                  
    
	Measures of convergence in internal coordinates in au.
    
	Criteria marked as inactive (o), active & met (*), and active & unmet ( ).

	----------------------------------------------------------------------------------------------
	   Step    Total Energy     Delta E     Max Force     RMS Force      Max Disp      RMS Disp   
	----------------------------------------------------------------------------------------------
	  Convergence Criteria     1.00e-06 *    3.00e-04 *             o    1.20e-03 *             o
	----------------------------------------------------------------------------------------------
	     4    -275.27444078   -4.29e-02      1.31e-01      1.31e-01 o    1.27e-01      1.27e-01 o  ~
	----------------------------------------------------------------------------------------------


2025-12-23:11:08:48,52 INFO     [psi4.optking.stepAlgorithms:296] 	Convergence check returned False
2025-12-23:11:08:48,62 INFO     [psi4.driver.task_planner:259] PLANNING Atomic:  keywords={'DAMPING_PERCENTAGE': 1.0, 'GEOM_MAXITER': 500, 'SCF__GUESS': 'READ', 'GUESS': 'SAP', 'MAXITER': 500, 'REFERENCE': 'UKS', 'function_kwargs': {}}
2025-12-23:11:08:48,64 INFO     [psi4.driver.driver:638] Compute gradient(): method=b3lyp, basis=cc-pvdz, molecule=default, nre=30.572197065848243
2025-12-23:11:08:48,784 INFO     [psi4.driver.driver:641] Return gradient(): -275.2871953058869
2025-12-23:11:08:48,784 INFO     [psi4.driver.driver:642] [[-0.00000000  0.00000000 -0.07272478]
 [ 0.00000000 -0.00000000  0.07270696]]
2025-12-23:11:08:48,786 INFO     [psi4.optking.history:269] 	Performing BFGS update.
2025-12-23:11:08:48,786 INFO     [psi4.optking.history:280] 	Using 4 previous steps for update.
2025-12-23:11:08:48,786 WARNING  [psi4.optking.history:301] 	Change in internal coordinate of 6.10e-01 exceeds limit of 5.00e-01.
2025-12-23:11:08:48,786 WARNING  [psi4.optking.history:306] 	Skipping Hessian update for step 2.
2025-12-23:11:08:48,786 WARNING  [psi4.optking.history:301] 	Change in internal coordinate of 8.72e-01 exceeds limit of 5.00e-01.
2025-12-23:11:08:48,786 WARNING  [psi4.optking.history:306] 	Skipping Hessian update for step 1.
2025-12-23:11:08:48,786 INFO     [psi4.optking.history:317] 	Steps to be used in Hessian update:  4 3

2025-12-23:11:08:48,786 INFO     [psi4.optking.history:418] 	Updated Hessian (in au) 
 	   0.612232

2025-12-23:11:08:48,786 INFO     [psi4.optking.molsys:944] Projected (PHP) Hessian matrix
	   0.612232

2025-12-23:11:08:48,786 INFO     [psi4.optking.opt_helper:182] 
	         Geometry (au)                                       Gradient (au)
   0.0000000000   0.0000000000   1.8838344959		  -0.0000000000   0.0000000000  -0.0727247790
   0.0000000000   0.0000000000  -1.2562734850		   0.0000000000  -0.0000000000   0.0727069560

2025-12-23:11:08:48,786 INFO     [psi4.optking.stepAlgorithms:368] 	Current Step Report 
 
	Current energy:      -275.2871953059
	Energy change for the previous step:
		Actual       :        -0.0127545275
		Projected    :        -0.0083276945

2025-12-23:11:08:48,786 INFO     [psi4.optking.stepAlgorithms:371] 	Energy ratio =    1.53158
2025-12-23:11:08:48,787 INFO     [psi4.optking.stepAlgorithms:929] 	Using RFO solution 1.
2025-12-23:11:08:48,787 INFO     [psi4.optking.displace:100] 	Determining Cartesian step for fragment 1.
2025-12-23:11:08:48,787 INFO     [psi4.optking.displace:415] 	Successfully converged to displaced geometry.
2025-12-23:11:08:48,787 INFO     [psi4.optking.displace:416] 	RMS(dx):  0.000e+00 	Max(dx):  0.000e+00 	RMS(dq):  0.000e+00
2025-12-23:11:08:48,787 INFO     [psi4.optking.displace:172] 

	        --- Internal Coordinate Step in ANG or DEG, aJ/ANG or AJ/DEG ---
	-------------------------------------------------------------------------------
	           Coordinate      Previous         Force          Change          New 
	           ----------      --------        ------          ------        ------
	               R(1,2)       1.66167        0.59909        0.06199       1.72366
	-------------------------------------------------------------------------------

2025-12-23:11:08:48,787 INFO     [psi4.optking.stepAlgorithms:113] 	|target step| :    0.1171419103
2025-12-23:11:08:48,787 INFO     [psi4.optking.stepAlgorithms:114] 	gradient     :   -0.0727158675
2025-12-23:11:08:48,787 INFO     [psi4.optking.stepAlgorithms:115] 	hessian      :    0.6122321525
2025-12-23:11:08:48,787 INFO     [psi4.optking.stepAlgorithms:113] 	|target step| :    0.1171419103
2025-12-23:11:08:48,787 INFO     [psi4.optking.stepAlgorithms:114] 	gradient     :   -0.0727158675
2025-12-23:11:08:48,787 INFO     [psi4.optking.stepAlgorithms:115] 	hessian      :    0.6122321525
2025-12-23:11:08:48,787 INFO     [psi4.optking.stepAlgorithms:206] 	Norm of achieved step-size    0.1171419103
2025-12-23:11:08:48,787 INFO     [psi4.optking.stepAlgorithms:208] 	Norm of achieved step-size (cart):    0.0828318391
2025-12-23:11:08:48,787 INFO     [psi4.optking.opt_helper:164] Molsys:

	                            ===> Fragment 1 <== 

	 Z (Atomic Numbers)          Masses                          Geom                  
	       8.000000            15.994915          0.00000000  0.00000000  1.94240545   
	      12.000000            23.985042          0.00000000  0.00000000 -1.31484444   

	 - Coordinate -           - BOHR/RAD -       - ANG/DEG -
	 R(1,2)           =         3.257250           1.723662

2025-12-23:11:08:48,787 INFO     [psi4.optking.convcheck:76] Performing convergence check.
2025-12-23:11:08:48,788 INFO     [psi4.optking.convcheck:282] 
	                                 ==> Convergence Check <==                                  
    
	Measures of convergence in internal coordinates in au.
    
	Criteria marked as inactive (o), active & met (*), and active & unmet ( ).

	----------------------------------------------------------------------------------------------
	   Step    Total Energy     Delta E     Max Force     RMS Force      Max Disp      RMS Disp   
	----------------------------------------------------------------------------------------------
	  Convergence Criteria     1.00e-06 *    3.00e-04 *             o    1.20e-03 *             o
	----------------------------------------------------------------------------------------------
	     5    -275.28719531   -1.28e-02      7.27e-02      7.27e-02 o    1.17e-01      1.17e-01 o  ~
	----------------------------------------------------------------------------------------------


2025-12-23:11:08:48,788 INFO     [psi4.optking.stepAlgorithms:296] 	Convergence check returned False
2025-12-23:11:08:48,798 INFO     [psi4.driver.task_planner:259] PLANNING Atomic:  keywords={'DAMPING_PERCENTAGE': 1.0, 'GEOM_MAXITER': 500, 'SCF__GUESS': 'READ', 'GUESS': 'SAP', 'MAXITER': 500, 'REFERENCE': 'UKS', 'function_kwargs': {}}
2025-12-23:11:08:48,799 INFO     [psi4.driver.driver:638] Compute gradient(): method=b3lyp, basis=cc-pvdz, molecule=default, nre=29.4727156980686
2025-12-23:11:08:49,458 INFO     [psi4.driver.driver:641] Return gradient(): -275.2933171385177
2025-12-23:11:08:49,458 INFO     [psi4.driver.driver:642] [[ 0.00000000  0.00000000 -0.03399658]
 [ 0.00000000  0.00000000  0.03390876]]
2025-12-23:11:08:49,460 INFO     [psi4.optking.history:269] 	Performing BFGS update.
2025-12-23:11:08:49,460 INFO     [psi4.optking.history:280] 	Using 4 previous steps for update.
2025-12-23:11:08:49,460 WARNING  [psi4.optking.history:301] 	Change in internal coordinate of 7.27e-01 exceeds limit of 5.00e-01.
2025-12-23:11:08:49,460 WARNING  [psi4.optking.history:306] 	Skipping Hessian update for step 2.
2025-12-23:11:08:49,460 WARNING  [psi4.optking.history:301] 	Change in internal coordinate of 9.90e-01 exceeds limit of 5.00e-01.
2025-12-23:11:08:49,460 WARNING  [psi4.optking.history:306] 	Skipping Hessian update for step 1.
2025-12-23:11:08:49,460 INFO     [psi4.optking.history:317] 	Steps to be used in Hessian update:  5 4 3

2025-12-23:11:08:49,460 INFO     [psi4.optking.history:418] 	Updated Hessian (in au) 
 	   0.540521

2025-12-23:11:08:49,460 INFO     [psi4.optking.molsys:944] Projected (PHP) Hessian matrix
	   0.540521

2025-12-23:11:08:49,460 INFO     [psi4.optking.opt_helper:182] 
	         Geometry (au)                                       Gradient (au)
   0.0000000000   0.0000000000   1.9541110510		   0.0000000000   0.0000000000  -0.0339965767
   0.0000000000   0.0000000000  -1.3031388402		   0.0000000000   0.0000000000   0.0339087607

2025-12-23:11:08:49,460 INFO     [psi4.optking.stepAlgorithms:368] 	Current Step Report 
 
	Current energy:      -275.2933171385
	Energy change for the previous step:
		Actual       :        -0.0061218326
		Projected    :        -0.0042590378

2025-12-23:11:08:49,460 INFO     [psi4.optking.stepAlgorithms:371] 	Energy ratio =    1.43737
2025-12-23:11:08:49,461 INFO     [psi4.optking.stepAlgorithms:929] 	Using RFO solution 1.
2025-12-23:11:08:49,461 INFO     [psi4.optking.displace:100] 	Determining Cartesian step for fragment 1.
2025-12-23:11:08:49,461 INFO     [psi4.optking.displace:415] 	Successfully converged to displaced geometry.
2025-12-23:11:08:49,461 INFO     [psi4.optking.displace:416] 	RMS(dx):  0.000e+00 	Max(dx):  0.000e+00 	RMS(dq):  0.000e+00
2025-12-23:11:08:49,461 INFO     [psi4.optking.displace:172] 

	        --- Internal Coordinate Step in ANG or DEG, aJ/ANG or AJ/DEG ---
	-------------------------------------------------------------------------------
	           Coordinate      Previous         Force          Change          New 
	           ----------      --------        ------          ------        ------
	               R(1,2)       1.72366        0.27973        0.03311       1.75677
	-------------------------------------------------------------------------------

2025-12-23:11:08:49,461 INFO     [psi4.optking.stepAlgorithms:113] 	|target step| :    0.0625687480
2025-12-23:11:08:49,461 INFO     [psi4.optking.stepAlgorithms:114] 	gradient     :   -0.0339526687
2025-12-23:11:08:49,461 INFO     [psi4.optking.stepAlgorithms:115] 	hessian      :    0.5405214301
2025-12-23:11:08:49,461 INFO     [psi4.optking.stepAlgorithms:113] 	|target step| :    0.0625687480
2025-12-23:11:08:49,461 INFO     [psi4.optking.stepAlgorithms:114] 	gradient     :   -0.0339526687
2025-12-23:11:08:49,461 INFO     [psi4.optking.stepAlgorithms:115] 	hessian      :    0.5405214301
2025-12-23:11:08:49,461 INFO     [psi4.optking.stepAlgorithms:206] 	Norm of achieved step-size    0.0625687480
2025-12-23:11:08:49,461 INFO     [psi4.optking.stepAlgorithms:208] 	Norm of achieved step-size (cart):    0.0442427860
2025-12-23:11:08:49,461 INFO     [psi4.optking.opt_helper:164] Molsys:

	                            ===> Fragment 1 <== 

	 Z (Atomic Numbers)          Masses                          Geom                  
	       8.000000            15.994915          0.00000000  0.00000000  1.98539543   
	      12.000000            23.985042          0.00000000  0.00000000 -1.33442321   

	 - Coordinate -           - BOHR/RAD -       - ANG/DEG -
	 R(1,2)           =         3.319819           1.756772

2025-12-23:11:08:49,461 INFO     [psi4.optking.convcheck:76] Performing convergence check.
2025-12-23:11:08:49,462 INFO     [psi4.optking.convcheck:282] 
	                                 ==> Convergence Check <==                                  
    
	Measures of convergence in internal coordinates in au.
    
	Criteria marked as inactive (o), active & met (*), and active & unmet ( ).

	----------------------------------------------------------------------------------------------
	   Step    Total Energy     Delta E     Max Force     RMS Force      Max Disp      RMS Disp   
	----------------------------------------------------------------------------------------------
	  Convergence Criteria     1.00e-06 *    3.00e-04 *             o    1.20e-03 *             o
	----------------------------------------------------------------------------------------------
	     6    -275.29331714   -6.12e-03      3.40e-02      3.40e-02 o    6.26e-02      6.26e-02 o  ~
	----------------------------------------------------------------------------------------------


2025-12-23:11:08:49,462 INFO     [psi4.optking.stepAlgorithms:296] 	Convergence check returned False
2025-12-23:11:08:49,473 INFO     [psi4.driver.task_planner:259] PLANNING Atomic:  keywords={'DAMPING_PERCENTAGE': 1.0, 'GEOM_MAXITER': 500, 'SCF__GUESS': 'READ', 'GUESS': 'SAP', 'MAXITER': 500, 'REFERENCE': 'UKS', 'function_kwargs': {}}
2025-12-23:11:08:49,474 INFO     [psi4.driver.driver:638] Compute gradient(): method=b3lyp, basis=cc-pvdz, molecule=default, nre=28.917242305555945
2025-12-23:11:08:50,248 INFO     [psi4.driver.driver:641] Return gradient(): -275.29491593723463
2025-12-23:11:08:50,248 INFO     [psi4.driver.driver:642] [[ 0.00000000 -0.00000000 -0.01776365]
 [ 0.00000000 -0.00000000  0.01767688]]
2025-12-23:11:08:50,250 INFO     [psi4.optking.history:269] 	Performing BFGS update.
2025-12-23:11:08:50,250 INFO     [psi4.optking.history:280] 	Using 4 previous steps for update.
2025-12-23:11:08:50,250 WARNING  [psi4.optking.history:301] 	Change in internal coordinate of 5.22e-01 exceeds limit of 5.00e-01.
2025-12-23:11:08:50,250 WARNING  [psi4.optking.history:306] 	Skipping Hessian update for step 3.
2025-12-23:11:08:50,250 WARNING  [psi4.optking.history:301] 	Change in internal coordinate of 7.89e-01 exceeds limit of 5.00e-01.
2025-12-23:11:08:50,250 WARNING  [psi4.optking.history:306] 	Skipping Hessian update for step 2.
2025-12-23:11:08:50,250 WARNING  [psi4.optking.history:301] 	Change in internal coordinate of 1.05e+00 exceeds limit of 5.00e-01.
2025-12-23:11:08:50,250 WARNING  [psi4.optking.history:306] 	Skipping Hessian update for step 1.
2025-12-23:11:08:50,250 INFO     [psi4.optking.history:317] 	Steps to be used in Hessian update:  6 5 4

2025-12-23:11:08:50,251 INFO     [psi4.optking.history:418] 	Updated Hessian (in au) 
 	   0.367785

2025-12-23:11:08:50,251 INFO     [psi4.optking.molsys:944] Projected (PHP) Hessian matrix
	   0.367785

2025-12-23:11:08:50,251 INFO     [psi4.optking.opt_helper:182] 
	         Geometry (au)                                       Gradient (au)
   0.0000000000   0.0000000000   1.9916477111		   0.0000000000  -0.0000000000  -0.0177636483
   0.0000000000   0.0000000000  -1.3281709281		   0.0000000000  -0.0000000000   0.0176768802

2025-12-23:11:08:50,251 INFO     [psi4.optking.stepAlgorithms:368] 	Current Step Report 
 
	Current energy:      -275.2949159372
	Energy change for the previous step:
		Actual       :        -0.0015987987
		Projected    :        -0.0010621880

2025-12-23:11:08:50,251 INFO     [psi4.optking.stepAlgorithms:371] 	Energy ratio =    1.50519
2025-12-23:11:08:50,251 INFO     [psi4.optking.stepAlgorithms:929] 	Using RFO solution 1.
2025-12-23:11:08:50,251 INFO     [psi4.optking.displace:100] 	Determining Cartesian step for fragment 1.
2025-12-23:11:08:50,251 INFO     [psi4.optking.displace:415] 	Successfully converged to displaced geometry.
2025-12-23:11:08:50,251 INFO     [psi4.optking.displace:416] 	RMS(dx):  0.000e+00 	Max(dx):  0.000e+00 	RMS(dq):  0.000e+00
2025-12-23:11:08:50,251 INFO     [psi4.optking.displace:172] 

	        --- Internal Coordinate Step in ANG or DEG, aJ/ANG or AJ/DEG ---
	-------------------------------------------------------------------------------
	           Coordinate      Previous         Force          Change          New 
	           ----------      --------        ------          ------        ------
	               R(1,2)       1.75677        0.14599        0.02544       1.78221
	-------------------------------------------------------------------------------

2025-12-23:11:08:50,251 INFO     [psi4.optking.stepAlgorithms:113] 	|target step| :    0.0480696654
2025-12-23:11:08:50,251 INFO     [psi4.optking.stepAlgorithms:114] 	gradient     :   -0.0177202642
2025-12-23:11:08:50,251 INFO     [psi4.optking.stepAlgorithms:115] 	hessian      :    0.3677853382
2025-12-23:11:08:50,251 INFO     [psi4.optking.stepAlgorithms:113] 	|target step| :    0.0480696654
2025-12-23:11:08:50,251 INFO     [psi4.optking.stepAlgorithms:114] 	gradient     :   -0.0177202642
2025-12-23:11:08:50,251 INFO     [psi4.optking.stepAlgorithms:115] 	hessian      :    0.3677853382
2025-12-23:11:08:50,251 INFO     [psi4.optking.stepAlgorithms:206] 	Norm of achieved step-size    0.0480696654
2025-12-23:11:08:50,251 INFO     [psi4.optking.stepAlgorithms:208] 	Norm of achieved step-size (cart):    0.0339903863
2025-12-23:11:08:50,252 INFO     [psi4.optking.opt_helper:164] Molsys:

	                            ===> Fragment 1 <== 

	 Z (Atomic Numbers)          Masses                          Geom                  
	       8.000000            15.994915          0.00000000  0.00000000  2.01568254   
	      12.000000            23.985042          0.00000000  0.00000000 -1.35220576   

	 - Coordinate -           - BOHR/RAD -       - ANG/DEG -
	 R(1,2)           =         3.367888           1.782210

2025-12-23:11:08:50,252 INFO     [psi4.optking.convcheck:76] Performing convergence check.
2025-12-23:11:08:50,252 INFO     [psi4.optking.convcheck:282] 
	                                 ==> Convergence Check <==                                  
    
	Measures of convergence in internal coordinates in au.
    
	Criteria marked as inactive (o), active & met (*), and active & unmet ( ).

	----------------------------------------------------------------------------------------------
	   Step    Total Energy     Delta E     Max Force     RMS Force      Max Disp      RMS Disp   
	----------------------------------------------------------------------------------------------
	  Convergence Criteria     1.00e-06 *    3.00e-04 *             o    1.20e-03 *             o
	----------------------------------------------------------------------------------------------
	     7    -275.29491594   -1.60e-03      1.77e-02      1.77e-02 o    4.81e-02      4.81e-02 o  ~
	----------------------------------------------------------------------------------------------


2025-12-23:11:08:50,252 INFO     [psi4.optking.stepAlgorithms:296] 	Convergence check returned False
2025-12-23:11:08:50,263 INFO     [psi4.driver.task_planner:259] PLANNING Atomic:  keywords={'DAMPING_PERCENTAGE': 1.0, 'GEOM_MAXITER': 500, 'SCF__GUESS': 'READ', 'GUESS': 'SAP', 'MAXITER': 500, 'REFERENCE': 'UKS', 'function_kwargs': {}}
2025-12-23:11:08:50,264 INFO     [psi4.driver.driver:638] Compute gradient(): method=b3lyp, basis=cc-pvdz, molecule=default, nre=28.50450826120894
2025-12-23:11:08:51,57 INFO     [psi4.driver.driver:641] Return gradient(): -275.2955031197356
2025-12-23:11:08:51,57 INFO     [psi4.driver.driver:642] [[ 0.00000000  0.00000000 -0.00707907]
 [-0.00000000  0.00000000  0.00700467]]
2025-12-23:11:08:51,59 INFO     [psi4.optking.history:269] 	Performing BFGS update.
2025-12-23:11:08:51,59 INFO     [psi4.optking.history:280] 	Using 4 previous steps for update.
2025-12-23:11:08:51,59 INFO     [psi4.optking.history:317] 	Steps to be used in Hessian update:  7 6 5 4

2025-12-23:11:08:51,59 INFO     [psi4.optking.history:418] 	Updated Hessian (in au) 
 	   0.348077

2025-12-23:11:08:51,60 INFO     [psi4.optking.molsys:944] Projected (PHP) Hessian matrix
	   0.348077

2025-12-23:11:08:51,60 INFO     [psi4.optking.opt_helper:182] 
	         Geometry (au)                                       Gradient (au)
   0.0000000000   0.0000000000   2.0204859849		   0.0000000000   0.0000000000  -0.0070790704
   0.0000000000   0.0000000000  -1.3474023196		  -0.0000000000   0.0000000000   0.0070046726

2025-12-23:11:08:51,60 INFO     [psi4.optking.stepAlgorithms:368] 	Current Step Report 
 
	Current energy:      -275.2955031197
	Energy change for the previous step:
		Actual       :        -0.0005871825
		Projected    :        -0.0004259036

2025-12-23:11:08:51,60 INFO     [psi4.optking.stepAlgorithms:371] 	Energy ratio =    1.37867
2025-12-23:11:08:51,60 INFO     [psi4.optking.stepAlgorithms:929] 	Using RFO solution 1.
2025-12-23:11:08:51,60 INFO     [psi4.optking.displace:100] 	Determining Cartesian step for fragment 1.
2025-12-23:11:08:51,60 INFO     [psi4.optking.displace:415] 	Successfully converged to displaced geometry.
2025-12-23:11:08:51,60 INFO     [psi4.optking.displace:416] 	RMS(dx):  0.000e+00 	Max(dx):  0.000e+00 	RMS(dq):  0.000e+00
2025-12-23:11:08:51,60 INFO     [psi4.optking.displace:172] 

	        --- Internal Coordinate Step in ANG or DEG, aJ/ANG or AJ/DEG ---
	-------------------------------------------------------------------------------
	           Coordinate      Previous         Force          Change          New 
	           ----------      --------        ------          ------        ------
	               R(1,2)       1.78221        0.05802        0.01070       1.79291
	-------------------------------------------------------------------------------

2025-12-23:11:08:51,60 INFO     [psi4.optking.stepAlgorithms:113] 	|target step| :    0.0202225190
2025-12-23:11:08:51,60 INFO     [psi4.optking.stepAlgorithms:114] 	gradient     :   -0.0070418715
2025-12-23:11:08:51,60 INFO     [psi4.optking.stepAlgorithms:115] 	hessian      :    0.3480769014
2025-12-23:11:08:51,60 INFO     [psi4.optking.stepAlgorithms:113] 	|target step| :    0.0202225190
2025-12-23:11:08:51,60 INFO     [psi4.optking.stepAlgorithms:114] 	gradient     :   -0.0070418715
2025-12-23:11:08:51,60 INFO     [psi4.optking.stepAlgorithms:115] 	hessian      :    0.3480769014
2025-12-23:11:08:51,60 INFO     [psi4.optking.stepAlgorithms:206] 	Norm of achieved step-size    0.0202225190
2025-12-23:11:08:51,60 INFO     [psi4.optking.stepAlgorithms:208] 	Norm of achieved step-size (cart):    0.0142994803
2025-12-23:11:08:51,61 INFO     [psi4.optking.opt_helper:164] Molsys:

	                            ===> Fragment 1 <== 

	 Z (Atomic Numbers)          Masses                          Geom                  
	       8.000000            15.994915          0.00000000  0.00000000  2.03059724   
	      12.000000            23.985042          0.00000000  0.00000000 -1.35751358   

	 - Coordinate -           - BOHR/RAD -       - ANG/DEG -
	 R(1,2)           =         3.388111           1.792911

2025-12-23:11:08:51,61 INFO     [psi4.optking.convcheck:76] Performing convergence check.
2025-12-23:11:08:51,61 INFO     [psi4.optking.convcheck:282] 
	                                 ==> Convergence Check <==                                  
    
	Measures of convergence in internal coordinates in au.
    
	Criteria marked as inactive (o), active & met (*), and active & unmet ( ).

	----------------------------------------------------------------------------------------------
	   Step    Total Energy     Delta E     Max Force     RMS Force      Max Disp      RMS Disp   
	----------------------------------------------------------------------------------------------
	  Convergence Criteria     1.00e-06 *    3.00e-04 *             o    1.20e-03 *             o
	----------------------------------------------------------------------------------------------
	     8    -275.29550312   -5.87e-04      7.04e-03      7.04e-03 o    2.02e-02      2.02e-02 o  ~
	----------------------------------------------------------------------------------------------


2025-12-23:11:08:51,61 INFO     [psi4.optking.stepAlgorithms:296] 	Convergence check returned False
2025-12-23:11:08:51,71 INFO     [psi4.driver.task_planner:259] PLANNING Atomic:  keywords={'DAMPING_PERCENTAGE': 1.0, 'GEOM_MAXITER': 500, 'SCF__GUESS': 'READ', 'GUESS': 'SAP', 'MAXITER': 500, 'REFERENCE': 'UKS', 'function_kwargs': {}}
2025-12-23:11:08:51,73 INFO     [psi4.driver.driver:638] Compute gradient(): method=b3lyp, basis=cc-pvdz, molecule=default, nre=28.334374228190434
2025-12-23:11:08:51,765 INFO     [psi4.driver.driver:641] Return gradient(): -275.29560289776714
2025-12-23:11:08:51,765 INFO     [psi4.driver.driver:642] [[ 0.00000000 -0.00000000 -0.00300979]
 [ 0.00000000  0.00000000  0.00293963]]
2025-12-23:11:08:51,767 INFO     [psi4.optking.history:269] 	Performing BFGS update.
2025-12-23:11:08:51,767 INFO     [psi4.optking.history:280] 	Using 4 previous steps for update.
2025-12-23:11:08:51,767 INFO     [psi4.optking.history:317] 	Steps to be used in Hessian update:  8 7 6 5

2025-12-23:11:08:51,767 INFO     [psi4.optking.history:418] 	Updated Hessian (in au) 
 	   0.281211

2025-12-23:11:08:51,767 INFO     [psi4.optking.molsys:944] Projected (PHP) Hessian matrix
	   0.281211

2025-12-23:11:08:51,767 INFO     [psi4.optking.opt_helper:182] 
	         Geometry (au)                                       Gradient (au)
   0.0000000000   0.0000000000   2.0326180132		   0.0000000000  -0.0000000000  -0.0030097908
   0.0000000000   0.0000000000  -1.3554928103		   0.0000000000   0.0000000000   0.0029396337

2025-12-23:11:08:51,767 INFO     [psi4.optking.stepAlgorithms:368] 	Current Step Report 
 
	Current energy:      -275.2956028978
	Energy change for the previous step:
		Actual       :        -0.0000997780
		Projected    :        -0.0000712022

2025-12-23:11:08:51,767 INFO     [psi4.optking.stepAlgorithms:371] 	Energy ratio =    1.40133
2025-12-23:11:08:51,768 INFO     [psi4.optking.stepAlgorithms:929] 	Using RFO solution 1.
2025-12-23:11:08:51,768 INFO     [psi4.optking.displace:100] 	Determining Cartesian step for fragment 1.
2025-12-23:11:08:51,768 INFO     [psi4.optking.displace:415] 	Successfully converged to displaced geometry.
2025-12-23:11:08:51,768 INFO     [psi4.optking.displace:416] 	RMS(dx):  1.282e-16 	Max(dx):  2.220e-16 	RMS(dq):  0.000e+00
2025-12-23:11:08:51,768 INFO     [psi4.optking.displace:172] 

	        --- Internal Coordinate Step in ANG or DEG, aJ/ANG or AJ/DEG ---
	-------------------------------------------------------------------------------
	           Coordinate      Previous         Force          Change          New 
	           ----------      --------        ------          ------        ------
	               R(1,2)       1.79291        0.02451        0.00560       1.79851
	-------------------------------------------------------------------------------

2025-12-23:11:08:51,768 INFO     [psi4.optking.stepAlgorithms:113] 	|target step| :    0.0105770338
2025-12-23:11:08:51,768 INFO     [psi4.optking.stepAlgorithms:114] 	gradient     :   -0.0029747122
2025-12-23:11:08:51,768 INFO     [psi4.optking.stepAlgorithms:115] 	hessian      :    0.2812111125
2025-12-23:11:08:51,768 INFO     [psi4.optking.stepAlgorithms:113] 	|target step| :    0.0105770338
2025-12-23:11:08:51,768 INFO     [psi4.optking.stepAlgorithms:114] 	gradient     :   -0.0029747122
2025-12-23:11:08:51,768 INFO     [psi4.optking.stepAlgorithms:115] 	hessian      :    0.2812111125
2025-12-23:11:08:51,768 INFO     [psi4.optking.stepAlgorithms:206] 	Norm of achieved step-size    0.0105770338
2025-12-23:11:08:51,768 INFO     [psi4.optking.stepAlgorithms:208] 	Norm of achieved step-size (cart):    0.0074790923
2025-12-23:11:08:51,768 INFO     [psi4.optking.opt_helper:164] Molsys:

	                            ===> Fragment 1 <== 

	 Z (Atomic Numbers)          Masses                          Geom                  
	       8.000000            15.994915          0.00000000  0.00000000  2.03790653   
	      12.000000            23.985042          0.00000000  0.00000000 -1.36078133   

	 - Coordinate -           - BOHR/RAD -       - ANG/DEG -
	 R(1,2)           =         3.398688           1.798508

2025-12-23:11:08:51,768 INFO     [psi4.optking.convcheck:76] Performing convergence check.
2025-12-23:11:08:51,768 INFO     [psi4.optking.convcheck:282] 
	                                 ==> Convergence Check <==                                  
    
	Measures of convergence in internal coordinates in au.
    
	Criteria marked as inactive (o), active & met (*), and active & unmet ( ).

	----------------------------------------------------------------------------------------------
	   Step    Total Energy     Delta E     Max Force     RMS Force      Max Disp      RMS Disp   
	----------------------------------------------------------------------------------------------
	  Convergence Criteria     1.00e-06 *    3.00e-04 *             o    1.20e-03 *             o
	----------------------------------------------------------------------------------------------
	     9    -275.29560290   -9.98e-05      2.97e-03      2.97e-03 o    1.06e-02      1.06e-02 o  ~
	----------------------------------------------------------------------------------------------


2025-12-23:11:08:51,768 INFO     [psi4.optking.stepAlgorithms:296] 	Convergence check returned False
2025-12-23:11:08:51,779 INFO     [psi4.driver.task_planner:259] PLANNING Atomic:  keywords={'DAMPING_PERCENTAGE': 1.0, 'GEOM_MAXITER': 500, 'SCF__GUESS': 'READ', 'GUESS': 'SAP', 'MAXITER': 500, 'REFERENCE': 'UKS', 'function_kwargs': {}}
2025-12-23:11:08:51,780 INFO     [psi4.driver.driver:638] Compute gradient(): method=b3lyp, basis=cc-pvdz, molecule=default, nre=28.246195011000545
2025-12-23:11:08:52,478 INFO     [psi4.driver.driver:641] Return gradient(): -275.29562289908074
2025-12-23:11:08:52,478 INFO     [psi4.driver.driver:642] [[-0.00000000  0.00000000 -0.00097656]
 [-0.00000000 -0.00000000  0.00090803]]
2025-12-23:11:08:52,479 INFO     [psi4.optking.history:269] 	Performing BFGS update.
2025-12-23:11:08:52,479 INFO     [psi4.optking.history:280] 	Using 4 previous steps for update.
2025-12-23:11:08:52,480 INFO     [psi4.optking.history:317] 	Steps to be used in Hessian update:  9 8 7 6

2025-12-23:11:08:52,480 INFO     [psi4.optking.history:418] 	Updated Hessian (in au) 
 	   0.233391

2025-12-23:11:08:52,480 INFO     [psi4.optking.molsys:944] Projected (PHP) Hessian matrix
	   0.233391

2025-12-23:11:08:52,480 INFO     [psi4.optking.opt_helper:182] 
	         Geometry (au)                                       Gradient (au)
   0.0000000000   0.0000000000   2.0389634578		  -0.0000000000   0.0000000000  -0.0009765648
   0.0000000000   0.0000000000  -1.3597243996		  -0.0000000000  -0.0000000000   0.0009080281

2025-12-23:11:08:52,480 INFO     [psi4.optking.stepAlgorithms:368] 	Current Step Report 
 
	Current energy:      -275.2956228991
	Energy change for the previous step:
		Actual       :        -0.0000200013
		Projected    :        -0.0000157318

2025-12-23:11:08:52,480 INFO     [psi4.optking.stepAlgorithms:371] 	Energy ratio =    1.27139
2025-12-23:11:08:52,480 INFO     [psi4.optking.stepAlgorithms:929] 	Using RFO solution 1.
2025-12-23:11:08:52,480 INFO     [psi4.optking.displace:100] 	Determining Cartesian step for fragment 1.
2025-12-23:11:08:52,480 INFO     [psi4.optking.displace:415] 	Successfully converged to displaced geometry.
2025-12-23:11:08:52,480 INFO     [psi4.optking.displace:416] 	RMS(dx):  1.282e-16 	Max(dx):  2.220e-16 	RMS(dq):  4.441e-16
2025-12-23:11:08:52,480 INFO     [psi4.optking.displace:172] 

	        --- Internal Coordinate Step in ANG or DEG, aJ/ANG or AJ/DEG ---
	-------------------------------------------------------------------------------
	           Coordinate      Previous         Force          Change          New 
	           ----------      --------        ------          ------        ------
	               R(1,2)       1.79851        0.00776        0.00214       1.80064
	-------------------------------------------------------------------------------

2025-12-23:11:08:52,481 INFO     [psi4.optking.stepAlgorithms:113] 	|target step| :    0.0040373470
2025-12-23:11:08:52,481 INFO     [psi4.optking.stepAlgorithms:114] 	gradient     :   -0.0009422965
2025-12-23:11:08:52,481 INFO     [psi4.optking.stepAlgorithms:115] 	hessian      :    0.2333911686
2025-12-23:11:08:52,481 INFO     [psi4.optking.stepAlgorithms:113] 	|target step| :    0.0040373470
2025-12-23:11:08:52,481 INFO     [psi4.optking.stepAlgorithms:114] 	gradient     :   -0.0009422965
2025-12-23:11:08:52,481 INFO     [psi4.optking.stepAlgorithms:115] 	hessian      :    0.2333911686
2025-12-23:11:08:52,481 INFO     [psi4.optking.stepAlgorithms:206] 	Norm of achieved step-size    0.0040373470
2025-12-23:11:08:52,481 INFO     [psi4.optking.stepAlgorithms:208] 	Norm of achieved step-size (cart):    0.0028548354
2025-12-23:11:08:52,481 INFO     [psi4.optking.opt_helper:164] Molsys:

	                            ===> Fragment 1 <== 

	 Z (Atomic Numbers)          Masses                          Geom                  
	       8.000000            15.994915          0.00000000  0.00000000  2.04098213   
	      12.000000            23.985042          0.00000000  0.00000000 -1.36174307   

	 - Coordinate -           - BOHR/RAD -       - ANG/DEG -
	 R(1,2)           =         3.402725           1.800645

2025-12-23:11:08:52,481 INFO     [psi4.optking.convcheck:76] Performing convergence check.
2025-12-23:11:08:52,481 INFO     [psi4.optking.convcheck:282] 
	                                 ==> Convergence Check <==                                  
    
	Measures of convergence in internal coordinates in au.
    
	Criteria marked as inactive (o), active & met (*), and active & unmet ( ).

	----------------------------------------------------------------------------------------------
	   Step    Total Energy     Delta E     Max Force     RMS Force      Max Disp      RMS Disp   
	----------------------------------------------------------------------------------------------
	  Convergence Criteria     1.00e-06 *    3.00e-04 *             o    1.20e-03 *             o
	----------------------------------------------------------------------------------------------
	    10    -275.29562290   -2.00e-05      9.42e-04      9.42e-04 o    4.04e-03      4.04e-03 o  ~
	----------------------------------------------------------------------------------------------


2025-12-23:11:08:52,481 INFO     [psi4.optking.stepAlgorithms:296] 	Convergence check returned False
2025-12-23:11:08:52,491 INFO     [psi4.driver.task_planner:259] PLANNING Atomic:  keywords={'DAMPING_PERCENTAGE': 1.0, 'GEOM_MAXITER': 500, 'SCF__GUESS': 'READ', 'GUESS': 'SAP', 'MAXITER': 500, 'REFERENCE': 'UKS', 'function_kwargs': {}}
2025-12-23:11:08:52,492 INFO     [psi4.driver.driver:638] Compute gradient(): method=b3lyp, basis=cc-pvdz, molecule=default, nre=28.21268078838531
2025-12-23:11:08:53,178 INFO     [psi4.driver.driver:641] Return gradient(): -275.295624904867
2025-12-23:11:08:53,179 INFO     [psi4.driver.driver:642] [[ 0.00000000  0.00000000 -0.00021727]
 [ 0.00000000  0.00000000  0.00014924]]
2025-12-23:11:08:53,180 INFO     [psi4.optking.history:269] 	Performing BFGS update.
2025-12-23:11:08:53,180 INFO     [psi4.optking.history:280] 	Using 4 previous steps for update.
2025-12-23:11:08:53,180 INFO     [psi4.optking.history:317] 	Steps to be used in Hessian update:  10 9 8 7

2025-12-23:11:08:53,181 INFO     [psi4.optking.history:418] 	Updated Hessian (in au) 
 	   0.211527

2025-12-23:11:08:53,181 INFO     [psi4.optking.molsys:944] Projected (PHP) Hessian matrix
	   0.211527

2025-12-23:11:08:53,181 INFO     [psi4.optking.opt_helper:182] 
	         Geometry (au)                                       Gradient (au)
   0.0000000000   0.0000000000   2.0413855699		   0.0000000000   0.0000000000  -0.0002172713
   0.0000000000   0.0000000000  -1.3613396344		   0.0000000000   0.0000000000   0.0001492364

2025-12-23:11:08:53,181 INFO     [psi4.optking.stepAlgorithms:368] 	Current Step Report 
 
	Current energy:      -275.2956249049
	Energy change for the previous step:
		Actual       :        -0.0000020058
		Projected    :        -0.0000019022

2025-12-23:11:08:53,181 INFO     [psi4.optking.stepAlgorithms:371] 	Energy ratio =    1.05446
2025-12-23:11:08:53,181 INFO     [psi4.optking.stepAlgorithms:929] 	Using RFO solution 1.
2025-12-23:11:08:53,181 INFO     [psi4.optking.displace:100] 	Determining Cartesian step for fragment 1.
2025-12-23:11:08:53,181 INFO     [psi4.optking.displace:415] 	Successfully converged to displaced geometry.
2025-12-23:11:08:53,181 INFO     [psi4.optking.displace:416] 	RMS(dx):  0.000e+00 	Max(dx):  0.000e+00 	RMS(dq):  0.000e+00
2025-12-23:11:08:53,181 INFO     [psi4.optking.displace:172] 

	        --- Internal Coordinate Step in ANG or DEG, aJ/ANG or AJ/DEG ---
	-------------------------------------------------------------------------------
	           Coordinate      Previous         Force          Change          New 
	           ----------      --------        ------          ------        ------
	               R(1,2)       1.80064        0.00151        0.00046       1.80110
	-------------------------------------------------------------------------------

2025-12-23:11:08:53,181 INFO     [psi4.optking.stepAlgorithms:113] 	|target step| :    0.0008663357
2025-12-23:11:08:53,181 INFO     [psi4.optking.stepAlgorithms:114] 	gradient     :   -0.0001832539
2025-12-23:11:08:53,181 INFO     [psi4.optking.stepAlgorithms:115] 	hessian      :    0.2115274023
2025-12-23:11:08:53,181 INFO     [psi4.optking.stepAlgorithms:113] 	|target step| :    0.0008663357
2025-12-23:11:08:53,181 INFO     [psi4.optking.stepAlgorithms:114] 	gradient     :   -0.0001832539
2025-12-23:11:08:53,181 INFO     [psi4.optking.stepAlgorithms:115] 	hessian      :    0.2115274023
2025-12-23:11:08:53,181 INFO     [psi4.optking.stepAlgorithms:206] 	Norm of achieved step-size    0.0008663357
2025-12-23:11:08:53,181 INFO     [psi4.optking.stepAlgorithms:208] 	Norm of achieved step-size (cart):    0.0006125918
2025-12-23:11:08:53,182 INFO     [psi4.optking.opt_helper:164] Molsys:

	                            ===> Fragment 1 <== 

	 Z (Atomic Numbers)          Masses                          Geom                  
	       8.000000            15.994915          0.00000000  0.00000000  2.04181874   
	      12.000000            23.985042          0.00000000  0.00000000 -1.36177280   

	 - Coordinate -           - BOHR/RAD -       - ANG/DEG -
	 R(1,2)           =         3.403592           1.801103

2025-12-23:11:08:53,182 INFO     [psi4.optking.convcheck:76] Performing convergence check.
2025-12-23:11:08:53,182 INFO     [psi4.optking.convcheck:282] 
	                                 ==> Convergence Check <==                                  
    
	Measures of convergence in internal coordinates in au.
    
	Criteria marked as inactive (o), active & met (*), and active & unmet ( ).

	----------------------------------------------------------------------------------------------
	   Step    Total Energy     Delta E     Max Force     RMS Force      Max Disp      RMS Disp   
	----------------------------------------------------------------------------------------------
	  Convergence Criteria     1.00e-06 *    3.00e-04 *             o    1.20e-03 *             o
	----------------------------------------------------------------------------------------------
	    11    -275.29562490   -2.01e-06      1.83e-04 *    1.83e-04 o    8.66e-04 *    8.66e-04 o  ~
	----------------------------------------------------------------------------------------------


2025-12-23:11:08:53,182 INFO     [psi4.optking.convcheck:206] 
	                      ===> Final Convergence Report <===                     

	----------------------------------------------------------------------------
	|   Required Criteria    |  One or More Criteria  |   Alternate Criteria   |
	----------------------------------------------------------------------------
	| [x]     max_force      | [ ]       max_DE       |                        |
	|                        | [x]      max_disp      |                        |
	----------------------------------------------------------------------------


2025-12-23:11:08:53,182 INFO     [psi4.optking.stepAlgorithms:296] 	Convergence check returned True
2025-12-23:11:08:53,182 INFO     [psi4.optking.optimize:332] 	Converged in 11 steps!
2025-12-23:11:08:53,182 INFO     [psi4.optking.optimize:333] 	Final energy is   -275.2956249048670
2025-12-23:11:08:53,182 INFO     [psi4.optking.optimize:334] 	Final structure (Angstroms): 
	Fragment 1 (Ang)

	    O   0.0000000000   0.0000000000   1.0804839443
	   Mg   0.0000000000   0.0000000000  -0.7206191331


2025-12-23:11:08:53,183 INFO     [psi4.optking.optimize:562] 	Optimization Finished

	==> Optimization Summary <==

        
	Measures of convergence in internal coordinates in au. (Any backward steps not shown.)
        
	---------------------------------------------------------------------------------------------------------------  ~
        
	 Step         Total Energy             Delta E       MAX Force       RMS Force        MAX Disp        RMS Disp   ~
        
	---------------------------------------------------------------------------------------------------------------  ~
        
	     1    -274.885496258735   -274.885496258735      1.18073144      1.18073144      0.26282052      0.26282052  ~
	     2    -275.115752885089     -0.230256626353      0.61709761      0.61709761      0.26720547      0.26720547  ~
	     3    -275.231495070495     -0.115742185406      0.28235067      0.28235067      0.21496616      0.21496616  ~
	     4    -275.274440778425     -0.042945707931      0.13068742      0.13068742      0.12744447      0.12744447  ~
	     5    -275.287195305887     -0.012754527462      0.07271587      0.07271587      0.11714191      0.11714191  ~
	     6    -275.293317138518     -0.006121832631      0.03395267      0.03395267      0.06256875      0.06256875  ~
	     7    -275.294915937235     -0.001598798717      0.01772026      0.01772026      0.04806967      0.04806967  ~
	     8    -275.295503119736     -0.000587182501      0.00704187      0.00704187      0.02022252      0.02022252  ~
	     9    -275.295602897767     -0.000099778032      0.00297471      0.00297471      0.01057703      0.01057703  ~
	    10    -275.295622899081     -0.000020001314      0.00094230      0.00094230      0.00403735      0.00403735  ~
	    11    -275.295624904867     -0.000002005786      0.00018325      0.00018325      0.00086634      0.00086634  ~
	----------------------------------------------------------------------------------------------------------------


2025-12-23:11:08:53,183 INFO     [psi4.optking.optimize:806] Preparing OptimizationResult
