2025-12-23:11:10:39,455 WARNING  [psi4.optking:38] Some dependencies such as QCElemental have not yet finished migration to pydantic v2. If issues are encountered please downgrade pydantic or upgrade QCElemental as appropriate
2025-12-23:11:10:39,612 INFO     [psi4.optking.optwrapper:234] Creating a UserComputer
2025-12-23:11:10:39,612 INFO     [psi4.optking.optwrapper:242] 
    			-----------------------------------------

    			 OPTKING 3.0: for geometry optimizations 

    			     By R.A. King, Bethel University     

    			        with contributions from          

    			    A.V. Copan, J. Cayton, A. Heide      

    			-----------------------------------------

    
2025-12-23:11:10:39,612 INFO     [psi4.optking.optwrapper:272] 
		 -- Optimization Parameters --
	GEOM_MAXITER                   =             500
	ALG_GEOM_MAXITER               =              50
	PRINT                          =               1
	OPT_TYPE                       =             MIN
	STEP_TYPE                      =             RFO
	PROGRAM                        =            PSI4
	STEEPEST_DESCENT_TYPE          =         OVERLAP
	CONJUGATE_GRADIENT_TYPE        =        FLETCHER
	OPT_COORDINATES                =        INTERNAL
	RFO_FOLLOW_ROOT                =           False
	RFO_ROOT                       =               0
	ACCEPT_SYMMETRY_BREAKING       =           False
	DYNAMIC_LVL                    =               0
	DYNAMIC_LVL_MAX                =               0
	IRC_STEP_SIZE                  =             0.2
	IRC_DIRECTION                  =         FORWARD
	IRC_POINTS                     =              20
	IRC_MODE                       =          NORMAL
	IRC_CONVERGENCE                =            -0.7
	INTRAFRAG_STEP_LIMIT           =             0.5
	INTRAFRAG_STEP_LIMIT_MIN       =           0.001
	INTRAFRAG_STEP_LIMIT_MAX       =             1.0
	INTERFRAG_STEP_LIMIT           =             0.5
	INTERFRAG_STEP_LIMIT_MIN       =           0.001
	INTERFRAG_STEP_LIMIT_MAX       =             1.0
	ENSURE_BT_CONVERGENCE          =           False
	SIMPLE_STEP_SCALING            =           False
	CONSECUTIVE_BACKSTEPS          =               0
	RFO_NORMALIZATION_MAX          =             100
	RSRFO_ALPHA_MAX                =     100000000.0
	PRINT_TRAJECTORY_XYZ_FILE      =           False
	WRITE_TRAJECTORY               =           False
	FROZEN_DISTANCE                =                
	FROZEN_BEND                    =                
	FROZEN_DIHEDRAL                =                
	FROZEN_OOFP                    =                
	FROZEN_CARTESIAN               =                
	FREEZE_ALL_DIHEDRALS           =           False
	UNFREEZE_DIHEDRALS             =                
	RANGED_DISTANCE                =                
	RANGED_BEND                    =                
	RANGED_DIHEDRAL                =                
	RANGED_OOFP                    =                
	RANGED_CARTESIAN               =                
	EXT_FORCE_DISTANCE             =                
	EXT_FORCE_BEND                 =                
	EXT_FORCE_DIHEDRAL             =                
	EXT_FORCE_OOFP                 =                
	EXT_FORCE_CARTESIAN            =                
	G_CONVERGENCE                  =           QCHEM
	MAX_FORCE_G_CONVERGENCE        =          0.0003
	RMS_FORCE_G_CONVERGENCE        =          0.0003
	MAX_ENERGY_G_CONVERGENCE       =           1e-06
	MAX_DISP_G_CONVERGENCE         =          0.0012
	RMS_DISP_G_CONVERGENCE         =          0.0012
	FLEXIBLE_G_CONVERGENCE         =           False
	HESS_UPDATE                    =            BFGS
	HESS_UPDATE_USE_LAST           =               4
	HESS_UPDATE_LIMIT              =            True
	HESS_UPDATE_LIMIT_MAX          =             1.0
	HESS_UPDATE_LIMIT_SCALE        =             0.5
	HESS_UPDATE_DEN_TOL            =           1e-07
	HESS_UPDATE_DQ_TOL             =             0.5
	CART_HESS_READ                 =           False
	HESSIAN_FILE                   =               .
	FULL_HESS_EVERY                =              -1
	INTRAFRAG_HESS                 =        SCHLEGEL
	H_GUESS_EVERY                  =           False
	BT_MAX_ITER                    =              25
	BT_DX_CONV                     =           1e-07
	BT_DX_RMS_CHANGE_CONV          =           1e-12
	BT_PINV_RCOND                  =           1e-06
	FRAG_MODE                      =          SINGLE
	FRAG_REF_ATOMS                 =              []
	FREEZE_INTRAFRAG               =           False
	INTERFRAG_MODE                 =           FIXED
	ADD_AUXILIARY_BONDS            =           False
	AUXILIARY_BOND_FACTOR          =             2.5
	INTERFRAG_DIST_INV             =           False
	INTERFRAG_COLLINEAR_TOL        =            0.01
	INTERFRAG_COORDS               =              []
	INTERFRAG_HESS                 =         DEFAULT
	COVALENT_CONNECT               =             1.3
	INTERFRAGMENT_CONNECT          =             1.8
	H_BOND_CONNECT                 =             4.3
	INCLUDE_OOFP                   =           False
	TEST_B                         =           False
	TEST_DERIVATIVE_B              =           False
	LINESEARCH_STEP                =             0.1
	LINESEARCH                     =           False
	SD_HESSIAN                     =             1.0
	FIX_VAL_NEAR_PI                =            1.57
	V3D_TORS_ANGLE_LIM             =           0.017
	V3D_TORS_COS_TOL               =           1e-10
	LINEAR_BEND_THRESHOLD          =            3.05
	SMALL_BEND_FIX_THRESHOLD       =            0.35
	REDUNDANT_EVAL_TOL             =           1e-10
	LINEAR_ALGEBRA_TOL             =           1e-10


2025-12-23:11:10:39,743 INFO     [psi4.optking.opt_helper:164] Molsys:

	                            ===> Fragment 1 <== 

	 Z (Atomic Numbers)          Masses                          Geom                  
	       8.000000            15.994915          0.00000000  0.00000000  1.51150106   
	      16.000000            31.972071          0.00000000  0.00000000 -0.75617029   

	 - Coordinate -           - BOHR/RAD -       - ANG/DEG -
	 R(1,2)           =         2.267671           1.200000

2025-12-23:11:10:39,753 INFO     [psi4.driver.task_planner:259] PLANNING Atomic:  keywords={'DAMPING_PERCENTAGE': 1.0, 'GEOM_MAXITER': 500, 'GUESS': 'SAP', 'MAXITER': 500, 'REFERENCE': 'UKS', 'function_kwargs': {}}
2025-12-23:11:10:39,754 INFO     [psi4.driver.driver:638] Compute gradient(): method=b3lyp, basis=cc-pvdz, molecule=default, nre=56.445569138133344
2025-12-23:11:10:40,366 INFO     [psi4.driver.driver:641] Return gradient(): -473.1279680138855
2025-12-23:11:10:40,366 INFO     [psi4.driver.driver:642] [[ 0.00000000  0.00000000 -0.96401557]
 [-0.00000000  0.00000000  0.96401042]]
2025-12-23:11:10:40,368 INFO     [psi4.optking.molsys:944] Projected (PHP) Hessian matrix
	   4.182219

2025-12-23:11:10:40,368 INFO     [psi4.optking.opt_helper:182] 
	         Geometry (au)                                       Gradient (au)
   0.0000000000   0.0000000000   1.5115010589		   0.0000000000   0.0000000000  -0.9640155689
   0.0000000000   0.0000000000  -0.7561702916		  -0.0000000000   0.0000000000   0.9640104194

2025-12-23:11:10:40,368 INFO     [psi4.optking.stepAlgorithms:929] 	Using RFO solution 1.
2025-12-23:11:10:40,368 INFO     [psi4.optking.displace:100] 	Determining Cartesian step for fragment 1.
2025-12-23:11:10:40,369 INFO     [psi4.optking.displace:415] 	Successfully converged to displaced geometry.
2025-12-23:11:10:40,369 INFO     [psi4.optking.displace:416] 	RMS(dx):  0.000e+00 	Max(dx):  0.000e+00 	RMS(dq):  0.000e+00
2025-12-23:11:10:40,369 INFO     [psi4.optking.displace:172] 

	        --- Internal Coordinate Step in ANG or DEG, aJ/ANG or AJ/DEG ---
	-------------------------------------------------------------------------------
	           Coordinate      Previous         Force          Change          New 
	           ----------      --------        ------          ------        ------
	               R(1,2)       1.20000        7.94224        0.11610       1.31610
	-------------------------------------------------------------------------------

2025-12-23:11:10:40,369 INFO     [psi4.optking.stepAlgorithms:113] 	|target step| :    0.2194065521
2025-12-23:11:10:40,369 INFO     [psi4.optking.stepAlgorithms:114] 	gradient     :   -0.9640129941
2025-12-23:11:10:40,369 INFO     [psi4.optking.stepAlgorithms:115] 	hessian      :    4.1822185214
2025-12-23:11:10:40,369 INFO     [psi4.optking.stepAlgorithms:113] 	|target step| :    0.2194065521
2025-12-23:11:10:40,369 INFO     [psi4.optking.stepAlgorithms:114] 	gradient     :   -0.9640129941
2025-12-23:11:10:40,369 INFO     [psi4.optking.stepAlgorithms:115] 	hessian      :    4.1822185214
2025-12-23:11:10:40,369 INFO     [psi4.optking.stepAlgorithms:206] 	Norm of achieved step-size    0.2194065521
2025-12-23:11:10:40,369 INFO     [psi4.optking.stepAlgorithms:208] 	Norm of achieved step-size (cart):    0.1551438608
2025-12-23:11:10:40,369 INFO     [psi4.optking.opt_helper:164] Molsys:

	                            ===> Fragment 1 <== 

	 Z (Atomic Numbers)          Masses                          Geom                  
	       8.000000            15.994915          0.00000000  0.00000000  1.62120433   
	      16.000000            31.972071          0.00000000  0.00000000 -0.86587357   

	 - Coordinate -           - BOHR/RAD -       - ANG/DEG -
	 R(1,2)           =         2.487078           1.316105

2025-12-23:11:10:40,369 INFO     [psi4.optking.convcheck:76] Performing convergence check.
2025-12-23:11:10:40,369 INFO     [psi4.optking.convcheck:282] 
	                                 ==> Convergence Check <==                                  
    
	Measures of convergence in internal coordinates in au.
    
	Criteria marked as inactive (o), active & met (*), and active & unmet ( ).

	----------------------------------------------------------------------------------------------~
	   Step    Total Energy     Delta E     Max Force     RMS Force      Max Disp      RMS Disp   ~
	----------------------------------------------------------------------------------------------~
	  Convergence Criteria     1.00e-06 *    3.00e-04 *             o    1.20e-03 *             o~
	----------------------------------------------------------------------------------------------~
	     1    -473.12796801   -4.73e+02      9.64e-01      9.64e-01 o    2.19e-01      2.19e-01 o  ~
	----------------------------------------------------------------------------------------------


2025-12-23:11:10:40,369 INFO     [psi4.optking.stepAlgorithms:296] 	Convergence check returned False
2025-12-23:11:10:40,380 INFO     [psi4.driver.task_planner:259] PLANNING Atomic:  keywords={'DAMPING_PERCENTAGE': 1.0, 'GEOM_MAXITER': 500, 'SCF__GUESS': 'READ', 'GUESS': 'SAP', 'MAXITER': 500, 'REFERENCE': 'UKS', 'function_kwargs': {}}
2025-12-23:11:10:40,381 INFO     [psi4.driver.driver:638] Compute gradient(): method=b3lyp, basis=cc-pvdz, molecule=default, nre=51.46601956587908
2025-12-23:11:10:40,971 INFO     [psi4.driver.driver:641] Return gradient(): -473.281153732263
2025-12-23:11:10:40,971 INFO     [psi4.driver.driver:642] [[ 0.00000000  0.00000000 -0.48053710]
 [-0.00000000  0.00000000  0.48052267]]
2025-12-23:11:10:40,972 INFO     [psi4.optking.history:269] 	Performing BFGS update.
2025-12-23:11:10:40,972 INFO     [psi4.optking.history:280] 	Using 1 previous steps for update.
2025-12-23:11:10:40,972 INFO     [psi4.optking.history:317] 	Steps to be used in Hessian update:  1

2025-12-23:11:10:40,973 INFO     [psi4.optking.history:418] 	Updated Hessian (in au) 
 	   2.203595

2025-12-23:11:10:40,973 INFO     [psi4.optking.molsys:944] Projected (PHP) Hessian matrix
	   2.203595

2025-12-23:11:10:40,973 INFO     [psi4.optking.opt_helper:182] 
	         Geometry (au)                                       Gradient (au)
   0.0000000000   0.0000000000   1.6577450178		   0.0000000000   0.0000000000  -0.4805371006
   0.0000000000   0.0000000000  -0.8293328848		  -0.0000000000   0.0000000000   0.4805226739

2025-12-23:11:10:40,973 INFO     [psi4.optking.stepAlgorithms:368] 	Current Step Report 
 
	Current energy:      -473.2811537323
	Energy change for the previous step:
		Actual       :        -0.1531857184
		Projected    :        -0.1057553836

2025-12-23:11:10:40,973 INFO     [psi4.optking.stepAlgorithms:371] 	Energy ratio =    1.44849
2025-12-23:11:10:40,973 INFO     [psi4.optking.stepAlgorithms:399] 	Energy ratio indicates good step.
2025-12-23:11:10:40,973 INFO     [psi4.optking.stepAlgorithms:400] 	Intrafrag trust radius increased to      1.
2025-12-23:11:10:40,973 INFO     [psi4.optking.stepAlgorithms:929] 	Using RFO solution 1.
2025-12-23:11:10:40,973 INFO     [psi4.optking.displace:100] 	Determining Cartesian step for fragment 1.
2025-12-23:11:10:40,973 INFO     [psi4.optking.displace:415] 	Successfully converged to displaced geometry.
2025-12-23:11:10:40,973 INFO     [psi4.optking.displace:416] 	RMS(dx):  0.000e+00 	Max(dx):  0.000e+00 	RMS(dq):  0.000e+00
2025-12-23:11:10:40,973 INFO     [psi4.optking.displace:172] 

	        --- Internal Coordinate Step in ANG or DEG, aJ/ANG or AJ/DEG ---
	-------------------------------------------------------------------------------
	           Coordinate      Previous         Force          Change          New 
	           ----------      --------        ------          ------        ------
	               R(1,2)       1.31610        3.95895        0.11038       1.42648
	-------------------------------------------------------------------------------

2025-12-23:11:10:40,973 INFO     [psi4.optking.stepAlgorithms:113] 	|target step| :    0.2085793194
2025-12-23:11:10:40,973 INFO     [psi4.optking.stepAlgorithms:114] 	gradient     :   -0.4805298873
2025-12-23:11:10:40,973 INFO     [psi4.optking.stepAlgorithms:115] 	hessian      :    2.2035946612
2025-12-23:11:10:40,973 INFO     [psi4.optking.stepAlgorithms:113] 	|target step| :    0.2085793194
2025-12-23:11:10:40,973 INFO     [psi4.optking.stepAlgorithms:114] 	gradient     :   -0.4805298873
2025-12-23:11:10:40,973 INFO     [psi4.optking.stepAlgorithms:115] 	hessian      :    2.2035946612
2025-12-23:11:10:40,974 INFO     [psi4.optking.stepAlgorithms:206] 	Norm of achieved step-size    0.2085793194
2025-12-23:11:10:40,974 INFO     [psi4.optking.stepAlgorithms:208] 	Norm of achieved step-size (cart):    0.1474878512
2025-12-23:11:10:40,974 INFO     [psi4.optking.opt_helper:164] Molsys:

	                            ===> Fragment 1 <== 

	 Z (Atomic Numbers)          Masses                          Geom                  
	       8.000000            15.994915          0.00000000  0.00000000  1.76203468   
	      16.000000            31.972071          0.00000000  0.00000000 -0.93362254   

	 - Coordinate -           - BOHR/RAD -       - ANG/DEG -
	 R(1,2)           =         2.695657           1.426480

2025-12-23:11:10:40,974 INFO     [psi4.optking.convcheck:76] Performing convergence check.
2025-12-23:11:10:40,974 INFO     [psi4.optking.convcheck:282] 
	                                 ==> Convergence Check <==                                  
    
	Measures of convergence in internal coordinates in au.
    
	Criteria marked as inactive (o), active & met (*), and active & unmet ( ).

	----------------------------------------------------------------------------------------------
	   Step    Total Energy     Delta E     Max Force     RMS Force      Max Disp      RMS Disp   
	----------------------------------------------------------------------------------------------
	  Convergence Criteria     1.00e-06 *    3.00e-04 *             o    1.20e-03 *             o
	----------------------------------------------------------------------------------------------
	     2    -473.28115373   -1.53e-01      4.81e-01      4.81e-01 o    2.09e-01      2.09e-01 o  ~
	----------------------------------------------------------------------------------------------


2025-12-23:11:10:40,974 INFO     [psi4.optking.stepAlgorithms:296] 	Convergence check returned False
2025-12-23:11:10:40,984 INFO     [psi4.driver.task_planner:259] PLANNING Atomic:  keywords={'DAMPING_PERCENTAGE': 1.0, 'GEOM_MAXITER': 500, 'SCF__GUESS': 'READ', 'GUESS': 'SAP', 'MAXITER': 500, 'REFERENCE': 'UKS', 'function_kwargs': {}}
2025-12-23:11:10:40,986 INFO     [psi4.driver.driver:638] Compute gradient(): method=b3lyp, basis=cc-pvdz, molecule=default, nre=47.48378204441281
2025-12-23:11:10:41,570 INFO     [psi4.driver.driver:641] Return gradient(): -473.35218556464685
2025-12-23:11:10:41,571 INFO     [psi4.driver.driver:642] [[ 0.00000000  0.00000000 -0.22474101]
 [-0.00000000  0.00000000  0.22471954]]
2025-12-23:11:10:41,572 INFO     [psi4.optking.history:269] 	Performing BFGS update.
2025-12-23:11:10:41,572 INFO     [psi4.optking.history:280] 	Using 2 previous steps for update.
2025-12-23:11:10:41,572 INFO     [psi4.optking.history:317] 	Steps to be used in Hessian update:  2 1

2025-12-23:11:10:41,572 INFO     [psi4.optking.history:418] 	Updated Hessian (in au) 
 	   1.727353

2025-12-23:11:10:41,573 INFO     [psi4.optking.molsys:944] Projected (PHP) Hessian matrix
	   1.727353

2025-12-23:11:10:41,573 INFO     [psi4.optking.opt_helper:182] 
	         Geometry (au)                                       Gradient (au)
   0.0000000000   0.0000000000   1.7967721578		   0.0000000000   0.0000000000  -0.2247410062
   0.0000000000   0.0000000000  -0.8988850643		  -0.0000000000   0.0000000000   0.2247195408

2025-12-23:11:10:41,573 INFO     [psi4.optking.stepAlgorithms:368] 	Current Step Report 
 
	Current energy:      -473.3521855646
	Energy change for the previous step:
		Actual       :        -0.0710318324
		Projected    :        -0.0501142984

2025-12-23:11:10:41,573 INFO     [psi4.optking.stepAlgorithms:371] 	Energy ratio =    1.41740
2025-12-23:11:10:41,573 INFO     [psi4.optking.stepAlgorithms:929] 	Using RFO solution 1.
2025-12-23:11:10:41,573 INFO     [psi4.optking.displace:100] 	Determining Cartesian step for fragment 1.
2025-12-23:11:10:41,573 INFO     [psi4.optking.displace:415] 	Successfully converged to displaced geometry.
2025-12-23:11:10:41,573 INFO     [psi4.optking.displace:416] 	RMS(dx):  0.000e+00 	Max(dx):  0.000e+00 	RMS(dq):  0.000e+00
2025-12-23:11:10:41,573 INFO     [psi4.optking.displace:172] 

	        --- Internal Coordinate Step in ANG or DEG, aJ/ANG or AJ/DEG ---
	-------------------------------------------------------------------------------
	           Coordinate      Previous         Force          Change          New 
	           ----------      --------        ------          ------        ------
	               R(1,2)       1.42648        1.85149        0.06772       1.49420
	-------------------------------------------------------------------------------

2025-12-23:11:10:41,573 INFO     [psi4.optking.stepAlgorithms:113] 	|target step| :    0.1279703600
2025-12-23:11:10:41,573 INFO     [psi4.optking.stepAlgorithms:114] 	gradient     :   -0.2247302735
2025-12-23:11:10:41,573 INFO     [psi4.optking.stepAlgorithms:115] 	hessian      :    1.7273530969
2025-12-23:11:10:41,573 INFO     [psi4.optking.stepAlgorithms:113] 	|target step| :    0.1279703600
2025-12-23:11:10:41,573 INFO     [psi4.optking.stepAlgorithms:114] 	gradient     :   -0.2247302735
2025-12-23:11:10:41,573 INFO     [psi4.optking.stepAlgorithms:115] 	hessian      :    1.7273530969
2025-12-23:11:10:41,573 INFO     [psi4.optking.stepAlgorithms:206] 	Norm of achieved step-size    0.1279703600
2025-12-23:11:10:41,573 INFO     [psi4.optking.stepAlgorithms:208] 	Norm of achieved step-size (cart):    0.0904887094
2025-12-23:11:10:41,573 INFO     [psi4.optking.opt_helper:164] Molsys:

	                            ===> Fragment 1 <== 

	 Z (Atomic Numbers)          Masses                          Geom                  
	       8.000000            15.994915          0.00000000  0.00000000  1.86075734   
	      16.000000            31.972071          0.00000000  0.00000000 -0.96287024   

	 - Coordinate -           - BOHR/RAD -       - ANG/DEG -
	 R(1,2)           =         2.823628           1.494199

2025-12-23:11:10:41,574 INFO     [psi4.optking.convcheck:76] Performing convergence check.
2025-12-23:11:10:41,574 INFO     [psi4.optking.convcheck:282] 
	                                 ==> Convergence Check <==                                  
    
	Measures of convergence in internal coordinates in au.
    
	Criteria marked as inactive (o), active & met (*), and active & unmet ( ).

	----------------------------------------------------------------------------------------------
	   Step    Total Energy     Delta E     Max Force     RMS Force      Max Disp      RMS Disp   
	----------------------------------------------------------------------------------------------
	  Convergence Criteria     1.00e-06 *    3.00e-04 *             o    1.20e-03 *             o
	----------------------------------------------------------------------------------------------
	     3    -473.35218556   -7.10e-02      2.25e-01      2.25e-01 o    1.28e-01      1.28e-01 o  ~
	----------------------------------------------------------------------------------------------


2025-12-23:11:10:41,574 INFO     [psi4.optking.stepAlgorithms:296] 	Convergence check returned False
2025-12-23:11:10:41,584 INFO     [psi4.driver.task_planner:259] PLANNING Atomic:  keywords={'DAMPING_PERCENTAGE': 1.0, 'GEOM_MAXITER': 500, 'SCF__GUESS': 'READ', 'GUESS': 'SAP', 'MAXITER': 500, 'REFERENCE': 'UKS', 'function_kwargs': {}}
2025-12-23:11:10:41,585 INFO     [psi4.driver.driver:638] Compute gradient(): method=b3lyp, basis=cc-pvdz, molecule=default, nre=45.33175720885679
2025-12-23:11:10:42,200 INFO     [psi4.driver.driver:641] Return gradient(): -473.374301026271
2025-12-23:11:10:42,201 INFO     [psi4.driver.driver:642] [[ 0.00000000 -0.00000000 -0.12668546]
 [ 0.00000000  0.00000000  0.12665736]]
2025-12-23:11:10:42,202 INFO     [psi4.optking.history:269] 	Performing BFGS update.
2025-12-23:11:10:42,202 INFO     [psi4.optking.history:280] 	Using 3 previous steps for update.
2025-12-23:11:10:42,203 WARNING  [psi4.optking.history:301] 	Change in internal coordinate of 5.56e-01 exceeds limit of 5.00e-01.
2025-12-23:11:10:42,203 WARNING  [psi4.optking.history:306] 	Skipping Hessian update for step 1.
2025-12-23:11:10:42,203 INFO     [psi4.optking.history:317] 	Steps to be used in Hessian update:  3 2

2025-12-23:11:10:42,203 INFO     [psi4.optking.history:418] 	Updated Hessian (in au) 
 	   1.051430

2025-12-23:11:10:42,203 INFO     [psi4.optking.molsys:944] Projected (PHP) Hessian matrix
	   1.051430

2025-12-23:11:10:42,203 INFO     [psi4.optking.opt_helper:182] 
	         Geometry (au)                                       Gradient (au)
   0.0000000000   0.0000000000   1.8820699390		   0.0000000000  -0.0000000000  -0.1266854584
   0.0000000000   0.0000000000  -0.9415576431		   0.0000000000   0.0000000000   0.1266573565

2025-12-23:11:10:42,203 INFO     [psi4.optking.stepAlgorithms:368] 	Current Step Report 
 
	Current energy:      -473.3743010263
	Energy change for the previous step:
		Actual       :        -0.0221154616
		Projected    :        -0.0143794070

2025-12-23:11:10:42,203 INFO     [psi4.optking.stepAlgorithms:371] 	Energy ratio =    1.53800
2025-12-23:11:10:42,203 INFO     [psi4.optking.stepAlgorithms:929] 	Using RFO solution 1.
2025-12-23:11:10:42,203 INFO     [psi4.optking.displace:100] 	Determining Cartesian step for fragment 1.
2025-12-23:11:10:42,203 INFO     [psi4.optking.displace:415] 	Successfully converged to displaced geometry.
2025-12-23:11:10:42,203 INFO     [psi4.optking.displace:416] 	RMS(dx):  0.000e+00 	Max(dx):  0.000e+00 	RMS(dq):  0.000e+00
2025-12-23:11:10:42,203 INFO     [psi4.optking.displace:172] 

	        --- Internal Coordinate Step in ANG or DEG, aJ/ANG or AJ/DEG ---
	-------------------------------------------------------------------------------
	           Coordinate      Previous         Force          Change          New 
	           ----------      --------        ------          ------        ------
	               R(1,2)       1.49420        1.04361        0.06285       1.55705
	-------------------------------------------------------------------------------

2025-12-23:11:10:42,203 INFO     [psi4.optking.stepAlgorithms:113] 	|target step| :    0.1187757161
2025-12-23:11:10:42,203 INFO     [psi4.optking.stepAlgorithms:114] 	gradient     :   -0.1266714075
2025-12-23:11:10:42,203 INFO     [psi4.optking.stepAlgorithms:115] 	hessian      :    1.0514301496
2025-12-23:11:10:42,203 INFO     [psi4.optking.stepAlgorithms:113] 	|target step| :    0.1187757161
2025-12-23:11:10:42,203 INFO     [psi4.optking.stepAlgorithms:114] 	gradient     :   -0.1266714075
2025-12-23:11:10:42,203 INFO     [psi4.optking.stepAlgorithms:115] 	hessian      :    1.0514301496
2025-12-23:11:10:42,203 INFO     [psi4.optking.stepAlgorithms:206] 	Norm of achieved step-size    0.1187757161
2025-12-23:11:10:42,203 INFO     [psi4.optking.stepAlgorithms:208] 	Norm of achieved step-size (cart):    0.0839871143
2025-12-23:11:10:42,204 INFO     [psi4.optking.opt_helper:164] Molsys:

	                            ===> Fragment 1 <== 

	 Z (Atomic Numbers)          Masses                          Geom                  
	       8.000000            15.994915          0.00000000  0.00000000  1.94145780   
	      16.000000            31.972071          0.00000000  0.00000000 -1.00094550   

	 - Coordinate -           - BOHR/RAD -       - ANG/DEG -
	 R(1,2)           =         2.942403           1.557053

2025-12-23:11:10:42,204 INFO     [psi4.optking.convcheck:76] Performing convergence check.
2025-12-23:11:10:42,204 INFO     [psi4.optking.convcheck:282] 
	                                 ==> Convergence Check <==                                  
    
	Measures of convergence in internal coordinates in au.
    
	Criteria marked as inactive (o), active & met (*), and active & unmet ( ).

	----------------------------------------------------------------------------------------------
	   Step    Total Energy     Delta E     Max Force     RMS Force      Max Disp      RMS Disp   
	----------------------------------------------------------------------------------------------
	  Convergence Criteria     1.00e-06 *    3.00e-04 *             o    1.20e-03 *             o
	----------------------------------------------------------------------------------------------
	     4    -473.37430103   -2.21e-02      1.27e-01      1.27e-01 o    1.19e-01      1.19e-01 o  ~
	----------------------------------------------------------------------------------------------


2025-12-23:11:10:42,204 INFO     [psi4.optking.stepAlgorithms:296] 	Convergence check returned False
2025-12-23:11:10:42,214 INFO     [psi4.driver.task_planner:259] PLANNING Atomic:  keywords={'DAMPING_PERCENTAGE': 1.0, 'GEOM_MAXITER': 500, 'SCF__GUESS': 'READ', 'GUESS': 'SAP', 'MAXITER': 500, 'REFERENCE': 'UKS', 'function_kwargs': {}}
2025-12-23:11:10:42,216 INFO     [psi4.driver.driver:638] Compute gradient(): method=b3lyp, basis=cc-pvdz, molecule=default, nre=43.501854445932096
2025-12-23:11:10:42,795 INFO     [psi4.driver.driver:641] Return gradient(): -473.3853011391696
2025-12-23:11:10:42,795 INFO     [psi4.driver.driver:642] [[ 0.00000000  0.00000000 -0.06214814]
 [-0.00000000  0.00000000  0.06211833]]
2025-12-23:11:10:42,797 INFO     [psi4.optking.history:269] 	Performing BFGS update.
2025-12-23:11:10:42,797 INFO     [psi4.optking.history:280] 	Using 4 previous steps for update.
2025-12-23:11:10:42,797 WARNING  [psi4.optking.history:301] 	Change in internal coordinate of 6.75e-01 exceeds limit of 5.00e-01.
2025-12-23:11:10:42,797 WARNING  [psi4.optking.history:306] 	Skipping Hessian update for step 1.
2025-12-23:11:10:42,797 INFO     [psi4.optking.history:317] 	Steps to be used in Hessian update:  4 3 2

2025-12-23:11:10:42,797 INFO     [psi4.optking.history:418] 	Updated Hessian (in au) 
 	   0.918896

2025-12-23:11:10:42,797 INFO     [psi4.optking.molsys:944] Projected (PHP) Hessian matrix
	   0.918896

2025-12-23:11:10:42,797 INFO     [psi4.optking.opt_helper:182] 
	         Geometry (au)                                       Gradient (au)
   0.0000000000   0.0000000000   1.9612390922		   0.0000000000   0.0000000000  -0.0621481445
   0.0000000000   0.0000000000  -0.9811642060		  -0.0000000000   0.0000000000   0.0621183284

2025-12-23:11:10:42,797 INFO     [psi4.optking.stepAlgorithms:368] 	Current Step Report 
 
	Current energy:      -473.3853011392
	Energy change for the previous step:
		Actual       :        -0.0110001129
		Projected    :        -0.0075227436

2025-12-23:11:10:42,797 INFO     [psi4.optking.stepAlgorithms:371] 	Energy ratio =    1.46225
2025-12-23:11:10:42,798 INFO     [psi4.optking.stepAlgorithms:929] 	Using RFO solution 1.
2025-12-23:11:10:42,798 INFO     [psi4.optking.displace:100] 	Determining Cartesian step for fragment 1.
2025-12-23:11:10:42,798 INFO     [psi4.optking.displace:415] 	Successfully converged to displaced geometry.
2025-12-23:11:10:42,798 INFO     [psi4.optking.displace:416] 	RMS(dx):  0.000e+00 	Max(dx):  0.000e+00 	RMS(dq):  0.000e+00
2025-12-23:11:10:42,798 INFO     [psi4.optking.displace:172] 

	        --- Internal Coordinate Step in ANG or DEG, aJ/ANG or AJ/DEG ---
	-------------------------------------------------------------------------------
	           Coordinate      Previous         Force          Change          New 
	           ----------      --------        ------          ------        ------
	               R(1,2)       1.55705        0.51190        0.03562       1.59267
	-------------------------------------------------------------------------------

2025-12-23:11:10:42,798 INFO     [psi4.optking.stepAlgorithms:113] 	|target step| :    0.0673109152
2025-12-23:11:10:42,798 INFO     [psi4.optking.stepAlgorithms:114] 	gradient     :   -0.0621332364
2025-12-23:11:10:42,798 INFO     [psi4.optking.stepAlgorithms:115] 	hessian      :    0.9188959256
2025-12-23:11:10:42,798 INFO     [psi4.optking.stepAlgorithms:113] 	|target step| :    0.0673109152
2025-12-23:11:10:42,798 INFO     [psi4.optking.stepAlgorithms:114] 	gradient     :   -0.0621332364
2025-12-23:11:10:42,798 INFO     [psi4.optking.stepAlgorithms:115] 	hessian      :    0.9188959256
2025-12-23:11:10:42,798 INFO     [psi4.optking.stepAlgorithms:206] 	Norm of achieved step-size    0.0673109152
2025-12-23:11:10:42,798 INFO     [psi4.optking.stepAlgorithms:208] 	Norm of achieved step-size (cart):    0.0475960046
2025-12-23:11:10:42,798 INFO     [psi4.optking.opt_helper:164] Molsys:

	                            ===> Fragment 1 <== 

	 Z (Atomic Numbers)          Masses                          Geom                  
	       8.000000            15.994915          0.00000000  0.00000000  1.99489455   
	      16.000000            31.972071          0.00000000  0.00000000 -1.01481966   

	 - Coordinate -           - BOHR/RAD -       - ANG/DEG -
	 R(1,2)           =         3.009714           1.592672

2025-12-23:11:10:42,798 INFO     [psi4.optking.convcheck:76] Performing convergence check.
2025-12-23:11:10:42,798 INFO     [psi4.optking.convcheck:282] 
	                                 ==> Convergence Check <==                                  
    
	Measures of convergence in internal coordinates in au.
    
	Criteria marked as inactive (o), active & met (*), and active & unmet ( ).

	----------------------------------------------------------------------------------------------
	   Step    Total Energy     Delta E     Max Force     RMS Force      Max Disp      RMS Disp   
	----------------------------------------------------------------------------------------------
	  Convergence Criteria     1.00e-06 *    3.00e-04 *             o    1.20e-03 *             o
	----------------------------------------------------------------------------------------------
	     5    -473.38530114   -1.10e-02      6.21e-02      6.21e-02 o    6.73e-02      6.73e-02 o  ~
	----------------------------------------------------------------------------------------------


2025-12-23:11:10:42,798 INFO     [psi4.optking.stepAlgorithms:296] 	Convergence check returned False
2025-12-23:11:10:42,808 INFO     [psi4.driver.task_planner:259] PLANNING Atomic:  keywords={'DAMPING_PERCENTAGE': 1.0, 'GEOM_MAXITER': 500, 'SCF__GUESS': 'READ', 'GUESS': 'SAP', 'MAXITER': 500, 'REFERENCE': 'UKS', 'function_kwargs': {}}
2025-12-23:11:10:42,810 INFO     [psi4.driver.driver:638] Compute gradient(): method=b3lyp, basis=cc-pvdz, molecule=default, nre=42.52895488567289
2025-12-23:11:10:43,377 INFO     [psi4.driver.driver:641] Return gradient(): -473.38850849242647
2025-12-23:11:10:43,377 INFO     [psi4.driver.driver:642] [[-0.00000000 -0.00000000 -0.03408827]
 [ 0.00000000  0.00000000  0.03406045]]
2025-12-23:11:10:43,379 INFO     [psi4.optking.history:269] 	Performing BFGS update.
2025-12-23:11:10:43,379 INFO     [psi4.optking.history:280] 	Using 4 previous steps for update.
2025-12-23:11:10:43,379 WARNING  [psi4.optking.history:301] 	Change in internal coordinate of 5.23e-01 exceeds limit of 5.00e-01.
2025-12-23:11:10:43,379 WARNING  [psi4.optking.history:306] 	Skipping Hessian update for step 2.
2025-12-23:11:10:43,379 WARNING  [psi4.optking.history:301] 	Change in internal coordinate of 7.42e-01 exceeds limit of 5.00e-01.
2025-12-23:11:10:43,379 WARNING  [psi4.optking.history:306] 	Skipping Hessian update for step 1.
2025-12-23:11:10:43,379 INFO     [psi4.optking.history:317] 	Steps to be used in Hessian update:  5 4 3

2025-12-23:11:10:43,379 INFO     [psi4.optking.history:418] 	Updated Hessian (in au) 
 	   0.607074

2025-12-23:11:10:43,379 INFO     [psi4.optking.molsys:944] Projected (PHP) Hessian matrix
	   0.607074

2025-12-23:11:10:43,379 INFO     [psi4.optking.opt_helper:182] 
	         Geometry (au)                                       Gradient (au)
   0.0000000000   0.0000000000   2.0061047292		  -0.0000000000  -0.0000000000  -0.0340882674
   0.0000000000   0.0000000000  -1.0036094842		   0.0000000000   0.0000000000   0.0340604494

2025-12-23:11:10:43,379 INFO     [psi4.optking.stepAlgorithms:368] 	Current Step Report 
 
	Current energy:      -473.3885084924
	Energy change for the previous step:
		Actual       :        -0.0032073533
		Projected    :        -0.0020911225

2025-12-23:11:10:43,379 INFO     [psi4.optking.stepAlgorithms:371] 	Energy ratio =    1.53380
2025-12-23:11:10:43,379 INFO     [psi4.optking.stepAlgorithms:929] 	Using RFO solution 1.
2025-12-23:11:10:43,380 INFO     [psi4.optking.displace:100] 	Determining Cartesian step for fragment 1.
2025-12-23:11:10:43,380 INFO     [psi4.optking.displace:415] 	Successfully converged to displaced geometry.
2025-12-23:11:10:43,380 INFO     [psi4.optking.displace:416] 	RMS(dx):  0.000e+00 	Max(dx):  0.000e+00 	RMS(dq):  0.000e+00
2025-12-23:11:10:43,380 INFO     [psi4.optking.displace:172] 

	        --- Internal Coordinate Step in ANG or DEG, aJ/ANG or AJ/DEG ---
	-------------------------------------------------------------------------------
	           Coordinate      Previous         Force          Change          New 
	           ----------      --------        ------          ------        ------
	               R(1,2)       1.59267        0.28073        0.02961       1.62228
	-------------------------------------------------------------------------------

2025-12-23:11:10:43,380 INFO     [psi4.optking.stepAlgorithms:113] 	|target step| :    0.0559530893
2025-12-23:11:10:43,380 INFO     [psi4.optking.stepAlgorithms:114] 	gradient     :   -0.0340743584
2025-12-23:11:10:43,380 INFO     [psi4.optking.stepAlgorithms:115] 	hessian      :    0.6070742583
2025-12-23:11:10:43,380 INFO     [psi4.optking.stepAlgorithms:113] 	|target step| :    0.0559530893
2025-12-23:11:10:43,380 INFO     [psi4.optking.stepAlgorithms:114] 	gradient     :   -0.0340743584
2025-12-23:11:10:43,380 INFO     [psi4.optking.stepAlgorithms:115] 	hessian      :    0.6070742583
2025-12-23:11:10:43,380 INFO     [psi4.optking.stepAlgorithms:206] 	Norm of achieved step-size    0.0559530893
2025-12-23:11:10:43,380 INFO     [psi4.optking.stepAlgorithms:208] 	Norm of achieved step-size (cart):    0.0395648088
2025-12-23:11:10:43,380 INFO     [psi4.optking.opt_helper:164] Molsys:

	                            ===> Fragment 1 <== 

	 Z (Atomic Numbers)          Masses                          Geom                  
	       8.000000            15.994915          0.00000000  0.00000000  2.03408127   
	      16.000000            31.972071          0.00000000  0.00000000 -1.03158603   

	 - Coordinate -           - BOHR/RAD -       - ANG/DEG -
	 R(1,2)           =         3.065667           1.622281

2025-12-23:11:10:43,380 INFO     [psi4.optking.convcheck:76] Performing convergence check.
2025-12-23:11:10:43,380 INFO     [psi4.optking.convcheck:282] 
	                                 ==> Convergence Check <==                                  
    
	Measures of convergence in internal coordinates in au.
    
	Criteria marked as inactive (o), active & met (*), and active & unmet ( ).

	----------------------------------------------------------------------------------------------
	   Step    Total Energy     Delta E     Max Force     RMS Force      Max Disp      RMS Disp   
	----------------------------------------------------------------------------------------------
	  Convergence Criteria     1.00e-06 *    3.00e-04 *             o    1.20e-03 *             o
	----------------------------------------------------------------------------------------------
	     6    -473.38850849   -3.21e-03      3.41e-02      3.41e-02 o    5.60e-02      5.60e-02 o  ~
	----------------------------------------------------------------------------------------------


2025-12-23:11:10:43,380 INFO     [psi4.optking.stepAlgorithms:296] 	Convergence check returned False
2025-12-23:11:10:43,391 INFO     [psi4.driver.task_planner:259] PLANNING Atomic:  keywords={'DAMPING_PERCENTAGE': 1.0, 'GEOM_MAXITER': 500, 'SCF__GUESS': 'READ', 'GUESS': 'SAP', 'MAXITER': 500, 'REFERENCE': 'UKS', 'function_kwargs': {}}
2025-12-23:11:10:43,392 INFO     [psi4.driver.driver:638] Compute gradient(): method=b3lyp, basis=cc-pvdz, molecule=default, nre=41.752736798781676
2025-12-23:11:10:43,996 INFO     [psi4.driver.driver:641] Return gradient(): -473.3898527542175
2025-12-23:11:10:43,996 INFO     [psi4.driver.driver:642] [[ 0.00000000 -0.00000000 -0.01452333]
 [ 0.00000000 -0.00000000  0.01450247]]
2025-12-23:11:10:43,997 INFO     [psi4.optking.history:269] 	Performing BFGS update.
2025-12-23:11:10:43,997 INFO     [psi4.optking.history:280] 	Using 4 previous steps for update.
2025-12-23:11:10:43,998 INFO     [psi4.optking.history:317] 	Steps to be used in Hessian update:  6 5 4 3

2025-12-23:11:10:43,998 INFO     [psi4.optking.history:418] 	Updated Hessian (in au) 
 	   0.568140

2025-12-23:11:10:43,998 INFO     [psi4.optking.molsys:944] Projected (PHP) Hessian matrix
	   0.568140

2025-12-23:11:10:43,998 INFO     [psi4.optking.opt_helper:182] 
	         Geometry (au)                                       Gradient (au)
   0.0000000000   0.0000000000   2.0433998838		   0.0000000000  -0.0000000000  -0.0145233268
   0.0000000000   0.0000000000  -1.0222674189		   0.0000000000  -0.0000000000   0.0145024682

2025-12-23:11:10:43,998 INFO     [psi4.optking.stepAlgorithms:368] 	Current Step Report 
 
	Current energy:      -473.3898527542
	Energy change for the previous step:
		Actual       :        -0.0013442618
		Projected    :        -0.0009532828

2025-12-23:11:10:43,998 INFO     [psi4.optking.stepAlgorithms:371] 	Energy ratio =    1.41014
2025-12-23:11:10:43,998 INFO     [psi4.optking.stepAlgorithms:929] 	Using RFO solution 1.
2025-12-23:11:10:43,998 INFO     [psi4.optking.displace:100] 	Determining Cartesian step for fragment 1.
2025-12-23:11:10:43,998 INFO     [psi4.optking.displace:415] 	Successfully converged to displaced geometry.
2025-12-23:11:10:43,998 INFO     [psi4.optking.displace:416] 	RMS(dx):  0.000e+00 	Max(dx):  0.000e+00 	RMS(dq):  0.000e+00
2025-12-23:11:10:43,999 INFO     [psi4.optking.displace:172] 

	        --- Internal Coordinate Step in ANG or DEG, aJ/ANG or AJ/DEG ---
	-------------------------------------------------------------------------------
	           Coordinate      Previous         Force          Change          New 
	           ----------      --------        ------          ------        ------
	               R(1,2)       1.62228        0.11957        0.01351       1.63579
	-------------------------------------------------------------------------------

2025-12-23:11:10:43,999 INFO     [psi4.optking.stepAlgorithms:113] 	|target step| :    0.0255279512
2025-12-23:11:10:43,999 INFO     [psi4.optking.stepAlgorithms:114] 	gradient     :   -0.0145128975
2025-12-23:11:10:43,999 INFO     [psi4.optking.stepAlgorithms:115] 	hessian      :    0.5681395914
2025-12-23:11:10:43,999 INFO     [psi4.optking.stepAlgorithms:113] 	|target step| :    0.0255279512
2025-12-23:11:10:43,999 INFO     [psi4.optking.stepAlgorithms:114] 	gradient     :   -0.0145128975
2025-12-23:11:10:43,999 INFO     [psi4.optking.stepAlgorithms:115] 	hessian      :    0.5681395914
2025-12-23:11:10:43,999 INFO     [psi4.optking.stepAlgorithms:206] 	Norm of achieved step-size    0.0255279512
2025-12-23:11:10:43,999 INFO     [psi4.optking.stepAlgorithms:208] 	Norm of achieved step-size (cart):    0.0180509874
2025-12-23:11:10:43,999 INFO     [psi4.optking.opt_helper:164] Molsys:

	                            ===> Fragment 1 <== 

	 Z (Atomic Numbers)          Masses                          Geom                  
	       8.000000            15.994915          0.00000000  0.00000000  2.05616386   
	      16.000000            31.972071          0.00000000  0.00000000 -1.03503139   

	 - Coordinate -           - BOHR/RAD -       - ANG/DEG -
	 R(1,2)           =         3.091195           1.635790

2025-12-23:11:10:43,999 INFO     [psi4.optking.convcheck:76] Performing convergence check.
2025-12-23:11:10:43,999 INFO     [psi4.optking.convcheck:282] 
	                                 ==> Convergence Check <==                                  
    
	Measures of convergence in internal coordinates in au.
    
	Criteria marked as inactive (o), active & met (*), and active & unmet ( ).

	----------------------------------------------------------------------------------------------
	   Step    Total Energy     Delta E     Max Force     RMS Force      Max Disp      RMS Disp   
	----------------------------------------------------------------------------------------------
	  Convergence Criteria     1.00e-06 *    3.00e-04 *             o    1.20e-03 *             o
	----------------------------------------------------------------------------------------------
	     7    -473.38985275   -1.34e-03      1.45e-02      1.45e-02 o    2.55e-02      2.55e-02 o  ~
	----------------------------------------------------------------------------------------------


2025-12-23:11:10:43,999 INFO     [psi4.optking.stepAlgorithms:296] 	Convergence check returned False
2025-12-23:11:10:44,9 INFO     [psi4.driver.task_planner:259] PLANNING Atomic:  keywords={'DAMPING_PERCENTAGE': 1.0, 'GEOM_MAXITER': 500, 'SCF__GUESS': 'READ', 'GUESS': 'SAP', 'MAXITER': 500, 'REFERENCE': 'UKS', 'function_kwargs': {}}
2025-12-23:11:10:44,10 INFO     [psi4.driver.driver:638] Compute gradient(): method=b3lyp, basis=cc-pvdz, molecule=default, nre=41.40793107106323
2025-12-23:11:10:44,584 INFO     [psi4.driver.driver:641] Return gradient(): -473.3901204827495
2025-12-23:11:10:44,585 INFO     [psi4.driver.driver:642] [[-0.00000000 -0.00000000 -0.00659287]
 [ 0.00000000 -0.00000000  0.00657245]]
2025-12-23:11:10:44,586 INFO     [psi4.optking.history:269] 	Performing BFGS update.
2025-12-23:11:10:44,587 INFO     [psi4.optking.history:280] 	Using 4 previous steps for update.
2025-12-23:11:10:44,587 INFO     [psi4.optking.history:317] 	Steps to be used in Hessian update:  7 6 5 4

2025-12-23:11:10:44,587 INFO     [psi4.optking.history:418] 	Updated Hessian (in au) 
 	   0.448816

2025-12-23:11:10:44,587 INFO     [psi4.optking.molsys:944] Projected (PHP) Hessian matrix
	   0.448816

2025-12-23:11:10:44,587 INFO     [psi4.optking.opt_helper:182] 
	         Geometry (au)                                       Gradient (au)
   0.0000000000   0.0000000000   2.0604153677		  -0.0000000000  -0.0000000000  -0.0065928695
   0.0000000000   0.0000000000  -1.0307798862		   0.0000000000  -0.0000000000   0.0065724496

2025-12-23:11:10:44,587 INFO     [psi4.optking.stepAlgorithms:368] 	Current Step Report 
 
	Current energy:      -473.3901204827
	Energy change for the previous step:
		Actual       :        -0.0002677285
		Projected    :        -0.0001852423

2025-12-23:11:10:44,587 INFO     [psi4.optking.stepAlgorithms:371] 	Energy ratio =    1.44529
2025-12-23:11:10:44,587 INFO     [psi4.optking.stepAlgorithms:929] 	Using RFO solution 1.
2025-12-23:11:10:44,587 INFO     [psi4.optking.displace:100] 	Determining Cartesian step for fragment 1.
2025-12-23:11:10:44,588 INFO     [psi4.optking.displace:415] 	Successfully converged to displaced geometry.
2025-12-23:11:10:44,588 INFO     [psi4.optking.displace:416] 	RMS(dx):  0.000e+00 	Max(dx):  0.000e+00 	RMS(dq):  0.000e+00
2025-12-23:11:10:44,588 INFO     [psi4.optking.displace:172] 

	        --- Internal Coordinate Step in ANG or DEG, aJ/ANG or AJ/DEG ---
	-------------------------------------------------------------------------------
	           Coordinate      Previous         Force          Change          New 
	           ----------      --------        ------          ------        ------
	               R(1,2)       1.63579        0.05423        0.00776       1.64355
	-------------------------------------------------------------------------------

2025-12-23:11:10:44,588 INFO     [psi4.optking.stepAlgorithms:113] 	|target step| :    0.0146635568
2025-12-23:11:10:44,588 INFO     [psi4.optking.stepAlgorithms:114] 	gradient     :   -0.0065826595
2025-12-23:11:10:44,588 INFO     [psi4.optking.stepAlgorithms:115] 	hessian      :    0.4488163578
2025-12-23:11:10:44,588 INFO     [psi4.optking.stepAlgorithms:113] 	|target step| :    0.0146635568
2025-12-23:11:10:44,588 INFO     [psi4.optking.stepAlgorithms:114] 	gradient     :   -0.0065826595
2025-12-23:11:10:44,588 INFO     [psi4.optking.stepAlgorithms:115] 	hessian      :    0.4488163578
2025-12-23:11:10:44,588 INFO     [psi4.optking.stepAlgorithms:206] 	Norm of achieved step-size    0.0146635568
2025-12-23:11:10:44,588 INFO     [psi4.optking.stepAlgorithms:208] 	Norm of achieved step-size (cart):    0.0103687004
2025-12-23:11:10:44,588 INFO     [psi4.optking.opt_helper:164] Molsys:

	                            ===> Fragment 1 <== 

	 Z (Atomic Numbers)          Masses                          Geom                  
	       8.000000            15.994915          0.00000000  0.00000000  2.06774715   
	      16.000000            31.972071          0.00000000  0.00000000 -1.03811166   

	 - Coordinate -           - BOHR/RAD -       - ANG/DEG -
	 R(1,2)           =         3.105859           1.643550

2025-12-23:11:10:44,588 INFO     [psi4.optking.convcheck:76] Performing convergence check.
2025-12-23:11:10:44,588 INFO     [psi4.optking.convcheck:282] 
	                                 ==> Convergence Check <==                                  
    
	Measures of convergence in internal coordinates in au.
    
	Criteria marked as inactive (o), active & met (*), and active & unmet ( ).

	----------------------------------------------------------------------------------------------
	   Step    Total Energy     Delta E     Max Force     RMS Force      Max Disp      RMS Disp   
	----------------------------------------------------------------------------------------------
	  Convergence Criteria     1.00e-06 *    3.00e-04 *             o    1.20e-03 *             o
	----------------------------------------------------------------------------------------------
	     8    -473.39012048   -2.68e-04      6.58e-03      6.58e-03 o    1.47e-02      1.47e-02 o  ~
	----------------------------------------------------------------------------------------------


2025-12-23:11:10:44,588 INFO     [psi4.optking.stepAlgorithms:296] 	Convergence check returned False
2025-12-23:11:10:44,598 INFO     [psi4.driver.task_planner:259] PLANNING Atomic:  keywords={'DAMPING_PERCENTAGE': 1.0, 'GEOM_MAXITER': 500, 'SCF__GUESS': 'READ', 'GUESS': 'SAP', 'MAXITER': 500, 'REFERENCE': 'UKS', 'function_kwargs': {}}
2025-12-23:11:10:44,600 INFO     [psi4.driver.driver:638] Compute gradient(): method=b3lyp, basis=cc-pvdz, molecule=default, nre=41.212433598476046
2025-12-23:11:10:45,211 INFO     [psi4.driver.driver:641] Return gradient(): -473.39018507021103
2025-12-23:11:10:45,211 INFO     [psi4.driver.driver:642] [[ 0.00000000  0.00000000 -0.00229665]
 [-0.00000000 -0.00000000  0.00227550]]
2025-12-23:11:10:45,213 INFO     [psi4.optking.history:269] 	Performing BFGS update.
2025-12-23:11:10:45,213 INFO     [psi4.optking.history:280] 	Using 4 previous steps for update.
2025-12-23:11:10:45,213 INFO     [psi4.optking.history:317] 	Steps to be used in Hessian update:  8 7 6 5

2025-12-23:11:10:45,213 INFO     [psi4.optking.history:418] 	Updated Hessian (in au) 
 	   0.366137

2025-12-23:11:10:45,213 INFO     [psi4.optking.molsys:944] Projected (PHP) Hessian matrix
	   0.366137

2025-12-23:11:10:45,214 INFO     [psi4.optking.opt_helper:182] 
	         Geometry (au)                                       Gradient (au)
   0.0000000000   0.0000000000   2.0701892626		   0.0000000000   0.0000000000  -0.0022966454
   0.0000000000   0.0000000000  -1.0356695480		  -0.0000000000  -0.0000000000   0.0022755002

2025-12-23:11:10:45,214 INFO     [psi4.optking.stepAlgorithms:368] 	Current Step Report 
 
	Current energy:      -473.3901850702
	Energy change for the previous step:
		Actual       :        -0.0000645875
		Projected    :        -0.0000482626

2025-12-23:11:10:45,214 INFO     [psi4.optking.stepAlgorithms:371] 	Energy ratio =    1.33825
2025-12-23:11:10:45,214 INFO     [psi4.optking.stepAlgorithms:929] 	Using RFO solution 1.
2025-12-23:11:10:45,214 INFO     [psi4.optking.displace:100] 	Determining Cartesian step for fragment 1.
2025-12-23:11:10:45,214 INFO     [psi4.optking.displace:415] 	Successfully converged to displaced geometry.
2025-12-23:11:10:45,214 INFO     [psi4.optking.displace:416] 	RMS(dx):  0.000e+00 	Max(dx):  0.000e+00 	RMS(dq):  0.000e+00
2025-12-23:11:10:45,214 INFO     [psi4.optking.displace:172] 

	        --- Internal Coordinate Step in ANG or DEG, aJ/ANG or AJ/DEG ---
	-------------------------------------------------------------------------------
	           Coordinate      Previous         Force          Change          New 
	           ----------      --------        ------          ------        ------
	               R(1,2)       1.64355        0.01883        0.00330       1.64685
	-------------------------------------------------------------------------------

2025-12-23:11:10:45,214 INFO     [psi4.optking.stepAlgorithms:113] 	|target step| :    0.0062435145
2025-12-23:11:10:45,214 INFO     [psi4.optking.stepAlgorithms:114] 	gradient     :   -0.0022860728
2025-12-23:11:10:45,214 INFO     [psi4.optking.stepAlgorithms:115] 	hessian      :    0.3661373223
2025-12-23:11:10:45,214 INFO     [psi4.optking.stepAlgorithms:113] 	|target step| :    0.0062435145
2025-12-23:11:10:45,214 INFO     [psi4.optking.stepAlgorithms:114] 	gradient     :   -0.0022860728
2025-12-23:11:10:45,214 INFO     [psi4.optking.stepAlgorithms:115] 	hessian      :    0.3661373223
2025-12-23:11:10:45,214 INFO     [psi4.optking.stepAlgorithms:206] 	Norm of achieved step-size    0.0062435145
2025-12-23:11:10:45,214 INFO     [psi4.optking.stepAlgorithms:208] 	Norm of achieved step-size (cart):    0.0044148315
2025-12-23:11:10:45,214 INFO     [psi4.optking.opt_helper:164] Molsys:

	                            ===> Fragment 1 <== 

	 Z (Atomic Numbers)          Masses                          Geom                  
	       8.000000            15.994915          0.00000000  0.00000000  2.07331102   
	      16.000000            31.972071          0.00000000  0.00000000 -1.03879131   

	 - Coordinate -           - BOHR/RAD -       - ANG/DEG -
	 R(1,2)           =         3.112102           1.646854

2025-12-23:11:10:45,215 INFO     [psi4.optking.convcheck:76] Performing convergence check.
2025-12-23:11:10:45,215 INFO     [psi4.optking.convcheck:282] 
	                                 ==> Convergence Check <==                                  
    
	Measures of convergence in internal coordinates in au.
    
	Criteria marked as inactive (o), active & met (*), and active & unmet ( ).

	----------------------------------------------------------------------------------------------
	   Step    Total Energy     Delta E     Max Force     RMS Force      Max Disp      RMS Disp   
	----------------------------------------------------------------------------------------------
	  Convergence Criteria     1.00e-06 *    3.00e-04 *             o    1.20e-03 *             o
	----------------------------------------------------------------------------------------------
	     9    -473.39018507   -6.46e-05      2.29e-03      2.29e-03 o    6.24e-03      6.24e-03 o  ~
	----------------------------------------------------------------------------------------------


2025-12-23:11:10:45,215 INFO     [psi4.optking.stepAlgorithms:296] 	Convergence check returned False
2025-12-23:11:10:45,225 INFO     [psi4.driver.task_planner:259] PLANNING Atomic:  keywords={'DAMPING_PERCENTAGE': 1.0, 'GEOM_MAXITER': 500, 'SCF__GUESS': 'READ', 'GUESS': 'SAP', 'MAXITER': 500, 'REFERENCE': 'UKS', 'function_kwargs': {}}
2025-12-23:11:10:45,226 INFO     [psi4.driver.driver:638] Compute gradient(): method=b3lyp, basis=cc-pvdz, molecule=default, nre=41.12975301754393
2025-12-23:11:10:45,822 INFO     [psi4.driver.driver:641] Return gradient(): -473.3901936873427
2025-12-23:11:10:45,822 INFO     [psi4.driver.driver:642] [[ 0.00000000  0.00000000 -0.00052241]
 [-0.00000000  0.00000000  0.00050080]]
2025-12-23:11:10:45,823 INFO     [psi4.optking.history:269] 	Performing BFGS update.
2025-12-23:11:10:45,824 INFO     [psi4.optking.history:280] 	Using 4 previous steps for update.
2025-12-23:11:10:45,824 INFO     [psi4.optking.history:317] 	Steps to be used in Hessian update:  9 8 7 6

2025-12-23:11:10:45,824 INFO     [psi4.optking.history:418] 	Updated Hessian (in au) 
 	   0.327799

2025-12-23:11:10:45,824 INFO     [psi4.optking.molsys:944] Projected (PHP) Hessian matrix
	   0.327799

2025-12-23:11:10:45,824 INFO     [psi4.optking.opt_helper:182] 
	         Geometry (au)                                       Gradient (au)
   0.0000000000   0.0000000000   2.0743508352		   0.0000000000   0.0000000000  -0.0005224091
   0.0000000000   0.0000000000  -1.0377514900		  -0.0000000000   0.0000000000   0.0005007963

2025-12-23:11:10:45,824 INFO     [psi4.optking.stepAlgorithms:368] 	Current Step Report 
 
	Current energy:      -473.3901936873
	Energy change for the previous step:
		Actual       :        -0.0000086171
		Projected    :        -0.0000071366

2025-12-23:11:10:45,824 INFO     [psi4.optking.stepAlgorithms:371] 	Energy ratio =    1.20746
2025-12-23:11:10:45,824 INFO     [psi4.optking.stepAlgorithms:929] 	Using RFO solution 1.
2025-12-23:11:10:45,824 INFO     [psi4.optking.displace:100] 	Determining Cartesian step for fragment 1.
2025-12-23:11:10:45,825 INFO     [psi4.optking.displace:415] 	Successfully converged to displaced geometry.
2025-12-23:11:10:45,825 INFO     [psi4.optking.displace:416] 	RMS(dx):  1.282e-16 	Max(dx):  2.220e-16 	RMS(dq):  4.441e-16
2025-12-23:11:10:45,825 INFO     [psi4.optking.displace:172] 

	        --- Internal Coordinate Step in ANG or DEG, aJ/ANG or AJ/DEG ---
	-------------------------------------------------------------------------------
	           Coordinate      Previous         Force          Change          New 
	           ----------      --------        ------          ------        ------
	               R(1,2)       1.64685        0.00421        0.00083       1.64768
	-------------------------------------------------------------------------------

2025-12-23:11:10:45,825 INFO     [psi4.optking.stepAlgorithms:113] 	|target step| :    0.0015607153
2025-12-23:11:10:45,825 INFO     [psi4.optking.stepAlgorithms:114] 	gradient     :   -0.0005116027
2025-12-23:11:10:45,825 INFO     [psi4.optking.stepAlgorithms:115] 	hessian      :    0.3277993421
2025-12-23:11:10:45,825 INFO     [psi4.optking.stepAlgorithms:113] 	|target step| :    0.0015607153
2025-12-23:11:10:45,825 INFO     [psi4.optking.stepAlgorithms:114] 	gradient     :   -0.0005116027
2025-12-23:11:10:45,825 INFO     [psi4.optking.stepAlgorithms:115] 	hessian      :    0.3277993421
2025-12-23:11:10:45,825 INFO     [psi4.optking.stepAlgorithms:206] 	Norm of achieved step-size    0.0015607153
2025-12-23:11:10:45,825 INFO     [psi4.optking.stepAlgorithms:208] 	Norm of achieved step-size (cart):    0.0011035924
2025-12-23:11:10:45,825 INFO     [psi4.optking.opt_helper:164] Molsys:

	                            ===> Fragment 1 <== 

	 Z (Atomic Numbers)          Masses                          Geom                  
	       8.000000            15.994915          0.00000000  0.00000000  2.07513119   
	      16.000000            31.972071          0.00000000  0.00000000 -1.03853185   

	 - Coordinate -           - BOHR/RAD -       - ANG/DEG -
	 R(1,2)           =         3.113663           1.647680

2025-12-23:11:10:45,825 INFO     [psi4.optking.convcheck:76] Performing convergence check.
2025-12-23:11:10:45,825 INFO     [psi4.optking.convcheck:282] 
	                                 ==> Convergence Check <==                                  
    
	Measures of convergence in internal coordinates in au.
    
	Criteria marked as inactive (o), active & met (*), and active & unmet ( ).

	----------------------------------------------------------------------------------------------
	   Step    Total Energy     Delta E     Max Force     RMS Force      Max Disp      RMS Disp   
	----------------------------------------------------------------------------------------------
	  Convergence Criteria     1.00e-06 *    3.00e-04 *             o    1.20e-03 *             o
	----------------------------------------------------------------------------------------------
	    10    -473.39019369   -8.62e-06      5.12e-04      5.12e-04 o    1.56e-03      1.56e-03 o  ~
	----------------------------------------------------------------------------------------------


2025-12-23:11:10:45,825 INFO     [psi4.optking.stepAlgorithms:296] 	Convergence check returned False
2025-12-23:11:10:45,835 INFO     [psi4.driver.task_planner:259] PLANNING Atomic:  keywords={'DAMPING_PERCENTAGE': 1.0, 'GEOM_MAXITER': 500, 'SCF__GUESS': 'READ', 'GUESS': 'SAP', 'MAXITER': 500, 'REFERENCE': 'UKS', 'function_kwargs': {}}
2025-12-23:11:10:45,837 INFO     [psi4.driver.driver:638] Compute gradient(): method=b3lyp, basis=cc-pvdz, molecule=default, nre=41.10913683782442
2025-12-23:11:10:46,354 INFO     [psi4.driver.driver:641] Return gradient(): -473.3901941142624
2025-12-23:11:10:46,355 INFO     [psi4.driver.driver:642] [[ 0.00000000  0.00000000 -0.00008393]
 [ 0.00000000 -0.00000000  0.00006219]]
2025-12-23:11:10:46,356 INFO     [psi4.optking.history:269] 	Performing BFGS update.
2025-12-23:11:10:46,356 INFO     [psi4.optking.history:280] 	Using 4 previous steps for update.
2025-12-23:11:10:46,356 INFO     [psi4.optking.history:317] 	Steps to be used in Hessian update:  10 9 8 7

2025-12-23:11:10:46,357 INFO     [psi4.optking.history:418] 	Updated Hessian (in au) 
 	   0.300857

2025-12-23:11:10:46,357 INFO     [psi4.optking.molsys:944] Projected (PHP) Hessian matrix
	   0.300857

2025-12-23:11:10:46,357 INFO     [psi4.optking.opt_helper:182] 
	         Geometry (au)                                       Gradient (au)
   0.0000000000   0.0000000000   2.0753911195		   0.0000000000   0.0000000000  -0.0000839269
   0.0000000000   0.0000000000  -1.0382719211		   0.0000000000  -0.0000000000   0.0000621862

2025-12-23:11:10:46,357 INFO     [psi4.optking.stepAlgorithms:368] 	Current Step Report 
 
	Current energy:      -473.3901941143
	Energy change for the previous step:
		Actual       :        -0.0000004269
		Projected    :        -0.0000003992

2025-12-23:11:10:46,357 INFO     [psi4.optking.stepAlgorithms:371] 	Energy ratio =    1.06935
2025-12-23:11:10:46,357 INFO     [psi4.optking.stepAlgorithms:929] 	Using RFO solution 1.
2025-12-23:11:10:46,357 INFO     [psi4.optking.displace:100] 	Determining Cartesian step for fragment 1.
2025-12-23:11:10:46,357 INFO     [psi4.optking.displace:415] 	Successfully converged to displaced geometry.
2025-12-23:11:10:46,357 INFO     [psi4.optking.displace:416] 	RMS(dx):  1.282e-16 	Max(dx):  2.220e-16 	RMS(dq):  4.441e-16
2025-12-23:11:10:46,357 INFO     [psi4.optking.displace:172] 

	        --- Internal Coordinate Step in ANG or DEG, aJ/ANG or AJ/DEG ---
	-------------------------------------------------------------------------------
	           Coordinate      Previous         Force          Change          New 
	           ----------      --------        ------          ------        ------
	               R(1,2)       1.64768        0.00060        0.00013       1.64781
	-------------------------------------------------------------------------------

2025-12-23:11:10:46,357 INFO     [psi4.optking.stepAlgorithms:113] 	|target step| :    0.0002428284
2025-12-23:11:10:46,357 INFO     [psi4.optking.stepAlgorithms:114] 	gradient     :   -0.0000730566
2025-12-23:11:10:46,357 INFO     [psi4.optking.stepAlgorithms:115] 	hessian      :    0.3008567336
2025-12-23:11:10:46,357 INFO     [psi4.optking.stepAlgorithms:113] 	|target step| :    0.0002428284
2025-12-23:11:10:46,357 INFO     [psi4.optking.stepAlgorithms:114] 	gradient     :   -0.0000730566
2025-12-23:11:10:46,357 INFO     [psi4.optking.stepAlgorithms:115] 	hessian      :    0.3008567336
2025-12-23:11:10:46,357 INFO     [psi4.optking.stepAlgorithms:206] 	Norm of achieved step-size    0.0002428284
2025-12-23:11:10:46,357 INFO     [psi4.optking.stepAlgorithms:208] 	Norm of achieved step-size (cart):    0.0001717056
2025-12-23:11:10:46,358 INFO     [psi4.optking.opt_helper:164] Molsys:

	                            ===> Fragment 1 <== 

	 Z (Atomic Numbers)          Masses                          Geom                  
	       8.000000            15.994915          0.00000000  0.00000000  2.07551253   
	      16.000000            31.972071          0.00000000  0.00000000 -1.03839334   

	 - Coordinate -           - BOHR/RAD -       - ANG/DEG -
	 R(1,2)           =         3.113906           1.647808

2025-12-23:11:10:46,358 INFO     [psi4.optking.convcheck:76] Performing convergence check.
2025-12-23:11:10:46,358 INFO     [psi4.optking.convcheck:282] 
	                                 ==> Convergence Check <==                                  
    
	Measures of convergence in internal coordinates in au.
    
	Criteria marked as inactive (o), active & met (*), and active & unmet ( ).

	----------------------------------------------------------------------------------------------
	   Step    Total Energy     Delta E     Max Force     RMS Force      Max Disp      RMS Disp   
	----------------------------------------------------------------------------------------------
	  Convergence Criteria     1.00e-06 *    3.00e-04 *             o    1.20e-03 *             o
	----------------------------------------------------------------------------------------------
	    11    -473.39019411   -4.27e-07 *    7.31e-05 *    7.31e-05 o    2.43e-04 *    2.43e-04 o  ~
	----------------------------------------------------------------------------------------------


2025-12-23:11:10:46,358 INFO     [psi4.optking.convcheck:206] 
	                      ===> Final Convergence Report <===                     

	----------------------------------------------------------------------------
	|   Required Criteria    |  One or More Criteria  |   Alternate Criteria   |
	----------------------------------------------------------------------------
	| [x]     max_force      | [x]       max_DE       |                        |
	|                        | [x]      max_disp      |                        |
	----------------------------------------------------------------------------


2025-12-23:11:10:46,358 INFO     [psi4.optking.stepAlgorithms:296] 	Convergence check returned True
2025-12-23:11:10:46,358 INFO     [psi4.optking.optimize:332] 	Converged in 11 steps!
2025-12-23:11:10:46,358 INFO     [psi4.optking.optimize:333] 	Final energy is   -473.3901941142624
2025-12-23:11:10:46,358 INFO     [psi4.optking.optimize:334] 	Final structure (Angstroms): 
	Fragment 1 (Ang)

	    O   0.0000000000   0.0000000000   1.0983139333
	    S   0.0000000000   0.0000000000  -0.5494940887


2025-12-23:11:10:46,359 INFO     [psi4.optking.optimize:562] 	Optimization Finished

	==> Optimization Summary <==

        
	Measures of convergence in internal coordinates in au. (Any backward steps not shown.)
        
	---------------------------------------------------------------------------------------------------------------  ~
        
	 Step         Total Energy             Delta E       MAX Force       RMS Force        MAX Disp        RMS Disp   ~
        
	---------------------------------------------------------------------------------------------------------------  ~
        
	     1    -473.127968013885   -473.127968013885      0.96401299      0.96401299      0.21940655      0.21940655  ~
	     2    -473.281153732263     -0.153185718378      0.48052989      0.48052989      0.20857932      0.20857932  ~
	     3    -473.352185564647     -0.071031832384      0.22473027      0.22473027      0.12797036      0.12797036  ~
	     4    -473.374301026271     -0.022115461624      0.12667141      0.12667141      0.11877572      0.11877572  ~
	     5    -473.385301139170     -0.011000112899      0.06213324      0.06213324      0.06731092      0.06731092  ~
	     6    -473.388508492426     -0.003207353257      0.03407436      0.03407436      0.05595309      0.05595309  ~
	     7    -473.389852754217     -0.001344261791      0.01451290      0.01451290      0.02552795      0.02552795  ~
	     8    -473.390120482750     -0.000267728532      0.00658266      0.00658266      0.01466356      0.01466356  ~
	     9    -473.390185070211     -0.000064587462      0.00228607      0.00228607      0.00624351      0.00624351  ~
	    10    -473.390193687343     -0.000008617132      0.00051160      0.00051160      0.00156072      0.00156072  ~
	    11    -473.390194114262     -0.000000426920      0.00007306      0.00007306      0.00024283      0.00024283  ~
	----------------------------------------------------------------------------------------------------------------


2025-12-23:11:10:46,359 INFO     [psi4.optking.optimize:806] Preparing OptimizationResult
