2025-12-23:11:16:11,789 WARNING  [psi4.optking:38] Some dependencies such as QCElemental have not yet finished migration to pydantic v2. If issues are encountered please downgrade pydantic or upgrade QCElemental as appropriate
2025-12-23:11:16:11,947 INFO     [psi4.optking.optwrapper:234] Creating a UserComputer
2025-12-23:11:16:11,947 INFO     [psi4.optking.optwrapper:242] 
    			-----------------------------------------

    			 OPTKING 3.0: for geometry optimizations 

    			     By R.A. King, Bethel University     

    			        with contributions from          

    			    A.V. Copan, J. Cayton, A. Heide      

    			-----------------------------------------

    
2025-12-23:11:16:11,947 INFO     [psi4.optking.optwrapper:272] 
		 -- Optimization Parameters --
	GEOM_MAXITER                   =             500
	ALG_GEOM_MAXITER               =              50
	PRINT                          =               1
	OPT_TYPE                       =             MIN
	STEP_TYPE                      =             RFO
	PROGRAM                        =            PSI4
	STEEPEST_DESCENT_TYPE          =         OVERLAP
	CONJUGATE_GRADIENT_TYPE        =        FLETCHER
	OPT_COORDINATES                =        INTERNAL
	RFO_FOLLOW_ROOT                =           False
	RFO_ROOT                       =               0
	ACCEPT_SYMMETRY_BREAKING       =           False
	DYNAMIC_LVL                    =               0
	DYNAMIC_LVL_MAX                =               0
	IRC_STEP_SIZE                  =             0.2
	IRC_DIRECTION                  =         FORWARD
	IRC_POINTS                     =              20
	IRC_MODE                       =          NORMAL
	IRC_CONVERGENCE                =            -0.7
	INTRAFRAG_STEP_LIMIT           =             0.5
	INTRAFRAG_STEP_LIMIT_MIN       =           0.001
	INTRAFRAG_STEP_LIMIT_MAX       =             1.0
	INTERFRAG_STEP_LIMIT           =             0.5
	INTERFRAG_STEP_LIMIT_MIN       =           0.001
	INTERFRAG_STEP_LIMIT_MAX       =             1.0
	ENSURE_BT_CONVERGENCE          =           False
	SIMPLE_STEP_SCALING            =           False
	CONSECUTIVE_BACKSTEPS          =               0
	RFO_NORMALIZATION_MAX          =             100
	RSRFO_ALPHA_MAX                =     100000000.0
	PRINT_TRAJECTORY_XYZ_FILE      =           False
	WRITE_TRAJECTORY               =           False
	FROZEN_DISTANCE                =                
	FROZEN_BEND                    =                
	FROZEN_DIHEDRAL                =                
	FROZEN_OOFP                    =                
	FROZEN_CARTESIAN               =                
	FREEZE_ALL_DIHEDRALS           =           False
	UNFREEZE_DIHEDRALS             =                
	RANGED_DISTANCE                =                
	RANGED_BEND                    =                
	RANGED_DIHEDRAL                =                
	RANGED_OOFP                    =                
	RANGED_CARTESIAN               =                
	EXT_FORCE_DISTANCE             =                
	EXT_FORCE_BEND                 =                
	EXT_FORCE_DIHEDRAL             =                
	EXT_FORCE_OOFP                 =                
	EXT_FORCE_CARTESIAN            =                
	G_CONVERGENCE                  =           QCHEM
	MAX_FORCE_G_CONVERGENCE        =          0.0003
	RMS_FORCE_G_CONVERGENCE        =          0.0003
	MAX_ENERGY_G_CONVERGENCE       =           1e-06
	MAX_DISP_G_CONVERGENCE         =          0.0012
	RMS_DISP_G_CONVERGENCE         =          0.0012
	FLEXIBLE_G_CONVERGENCE         =           False
	HESS_UPDATE                    =            BFGS
	HESS_UPDATE_USE_LAST           =               4
	HESS_UPDATE_LIMIT              =            True
	HESS_UPDATE_LIMIT_MAX          =             1.0
	HESS_UPDATE_LIMIT_SCALE        =             0.5
	HESS_UPDATE_DEN_TOL            =           1e-07
	HESS_UPDATE_DQ_TOL             =             0.5
	CART_HESS_READ                 =           False
	HESSIAN_FILE                   =               .
	FULL_HESS_EVERY                =              -1
	INTRAFRAG_HESS                 =        SCHLEGEL
	H_GUESS_EVERY                  =           False
	BT_MAX_ITER                    =              25
	BT_DX_CONV                     =           1e-07
	BT_DX_RMS_CHANGE_CONV          =           1e-12
	BT_PINV_RCOND                  =           1e-06
	FRAG_MODE                      =          SINGLE
	FRAG_REF_ATOMS                 =              []
	FREEZE_INTRAFRAG               =           False
	INTERFRAG_MODE                 =           FIXED
	ADD_AUXILIARY_BONDS            =           False
	AUXILIARY_BOND_FACTOR          =             2.5
	INTERFRAG_DIST_INV             =           False
	INTERFRAG_COLLINEAR_TOL        =            0.01
	INTERFRAG_COORDS               =              []
	INTERFRAG_HESS                 =         DEFAULT
	COVALENT_CONNECT               =             1.3
	INTERFRAGMENT_CONNECT          =             1.8
	H_BOND_CONNECT                 =             4.3
	INCLUDE_OOFP                   =           False
	TEST_B                         =           False
	TEST_DERIVATIVE_B              =           False
	LINESEARCH_STEP                =             0.1
	LINESEARCH                     =           False
	SD_HESSIAN                     =             1.0
	FIX_VAL_NEAR_PI                =            1.57
	V3D_TORS_ANGLE_LIM             =           0.017
	V3D_TORS_COS_TOL               =           1e-10
	LINEAR_BEND_THRESHOLD          =            3.05
	SMALL_BEND_FIX_THRESHOLD       =            0.35
	REDUNDANT_EVAL_TOL             =           1e-10
	LINEAR_ALGEBRA_TOL             =           1e-10


2025-12-23:11:16:12,76 INFO     [psi4.optking.opt_helper:164] Molsys:

	                            ===> Fragment 1 <== 

	 Z (Atomic Numbers)          Masses                          Geom                  
	       9.000000            18.998403          0.00000000  0.00000000  1.40554872   
	      15.000000            30.973762          0.00000000  0.00000000 -0.86212263   

	 - Coordinate -           - BOHR/RAD -       - ANG/DEG -
	 R(1,2)           =         2.267671           1.200000

2025-12-23:11:16:12,85 INFO     [psi4.driver.task_planner:259] PLANNING Atomic:  keywords={'DAMPING_PERCENTAGE': 1.0, 'GEOM_MAXITER': 500, 'GUESS': 'SAP', 'MAXITER': 500, 'REFERENCE': 'UKS', 'function_kwargs': {}}
2025-12-23:11:16:12,87 INFO     [psi4.driver.driver:638] Compute gradient(): method=b3lyp, basis=cc-pvdz, molecule=default, nre=59.53243620037501
2025-12-23:11:16:12,671 INFO     [psi4.driver.driver:641] Return gradient(): -440.8393449311203
2025-12-23:11:16:12,672 INFO     [psi4.driver.driver:642] [[ 0.00000000 -0.00000000 -1.04420348]
 [ 0.00000000  0.00000000  1.04415130]]
2025-12-23:11:16:12,673 INFO     [psi4.optking.molsys:944] Projected (PHP) Hessian matrix
	   4.182219

2025-12-23:11:16:12,673 INFO     [psi4.optking.opt_helper:182] 
	         Geometry (au)                                       Gradient (au)
   0.0000000000   0.0000000000   1.4055487185		   0.0000000000  -0.0000000000  -1.0442034830
   0.0000000000   0.0000000000  -0.8621226321		   0.0000000000   0.0000000000   1.0441512978

2025-12-23:11:16:12,674 INFO     [psi4.optking.stepAlgorithms:929] 	Using RFO solution 1.
2025-12-23:11:16:12,674 INFO     [psi4.optking.displace:100] 	Determining Cartesian step for fragment 1.
2025-12-23:11:16:12,674 INFO     [psi4.optking.displace:415] 	Successfully converged to displaced geometry.
2025-12-23:11:16:12,674 INFO     [psi4.optking.displace:416] 	RMS(dx):  0.000e+00 	Max(dx):  0.000e+00 	RMS(dq):  0.000e+00
2025-12-23:11:16:12,674 INFO     [psi4.optking.displace:172] 

	        --- Internal Coordinate Step in ANG or DEG, aJ/ANG or AJ/DEG ---
	-------------------------------------------------------------------------------
	           Coordinate      Previous         Force          Change          New 
	           ----------      --------        ------          ------        ------
	               R(1,2)       1.20000        8.60269        0.12477       1.32477
	-------------------------------------------------------------------------------

2025-12-23:11:16:12,674 INFO     [psi4.optking.stepAlgorithms:113] 	|target step| :    0.2357897934
2025-12-23:11:16:12,674 INFO     [psi4.optking.stepAlgorithms:114] 	gradient     :   -1.0441773904
2025-12-23:11:16:12,674 INFO     [psi4.optking.stepAlgorithms:115] 	hessian      :    4.1822185214
2025-12-23:11:16:12,674 INFO     [psi4.optking.stepAlgorithms:113] 	|target step| :    0.2357897934
2025-12-23:11:16:12,674 INFO     [psi4.optking.stepAlgorithms:114] 	gradient     :   -1.0441773904
2025-12-23:11:16:12,674 INFO     [psi4.optking.stepAlgorithms:115] 	hessian      :    4.1822185214
2025-12-23:11:16:12,674 INFO     [psi4.optking.stepAlgorithms:206] 	Norm of achieved step-size    0.2357897934
2025-12-23:11:16:12,674 INFO     [psi4.optking.stepAlgorithms:208] 	Norm of achieved step-size (cart):    0.1667285618
2025-12-23:11:16:12,674 INFO     [psi4.optking.opt_helper:164] Molsys:

	                            ===> Fragment 1 <== 

	 Z (Atomic Numbers)          Masses                          Geom                  
	       9.000000            18.998403          0.00000000  0.00000000  1.52344362   
	      15.000000            30.973762          0.00000000  0.00000000 -0.98001753   

	 - Coordinate -           - BOHR/RAD -       - ANG/DEG -
	 R(1,2)           =         2.503461           1.324775

2025-12-23:11:16:12,675 INFO     [psi4.optking.convcheck:76] Performing convergence check.
2025-12-23:11:16:12,675 INFO     [psi4.optking.convcheck:282] 
	                                 ==> Convergence Check <==                                  
    
	Measures of convergence in internal coordinates in au.
    
	Criteria marked as inactive (o), active & met (*), and active & unmet ( ).

	----------------------------------------------------------------------------------------------~
	   Step    Total Energy     Delta E     Max Force     RMS Force      Max Disp      RMS Disp   ~
	----------------------------------------------------------------------------------------------~
	  Convergence Criteria     1.00e-06 *    3.00e-04 *             o    1.20e-03 *             o~
	----------------------------------------------------------------------------------------------~
	     1    -440.83934493   -4.41e+02      1.04e+00      1.04e+00 o    2.36e-01      2.36e-01 o  ~
	----------------------------------------------------------------------------------------------


2025-12-23:11:16:12,675 INFO     [psi4.optking.stepAlgorithms:296] 	Convergence check returned False
2025-12-23:11:16:12,686 INFO     [psi4.driver.task_planner:259] PLANNING Atomic:  keywords={'DAMPING_PERCENTAGE': 1.0, 'GEOM_MAXITER': 500, 'SCF__GUESS': 'READ', 'GUESS': 'SAP', 'MAXITER': 500, 'REFERENCE': 'UKS', 'function_kwargs': {}}
2025-12-23:11:16:12,687 INFO     [psi4.driver.driver:638] Compute gradient(): method=b3lyp, basis=cc-pvdz, molecule=default, nre=53.92534265117254
2025-12-23:11:16:13,246 INFO     [psi4.driver.driver:641] Return gradient(): -441.0194846226492
2025-12-23:11:16:13,247 INFO     [psi4.driver.driver:642] [[ 0.00000000 -0.00000000 -0.53615860]
 [-0.00000000  0.00000000  0.53614875]]
2025-12-23:11:16:13,248 INFO     [psi4.optking.history:269] 	Performing BFGS update.
2025-12-23:11:16:13,248 INFO     [psi4.optking.history:280] 	Using 1 previous steps for update.
2025-12-23:11:16:13,248 INFO     [psi4.optking.history:317] 	Steps to be used in Hessian update:  1

2025-12-23:11:16:13,248 INFO     [psi4.optking.history:418] 	Updated Hessian (in au) 
 	   2.154562

2025-12-23:11:16:13,249 INFO     [psi4.optking.molsys:944] Projected (PHP) Hessian matrix
	   2.154562

2025-12-23:11:16:13,249 INFO     [psi4.optking.opt_helper:182] 
	         Geometry (au)                                       Gradient (au)
   0.0000000000   0.0000000000   1.5516960171		   0.0000000000  -0.0000000000  -0.5361585989
   0.0000000000   0.0000000000  -0.9517651269		  -0.0000000000   0.0000000000   0.5361487541

2025-12-23:11:16:13,249 INFO     [psi4.optking.stepAlgorithms:368] 	Current Step Report 
 
	Current energy:      -441.0194846226
	Energy change for the previous step:
		Actual       :        -0.1801396915
		Projected    :        -0.1231031856

2025-12-23:11:16:13,249 INFO     [psi4.optking.stepAlgorithms:371] 	Energy ratio =    1.46332
2025-12-23:11:16:13,249 INFO     [psi4.optking.stepAlgorithms:399] 	Energy ratio indicates good step.
2025-12-23:11:16:13,249 INFO     [psi4.optking.stepAlgorithms:400] 	Intrafrag trust radius increased to      1.
2025-12-23:11:16:13,249 INFO     [psi4.optking.stepAlgorithms:929] 	Using RFO solution 1.
2025-12-23:11:16:13,249 INFO     [psi4.optking.displace:100] 	Determining Cartesian step for fragment 1.
2025-12-23:11:16:13,249 INFO     [psi4.optking.displace:415] 	Successfully converged to displaced geometry.
2025-12-23:11:16:13,249 INFO     [psi4.optking.displace:416] 	RMS(dx):  1.282e-16 	Max(dx):  2.220e-16 	RMS(dq):  4.441e-16
2025-12-23:11:16:13,249 INFO     [psi4.optking.displace:172] 

	        --- Internal Coordinate Step in ANG or DEG, aJ/ANG or AJ/DEG ---
	-------------------------------------------------------------------------------
	           Coordinate      Previous         Force          Change          New 
	           ----------      --------        ------          ------        ------
	               R(1,2)       1.32477        4.41722        0.12441       1.44918
	-------------------------------------------------------------------------------

2025-12-23:11:16:13,249 INFO     [psi4.optking.stepAlgorithms:113] 	|target step| :    0.2350924683
2025-12-23:11:16:13,249 INFO     [psi4.optking.stepAlgorithms:114] 	gradient     :   -0.5361536765
2025-12-23:11:16:13,249 INFO     [psi4.optking.stepAlgorithms:115] 	hessian      :    2.1545619367
2025-12-23:11:16:13,249 INFO     [psi4.optking.stepAlgorithms:113] 	|target step| :    0.2350924683
2025-12-23:11:16:13,249 INFO     [psi4.optking.stepAlgorithms:114] 	gradient     :   -0.5361536765
2025-12-23:11:16:13,249 INFO     [psi4.optking.stepAlgorithms:115] 	hessian      :    2.1545619367
2025-12-23:11:16:13,249 INFO     [psi4.optking.stepAlgorithms:206] 	Norm of achieved step-size    0.2350924683
2025-12-23:11:16:13,249 INFO     [psi4.optking.stepAlgorithms:208] 	Norm of achieved step-size (cart):    0.1662354786
2025-12-23:11:16:13,250 INFO     [psi4.optking.opt_helper:164] Molsys:

	                            ===> Fragment 1 <== 

	 Z (Atomic Numbers)          Masses                          Geom                  
	       9.000000            18.998403          0.00000000  0.00000000  1.66924225   
	      15.000000            30.973762          0.00000000  0.00000000 -1.06931136   

	 - Coordinate -           - BOHR/RAD -       - ANG/DEG -
	 R(1,2)           =         2.738554           1.449180

2025-12-23:11:16:13,250 INFO     [psi4.optking.convcheck:76] Performing convergence check.
2025-12-23:11:16:13,250 INFO     [psi4.optking.convcheck:282] 
	                                 ==> Convergence Check <==                                  
    
	Measures of convergence in internal coordinates in au.
    
	Criteria marked as inactive (o), active & met (*), and active & unmet ( ).

	----------------------------------------------------------------------------------------------
	   Step    Total Energy     Delta E     Max Force     RMS Force      Max Disp      RMS Disp   
	----------------------------------------------------------------------------------------------
	  Convergence Criteria     1.00e-06 *    3.00e-04 *             o    1.20e-03 *             o
	----------------------------------------------------------------------------------------------
	     2    -441.01948462   -1.80e-01      5.36e-01      5.36e-01 o    2.35e-01      2.35e-01 o  ~
	----------------------------------------------------------------------------------------------


2025-12-23:11:16:13,250 INFO     [psi4.optking.stepAlgorithms:296] 	Convergence check returned False
2025-12-23:11:16:13,260 INFO     [psi4.driver.task_planner:259] PLANNING Atomic:  keywords={'DAMPING_PERCENTAGE': 1.0, 'GEOM_MAXITER': 500, 'SCF__GUESS': 'READ', 'GUESS': 'SAP', 'MAXITER': 500, 'REFERENCE': 'UKS', 'function_kwargs': {}}
2025-12-23:11:16:13,262 INFO     [psi4.driver.driver:638] Compute gradient(): method=b3lyp, basis=cc-pvdz, molecule=default, nre=49.29609535366502
2025-12-23:11:16:13,776 INFO     [psi4.driver.driver:641] Return gradient(): -441.10996378692477
2025-12-23:11:16:13,777 INFO     [psi4.driver.driver:642] [[ 0.00000000 -0.00000000 -0.26100945]
 [ 0.00000000  0.00000000  0.26094875]]
2025-12-23:11:16:13,778 INFO     [psi4.optking.history:269] 	Performing BFGS update.
2025-12-23:11:16:13,778 INFO     [psi4.optking.history:280] 	Using 2 previous steps for update.
2025-12-23:11:16:13,778 INFO     [psi4.optking.history:317] 	Steps to be used in Hessian update:  2 1

2025-12-23:11:16:13,778 INFO     [psi4.optking.history:418] 	Updated Hessian (in au) 
 	   1.663257

2025-12-23:11:16:13,779 INFO     [psi4.optking.molsys:944] Projected (PHP) Hessian matrix
	   1.663257

2025-12-23:11:16:13,779 INFO     [psi4.optking.opt_helper:182] 
	         Geometry (au)                                       Gradient (au)
   0.0000000000   0.0000000000   1.6974110994		   0.0000000000  -0.0000000000  -0.2610094528
   0.0000000000   0.0000000000  -1.0411425128		   0.0000000000   0.0000000000   0.2609487469

2025-12-23:11:16:13,779 INFO     [psi4.optking.stepAlgorithms:368] 	Current Step Report 
 
	Current energy:      -441.1099637869
	Energy change for the previous step:
		Actual       :        -0.0904791643
		Projected    :        -0.0630228456

2025-12-23:11:16:13,779 INFO     [psi4.optking.stepAlgorithms:371] 	Energy ratio =    1.43566
2025-12-23:11:16:13,779 INFO     [psi4.optking.stepAlgorithms:929] 	Using RFO solution 1.
2025-12-23:11:16:13,779 INFO     [psi4.optking.displace:100] 	Determining Cartesian step for fragment 1.
2025-12-23:11:16:13,779 INFO     [psi4.optking.displace:415] 	Successfully converged to displaced geometry.
2025-12-23:11:16:13,779 INFO     [psi4.optking.displace:416] 	RMS(dx):  1.282e-16 	Max(dx):  2.220e-16 	RMS(dq):  4.441e-16
2025-12-23:11:16:13,779 INFO     [psi4.optking.displace:172] 

	        --- Internal Coordinate Step in ANG or DEG, aJ/ANG or AJ/DEG ---
	-------------------------------------------------------------------------------
	           Coordinate      Previous         Force          Change          New 
	           ----------      --------        ------          ------        ------
	               R(1,2)       1.44918        2.15013        0.08108       1.53026
	-------------------------------------------------------------------------------

2025-12-23:11:16:13,779 INFO     [psi4.optking.stepAlgorithms:113] 	|target step| :    0.1532245876
2025-12-23:11:16:13,779 INFO     [psi4.optking.stepAlgorithms:114] 	gradient     :   -0.2609790998
2025-12-23:11:16:13,779 INFO     [psi4.optking.stepAlgorithms:115] 	hessian      :    1.6632571542
2025-12-23:11:16:13,779 INFO     [psi4.optking.stepAlgorithms:113] 	|target step| :    0.1532245876
2025-12-23:11:16:13,779 INFO     [psi4.optking.stepAlgorithms:114] 	gradient     :   -0.2609790998
2025-12-23:11:16:13,779 INFO     [psi4.optking.stepAlgorithms:115] 	hessian      :    1.6632571542
2025-12-23:11:16:13,779 INFO     [psi4.optking.stepAlgorithms:206] 	Norm of achieved step-size    0.1532245876
2025-12-23:11:16:13,779 INFO     [psi4.optking.stepAlgorithms:208] 	Norm of achieved step-size (cart):    0.1083461449
2025-12-23:11:16:13,780 INFO     [psi4.optking.opt_helper:164] Molsys:

	                            ===> Fragment 1 <== 

	 Z (Atomic Numbers)          Masses                          Geom                  
	       9.000000            18.998403          0.00000000  0.00000000  1.77402339   
	      15.000000            30.973762          0.00000000  0.00000000 -1.11775481   

	 - Coordinate -           - BOHR/RAD -       - ANG/DEG -
	 R(1,2)           =         2.891778           1.530263

2025-12-23:11:16:13,780 INFO     [psi4.optking.convcheck:76] Performing convergence check.
2025-12-23:11:16:13,780 INFO     [psi4.optking.convcheck:282] 
	                                 ==> Convergence Check <==                                  
    
	Measures of convergence in internal coordinates in au.
    
	Criteria marked as inactive (o), active & met (*), and active & unmet ( ).

	----------------------------------------------------------------------------------------------
	   Step    Total Energy     Delta E     Max Force     RMS Force      Max Disp      RMS Disp   
	----------------------------------------------------------------------------------------------
	  Convergence Criteria     1.00e-06 *    3.00e-04 *             o    1.20e-03 *             o
	----------------------------------------------------------------------------------------------
	     3    -441.10996379   -9.05e-02      2.61e-01      2.61e-01 o    1.53e-01      1.53e-01 o  ~
	----------------------------------------------------------------------------------------------


2025-12-23:11:16:13,780 INFO     [psi4.optking.stepAlgorithms:296] 	Convergence check returned False
2025-12-23:11:16:13,790 INFO     [psi4.driver.task_planner:259] PLANNING Atomic:  keywords={'DAMPING_PERCENTAGE': 1.0, 'GEOM_MAXITER': 500, 'SCF__GUESS': 'READ', 'GUESS': 'SAP', 'MAXITER': 500, 'REFERENCE': 'UKS', 'function_kwargs': {}}
2025-12-23:11:16:13,791 INFO     [psi4.driver.driver:638] Compute gradient(): method=b3lyp, basis=cc-pvdz, molecule=default, nre=46.68407833261482
2025-12-23:11:16:14,355 INFO     [psi4.driver.driver:641] Return gradient(): -441.1410901630354
2025-12-23:11:16:14,355 INFO     [psi4.driver.driver:642] [[-0.00000000  0.00000000 -0.15246092]
 [ 0.00000000 -0.00000000  0.15241262]]
2025-12-23:11:16:14,357 INFO     [psi4.optking.history:269] 	Performing BFGS update.
2025-12-23:11:16:14,357 INFO     [psi4.optking.history:280] 	Using 3 previous steps for update.
2025-12-23:11:16:14,357 WARNING  [psi4.optking.history:301] 	Change in internal coordinate of 6.24e-01 exceeds limit of 5.00e-01.
2025-12-23:11:16:14,357 WARNING  [psi4.optking.history:306] 	Skipping Hessian update for step 1.
2025-12-23:11:16:14,357 INFO     [psi4.optking.history:317] 	Steps to be used in Hessian update:  3 2

2025-12-23:11:16:14,357 INFO     [psi4.optking.history:418] 	Updated Hessian (in au) 
 	   0.988154

2025-12-23:11:16:14,357 INFO     [psi4.optking.molsys:944] Projected (PHP) Hessian matrix
	   0.988154

2025-12-23:11:16:14,357 INFO     [psi4.optking.opt_helper:182] 
	         Geometry (au)                                       Gradient (au)
   0.0000000000   0.0000000000   1.7923828080		  -0.0000000000   0.0000000000  -0.1524609184
   0.0000000000   0.0000000000  -1.0993953918		   0.0000000000  -0.0000000000   0.1524126152

2025-12-23:11:16:14,357 INFO     [psi4.optking.stepAlgorithms:368] 	Current Step Report 
 
	Current energy:      -441.1410901630
	Energy change for the previous step:
		Actual       :        -0.0311263761
		Projected    :        -0.0199942075

2025-12-23:11:16:14,357 INFO     [psi4.optking.stepAlgorithms:371] 	Energy ratio =    1.55677
2025-12-23:11:16:14,358 INFO     [psi4.optking.stepAlgorithms:929] 	Using RFO solution 1.
2025-12-23:11:16:14,358 INFO     [psi4.optking.displace:100] 	Determining Cartesian step for fragment 1.
2025-12-23:11:16:14,358 INFO     [psi4.optking.displace:415] 	Successfully converged to displaced geometry.
2025-12-23:11:16:14,358 INFO     [psi4.optking.displace:416] 	RMS(dx):  1.282e-16 	Max(dx):  2.220e-16 	RMS(dq):  4.441e-16
2025-12-23:11:16:14,358 INFO     [psi4.optking.displace:172] 

	        --- Internal Coordinate Step in ANG or DEG, aJ/ANG or AJ/DEG ---
	-------------------------------------------------------------------------------
	           Coordinate      Previous         Force          Change          New 
	           ----------      --------        ------          ------        ------
	               R(1,2)       1.53026        1.25588        0.07978       1.61004
	-------------------------------------------------------------------------------

2025-12-23:11:16:14,358 INFO     [psi4.optking.stepAlgorithms:113] 	|target step| :    0.1507581183
2025-12-23:11:16:14,358 INFO     [psi4.optking.stepAlgorithms:114] 	gradient     :   -0.1524367668
2025-12-23:11:16:14,358 INFO     [psi4.optking.stepAlgorithms:115] 	hessian      :    0.9881536335
2025-12-23:11:16:14,358 INFO     [psi4.optking.stepAlgorithms:113] 	|target step| :    0.1507581183
2025-12-23:11:16:14,358 INFO     [psi4.optking.stepAlgorithms:114] 	gradient     :   -0.1524367668
2025-12-23:11:16:14,358 INFO     [psi4.optking.stepAlgorithms:115] 	hessian      :    0.9881536335
2025-12-23:11:16:14,358 INFO     [psi4.optking.stepAlgorithms:206] 	Norm of achieved step-size    0.1507581183
2025-12-23:11:16:14,358 INFO     [psi4.optking.stepAlgorithms:208] 	Norm of achieved step-size (cart):    0.1066020878
2025-12-23:11:16:14,358 INFO     [psi4.optking.opt_helper:164] Molsys:

	                            ===> Fragment 1 <== 

	 Z (Atomic Numbers)          Masses                          Geom                  
	       9.000000            18.998403          0.00000000  0.00000000  1.86776187   
	      15.000000            30.973762          0.00000000  0.00000000 -1.17477445   

	 - Coordinate -           - BOHR/RAD -       - ANG/DEG -
	 R(1,2)           =         3.042536           1.610041

2025-12-23:11:16:14,358 INFO     [psi4.optking.convcheck:76] Performing convergence check.
2025-12-23:11:16:14,359 INFO     [psi4.optking.convcheck:282] 
	                                 ==> Convergence Check <==                                  
    
	Measures of convergence in internal coordinates in au.
    
	Criteria marked as inactive (o), active & met (*), and active & unmet ( ).

	----------------------------------------------------------------------------------------------
	   Step    Total Energy     Delta E     Max Force     RMS Force      Max Disp      RMS Disp   
	----------------------------------------------------------------------------------------------
	  Convergence Criteria     1.00e-06 *    3.00e-04 *             o    1.20e-03 *             o
	----------------------------------------------------------------------------------------------
	     4    -441.14109016   -3.11e-02      1.52e-01      1.52e-01 o    1.51e-01      1.51e-01 o  ~
	----------------------------------------------------------------------------------------------


2025-12-23:11:16:14,359 INFO     [psi4.optking.stepAlgorithms:296] 	Convergence check returned False
2025-12-23:11:16:14,368 INFO     [psi4.driver.task_planner:259] PLANNING Atomic:  keywords={'DAMPING_PERCENTAGE': 1.0, 'GEOM_MAXITER': 500, 'SCF__GUESS': 'READ', 'GUESS': 'SAP', 'MAXITER': 500, 'REFERENCE': 'UKS', 'function_kwargs': {}}
2025-12-23:11:16:14,370 INFO     [psi4.driver.driver:638] Compute gradient(): method=b3lyp, basis=cc-pvdz, molecule=default, nre=44.37087544208501
2025-12-23:11:16:14,917 INFO     [psi4.driver.driver:641] Return gradient(): -441.1582482215524
2025-12-23:11:16:14,917 INFO     [psi4.driver.driver:642] [[ 0.00000000  0.00000000 -0.08001300]
 [-0.00000000  0.00000000  0.07995194]]
2025-12-23:11:16:14,919 INFO     [psi4.optking.history:269] 	Performing BFGS update.
2025-12-23:11:16:14,919 INFO     [psi4.optking.history:280] 	Using 4 previous steps for update.
2025-12-23:11:16:14,919 WARNING  [psi4.optking.history:301] 	Change in internal coordinate of 5.39e-01 exceeds limit of 5.00e-01.
2025-12-23:11:16:14,919 WARNING  [psi4.optking.history:306] 	Skipping Hessian update for step 2.
2025-12-23:11:16:14,919 WARNING  [psi4.optking.history:301] 	Change in internal coordinate of 7.75e-01 exceeds limit of 5.00e-01.
2025-12-23:11:16:14,919 WARNING  [psi4.optking.history:306] 	Skipping Hessian update for step 1.
2025-12-23:11:16:14,919 INFO     [psi4.optking.history:317] 	Steps to be used in Hessian update:  4 3

2025-12-23:11:16:14,919 INFO     [psi4.optking.history:418] 	Updated Hessian (in au) 
 	   0.595418

2025-12-23:11:16:14,920 INFO     [psi4.optking.molsys:944] Projected (PHP) Hessian matrix
	   0.595418

2025-12-23:11:16:14,920 INFO     [psi4.optking.opt_helper:182] 
	         Geometry (au)                                       Gradient (au)
   0.0000000000   0.0000000000   1.8858257489		   0.0000000000   0.0000000000  -0.0800129994
   0.0000000000   0.0000000000  -1.1567105692		  -0.0000000000   0.0000000000   0.0799519404

2025-12-23:11:16:14,920 INFO     [psi4.optking.stepAlgorithms:368] 	Current Step Report 
 
	Current energy:      -441.1582482216
	Energy change for the previous step:
		Actual       :        -0.0171580585
		Projected    :        -0.0114905401

2025-12-23:11:16:14,920 INFO     [psi4.optking.stepAlgorithms:371] 	Energy ratio =    1.49323
2025-12-23:11:16:14,920 INFO     [psi4.optking.stepAlgorithms:929] 	Using RFO solution 1.
2025-12-23:11:16:14,920 INFO     [psi4.optking.displace:100] 	Determining Cartesian step for fragment 1.
2025-12-23:11:16:14,920 INFO     [psi4.optking.displace:415] 	Successfully converged to displaced geometry.
2025-12-23:11:16:14,920 INFO     [psi4.optking.displace:416] 	RMS(dx):  0.000e+00 	Max(dx):  0.000e+00 	RMS(dq):  0.000e+00
2025-12-23:11:16:14,920 INFO     [psi4.optking.displace:172] 

	        --- Internal Coordinate Step in ANG or DEG, aJ/ANG or AJ/DEG ---
	-------------------------------------------------------------------------------
	           Coordinate      Previous         Force          Change          New 
	           ----------      --------        ------          ------        ------
	               R(1,2)       1.61004        0.65895        0.06985       1.67989
	-------------------------------------------------------------------------------

2025-12-23:11:16:14,920 INFO     [psi4.optking.stepAlgorithms:113] 	|target step| :    0.1319898500
2025-12-23:11:16:14,920 INFO     [psi4.optking.stepAlgorithms:114] 	gradient     :   -0.0799824699
2025-12-23:11:16:14,920 INFO     [psi4.optking.stepAlgorithms:115] 	hessian      :    0.5954175237
2025-12-23:11:16:14,920 INFO     [psi4.optking.stepAlgorithms:113] 	|target step| :    0.1319898500
2025-12-23:11:16:14,920 INFO     [psi4.optking.stepAlgorithms:114] 	gradient     :   -0.0799824699
2025-12-23:11:16:14,920 INFO     [psi4.optking.stepAlgorithms:115] 	hessian      :    0.5954175237
2025-12-23:11:16:14,920 INFO     [psi4.optking.stepAlgorithms:206] 	Norm of achieved step-size    0.1319898500
2025-12-23:11:16:14,920 INFO     [psi4.optking.stepAlgorithms:208] 	Norm of achieved step-size (cart):    0.0933309180
2025-12-23:11:16:14,920 INFO     [psi4.optking.opt_helper:164] Molsys:

	                            ===> Fragment 1 <== 

	 Z (Atomic Numbers)          Masses                          Geom                  
	       9.000000            18.998403          0.00000000  0.00000000  1.95182067   
	      15.000000            30.973762          0.00000000  0.00000000 -1.22270549   

	 - Coordinate -           - BOHR/RAD -       - ANG/DEG -
	 R(1,2)           =         3.174526           1.679887

2025-12-23:11:16:14,921 INFO     [psi4.optking.convcheck:76] Performing convergence check.
2025-12-23:11:16:14,921 INFO     [psi4.optking.convcheck:282] 
	                                 ==> Convergence Check <==                                  
    
	Measures of convergence in internal coordinates in au.
    
	Criteria marked as inactive (o), active & met (*), and active & unmet ( ).

	----------------------------------------------------------------------------------------------
	   Step    Total Energy     Delta E     Max Force     RMS Force      Max Disp      RMS Disp   
	----------------------------------------------------------------------------------------------
	  Convergence Criteria     1.00e-06 *    3.00e-04 *             o    1.20e-03 *             o
	----------------------------------------------------------------------------------------------
	     5    -441.15824822   -1.72e-02      8.00e-02      8.00e-02 o    1.32e-01      1.32e-01 o  ~
	----------------------------------------------------------------------------------------------


2025-12-23:11:16:14,921 INFO     [psi4.optking.stepAlgorithms:296] 	Convergence check returned False
2025-12-23:11:16:14,931 INFO     [psi4.driver.task_planner:259] PLANNING Atomic:  keywords={'DAMPING_PERCENTAGE': 1.0, 'GEOM_MAXITER': 500, 'SCF__GUESS': 'READ', 'GUESS': 'SAP', 'MAXITER': 500, 'REFERENCE': 'UKS', 'function_kwargs': {}}
2025-12-23:11:16:14,933 INFO     [psi4.driver.driver:638] Compute gradient(): method=b3lyp, basis=cc-pvdz, molecule=default, nre=42.52603155593946
2025-12-23:11:16:15,451 INFO     [psi4.driver.driver:641] Return gradient(): -441.16573205298704
2025-12-23:11:16:15,451 INFO     [psi4.driver.driver:642] [[ 0.00000000 -0.00000000 -0.03611642]
 [ 0.00000000  0.00000000  0.03604453]]
2025-12-23:11:16:15,452 INFO     [psi4.optking.history:269] 	Performing BFGS update.
2025-12-23:11:16:15,453 INFO     [psi4.optking.history:280] 	Using 4 previous steps for update.
2025-12-23:11:16:15,453 WARNING  [psi4.optking.history:301] 	Change in internal coordinate of 6.71e-01 exceeds limit of 5.00e-01.
2025-12-23:11:16:15,453 WARNING  [psi4.optking.history:306] 	Skipping Hessian update for step 2.
2025-12-23:11:16:15,453 WARNING  [psi4.optking.history:301] 	Change in internal coordinate of 9.07e-01 exceeds limit of 5.00e-01.
2025-12-23:11:16:15,453 WARNING  [psi4.optking.history:306] 	Skipping Hessian update for step 1.
2025-12-23:11:16:15,453 INFO     [psi4.optking.history:317] 	Steps to be used in Hessian update:  5 4 3

2025-12-23:11:16:15,453 INFO     [psi4.optking.history:418] 	Updated Hessian (in au) 
 	   0.515855

2025-12-23:11:16:15,453 INFO     [psi4.optking.molsys:944] Projected (PHP) Hessian matrix
	   0.515855

2025-12-23:11:16:15,453 INFO     [psi4.optking.opt_helper:182] 
	         Geometry (au)                                       Gradient (au)
   0.0000000000   0.0000000000   1.9676357362		   0.0000000000  -0.0000000000  -0.0361164241
   0.0000000000   0.0000000000  -1.2068904319		   0.0000000000   0.0000000000   0.0360445337

2025-12-23:11:16:15,453 INFO     [psi4.optking.stepAlgorithms:368] 	Current Step Report 
 
	Current energy:      -441.1657320530
	Energy change for the previous step:
		Actual       :        -0.0074838314
		Projected    :        -0.0052784371

2025-12-23:11:16:15,453 INFO     [psi4.optking.stepAlgorithms:371] 	Energy ratio =    1.41781
2025-12-23:11:16:15,453 INFO     [psi4.optking.stepAlgorithms:929] 	Using RFO solution 1.
2025-12-23:11:16:15,453 INFO     [psi4.optking.displace:100] 	Determining Cartesian step for fragment 1.
2025-12-23:11:16:15,454 INFO     [psi4.optking.displace:415] 	Successfully converged to displaced geometry.
2025-12-23:11:16:15,454 INFO     [psi4.optking.displace:416] 	RMS(dx):  0.000e+00 	Max(dx):  0.000e+00 	RMS(dq):  0.000e+00
2025-12-23:11:16:15,454 INFO     [psi4.optking.displace:172] 

	        --- Internal Coordinate Step in ANG or DEG, aJ/ANG or AJ/DEG ---
	-------------------------------------------------------------------------------
	           Coordinate      Previous         Force          Change          New 
	           ----------      --------        ------          ------        ------
	               R(1,2)       1.67989        0.29726        0.03683       1.71672
	-------------------------------------------------------------------------------

2025-12-23:11:16:15,454 INFO     [psi4.optking.stepAlgorithms:113] 	|target step| :    0.0696042075
2025-12-23:11:16:15,454 INFO     [psi4.optking.stepAlgorithms:114] 	gradient     :   -0.0360804789
2025-12-23:11:16:15,454 INFO     [psi4.optking.stepAlgorithms:115] 	hessian      :    0.5158549957
2025-12-23:11:16:15,454 INFO     [psi4.optking.stepAlgorithms:113] 	|target step| :    0.0696042075
2025-12-23:11:16:15,454 INFO     [psi4.optking.stepAlgorithms:114] 	gradient     :   -0.0360804789
2025-12-23:11:16:15,454 INFO     [psi4.optking.stepAlgorithms:115] 	hessian      :    0.5158549957
2025-12-23:11:16:15,454 INFO     [psi4.optking.stepAlgorithms:206] 	Norm of achieved step-size    0.0696042075
2025-12-23:11:16:15,454 INFO     [psi4.optking.stepAlgorithms:208] 	Norm of achieved step-size (cart):    0.0492176071
2025-12-23:11:16:15,454 INFO     [psi4.optking.opt_helper:164] Molsys:

	                            ===> Fragment 1 <== 

	 Z (Atomic Numbers)          Masses                          Geom                  
	       9.000000            18.998403          0.00000000  0.00000000  2.00243784   
	      15.000000            30.973762          0.00000000  0.00000000 -1.24169254   

	 - Coordinate -           - BOHR/RAD -       - ANG/DEG -
	 R(1,2)           =         3.244130           1.716720

2025-12-23:11:16:15,454 INFO     [psi4.optking.convcheck:76] Performing convergence check.
2025-12-23:11:16:15,454 INFO     [psi4.optking.convcheck:282] 
	                                 ==> Convergence Check <==                                  
    
	Measures of convergence in internal coordinates in au.
    
	Criteria marked as inactive (o), active & met (*), and active & unmet ( ).

	----------------------------------------------------------------------------------------------
	   Step    Total Energy     Delta E     Max Force     RMS Force      Max Disp      RMS Disp   
	----------------------------------------------------------------------------------------------
	  Convergence Criteria     1.00e-06 *    3.00e-04 *             o    1.20e-03 *             o
	----------------------------------------------------------------------------------------------
	     6    -441.16573205   -7.48e-03      3.61e-02      3.61e-02 o    6.96e-02      6.96e-02 o  ~
	----------------------------------------------------------------------------------------------


2025-12-23:11:16:15,454 INFO     [psi4.optking.stepAlgorithms:296] 	Convergence check returned False
2025-12-23:11:16:15,464 INFO     [psi4.driver.task_planner:259] PLANNING Atomic:  keywords={'DAMPING_PERCENTAGE': 1.0, 'GEOM_MAXITER': 500, 'SCF__GUESS': 'READ', 'GUESS': 'SAP', 'MAXITER': 500, 'REFERENCE': 'UKS', 'function_kwargs': {}}
2025-12-23:11:16:15,465 INFO     [psi4.driver.driver:638] Compute gradient(): method=b3lyp, basis=cc-pvdz, molecule=default, nre=41.61361732388075
2025-12-23:11:16:16,30 INFO     [psi4.driver.driver:641] Return gradient(): -441.1676057192071
2025-12-23:11:16:16,30 INFO     [psi4.driver.driver:642] [[ 0.00000000  0.00000000 -0.01845475]
 [ 0.00000000  0.00000000  0.01838439]]
2025-12-23:11:16:16,32 INFO     [psi4.optking.history:269] 	Performing BFGS update.
2025-12-23:11:16:16,32 INFO     [psi4.optking.history:280] 	Using 4 previous steps for update.
2025-12-23:11:16:16,32 WARNING  [psi4.optking.history:301] 	Change in internal coordinate of 5.06e-01 exceeds limit of 5.00e-01.
2025-12-23:11:16:16,32 WARNING  [psi4.optking.history:306] 	Skipping Hessian update for step 3.
2025-12-23:11:16:16,32 WARNING  [psi4.optking.history:301] 	Change in internal coordinate of 7.41e-01 exceeds limit of 5.00e-01.
2025-12-23:11:16:16,32 WARNING  [psi4.optking.history:306] 	Skipping Hessian update for step 2.
2025-12-23:11:16:16,32 WARNING  [psi4.optking.history:301] 	Change in internal coordinate of 9.76e-01 exceeds limit of 5.00e-01.
2025-12-23:11:16:16,32 WARNING  [psi4.optking.history:306] 	Skipping Hessian update for step 1.
2025-12-23:11:16:16,32 INFO     [psi4.optking.history:317] 	Steps to be used in Hessian update:  6 5 4

2025-12-23:11:16:16,32 INFO     [psi4.optking.history:418] 	Updated Hessian (in au) 
 	   0.380350

2025-12-23:11:16:16,32 INFO     [psi4.optking.molsys:944] Projected (PHP) Hessian matrix
	   0.380350

2025-12-23:11:16:16,32 INFO     [psi4.optking.opt_helper:182] 
	         Geometry (au)                                       Gradient (au)
   0.0000000000   0.0000000000   2.0107778365		   0.0000000000   0.0000000000  -0.0184547473
   0.0000000000   0.0000000000  -1.2333525392		   0.0000000000   0.0000000000   0.0183843925

2025-12-23:11:16:16,32 INFO     [psi4.optking.stepAlgorithms:368] 	Current Step Report 
 
	Current energy:      -441.1676057192
	Energy change for the previous step:
		Actual       :        -0.0018736662
		Projected    :        -0.0012556766

2025-12-23:11:16:16,32 INFO     [psi4.optking.stepAlgorithms:371] 	Energy ratio =    1.49216
2025-12-23:11:16:16,33 INFO     [psi4.optking.stepAlgorithms:929] 	Using RFO solution 1.
2025-12-23:11:16:16,33 INFO     [psi4.optking.displace:100] 	Determining Cartesian step for fragment 1.
2025-12-23:11:16:16,33 INFO     [psi4.optking.displace:415] 	Successfully converged to displaced geometry.
2025-12-23:11:16:16,33 INFO     [psi4.optking.displace:416] 	RMS(dx):  0.000e+00 	Max(dx):  0.000e+00 	RMS(dq):  0.000e+00
2025-12-23:11:16:16,33 INFO     [psi4.optking.displace:172] 

	        --- Internal Coordinate Step in ANG or DEG, aJ/ANG or AJ/DEG ---
	-------------------------------------------------------------------------------
	           Coordinate      Previous         Force          Change          New 
	           ----------      --------        ------          ------        ------
	               R(1,2)       1.71672        0.15175        0.02557       1.74229
	-------------------------------------------------------------------------------

2025-12-23:11:16:16,33 INFO     [psi4.optking.stepAlgorithms:113] 	|target step| :    0.0483148840
2025-12-23:11:16:16,33 INFO     [psi4.optking.stepAlgorithms:114] 	gradient     :   -0.0184195699
2025-12-23:11:16:16,33 INFO     [psi4.optking.stepAlgorithms:115] 	hessian      :    0.3803501330
2025-12-23:11:16:16,33 INFO     [psi4.optking.stepAlgorithms:113] 	|target step| :    0.0483148840
2025-12-23:11:16:16,33 INFO     [psi4.optking.stepAlgorithms:114] 	gradient     :   -0.0184195699
2025-12-23:11:16:16,33 INFO     [psi4.optking.stepAlgorithms:115] 	hessian      :    0.3803501330
2025-12-23:11:16:16,33 INFO     [psi4.optking.stepAlgorithms:206] 	Norm of achieved step-size    0.0483148840
2025-12-23:11:16:16,33 INFO     [psi4.optking.stepAlgorithms:208] 	Norm of achieved step-size (cart):    0.0341637821
2025-12-23:11:16:16,33 INFO     [psi4.optking.opt_helper:164] Molsys:

	                            ===> Fragment 1 <== 

	 Z (Atomic Numbers)          Masses                          Geom                  
	       9.000000            18.998403          0.00000000  0.00000000  2.03493528   
	      15.000000            30.973762          0.00000000  0.00000000 -1.25750998   

	 - Coordinate -           - BOHR/RAD -       - ANG/DEG -
	 R(1,2)           =         3.292445           1.742287

2025-12-23:11:16:16,33 INFO     [psi4.optking.convcheck:76] Performing convergence check.
2025-12-23:11:16:16,33 INFO     [psi4.optking.convcheck:282] 
	                                 ==> Convergence Check <==                                  
    
	Measures of convergence in internal coordinates in au.
    
	Criteria marked as inactive (o), active & met (*), and active & unmet ( ).

	----------------------------------------------------------------------------------------------
	   Step    Total Energy     Delta E     Max Force     RMS Force      Max Disp      RMS Disp   
	----------------------------------------------------------------------------------------------
	  Convergence Criteria     1.00e-06 *    3.00e-04 *             o    1.20e-03 *             o
	----------------------------------------------------------------------------------------------
	     7    -441.16760572   -1.87e-03      1.84e-02      1.84e-02 o    4.83e-02      4.83e-02 o  ~
	----------------------------------------------------------------------------------------------


2025-12-23:11:16:16,33 INFO     [psi4.optking.stepAlgorithms:296] 	Convergence check returned False
2025-12-23:11:16:16,43 INFO     [psi4.driver.task_planner:259] PLANNING Atomic:  keywords={'DAMPING_PERCENTAGE': 1.0, 'GEOM_MAXITER': 500, 'SCF__GUESS': 'READ', 'GUESS': 'SAP', 'MAXITER': 500, 'REFERENCE': 'UKS', 'function_kwargs': {}}
2025-12-23:11:16:16,44 INFO     [psi4.driver.driver:638] Compute gradient(): method=b3lyp, basis=cc-pvdz, molecule=default, nre=41.002959610167466
2025-12-23:11:16:16,572 INFO     [psi4.driver.driver:641] Return gradient(): -441.1682358139754
2025-12-23:11:16:16,572 INFO     [psi4.driver.driver:642] [[ 0.00000000  0.00000000 -0.00801268]
 [ 0.00000000 -0.00000000  0.00794529]]
2025-12-23:11:16:16,574 INFO     [psi4.optking.history:269] 	Performing BFGS update.
2025-12-23:11:16:16,574 INFO     [psi4.optking.history:280] 	Using 4 previous steps for update.
2025-12-23:11:16:16,574 INFO     [psi4.optking.history:317] 	Steps to be used in Hessian update:  7 6 5 4

2025-12-23:11:16:16,574 INFO     [psi4.optking.history:418] 	Updated Hessian (in au) 
 	   0.360543

2025-12-23:11:16:16,574 INFO     [psi4.optking.molsys:944] Projected (PHP) Hessian matrix
	   0.360543

2025-12-23:11:16:16,574 INFO     [psi4.optking.opt_helper:182] 
	         Geometry (au)                                       Gradient (au)
   0.0000000000   0.0000000000   2.0407243820		   0.0000000000   0.0000000000  -0.0080126816
   0.0000000000   0.0000000000  -1.2517208777		   0.0000000000  -0.0000000000   0.0079452864

2025-12-23:11:16:16,574 INFO     [psi4.optking.stepAlgorithms:368] 	Current Step Report 
 
	Current energy:      -441.1682358140
	Energy change for the previous step:
		Actual       :        -0.0006300948
		Projected    :        -0.0004449697

2025-12-23:11:16:16,574 INFO     [psi4.optking.stepAlgorithms:371] 	Energy ratio =    1.41604
2025-12-23:11:16:16,574 INFO     [psi4.optking.stepAlgorithms:929] 	Using RFO solution 1.
2025-12-23:11:16:16,575 INFO     [psi4.optking.displace:100] 	Determining Cartesian step for fragment 1.
2025-12-23:11:16:16,575 INFO     [psi4.optking.displace:415] 	Successfully converged to displaced geometry.
2025-12-23:11:16:16,575 INFO     [psi4.optking.displace:416] 	RMS(dx):  1.282e-16 	Max(dx):  2.220e-16 	RMS(dq):  4.441e-16
2025-12-23:11:16:16,575 INFO     [psi4.optking.displace:172] 

	        --- Internal Coordinate Step in ANG or DEG, aJ/ANG or AJ/DEG ---
	-------------------------------------------------------------------------------
	           Coordinate      Previous         Force          Change          New 
	           ----------      --------        ------          ------        ------
	               R(1,2)       1.74229        0.06574        0.01171       1.75399
	-------------------------------------------------------------------------------

2025-12-23:11:16:16,575 INFO     [psi4.optking.stepAlgorithms:113] 	|target step| :    0.0221196243
2025-12-23:11:16:16,575 INFO     [psi4.optking.stepAlgorithms:114] 	gradient     :   -0.0079789840
2025-12-23:11:16:16,575 INFO     [psi4.optking.stepAlgorithms:115] 	hessian      :    0.3605431973
2025-12-23:11:16:16,575 INFO     [psi4.optking.stepAlgorithms:113] 	|target step| :    0.0221196243
2025-12-23:11:16:16,575 INFO     [psi4.optking.stepAlgorithms:114] 	gradient     :   -0.0079789840
2025-12-23:11:16:16,575 INFO     [psi4.optking.stepAlgorithms:115] 	hessian      :    0.3605431973
2025-12-23:11:16:16,575 INFO     [psi4.optking.stepAlgorithms:206] 	Norm of achieved step-size    0.0221196243
2025-12-23:11:16:16,575 INFO     [psi4.optking.stepAlgorithms:208] 	Norm of achieved step-size (cart):    0.0156409364
2025-12-23:11:16:16,575 INFO     [psi4.optking.opt_helper:164] Molsys:

	                            ===> Fragment 1 <== 

	 Z (Atomic Numbers)          Masses                          Geom                  
	       9.000000            18.998403          0.00000000  0.00000000  2.05178419   
	      15.000000            30.973762          0.00000000  0.00000000 -1.26278069   

	 - Coordinate -           - BOHR/RAD -       - ANG/DEG -
	 R(1,2)           =         3.314565           1.753992

2025-12-23:11:16:16,575 INFO     [psi4.optking.convcheck:76] Performing convergence check.
2025-12-23:11:16:16,575 INFO     [psi4.optking.convcheck:282] 
	                                 ==> Convergence Check <==                                  
    
	Measures of convergence in internal coordinates in au.
    
	Criteria marked as inactive (o), active & met (*), and active & unmet ( ).

	----------------------------------------------------------------------------------------------
	   Step    Total Energy     Delta E     Max Force     RMS Force      Max Disp      RMS Disp   
	----------------------------------------------------------------------------------------------
	  Convergence Criteria     1.00e-06 *    3.00e-04 *             o    1.20e-03 *             o
	----------------------------------------------------------------------------------------------
	     8    -441.16823581   -6.30e-04      7.98e-03      7.98e-03 o    2.21e-02      2.21e-02 o  ~
	----------------------------------------------------------------------------------------------


2025-12-23:11:16:16,575 INFO     [psi4.optking.stepAlgorithms:296] 	Convergence check returned False
2025-12-23:11:16:16,585 INFO     [psi4.driver.task_planner:259] PLANNING Atomic:  keywords={'DAMPING_PERCENTAGE': 1.0, 'GEOM_MAXITER': 500, 'SCF__GUESS': 'READ', 'GUESS': 'SAP', 'MAXITER': 500, 'REFERENCE': 'UKS', 'function_kwargs': {}}
2025-12-23:11:16:16,587 INFO     [psi4.driver.driver:638] Compute gradient(): method=b3lyp, basis=cc-pvdz, molecule=default, nre=40.729327898482026
2025-12-23:11:16:17,138 INFO     [psi4.driver.driver:641] Return gradient(): -441.1683629980591
2025-12-23:11:16:17,139 INFO     [psi4.driver.driver:642] [[ 0.00000000  0.00000000 -0.00367764]
 [ 0.00000000  0.00000000  0.00361048]]
2025-12-23:11:16:17,140 INFO     [psi4.optking.history:269] 	Performing BFGS update.
2025-12-23:11:16:17,140 INFO     [psi4.optking.history:280] 	Using 4 previous steps for update.
2025-12-23:11:16:17,140 INFO     [psi4.optking.history:317] 	Steps to be used in Hessian update:  8 7 6 5

2025-12-23:11:16:17,141 INFO     [psi4.optking.history:418] 	Updated Hessian (in au) 
 	   0.280626

2025-12-23:11:16:17,141 INFO     [psi4.optking.molsys:944] Projected (PHP) Hessian matrix
	   0.280626

2025-12-23:11:16:17,141 INFO     [psi4.optking.opt_helper:182] 
	         Geometry (au)                                       Gradient (au)
   0.0000000000   0.0000000000   2.0544345740		   0.0000000000   0.0000000000  -0.0036776375
   0.0000000000   0.0000000000  -1.2601303100		   0.0000000000   0.0000000000   0.0036104783

2025-12-23:11:16:17,141 INFO     [psi4.optking.stepAlgorithms:368] 	Current Step Report 
 
	Current energy:      -441.1683629981
	Energy change for the previous step:
		Actual       :        -0.0001271841
		Projected    :        -0.0000882461

2025-12-23:11:16:17,141 INFO     [psi4.optking.stepAlgorithms:371] 	Energy ratio =    1.44124
2025-12-23:11:16:17,141 INFO     [psi4.optking.stepAlgorithms:929] 	Using RFO solution 1.
2025-12-23:11:16:17,141 INFO     [psi4.optking.displace:100] 	Determining Cartesian step for fragment 1.
2025-12-23:11:16:17,141 INFO     [psi4.optking.displace:415] 	Successfully converged to displaced geometry.
2025-12-23:11:16:17,141 INFO     [psi4.optking.displace:416] 	RMS(dx):  0.000e+00 	Max(dx):  0.000e+00 	RMS(dq):  0.000e+00
2025-12-23:11:16:17,141 INFO     [psi4.optking.displace:172] 

	        --- Internal Coordinate Step in ANG or DEG, aJ/ANG or AJ/DEG ---
	-------------------------------------------------------------------------------
	           Coordinate      Previous         Force          Change          New 
	           ----------      --------        ------          ------        ------
	               R(1,2)       1.75399        0.03002        0.00687       1.76086
	-------------------------------------------------------------------------------

2025-12-23:11:16:17,141 INFO     [psi4.optking.stepAlgorithms:113] 	|target step| :    0.0129832507
2025-12-23:11:16:17,141 INFO     [psi4.optking.stepAlgorithms:114] 	gradient     :   -0.0036440579
2025-12-23:11:16:17,141 INFO     [psi4.optking.stepAlgorithms:115] 	hessian      :    0.2806264546
2025-12-23:11:16:17,141 INFO     [psi4.optking.stepAlgorithms:113] 	|target step| :    0.0129832507
2025-12-23:11:16:17,141 INFO     [psi4.optking.stepAlgorithms:114] 	gradient     :   -0.0036440579
2025-12-23:11:16:17,141 INFO     [psi4.optking.stepAlgorithms:115] 	hessian      :    0.2806264546
2025-12-23:11:16:17,141 INFO     [psi4.optking.stepAlgorithms:206] 	Norm of achieved step-size    0.0129832507
2025-12-23:11:16:17,141 INFO     [psi4.optking.stepAlgorithms:208] 	Norm of achieved step-size (cart):    0.0091805446
2025-12-23:11:16:17,141 INFO     [psi4.optking.opt_helper:164] Molsys:

	                            ===> Fragment 1 <== 

	 Z (Atomic Numbers)          Masses                          Geom                  
	       9.000000            18.998403          0.00000000  0.00000000  2.06092620   
	      15.000000            30.973762          0.00000000  0.00000000 -1.26662194   

	 - Coordinate -           - BOHR/RAD -       - ANG/DEG -
	 R(1,2)           =         3.327548           1.760863

2025-12-23:11:16:17,142 INFO     [psi4.optking.convcheck:76] Performing convergence check.
2025-12-23:11:16:17,142 INFO     [psi4.optking.convcheck:282] 
	                                 ==> Convergence Check <==                                  
    
	Measures of convergence in internal coordinates in au.
    
	Criteria marked as inactive (o), active & met (*), and active & unmet ( ).

	----------------------------------------------------------------------------------------------
	   Step    Total Energy     Delta E     Max Force     RMS Force      Max Disp      RMS Disp   
	----------------------------------------------------------------------------------------------
	  Convergence Criteria     1.00e-06 *    3.00e-04 *             o    1.20e-03 *             o
	----------------------------------------------------------------------------------------------
	     9    -441.16836300   -1.27e-04      3.64e-03      3.64e-03 o    1.30e-02      1.30e-02 o  ~
	----------------------------------------------------------------------------------------------


2025-12-23:11:16:17,142 INFO     [psi4.optking.stepAlgorithms:296] 	Convergence check returned False
2025-12-23:11:16:17,152 INFO     [psi4.driver.task_planner:259] PLANNING Atomic:  keywords={'DAMPING_PERCENTAGE': 1.0, 'GEOM_MAXITER': 500, 'SCF__GUESS': 'READ', 'GUESS': 'SAP', 'MAXITER': 500, 'REFERENCE': 'UKS', 'function_kwargs': {}}
2025-12-23:11:16:17,153 INFO     [psi4.driver.driver:638] Compute gradient(): method=b3lyp, basis=cc-pvdz, molecule=default, nre=40.57041236838556
2025-12-23:11:16:17,665 INFO     [psi4.driver.driver:641] Return gradient(): -441.1683939747982
2025-12-23:11:16:17,665 INFO     [psi4.driver.driver:642] [[-0.00000000  0.00000000 -0.00125510]
 [-0.00000000  0.00000000  0.00118774]]
2025-12-23:11:16:17,667 INFO     [psi4.optking.history:269] 	Performing BFGS update.
2025-12-23:11:16:17,667 INFO     [psi4.optking.history:280] 	Using 4 previous steps for update.
2025-12-23:11:16:17,667 INFO     [psi4.optking.history:317] 	Steps to be used in Hessian update:  9 8 7 6

2025-12-23:11:16:17,667 INFO     [psi4.optking.history:418] 	Updated Hessian (in au) 
 	   0.227804

2025-12-23:11:16:17,667 INFO     [psi4.optking.molsys:944] Projected (PHP) Hessian matrix
	   0.227804

2025-12-23:11:16:17,667 INFO     [psi4.optking.opt_helper:182] 
	         Geometry (au)                                       Gradient (au)
   0.0000000000   0.0000000000   2.0624818562		  -0.0000000000   0.0000000000  -0.0012550995
   0.0000000000   0.0000000000  -1.2650662784		  -0.0000000000   0.0000000000   0.0011877356

2025-12-23:11:16:17,667 INFO     [psi4.optking.stepAlgorithms:368] 	Current Step Report 
 
	Current energy:      -441.1683939748
	Energy change for the previous step:
		Actual       :        -0.0000309767
		Projected    :        -0.0000236559

2025-12-23:11:16:17,667 INFO     [psi4.optking.stepAlgorithms:371] 	Energy ratio =    1.30947
2025-12-23:11:16:17,667 INFO     [psi4.optking.stepAlgorithms:929] 	Using RFO solution 1.
2025-12-23:11:16:17,667 INFO     [psi4.optking.displace:100] 	Determining Cartesian step for fragment 1.
2025-12-23:11:16:17,668 INFO     [psi4.optking.displace:415] 	Successfully converged to displaced geometry.
2025-12-23:11:16:17,668 INFO     [psi4.optking.displace:416] 	RMS(dx):  0.000e+00 	Max(dx):  0.000e+00 	RMS(dq):  0.000e+00
2025-12-23:11:16:17,668 INFO     [psi4.optking.displace:172] 

	        --- Internal Coordinate Step in ANG or DEG, aJ/ANG or AJ/DEG ---
	-------------------------------------------------------------------------------
	           Coordinate      Previous         Force          Change          New 
	           ----------      --------        ------          ------        ------
	               R(1,2)       1.76086        0.01006        0.00284       1.76370
	-------------------------------------------------------------------------------

2025-12-23:11:16:17,668 INFO     [psi4.optking.stepAlgorithms:113] 	|target step| :    0.0053615427
2025-12-23:11:16:17,668 INFO     [psi4.optking.stepAlgorithms:114] 	gradient     :   -0.0012214176
2025-12-23:11:16:17,668 INFO     [psi4.optking.stepAlgorithms:115] 	hessian      :    0.2278042959
2025-12-23:11:16:17,668 INFO     [psi4.optking.stepAlgorithms:113] 	|target step| :    0.0053615427
2025-12-23:11:16:17,668 INFO     [psi4.optking.stepAlgorithms:114] 	gradient     :   -0.0012214176
2025-12-23:11:16:17,668 INFO     [psi4.optking.stepAlgorithms:115] 	hessian      :    0.2278042959
2025-12-23:11:16:17,668 INFO     [psi4.optking.stepAlgorithms:206] 	Norm of achieved step-size    0.0053615427
2025-12-23:11:16:17,668 INFO     [psi4.optking.stepAlgorithms:208] 	Norm of achieved step-size (cart):    0.0037911832
2025-12-23:11:16:17,668 INFO     [psi4.optking.opt_helper:164] Molsys:

	                            ===> Fragment 1 <== 

	 Z (Atomic Numbers)          Masses                          Geom                  
	       9.000000            18.998403          0.00000000  0.00000000  2.06516263   
	      15.000000            30.973762          0.00000000  0.00000000 -1.26774705   

	 - Coordinate -           - BOHR/RAD -       - ANG/DEG -
	 R(1,2)           =         3.332910           1.763700

2025-12-23:11:16:17,668 INFO     [psi4.optking.convcheck:76] Performing convergence check.
2025-12-23:11:16:17,668 INFO     [psi4.optking.convcheck:282] 
	                                 ==> Convergence Check <==                                  
    
	Measures of convergence in internal coordinates in au.
    
	Criteria marked as inactive (o), active & met (*), and active & unmet ( ).

	----------------------------------------------------------------------------------------------
	   Step    Total Energy     Delta E     Max Force     RMS Force      Max Disp      RMS Disp   
	----------------------------------------------------------------------------------------------
	  Convergence Criteria     1.00e-06 *    3.00e-04 *             o    1.20e-03 *             o
	----------------------------------------------------------------------------------------------
	    10    -441.16839397   -3.10e-05      1.22e-03      1.22e-03 o    5.36e-03      5.36e-03 o  ~
	----------------------------------------------------------------------------------------------


2025-12-23:11:16:17,668 INFO     [psi4.optking.stepAlgorithms:296] 	Convergence check returned False
2025-12-23:11:16:17,678 INFO     [psi4.driver.task_planner:259] PLANNING Atomic:  keywords={'DAMPING_PERCENTAGE': 1.0, 'GEOM_MAXITER': 500, 'SCF__GUESS': 'READ', 'GUESS': 'SAP', 'MAXITER': 500, 'REFERENCE': 'UKS', 'function_kwargs': {}}
2025-12-23:11:16:17,679 INFO     [psi4.driver.driver:638] Compute gradient(): method=b3lyp, basis=cc-pvdz, molecule=default, nre=40.50514807435934
2025-12-23:11:16:18,194 INFO     [psi4.driver.driver:641] Return gradient(): -441.1683976961468
2025-12-23:11:16:18,194 INFO     [psi4.driver.driver:642] [[-0.00000000  0.00000000 -0.00028015]
 [ 0.00000000 -0.00000000  0.00021265]]
2025-12-23:11:16:18,196 INFO     [psi4.optking.history:269] 	Performing BFGS update.
2025-12-23:11:16:18,196 INFO     [psi4.optking.history:280] 	Using 4 previous steps for update.
2025-12-23:11:16:18,196 INFO     [psi4.optking.history:317] 	Steps to be used in Hessian update:  10 9 8 7

2025-12-23:11:16:18,196 INFO     [psi4.optking.history:418] 	Updated Hessian (in au) 
 	   0.204701

2025-12-23:11:16:18,197 INFO     [psi4.optking.molsys:944] Projected (PHP) Hessian matrix
	   0.204701

2025-12-23:11:16:18,197 INFO     [psi4.optking.opt_helper:182] 
	         Geometry (au)                                       Gradient (au)
   0.0000000000   0.0000000000   2.0658050492		  -0.0000000000   0.0000000000  -0.0002801507
   0.0000000000   0.0000000000  -1.2671046282		   0.0000000000  -0.0000000000   0.0002126536

2025-12-23:11:16:18,197 INFO     [psi4.optking.stepAlgorithms:368] 	Current Step Report 
 
	Current energy:      -441.1683976961
	Energy change for the previous step:
		Actual       :        -0.0000037213
		Projected    :        -0.0000032743

2025-12-23:11:16:18,197 INFO     [psi4.optking.stepAlgorithms:371] 	Energy ratio =    1.13652
2025-12-23:11:16:18,197 INFO     [psi4.optking.stepAlgorithms:929] 	Using RFO solution 1.
2025-12-23:11:16:18,197 INFO     [psi4.optking.displace:100] 	Determining Cartesian step for fragment 1.
2025-12-23:11:16:18,197 INFO     [psi4.optking.displace:415] 	Successfully converged to displaced geometry.
2025-12-23:11:16:18,197 INFO     [psi4.optking.displace:416] 	RMS(dx):  1.282e-16 	Max(dx):  2.220e-16 	RMS(dq):  4.441e-16
2025-12-23:11:16:18,197 INFO     [psi4.optking.displace:172] 

	        --- Internal Coordinate Step in ANG or DEG, aJ/ANG or AJ/DEG ---
	-------------------------------------------------------------------------------
	           Coordinate      Previous         Force          Change          New 
	           ----------      --------        ------          ------        ------
	               R(1,2)       1.76370        0.00203        0.00064       1.76434
	-------------------------------------------------------------------------------

2025-12-23:11:16:18,197 INFO     [psi4.optking.stepAlgorithms:113] 	|target step| :    0.0012037185
2025-12-23:11:16:18,197 INFO     [psi4.optking.stepAlgorithms:114] 	gradient     :   -0.0002464021
2025-12-23:11:16:18,197 INFO     [psi4.optking.stepAlgorithms:115] 	hessian      :    0.2047005032
2025-12-23:11:16:18,197 INFO     [psi4.optking.stepAlgorithms:113] 	|target step| :    0.0012037185
2025-12-23:11:16:18,197 INFO     [psi4.optking.stepAlgorithms:114] 	gradient     :   -0.0002464021
2025-12-23:11:16:18,197 INFO     [psi4.optking.stepAlgorithms:115] 	hessian      :    0.2047005032
2025-12-23:11:16:18,197 INFO     [psi4.optking.stepAlgorithms:206] 	Norm of achieved step-size    0.0012037185
2025-12-23:11:16:18,197 INFO     [psi4.optking.stepAlgorithms:208] 	Norm of achieved step-size (cart):    0.0008511575
2025-12-23:11:16:18,197 INFO     [psi4.optking.opt_helper:164] Molsys:

	                            ===> Fragment 1 <== 

	 Z (Atomic Numbers)          Masses                          Geom                  
	       9.000000            18.998403          0.00000000  0.00000000  2.06640691   
	      15.000000            30.973762          0.00000000  0.00000000 -1.26770649   

	 - Coordinate -           - BOHR/RAD -       - ANG/DEG -
	 R(1,2)           =         3.334113           1.764337

2025-12-23:11:16:18,198 INFO     [psi4.optking.convcheck:76] Performing convergence check.
2025-12-23:11:16:18,198 INFO     [psi4.optking.convcheck:282] 
	                                 ==> Convergence Check <==                                  
    
	Measures of convergence in internal coordinates in au.
    
	Criteria marked as inactive (o), active & met (*), and active & unmet ( ).

	----------------------------------------------------------------------------------------------
	   Step    Total Energy     Delta E     Max Force     RMS Force      Max Disp      RMS Disp   
	----------------------------------------------------------------------------------------------
	  Convergence Criteria     1.00e-06 *    3.00e-04 *             o    1.20e-03 *             o
	----------------------------------------------------------------------------------------------
	    11    -441.16839770   -3.72e-06      2.46e-04 *    2.46e-04 o    1.20e-03      1.20e-03 o  ~
	----------------------------------------------------------------------------------------------


2025-12-23:11:16:18,198 INFO     [psi4.optking.stepAlgorithms:296] 	Convergence check returned False
2025-12-23:11:16:18,208 INFO     [psi4.driver.task_planner:259] PLANNING Atomic:  keywords={'DAMPING_PERCENTAGE': 1.0, 'GEOM_MAXITER': 500, 'SCF__GUESS': 'READ', 'GUESS': 'SAP', 'MAXITER': 500, 'REFERENCE': 'UKS', 'function_kwargs': {}}
2025-12-23:11:16:18,209 INFO     [psi4.driver.driver:638] Compute gradient(): method=b3lyp, basis=cc-pvdz, molecule=default, nre=40.4905244575348
2025-12-23:11:16:18,727 INFO     [psi4.driver.driver:641] Return gradient(): -441.1683978165887
2025-12-23:11:16:18,727 INFO     [psi4.driver.driver:642] [[-0.00000000  0.00000000 -0.00006328]
 [-0.00000000  0.00000000 -0.00000425]]
2025-12-23:11:16:18,729 INFO     [psi4.optking.history:269] 	Performing BFGS update.
2025-12-23:11:16:18,729 INFO     [psi4.optking.history:280] 	Using 4 previous steps for update.
2025-12-23:11:16:18,729 INFO     [psi4.optking.history:317] 	Steps to be used in Hessian update:  11 10 9 8

2025-12-23:11:16:18,729 INFO     [psi4.optking.history:418] 	Updated Hessian (in au) 
 	   0.190781

2025-12-23:11:16:18,729 INFO     [psi4.optking.molsys:944] Projected (PHP) Hessian matrix
	   0.190781

2025-12-23:11:16:18,730 INFO     [psi4.optking.opt_helper:182] 
	         Geometry (au)                                       Gradient (au)
   0.0000000000   0.0000000000   2.0665511384		  -0.0000000000   0.0000000000  -0.0000632780
   0.0000000000   0.0000000000  -1.2675622575		  -0.0000000000   0.0000000000  -0.0000042516

2025-12-23:11:16:18,730 INFO     [psi4.optking.stepAlgorithms:368] 	Current Step Report 
 
	Current energy:      -441.1683978166
	Energy change for the previous step:
		Actual       :        -0.0000001204
		Projected    :        -0.0000001483

2025-12-23:11:16:18,730 INFO     [psi4.optking.stepAlgorithms:371] 	Energy ratio =    0.81215
2025-12-23:11:16:18,730 INFO     [psi4.optking.stepAlgorithms:929] 	Using RFO solution 1.
2025-12-23:11:16:18,730 INFO     [psi4.optking.displace:100] 	Determining Cartesian step for fragment 1.
2025-12-23:11:16:18,730 INFO     [psi4.optking.displace:415] 	Successfully converged to displaced geometry.
2025-12-23:11:16:18,730 INFO     [psi4.optking.displace:416] 	RMS(dx):  0.000e+00 	Max(dx):  0.000e+00 	RMS(dq):  0.000e+00
2025-12-23:11:16:18,730 INFO     [psi4.optking.displace:172] 

	        --- Internal Coordinate Step in ANG or DEG, aJ/ANG or AJ/DEG ---
	-------------------------------------------------------------------------------
	           Coordinate      Previous         Force          Change          New 
	           ----------      --------        ------          ------        ------
	               R(1,2)       1.76434        0.00024        0.00008       1.76442
	-------------------------------------------------------------------------------

2025-12-23:11:16:18,730 INFO     [psi4.optking.stepAlgorithms:113] 	|target step| :    0.0001546972
2025-12-23:11:16:18,730 INFO     [psi4.optking.stepAlgorithms:114] 	gradient     :   -0.0000295132
2025-12-23:11:16:18,730 INFO     [psi4.optking.stepAlgorithms:115] 	hessian      :    0.1907805703
2025-12-23:11:16:18,730 INFO     [psi4.optking.stepAlgorithms:113] 	|target step| :    0.0001546972
2025-12-23:11:16:18,730 INFO     [psi4.optking.stepAlgorithms:114] 	gradient     :   -0.0000295132
2025-12-23:11:16:18,730 INFO     [psi4.optking.stepAlgorithms:115] 	hessian      :    0.1907805703
2025-12-23:11:16:18,730 INFO     [psi4.optking.stepAlgorithms:206] 	Norm of achieved step-size    0.0001546972
2025-12-23:11:16:18,730 INFO     [psi4.optking.stepAlgorithms:208] 	Norm of achieved step-size (cart):    0.0001093874
2025-12-23:11:16:18,730 INFO     [psi4.optking.opt_helper:164] Molsys:

	                            ===> Fragment 1 <== 

	 Z (Atomic Numbers)          Masses                          Geom                  
	       9.000000            18.998403          0.00000000  0.00000000  2.06662849   
	      15.000000            30.973762          0.00000000  0.00000000 -1.26763961   

	 - Coordinate -           - BOHR/RAD -       - ANG/DEG -
	 R(1,2)           =         3.334268           1.764419

2025-12-23:11:16:18,731 INFO     [psi4.optking.convcheck:76] Performing convergence check.
2025-12-23:11:16:18,731 INFO     [psi4.optking.convcheck:282] 
	                                 ==> Convergence Check <==                                  
    
	Measures of convergence in internal coordinates in au.
    
	Criteria marked as inactive (o), active & met (*), and active & unmet ( ).

	----------------------------------------------------------------------------------------------
	   Step    Total Energy     Delta E     Max Force     RMS Force      Max Disp      RMS Disp   
	----------------------------------------------------------------------------------------------
	  Convergence Criteria     1.00e-06 *    3.00e-04 *             o    1.20e-03 *             o
	----------------------------------------------------------------------------------------------
	    12    -441.16839782   -1.20e-07 *    2.95e-05 *    2.95e-05 o    1.55e-04 *    1.55e-04 o  ~
	----------------------------------------------------------------------------------------------


2025-12-23:11:16:18,731 INFO     [psi4.optking.convcheck:206] 
	                      ===> Final Convergence Report <===                     

	----------------------------------------------------------------------------
	|   Required Criteria    |  One or More Criteria  |   Alternate Criteria   |
	----------------------------------------------------------------------------
	| [x]     max_force      | [x]       max_DE       |                        |
	|                        | [x]      max_disp      |                        |
	----------------------------------------------------------------------------


2025-12-23:11:16:18,731 INFO     [psi4.optking.stepAlgorithms:296] 	Convergence check returned True
2025-12-23:11:16:18,731 INFO     [psi4.optking.optimize:332] 	Converged in 12 steps!
2025-12-23:11:16:18,731 INFO     [psi4.optking.optimize:333] 	Final energy is   -441.1683978165887
2025-12-23:11:16:18,731 INFO     [psi4.optking.optimize:334] 	Final structure (Angstroms): 
	Fragment 1 (Ang)

	    F   0.0000000000   0.0000000000   1.0936126982
	    P   0.0000000000   0.0000000000  -0.6708059909


2025-12-23:11:16:18,731 INFO     [psi4.optking.optimize:562] 	Optimization Finished

	==> Optimization Summary <==

        
	Measures of convergence in internal coordinates in au. (Any backward steps not shown.)
        
	---------------------------------------------------------------------------------------------------------------  ~
        
	 Step         Total Energy             Delta E       MAX Force       RMS Force        MAX Disp        RMS Disp   ~
        
	---------------------------------------------------------------------------------------------------------------  ~
        
	     1    -440.839344931120   -440.839344931120      1.04417739      1.04417739      0.23578979      0.23578979  ~
	     2    -441.019484622649     -0.180139691529      0.53615368      0.53615368      0.23509247      0.23509247  ~
	     3    -441.109963786925     -0.090479164276      0.26097910      0.26097910      0.15322459      0.15322459  ~
	     4    -441.141090163035     -0.031126376111      0.15243677      0.15243677      0.15075812      0.15075812  ~
	     5    -441.158248221552     -0.017158058517      0.07998247      0.07998247      0.13198985      0.13198985  ~
	     6    -441.165732052987     -0.007483831435      0.03608048      0.03608048      0.06960421      0.06960421  ~
	     7    -441.167605719207     -0.001873666220      0.01841957      0.01841957      0.04831488      0.04831488  ~
	     8    -441.168235813975     -0.000630094768      0.00797898      0.00797898      0.02211962      0.02211962  ~
	     9    -441.168362998059     -0.000127184084      0.00364406      0.00364406      0.01298325      0.01298325  ~
	    10    -441.168393974798     -0.000030976739      0.00122142      0.00122142      0.00536154      0.00536154  ~
	    11    -441.168397696147     -0.000003721349      0.00024640      0.00024640      0.00120372      0.00120372  ~
	    12    -441.168397816589     -0.000000120442      0.00002951      0.00002951      0.00015470      0.00015470  ~
	----------------------------------------------------------------------------------------------------------------


2025-12-23:11:16:18,732 INFO     [psi4.optking.optimize:806] Preparing OptimizationResult
