2025-12-23:10:33:54,771 WARNING  [psi4.optking:38] Some dependencies such as QCElemental have not yet finished migration to pydantic v2. If issues are encountered please downgrade pydantic or upgrade QCElemental as appropriate
2025-12-23:10:33:54,918 INFO     [psi4.optking.optwrapper:234] Creating a UserComputer
2025-12-23:10:33:54,918 INFO     [psi4.optking.optwrapper:242] 
    			-----------------------------------------

    			 OPTKING 3.0: for geometry optimizations 

    			     By R.A. King, Bethel University     

    			        with contributions from          

    			    A.V. Copan, J. Cayton, A. Heide      

    			-----------------------------------------

    
2025-12-23:10:33:54,919 INFO     [psi4.optking.optwrapper:272] 
		 -- Optimization Parameters --
	GEOM_MAXITER                   =             500
	ALG_GEOM_MAXITER               =              50
	PRINT                          =               1
	OPT_TYPE                       =             MIN
	STEP_TYPE                      =             RFO
	PROGRAM                        =            PSI4
	STEEPEST_DESCENT_TYPE          =         OVERLAP
	CONJUGATE_GRADIENT_TYPE        =        FLETCHER
	OPT_COORDINATES                =        INTERNAL
	RFO_FOLLOW_ROOT                =           False
	RFO_ROOT                       =               0
	ACCEPT_SYMMETRY_BREAKING       =           False
	DYNAMIC_LVL                    =               0
	DYNAMIC_LVL_MAX                =               0
	IRC_STEP_SIZE                  =             0.2
	IRC_DIRECTION                  =         FORWARD
	IRC_POINTS                     =              20
	IRC_MODE                       =          NORMAL
	IRC_CONVERGENCE                =            -0.7
	INTRAFRAG_STEP_LIMIT           =             0.5
	INTRAFRAG_STEP_LIMIT_MIN       =           0.001
	INTRAFRAG_STEP_LIMIT_MAX       =             1.0
	INTERFRAG_STEP_LIMIT           =             0.5
	INTERFRAG_STEP_LIMIT_MIN       =           0.001
	INTERFRAG_STEP_LIMIT_MAX       =             1.0
	ENSURE_BT_CONVERGENCE          =           False
	SIMPLE_STEP_SCALING            =           False
	CONSECUTIVE_BACKSTEPS          =               0
	RFO_NORMALIZATION_MAX          =             100
	RSRFO_ALPHA_MAX                =     100000000.0
	PRINT_TRAJECTORY_XYZ_FILE      =           False
	WRITE_TRAJECTORY               =           False
	FROZEN_DISTANCE                =                
	FROZEN_BEND                    =                
	FROZEN_DIHEDRAL                =                
	FROZEN_OOFP                    =                
	FROZEN_CARTESIAN               =                
	FREEZE_ALL_DIHEDRALS           =           False
	UNFREEZE_DIHEDRALS             =                
	RANGED_DISTANCE                =                
	RANGED_BEND                    =                
	RANGED_DIHEDRAL                =                
	RANGED_OOFP                    =                
	RANGED_CARTESIAN               =                
	EXT_FORCE_DISTANCE             =                
	EXT_FORCE_BEND                 =                
	EXT_FORCE_DIHEDRAL             =                
	EXT_FORCE_OOFP                 =                
	EXT_FORCE_CARTESIAN            =                
	G_CONVERGENCE                  =           QCHEM
	MAX_FORCE_G_CONVERGENCE        =          0.0003
	RMS_FORCE_G_CONVERGENCE        =          0.0003
	MAX_ENERGY_G_CONVERGENCE       =           1e-06
	MAX_DISP_G_CONVERGENCE         =          0.0012
	RMS_DISP_G_CONVERGENCE         =          0.0012
	FLEXIBLE_G_CONVERGENCE         =           False
	HESS_UPDATE                    =            BFGS
	HESS_UPDATE_USE_LAST           =               4
	HESS_UPDATE_LIMIT              =            True
	HESS_UPDATE_LIMIT_MAX          =             1.0
	HESS_UPDATE_LIMIT_SCALE        =             0.5
	HESS_UPDATE_DEN_TOL            =           1e-07
	HESS_UPDATE_DQ_TOL             =             0.5
	CART_HESS_READ                 =           False
	HESSIAN_FILE                   =               .
	FULL_HESS_EVERY                =              -1
	INTRAFRAG_HESS                 =        SCHLEGEL
	H_GUESS_EVERY                  =           False
	BT_MAX_ITER                    =              25
	BT_DX_CONV                     =           1e-07
	BT_DX_RMS_CHANGE_CONV          =           1e-12
	BT_PINV_RCOND                  =           1e-06
	FRAG_MODE                      =          SINGLE
	FRAG_REF_ATOMS                 =              []
	FREEZE_INTRAFRAG               =           False
	INTERFRAG_MODE                 =           FIXED
	ADD_AUXILIARY_BONDS            =           False
	AUXILIARY_BOND_FACTOR          =             2.5
	INTERFRAG_DIST_INV             =           False
	INTERFRAG_COLLINEAR_TOL        =            0.01
	INTERFRAG_COORDS               =              []
	INTERFRAG_HESS                 =         DEFAULT
	COVALENT_CONNECT               =             1.3
	INTERFRAGMENT_CONNECT          =             1.8
	H_BOND_CONNECT                 =             4.3
	INCLUDE_OOFP                   =           False
	TEST_B                         =           False
	TEST_DERIVATIVE_B              =           False
	LINESEARCH_STEP                =             0.1
	LINESEARCH                     =           False
	SD_HESSIAN                     =             1.0
	FIX_VAL_NEAR_PI                =            1.57
	V3D_TORS_ANGLE_LIM             =           0.017
	V3D_TORS_COS_TOL               =           1e-10
	LINEAR_BEND_THRESHOLD          =            3.05
	SMALL_BEND_FIX_THRESHOLD       =            0.35
	REDUNDANT_EVAL_TOL             =           1e-10
	LINEAR_ALGEBRA_TOL             =           1e-10


2025-12-23:10:33:55,47 INFO     [psi4.optking.opt_helper:164] Molsys:

	                            ===> Fragment 1 <== 

	 Z (Atomic Numbers)          Masses                          Geom                  
	       2.000000             4.002603          0.00000000  0.00000000  1.81378558   
	       8.000000            15.994915          0.00000000  0.00000000 -0.45388577   

	 - Coordinate -           - BOHR/RAD -       - ANG/DEG -
	 R(1,2)           =         2.267671           1.200000

2025-12-23:10:33:55,57 INFO     [psi4.driver.task_planner:259] PLANNING Atomic:  keywords={'DAMPING_PERCENTAGE': 1.0, 'GEOM_MAXITER': 500, 'GUESS': 'SAP', 'MAXITER': 500, 'REFERENCE': 'UKS', 'function_kwargs': {}}
2025-12-23:10:33:55,58 INFO     [psi4.driver.driver:638] Compute gradient(): method=b3lyp, basis=cc-pvdz, molecule=default, nre=7.055696142266668
2025-12-23:10:33:55,372 INFO     [psi4.driver.driver:641] Return gradient(): -76.8825375373894
2025-12-23:10:33:55,372 INFO     [psi4.driver.driver:642] [[ 0.00000000  0.00000000 -0.26124187]
 [ 0.00000000  0.00000000  0.26124278]]
2025-12-23:10:33:55,374 INFO     [psi4.optking.molsys:944] Projected (PHP) Hessian matrix
	   0.246653

2025-12-23:10:33:55,374 INFO     [psi4.optking.opt_helper:182] 
	         Geometry (au)                                       Gradient (au)
   0.0000000000   0.0000000000   1.8137855841		   0.0000000000   0.0000000000  -0.2612418736
   0.0000000000   0.0000000000  -0.4538857664		   0.0000000000   0.0000000000   0.2612427768

2025-12-23:10:33:55,374 INFO     [psi4.optking.stepAlgorithms:929] 	Using RFO solution 1.
2025-12-23:10:33:55,375 INFO     [psi4.optking.displace:100] 	Determining Cartesian step for fragment 1.
2025-12-23:10:33:55,375 INFO     [psi4.optking.displace:415] 	Successfully converged to displaced geometry.
2025-12-23:10:33:55,375 INFO     [psi4.optking.displace:416] 	RMS(dx):  1.282e-16 	Max(dx):  2.220e-16 	RMS(dq):  0.000e+00
2025-12-23:10:33:55,375 INFO     [psi4.optking.displace:172] 

	        --- Internal Coordinate Step in ANG or DEG, aJ/ANG or AJ/DEG ---
	-------------------------------------------------------------------------------
	           Coordinate      Previous         Force          Change          New 
	           ----------      --------        ------          ------        ------
	               R(1,2)       1.20000        2.15230        0.26459       1.46459
	-------------------------------------------------------------------------------

2025-12-23:10:33:55,375 INFO     [psi4.optking.stepAlgorithms:113] 	|target step| :    0.5000000039
2025-12-23:10:33:55,375 INFO     [psi4.optking.stepAlgorithms:114] 	gradient     :   -0.2612423252
2025-12-23:10:33:55,375 INFO     [psi4.optking.stepAlgorithms:115] 	hessian      :    0.2466528172
2025-12-23:10:33:55,375 INFO     [psi4.optking.stepAlgorithms:113] 	|target step| :    0.5000000039
2025-12-23:10:33:55,375 INFO     [psi4.optking.stepAlgorithms:114] 	gradient     :   -0.2612423252
2025-12-23:10:33:55,375 INFO     [psi4.optking.stepAlgorithms:115] 	hessian      :    0.2466528172
2025-12-23:10:33:55,375 INFO     [psi4.optking.stepAlgorithms:206] 	Norm of achieved step-size    0.5000000039
2025-12-23:10:33:55,375 INFO     [psi4.optking.stepAlgorithms:208] 	Norm of achieved step-size (cart):    0.3535533934
2025-12-23:10:33:55,375 INFO     [psi4.optking.opt_helper:164] Molsys:

	                            ===> Fragment 1 <== 

	 Z (Atomic Numbers)          Masses                          Geom                  
	       2.000000             4.002603          0.00000000  0.00000000  2.06378559   
	       8.000000            15.994915          0.00000000  0.00000000 -0.70388577   

	 - Coordinate -           - BOHR/RAD -       - ANG/DEG -
	 R(1,2)           =         2.767671           1.464589

2025-12-23:10:33:55,376 INFO     [psi4.optking.convcheck:76] Performing convergence check.
2025-12-23:10:33:55,376 INFO     [psi4.optking.convcheck:282] 
	                                 ==> Convergence Check <==                                  
    
	Measures of convergence in internal coordinates in au.
    
	Criteria marked as inactive (o), active & met (*), and active & unmet ( ).

	----------------------------------------------------------------------------------------------~
	   Step    Total Energy     Delta E     Max Force     RMS Force      Max Disp      RMS Disp   ~
	----------------------------------------------------------------------------------------------~
	  Convergence Criteria     1.00e-06 *    3.00e-04 *             o    1.20e-03 *             o~
	----------------------------------------------------------------------------------------------~
	     1     -76.88253754   -7.69e+01      2.61e-01      2.61e-01 o    5.00e-01      5.00e-01 o  ~
	----------------------------------------------------------------------------------------------


2025-12-23:10:33:55,376 INFO     [psi4.optking.stepAlgorithms:296] 	Convergence check returned False
2025-12-23:10:33:55,386 INFO     [psi4.driver.task_planner:259] PLANNING Atomic:  keywords={'DAMPING_PERCENTAGE': 1.0, 'GEOM_MAXITER': 500, 'SCF__GUESS': 'READ', 'GUESS': 'SAP', 'MAXITER': 500, 'REFERENCE': 'UKS', 'function_kwargs': {}}
2025-12-23:10:33:55,387 INFO     [psi4.driver.driver:638] Compute gradient(): method=b3lyp, basis=cc-pvdz, molecule=default, nre=5.781033204696794
2025-12-23:10:33:55,651 INFO     [psi4.driver.driver:641] Return gradient(): -76.9662115491263
2025-12-23:10:33:55,651 INFO     [psi4.driver.driver:642] [[-0.00000000 -0.00000000 -0.09681234]
 [ 0.00000000  0.00000000  0.09681134]]
2025-12-23:10:33:55,653 INFO     [psi4.optking.history:269] 	Performing BFGS update.
2025-12-23:10:33:55,653 INFO     [psi4.optking.history:280] 	Using 1 previous steps for update.
2025-12-23:10:33:55,653 INFO     [psi4.optking.history:317] 	Steps to be used in Hessian update:  1

2025-12-23:10:33:55,653 INFO     [psi4.optking.history:418] 	Updated Hessian (in au) 
 	   0.328861

2025-12-23:10:33:55,653 INFO     [psi4.optking.molsys:944] Projected (PHP) Hessian matrix
	   0.328861

2025-12-23:10:33:55,653 INFO     [psi4.optking.opt_helper:182] 
	         Geometry (au)                                       Gradient (au)
   0.0000000000   0.0000000000   2.2137080857		  -0.0000000000  -0.0000000000  -0.0968123389
   0.0000000000   0.0000000000  -0.5539632688		   0.0000000000   0.0000000000   0.0968113397

2025-12-23:10:33:55,653 INFO     [psi4.optking.stepAlgorithms:368] 	Current Step Report 
 
	Current energy:       -76.9662115491
	Energy change for the previous step:
		Actual       :        -0.0836740117
		Projected    :        -0.0798316485

2025-12-23:10:33:55,653 INFO     [psi4.optking.stepAlgorithms:371] 	Energy ratio =    1.04813
2025-12-23:10:33:55,653 INFO     [psi4.optking.stepAlgorithms:399] 	Energy ratio indicates good step.
2025-12-23:10:33:55,653 INFO     [psi4.optking.stepAlgorithms:400] 	Intrafrag trust radius increased to      1.
2025-12-23:10:33:55,653 INFO     [psi4.optking.stepAlgorithms:929] 	Using RFO solution 1.
2025-12-23:10:33:55,654 INFO     [psi4.optking.displace:100] 	Determining Cartesian step for fragment 1.
2025-12-23:10:33:55,654 INFO     [psi4.optking.displace:415] 	Successfully converged to displaced geometry.
2025-12-23:10:33:55,654 INFO     [psi4.optking.displace:416] 	RMS(dx):  0.000e+00 	Max(dx):  0.000e+00 	RMS(dq):  0.000e+00
2025-12-23:10:33:55,654 INFO     [psi4.optking.displace:172] 

	        --- Internal Coordinate Step in ANG or DEG, aJ/ANG or AJ/DEG ---
	-------------------------------------------------------------------------------
	           Coordinate      Previous         Force          Change          New 
	           ----------      --------        ------          ------        ------
	               R(1,2)       1.46459        0.79761        0.14421       1.60880
	-------------------------------------------------------------------------------

2025-12-23:10:33:55,654 INFO     [psi4.optking.stepAlgorithms:113] 	|target step| :    0.2725218567
2025-12-23:10:33:55,654 INFO     [psi4.optking.stepAlgorithms:114] 	gradient     :   -0.0968118393
2025-12-23:10:33:55,654 INFO     [psi4.optking.stepAlgorithms:115] 	hessian      :    0.3288609692
2025-12-23:10:33:55,654 INFO     [psi4.optking.stepAlgorithms:113] 	|target step| :    0.2725218567
2025-12-23:10:33:55,654 INFO     [psi4.optking.stepAlgorithms:114] 	gradient     :   -0.0968118393
2025-12-23:10:33:55,654 INFO     [psi4.optking.stepAlgorithms:115] 	hessian      :    0.3288609692
2025-12-23:10:33:55,654 INFO     [psi4.optking.stepAlgorithms:206] 	Norm of achieved step-size    0.2725218567
2025-12-23:10:33:55,654 INFO     [psi4.optking.stepAlgorithms:208] 	Norm of achieved step-size (cart):    0.1927020529
2025-12-23:10:33:55,654 INFO     [psi4.optking.opt_helper:164] Molsys:

	                            ===> Fragment 1 <== 

	 Z (Atomic Numbers)          Masses                          Geom                  
	       2.000000             4.002603          0.00000000  0.00000000  2.34996901   
	       8.000000            15.994915          0.00000000  0.00000000 -0.69022420   

	 - Coordinate -           - BOHR/RAD -       - ANG/DEG -
	 R(1,2)           =         3.040193           1.608801

2025-12-23:10:33:55,654 INFO     [psi4.optking.convcheck:76] Performing convergence check.
2025-12-23:10:33:55,654 INFO     [psi4.optking.convcheck:282] 
	                                 ==> Convergence Check <==                                  
    
	Measures of convergence in internal coordinates in au.
    
	Criteria marked as inactive (o), active & met (*), and active & unmet ( ).

	----------------------------------------------------------------------------------------------
	   Step    Total Energy     Delta E     Max Force     RMS Force      Max Disp      RMS Disp   
	----------------------------------------------------------------------------------------------
	  Convergence Criteria     1.00e-06 *    3.00e-04 *             o    1.20e-03 *             o
	----------------------------------------------------------------------------------------------
	     2     -76.96621155   -8.37e-02      9.68e-02      9.68e-02 o    2.73e-01      2.73e-01 o  ~
	----------------------------------------------------------------------------------------------


2025-12-23:10:33:55,654 INFO     [psi4.optking.stepAlgorithms:296] 	Convergence check returned False
2025-12-23:10:33:55,664 INFO     [psi4.driver.task_planner:259] PLANNING Atomic:  keywords={'DAMPING_PERCENTAGE': 1.0, 'GEOM_MAXITER': 500, 'SCF__GUESS': 'READ', 'GUESS': 'SAP', 'MAXITER': 500, 'REFERENCE': 'UKS', 'function_kwargs': {}}
2025-12-23:10:33:55,665 INFO     [psi4.driver.driver:638] Compute gradient(): method=b3lyp, basis=cc-pvdz, molecule=default, nre=5.262823409024827
2025-12-23:10:33:55,974 INFO     [psi4.driver.driver:641] Return gradient(): -76.98618970588986
2025-12-23:10:33:55,975 INFO     [psi4.driver.driver:642] [[-0.00000000  0.00000000 -0.05363757]
 [-0.00000000  0.00000000  0.05363638]]
2025-12-23:10:33:55,976 INFO     [psi4.optking.history:269] 	Performing BFGS update.
2025-12-23:10:33:55,976 INFO     [psi4.optking.history:280] 	Using 2 previous steps for update.
2025-12-23:10:33:55,976 WARNING  [psi4.optking.history:301] 	Change in internal coordinate of 7.73e-01 exceeds limit of 5.00e-01.
2025-12-23:10:33:55,976 WARNING  [psi4.optking.history:306] 	Skipping Hessian update for step 1.
2025-12-23:10:33:55,976 INFO     [psi4.optking.history:317] 	Steps to be used in Hessian update:  2

2025-12-23:10:33:55,976 INFO     [psi4.optking.history:418] 	Updated Hessian (in au) 
 	   0.158427

2025-12-23:10:33:55,976 INFO     [psi4.optking.molsys:944] Projected (PHP) Hessian matrix
	   0.158427

2025-12-23:10:33:55,977 INFO     [psi4.optking.opt_helper:182] 
	         Geometry (au)                                       Gradient (au)
   0.0000000000   0.0000000000   2.4316833293		  -0.0000000000   0.0000000000  -0.0536375705
   0.0000000000   0.0000000000  -0.6085098819		  -0.0000000000   0.0000000000   0.0536363751

2025-12-23:10:33:55,977 INFO     [psi4.optking.stepAlgorithms:368] 	Current Step Report 
 
	Current energy:       -76.9861897059
	Energy change for the previous step:
		Actual       :        -0.0199781568
		Projected    :        -0.0131916711

2025-12-23:10:33:55,977 INFO     [psi4.optking.stepAlgorithms:371] 	Energy ratio =    1.51445
2025-12-23:10:33:55,977 INFO     [psi4.optking.stepAlgorithms:929] 	Using RFO solution 1.
2025-12-23:10:33:55,977 INFO     [psi4.optking.displace:100] 	Determining Cartesian step for fragment 1.
2025-12-23:10:33:55,977 INFO     [psi4.optking.displace:415] 	Successfully converged to displaced geometry.
2025-12-23:10:33:55,977 INFO     [psi4.optking.displace:416] 	RMS(dx):  0.000e+00 	Max(dx):  0.000e+00 	RMS(dq):  0.000e+00
2025-12-23:10:33:55,977 INFO     [psi4.optking.displace:172] 

	        --- Internal Coordinate Step in ANG or DEG, aJ/ANG or AJ/DEG ---
	-------------------------------------------------------------------------------
	           Coordinate      Previous         Force          Change          New 
	           ----------      --------        ------          ------        ------
	               R(1,2)       1.60880        0.44190        0.16230       1.77111
	-------------------------------------------------------------------------------

2025-12-23:10:33:55,977 INFO     [psi4.optking.stepAlgorithms:113] 	|target step| :    0.3067104732
2025-12-23:10:33:55,977 INFO     [psi4.optking.stepAlgorithms:114] 	gradient     :   -0.0536369728
2025-12-23:10:33:55,977 INFO     [psi4.optking.stepAlgorithms:115] 	hessian      :    0.1584271700
2025-12-23:10:33:55,977 INFO     [psi4.optking.stepAlgorithms:113] 	|target step| :    0.3067104732
2025-12-23:10:33:55,977 INFO     [psi4.optking.stepAlgorithms:114] 	gradient     :   -0.0536369728
2025-12-23:10:33:55,977 INFO     [psi4.optking.stepAlgorithms:115] 	hessian      :    0.1584271700
2025-12-23:10:33:55,977 INFO     [psi4.optking.stepAlgorithms:206] 	Norm of achieved step-size    0.3067104732
2025-12-23:10:33:55,977 INFO     [psi4.optking.stepAlgorithms:208] 	Norm of achieved step-size (cart):    0.2168770555
2025-12-23:10:33:55,977 INFO     [psi4.optking.opt_helper:164] Molsys:

	                            ===> Fragment 1 <== 

	 Z (Atomic Numbers)          Masses                          Geom                  
	       2.000000             4.002603          0.00000000  0.00000000  2.58503857   
	       8.000000            15.994915          0.00000000  0.00000000 -0.76186512   

	 - Coordinate -           - BOHR/RAD -       - ANG/DEG -
	 R(1,2)           =         3.346904           1.771105

2025-12-23:10:33:55,978 INFO     [psi4.optking.convcheck:76] Performing convergence check.
2025-12-23:10:33:55,978 INFO     [psi4.optking.convcheck:282] 
	                                 ==> Convergence Check <==                                  
    
	Measures of convergence in internal coordinates in au.
    
	Criteria marked as inactive (o), active & met (*), and active & unmet ( ).

	----------------------------------------------------------------------------------------------
	   Step    Total Energy     Delta E     Max Force     RMS Force      Max Disp      RMS Disp   
	----------------------------------------------------------------------------------------------
	  Convergence Criteria     1.00e-06 *    3.00e-04 *             o    1.20e-03 *             o
	----------------------------------------------------------------------------------------------
	     3     -76.98618971   -2.00e-02      5.36e-02      5.36e-02 o    3.07e-01      3.07e-01 o  ~
	----------------------------------------------------------------------------------------------


2025-12-23:10:33:55,978 INFO     [psi4.optking.stepAlgorithms:296] 	Convergence check returned False
2025-12-23:10:33:55,988 INFO     [psi4.driver.task_planner:259] PLANNING Atomic:  keywords={'DAMPING_PERCENTAGE': 1.0, 'GEOM_MAXITER': 500, 'SCF__GUESS': 'READ', 'GUESS': 'SAP', 'MAXITER': 500, 'REFERENCE': 'UKS', 'function_kwargs': {}}
2025-12-23:10:33:55,989 INFO     [psi4.driver.driver:638] Compute gradient(): method=b3lyp, basis=cc-pvdz, molecule=default, nre=4.780537926519456
2025-12-23:10:33:56,239 INFO     [psi4.driver.driver:641] Return gradient(): -76.99805839672251
2025-12-23:10:33:56,239 INFO     [psi4.driver.driver:642] [[-0.00000000 -0.00000000 -0.02668315]
 [-0.00000000  0.00000000  0.02668200]]
2025-12-23:10:33:56,240 INFO     [psi4.optking.history:269] 	Performing BFGS update.
2025-12-23:10:33:56,240 INFO     [psi4.optking.history:280] 	Using 3 previous steps for update.
2025-12-23:10:33:56,240 WARNING  [psi4.optking.history:301] 	Change in internal coordinate of 5.79e-01 exceeds limit of 5.00e-01.
2025-12-23:10:33:56,240 WARNING  [psi4.optking.history:306] 	Skipping Hessian update for step 2.
2025-12-23:10:33:56,240 WARNING  [psi4.optking.history:301] 	Change in internal coordinate of 1.08e+00 exceeds limit of 5.00e-01.
2025-12-23:10:33:56,241 WARNING  [psi4.optking.history:306] 	Skipping Hessian update for step 1.
2025-12-23:10:33:56,241 INFO     [psi4.optking.history:317] 	Steps to be used in Hessian update:  3

2025-12-23:10:33:56,241 INFO     [psi4.optking.history:418] 	Updated Hessian (in au) 
 	   0.087882

2025-12-23:10:33:56,241 INFO     [psi4.optking.molsys:944] Projected (PHP) Hessian matrix
	   0.087882

2025-12-23:10:33:56,241 INFO     [psi4.optking.opt_helper:182] 
	         Geometry (au)                                       Gradient (au)
   0.0000000000   0.0000000000   2.6770041668		  -0.0000000000  -0.0000000000  -0.0266831534
   0.0000000000   0.0000000000  -0.6698995177		  -0.0000000000   0.0000000000   0.0266820010

2025-12-23:10:33:56,241 INFO     [psi4.optking.stepAlgorithms:368] 	Current Step Report 
 
	Current energy:       -76.9980583967
	Energy change for the previous step:
		Actual       :        -0.0118686908
		Projected    :        -0.0082255107

2025-12-23:10:33:56,241 INFO     [psi4.optking.stepAlgorithms:371] 	Energy ratio =    1.44291
2025-12-23:10:33:56,241 INFO     [psi4.optking.stepAlgorithms:929] 	Using RFO solution 1.
2025-12-23:10:33:56,241 INFO     [psi4.optking.displace:100] 	Determining Cartesian step for fragment 1.
2025-12-23:10:33:56,241 INFO     [psi4.optking.displace:415] 	Successfully converged to displaced geometry.
2025-12-23:10:33:56,241 INFO     [psi4.optking.displace:416] 	RMS(dx):  1.282e-16 	Max(dx):  2.220e-16 	RMS(dq):  0.000e+00
2025-12-23:10:33:56,241 INFO     [psi4.optking.displace:172] 

	        --- Internal Coordinate Step in ANG or DEG, aJ/ANG or AJ/DEG ---
	-------------------------------------------------------------------------------
	           Coordinate      Previous         Force          Change          New 
	           ----------      --------        ------          ------        ------
	               R(1,2)       1.77111        0.21983        0.14809       1.91919
	-------------------------------------------------------------------------------

2025-12-23:10:33:56,241 INFO     [psi4.optking.stepAlgorithms:113] 	|target step| :    0.2798409174
2025-12-23:10:33:56,241 INFO     [psi4.optking.stepAlgorithms:114] 	gradient     :   -0.0266825772
2025-12-23:10:33:56,241 INFO     [psi4.optking.stepAlgorithms:115] 	hessian      :    0.0878822145
2025-12-23:10:33:56,241 INFO     [psi4.optking.stepAlgorithms:113] 	|target step| :    0.2798409174
2025-12-23:10:33:56,241 INFO     [psi4.optking.stepAlgorithms:114] 	gradient     :   -0.0266825772
2025-12-23:10:33:56,241 INFO     [psi4.optking.stepAlgorithms:115] 	hessian      :    0.0878822145
2025-12-23:10:33:56,241 INFO     [psi4.optking.stepAlgorithms:206] 	Norm of achieved step-size    0.2798409174
2025-12-23:10:33:56,241 INFO     [psi4.optking.stepAlgorithms:208] 	Norm of achieved step-size (cart):    0.1978774103
2025-12-23:10:33:56,242 INFO     [psi4.optking.opt_helper:164] Molsys:

	                            ===> Fragment 1 <== 

	 Z (Atomic Numbers)          Masses                          Geom                  
	       2.000000             4.002603          0.00000000  0.00000000  2.81692463   
	       8.000000            15.994915          0.00000000  0.00000000 -0.80981998   

	 - Coordinate -           - BOHR/RAD -       - ANG/DEG -
	 R(1,2)           =         3.626745           1.919191

2025-12-23:10:33:56,242 INFO     [psi4.optking.convcheck:76] Performing convergence check.
2025-12-23:10:33:56,242 INFO     [psi4.optking.convcheck:282] 
	                                 ==> Convergence Check <==                                  
    
	Measures of convergence in internal coordinates in au.
    
	Criteria marked as inactive (o), active & met (*), and active & unmet ( ).

	----------------------------------------------------------------------------------------------
	   Step    Total Energy     Delta E     Max Force     RMS Force      Max Disp      RMS Disp   
	----------------------------------------------------------------------------------------------
	  Convergence Criteria     1.00e-06 *    3.00e-04 *             o    1.20e-03 *             o
	----------------------------------------------------------------------------------------------
	     4     -76.99805840   -1.19e-02      2.67e-02      2.67e-02 o    2.80e-01      2.80e-01 o  ~
	----------------------------------------------------------------------------------------------


2025-12-23:10:33:56,242 INFO     [psi4.optking.stepAlgorithms:296] 	Convergence check returned False
2025-12-23:10:33:56,252 INFO     [psi4.driver.task_planner:259] PLANNING Atomic:  keywords={'DAMPING_PERCENTAGE': 1.0, 'GEOM_MAXITER': 500, 'SCF__GUESS': 'READ', 'GUESS': 'SAP', 'MAXITER': 500, 'REFERENCE': 'UKS', 'function_kwargs': {}}
2025-12-23:10:33:56,253 INFO     [psi4.driver.driver:638] Compute gradient(): method=b3lyp, basis=cc-pvdz, molecule=default, nre=4.411669901403051
2025-12-23:10:33:56,508 INFO     [psi4.driver.driver:641] Return gradient(): -77.00354765388107
2025-12-23:10:33:56,509 INFO     [psi4.driver.driver:642] [[-0.00000000  0.00000000 -0.01391220]
 [ 0.00000000  0.00000000  0.01391729]]
2025-12-23:10:33:56,510 INFO     [psi4.optking.history:269] 	Performing BFGS update.
2025-12-23:10:33:56,510 INFO     [psi4.optking.history:280] 	Using 4 previous steps for update.
2025-12-23:10:33:56,510 WARNING  [psi4.optking.history:301] 	Change in internal coordinate of 5.87e-01 exceeds limit of 5.00e-01.
2025-12-23:10:33:56,510 WARNING  [psi4.optking.history:306] 	Skipping Hessian update for step 3.
2025-12-23:10:33:56,510 WARNING  [psi4.optking.history:301] 	Change in internal coordinate of 8.59e-01 exceeds limit of 5.00e-01.
2025-12-23:10:33:56,510 WARNING  [psi4.optking.history:306] 	Skipping Hessian update for step 2.
2025-12-23:10:33:56,511 WARNING  [psi4.optking.history:301] 	Change in internal coordinate of 1.36e+00 exceeds limit of 5.00e-01.
2025-12-23:10:33:56,511 WARNING  [psi4.optking.history:306] 	Skipping Hessian update for step 1.
2025-12-23:10:33:56,511 INFO     [psi4.optking.history:317] 	Steps to be used in Hessian update:  4

2025-12-23:10:33:56,511 INFO     [psi4.optking.history:418] 	Updated Hessian (in au) 
 	   0.045625

2025-12-23:10:33:56,511 INFO     [psi4.optking.molsys:944] Projected (PHP) Hessian matrix
	   0.045625

2025-12-23:10:33:56,511 INFO     [psi4.optking.opt_helper:182] 
	         Geometry (au)                                       Gradient (au)
   0.0000000000   0.0000000000   2.9008335244		  -0.0000000000   0.0000000000  -0.0139121965
   0.0000000000   0.0000000000  -0.7259110774		   0.0000000000   0.0000000000   0.0139172914

2025-12-23:10:33:56,511 INFO     [psi4.optking.stepAlgorithms:368] 	Current Step Report 
 
	Current energy:       -77.0035476539
	Energy change for the previous step:
		Actual       :        -0.0054892572
		Projected    :        -0.0037334384

2025-12-23:10:33:56,511 INFO     [psi4.optking.stepAlgorithms:371] 	Energy ratio =    1.47030
2025-12-23:10:33:56,511 INFO     [psi4.optking.stepAlgorithms:929] 	Using RFO solution 1.
2025-12-23:10:33:56,511 INFO     [psi4.optking.displace:100] 	Determining Cartesian step for fragment 1.
2025-12-23:10:33:56,511 INFO     [psi4.optking.displace:415] 	Successfully converged to displaced geometry.
2025-12-23:10:33:56,511 INFO     [psi4.optking.displace:416] 	RMS(dx):  0.000e+00 	Max(dx):  0.000e+00 	RMS(dq):  0.000e+00
2025-12-23:10:33:56,511 INFO     [psi4.optking.displace:172] 

	        --- Internal Coordinate Step in ANG or DEG, aJ/ANG or AJ/DEG ---
	-------------------------------------------------------------------------------
	           Coordinate      Previous         Force          Change          New 
	           ----------      --------        ------          ------        ------
	               R(1,2)       1.91919        0.11464        0.14865       2.06784
	-------------------------------------------------------------------------------

2025-12-23:10:33:56,511 INFO     [psi4.optking.stepAlgorithms:113] 	|target step| :    0.2809121533
2025-12-23:10:33:56,511 INFO     [psi4.optking.stepAlgorithms:114] 	gradient     :   -0.0139147440
2025-12-23:10:33:56,512 INFO     [psi4.optking.stepAlgorithms:115] 	hessian      :    0.0456253266
2025-12-23:10:33:56,512 INFO     [psi4.optking.stepAlgorithms:113] 	|target step| :    0.2809121533
2025-12-23:10:33:56,512 INFO     [psi4.optking.stepAlgorithms:114] 	gradient     :   -0.0139147440
2025-12-23:10:33:56,512 INFO     [psi4.optking.stepAlgorithms:115] 	hessian      :    0.0456253266
2025-12-23:10:33:56,512 INFO     [psi4.optking.stepAlgorithms:206] 	Norm of achieved step-size    0.2809121533
2025-12-23:10:33:56,512 INFO     [psi4.optking.stepAlgorithms:208] 	Norm of achieved step-size (cart):    0.1986348885
2025-12-23:10:33:56,512 INFO     [psi4.optking.opt_helper:164] Molsys:

	                            ===> Fragment 1 <== 

	 Z (Atomic Numbers)          Masses                          Geom                  
	       2.000000             4.002603          0.00000000  0.00000000  3.04128960   
	       8.000000            15.994915          0.00000000  0.00000000 -0.86636715   

	 - Coordinate -           - BOHR/RAD -       - ANG/DEG -
	 R(1,2)           =         3.907657           2.067843

2025-12-23:10:33:56,512 INFO     [psi4.optking.convcheck:76] Performing convergence check.
2025-12-23:10:33:56,512 INFO     [psi4.optking.convcheck:282] 
	                                 ==> Convergence Check <==                                  
    
	Measures of convergence in internal coordinates in au.
    
	Criteria marked as inactive (o), active & met (*), and active & unmet ( ).

	----------------------------------------------------------------------------------------------
	   Step    Total Energy     Delta E     Max Force     RMS Force      Max Disp      RMS Disp   
	----------------------------------------------------------------------------------------------
	  Convergence Criteria     1.00e-06 *    3.00e-04 *             o    1.20e-03 *             o
	----------------------------------------------------------------------------------------------
	     5     -77.00354765   -5.49e-03      1.39e-02      1.39e-02 o    2.81e-01      2.81e-01 o  ~
	----------------------------------------------------------------------------------------------


2025-12-23:10:33:56,512 INFO     [psi4.optking.stepAlgorithms:296] 	Convergence check returned False
2025-12-23:10:33:56,522 INFO     [psi4.driver.task_planner:259] PLANNING Atomic:  keywords={'DAMPING_PERCENTAGE': 1.0, 'GEOM_MAXITER': 500, 'SCF__GUESS': 'READ', 'GUESS': 'SAP', 'MAXITER': 500, 'REFERENCE': 'UKS', 'function_kwargs': {}}
2025-12-23:10:33:56,523 INFO     [psi4.driver.driver:638] Compute gradient(): method=b3lyp, basis=cc-pvdz, molecule=default, nre=4.094525441323768
2025-12-23:10:33:56,764 INFO     [psi4.driver.driver:641] Return gradient(): -77.00641991214941
2025-12-23:10:33:56,764 INFO     [psi4.driver.driver:642] [[ 0.00000000  0.00000000 -0.00725187]
 [ 0.00000000  0.00000000  0.00725978]]
2025-12-23:10:33:56,766 INFO     [psi4.optking.history:269] 	Performing BFGS update.
2025-12-23:10:33:56,766 INFO     [psi4.optking.history:280] 	Using 4 previous steps for update.
2025-12-23:10:33:56,766 WARNING  [psi4.optking.history:301] 	Change in internal coordinate of 5.61e-01 exceeds limit of 5.00e-01.
2025-12-23:10:33:56,766 WARNING  [psi4.optking.history:306] 	Skipping Hessian update for step 4.
2025-12-23:10:33:56,766 WARNING  [psi4.optking.history:301] 	Change in internal coordinate of 8.67e-01 exceeds limit of 5.00e-01.
2025-12-23:10:33:56,766 WARNING  [psi4.optking.history:306] 	Skipping Hessian update for step 3.
2025-12-23:10:33:56,766 WARNING  [psi4.optking.history:301] 	Change in internal coordinate of 1.14e+00 exceeds limit of 5.00e-01.
2025-12-23:10:33:56,766 WARNING  [psi4.optking.history:306] 	Skipping Hessian update for step 2.
2025-12-23:10:33:56,766 WARNING  [psi4.optking.history:301] 	Change in internal coordinate of 1.64e+00 exceeds limit of 5.00e-01.
2025-12-23:10:33:56,766 WARNING  [psi4.optking.history:306] 	Skipping Hessian update for step 1.
2025-12-23:10:33:56,766 INFO     [psi4.optking.history:317] 	Steps to be used in Hessian update:  5

2025-12-23:10:33:56,766 INFO     [psi4.optking.history:418] 	Updated Hessian (in au) 
 	   0.023705

2025-12-23:10:33:56,766 INFO     [psi4.optking.molsys:944] Projected (PHP) Hessian matrix
	   0.023705

2025-12-23:10:33:56,766 INFO     [psi4.optking.opt_helper:182] 
	         Geometry (au)                                       Gradient (au)
   0.0000000000   0.0000000000   3.1255197048		   0.0000000000   0.0000000000  -0.0072518711
   0.0000000000   0.0000000000  -0.7821370504		   0.0000000000   0.0000000000   0.0072597774

2025-12-23:10:33:56,766 INFO     [psi4.optking.stepAlgorithms:368] 	Current Step Report 
 
	Current energy:       -77.0064199121
	Energy change for the previous step:
		Actual       :        -0.0028722583
		Projected    :        -0.0019544103

2025-12-23:10:33:56,766 INFO     [psi4.optking.stepAlgorithms:371] 	Energy ratio =    1.46963
2025-12-23:10:33:56,767 INFO     [psi4.optking.stepAlgorithms:929] 	Using RFO solution 1.
2025-12-23:10:33:56,767 INFO     [psi4.optking.displace:100] 	Determining Cartesian step for fragment 1.
2025-12-23:10:33:56,767 INFO     [psi4.optking.displace:415] 	Successfully converged to displaced geometry.
2025-12-23:10:33:56,767 INFO     [psi4.optking.displace:416] 	RMS(dx):  0.000e+00 	Max(dx):  0.000e+00 	RMS(dq):  0.000e+00
2025-12-23:10:33:56,767 INFO     [psi4.optking.displace:172] 

	        --- Internal Coordinate Step in ANG or DEG, aJ/ANG or AJ/DEG ---
	-------------------------------------------------------------------------------
	           Coordinate      Previous         Force          Change          New 
	           ----------      --------        ------          ------        ------
	               R(1,2)       2.06784        0.05978        0.14912       2.21696
	-------------------------------------------------------------------------------

2025-12-23:10:33:56,767 INFO     [psi4.optking.stepAlgorithms:113] 	|target step| :    0.2817879291
2025-12-23:10:33:56,767 INFO     [psi4.optking.stepAlgorithms:114] 	gradient     :   -0.0072558243
2025-12-23:10:33:56,767 INFO     [psi4.optking.stepAlgorithms:115] 	hessian      :    0.0237046337
2025-12-23:10:33:56,767 INFO     [psi4.optking.stepAlgorithms:113] 	|target step| :    0.2817879291
2025-12-23:10:33:56,767 INFO     [psi4.optking.stepAlgorithms:114] 	gradient     :   -0.0072558243
2025-12-23:10:33:56,767 INFO     [psi4.optking.stepAlgorithms:115] 	hessian      :    0.0237046337
2025-12-23:10:33:56,767 INFO     [psi4.optking.stepAlgorithms:206] 	Norm of achieved step-size    0.2817879291
2025-12-23:10:33:56,767 INFO     [psi4.optking.stepAlgorithms:208] 	Norm of achieved step-size (cart):    0.1992541555
2025-12-23:10:33:56,767 INFO     [psi4.optking.opt_helper:164] Molsys:

	                            ===> Fragment 1 <== 

	 Z (Atomic Numbers)          Masses                          Geom                  
	       2.000000             4.002603          0.00000000  0.00000000  3.26641367   
	       8.000000            15.994915          0.00000000  0.00000000 -0.92303101   

	 - Coordinate -           - BOHR/RAD -       - ANG/DEG -
	 R(1,2)           =         4.189445           2.216959

2025-12-23:10:33:56,767 INFO     [psi4.optking.convcheck:76] Performing convergence check.
2025-12-23:10:33:56,767 INFO     [psi4.optking.convcheck:282] 
	                                 ==> Convergence Check <==                                  
    
	Measures of convergence in internal coordinates in au.
    
	Criteria marked as inactive (o), active & met (*), and active & unmet ( ).

	----------------------------------------------------------------------------------------------
	   Step    Total Energy     Delta E     Max Force     RMS Force      Max Disp      RMS Disp   
	----------------------------------------------------------------------------------------------
	  Convergence Criteria     1.00e-06 *    3.00e-04 *             o    1.20e-03 *             o
	----------------------------------------------------------------------------------------------
	     6     -77.00641991   -2.87e-03      7.26e-03      7.26e-03 o    2.82e-01      2.82e-01 o  ~
	----------------------------------------------------------------------------------------------


2025-12-23:10:33:56,767 INFO     [psi4.optking.stepAlgorithms:296] 	Convergence check returned False
2025-12-23:10:33:56,777 INFO     [psi4.driver.task_planner:259] PLANNING Atomic:  keywords={'DAMPING_PERCENTAGE': 1.0, 'GEOM_MAXITER': 500, 'SCF__GUESS': 'READ', 'GUESS': 'SAP', 'MAXITER': 500, 'REFERENCE': 'UKS', 'function_kwargs': {}}
2025-12-23:10:33:56,779 INFO     [psi4.driver.driver:638] Compute gradient(): method=b3lyp, basis=cc-pvdz, molecule=default, nre=3.819121913721847
2025-12-23:10:33:57,59 INFO     [psi4.driver.driver:641] Return gradient(): -77.00791859799321
2025-12-23:10:33:57,59 INFO     [psi4.driver.driver:642] [[-0.00000000  0.00000000 -0.00373889]
 [ 0.00000000 -0.00000000  0.00374310]]
2025-12-23:10:33:57,61 INFO     [psi4.optking.history:269] 	Performing BFGS update.
2025-12-23:10:33:57,61 INFO     [psi4.optking.history:280] 	Using 4 previous steps for update.
2025-12-23:10:33:57,61 WARNING  [psi4.optking.history:301] 	Change in internal coordinate of 5.63e-01 exceeds limit of 5.00e-01.
2025-12-23:10:33:57,61 WARNING  [psi4.optking.history:306] 	Skipping Hessian update for step 5.
2025-12-23:10:33:57,61 WARNING  [psi4.optking.history:301] 	Change in internal coordinate of 8.43e-01 exceeds limit of 5.00e-01.
2025-12-23:10:33:57,61 WARNING  [psi4.optking.history:306] 	Skipping Hessian update for step 4.
2025-12-23:10:33:57,61 WARNING  [psi4.optking.history:301] 	Change in internal coordinate of 1.15e+00 exceeds limit of 5.00e-01.
2025-12-23:10:33:57,61 WARNING  [psi4.optking.history:306] 	Skipping Hessian update for step 3.
2025-12-23:10:33:57,61 WARNING  [psi4.optking.history:301] 	Change in internal coordinate of 1.42e+00 exceeds limit of 5.00e-01.
2025-12-23:10:33:57,61 WARNING  [psi4.optking.history:306] 	Skipping Hessian update for step 2.
2025-12-23:10:33:57,61 WARNING  [psi4.optking.history:301] 	Change in internal coordinate of 1.92e+00 exceeds limit of 5.00e-01.
2025-12-23:10:33:57,61 WARNING  [psi4.optking.history:306] 	Skipping Hessian update for step 1.
2025-12-23:10:33:57,61 INFO     [psi4.optking.history:317] 	Steps to be used in Hessian update:  6

2025-12-23:10:33:57,62 INFO     [psi4.optking.history:418] 	Updated Hessian (in au) 
 	   0.012473

2025-12-23:10:33:57,62 INFO     [psi4.optking.molsys:944] Projected (PHP) Hessian matrix
	   0.012473

2025-12-23:10:33:57,62 INFO     [psi4.optking.opt_helper:182] 
	         Geometry (au)                                       Gradient (au)
   0.0000000000   0.0000000000   3.3509063701		  -0.0000000000   0.0000000000  -0.0037388938
   0.0000000000   0.0000000000  -0.8385383142		   0.0000000000  -0.0000000000   0.0037430994

2025-12-23:10:33:57,62 INFO     [psi4.optking.stepAlgorithms:368] 	Current Step Report 
 
	Current energy:       -77.0079185980
	Energy change for the previous step:
		Actual       :        -0.0014986858
		Projected    :        -0.0010223018

2025-12-23:10:33:57,62 INFO     [psi4.optking.stepAlgorithms:371] 	Energy ratio =    1.46599
2025-12-23:10:33:57,62 INFO     [psi4.optking.stepAlgorithms:929] 	Using RFO solution 1.
2025-12-23:10:33:57,62 INFO     [psi4.optking.displace:100] 	Determining Cartesian step for fragment 1.
2025-12-23:10:33:57,62 INFO     [psi4.optking.displace:415] 	Successfully converged to displaced geometry.
2025-12-23:10:33:57,62 INFO     [psi4.optking.displace:416] 	RMS(dx):  0.000e+00 	Max(dx):  0.000e+00 	RMS(dq):  0.000e+00
2025-12-23:10:33:57,62 INFO     [psi4.optking.displace:172] 

	        --- Internal Coordinate Step in ANG or DEG, aJ/ANG or AJ/DEG ---
	-------------------------------------------------------------------------------
	           Coordinate      Previous         Force          Change          New 
	           ----------      --------        ------          ------        ------
	               R(1,2)       2.21696        0.03082        0.14654       2.36350
	-------------------------------------------------------------------------------

2025-12-23:10:33:57,62 INFO     [psi4.optking.stepAlgorithms:113] 	|target step| :    0.2769207526
2025-12-23:10:33:57,62 INFO     [psi4.optking.stepAlgorithms:114] 	gradient     :   -0.0037409966
2025-12-23:10:33:57,62 INFO     [psi4.optking.stepAlgorithms:115] 	hessian      :    0.0124733082
2025-12-23:10:33:57,62 INFO     [psi4.optking.stepAlgorithms:113] 	|target step| :    0.2769207526
2025-12-23:10:33:57,62 INFO     [psi4.optking.stepAlgorithms:114] 	gradient     :   -0.0037409966
2025-12-23:10:33:57,62 INFO     [psi4.optking.stepAlgorithms:115] 	hessian      :    0.0124733082
2025-12-23:10:33:57,62 INFO     [psi4.optking.stepAlgorithms:206] 	Norm of achieved step-size    0.2769207526
2025-12-23:10:33:57,62 INFO     [psi4.optking.stepAlgorithms:208] 	Norm of achieved step-size (cart):    0.1958125420
2025-12-23:10:33:57,63 INFO     [psi4.optking.opt_helper:164] Molsys:

	                            ===> Fragment 1 <== 

	 Z (Atomic Numbers)          Masses                          Geom                  
	       2.000000             4.002603          0.00000000  0.00000000  3.48936675   
	       8.000000            15.994915          0.00000000  0.00000000 -0.97699869   

	 - Coordinate -           - BOHR/RAD -       - ANG/DEG -
	 R(1,2)           =         4.466365           2.363499

2025-12-23:10:33:57,63 INFO     [psi4.optking.convcheck:76] Performing convergence check.
2025-12-23:10:33:57,63 INFO     [psi4.optking.convcheck:282] 
	                                 ==> Convergence Check <==                                  
    
	Measures of convergence in internal coordinates in au.
    
	Criteria marked as inactive (o), active & met (*), and active & unmet ( ).

	----------------------------------------------------------------------------------------------
	   Step    Total Energy     Delta E     Max Force     RMS Force      Max Disp      RMS Disp   
	----------------------------------------------------------------------------------------------
	  Convergence Criteria     1.00e-06 *    3.00e-04 *             o    1.20e-03 *             o
	----------------------------------------------------------------------------------------------
	     7     -77.00791860   -1.50e-03      3.74e-03      3.74e-03 o    2.77e-01      2.77e-01 o  ~
	----------------------------------------------------------------------------------------------


2025-12-23:10:33:57,63 INFO     [psi4.optking.stepAlgorithms:296] 	Convergence check returned False
2025-12-23:10:33:57,73 INFO     [psi4.driver.task_planner:259] PLANNING Atomic:  keywords={'DAMPING_PERCENTAGE': 1.0, 'GEOM_MAXITER': 500, 'SCF__GUESS': 'READ', 'GUESS': 'SAP', 'MAXITER': 500, 'REFERENCE': 'UKS', 'function_kwargs': {}}
2025-12-23:10:33:57,74 INFO     [psi4.driver.driver:638] Compute gradient(): method=b3lyp, basis=cc-pvdz, molecule=default, nre=3.5823311428949247
2025-12-23:10:33:57,325 INFO     [psi4.driver.driver:641] Return gradient(): -77.00866725791327
2025-12-23:10:33:57,325 INFO     [psi4.driver.driver:642] [[ 0.00000000 -0.00000000 -0.00184858]
 [ 0.00000000  0.00000000  0.00184683]]
2025-12-23:10:33:57,327 INFO     [psi4.optking.history:269] 	Performing BFGS update.
2025-12-23:10:33:57,327 INFO     [psi4.optking.history:280] 	Using 4 previous steps for update.
2025-12-23:10:33:57,327 WARNING  [psi4.optking.history:301] 	Change in internal coordinate of 5.59e-01 exceeds limit of 5.00e-01.
2025-12-23:10:33:57,327 WARNING  [psi4.optking.history:306] 	Skipping Hessian update for step 6.
2025-12-23:10:33:57,327 WARNING  [psi4.optking.history:301] 	Change in internal coordinate of 8.40e-01 exceeds limit of 5.00e-01.
2025-12-23:10:33:57,327 WARNING  [psi4.optking.history:306] 	Skipping Hessian update for step 5.
2025-12-23:10:33:57,327 WARNING  [psi4.optking.history:301] 	Change in internal coordinate of 1.12e+00 exceeds limit of 5.00e-01.
2025-12-23:10:33:57,327 WARNING  [psi4.optking.history:306] 	Skipping Hessian update for step 4.
2025-12-23:10:33:57,327 WARNING  [psi4.optking.history:301] 	Change in internal coordinate of 1.43e+00 exceeds limit of 5.00e-01.
2025-12-23:10:33:57,327 WARNING  [psi4.optking.history:306] 	Skipping Hessian update for step 3.
2025-12-23:10:33:57,327 WARNING  [psi4.optking.history:301] 	Change in internal coordinate of 1.70e+00 exceeds limit of 5.00e-01.
2025-12-23:10:33:57,327 WARNING  [psi4.optking.history:306] 	Skipping Hessian update for step 2.
2025-12-23:10:33:57,327 WARNING  [psi4.optking.history:301] 	Change in internal coordinate of 2.20e+00 exceeds limit of 5.00e-01.
2025-12-23:10:33:57,327 WARNING  [psi4.optking.history:306] 	Skipping Hessian update for step 1.
2025-12-23:10:33:57,327 INFO     [psi4.optking.history:317] 	Steps to be used in Hessian update:  7

2025-12-23:10:33:57,327 INFO     [psi4.optking.history:418] 	Updated Hessian (in au) 
 	   0.006837

2025-12-23:10:33:57,327 INFO     [psi4.optking.molsys:944] Projected (PHP) Hessian matrix
	   0.006837

2025-12-23:10:33:57,327 INFO     [psi4.optking.opt_helper:182] 
	         Geometry (au)                                       Gradient (au)
   0.0000000000   0.0000000000   3.5724000485		   0.0000000000  -0.0000000000  -0.0018485842
   0.0000000000   0.0000000000  -0.8939653883		   0.0000000000   0.0000000000   0.0018468345

2025-12-23:10:33:57,327 INFO     [psi4.optking.stepAlgorithms:368] 	Current Step Report 
 
	Current energy:       -77.0086672579
	Energy change for the previous step:
		Actual       :        -0.0007486599
		Projected    :        -0.0005179798

2025-12-23:10:33:57,327 INFO     [psi4.optking.stepAlgorithms:371] 	Energy ratio =    1.44535
2025-12-23:10:33:57,327 INFO     [psi4.optking.stepAlgorithms:929] 	Using RFO solution 1.
2025-12-23:10:33:57,328 INFO     [psi4.optking.displace:100] 	Determining Cartesian step for fragment 1.
2025-12-23:10:33:57,328 INFO     [psi4.optking.displace:415] 	Successfully converged to displaced geometry.
2025-12-23:10:33:57,328 INFO     [psi4.optking.displace:416] 	RMS(dx):  0.000e+00 	Max(dx):  0.000e+00 	RMS(dq):  0.000e+00
2025-12-23:10:33:57,328 INFO     [psi4.optking.displace:172] 

	        --- Internal Coordinate Step in ANG or DEG, aJ/ANG or AJ/DEG ---
	-------------------------------------------------------------------------------
	           Coordinate      Previous         Force          Change          New 
	           ----------      --------        ------          ------        ------
	               R(1,2)       2.36350        0.01522        0.13386       2.49736
	-------------------------------------------------------------------------------

2025-12-23:10:33:57,328 INFO     [psi4.optking.stepAlgorithms:113] 	|target step| :    0.2529609530
2025-12-23:10:33:57,328 INFO     [psi4.optking.stepAlgorithms:114] 	gradient     :   -0.0018477093
2025-12-23:10:33:57,328 INFO     [psi4.optking.stepAlgorithms:115] 	hessian      :    0.0068369280
2025-12-23:10:33:57,328 INFO     [psi4.optking.stepAlgorithms:113] 	|target step| :    0.2529609530
2025-12-23:10:33:57,328 INFO     [psi4.optking.stepAlgorithms:114] 	gradient     :   -0.0018477093
2025-12-23:10:33:57,328 INFO     [psi4.optking.stepAlgorithms:115] 	hessian      :    0.0068369280
2025-12-23:10:33:57,328 INFO     [psi4.optking.stepAlgorithms:206] 	Norm of achieved step-size    0.2529609530
2025-12-23:10:33:57,328 INFO     [psi4.optking.stepAlgorithms:208] 	Norm of achieved step-size (cart):    0.1788704053
2025-12-23:10:33:57,328 INFO     [psi4.optking.opt_helper:164] Molsys:

	                            ===> Fragment 1 <== 

	 Z (Atomic Numbers)          Masses                          Geom                  
	       2.000000             4.002603          0.00000000  0.00000000  3.69888053   
	       8.000000            15.994915          0.00000000  0.00000000 -1.02044586   

	 - Coordinate -           - BOHR/RAD -       - ANG/DEG -
	 R(1,2)           =         4.719326           2.497360

2025-12-23:10:33:57,328 INFO     [psi4.optking.convcheck:76] Performing convergence check.
2025-12-23:10:33:57,328 INFO     [psi4.optking.convcheck:282] 
	                                 ==> Convergence Check <==                                  
    
	Measures of convergence in internal coordinates in au.
    
	Criteria marked as inactive (o), active & met (*), and active & unmet ( ).

	----------------------------------------------------------------------------------------------
	   Step    Total Energy     Delta E     Max Force     RMS Force      Max Disp      RMS Disp   
	----------------------------------------------------------------------------------------------
	  Convergence Criteria     1.00e-06 *    3.00e-04 *             o    1.20e-03 *             o
	----------------------------------------------------------------------------------------------
	     8     -77.00866726   -7.49e-04      1.85e-03      1.85e-03 o    2.53e-01      2.53e-01 o  ~
	----------------------------------------------------------------------------------------------


2025-12-23:10:33:57,328 INFO     [psi4.optking.stepAlgorithms:296] 	Convergence check returned False
2025-12-23:10:33:57,339 INFO     [psi4.driver.task_planner:259] PLANNING Atomic:  keywords={'DAMPING_PERCENTAGE': 1.0, 'GEOM_MAXITER': 500, 'SCF__GUESS': 'READ', 'GUESS': 'SAP', 'MAXITER': 500, 'REFERENCE': 'UKS', 'function_kwargs': {}}
2025-12-23:10:33:57,340 INFO     [psi4.driver.driver:638] Compute gradient(): method=b3lyp, basis=cc-pvdz, molecule=default, nre=3.390314353824118
2025-12-23:10:33:57,581 INFO     [psi4.driver.driver:641] Return gradient(): -77.00899854603135
2025-12-23:10:33:57,581 INFO     [psi4.driver.driver:642] [[ 0.00000000  0.00000000 -0.00086585]
 [ 0.00000000  0.00000000  0.00085822]]
2025-12-23:10:33:57,582 INFO     [psi4.optking.history:269] 	Performing BFGS update.
2025-12-23:10:33:57,583 INFO     [psi4.optking.history:280] 	Using 4 previous steps for update.
2025-12-23:10:33:57,583 WARNING  [psi4.optking.history:301] 	Change in internal coordinate of 5.30e-01 exceeds limit of 5.00e-01.
2025-12-23:10:33:57,583 WARNING  [psi4.optking.history:306] 	Skipping Hessian update for step 7.
2025-12-23:10:33:57,583 WARNING  [psi4.optking.history:301] 	Change in internal coordinate of 8.12e-01 exceeds limit of 5.00e-01.
2025-12-23:10:33:57,583 WARNING  [psi4.optking.history:306] 	Skipping Hessian update for step 6.
2025-12-23:10:33:57,583 WARNING  [psi4.optking.history:301] 	Change in internal coordinate of 1.09e+00 exceeds limit of 5.00e-01.
2025-12-23:10:33:57,583 WARNING  [psi4.optking.history:306] 	Skipping Hessian update for step 5.
2025-12-23:10:33:57,583 WARNING  [psi4.optking.history:301] 	Change in internal coordinate of 1.37e+00 exceeds limit of 5.00e-01.
2025-12-23:10:33:57,583 WARNING  [psi4.optking.history:306] 	Skipping Hessian update for step 4.
2025-12-23:10:33:57,583 WARNING  [psi4.optking.history:301] 	Change in internal coordinate of 1.68e+00 exceeds limit of 5.00e-01.
2025-12-23:10:33:57,583 WARNING  [psi4.optking.history:306] 	Skipping Hessian update for step 3.
2025-12-23:10:33:57,583 WARNING  [psi4.optking.history:301] 	Change in internal coordinate of 1.95e+00 exceeds limit of 5.00e-01.
2025-12-23:10:33:57,583 WARNING  [psi4.optking.history:306] 	Skipping Hessian update for step 2.
2025-12-23:10:33:57,583 WARNING  [psi4.optking.history:301] 	Change in internal coordinate of 2.45e+00 exceeds limit of 5.00e-01.
2025-12-23:10:33:57,583 WARNING  [psi4.optking.history:306] 	Skipping Hessian update for step 1.
2025-12-23:10:33:57,583 INFO     [psi4.optking.history:317] 	Steps to be used in Hessian update:  8

2025-12-23:10:33:57,583 INFO     [psi4.optking.history:418] 	Updated Hessian (in au) 
 	   0.003897

2025-12-23:10:33:57,583 INFO     [psi4.optking.molsys:944] Projected (PHP) Hessian matrix
	   0.003897

2025-12-23:10:33:57,583 INFO     [psi4.optking.opt_helper:182] 
	         Geometry (au)                                       Gradient (au)
   0.0000000000   0.0000000000   3.7747296012		   0.0000000000   0.0000000000  -0.0008658497
   0.0000000000   0.0000000000  -0.9445967887		   0.0000000000   0.0000000000   0.0008582224

2025-12-23:10:33:57,583 INFO     [psi4.optking.stepAlgorithms:368] 	Current Step Report 
 
	Current energy:       -77.0089985460
	Energy change for the previous step:
		Actual       :        -0.0003312881
		Projected    :        -0.0002336992

2025-12-23:10:33:57,583 INFO     [psi4.optking.stepAlgorithms:371] 	Energy ratio =    1.41758
2025-12-23:10:33:57,583 INFO     [psi4.optking.stepAlgorithms:929] 	Using RFO solution 1.
2025-12-23:10:33:57,584 INFO     [psi4.optking.displace:100] 	Determining Cartesian step for fragment 1.
2025-12-23:10:33:57,584 INFO     [psi4.optking.displace:415] 	Successfully converged to displaced geometry.
2025-12-23:10:33:57,584 INFO     [psi4.optking.displace:416] 	RMS(dx):  0.000e+00 	Max(dx):  0.000e+00 	RMS(dq):  0.000e+00
2025-12-23:10:33:57,584 INFO     [psi4.optking.displace:172] 

	        --- Internal Coordinate Step in ANG or DEG, aJ/ANG or AJ/DEG ---
	-------------------------------------------------------------------------------
	           Coordinate      Previous         Force          Change          New 
	           ----------      --------        ------          ------        ------
	               R(1,2)       2.49736        0.00710        0.11184       2.60920
	-------------------------------------------------------------------------------

2025-12-23:10:33:57,584 INFO     [psi4.optking.stepAlgorithms:113] 	|target step| :    0.2113489390
2025-12-23:10:33:57,584 INFO     [psi4.optking.stepAlgorithms:114] 	gradient     :   -0.0008620360
2025-12-23:10:33:57,584 INFO     [psi4.optking.stepAlgorithms:115] 	hessian      :    0.0038965433
2025-12-23:10:33:57,584 INFO     [psi4.optking.stepAlgorithms:113] 	|target step| :    0.2113489390
2025-12-23:10:33:57,584 INFO     [psi4.optking.stepAlgorithms:114] 	gradient     :   -0.0008620360
2025-12-23:10:33:57,584 INFO     [psi4.optking.stepAlgorithms:115] 	hessian      :    0.0038965433
2025-12-23:10:33:57,584 INFO     [psi4.optking.stepAlgorithms:206] 	Norm of achieved step-size    0.2113489390
2025-12-23:10:33:57,584 INFO     [psi4.optking.stepAlgorithms:208] 	Norm of achieved step-size (cart):    0.1494462679
2025-12-23:10:33:57,584 INFO     [psi4.optking.opt_helper:164] Molsys:

	                            ===> Fragment 1 <== 

	 Z (Atomic Numbers)          Masses                          Geom                  
	       2.000000             4.002603          0.00000000  0.00000000  3.88040407   
	       8.000000            15.994915          0.00000000  0.00000000 -1.05027126   

	 - Coordinate -           - BOHR/RAD -       - ANG/DEG -
	 R(1,2)           =         4.930675           2.609201

2025-12-23:10:33:57,584 INFO     [psi4.optking.convcheck:76] Performing convergence check.
2025-12-23:10:33:57,584 INFO     [psi4.optking.convcheck:282] 
	                                 ==> Convergence Check <==                                  
    
	Measures of convergence in internal coordinates in au.
    
	Criteria marked as inactive (o), active & met (*), and active & unmet ( ).

	----------------------------------------------------------------------------------------------
	   Step    Total Energy     Delta E     Max Force     RMS Force      Max Disp      RMS Disp   
	----------------------------------------------------------------------------------------------
	  Convergence Criteria     1.00e-06 *    3.00e-04 *             o    1.20e-03 *             o
	----------------------------------------------------------------------------------------------
	     9     -77.00899855   -3.31e-04      8.62e-04      8.62e-04 o    2.11e-01      2.11e-01 o  ~
	----------------------------------------------------------------------------------------------


2025-12-23:10:33:57,584 INFO     [psi4.optking.stepAlgorithms:296] 	Convergence check returned False
2025-12-23:10:33:57,594 INFO     [psi4.driver.task_planner:259] PLANNING Atomic:  keywords={'DAMPING_PERCENTAGE': 1.0, 'GEOM_MAXITER': 500, 'SCF__GUESS': 'READ', 'GUESS': 'SAP', 'MAXITER': 500, 'REFERENCE': 'UKS', 'function_kwargs': {}}
2025-12-23:10:33:57,595 INFO     [psi4.driver.driver:638] Compute gradient(): method=b3lyp, basis=cc-pvdz, molecule=default, nre=3.2449915950440174
2025-12-23:10:33:57,880 INFO     [psi4.driver.driver:641] Return gradient(): -77.00912450873183
2025-12-23:10:33:57,880 INFO     [psi4.driver.driver:642] [[ 0.00000000  0.00000000 -0.00037367]
 [ 0.00000000  0.00000000  0.00037396]]
2025-12-23:10:33:57,881 INFO     [psi4.optking.history:269] 	Performing BFGS update.
2025-12-23:10:33:57,882 INFO     [psi4.optking.history:280] 	Using 4 previous steps for update.
2025-12-23:10:33:57,882 WARNING  [psi4.optking.history:301] 	Change in internal coordinate of 7.41e-01 exceeds limit of 5.00e-01.
2025-12-23:10:33:57,882 WARNING  [psi4.optking.history:306] 	Skipping Hessian update for step 7.
2025-12-23:10:33:57,882 WARNING  [psi4.optking.history:301] 	Change in internal coordinate of 1.02e+00 exceeds limit of 5.00e-01.
2025-12-23:10:33:57,882 WARNING  [psi4.optking.history:306] 	Skipping Hessian update for step 6.
2025-12-23:10:33:57,882 WARNING  [psi4.optking.history:301] 	Change in internal coordinate of 1.30e+00 exceeds limit of 5.00e-01.
2025-12-23:10:33:57,882 WARNING  [psi4.optking.history:306] 	Skipping Hessian update for step 5.
2025-12-23:10:33:57,882 WARNING  [psi4.optking.history:301] 	Change in internal coordinate of 1.58e+00 exceeds limit of 5.00e-01.
2025-12-23:10:33:57,882 WARNING  [psi4.optking.history:306] 	Skipping Hessian update for step 4.
2025-12-23:10:33:57,882 WARNING  [psi4.optking.history:301] 	Change in internal coordinate of 1.89e+00 exceeds limit of 5.00e-01.
2025-12-23:10:33:57,882 WARNING  [psi4.optking.history:306] 	Skipping Hessian update for step 3.
2025-12-23:10:33:57,882 WARNING  [psi4.optking.history:301] 	Change in internal coordinate of 2.16e+00 exceeds limit of 5.00e-01.
2025-12-23:10:33:57,882 WARNING  [psi4.optking.history:306] 	Skipping Hessian update for step 2.
2025-12-23:10:33:57,882 WARNING  [psi4.optking.history:301] 	Change in internal coordinate of 2.66e+00 exceeds limit of 5.00e-01.
2025-12-23:10:33:57,882 WARNING  [psi4.optking.history:306] 	Skipping Hessian update for step 1.
2025-12-23:10:33:57,882 INFO     [psi4.optking.history:317] 	Steps to be used in Hessian update:  9 8

2025-12-23:10:33:57,882 INFO     [psi4.optking.history:418] 	Updated Hessian (in au) 
 	   0.003174

2025-12-23:10:33:57,882 INFO     [psi4.optking.molsys:944] Projected (PHP) Hessian matrix
	   0.003174

2025-12-23:10:33:57,882 INFO     [psi4.optking.opt_helper:182] 
	         Geometry (au)                                       Gradient (au)
   0.0000000000   0.0000000000   3.9437759926		   0.0000000000   0.0000000000  -0.0003736740
   0.0000000000   0.0000000000  -0.9868993363		   0.0000000000   0.0000000000   0.0003739626

2025-12-23:10:33:57,882 INFO     [psi4.optking.stepAlgorithms:368] 	Current Step Report 
 
	Current energy:       -77.0091245087
	Energy change for the previous step:
		Actual       :        -0.0001259627
		Projected    :        -0.0000910952

2025-12-23:10:33:57,882 INFO     [psi4.optking.stepAlgorithms:371] 	Energy ratio =    1.38276
2025-12-23:10:33:57,883 INFO     [psi4.optking.stepAlgorithms:929] 	Using RFO solution 1.
2025-12-23:10:33:57,883 INFO     [psi4.optking.displace:100] 	Determining Cartesian step for fragment 1.
2025-12-23:10:33:57,883 INFO     [psi4.optking.displace:415] 	Successfully converged to displaced geometry.
2025-12-23:10:33:57,883 INFO     [psi4.optking.displace:416] 	RMS(dx):  0.000e+00 	Max(dx):  0.000e+00 	RMS(dq):  0.000e+00
2025-12-23:10:33:57,883 INFO     [psi4.optking.displace:172] 

	        --- Internal Coordinate Step in ANG or DEG, aJ/ANG or AJ/DEG ---
	-------------------------------------------------------------------------------
	           Coordinate      Previous         Force          Change          New 
	           ----------      --------        ------          ------        ------
	               R(1,2)       2.60920        0.00308        0.06148       2.67068
	-------------------------------------------------------------------------------

2025-12-23:10:33:57,883 INFO     [psi4.optking.stepAlgorithms:113] 	|target step| :    0.1161721476
2025-12-23:10:33:57,883 INFO     [psi4.optking.stepAlgorithms:114] 	gradient     :   -0.0003738183
2025-12-23:10:33:57,883 INFO     [psi4.optking.stepAlgorithms:115] 	hessian      :    0.0031743692
2025-12-23:10:33:57,883 INFO     [psi4.optking.stepAlgorithms:113] 	|target step| :    0.1161721476
2025-12-23:10:33:57,883 INFO     [psi4.optking.stepAlgorithms:114] 	gradient     :   -0.0003738183
2025-12-23:10:33:57,883 INFO     [psi4.optking.stepAlgorithms:115] 	hessian      :    0.0031743692
2025-12-23:10:33:57,883 INFO     [psi4.optking.stepAlgorithms:206] 	Norm of achieved step-size    0.1161721476
2025-12-23:10:33:57,883 INFO     [psi4.optking.stepAlgorithms:208] 	Norm of achieved step-size (cart):    0.0821461133
2025-12-23:10:33:57,883 INFO     [psi4.optking.opt_helper:164] Molsys:

	                            ===> Fragment 1 <== 

	 Z (Atomic Numbers)          Masses                          Geom                  
	       2.000000             4.002603          0.00000000  0.00000000  4.00186207   
	       8.000000            15.994915          0.00000000  0.00000000 -1.04498541   

	 - Coordinate -           - BOHR/RAD -       - ANG/DEG -
	 R(1,2)           =         5.046847           2.670677

2025-12-23:10:33:57,883 INFO     [psi4.optking.convcheck:76] Performing convergence check.
2025-12-23:10:33:57,884 INFO     [psi4.optking.convcheck:282] 
	                                 ==> Convergence Check <==                                  
    
	Measures of convergence in internal coordinates in au.
    
	Criteria marked as inactive (o), active & met (*), and active & unmet ( ).

	----------------------------------------------------------------------------------------------
	   Step    Total Energy     Delta E     Max Force     RMS Force      Max Disp      RMS Disp   
	----------------------------------------------------------------------------------------------
	  Convergence Criteria     1.00e-06 *    3.00e-04 *             o    1.20e-03 *             o
	----------------------------------------------------------------------------------------------
	    10     -77.00912451   -1.26e-04      3.74e-04      3.74e-04 o    1.16e-01      1.16e-01 o  ~
	----------------------------------------------------------------------------------------------


2025-12-23:10:33:57,884 INFO     [psi4.optking.stepAlgorithms:296] 	Convergence check returned False
2025-12-23:10:33:57,895 INFO     [psi4.driver.task_planner:259] PLANNING Atomic:  keywords={'DAMPING_PERCENTAGE': 1.0, 'GEOM_MAXITER': 500, 'SCF__GUESS': 'READ', 'GUESS': 'SAP', 'MAXITER': 500, 'REFERENCE': 'UKS', 'function_kwargs': {}}
2025-12-23:10:33:57,896 INFO     [psi4.driver.driver:638] Compute gradient(): method=b3lyp, basis=cc-pvdz, molecule=default, nre=3.1702959272599807
2025-12-23:10:33:58,142 INFO     [psi4.driver.driver:641] Return gradient(): -77.00915690696328
2025-12-23:10:33:58,142 INFO     [psi4.driver.driver:642] [[ 0.00000000  0.00000000 -0.00020060]
 [-0.00000000  0.00000000  0.00019118]]
2025-12-23:10:33:58,144 INFO     [psi4.optking.history:269] 	Performing BFGS update.
2025-12-23:10:33:58,144 INFO     [psi4.optking.history:280] 	Using 4 previous steps for update.
2025-12-23:10:33:58,144 WARNING  [psi4.optking.history:301] 	Change in internal coordinate of 5.80e-01 exceeds limit of 5.00e-01.
2025-12-23:10:33:58,144 WARNING  [psi4.optking.history:306] 	Skipping Hessian update for step 8.
2025-12-23:10:33:58,144 WARNING  [psi4.optking.history:301] 	Change in internal coordinate of 8.57e-01 exceeds limit of 5.00e-01.
2025-12-23:10:33:58,144 WARNING  [psi4.optking.history:306] 	Skipping Hessian update for step 7.
2025-12-23:10:33:58,144 WARNING  [psi4.optking.history:301] 	Change in internal coordinate of 1.14e+00 exceeds limit of 5.00e-01.
2025-12-23:10:33:58,144 WARNING  [psi4.optking.history:306] 	Skipping Hessian update for step 6.
2025-12-23:10:33:58,144 WARNING  [psi4.optking.history:301] 	Change in internal coordinate of 1.42e+00 exceeds limit of 5.00e-01.
2025-12-23:10:33:58,144 WARNING  [psi4.optking.history:306] 	Skipping Hessian update for step 5.
2025-12-23:10:33:58,144 WARNING  [psi4.optking.history:301] 	Change in internal coordinate of 1.70e+00 exceeds limit of 5.00e-01.
2025-12-23:10:33:58,144 WARNING  [psi4.optking.history:306] 	Skipping Hessian update for step 4.
2025-12-23:10:33:58,144 WARNING  [psi4.optking.history:301] 	Change in internal coordinate of 2.01e+00 exceeds limit of 5.00e-01.
2025-12-23:10:33:58,144 WARNING  [psi4.optking.history:306] 	Skipping Hessian update for step 3.
2025-12-23:10:33:58,144 WARNING  [psi4.optking.history:301] 	Change in internal coordinate of 2.28e+00 exceeds limit of 5.00e-01.
2025-12-23:10:33:58,144 WARNING  [psi4.optking.history:306] 	Skipping Hessian update for step 2.
2025-12-23:10:33:58,144 WARNING  [psi4.optking.history:301] 	Change in internal coordinate of 2.78e+00 exceeds limit of 5.00e-01.
2025-12-23:10:33:58,144 WARNING  [psi4.optking.history:306] 	Skipping Hessian update for step 1.
2025-12-23:10:33:58,144 INFO     [psi4.optking.history:317] 	Steps to be used in Hessian update:  10 9

2025-12-23:10:33:58,144 INFO     [psi4.optking.history:418] 	Updated Hessian (in au) 
 	   0.002034

2025-12-23:10:33:58,144 INFO     [psi4.optking.molsys:944] Projected (PHP) Hessian matrix
	   0.002034

2025-12-23:10:33:58,145 INFO     [psi4.optking.opt_helper:182] 
	         Geometry (au)                                       Gradient (au)
   0.0000000000   0.0000000000   4.0366957036		   0.0000000000   0.0000000000  -0.0002006027
   0.0000000000   0.0000000000  -1.0101517728		  -0.0000000000   0.0000000000   0.0001911780

2025-12-23:10:33:58,145 INFO     [psi4.optking.stepAlgorithms:368] 	Current Step Report 
 
	Current energy:       -77.0091569070
	Energy change for the previous step:
		Actual       :        -0.0000323982
		Projected    :        -0.0000217136

2025-12-23:10:33:58,145 INFO     [psi4.optking.stepAlgorithms:371] 	Energy ratio =    1.49207
2025-12-23:10:33:58,145 INFO     [psi4.optking.stepAlgorithms:929] 	Using RFO solution 1.
2025-12-23:10:33:58,145 INFO     [psi4.optking.displace:100] 	Determining Cartesian step for fragment 1.
2025-12-23:10:33:58,145 INFO     [psi4.optking.displace:415] 	Successfully converged to displaced geometry.
2025-12-23:10:33:58,145 INFO     [psi4.optking.displace:416] 	RMS(dx):  0.000e+00 	Max(dx):  0.000e+00 	RMS(dq):  0.000e+00
2025-12-23:10:33:58,145 INFO     [psi4.optking.displace:172] 

	        --- Internal Coordinate Step in ANG or DEG, aJ/ANG or AJ/DEG ---
	-------------------------------------------------------------------------------
	           Coordinate      Previous         Force          Change          New 
	           ----------      --------        ------          ------        ------
	               R(1,2)       2.67068        0.00161        0.05050       2.72118
	-------------------------------------------------------------------------------

2025-12-23:10:33:58,145 INFO     [psi4.optking.stepAlgorithms:113] 	|target step| :    0.0954354011
2025-12-23:10:33:58,145 INFO     [psi4.optking.stepAlgorithms:114] 	gradient     :   -0.0001958904
2025-12-23:10:33:58,145 INFO     [psi4.optking.stepAlgorithms:115] 	hessian      :    0.0020339016
2025-12-23:10:33:58,145 INFO     [psi4.optking.stepAlgorithms:113] 	|target step| :    0.0954354011
2025-12-23:10:33:58,145 INFO     [psi4.optking.stepAlgorithms:114] 	gradient     :   -0.0001958904
2025-12-23:10:33:58,145 INFO     [psi4.optking.stepAlgorithms:115] 	hessian      :    0.0020339016
2025-12-23:10:33:58,145 INFO     [psi4.optking.stepAlgorithms:206] 	Norm of achieved step-size    0.0954354011
2025-12-23:10:33:58,145 INFO     [psi4.optking.stepAlgorithms:208] 	Norm of achieved step-size (cart):    0.0674830193
2025-12-23:10:33:58,145 INFO     [psi4.optking.opt_helper:164] Molsys:

	                            ===> Fragment 1 <== 

	 Z (Atomic Numbers)          Masses                          Geom                  
	       2.000000             4.002603          0.00000000  0.00000000  4.08441340   
	       8.000000            15.994915          0.00000000  0.00000000 -1.05786947   

	 - Coordinate -           - BOHR/RAD -       - ANG/DEG -
	 R(1,2)           =         5.142283           2.721179

2025-12-23:10:33:58,146 INFO     [psi4.optking.convcheck:76] Performing convergence check.
2025-12-23:10:33:58,146 INFO     [psi4.optking.convcheck:282] 
	                                 ==> Convergence Check <==                                  
    
	Measures of convergence in internal coordinates in au.
    
	Criteria marked as inactive (o), active & met (*), and active & unmet ( ).

	----------------------------------------------------------------------------------------------
	   Step    Total Energy     Delta E     Max Force     RMS Force      Max Disp      RMS Disp   
	----------------------------------------------------------------------------------------------
	  Convergence Criteria     1.00e-06 *    3.00e-04 *             o    1.20e-03 *             o
	----------------------------------------------------------------------------------------------
	    11     -77.00915691   -3.24e-05      1.96e-04 *    1.96e-04 o    9.54e-02      9.54e-02 o  ~
	----------------------------------------------------------------------------------------------


2025-12-23:10:33:58,146 INFO     [psi4.optking.stepAlgorithms:296] 	Convergence check returned False
2025-12-23:10:33:58,156 INFO     [psi4.driver.task_planner:259] PLANNING Atomic:  keywords={'DAMPING_PERCENTAGE': 1.0, 'GEOM_MAXITER': 500, 'SCF__GUESS': 'READ', 'GUESS': 'SAP', 'MAXITER': 500, 'REFERENCE': 'UKS', 'function_kwargs': {}}
2025-12-23:10:33:58,157 INFO     [psi4.driver.driver:638] Compute gradient(): method=b3lyp, basis=cc-pvdz, molecule=default, nre=3.111458544980713
2025-12-23:10:33:58,379 INFO     [psi4.driver.driver:641] Return gradient(): -77.00917014643986
2025-12-23:10:33:58,379 INFO     [psi4.driver.driver:642] [[ 0.00000000 -0.00000000 -0.00009039]
 [ 0.00000000  0.00000000  0.00008300]]
2025-12-23:10:33:58,380 INFO     [psi4.optking.history:269] 	Performing BFGS update.
2025-12-23:10:33:58,380 INFO     [psi4.optking.history:280] 	Using 4 previous steps for update.
2025-12-23:10:33:58,381 WARNING  [psi4.optking.history:301] 	Change in internal coordinate of 6.76e-01 exceeds limit of 5.00e-01.
2025-12-23:10:33:58,381 WARNING  [psi4.optking.history:306] 	Skipping Hessian update for step 8.
2025-12-23:10:33:58,381 WARNING  [psi4.optking.history:301] 	Change in internal coordinate of 9.53e-01 exceeds limit of 5.00e-01.
2025-12-23:10:33:58,381 WARNING  [psi4.optking.history:306] 	Skipping Hessian update for step 7.
2025-12-23:10:33:58,381 WARNING  [psi4.optking.history:301] 	Change in internal coordinate of 1.23e+00 exceeds limit of 5.00e-01.
2025-12-23:10:33:58,381 WARNING  [psi4.optking.history:306] 	Skipping Hessian update for step 6.
2025-12-23:10:33:58,381 WARNING  [psi4.optking.history:301] 	Change in internal coordinate of 1.52e+00 exceeds limit of 5.00e-01.
2025-12-23:10:33:58,381 WARNING  [psi4.optking.history:306] 	Skipping Hessian update for step 5.
2025-12-23:10:33:58,381 WARNING  [psi4.optking.history:301] 	Change in internal coordinate of 1.80e+00 exceeds limit of 5.00e-01.
2025-12-23:10:33:58,381 WARNING  [psi4.optking.history:306] 	Skipping Hessian update for step 4.
2025-12-23:10:33:58,381 WARNING  [psi4.optking.history:301] 	Change in internal coordinate of 2.10e+00 exceeds limit of 5.00e-01.
2025-12-23:10:33:58,381 WARNING  [psi4.optking.history:306] 	Skipping Hessian update for step 3.
2025-12-23:10:33:58,381 WARNING  [psi4.optking.history:301] 	Change in internal coordinate of 2.37e+00 exceeds limit of 5.00e-01.
2025-12-23:10:33:58,381 WARNING  [psi4.optking.history:306] 	Skipping Hessian update for step 2.
2025-12-23:10:33:58,381 WARNING  [psi4.optking.history:301] 	Change in internal coordinate of 2.87e+00 exceeds limit of 5.00e-01.
2025-12-23:10:33:58,381 WARNING  [psi4.optking.history:306] 	Skipping Hessian update for step 1.
2025-12-23:10:33:58,381 INFO     [psi4.optking.history:317] 	Steps to be used in Hessian update:  11 10 9

2025-12-23:10:33:58,382 INFO     [psi4.optking.history:418] 	Updated Hessian (in au) 
 	   0.001833

2025-12-23:10:33:58,382 INFO     [psi4.optking.molsys:944] Projected (PHP) Hessian matrix
	   0.001833

2025-12-23:10:33:58,382 INFO     [psi4.optking.opt_helper:182] 
	         Geometry (au)                                       Gradient (au)
   0.0000000000   0.0000000000   4.1130292317		   0.0000000000  -0.0000000000  -0.0000903940
   0.0000000000   0.0000000000  -1.0292536458		   0.0000000000   0.0000000000   0.0000830018

2025-12-23:10:33:58,382 INFO     [psi4.optking.stepAlgorithms:368] 	Current Step Report 
 
	Current energy:       -77.0091701464
	Energy change for the previous step:
		Actual       :        -0.0000132395
		Projected    :        -0.0000093474

2025-12-23:10:33:58,382 INFO     [psi4.optking.stepAlgorithms:371] 	Energy ratio =    1.41637
2025-12-23:10:33:58,382 INFO     [psi4.optking.stepAlgorithms:929] 	Using RFO solution 1.
2025-12-23:10:33:58,382 INFO     [psi4.optking.displace:100] 	Determining Cartesian step for fragment 1.
2025-12-23:10:33:58,382 INFO     [psi4.optking.displace:415] 	Successfully converged to displaced geometry.
2025-12-23:10:33:58,382 INFO     [psi4.optking.displace:416] 	RMS(dx):  0.000e+00 	Max(dx):  0.000e+00 	RMS(dq):  0.000e+00
2025-12-23:10:33:58,382 INFO     [psi4.optking.displace:172] 

	        --- Internal Coordinate Step in ANG or DEG, aJ/ANG or AJ/DEG ---
	-------------------------------------------------------------------------------
	           Coordinate      Previous         Force          Change          New 
	           ----------      --------        ------          ------        ------
	               R(1,2)       2.72118        0.00071        0.02497       2.74615
	-------------------------------------------------------------------------------

2025-12-23:10:33:58,382 INFO     [psi4.optking.stepAlgorithms:113] 	|target step| :    0.0471894626
2025-12-23:10:33:58,382 INFO     [psi4.optking.stepAlgorithms:114] 	gradient     :   -0.0000866979
2025-12-23:10:33:58,382 INFO     [psi4.optking.stepAlgorithms:115] 	hessian      :    0.0018331392
2025-12-23:10:33:58,382 INFO     [psi4.optking.stepAlgorithms:113] 	|target step| :    0.0471894626
2025-12-23:10:33:58,382 INFO     [psi4.optking.stepAlgorithms:114] 	gradient     :   -0.0000866979
2025-12-23:10:33:58,382 INFO     [psi4.optking.stepAlgorithms:115] 	hessian      :    0.0018331392
2025-12-23:10:33:58,382 INFO     [psi4.optking.stepAlgorithms:206] 	Norm of achieved step-size    0.0471894626
2025-12-23:10:33:58,382 INFO     [psi4.optking.stepAlgorithms:208] 	Norm of achieved step-size (cart):    0.0333679890
2025-12-23:10:33:58,383 INFO     [psi4.optking.opt_helper:164] Molsys:

	                            ===> Fragment 1 <== 

	 Z (Atomic Numbers)          Masses                          Geom                  
	       2.000000             4.002603          0.00000000  0.00000000  4.13662396   
	       8.000000            15.994915          0.00000000  0.00000000 -1.05284838   

	 - Coordinate -           - BOHR/RAD -       - ANG/DEG -
	 R(1,2)           =         5.189472           2.746150

2025-12-23:10:33:58,383 INFO     [psi4.optking.convcheck:76] Performing convergence check.
2025-12-23:10:33:58,383 INFO     [psi4.optking.convcheck:282] 
	                                 ==> Convergence Check <==                                  
    
	Measures of convergence in internal coordinates in au.
    
	Criteria marked as inactive (o), active & met (*), and active & unmet ( ).

	----------------------------------------------------------------------------------------------
	   Step    Total Energy     Delta E     Max Force     RMS Force      Max Disp      RMS Disp   
	----------------------------------------------------------------------------------------------
	  Convergence Criteria     1.00e-06 *    3.00e-04 *             o    1.20e-03 *             o
	----------------------------------------------------------------------------------------------
	    12     -77.00917015   -1.32e-05      8.67e-05 *    8.67e-05 o    4.72e-02      4.72e-02 o  ~
	----------------------------------------------------------------------------------------------


2025-12-23:10:33:58,383 INFO     [psi4.optking.stepAlgorithms:296] 	Convergence check returned False
2025-12-23:10:33:58,393 INFO     [psi4.driver.task_planner:259] PLANNING Atomic:  keywords={'DAMPING_PERCENTAGE': 1.0, 'GEOM_MAXITER': 500, 'SCF__GUESS': 'READ', 'GUESS': 'SAP', 'MAXITER': 500, 'REFERENCE': 'UKS', 'function_kwargs': {}}
2025-12-23:10:33:58,395 INFO     [psi4.driver.driver:638] Compute gradient(): method=b3lyp, basis=cc-pvdz, molecule=default, nre=3.0831650987426955
2025-12-23:10:33:58,638 INFO     [psi4.driver.driver:641] Return gradient(): -77.00917304065341
2025-12-23:10:33:58,639 INFO     [psi4.driver.driver:642] [[-0.00000000  0.00000000 -0.00004403]
 [ 0.00000000 -0.00000000  0.00004234]]
2025-12-23:10:33:58,640 INFO     [psi4.optking.history:269] 	Performing BFGS update.
2025-12-23:10:33:58,640 INFO     [psi4.optking.history:280] 	Using 4 previous steps for update.
2025-12-23:10:33:58,641 INFO     [psi4.optking.history:317] 	Steps to be used in Hessian update:  12 11 10 9

2025-12-23:10:33:58,641 INFO     [psi4.optking.history:418] 	Updated Hessian (in au) 
 	   0.001742

2025-12-23:10:33:58,641 INFO     [psi4.optking.molsys:944] Projected (PHP) Hessian matrix
	   0.001742

2025-12-23:10:33:58,641 INFO     [psi4.optking.opt_helper:182] 
	         Geometry (au)                                       Gradient (au)
   0.0000000000   0.0000000000   4.1507734873		  -0.0000000000   0.0000000000  -0.0000440265
   0.0000000000   0.0000000000  -1.0386988529		   0.0000000000  -0.0000000000   0.0000423434

2025-12-23:10:33:58,641 INFO     [psi4.optking.stepAlgorithms:368] 	Current Step Report 
 
	Current energy:       -77.0091730407
	Energy change for the previous step:
		Actual       :        -0.0000028942
		Projected    :        -0.0000020456

2025-12-23:10:33:58,641 INFO     [psi4.optking.stepAlgorithms:371] 	Energy ratio =    1.41484
2025-12-23:10:33:58,641 INFO     [psi4.optking.stepAlgorithms:929] 	Using RFO solution 1.
2025-12-23:10:33:58,641 INFO     [psi4.optking.displace:100] 	Determining Cartesian step for fragment 1.
2025-12-23:10:33:58,642 INFO     [psi4.optking.displace:415] 	Successfully converged to displaced geometry.
2025-12-23:10:33:58,642 INFO     [psi4.optking.displace:416] 	RMS(dx):  0.000e+00 	Max(dx):  0.000e+00 	RMS(dq):  0.000e+00
2025-12-23:10:33:58,642 INFO     [psi4.optking.displace:172] 

	        --- Internal Coordinate Step in ANG or DEG, aJ/ANG or AJ/DEG ---
	-------------------------------------------------------------------------------
	           Coordinate      Previous         Force          Change          New 
	           ----------      --------        ------          ------        ------
	               R(1,2)       2.74615        0.00036        0.01311       2.75926
	-------------------------------------------------------------------------------

2025-12-23:10:33:58,642 INFO     [psi4.optking.stepAlgorithms:113] 	|target step| :    0.0247795630
2025-12-23:10:33:58,642 INFO     [psi4.optking.stepAlgorithms:114] 	gradient     :   -0.0000431850
2025-12-23:10:33:58,642 INFO     [psi4.optking.stepAlgorithms:115] 	hessian      :    0.0017416955
2025-12-23:10:33:58,642 INFO     [psi4.optking.stepAlgorithms:113] 	|target step| :    0.0247795630
2025-12-23:10:33:58,642 INFO     [psi4.optking.stepAlgorithms:114] 	gradient     :   -0.0000431850
2025-12-23:10:33:58,642 INFO     [psi4.optking.stepAlgorithms:115] 	hessian      :    0.0017416955
2025-12-23:10:33:58,642 INFO     [psi4.optking.stepAlgorithms:206] 	Norm of achieved step-size    0.0247795630
2025-12-23:10:33:58,642 INFO     [psi4.optking.stepAlgorithms:208] 	Norm of achieved step-size (cart):    0.0175217970
2025-12-23:10:33:58,642 INFO     [psi4.optking.opt_helper:164] Molsys:

	                            ===> Fragment 1 <== 

	 Z (Atomic Numbers)          Masses                          Geom                  
	       2.000000             4.002603          0.00000000  0.00000000  4.16316327   
	       8.000000            15.994915          0.00000000  0.00000000 -1.05108863   

	 - Coordinate -           - BOHR/RAD -       - ANG/DEG -
	 R(1,2)           =         5.214252           2.759263

2025-12-23:10:33:58,642 INFO     [psi4.optking.convcheck:76] Performing convergence check.
2025-12-23:10:33:58,642 INFO     [psi4.optking.convcheck:282] 
	                                 ==> Convergence Check <==                                  
    
	Measures of convergence in internal coordinates in au.
    
	Criteria marked as inactive (o), active & met (*), and active & unmet ( ).

	----------------------------------------------------------------------------------------------
	   Step    Total Energy     Delta E     Max Force     RMS Force      Max Disp      RMS Disp   
	----------------------------------------------------------------------------------------------
	  Convergence Criteria     1.00e-06 *    3.00e-04 *             o    1.20e-03 *             o
	----------------------------------------------------------------------------------------------
	    13     -77.00917304   -2.89e-06      4.32e-05 *    4.32e-05 o    2.48e-02      2.48e-02 o  ~
	----------------------------------------------------------------------------------------------


2025-12-23:10:33:58,642 INFO     [psi4.optking.stepAlgorithms:296] 	Convergence check returned False
2025-12-23:10:33:58,652 INFO     [psi4.driver.task_planner:259] PLANNING Atomic:  keywords={'DAMPING_PERCENTAGE': 1.0, 'GEOM_MAXITER': 500, 'SCF__GUESS': 'READ', 'GUESS': 'SAP', 'MAXITER': 500, 'REFERENCE': 'UKS', 'function_kwargs': {}}
2025-12-23:10:33:58,654 INFO     [psi4.driver.driver:638] Compute gradient(): method=b3lyp, basis=cc-pvdz, molecule=default, nre=3.0685130479304465
2025-12-23:10:33:58,887 INFO     [psi4.driver.driver:641] Return gradient(): -77.00917373592318
2025-12-23:10:33:58,887 INFO     [psi4.driver.driver:642] [[-0.00000000  0.00000000 -0.00002217]
 [-0.00000000  0.00000000  0.00002347]]
2025-12-23:10:33:58,889 INFO     [psi4.optking.history:269] 	Performing BFGS update.
2025-12-23:10:33:58,889 INFO     [psi4.optking.history:280] 	Using 4 previous steps for update.
2025-12-23:10:33:58,889 INFO     [psi4.optking.history:317] 	Steps to be used in Hessian update:  13 12 11 10

2025-12-23:10:33:58,889 INFO     [psi4.optking.history:418] 	Updated Hessian (in au) 
 	   0.001238

2025-12-23:10:33:58,889 INFO     [psi4.optking.molsys:944] Projected (PHP) Hessian matrix
	   0.001238

2025-12-23:10:33:58,889 INFO     [psi4.optking.opt_helper:182] 
	         Geometry (au)                                       Gradient (au)
   0.0000000000   0.0000000000   4.1705932968		  -0.0000000000   0.0000000000  -0.0000221664
   0.0000000000   0.0000000000  -1.0436586064		  -0.0000000000   0.0000000000   0.0000234681

2025-12-23:10:33:58,889 INFO     [psi4.optking.stepAlgorithms:368] 	Current Step Report 
 
	Current energy:       -77.0091737359
	Energy change for the previous step:
		Actual       :        -0.0000006953
		Projected    :        -0.0000005351

2025-12-23:10:33:58,889 INFO     [psi4.optking.stepAlgorithms:371] 	Energy ratio =    1.29944
2025-12-23:10:33:58,890 INFO     [psi4.optking.stepAlgorithms:929] 	Using RFO solution 1.
2025-12-23:10:33:58,890 INFO     [psi4.optking.displace:100] 	Determining Cartesian step for fragment 1.
2025-12-23:10:33:58,890 INFO     [psi4.optking.displace:415] 	Successfully converged to displaced geometry.
2025-12-23:10:33:58,890 INFO     [psi4.optking.displace:416] 	RMS(dx):  0.000e+00 	Max(dx):  0.000e+00 	RMS(dq):  0.000e+00
2025-12-23:10:33:58,890 INFO     [psi4.optking.displace:172] 

	        --- Internal Coordinate Step in ANG or DEG, aJ/ANG or AJ/DEG ---
	-------------------------------------------------------------------------------
	           Coordinate      Previous         Force          Change          New 
	           ----------      --------        ------          ------        ------
	               R(1,2)       2.75926        0.00019        0.00975       2.76901
	-------------------------------------------------------------------------------

2025-12-23:10:33:58,890 INFO     [psi4.optking.stepAlgorithms:113] 	|target step| :    0.0184279772
2025-12-23:10:33:58,890 INFO     [psi4.optking.stepAlgorithms:114] 	gradient     :   -0.0000228172
2025-12-23:10:33:58,890 INFO     [psi4.optking.stepAlgorithms:115] 	hessian      :    0.0012377647
2025-12-23:10:33:58,890 INFO     [psi4.optking.stepAlgorithms:113] 	|target step| :    0.0184279772
2025-12-23:10:33:58,890 INFO     [psi4.optking.stepAlgorithms:114] 	gradient     :   -0.0000228172
2025-12-23:10:33:58,890 INFO     [psi4.optking.stepAlgorithms:115] 	hessian      :    0.0012377647
2025-12-23:10:33:58,890 INFO     [psi4.optking.stepAlgorithms:206] 	Norm of achieved step-size    0.0184279772
2025-12-23:10:33:58,890 INFO     [psi4.optking.stepAlgorithms:208] 	Norm of achieved step-size (cart):    0.0130305476
2025-12-23:10:33:58,890 INFO     [psi4.optking.opt_helper:164] Molsys:

	                            ===> Fragment 1 <== 

	 Z (Atomic Numbers)          Masses                          Geom                  
	       2.000000             4.002603          0.00000000  0.00000000  4.17980729   
	       8.000000            15.994915          0.00000000  0.00000000 -1.05287259   

	 - Coordinate -           - BOHR/RAD -       - ANG/DEG -
	 R(1,2)           =         5.232680           2.769015

2025-12-23:10:33:58,890 INFO     [psi4.optking.convcheck:76] Performing convergence check.
2025-12-23:10:33:58,890 INFO     [psi4.optking.convcheck:282] 
	                                 ==> Convergence Check <==                                  
    
	Measures of convergence in internal coordinates in au.
    
	Criteria marked as inactive (o), active & met (*), and active & unmet ( ).

	----------------------------------------------------------------------------------------------
	   Step    Total Energy     Delta E     Max Force     RMS Force      Max Disp      RMS Disp   
	----------------------------------------------------------------------------------------------
	  Convergence Criteria     1.00e-06 *    3.00e-04 *             o    1.20e-03 *             o
	----------------------------------------------------------------------------------------------
	    14     -77.00917374   -6.95e-07 *    2.28e-05 *    2.28e-05 o    1.84e-02      1.84e-02 o  ~
	----------------------------------------------------------------------------------------------


2025-12-23:10:33:58,890 INFO     [psi4.optking.convcheck:206] 
	                      ===> Final Convergence Report <===                     

	----------------------------------------------------------------------------
	|   Required Criteria    |  One or More Criteria  |   Alternate Criteria   |
	----------------------------------------------------------------------------
	| [x]     max_force      | [x]       max_DE       |                        |
	|                        | [ ]      max_disp      |                        |
	----------------------------------------------------------------------------


2025-12-23:10:33:58,890 INFO     [psi4.optking.stepAlgorithms:296] 	Convergence check returned True
2025-12-23:10:33:58,890 INFO     [psi4.optking.optimize:332] 	Converged in 14 steps!
2025-12-23:10:33:58,890 INFO     [psi4.optking.optimize:333] 	Final energy is    -77.0091737359232
2025-12-23:10:33:58,890 INFO     [psi4.optking.optimize:334] 	Final structure (Angstroms): 
	Fragment 1 (Ang)

	   He   0.0000000000   0.0000000000   2.2118587604
	    O   0.0000000000   0.0000000000  -0.5571561830


2025-12-23:10:33:58,891 INFO     [psi4.optking.optimize:562] 	Optimization Finished

	==> Optimization Summary <==

        
	Measures of convergence in internal coordinates in au. (Any backward steps not shown.)
        
	---------------------------------------------------------------------------------------------------------------  ~
        
	 Step         Total Energy             Delta E       MAX Force       RMS Force        MAX Disp        RMS Disp   ~
        
	---------------------------------------------------------------------------------------------------------------  ~
        
	     1     -76.882537537389    -76.882537537389      0.26124233      0.26124233      0.50000000      0.50000000  ~
	     2     -76.966211549126     -0.083674011737      0.09681184      0.09681184      0.27252186      0.27252186  ~
	     3     -76.986189705890     -0.019978156764      0.05363697      0.05363697      0.30671047      0.30671047  ~
	     4     -76.998058396723     -0.011868690833      0.02668258      0.02668258      0.27984092      0.27984092  ~
	     5     -77.003547653881     -0.005489257159      0.01391474      0.01391474      0.28091215      0.28091215  ~
	     6     -77.006419912149     -0.002872258268      0.00725582      0.00725582      0.28178793      0.28178793  ~
	     7     -77.007918597993     -0.001498685844      0.00374100      0.00374100      0.27692075      0.27692075  ~
	     8     -77.008667257913     -0.000748659920      0.00184771      0.00184771      0.25296095      0.25296095  ~
	     9     -77.008998546031     -0.000331288118      0.00086204      0.00086204      0.21134894      0.21134894  ~
	    10     -77.009124508732     -0.000125962700      0.00037382      0.00037382      0.11617215      0.11617215  ~
	    11     -77.009156906963     -0.000032398231      0.00019589      0.00019589      0.09543540      0.09543540  ~
	    12     -77.009170146440     -0.000013239477      0.00008670      0.00008670      0.04718946      0.04718946  ~
	    13     -77.009173040653     -0.000002894214      0.00004318      0.00004318      0.02477956      0.02477956  ~
	    14     -77.009173735923     -0.000000695270      0.00002282      0.00002282      0.01842798      0.01842798  ~
	----------------------------------------------------------------------------------------------------------------


2025-12-23:10:33:58,891 INFO     [psi4.optking.optimize:806] Preparing OptimizationResult
