2025-12-23:11:07:20,293 WARNING  [psi4.optking:38] Some dependencies such as QCElemental have not yet finished migration to pydantic v2. If issues are encountered please downgrade pydantic or upgrade QCElemental as appropriate
2025-12-23:11:07:20,448 INFO     [psi4.optking.optwrapper:234] Creating a UserComputer
2025-12-23:11:07:20,449 INFO     [psi4.optking.optwrapper:242] 
    			-----------------------------------------

    			 OPTKING 3.0: for geometry optimizations 

    			     By R.A. King, Bethel University     

    			        with contributions from          

    			    A.V. Copan, J. Cayton, A. Heide      

    			-----------------------------------------

    
2025-12-23:11:07:20,449 INFO     [psi4.optking.optwrapper:272] 
		 -- Optimization Parameters --
	GEOM_MAXITER                   =             500
	ALG_GEOM_MAXITER               =              50
	PRINT                          =               1
	OPT_TYPE                       =             MIN
	STEP_TYPE                      =             RFO
	PROGRAM                        =            PSI4
	STEEPEST_DESCENT_TYPE          =         OVERLAP
	CONJUGATE_GRADIENT_TYPE        =        FLETCHER
	OPT_COORDINATES                =        INTERNAL
	RFO_FOLLOW_ROOT                =           False
	RFO_ROOT                       =               0
	ACCEPT_SYMMETRY_BREAKING       =           False
	DYNAMIC_LVL                    =               0
	DYNAMIC_LVL_MAX                =               0
	IRC_STEP_SIZE                  =             0.2
	IRC_DIRECTION                  =         FORWARD
	IRC_POINTS                     =              20
	IRC_MODE                       =          NORMAL
	IRC_CONVERGENCE                =            -0.7
	INTRAFRAG_STEP_LIMIT           =             0.5
	INTRAFRAG_STEP_LIMIT_MIN       =           0.001
	INTRAFRAG_STEP_LIMIT_MAX       =             1.0
	INTERFRAG_STEP_LIMIT           =             0.5
	INTERFRAG_STEP_LIMIT_MIN       =           0.001
	INTERFRAG_STEP_LIMIT_MAX       =             1.0
	ENSURE_BT_CONVERGENCE          =           False
	SIMPLE_STEP_SCALING            =           False
	CONSECUTIVE_BACKSTEPS          =               0
	RFO_NORMALIZATION_MAX          =             100
	RSRFO_ALPHA_MAX                =     100000000.0
	PRINT_TRAJECTORY_XYZ_FILE      =           False
	WRITE_TRAJECTORY               =           False
	FROZEN_DISTANCE                =                
	FROZEN_BEND                    =                
	FROZEN_DIHEDRAL                =                
	FROZEN_OOFP                    =                
	FROZEN_CARTESIAN               =                
	FREEZE_ALL_DIHEDRALS           =           False
	UNFREEZE_DIHEDRALS             =                
	RANGED_DISTANCE                =                
	RANGED_BEND                    =                
	RANGED_DIHEDRAL                =                
	RANGED_OOFP                    =                
	RANGED_CARTESIAN               =                
	EXT_FORCE_DISTANCE             =                
	EXT_FORCE_BEND                 =                
	EXT_FORCE_DIHEDRAL             =                
	EXT_FORCE_OOFP                 =                
	EXT_FORCE_CARTESIAN            =                
	G_CONVERGENCE                  =           QCHEM
	MAX_FORCE_G_CONVERGENCE        =          0.0003
	RMS_FORCE_G_CONVERGENCE        =          0.0003
	MAX_ENERGY_G_CONVERGENCE       =           1e-06
	MAX_DISP_G_CONVERGENCE         =          0.0012
	RMS_DISP_G_CONVERGENCE         =          0.0012
	FLEXIBLE_G_CONVERGENCE         =           False
	HESS_UPDATE                    =            BFGS
	HESS_UPDATE_USE_LAST           =               4
	HESS_UPDATE_LIMIT              =            True
	HESS_UPDATE_LIMIT_MAX          =             1.0
	HESS_UPDATE_LIMIT_SCALE        =             0.5
	HESS_UPDATE_DEN_TOL            =           1e-07
	HESS_UPDATE_DQ_TOL             =             0.5
	CART_HESS_READ                 =           False
	HESSIAN_FILE                   =               .
	FULL_HESS_EVERY                =              -1
	INTRAFRAG_HESS                 =        SCHLEGEL
	H_GUESS_EVERY                  =           False
	BT_MAX_ITER                    =              25
	BT_DX_CONV                     =           1e-07
	BT_DX_RMS_CHANGE_CONV          =           1e-12
	BT_PINV_RCOND                  =           1e-06
	FRAG_MODE                      =          SINGLE
	FRAG_REF_ATOMS                 =              []
	FREEZE_INTRAFRAG               =           False
	INTERFRAG_MODE                 =           FIXED
	ADD_AUXILIARY_BONDS            =           False
	AUXILIARY_BOND_FACTOR          =             2.5
	INTERFRAG_DIST_INV             =           False
	INTERFRAG_COLLINEAR_TOL        =            0.01
	INTERFRAG_COORDS               =              []
	INTERFRAG_HESS                 =         DEFAULT
	COVALENT_CONNECT               =             1.3
	INTERFRAGMENT_CONNECT          =             1.8
	H_BOND_CONNECT                 =             4.3
	INCLUDE_OOFP                   =           False
	TEST_B                         =           False
	TEST_DERIVATIVE_B              =           False
	LINESEARCH_STEP                =             0.1
	LINESEARCH                     =           False
	SD_HESSIAN                     =             1.0
	FIX_VAL_NEAR_PI                =            1.57
	V3D_TORS_ANGLE_LIM             =           0.017
	V3D_TORS_COS_TOL               =           1e-10
	LINEAR_BEND_THRESHOLD          =            3.05
	SMALL_BEND_FIX_THRESHOLD       =            0.35
	REDUNDANT_EVAL_TOL             =           1e-10
	LINEAR_ALGEBRA_TOL             =           1e-10


2025-12-23:11:07:20,590 INFO     [psi4.optking.opt_helper:164] Molsys:

	                            ===> Fragment 1 <== 

	 Z (Atomic Numbers)          Masses                          Geom                  
	       7.000000            14.003074          0.00000000  0.00000000  1.67925106   
	      18.000000            39.962383          0.00000000  0.00000000 -0.58842029   

	 - Coordinate -           - BOHR/RAD -       - ANG/DEG -
	 R(1,2)           =         2.267671           1.200000

2025-12-23:11:07:20,600 INFO     [psi4.driver.task_planner:259] PLANNING Atomic:  keywords={'DAMPING_PERCENTAGE': 1.0, 'GEOM_MAXITER': 500, 'GUESS': 'SAP', 'MAXITER': 500, 'REFERENCE': 'UKS', 'function_kwargs': {}}
2025-12-23:11:07:20,602 INFO     [psi4.driver.driver:638] Compute gradient(): method=b3lyp, basis=cc-pvdz, molecule=default, nre=55.56360712035001
2025-12-23:11:07:21,230 INFO     [psi4.driver.driver:641] Return gradient(): -580.8652665998218
2025-12-23:11:07:21,231 INFO     [psi4.driver.driver:642] [[ 0.00000000  0.00000000 -0.92066518]
 [ 0.00000000  0.00000000  0.92063661]]
2025-12-23:11:07:21,232 INFO     [psi4.optking.molsys:944] Projected (PHP) Hessian matrix
	   4.182219

2025-12-23:11:07:21,232 INFO     [psi4.optking.opt_helper:182] 
	         Geometry (au)                                       Gradient (au)
   0.0000000000   0.0000000000   1.6792510641		   0.0000000000   0.0000000000  -0.9206651753
   0.0000000000   0.0000000000  -0.5884202864		   0.0000000000   0.0000000000   0.9206366070

2025-12-23:11:07:21,233 INFO     [psi4.optking.stepAlgorithms:929] 	Using RFO solution 1.
2025-12-23:11:07:21,233 INFO     [psi4.optking.displace:100] 	Determining Cartesian step for fragment 1.
2025-12-23:11:07:21,233 INFO     [psi4.optking.displace:415] 	Successfully converged to displaced geometry.
2025-12-23:11:07:21,233 INFO     [psi4.optking.displace:416] 	RMS(dx):  0.000e+00 	Max(dx):  0.000e+00 	RMS(dq):  0.000e+00
2025-12-23:11:07:21,233 INFO     [psi4.optking.displace:172] 

	        --- Internal Coordinate Step in ANG or DEG, aJ/ANG or AJ/DEG ---
	-------------------------------------------------------------------------------
	           Coordinate      Previous         Force          Change          New 
	           ----------      --------        ------          ------        ------
	               R(1,2)       1.20000        7.58499        0.11133       1.31133
	-------------------------------------------------------------------------------

2025-12-23:11:07:21,233 INFO     [psi4.optking.stepAlgorithms:113] 	|target step| :    0.2103905010
2025-12-23:11:07:21,233 INFO     [psi4.optking.stepAlgorithms:114] 	gradient     :   -0.9206508911
2025-12-23:11:07:21,233 INFO     [psi4.optking.stepAlgorithms:115] 	hessian      :    4.1822185214
2025-12-23:11:07:21,233 INFO     [psi4.optking.stepAlgorithms:113] 	|target step| :    0.2103905010
2025-12-23:11:07:21,233 INFO     [psi4.optking.stepAlgorithms:114] 	gradient     :   -0.9206508911
2025-12-23:11:07:21,233 INFO     [psi4.optking.stepAlgorithms:115] 	hessian      :    4.1822185214
2025-12-23:11:07:21,233 INFO     [psi4.optking.stepAlgorithms:206] 	Norm of achieved step-size    0.2103905010
2025-12-23:11:07:21,233 INFO     [psi4.optking.stepAlgorithms:208] 	Norm of achieved step-size (cart):    0.1487685500
2025-12-23:11:07:21,233 INFO     [psi4.optking.opt_helper:164] Molsys:

	                            ===> Fragment 1 <== 

	 Z (Atomic Numbers)          Masses                          Geom                  
	       7.000000            14.003074          0.00000000  0.00000000  1.78444631   
	      18.000000            39.962383          0.00000000  0.00000000 -0.69361554   

	 - Coordinate -           - BOHR/RAD -       - ANG/DEG -
	 R(1,2)           =         2.478062           1.311334

2025-12-23:11:07:21,233 INFO     [psi4.optking.convcheck:76] Performing convergence check.
2025-12-23:11:07:21,233 INFO     [psi4.optking.convcheck:282] 
	                                 ==> Convergence Check <==                                  
    
	Measures of convergence in internal coordinates in au.
    
	Criteria marked as inactive (o), active & met (*), and active & unmet ( ).

	----------------------------------------------------------------------------------------------~
	   Step    Total Energy     Delta E     Max Force     RMS Force      Max Disp      RMS Disp   ~
	----------------------------------------------------------------------------------------------~
	  Convergence Criteria     1.00e-06 *    3.00e-04 *             o    1.20e-03 *             o~
	----------------------------------------------------------------------------------------------~
	     1    -580.86526660   -5.81e+02      9.21e-01      9.21e-01 o    2.10e-01      2.10e-01 o  ~
	----------------------------------------------------------------------------------------------


2025-12-23:11:07:21,234 INFO     [psi4.optking.stepAlgorithms:296] 	Convergence check returned False
2025-12-23:11:07:21,244 INFO     [psi4.driver.task_planner:259] PLANNING Atomic:  keywords={'DAMPING_PERCENTAGE': 1.0, 'GEOM_MAXITER': 500, 'SCF__GUESS': 'READ', 'GUESS': 'SAP', 'MAXITER': 500, 'REFERENCE': 'UKS', 'function_kwargs': {}}
2025-12-23:11:07:21,245 INFO     [psi4.driver.driver:638] Compute gradient(): method=b3lyp, basis=cc-pvdz, molecule=default, nre=50.84618849211934
2025-12-23:11:07:21,831 INFO     [psi4.driver.driver:641] Return gradient(): -581.0112635128851
2025-12-23:11:07:21,831 INFO     [psi4.driver.driver:642] [[ 0.00000000  0.00000000 -0.52290593]
 [ 0.00000000  0.00000000  0.52288344]]
2025-12-23:11:07:21,832 INFO     [psi4.optking.history:269] 	Performing BFGS update.
2025-12-23:11:07:21,832 INFO     [psi4.optking.history:280] 	Using 1 previous steps for update.
2025-12-23:11:07:21,833 INFO     [psi4.optking.history:317] 	Steps to be used in Hessian update:  1

2025-12-23:11:07:21,833 INFO     [psi4.optking.history:418] 	Updated Hessian (in au) 
 	   2.091109

2025-12-23:11:07:21,833 INFO     [psi4.optking.molsys:944] Projected (PHP) Hessian matrix
	   2.091109

2025-12-23:11:07:21,833 INFO     [psi4.optking.opt_helper:182] 
	         Geometry (au)                                       Gradient (au)
   0.0000000000   0.0000000000   1.8350489811		   0.0000000000   0.0000000000  -0.5229059273
   0.0000000000   0.0000000000  -0.6430128705		   0.0000000000   0.0000000000   0.5228834412

2025-12-23:11:07:21,833 INFO     [psi4.optking.stepAlgorithms:368] 	Current Step Report 
 
	Current energy:      -581.0112635129
	Energy change for the previous step:
		Actual       :        -0.1459969131
		Projected    :        -0.0968481011

2025-12-23:11:07:21,833 INFO     [psi4.optking.stepAlgorithms:371] 	Energy ratio =    1.50748
2025-12-23:11:07:21,833 INFO     [psi4.optking.stepAlgorithms:399] 	Energy ratio indicates good step.
2025-12-23:11:07:21,833 INFO     [psi4.optking.stepAlgorithms:400] 	Intrafrag trust radius increased to      1.
2025-12-23:11:07:21,833 INFO     [psi4.optking.stepAlgorithms:929] 	Using RFO solution 1.
2025-12-23:11:07:21,833 INFO     [psi4.optking.displace:100] 	Determining Cartesian step for fragment 1.
2025-12-23:11:07:21,833 INFO     [psi4.optking.displace:415] 	Successfully converged to displaced geometry.
2025-12-23:11:07:21,834 INFO     [psi4.optking.displace:416] 	RMS(dx):  0.000e+00 	Max(dx):  0.000e+00 	RMS(dq):  0.000e+00
2025-12-23:11:07:21,834 INFO     [psi4.optking.displace:172] 

	        --- Internal Coordinate Step in ANG or DEG, aJ/ANG or AJ/DEG ---
	-------------------------------------------------------------------------------
	           Coordinate      Previous         Force          Change          New 
	           ----------      --------        ------          ------        ------
	               R(1,2)       1.31133        4.30798        0.12495       1.43628
	-------------------------------------------------------------------------------

2025-12-23:11:07:21,834 INFO     [psi4.optking.stepAlgorithms:113] 	|target step| :    0.2361153803
2025-12-23:11:07:21,834 INFO     [psi4.optking.stepAlgorithms:114] 	gradient     :   -0.5228946843
2025-12-23:11:07:21,834 INFO     [psi4.optking.stepAlgorithms:115] 	hessian      :    2.0911092607
2025-12-23:11:07:21,834 INFO     [psi4.optking.stepAlgorithms:113] 	|target step| :    0.2361153803
2025-12-23:11:07:21,834 INFO     [psi4.optking.stepAlgorithms:114] 	gradient     :   -0.5228946843
2025-12-23:11:07:21,834 INFO     [psi4.optking.stepAlgorithms:115] 	hessian      :    2.0911092607
2025-12-23:11:07:21,834 INFO     [psi4.optking.stepAlgorithms:206] 	Norm of achieved step-size    0.2361153803
2025-12-23:11:07:21,834 INFO     [psi4.optking.stepAlgorithms:208] 	Norm of achieved step-size (cart):    0.1669587866
2025-12-23:11:07:21,834 INFO     [psi4.optking.opt_helper:164] Molsys:

	                            ===> Fragment 1 <== 

	 Z (Atomic Numbers)          Masses                          Geom                  
	       7.000000            14.003074          0.00000000  0.00000000  1.95310667   
	      18.000000            39.962383          0.00000000  0.00000000 -0.76107056   

	 - Coordinate -           - BOHR/RAD -       - ANG/DEG -
	 R(1,2)           =         2.714177           1.436281

2025-12-23:11:07:21,834 INFO     [psi4.optking.convcheck:76] Performing convergence check.
2025-12-23:11:07:21,834 INFO     [psi4.optking.convcheck:282] 
	                                 ==> Convergence Check <==                                  
    
	Measures of convergence in internal coordinates in au.
    
	Criteria marked as inactive (o), active & met (*), and active & unmet ( ).

	----------------------------------------------------------------------------------------------
	   Step    Total Energy     Delta E     Max Force     RMS Force      Max Disp      RMS Disp   
	----------------------------------------------------------------------------------------------
	  Convergence Criteria     1.00e-06 *    3.00e-04 *             o    1.20e-03 *             o
	----------------------------------------------------------------------------------------------
	     2    -581.01126351   -1.46e-01      5.23e-01      5.23e-01 o    2.36e-01      2.36e-01 o  ~
	----------------------------------------------------------------------------------------------


2025-12-23:11:07:21,834 INFO     [psi4.optking.stepAlgorithms:296] 	Convergence check returned False
2025-12-23:11:07:21,845 INFO     [psi4.driver.task_planner:259] PLANNING Atomic:  keywords={'DAMPING_PERCENTAGE': 1.0, 'GEOM_MAXITER': 500, 'SCF__GUESS': 'READ', 'GUESS': 'SAP', 'MAXITER': 500, 'REFERENCE': 'UKS', 'function_kwargs': {}}
2025-12-23:11:07:21,846 INFO     [psi4.driver.driver:638] Compute gradient(): method=b3lyp, basis=cc-pvdz, molecule=default, nre=46.42290802504242
2025-12-23:11:07:22,456 INFO     [psi4.driver.driver:641] Return gradient(): -581.153430792486
2025-12-23:11:07:22,456 INFO     [psi4.driver.driver:642] [[ 0.00000000 -0.00000000 -0.62020810]
 [ 0.00000000 -0.00000000  0.62018682]]
2025-12-23:11:07:22,458 INFO     [psi4.optking.history:269] 	Performing BFGS update.
2025-12-23:11:07:22,458 INFO     [psi4.optking.history:280] 	Using 2 previous steps for update.
2025-12-23:11:07:22,458 INFO     [psi4.optking.history:317] 	Steps to be used in Hessian update:  2 1

2025-12-23:11:07:22,458 INFO     [psi4.optking.history:418] 	Updated Hessian (in au) 
 	   0.672899

2025-12-23:11:07:22,458 INFO     [psi4.optking.molsys:944] Projected (PHP) Hessian matrix
	   0.672899

2025-12-23:11:07:22,458 INFO     [psi4.optking.opt_helper:182] 
	         Geometry (au)                                       Gradient (au)
   0.0000000000   0.0000000000   2.0098966298		   0.0000000000  -0.0000000000  -0.6202081038
   0.0000000000   0.0000000000  -0.7042806021		   0.0000000000  -0.0000000000   0.6201868226

2025-12-23:11:07:22,458 INFO     [psi4.optking.stepAlgorithms:368] 	Current Step Report 
 
	Current energy:      -581.1534307925
	Energy change for the previous step:
		Actual       :        -0.1421672796
		Projected    :        -0.0617317386

2025-12-23:11:07:22,458 INFO     [psi4.optking.stepAlgorithms:371] 	Energy ratio =    2.30299
2025-12-23:11:07:22,458 INFO     [psi4.optking.stepAlgorithms:929] 	Using RFO solution 1.
2025-12-23:11:07:22,458 INFO     [psi4.optking.displace:100] 	Determining Cartesian step for fragment 1.
2025-12-23:11:07:22,459 INFO     [psi4.optking.displace:415] 	Successfully converged to displaced geometry.
2025-12-23:11:07:22,459 INFO     [psi4.optking.displace:416] 	RMS(dx):  0.000e+00 	Max(dx):  0.000e+00 	RMS(dq):  0.000e+00
2025-12-23:11:07:22,459 INFO     [psi4.optking.displace:172] 

	        --- Internal Coordinate Step in ANG or DEG, aJ/ANG or AJ/DEG ---
	-------------------------------------------------------------------------------
	           Coordinate      Previous         Force          Change          New 
	           ----------      --------        ------          ------        ------
	               R(1,2)       1.43628        5.10964        0.31496       1.75124
	-------------------------------------------------------------------------------

2025-12-23:11:07:22,459 INFO     [psi4.optking.stepAlgorithms:113] 	|target step| :    0.5951821783
2025-12-23:11:07:22,459 INFO     [psi4.optking.stepAlgorithms:114] 	gradient     :   -0.6201974632
2025-12-23:11:07:22,459 INFO     [psi4.optking.stepAlgorithms:115] 	hessian      :    0.6728991498
2025-12-23:11:07:22,459 INFO     [psi4.optking.stepAlgorithms:113] 	|target step| :    0.5951821783
2025-12-23:11:07:22,459 INFO     [psi4.optking.stepAlgorithms:114] 	gradient     :   -0.6201974632
2025-12-23:11:07:22,459 INFO     [psi4.optking.stepAlgorithms:115] 	hessian      :    0.6728991498
2025-12-23:11:07:22,459 INFO     [psi4.optking.stepAlgorithms:206] 	Norm of achieved step-size    0.5951821783
2025-12-23:11:07:22,459 INFO     [psi4.optking.stepAlgorithms:208] 	Norm of achieved step-size (cart):    0.4208573543
2025-12-23:11:07:22,459 INFO     [psi4.optking.opt_helper:164] Molsys:

	                            ===> Fragment 1 <== 

	 Z (Atomic Numbers)          Masses                          Geom                  
	       7.000000            14.003074          0.00000000  0.00000000  2.30748772   
	      18.000000            39.962383          0.00000000  0.00000000 -1.00187169   

	 - Coordinate -           - BOHR/RAD -       - ANG/DEG -
	 R(1,2)           =         3.309359           1.751238

2025-12-23:11:07:22,459 INFO     [psi4.optking.convcheck:76] Performing convergence check.
2025-12-23:11:07:22,459 INFO     [psi4.optking.convcheck:282] 
	                                 ==> Convergence Check <==                                  
    
	Measures of convergence in internal coordinates in au.
    
	Criteria marked as inactive (o), active & met (*), and active & unmet ( ).

	----------------------------------------------------------------------------------------------
	   Step    Total Energy     Delta E     Max Force     RMS Force      Max Disp      RMS Disp   
	----------------------------------------------------------------------------------------------
	  Convergence Criteria     1.00e-06 *    3.00e-04 *             o    1.20e-03 *             o
	----------------------------------------------------------------------------------------------
	     3    -581.15343079   -1.42e-01      6.20e-01      6.20e-01 o    5.95e-01      5.95e-01 o  ~
	----------------------------------------------------------------------------------------------


2025-12-23:11:07:22,459 INFO     [psi4.optking.stepAlgorithms:296] 	Convergence check returned False
2025-12-23:11:07:22,469 INFO     [psi4.driver.task_planner:259] PLANNING Atomic:  keywords={'DAMPING_PERCENTAGE': 1.0, 'GEOM_MAXITER': 500, 'SCF__GUESS': 'READ', 'GUESS': 'SAP', 'MAXITER': 500, 'REFERENCE': 'UKS', 'function_kwargs': {}}
2025-12-23:11:07:22,470 INFO     [psi4.driver.driver:638] Compute gradient(): method=b3lyp, basis=cc-pvdz, molecule=default, nre=38.07383374925262
2025-12-23:11:07:23,83 INFO     [psi4.driver.driver:641] Return gradient(): -581.3744953112354
2025-12-23:11:07:23,83 INFO     [psi4.driver.driver:642] [[-0.00000000  0.00000000 -0.18346265]
 [-0.00000000 -0.00000000  0.18345156]]
2025-12-23:11:07:23,85 INFO     [psi4.optking.history:269] 	Performing BFGS update.
2025-12-23:11:07:23,85 INFO     [psi4.optking.history:280] 	Using 3 previous steps for update.
2025-12-23:11:07:23,85 WARNING  [psi4.optking.history:301] 	Change in internal coordinate of 5.95e-01 exceeds limit of 5.00e-01.
2025-12-23:11:07:23,85 WARNING  [psi4.optking.history:306] 	Skipping Hessian update for step 3.
2025-12-23:11:07:23,85 WARNING  [psi4.optking.history:301] 	Change in internal coordinate of 8.31e-01 exceeds limit of 5.00e-01.
2025-12-23:11:07:23,85 WARNING  [psi4.optking.history:306] 	Skipping Hessian update for step 2.
2025-12-23:11:07:23,85 INFO     [psi4.optking.history:317] 	Steps to be used in Hessian update:  1

2025-12-23:11:07:23,85 INFO     [psi4.optking.history:418] 	Updated Hessian (in au) 
 	   0.707691

2025-12-23:11:07:23,85 INFO     [psi4.optking.molsys:944] Projected (PHP) Hessian matrix
	   0.707691

2025-12-23:11:07:23,85 INFO     [psi4.optking.opt_helper:182] 
	         Geometry (au)                                       Gradient (au)
   0.0000000000   0.0000000000   2.4506396440		  -0.0000000000   0.0000000000  -0.1834626536
   0.0000000000   0.0000000000  -0.8587197662		  -0.0000000000  -0.0000000000   0.1834515617

2025-12-23:11:07:23,85 INFO     [psi4.optking.stepAlgorithms:368] 	Current Step Report 
 
	Current energy:      -581.3744953112
	Energy change for the previous step:
		Actual       :        -0.2210645187
		Projected    :        -0.1845652386

2025-12-23:11:07:23,85 INFO     [psi4.optking.stepAlgorithms:371] 	Energy ratio =    1.19776
2025-12-23:11:07:23,85 INFO     [psi4.optking.stepAlgorithms:929] 	Using RFO solution 1.
2025-12-23:11:07:23,85 INFO     [psi4.optking.displace:100] 	Determining Cartesian step for fragment 1.
2025-12-23:11:07:23,86 INFO     [psi4.optking.displace:415] 	Successfully converged to displaced geometry.
2025-12-23:11:07:23,86 INFO     [psi4.optking.displace:416] 	RMS(dx):  0.000e+00 	Max(dx):  0.000e+00 	RMS(dq):  0.000e+00
2025-12-23:11:07:23,86 INFO     [psi4.optking.displace:172] 

	        --- Internal Coordinate Step in ANG or DEG, aJ/ANG or AJ/DEG ---
	-------------------------------------------------------------------------------
	           Coordinate      Previous         Force          Change          New 
	           ----------      --------        ------          ------        ------
	               R(1,2)       1.75124        1.51145        0.12903       1.88026
	-------------------------------------------------------------------------------

2025-12-23:11:07:23,86 INFO     [psi4.optking.stepAlgorithms:113] 	|target step| :    0.2438219734
2025-12-23:11:07:23,86 INFO     [psi4.optking.stepAlgorithms:114] 	gradient     :   -0.1834571076
2025-12-23:11:07:23,86 INFO     [psi4.optking.stepAlgorithms:115] 	hessian      :    0.7076914981
2025-12-23:11:07:23,86 INFO     [psi4.optking.stepAlgorithms:113] 	|target step| :    0.2438219734
2025-12-23:11:07:23,86 INFO     [psi4.optking.stepAlgorithms:114] 	gradient     :   -0.1834571076
2025-12-23:11:07:23,86 INFO     [psi4.optking.stepAlgorithms:115] 	hessian      :    0.7076914981
2025-12-23:11:07:23,86 INFO     [psi4.optking.stepAlgorithms:206] 	Norm of achieved step-size    0.2438219734
2025-12-23:11:07:23,86 INFO     [psi4.optking.stepAlgorithms:208] 	Norm of achieved step-size (cart):    0.1724081708
2025-12-23:11:07:23,86 INFO     [psi4.optking.opt_helper:164] Molsys:

	                            ===> Fragment 1 <== 

	 Z (Atomic Numbers)          Masses                          Geom                  
	       7.000000            14.003074          0.00000000  0.00000000  2.57255063   
	      18.000000            39.962383          0.00000000  0.00000000 -0.98063075   

	 - Coordinate -           - BOHR/RAD -       - ANG/DEG -
	 R(1,2)           =         3.553181           1.880263

2025-12-23:11:07:23,86 INFO     [psi4.optking.convcheck:76] Performing convergence check.
2025-12-23:11:07:23,86 INFO     [psi4.optking.convcheck:282] 
	                                 ==> Convergence Check <==                                  
    
	Measures of convergence in internal coordinates in au.
    
	Criteria marked as inactive (o), active & met (*), and active & unmet ( ).

	----------------------------------------------------------------------------------------------
	   Step    Total Energy     Delta E     Max Force     RMS Force      Max Disp      RMS Disp   
	----------------------------------------------------------------------------------------------
	  Convergence Criteria     1.00e-06 *    3.00e-04 *             o    1.20e-03 *             o
	----------------------------------------------------------------------------------------------
	     4    -581.37449531   -2.21e-01      1.83e-01      1.83e-01 o    2.44e-01      2.44e-01 o  ~
	----------------------------------------------------------------------------------------------


2025-12-23:11:07:23,86 INFO     [psi4.optking.stepAlgorithms:296] 	Convergence check returned False
2025-12-23:11:07:23,97 INFO     [psi4.driver.task_planner:259] PLANNING Atomic:  keywords={'DAMPING_PERCENTAGE': 1.0, 'GEOM_MAXITER': 500, 'SCF__GUESS': 'READ', 'GUESS': 'SAP', 'MAXITER': 500, 'REFERENCE': 'UKS', 'function_kwargs': {}}
2025-12-23:11:07:23,98 INFO     [psi4.driver.driver:638] Compute gradient(): method=b3lyp, basis=cc-pvdz, molecule=default, nre=35.46117870066874
2025-12-23:11:07:23,627 INFO     [psi4.driver.driver:641] Return gradient(): -581.4072179103341
2025-12-23:11:07:23,627 INFO     [psi4.driver.driver:642] [[-0.00000000  0.00000000 -0.09123735]
 [-0.00000000  0.00000000  0.09122633]]
2025-12-23:11:07:23,628 INFO     [psi4.optking.history:269] 	Performing BFGS update.
2025-12-23:11:07:23,628 INFO     [psi4.optking.history:280] 	Using 4 previous steps for update.
2025-12-23:11:07:23,628 WARNING  [psi4.optking.history:301] 	Change in internal coordinate of 8.39e-01 exceeds limit of 5.00e-01.
2025-12-23:11:07:23,629 WARNING  [psi4.optking.history:306] 	Skipping Hessian update for step 3.
2025-12-23:11:07:23,629 WARNING  [psi4.optking.history:301] 	Change in internal coordinate of 1.08e+00 exceeds limit of 5.00e-01.
2025-12-23:11:07:23,629 WARNING  [psi4.optking.history:306] 	Skipping Hessian update for step 2.
2025-12-23:11:07:23,629 WARNING  [psi4.optking.history:301] 	Change in internal coordinate of 1.29e+00 exceeds limit of 5.00e-01.
2025-12-23:11:07:23,629 WARNING  [psi4.optking.history:306] 	Skipping Hessian update for step 1.
2025-12-23:11:07:23,629 INFO     [psi4.optking.history:317] 	Steps to be used in Hessian update:  4

2025-12-23:11:07:23,629 INFO     [psi4.optking.history:418] 	Updated Hessian (in au) 
 	   0.378248

2025-12-23:11:07:23,629 INFO     [psi4.optking.molsys:944] Projected (PHP) Hessian matrix
	   0.378248

2025-12-23:11:07:23,629 INFO     [psi4.optking.opt_helper:182] 
	         Geometry (au)                                       Gradient (au)
   0.0000000000   0.0000000000   2.6311941623		  -0.0000000000   0.0000000000  -0.0912373490
   0.0000000000   0.0000000000  -0.9219872213		  -0.0000000000   0.0000000000   0.0912263332

2025-12-23:11:07:23,629 INFO     [psi4.optking.stepAlgorithms:368] 	Current Step Report 
 
	Current energy:      -581.4072179103
	Energy change for the previous step:
		Actual       :        -0.0327225991
		Projected    :        -0.0223654370

2025-12-23:11:07:23,629 INFO     [psi4.optking.stepAlgorithms:371] 	Energy ratio =    1.46309
2025-12-23:11:07:23,629 INFO     [psi4.optking.stepAlgorithms:929] 	Using RFO solution 1.
2025-12-23:11:07:23,629 INFO     [psi4.optking.displace:100] 	Determining Cartesian step for fragment 1.
2025-12-23:11:07:23,629 INFO     [psi4.optking.displace:415] 	Successfully converged to displaced geometry.
2025-12-23:11:07:23,629 INFO     [psi4.optking.displace:416] 	RMS(dx):  1.282e-16 	Max(dx):  2.220e-16 	RMS(dq):  0.000e+00
2025-12-23:11:07:23,629 INFO     [psi4.optking.displace:172] 

	        --- Internal Coordinate Step in ANG or DEG, aJ/ANG or AJ/DEG ---
	-------------------------------------------------------------------------------
	           Coordinate      Previous         Force          Change          New 
	           ----------      --------        ------          ------        ------
	               R(1,2)       1.88026        0.75163        0.12097       2.00123
	-------------------------------------------------------------------------------

2025-12-23:11:07:23,630 INFO     [psi4.optking.stepAlgorithms:113] 	|target step| :    0.2285920743
2025-12-23:11:07:23,630 INFO     [psi4.optking.stepAlgorithms:114] 	gradient     :   -0.0912318411
2025-12-23:11:07:23,630 INFO     [psi4.optking.stepAlgorithms:115] 	hessian      :    0.3782483802
2025-12-23:11:07:23,630 INFO     [psi4.optking.stepAlgorithms:113] 	|target step| :    0.2285920743
2025-12-23:11:07:23,630 INFO     [psi4.optking.stepAlgorithms:114] 	gradient     :   -0.0912318411
2025-12-23:11:07:23,630 INFO     [psi4.optking.stepAlgorithms:115] 	hessian      :    0.3782483802
2025-12-23:11:07:23,630 INFO     [psi4.optking.stepAlgorithms:206] 	Norm of achieved step-size    0.2285920743
2025-12-23:11:07:23,630 INFO     [psi4.optking.stepAlgorithms:208] 	Norm of achieved step-size (cart):    0.1616390058
2025-12-23:11:07:23,630 INFO     [psi4.optking.opt_helper:164] Molsys:

	                            ===> Fragment 1 <== 

	 Z (Atomic Numbers)          Masses                          Geom                  
	       7.000000            14.003074          0.00000000  0.00000000  2.74549020   
	      18.000000            39.962383          0.00000000  0.00000000 -1.03628326   

	 - Coordinate -           - BOHR/RAD -       - ANG/DEG -
	 R(1,2)           =         3.781773           2.001228

2025-12-23:11:07:23,630 INFO     [psi4.optking.convcheck:76] Performing convergence check.
2025-12-23:11:07:23,630 INFO     [psi4.optking.convcheck:282] 
	                                 ==> Convergence Check <==                                  
    
	Measures of convergence in internal coordinates in au.
    
	Criteria marked as inactive (o), active & met (*), and active & unmet ( ).

	----------------------------------------------------------------------------------------------
	   Step    Total Energy     Delta E     Max Force     RMS Force      Max Disp      RMS Disp   
	----------------------------------------------------------------------------------------------
	  Convergence Criteria     1.00e-06 *    3.00e-04 *             o    1.20e-03 *             o
	----------------------------------------------------------------------------------------------
	     5    -581.40721791   -3.27e-02      9.12e-02      9.12e-02 o    2.29e-01      2.29e-01 o  ~
	----------------------------------------------------------------------------------------------


2025-12-23:11:07:23,630 INFO     [psi4.optking.stepAlgorithms:296] 	Convergence check returned False
2025-12-23:11:07:23,640 INFO     [psi4.driver.task_planner:259] PLANNING Atomic:  keywords={'DAMPING_PERCENTAGE': 1.0, 'GEOM_MAXITER': 500, 'SCF__GUESS': 'READ', 'GUESS': 'SAP', 'MAXITER': 500, 'REFERENCE': 'UKS', 'function_kwargs': {}}
2025-12-23:11:07:23,642 INFO     [psi4.driver.driver:638] Compute gradient(): method=b3lyp, basis=cc-pvdz, molecule=default, nre=33.317701708876804
2025-12-23:11:07:24,214 INFO     [psi4.driver.driver:641] Return gradient(): -581.421124304937
2025-12-23:11:07:24,214 INFO     [psi4.driver.driver:642] [[-0.00000000  0.00000000 -0.03459874]
 [-0.00000000  0.00000000  0.03459191]]
2025-12-23:11:07:24,215 INFO     [psi4.optking.history:269] 	Performing BFGS update.
2025-12-23:11:07:24,216 INFO     [psi4.optking.history:280] 	Using 4 previous steps for update.
2025-12-23:11:07:24,216 WARNING  [psi4.optking.history:301] 	Change in internal coordinate of 1.07e+00 exceeds limit of 5.00e-01.
2025-12-23:11:07:24,216 WARNING  [psi4.optking.history:306] 	Skipping Hessian update for step 3.
2025-12-23:11:07:24,216 WARNING  [psi4.optking.history:301] 	Change in internal coordinate of 1.30e+00 exceeds limit of 5.00e-01.
2025-12-23:11:07:24,216 WARNING  [psi4.optking.history:306] 	Skipping Hessian update for step 2.
2025-12-23:11:07:24,216 WARNING  [psi4.optking.history:301] 	Change in internal coordinate of 1.51e+00 exceeds limit of 5.00e-01.
2025-12-23:11:07:24,216 WARNING  [psi4.optking.history:306] 	Skipping Hessian update for step 1.
2025-12-23:11:07:24,216 INFO     [psi4.optking.history:317] 	Steps to be used in Hessian update:  5 4

2025-12-23:11:07:24,216 INFO     [psi4.optking.history:418] 	Updated Hessian (in au) 
 	   0.315109

2025-12-23:11:07:24,216 INFO     [psi4.optking.molsys:944] Projected (PHP) Hessian matrix
	   0.315109

2025-12-23:11:07:24,216 INFO     [psi4.optking.opt_helper:182] 
	         Geometry (au)                                       Gradient (au)
   0.0000000000   0.0000000000   2.8004706687		  -0.0000000000   0.0000000000  -0.0345987409
   0.0000000000   0.0000000000  -0.9813027892		  -0.0000000000   0.0000000000   0.0345919097

2025-12-23:11:07:24,216 INFO     [psi4.optking.stepAlgorithms:368] 	Current Step Report 
 
	Current energy:      -581.4211243049
	Energy change for the previous step:
		Actual       :        -0.0139063946
		Projected    :        -0.0104274379

2025-12-23:11:07:24,216 INFO     [psi4.optking.stepAlgorithms:371] 	Energy ratio =    1.33363
2025-12-23:11:07:24,216 INFO     [psi4.optking.stepAlgorithms:929] 	Using RFO solution 1.
2025-12-23:11:07:24,216 INFO     [psi4.optking.displace:100] 	Determining Cartesian step for fragment 1.
2025-12-23:11:07:24,217 INFO     [psi4.optking.displace:415] 	Successfully converged to displaced geometry.
2025-12-23:11:07:24,217 INFO     [psi4.optking.displace:416] 	RMS(dx):  0.000e+00 	Max(dx):  0.000e+00 	RMS(dq):  0.000e+00
2025-12-23:11:07:24,217 INFO     [psi4.optking.displace:172] 

	        --- Internal Coordinate Step in ANG or DEG, aJ/ANG or AJ/DEG ---
	-------------------------------------------------------------------------------
	           Coordinate      Previous         Force          Change          New 
	           ----------      --------        ------          ------        ------
	               R(1,2)       2.00123        0.28502        0.05741       2.05864
	-------------------------------------------------------------------------------

2025-12-23:11:07:24,217 INFO     [psi4.optking.stepAlgorithms:113] 	|target step| :    0.1084961726
2025-12-23:11:07:24,217 INFO     [psi4.optking.stepAlgorithms:114] 	gradient     :   -0.0345953253
2025-12-23:11:07:24,217 INFO     [psi4.optking.stepAlgorithms:115] 	hessian      :    0.3151087124
2025-12-23:11:07:24,217 INFO     [psi4.optking.stepAlgorithms:113] 	|target step| :    0.1084961726
2025-12-23:11:07:24,217 INFO     [psi4.optking.stepAlgorithms:114] 	gradient     :   -0.0345953253
2025-12-23:11:07:24,217 INFO     [psi4.optking.stepAlgorithms:115] 	hessian      :    0.3151087124
2025-12-23:11:07:24,217 INFO     [psi4.optking.stepAlgorithms:206] 	Norm of achieved step-size    0.1084961726
2025-12-23:11:07:24,217 INFO     [psi4.optking.stepAlgorithms:208] 	Norm of achieved step-size (cart):    0.0767183794
2025-12-23:11:07:24,217 INFO     [psi4.optking.opt_helper:164] Molsys:

	                            ===> Fragment 1 <== 

	 Z (Atomic Numbers)          Masses                          Geom                  
	       7.000000            14.003074          0.00000000  0.00000000  2.85471875   
	      18.000000            39.962383          0.00000000  0.00000000 -1.03555088   

	 - Coordinate -           - BOHR/RAD -       - ANG/DEG -
	 R(1,2)           =         3.890270           2.058642

2025-12-23:11:07:24,217 INFO     [psi4.optking.convcheck:76] Performing convergence check.
2025-12-23:11:07:24,217 INFO     [psi4.optking.convcheck:282] 
	                                 ==> Convergence Check <==                                  
    
	Measures of convergence in internal coordinates in au.
    
	Criteria marked as inactive (o), active & met (*), and active & unmet ( ).

	----------------------------------------------------------------------------------------------
	   Step    Total Energy     Delta E     Max Force     RMS Force      Max Disp      RMS Disp   
	----------------------------------------------------------------------------------------------
	  Convergence Criteria     1.00e-06 *    3.00e-04 *             o    1.20e-03 *             o
	----------------------------------------------------------------------------------------------
	     6    -581.42112430   -1.39e-02      3.46e-02      3.46e-02 o    1.08e-01      1.08e-01 o  ~
	----------------------------------------------------------------------------------------------


2025-12-23:11:07:24,217 INFO     [psi4.optking.stepAlgorithms:296] 	Convergence check returned False
2025-12-23:11:07:24,228 INFO     [psi4.driver.task_planner:259] PLANNING Atomic:  keywords={'DAMPING_PERCENTAGE': 1.0, 'GEOM_MAXITER': 500, 'SCF__GUESS': 'READ', 'GUESS': 'SAP', 'MAXITER': 500, 'REFERENCE': 'UKS', 'function_kwargs': {}}
2025-12-23:11:07:24,229 INFO     [psi4.driver.driver:638] Compute gradient(): method=b3lyp, basis=cc-pvdz, molecule=default, nre=32.38850053310995
2025-12-23:11:07:24,788 INFO     [psi4.driver.driver:641] Return gradient(): -581.4238042664408
2025-12-23:11:07:24,789 INFO     [psi4.driver.driver:642] [[-0.00000000  0.00000000 -0.01556382]
 [ 0.00000000 -0.00000000  0.01555066]]
2025-12-23:11:07:24,790 INFO     [psi4.optking.history:269] 	Performing BFGS update.
2025-12-23:11:07:24,790 INFO     [psi4.optking.history:280] 	Using 4 previous steps for update.
2025-12-23:11:07:24,790 WARNING  [psi4.optking.history:301] 	Change in internal coordinate of 5.81e-01 exceeds limit of 5.00e-01.
2025-12-23:11:07:24,790 WARNING  [psi4.optking.history:306] 	Skipping Hessian update for step 4.
2025-12-23:11:07:24,790 WARNING  [psi4.optking.history:301] 	Change in internal coordinate of 1.18e+00 exceeds limit of 5.00e-01.
2025-12-23:11:07:24,790 WARNING  [psi4.optking.history:306] 	Skipping Hessian update for step 3.
2025-12-23:11:07:24,790 WARNING  [psi4.optking.history:301] 	Change in internal coordinate of 1.41e+00 exceeds limit of 5.00e-01.
2025-12-23:11:07:24,790 WARNING  [psi4.optking.history:306] 	Skipping Hessian update for step 2.
2025-12-23:11:07:24,790 WARNING  [psi4.optking.history:301] 	Change in internal coordinate of 1.62e+00 exceeds limit of 5.00e-01.
2025-12-23:11:07:24,790 WARNING  [psi4.optking.history:306] 	Skipping Hessian update for step 1.
2025-12-23:11:07:24,790 INFO     [psi4.optking.history:317] 	Steps to be used in Hessian update:  6 5

2025-12-23:11:07:24,791 INFO     [psi4.optking.history:418] 	Updated Hessian (in au) 
 	   0.224495

2025-12-23:11:07:24,791 INFO     [psi4.optking.molsys:944] Projected (PHP) Hessian matrix
	   0.224495

2025-12-23:11:07:24,791 INFO     [psi4.optking.opt_helper:182] 
	         Geometry (au)                                       Gradient (au)
   0.0000000000   0.0000000000   2.8808140188		  -0.0000000000   0.0000000000  -0.0155638203
   0.0000000000   0.0000000000  -1.0094556116		   0.0000000000  -0.0000000000   0.0155506646

2025-12-23:11:07:24,791 INFO     [psi4.optking.stepAlgorithms:368] 	Current Step Report 
 
	Current energy:      -581.4238042664
	Energy change for the previous step:
		Actual       :        -0.0026799615
		Projected    :        -0.0018767302

2025-12-23:11:07:24,791 INFO     [psi4.optking.stepAlgorithms:371] 	Energy ratio =    1.42800
2025-12-23:11:07:24,791 INFO     [psi4.optking.stepAlgorithms:929] 	Using RFO solution 1.
2025-12-23:11:07:24,791 INFO     [psi4.optking.displace:100] 	Determining Cartesian step for fragment 1.
2025-12-23:11:07:24,791 INFO     [psi4.optking.displace:415] 	Successfully converged to displaced geometry.
2025-12-23:11:07:24,791 INFO     [psi4.optking.displace:416] 	RMS(dx):  0.000e+00 	Max(dx):  0.000e+00 	RMS(dq):  0.000e+00
2025-12-23:11:07:24,791 INFO     [psi4.optking.displace:172] 

	        --- Internal Coordinate Step in ANG or DEG, aJ/ANG or AJ/DEG ---
	-------------------------------------------------------------------------------
	           Coordinate      Previous         Force          Change          New 
	           ----------      --------        ------          ------        ------
	               R(1,2)       2.05864        0.12817        0.03650       2.09514
	-------------------------------------------------------------------------------

2025-12-23:11:07:24,791 INFO     [psi4.optking.stepAlgorithms:113] 	|target step| :    0.0689692246
2025-12-23:11:07:24,791 INFO     [psi4.optking.stepAlgorithms:114] 	gradient     :   -0.0155572425
2025-12-23:11:07:24,791 INFO     [psi4.optking.stepAlgorithms:115] 	hessian      :    0.2244949190
2025-12-23:11:07:24,791 INFO     [psi4.optking.stepAlgorithms:113] 	|target step| :    0.0689692246
2025-12-23:11:07:24,791 INFO     [psi4.optking.stepAlgorithms:114] 	gradient     :   -0.0155572425
2025-12-23:11:07:24,791 INFO     [psi4.optking.stepAlgorithms:115] 	hessian      :    0.2244949190
2025-12-23:11:07:24,791 INFO     [psi4.optking.stepAlgorithms:206] 	Norm of achieved step-size    0.0689692246
2025-12-23:11:07:24,791 INFO     [psi4.optking.stepAlgorithms:208] 	Norm of achieved step-size (cart):    0.0487686064
2025-12-23:11:07:24,792 INFO     [psi4.optking.opt_helper:164] Molsys:

	                            ===> Fragment 1 <== 

	 Z (Atomic Numbers)          Masses                          Geom                  
	       7.000000            14.003074          0.00000000  0.00000000  2.91529863   
	      18.000000            39.962383          0.00000000  0.00000000 -1.04394022   

	 - Coordinate -           - BOHR/RAD -       - ANG/DEG -
	 R(1,2)           =         3.959239           2.095139

2025-12-23:11:07:24,792 INFO     [psi4.optking.convcheck:76] Performing convergence check.
2025-12-23:11:07:24,792 INFO     [psi4.optking.convcheck:282] 
	                                 ==> Convergence Check <==                                  
    
	Measures of convergence in internal coordinates in au.
    
	Criteria marked as inactive (o), active & met (*), and active & unmet ( ).

	----------------------------------------------------------------------------------------------
	   Step    Total Energy     Delta E     Max Force     RMS Force      Max Disp      RMS Disp   
	----------------------------------------------------------------------------------------------
	  Convergence Criteria     1.00e-06 *    3.00e-04 *             o    1.20e-03 *             o
	----------------------------------------------------------------------------------------------
	     7    -581.42380427   -2.68e-03      1.56e-02      1.56e-02 o    6.90e-02      6.90e-02 o  ~
	----------------------------------------------------------------------------------------------


2025-12-23:11:07:24,792 INFO     [psi4.optking.stepAlgorithms:296] 	Convergence check returned False
2025-12-23:11:07:24,802 INFO     [psi4.driver.task_planner:259] PLANNING Atomic:  keywords={'DAMPING_PERCENTAGE': 1.0, 'GEOM_MAXITER': 500, 'SCF__GUESS': 'READ', 'GUESS': 'SAP', 'MAXITER': 500, 'REFERENCE': 'UKS', 'function_kwargs': {}}
2025-12-23:11:07:24,803 INFO     [psi4.driver.driver:638] Compute gradient(): method=b3lyp, basis=cc-pvdz, molecule=default, nre=31.824298713253647
2025-12-23:11:07:25,331 INFO     [psi4.driver.driver:641] Return gradient(): -581.4245236752222
2025-12-23:11:07:25,332 INFO     [psi4.driver.driver:642] [[ 0.00000000 -0.00000000 -0.00558635]
 [ 0.00000000 -0.00000000  0.00557813]]
2025-12-23:11:07:25,333 INFO     [psi4.optking.history:269] 	Performing BFGS update.
2025-12-23:11:07:25,333 INFO     [psi4.optking.history:280] 	Using 4 previous steps for update.
2025-12-23:11:07:25,333 WARNING  [psi4.optking.history:301] 	Change in internal coordinate of 6.50e-01 exceeds limit of 5.00e-01.
2025-12-23:11:07:25,333 WARNING  [psi4.optking.history:306] 	Skipping Hessian update for step 4.
2025-12-23:11:07:25,334 WARNING  [psi4.optking.history:301] 	Change in internal coordinate of 1.25e+00 exceeds limit of 5.00e-01.
2025-12-23:11:07:25,334 WARNING  [psi4.optking.history:306] 	Skipping Hessian update for step 3.
2025-12-23:11:07:25,334 WARNING  [psi4.optking.history:301] 	Change in internal coordinate of 1.48e+00 exceeds limit of 5.00e-01.
2025-12-23:11:07:25,334 WARNING  [psi4.optking.history:306] 	Skipping Hessian update for step 2.
2025-12-23:11:07:25,334 WARNING  [psi4.optking.history:301] 	Change in internal coordinate of 1.69e+00 exceeds limit of 5.00e-01.
2025-12-23:11:07:25,334 WARNING  [psi4.optking.history:306] 	Skipping Hessian update for step 1.
2025-12-23:11:07:25,334 INFO     [psi4.optking.history:317] 	Steps to be used in Hessian update:  7 6 5

2025-12-23:11:07:25,334 INFO     [psi4.optking.history:418] 	Updated Hessian (in au) 
 	   0.210930

2025-12-23:11:07:25,334 INFO     [psi4.optking.molsys:944] Projected (PHP) Hessian matrix
	   0.210930

2025-12-23:11:07:25,334 INFO     [psi4.optking.opt_helper:182] 
	         Geometry (au)                                       Gradient (au)
   0.0000000000   0.0000000000   2.9318869592		   0.0000000000  -0.0000000000  -0.0055863519
   0.0000000000   0.0000000000  -1.0273518958		   0.0000000000  -0.0000000000   0.0055781348

2025-12-23:11:07:25,334 INFO     [psi4.optking.stepAlgorithms:368] 	Current Step Report 
 
	Current energy:      -581.4245236752
	Energy change for the previous step:
		Actual       :        -0.0007194088
		Projected    :        -0.0005364855

2025-12-23:11:07:25,334 INFO     [psi4.optking.stepAlgorithms:371] 	Energy ratio =    1.34097
2025-12-23:11:07:25,334 INFO     [psi4.optking.stepAlgorithms:929] 	Using RFO solution 1.
2025-12-23:11:07:25,334 INFO     [psi4.optking.displace:100] 	Determining Cartesian step for fragment 1.
2025-12-23:11:07:25,334 INFO     [psi4.optking.displace:415] 	Successfully converged to displaced geometry.
2025-12-23:11:07:25,334 INFO     [psi4.optking.displace:416] 	RMS(dx):  0.000e+00 	Max(dx):  0.000e+00 	RMS(dq):  0.000e+00
2025-12-23:11:07:25,335 INFO     [psi4.optking.displace:172] 

	        --- Internal Coordinate Step in ANG or DEG, aJ/ANG or AJ/DEG ---
	-------------------------------------------------------------------------------
	           Coordinate      Previous         Force          Change          New 
	           ----------      --------        ------          ------        ------
	               R(1,2)       2.09514        0.04599        0.01399       2.10913
	-------------------------------------------------------------------------------

2025-12-23:11:07:25,335 INFO     [psi4.optking.stepAlgorithms:113] 	|target step| :    0.0264464318
2025-12-23:11:07:25,335 INFO     [psi4.optking.stepAlgorithms:114] 	gradient     :   -0.0055822433
2025-12-23:11:07:25,335 INFO     [psi4.optking.stepAlgorithms:115] 	hessian      :    0.2109297422
2025-12-23:11:07:25,335 INFO     [psi4.optking.stepAlgorithms:113] 	|target step| :    0.0264464318
2025-12-23:11:07:25,335 INFO     [psi4.optking.stepAlgorithms:114] 	gradient     :   -0.0055822433
2025-12-23:11:07:25,335 INFO     [psi4.optking.stepAlgorithms:115] 	hessian      :    0.2109297422
2025-12-23:11:07:25,335 INFO     [psi4.optking.stepAlgorithms:206] 	Norm of achieved step-size    0.0264464318
2025-12-23:11:07:25,335 INFO     [psi4.optking.stepAlgorithms:208] 	Norm of achieved step-size (cart):    0.0187004513
2025-12-23:11:07:25,335 INFO     [psi4.optking.opt_helper:164] Molsys:

	                            ===> Fragment 1 <== 

	 Z (Atomic Numbers)          Masses                          Geom                  
	       7.000000            14.003074          0.00000000  0.00000000  2.94511018   
	      18.000000            39.962383          0.00000000  0.00000000 -1.04057511   

	 - Coordinate -           - BOHR/RAD -       - ANG/DEG -
	 R(1,2)           =         3.985685           2.109134

2025-12-23:11:07:25,335 INFO     [psi4.optking.convcheck:76] Performing convergence check.
2025-12-23:11:07:25,335 INFO     [psi4.optking.convcheck:282] 
	                                 ==> Convergence Check <==                                  
    
	Measures of convergence in internal coordinates in au.
    
	Criteria marked as inactive (o), active & met (*), and active & unmet ( ).

	----------------------------------------------------------------------------------------------
	   Step    Total Energy     Delta E     Max Force     RMS Force      Max Disp      RMS Disp   
	----------------------------------------------------------------------------------------------
	  Convergence Criteria     1.00e-06 *    3.00e-04 *             o    1.20e-03 *             o
	----------------------------------------------------------------------------------------------
	     8    -581.42452368   -7.19e-04      5.58e-03      5.58e-03 o    2.64e-02      2.64e-02 o  ~
	----------------------------------------------------------------------------------------------


2025-12-23:11:07:25,335 INFO     [psi4.optking.stepAlgorithms:296] 	Convergence check returned False
2025-12-23:11:07:25,345 INFO     [psi4.driver.task_planner:259] PLANNING Atomic:  keywords={'DAMPING_PERCENTAGE': 1.0, 'GEOM_MAXITER': 500, 'SCF__GUESS': 'READ', 'GUESS': 'SAP', 'MAXITER': 500, 'REFERENCE': 'UKS', 'function_kwargs': {}}
2025-12-23:11:07:25,346 INFO     [psi4.driver.driver:638] Compute gradient(): method=b3lyp, basis=cc-pvdz, molecule=default, nre=31.6131332334841
2025-12-23:11:07:25,912 INFO     [psi4.driver.driver:641] Return gradient(): -581.4246250688512
2025-12-23:11:07:25,912 INFO     [psi4.driver.driver:642] [[ 0.00000000  0.00000000 -0.00214905]
 [-0.00000000  0.00000000  0.00214370]]
2025-12-23:11:07:25,914 INFO     [psi4.optking.history:269] 	Performing BFGS update.
2025-12-23:11:07:25,914 INFO     [psi4.optking.history:280] 	Using 4 previous steps for update.
2025-12-23:11:07:25,914 INFO     [psi4.optking.history:317] 	Steps to be used in Hessian update:  8 7 6 5

2025-12-23:11:07:25,914 INFO     [psi4.optking.history:418] 	Updated Hessian (in au) 
 	   0.205976

2025-12-23:11:07:25,914 INFO     [psi4.optking.molsys:944] Projected (PHP) Hessian matrix
	   0.205976

2025-12-23:11:07:25,914 INFO     [psi4.optking.opt_helper:182] 
	         Geometry (au)                                       Gradient (au)
   0.0000000000   0.0000000000   2.9514710135		   0.0000000000   0.0000000000  -0.0021490501
   0.0000000000   0.0000000000  -1.0342142734		  -0.0000000000   0.0000000000   0.0021436985

2025-12-23:11:07:25,914 INFO     [psi4.optking.stepAlgorithms:368] 	Current Step Report 
 
	Current energy:      -581.4246250689
	Energy change for the previous step:
		Actual       :        -0.0001013936
		Projected    :        -0.0000738152

2025-12-23:11:07:25,914 INFO     [psi4.optking.stepAlgorithms:371] 	Energy ratio =    1.37361
2025-12-23:11:07:25,915 INFO     [psi4.optking.stepAlgorithms:929] 	Using RFO solution 1.
2025-12-23:11:07:25,915 INFO     [psi4.optking.displace:100] 	Determining Cartesian step for fragment 1.
2025-12-23:11:07:25,915 INFO     [psi4.optking.displace:415] 	Successfully converged to displaced geometry.
2025-12-23:11:07:25,915 INFO     [psi4.optking.displace:416] 	RMS(dx):  0.000e+00 	Max(dx):  0.000e+00 	RMS(dq):  0.000e+00
2025-12-23:11:07:25,915 INFO     [psi4.optking.displace:172] 

	        --- Internal Coordinate Step in ANG or DEG, aJ/ANG or AJ/DEG ---
	-------------------------------------------------------------------------------
	           Coordinate      Previous         Force          Change          New 
	           ----------      --------        ------          ------        ------
	               R(1,2)       2.10913        0.01768        0.00551       2.11465
	-------------------------------------------------------------------------------

2025-12-23:11:07:25,915 INFO     [psi4.optking.stepAlgorithms:113] 	|target step| :    0.0104193705
2025-12-23:11:07:25,915 INFO     [psi4.optking.stepAlgorithms:114] 	gradient     :   -0.0021463743
2025-12-23:11:07:25,915 INFO     [psi4.optking.stepAlgorithms:115] 	hessian      :    0.2059760991
2025-12-23:11:07:25,915 INFO     [psi4.optking.stepAlgorithms:113] 	|target step| :    0.0104193705
2025-12-23:11:07:25,915 INFO     [psi4.optking.stepAlgorithms:114] 	gradient     :   -0.0021463743
2025-12-23:11:07:25,915 INFO     [psi4.optking.stepAlgorithms:115] 	hessian      :    0.2059760991
2025-12-23:11:07:25,915 INFO     [psi4.optking.stepAlgorithms:206] 	Norm of achieved step-size    0.0104193705
2025-12-23:11:07:25,915 INFO     [psi4.optking.stepAlgorithms:208] 	Norm of achieved step-size (cart):    0.0073676075
2025-12-23:11:07:25,915 INFO     [psi4.optking.opt_helper:164] Molsys:

	                            ===> Fragment 1 <== 

	 Z (Atomic Numbers)          Masses                          Geom                  
	       7.000000            14.003074          0.00000000  0.00000000  2.95668070   
	      18.000000            39.962383          0.00000000  0.00000000 -1.03942396   

	 - Coordinate -           - BOHR/RAD -       - ANG/DEG -
	 R(1,2)           =         3.996105           2.114648

2025-12-23:11:07:25,915 INFO     [psi4.optking.convcheck:76] Performing convergence check.
2025-12-23:11:07:25,915 INFO     [psi4.optking.convcheck:282] 
	                                 ==> Convergence Check <==                                  
    
	Measures of convergence in internal coordinates in au.
    
	Criteria marked as inactive (o), active & met (*), and active & unmet ( ).

	----------------------------------------------------------------------------------------------
	   Step    Total Energy     Delta E     Max Force     RMS Force      Max Disp      RMS Disp   
	----------------------------------------------------------------------------------------------
	  Convergence Criteria     1.00e-06 *    3.00e-04 *             o    1.20e-03 *             o
	----------------------------------------------------------------------------------------------
	     9    -581.42462507   -1.01e-04      2.15e-03      2.15e-03 o    1.04e-02      1.04e-02 o  ~
	----------------------------------------------------------------------------------------------


2025-12-23:11:07:25,915 INFO     [psi4.optking.stepAlgorithms:296] 	Convergence check returned False
2025-12-23:11:07:25,925 INFO     [psi4.driver.task_planner:259] PLANNING Atomic:  keywords={'DAMPING_PERCENTAGE': 1.0, 'GEOM_MAXITER': 500, 'SCF__GUESS': 'READ', 'GUESS': 'SAP', 'MAXITER': 500, 'REFERENCE': 'UKS', 'function_kwargs': {}}
2025-12-23:11:07:25,927 INFO     [psi4.driver.driver:638] Compute gradient(): method=b3lyp, basis=cc-pvdz, molecule=default, nre=31.53070572570944
2025-12-23:11:07:26,486 INFO     [psi4.driver.driver:641] Return gradient(): -581.4246405002027
2025-12-23:11:07:26,486 INFO     [psi4.driver.driver:642] [[ 0.00000000  0.00000000 -0.00085038]
 [ 0.00000000  0.00000000  0.00084610]]
2025-12-23:11:07:26,488 INFO     [psi4.optking.history:269] 	Performing BFGS update.
2025-12-23:11:07:26,488 INFO     [psi4.optking.history:280] 	Using 4 previous steps for update.
2025-12-23:11:07:26,488 INFO     [psi4.optking.history:317] 	Steps to be used in Hessian update:  9 8 7 6

2025-12-23:11:07:26,488 INFO     [psi4.optking.history:418] 	Updated Hessian (in au) 
 	   0.157453

2025-12-23:11:07:26,488 INFO     [psi4.optking.molsys:944] Projected (PHP) Hessian matrix
	   0.157453

2025-12-23:11:07:26,488 INFO     [psi4.optking.opt_helper:182] 
	         Geometry (au)                                       Gradient (au)
   0.0000000000   0.0000000000   2.9591867431		   0.0000000000   0.0000000000  -0.0008503773
   0.0000000000   0.0000000000  -1.0369179142		   0.0000000000   0.0000000000   0.0008460986

2025-12-23:11:07:26,488 INFO     [psi4.optking.stepAlgorithms:368] 	Current Step Report 
 
	Current energy:      -581.4246405002
	Energy change for the previous step:
		Actual       :        -0.0000154314
		Projected    :        -0.0000111819

2025-12-23:11:07:26,488 INFO     [psi4.optking.stepAlgorithms:371] 	Energy ratio =    1.38003
2025-12-23:11:07:26,488 INFO     [psi4.optking.stepAlgorithms:929] 	Using RFO solution 1.
2025-12-23:11:07:26,489 INFO     [psi4.optking.displace:100] 	Determining Cartesian step for fragment 1.
2025-12-23:11:07:26,489 INFO     [psi4.optking.displace:415] 	Successfully converged to displaced geometry.
2025-12-23:11:07:26,489 INFO     [psi4.optking.displace:416] 	RMS(dx):  2.564e-16 	Max(dx):  4.441e-16 	RMS(dq):  8.882e-16
2025-12-23:11:07:26,489 INFO     [psi4.optking.displace:172] 

	        --- Internal Coordinate Step in ANG or DEG, aJ/ANG or AJ/DEG ---
	-------------------------------------------------------------------------------
	           Coordinate      Previous         Force          Change          New 
	           ----------      --------        ------          ------        ------
	               R(1,2)       2.11465        0.00699        0.00285       2.11750
	-------------------------------------------------------------------------------

2025-12-23:11:07:26,489 INFO     [psi4.optking.stepAlgorithms:113] 	|target step| :    0.0053870897
2025-12-23:11:07:26,489 INFO     [psi4.optking.stepAlgorithms:114] 	gradient     :   -0.0008482380
2025-12-23:11:07:26,489 INFO     [psi4.optking.stepAlgorithms:115] 	hessian      :    0.1574529860
2025-12-23:11:07:26,489 INFO     [psi4.optking.stepAlgorithms:113] 	|target step| :    0.0053870897
2025-12-23:11:07:26,489 INFO     [psi4.optking.stepAlgorithms:114] 	gradient     :   -0.0008482380
2025-12-23:11:07:26,489 INFO     [psi4.optking.stepAlgorithms:115] 	hessian      :    0.1574529860
2025-12-23:11:07:26,489 INFO     [psi4.optking.stepAlgorithms:206] 	Norm of achieved step-size    0.0053870897
2025-12-23:11:07:26,489 INFO     [psi4.optking.stepAlgorithms:208] 	Norm of achieved step-size (cart):    0.0038092476
2025-12-23:11:07:26,489 INFO     [psi4.optking.opt_helper:164] Molsys:

	                            ===> Fragment 1 <== 

	 Z (Atomic Numbers)          Masses                          Geom                  
	       7.000000            14.003074          0.00000000  0.00000000  2.96188029   
	      18.000000            39.962383          0.00000000  0.00000000 -1.03961146   

	 - Coordinate -           - BOHR/RAD -       - ANG/DEG -
	 R(1,2)           =         4.001492           2.117498

2025-12-23:11:07:26,489 INFO     [psi4.optking.convcheck:76] Performing convergence check.
2025-12-23:11:07:26,489 INFO     [psi4.optking.convcheck:282] 
	                                 ==> Convergence Check <==                                  
    
	Measures of convergence in internal coordinates in au.
    
	Criteria marked as inactive (o), active & met (*), and active & unmet ( ).

	----------------------------------------------------------------------------------------------
	   Step    Total Energy     Delta E     Max Force     RMS Force      Max Disp      RMS Disp   
	----------------------------------------------------------------------------------------------
	  Convergence Criteria     1.00e-06 *    3.00e-04 *             o    1.20e-03 *             o
	----------------------------------------------------------------------------------------------
	    10    -581.42464050   -1.54e-05      8.48e-04      8.48e-04 o    5.39e-03      5.39e-03 o  ~
	----------------------------------------------------------------------------------------------


2025-12-23:11:07:26,489 INFO     [psi4.optking.stepAlgorithms:296] 	Convergence check returned False
2025-12-23:11:07:26,499 INFO     [psi4.driver.task_planner:259] PLANNING Atomic:  keywords={'DAMPING_PERCENTAGE': 1.0, 'GEOM_MAXITER': 500, 'SCF__GUESS': 'READ', 'GUESS': 'SAP', 'MAXITER': 500, 'REFERENCE': 'UKS', 'function_kwargs': {}}
2025-12-23:11:07:26,501 INFO     [psi4.driver.driver:638] Compute gradient(): method=b3lyp, basis=cc-pvdz, molecule=default, nre=31.488256871657306
2025-12-23:11:07:27,25 INFO     [psi4.driver.driver:641] Return gradient(): -581.4246432157686
2025-12-23:11:07:27,25 INFO     [psi4.driver.driver:642] [[ 0.00000000  0.00000000 -0.00019094]
 [ 0.00000000  0.00000000  0.00018718]]
2025-12-23:11:07:27,26 INFO     [psi4.optking.history:269] 	Performing BFGS update.
2025-12-23:11:07:27,26 INFO     [psi4.optking.history:280] 	Using 4 previous steps for update.
2025-12-23:11:07:27,27 INFO     [psi4.optking.history:317] 	Steps to be used in Hessian update:  10 9 8 7

2025-12-23:11:07:27,27 INFO     [psi4.optking.history:418] 	Updated Hessian (in au) 
 	   0.138176

2025-12-23:11:07:27,27 INFO     [psi4.optking.molsys:944] Projected (PHP) Hessian matrix
	   0.138176

2025-12-23:11:07:27,27 INFO     [psi4.optking.opt_helper:182] 
	         Geometry (au)                                       Gradient (au)
   0.0000000000   0.0000000000   2.9631759791		   0.0000000000   0.0000000000  -0.0001909391
   0.0000000000   0.0000000000  -1.0383157680		   0.0000000000   0.0000000000   0.0001871836

2025-12-23:11:07:27,27 INFO     [psi4.optking.stepAlgorithms:368] 	Current Step Report 
 
	Current energy:      -581.4246432158
	Energy change for the previous step:
		Actual       :        -0.0000027156
		Projected    :        -0.0000022848

2025-12-23:11:07:27,27 INFO     [psi4.optking.stepAlgorithms:371] 	Energy ratio =    1.18855
2025-12-23:11:07:27,27 INFO     [psi4.optking.stepAlgorithms:929] 	Using RFO solution 1.
2025-12-23:11:07:27,27 INFO     [psi4.optking.displace:100] 	Determining Cartesian step for fragment 1.
2025-12-23:11:07:27,28 INFO     [psi4.optking.displace:415] 	Successfully converged to displaced geometry.
2025-12-23:11:07:27,28 INFO     [psi4.optking.displace:416] 	RMS(dx):  2.564e-16 	Max(dx):  4.441e-16 	RMS(dq):  8.882e-16
2025-12-23:11:07:27,28 INFO     [psi4.optking.displace:172] 

	        --- Internal Coordinate Step in ANG or DEG, aJ/ANG or AJ/DEG ---
	-------------------------------------------------------------------------------
	           Coordinate      Previous         Force          Change          New 
	           ----------      --------        ------          ------        ------
	               R(1,2)       2.11750        0.00156        0.00072       2.11822
	-------------------------------------------------------------------------------

2025-12-23:11:07:27,28 INFO     [psi4.optking.stepAlgorithms:113] 	|target step| :    0.0013682662
2025-12-23:11:07:27,28 INFO     [psi4.optking.stepAlgorithms:114] 	gradient     :   -0.0001890613
2025-12-23:11:07:27,28 INFO     [psi4.optking.stepAlgorithms:115] 	hessian      :    0.1381755859
2025-12-23:11:07:27,28 INFO     [psi4.optking.stepAlgorithms:113] 	|target step| :    0.0013682662
2025-12-23:11:07:27,28 INFO     [psi4.optking.stepAlgorithms:114] 	gradient     :   -0.0001890613
2025-12-23:11:07:27,28 INFO     [psi4.optking.stepAlgorithms:115] 	hessian      :    0.1381755859
2025-12-23:11:07:27,28 INFO     [psi4.optking.stepAlgorithms:206] 	Norm of achieved step-size    0.0013682662
2025-12-23:11:07:27,28 INFO     [psi4.optking.stepAlgorithms:208] 	Norm of achieved step-size (cart):    0.0009675103
2025-12-23:11:07:27,28 INFO     [psi4.optking.opt_helper:164] Molsys:

	                            ===> Fragment 1 <== 

	 Z (Atomic Numbers)          Masses                          Geom                  
	       7.000000            14.003074          0.00000000  0.00000000  2.96386011   
	      18.000000            39.962383          0.00000000  0.00000000 -1.03899990   

	 - Coordinate -           - BOHR/RAD -       - ANG/DEG -
	 R(1,2)           =         4.002860           2.118222

2025-12-23:11:07:27,28 INFO     [psi4.optking.convcheck:76] Performing convergence check.
2025-12-23:11:07:27,28 INFO     [psi4.optking.convcheck:282] 
	                                 ==> Convergence Check <==                                  
    
	Measures of convergence in internal coordinates in au.
    
	Criteria marked as inactive (o), active & met (*), and active & unmet ( ).

	----------------------------------------------------------------------------------------------
	   Step    Total Energy     Delta E     Max Force     RMS Force      Max Disp      RMS Disp   
	----------------------------------------------------------------------------------------------
	  Convergence Criteria     1.00e-06 *    3.00e-04 *             o    1.20e-03 *             o
	----------------------------------------------------------------------------------------------
	    11    -581.42464322   -2.72e-06      1.89e-04 *    1.89e-04 o    1.37e-03      1.37e-03 o  ~
	----------------------------------------------------------------------------------------------


2025-12-23:11:07:27,28 INFO     [psi4.optking.stepAlgorithms:296] 	Convergence check returned False
2025-12-23:11:07:27,39 INFO     [psi4.driver.task_planner:259] PLANNING Atomic:  keywords={'DAMPING_PERCENTAGE': 1.0, 'GEOM_MAXITER': 500, 'SCF__GUESS': 'READ', 'GUESS': 'SAP', 'MAXITER': 500, 'REFERENCE': 'UKS', 'function_kwargs': {}}
2025-12-23:11:07:27,40 INFO     [psi4.driver.driver:638] Compute gradient(): method=b3lyp, basis=cc-pvdz, molecule=default, nre=31.477493487889184
2025-12-23:11:07:27,561 INFO     [psi4.driver.driver:641] Return gradient(): -581.4246433421307
2025-12-23:11:07:27,561 INFO     [psi4.driver.driver:642] [[-0.00000000  0.00000000 -0.00002474]
 [ 0.00000000  0.00000000  0.00002111]]
2025-12-23:11:07:27,563 INFO     [psi4.optking.history:269] 	Performing BFGS update.
2025-12-23:11:07:27,563 INFO     [psi4.optking.history:280] 	Using 4 previous steps for update.
2025-12-23:11:07:27,563 INFO     [psi4.optking.history:317] 	Steps to be used in Hessian update:  11 10 9 8

2025-12-23:11:07:27,563 INFO     [psi4.optking.history:418] 	Updated Hessian (in au) 
 	   0.127445

2025-12-23:11:07:27,563 INFO     [psi4.optking.molsys:944] Projected (PHP) Hessian matrix
	   0.127445

2025-12-23:11:07:27,563 INFO     [psi4.optking.opt_helper:182] 
	         Geometry (au)                                       Gradient (au)
   0.0000000000   0.0000000000   2.9641892046		  -0.0000000000   0.0000000000  -0.0000247389
   0.0000000000   0.0000000000  -1.0386708087		   0.0000000000   0.0000000000   0.0000211121

2025-12-23:11:07:27,563 INFO     [psi4.optking.stepAlgorithms:368] 	Current Step Report 
 
	Current energy:      -581.4246433421
	Energy change for the previous step:
		Actual       :        -0.0000001264
		Projected    :        -0.0000001293

2025-12-23:11:07:27,563 INFO     [psi4.optking.stepAlgorithms:371] 	Energy ratio =    0.97695
2025-12-23:11:07:27,563 INFO     [psi4.optking.stepAlgorithms:929] 	Using RFO solution 1.
2025-12-23:11:07:27,564 INFO     [psi4.optking.displace:100] 	Determining Cartesian step for fragment 1.
2025-12-23:11:07:27,564 INFO     [psi4.optking.displace:415] 	Successfully converged to displaced geometry.
2025-12-23:11:07:27,564 INFO     [psi4.optking.displace:416] 	RMS(dx):  0.000e+00 	Max(dx):  0.000e+00 	RMS(dq):  0.000e+00
2025-12-23:11:07:27,564 INFO     [psi4.optking.displace:172] 

	        --- Internal Coordinate Step in ANG or DEG, aJ/ANG or AJ/DEG ---
	-------------------------------------------------------------------------------
	           Coordinate      Previous         Force          Change          New 
	           ----------      --------        ------          ------        ------
	               R(1,2)       2.11822        0.00019        0.00010       2.11832
	-------------------------------------------------------------------------------

2025-12-23:11:07:27,564 INFO     [psi4.optking.stepAlgorithms:113] 	|target step| :    0.0001798848
2025-12-23:11:07:27,564 INFO     [psi4.optking.stepAlgorithms:114] 	gradient     :   -0.0000229255
2025-12-23:11:07:27,564 INFO     [psi4.optking.stepAlgorithms:115] 	hessian      :    0.1274454433
2025-12-23:11:07:27,564 INFO     [psi4.optking.stepAlgorithms:113] 	|target step| :    0.0001798848
2025-12-23:11:07:27,564 INFO     [psi4.optking.stepAlgorithms:114] 	gradient     :   -0.0000229255
2025-12-23:11:07:27,564 INFO     [psi4.optking.stepAlgorithms:115] 	hessian      :    0.1274454433
2025-12-23:11:07:27,564 INFO     [psi4.optking.stepAlgorithms:206] 	Norm of achieved step-size    0.0001798848
2025-12-23:11:07:27,564 INFO     [psi4.optking.stepAlgorithms:208] 	Norm of achieved step-size (cart):    0.0001271978
2025-12-23:11:07:27,564 INFO     [psi4.optking.opt_helper:164] Molsys:

	                            ===> Fragment 1 <== 

	 Z (Atomic Numbers)          Masses                          Geom                  
	       7.000000            14.003074          0.00000000  0.00000000  2.96427915   
	      18.000000            39.962383          0.00000000  0.00000000 -1.03876075   

	 - Coordinate -           - BOHR/RAD -       - ANG/DEG -
	 R(1,2)           =         4.003040           2.118317

2025-12-23:11:07:27,564 INFO     [psi4.optking.convcheck:76] Performing convergence check.
2025-12-23:11:07:27,564 INFO     [psi4.optking.convcheck:282] 
	                                 ==> Convergence Check <==                                  
    
	Measures of convergence in internal coordinates in au.
    
	Criteria marked as inactive (o), active & met (*), and active & unmet ( ).

	----------------------------------------------------------------------------------------------
	   Step    Total Energy     Delta E     Max Force     RMS Force      Max Disp      RMS Disp   
	----------------------------------------------------------------------------------------------
	  Convergence Criteria     1.00e-06 *    3.00e-04 *             o    1.20e-03 *             o
	----------------------------------------------------------------------------------------------
	    12    -581.42464334   -1.26e-07 *    2.29e-05 *    2.29e-05 o    1.80e-04 *    1.80e-04 o  ~
	----------------------------------------------------------------------------------------------


2025-12-23:11:07:27,564 INFO     [psi4.optking.convcheck:206] 
	                      ===> Final Convergence Report <===                     

	----------------------------------------------------------------------------
	|   Required Criteria    |  One or More Criteria  |   Alternate Criteria   |
	----------------------------------------------------------------------------
	| [x]     max_force      | [x]       max_DE       |                        |
	|                        | [x]      max_disp      |                        |
	----------------------------------------------------------------------------


2025-12-23:11:07:27,564 INFO     [psi4.optking.stepAlgorithms:296] 	Convergence check returned True
2025-12-23:11:07:27,564 INFO     [psi4.optking.optimize:332] 	Converged in 12 steps!
2025-12-23:11:07:27,564 INFO     [psi4.optking.optimize:333] 	Final energy is   -581.4246433421307
2025-12-23:11:07:27,564 INFO     [psi4.optking.optimize:334] 	Final structure (Angstroms): 
	Fragment 1 (Ang)

	    N   0.0000000000   0.0000000000   1.5686289707
	   Ar   0.0000000000   0.0000000000  -0.5496885168


2025-12-23:11:07:27,565 INFO     [psi4.optking.optimize:562] 	Optimization Finished

	==> Optimization Summary <==

        
	Measures of convergence in internal coordinates in au. (Any backward steps not shown.)
        
	---------------------------------------------------------------------------------------------------------------  ~
        
	 Step         Total Energy             Delta E       MAX Force       RMS Force        MAX Disp        RMS Disp   ~
        
	---------------------------------------------------------------------------------------------------------------  ~
        
	     1    -580.865266599822   -580.865266599822      0.92065089      0.92065089      0.21039050      0.21039050  ~
	     2    -581.011263512885     -0.145996913063      0.52289468      0.52289468      0.23611538      0.23611538  ~
	     3    -581.153430792486     -0.142167279601      0.62019746      0.62019746      0.59518218      0.59518218  ~
	     4    -581.374495311235     -0.221064518749      0.18345711      0.18345711      0.24382197      0.24382197  ~
	     5    -581.407217910334     -0.032722599099      0.09123184      0.09123184      0.22859207      0.22859207  ~
	     6    -581.421124304937     -0.013906394603      0.03459533      0.03459533      0.10849617      0.10849617  ~
	     7    -581.423804266441     -0.002679961504      0.01555724      0.01555724      0.06896922      0.06896922  ~
	     8    -581.424523675222     -0.000719408781      0.00558224      0.00558224      0.02644643      0.02644643  ~
	     9    -581.424625068851     -0.000101393629      0.00214637      0.00214637      0.01041937      0.01041937  ~
	    10    -581.424640500203     -0.000015431351      0.00084824      0.00084824      0.00538709      0.00538709  ~
	    11    -581.424643215769     -0.000002715566      0.00018906      0.00018906      0.00136827      0.00136827  ~
	    12    -581.424643342131     -0.000000126362      0.00002293      0.00002293      0.00017988      0.00017988  ~
	----------------------------------------------------------------------------------------------------------------


2025-12-23:11:07:27,565 INFO     [psi4.optking.optimize:806] Preparing OptimizationResult
