2025-12-23:11:07:35,384 WARNING  [psi4.optking:38] Some dependencies such as QCElemental have not yet finished migration to pydantic v2. If issues are encountered please downgrade pydantic or upgrade QCElemental as appropriate
2025-12-23:11:07:35,541 INFO     [psi4.optking.optwrapper:234] Creating a UserComputer
2025-12-23:11:07:35,541 INFO     [psi4.optking.optwrapper:242] 
    			-----------------------------------------

    			 OPTKING 3.0: for geometry optimizations 

    			     By R.A. King, Bethel University     

    			        with contributions from          

    			    A.V. Copan, J. Cayton, A. Heide      

    			-----------------------------------------

    
2025-12-23:11:07:35,541 INFO     [psi4.optking.optwrapper:272] 
		 -- Optimization Parameters --
	GEOM_MAXITER                   =             500
	ALG_GEOM_MAXITER               =              50
	PRINT                          =               1
	OPT_TYPE                       =             MIN
	STEP_TYPE                      =             RFO
	PROGRAM                        =            PSI4
	STEEPEST_DESCENT_TYPE          =         OVERLAP
	CONJUGATE_GRADIENT_TYPE        =        FLETCHER
	OPT_COORDINATES                =        INTERNAL
	RFO_FOLLOW_ROOT                =           False
	RFO_ROOT                       =               0
	ACCEPT_SYMMETRY_BREAKING       =           False
	DYNAMIC_LVL                    =               0
	DYNAMIC_LVL_MAX                =               0
	IRC_STEP_SIZE                  =             0.2
	IRC_DIRECTION                  =         FORWARD
	IRC_POINTS                     =              20
	IRC_MODE                       =          NORMAL
	IRC_CONVERGENCE                =            -0.7
	INTRAFRAG_STEP_LIMIT           =             0.5
	INTRAFRAG_STEP_LIMIT_MIN       =           0.001
	INTRAFRAG_STEP_LIMIT_MAX       =             1.0
	INTERFRAG_STEP_LIMIT           =             0.5
	INTERFRAG_STEP_LIMIT_MIN       =           0.001
	INTERFRAG_STEP_LIMIT_MAX       =             1.0
	ENSURE_BT_CONVERGENCE          =           False
	SIMPLE_STEP_SCALING            =           False
	CONSECUTIVE_BACKSTEPS          =               0
	RFO_NORMALIZATION_MAX          =             100
	RSRFO_ALPHA_MAX                =     100000000.0
	PRINT_TRAJECTORY_XYZ_FILE      =           False
	WRITE_TRAJECTORY               =           False
	FROZEN_DISTANCE                =                
	FROZEN_BEND                    =                
	FROZEN_DIHEDRAL                =                
	FROZEN_OOFP                    =                
	FROZEN_CARTESIAN               =                
	FREEZE_ALL_DIHEDRALS           =           False
	UNFREEZE_DIHEDRALS             =                
	RANGED_DISTANCE                =                
	RANGED_BEND                    =                
	RANGED_DIHEDRAL                =                
	RANGED_OOFP                    =                
	RANGED_CARTESIAN               =                
	EXT_FORCE_DISTANCE             =                
	EXT_FORCE_BEND                 =                
	EXT_FORCE_DIHEDRAL             =                
	EXT_FORCE_OOFP                 =                
	EXT_FORCE_CARTESIAN            =                
	G_CONVERGENCE                  =           QCHEM
	MAX_FORCE_G_CONVERGENCE        =          0.0003
	RMS_FORCE_G_CONVERGENCE        =          0.0003
	MAX_ENERGY_G_CONVERGENCE       =           1e-06
	MAX_DISP_G_CONVERGENCE         =          0.0012
	RMS_DISP_G_CONVERGENCE         =          0.0012
	FLEXIBLE_G_CONVERGENCE         =           False
	HESS_UPDATE                    =            BFGS
	HESS_UPDATE_USE_LAST           =               4
	HESS_UPDATE_LIMIT              =            True
	HESS_UPDATE_LIMIT_MAX          =             1.0
	HESS_UPDATE_LIMIT_SCALE        =             0.5
	HESS_UPDATE_DEN_TOL            =           1e-07
	HESS_UPDATE_DQ_TOL             =             0.5
	CART_HESS_READ                 =           False
	HESSIAN_FILE                   =               .
	FULL_HESS_EVERY                =              -1
	INTRAFRAG_HESS                 =        SCHLEGEL
	H_GUESS_EVERY                  =           False
	BT_MAX_ITER                    =              25
	BT_DX_CONV                     =           1e-07
	BT_DX_RMS_CHANGE_CONV          =           1e-12
	BT_PINV_RCOND                  =           1e-06
	FRAG_MODE                      =          SINGLE
	FRAG_REF_ATOMS                 =              []
	FREEZE_INTRAFRAG               =           False
	INTERFRAG_MODE                 =           FIXED
	ADD_AUXILIARY_BONDS            =           False
	AUXILIARY_BOND_FACTOR          =             2.5
	INTERFRAG_DIST_INV             =           False
	INTERFRAG_COLLINEAR_TOL        =            0.01
	INTERFRAG_COORDS               =              []
	INTERFRAG_HESS                 =         DEFAULT
	COVALENT_CONNECT               =             1.3
	INTERFRAGMENT_CONNECT          =             1.8
	H_BOND_CONNECT                 =             4.3
	INCLUDE_OOFP                   =           False
	TEST_B                         =           False
	TEST_DERIVATIVE_B              =           False
	LINESEARCH_STEP                =             0.1
	LINESEARCH                     =           False
	SD_HESSIAN                     =             1.0
	FIX_VAL_NEAR_PI                =            1.57
	V3D_TORS_ANGLE_LIM             =           0.017
	V3D_TORS_COS_TOL               =           1e-10
	LINEAR_BEND_THRESHOLD          =            3.05
	SMALL_BEND_FIX_THRESHOLD       =            0.35
	REDUNDANT_EVAL_TOL             =           1e-10
	LINEAR_ALGEBRA_TOL             =           1e-10


2025-12-23:11:07:35,678 INFO     [psi4.optking.opt_helper:164] Molsys:

	                            ===> Fragment 1 <== 

	 Z (Atomic Numbers)          Masses                          Geom                  
	       8.000000            15.994915         -0.00000000  1.13383568  0.00000000   
	       8.000000            15.994915          0.00000000 -1.13383568  0.00000000   

	 - Coordinate -           - BOHR/RAD -       - ANG/DEG -
	 R(1,2)           =         2.267671           1.200000

2025-12-23:11:07:35,689 INFO     [psi4.driver.task_planner:259] PLANNING Atomic:  keywords={'DAMPING_PERCENTAGE': 1.0, 'GEOM_MAXITER': 500, 'GUESS': 'SAP', 'MAXITER': 500, 'REFERENCE': 'UKS', 'function_kwargs': {}}
2025-12-23:11:07:35,690 INFO     [psi4.driver.driver:638] Compute gradient(): method=b3lyp, basis=cc-pvdz, molecule=default, nre=28.222784569066672
2025-12-23:11:07:36,56 INFO     [psi4.driver.driver:641] Return gradient(): -148.921864036025
2025-12-23:11:07:36,56 INFO     [psi4.driver.driver:642] [[ 0.00000000 -0.85177799 -0.00000000]
 [-0.00000000  0.85177799  0.00000000]]
2025-12-23:11:07:36,58 INFO     [psi4.optking.molsys:944] Projected (PHP) Hessian matrix
	   1.048231

2025-12-23:11:07:36,58 INFO     [psi4.optking.opt_helper:182] 
	         Geometry (au)                                       Gradient (au)
  -0.0000000000   1.1338356753   0.0000000000		   0.0000000000  -0.8517779889  -0.0000000000
   0.0000000000  -1.1338356753   0.0000000000		  -0.0000000000   0.8517779889   0.0000000000

2025-12-23:11:07:36,58 INFO     [psi4.optking.stepAlgorithms:929] 	Using RFO solution 1.
2025-12-23:11:07:36,58 INFO     [psi4.optking.displace:100] 	Determining Cartesian step for fragment 1.
2025-12-23:11:07:36,59 INFO     [psi4.optking.displace:415] 	Successfully converged to displaced geometry.
2025-12-23:11:07:36,59 INFO     [psi4.optking.displace:416] 	RMS(dx):  0.000e+00 	Max(dx):  0.000e+00 	RMS(dq):  0.000e+00
2025-12-23:11:07:36,59 INFO     [psi4.optking.displace:172] 

	        --- Internal Coordinate Step in ANG or DEG, aJ/ANG or AJ/DEG ---
	-------------------------------------------------------------------------------
	           Coordinate      Previous         Force          Change          New 
	           ----------      --------        ------          ------        ------
	               R(1,2)       1.20000        7.01756        0.26459       1.46459
	-------------------------------------------------------------------------------

2025-12-23:11:07:36,59 INFO     [psi4.optking.stepAlgorithms:113] 	|target step| :    0.5000002392
2025-12-23:11:07:36,59 INFO     [psi4.optking.stepAlgorithms:114] 	gradient     :   -0.8517779889
2025-12-23:11:07:36,59 INFO     [psi4.optking.stepAlgorithms:115] 	hessian      :    1.0482306732
2025-12-23:11:07:36,59 INFO     [psi4.optking.stepAlgorithms:113] 	|target step| :    0.5000002392
2025-12-23:11:07:36,59 INFO     [psi4.optking.stepAlgorithms:114] 	gradient     :   -0.8517779889
2025-12-23:11:07:36,59 INFO     [psi4.optking.stepAlgorithms:115] 	hessian      :    1.0482306732
2025-12-23:11:07:36,59 INFO     [psi4.optking.stepAlgorithms:206] 	Norm of achieved step-size    0.5000002392
2025-12-23:11:07:36,59 INFO     [psi4.optking.stepAlgorithms:208] 	Norm of achieved step-size (cart):    0.3535535597
2025-12-23:11:07:36,59 INFO     [psi4.optking.opt_helper:164] Molsys:

	                            ===> Fragment 1 <== 

	 Z (Atomic Numbers)          Masses                          Geom                  
	       8.000000            15.994915         -0.00000000  1.38383579  0.00000000   
	       8.000000            15.994915          0.00000000 -1.38383579  0.00000000   

	 - Coordinate -           - BOHR/RAD -       - ANG/DEG -
	 R(1,2)           =         2.767672           1.464589

2025-12-23:11:07:36,59 INFO     [psi4.optking.convcheck:76] Performing convergence check.
2025-12-23:11:07:36,59 INFO     [psi4.optking.convcheck:282] 
	                                 ==> Convergence Check <==                                  
    
	Measures of convergence in internal coordinates in au.
    
	Criteria marked as inactive (o), active & met (*), and active & unmet ( ).

	----------------------------------------------------------------------------------------------~
	   Step    Total Energy     Delta E     Max Force     RMS Force      Max Disp      RMS Disp   ~
	----------------------------------------------------------------------------------------------~
	  Convergence Criteria     1.00e-06 *    3.00e-04 *             o    1.20e-03 *             o~
	----------------------------------------------------------------------------------------------~
	     1    -148.92186404   -1.49e+02      8.52e-01      8.52e-01 o    5.00e-01      5.00e-01 o  ~
	----------------------------------------------------------------------------------------------


2025-12-23:11:07:36,59 INFO     [psi4.optking.stepAlgorithms:296] 	Convergence check returned False
2025-12-23:11:07:36,70 INFO     [psi4.driver.task_planner:259] PLANNING Atomic:  keywords={'DAMPING_PERCENTAGE': 1.0, 'GEOM_MAXITER': 500, 'SCF__GUESS': 'READ', 'GUESS': 'SAP', 'MAXITER': 500, 'REFERENCE': 'UKS', 'function_kwargs': {}}
2025-12-23:11:07:36,72 INFO     [psi4.driver.driver:638] Compute gradient(): method=b3lyp, basis=cc-pvdz, molecule=default, nre=23.12413085307886
2025-12-23:11:07:36,387 INFO     [psi4.driver.driver:641] Return gradient(): -149.14568250246165
2025-12-23:11:07:36,387 INFO     [psi4.driver.driver:642] [[ 0.00000000 -0.17277885 -0.00000000]
 [-0.00000000  0.17277885 -0.00000000]]
2025-12-23:11:07:36,388 INFO     [psi4.optking.history:269] 	Performing BFGS update.
2025-12-23:11:07:36,388 INFO     [psi4.optking.history:280] 	Using 1 previous steps for update.
2025-12-23:11:07:36,389 INFO     [psi4.optking.history:317] 	Steps to be used in Hessian update:  1

2025-12-23:11:07:36,389 INFO     [psi4.optking.history:418] 	Updated Hessian (in au) 
 	   1.357998

2025-12-23:11:07:36,389 INFO     [psi4.optking.molsys:944] Projected (PHP) Hessian matrix
	   1.357998

2025-12-23:11:07:36,389 INFO     [psi4.optking.opt_helper:182] 
	         Geometry (au)                                       Gradient (au)
  -0.0000000000   1.3838357949   0.0000000000		   0.0000000000  -0.1727788538  -0.0000000000
   0.0000000000  -1.3838357949   0.0000000000		  -0.0000000000   0.1727788538  -0.0000000000

2025-12-23:11:07:36,389 INFO     [psi4.optking.stepAlgorithms:368] 	Current Step Report 
 
	Current energy:      -149.1456825025
	Energy change for the previous step:
		Actual       :        -0.2238184664
		Projected    :        -0.2358881458

2025-12-23:11:07:36,389 INFO     [psi4.optking.stepAlgorithms:371] 	Energy ratio =    0.94883
2025-12-23:11:07:36,389 INFO     [psi4.optking.stepAlgorithms:399] 	Energy ratio indicates good step.
2025-12-23:11:07:36,389 INFO     [psi4.optking.stepAlgorithms:400] 	Intrafrag trust radius increased to      1.
2025-12-23:11:07:36,389 INFO     [psi4.optking.stepAlgorithms:929] 	Using RFO solution 1.
2025-12-23:11:07:36,389 INFO     [psi4.optking.displace:100] 	Determining Cartesian step for fragment 1.
2025-12-23:11:07:36,389 INFO     [psi4.optking.displace:415] 	Successfully converged to displaced geometry.
2025-12-23:11:07:36,389 INFO     [psi4.optking.displace:416] 	RMS(dx):  0.000e+00 	Max(dx):  0.000e+00 	RMS(dq):  0.000e+00
2025-12-23:11:07:36,390 INFO     [psi4.optking.displace:172] 

	        --- Internal Coordinate Step in ANG or DEG, aJ/ANG or AJ/DEG ---
	-------------------------------------------------------------------------------
	           Coordinate      Previous         Force          Change          New 
	           ----------      --------        ------          ------        ------
	               R(1,2)       1.46459        1.42348        0.06627       1.53086
	-------------------------------------------------------------------------------

2025-12-23:11:07:36,390 INFO     [psi4.optking.stepAlgorithms:113] 	|target step| :    0.1252351369
2025-12-23:11:07:36,390 INFO     [psi4.optking.stepAlgorithms:114] 	gradient     :   -0.1727788538
2025-12-23:11:07:36,390 INFO     [psi4.optking.stepAlgorithms:115] 	hessian      :    1.3579976207
2025-12-23:11:07:36,390 INFO     [psi4.optking.stepAlgorithms:113] 	|target step| :    0.1252351369
2025-12-23:11:07:36,390 INFO     [psi4.optking.stepAlgorithms:114] 	gradient     :   -0.1727788538
2025-12-23:11:07:36,390 INFO     [psi4.optking.stepAlgorithms:115] 	hessian      :    1.3579976207
2025-12-23:11:07:36,390 INFO     [psi4.optking.stepAlgorithms:206] 	Norm of achieved step-size    0.1252351369
2025-12-23:11:07:36,390 INFO     [psi4.optking.stepAlgorithms:208] 	Norm of achieved step-size (cart):    0.0885546146
2025-12-23:11:07:36,390 INFO     [psi4.optking.opt_helper:164] Molsys:

	                            ===> Fragment 1 <== 

	 Z (Atomic Numbers)          Masses                          Geom                  
	       8.000000            15.994915         -0.00000000  1.44645336  0.00000000   
	       8.000000            15.994915          0.00000000 -1.44645336  0.00000000   

	 - Coordinate -           - BOHR/RAD -       - ANG/DEG -
	 R(1,2)           =         2.892907           1.530860

2025-12-23:11:07:36,390 INFO     [psi4.optking.convcheck:76] Performing convergence check.
2025-12-23:11:07:36,390 INFO     [psi4.optking.convcheck:282] 
	                                 ==> Convergence Check <==                                  
    
	Measures of convergence in internal coordinates in au.
    
	Criteria marked as inactive (o), active & met (*), and active & unmet ( ).

	----------------------------------------------------------------------------------------------
	   Step    Total Energy     Delta E     Max Force     RMS Force      Max Disp      RMS Disp   
	----------------------------------------------------------------------------------------------
	  Convergence Criteria     1.00e-06 *    3.00e-04 *             o    1.20e-03 *             o
	----------------------------------------------------------------------------------------------
	     2    -149.14568250   -2.24e-01      1.73e-01      1.73e-01 o    1.25e-01      1.25e-01 o  ~
	----------------------------------------------------------------------------------------------


2025-12-23:11:07:36,390 INFO     [psi4.optking.stepAlgorithms:296] 	Convergence check returned False
2025-12-23:11:07:36,400 INFO     [psi4.driver.task_planner:259] PLANNING Atomic:  keywords={'DAMPING_PERCENTAGE': 1.0, 'GEOM_MAXITER': 500, 'SCF__GUESS': 'READ', 'GUESS': 'SAP', 'MAXITER': 500, 'REFERENCE': 'UKS', 'function_kwargs': {}}
2025-12-23:11:07:36,401 INFO     [psi4.driver.driver:638] Compute gradient(): method=b3lyp, basis=cc-pvdz, molecule=default, nre=22.123077598681128
2025-12-23:11:07:36,720 INFO     [psi4.driver.driver:641] Return gradient(): -149.1622667630607
2025-12-23:11:07:36,721 INFO     [psi4.driver.driver:642] [[ 0.00000000 -0.09602402 -0.00000000]
 [-0.00000000  0.09602402 -0.00000000]]
2025-12-23:11:07:36,722 INFO     [psi4.optking.history:269] 	Performing BFGS update.
2025-12-23:11:07:36,722 INFO     [psi4.optking.history:280] 	Using 2 previous steps for update.
2025-12-23:11:07:36,722 WARNING  [psi4.optking.history:301] 	Change in internal coordinate of 6.25e-01 exceeds limit of 5.00e-01.
2025-12-23:11:07:36,722 WARNING  [psi4.optking.history:306] 	Skipping Hessian update for step 1.
2025-12-23:11:07:36,722 INFO     [psi4.optking.history:317] 	Steps to be used in Hessian update:  2

2025-12-23:11:07:36,722 INFO     [psi4.optking.history:418] 	Updated Hessian (in au) 
 	   0.612886

2025-12-23:11:07:36,723 INFO     [psi4.optking.molsys:944] Projected (PHP) Hessian matrix
	   0.612886

2025-12-23:11:07:36,723 INFO     [psi4.optking.opt_helper:182] 
	         Geometry (au)                                       Gradient (au)
  -0.0000000000   1.4464533633   0.0000000000		   0.0000000000  -0.0960240180  -0.0000000000
   0.0000000000  -1.4464533633   0.0000000000		  -0.0000000000   0.0960240180  -0.0000000000

2025-12-23:11:07:36,723 INFO     [psi4.optking.stepAlgorithms:368] 	Current Step Report 
 
	Current energy:      -149.1622667631
	Energy change for the previous step:
		Actual       :        -0.0165842606
		Projected    :        -0.0108189917

2025-12-23:11:07:36,723 INFO     [psi4.optking.stepAlgorithms:371] 	Energy ratio =    1.53288
2025-12-23:11:07:36,723 INFO     [psi4.optking.stepAlgorithms:929] 	Using RFO solution 1.
2025-12-23:11:07:36,723 INFO     [psi4.optking.displace:100] 	Determining Cartesian step for fragment 1.
2025-12-23:11:07:36,723 INFO     [psi4.optking.displace:415] 	Successfully converged to displaced geometry.
2025-12-23:11:07:36,723 INFO     [psi4.optking.displace:416] 	RMS(dx):  0.000e+00 	Max(dx):  0.000e+00 	RMS(dq):  0.000e+00
2025-12-23:11:07:36,723 INFO     [psi4.optking.displace:172] 

	        --- Internal Coordinate Step in ANG or DEG, aJ/ANG or AJ/DEG ---
	-------------------------------------------------------------------------------
	           Coordinate      Previous         Force          Change          New 
	           ----------      --------        ------          ------        ------
	               R(1,2)       1.53086        0.79112        0.08097       1.61183
	-------------------------------------------------------------------------------

2025-12-23:11:07:36,723 INFO     [psi4.optking.stepAlgorithms:113] 	|target step| :    0.1530072648
2025-12-23:11:07:36,723 INFO     [psi4.optking.stepAlgorithms:114] 	gradient     :   -0.0960240180
2025-12-23:11:07:36,723 INFO     [psi4.optking.stepAlgorithms:115] 	hessian      :    0.6128857895
2025-12-23:11:07:36,723 INFO     [psi4.optking.stepAlgorithms:113] 	|target step| :    0.1530072648
2025-12-23:11:07:36,723 INFO     [psi4.optking.stepAlgorithms:114] 	gradient     :   -0.0960240180
2025-12-23:11:07:36,723 INFO     [psi4.optking.stepAlgorithms:115] 	hessian      :    0.6128857895
2025-12-23:11:07:36,723 INFO     [psi4.optking.stepAlgorithms:206] 	Norm of achieved step-size    0.1530072648
2025-12-23:11:07:36,723 INFO     [psi4.optking.stepAlgorithms:208] 	Norm of achieved step-size (cart):    0.1081924745
2025-12-23:11:07:36,723 INFO     [psi4.optking.opt_helper:164] Molsys:

	                            ===> Fragment 1 <== 

	 Z (Atomic Numbers)          Masses                          Geom                  
	       8.000000            15.994915         -0.00000000  1.52295700  0.00000000   
	       8.000000            15.994915          0.00000000 -1.52295700  0.00000000   

	 - Coordinate -           - BOHR/RAD -       - ANG/DEG -
	 R(1,2)           =         3.045914           1.611828

2025-12-23:11:07:36,724 INFO     [psi4.optking.convcheck:76] Performing convergence check.
2025-12-23:11:07:36,724 INFO     [psi4.optking.convcheck:282] 
	                                 ==> Convergence Check <==                                  
    
	Measures of convergence in internal coordinates in au.
    
	Criteria marked as inactive (o), active & met (*), and active & unmet ( ).

	----------------------------------------------------------------------------------------------
	   Step    Total Energy     Delta E     Max Force     RMS Force      Max Disp      RMS Disp   
	----------------------------------------------------------------------------------------------
	  Convergence Criteria     1.00e-06 *    3.00e-04 *             o    1.20e-03 *             o
	----------------------------------------------------------------------------------------------
	     3    -149.16226676   -1.66e-02      9.60e-02      9.60e-02 o    1.53e-01      1.53e-01 o  ~
	----------------------------------------------------------------------------------------------


2025-12-23:11:07:36,724 INFO     [psi4.optking.stepAlgorithms:296] 	Convergence check returned False
2025-12-23:11:07:36,734 INFO     [psi4.driver.task_planner:259] PLANNING Atomic:  keywords={'DAMPING_PERCENTAGE': 1.0, 'GEOM_MAXITER': 500, 'SCF__GUESS': 'READ', 'GUESS': 'SAP', 'MAXITER': 500, 'REFERENCE': 'UKS', 'function_kwargs': {}}
2025-12-23:11:07:36,735 INFO     [psi4.driver.driver:638] Compute gradient(): method=b3lyp, basis=cc-pvdz, molecule=default, nre=21.011755479274857
2025-12-23:11:07:37,23 INFO     [psi4.driver.driver:641] Return gradient(): -149.17156906085972
2025-12-23:11:07:37,24 INFO     [psi4.driver.driver:642] [[ 0.00000000 -0.02993271  0.00000000]
 [-0.00000000  0.02993271  0.00000000]]
2025-12-23:11:07:37,25 INFO     [psi4.optking.history:269] 	Performing BFGS update.
2025-12-23:11:07:37,25 INFO     [psi4.optking.history:280] 	Using 3 previous steps for update.
2025-12-23:11:07:37,26 WARNING  [psi4.optking.history:301] 	Change in internal coordinate of 7.78e-01 exceeds limit of 5.00e-01.
2025-12-23:11:07:37,26 WARNING  [psi4.optking.history:306] 	Skipping Hessian update for step 1.
2025-12-23:11:07:37,26 INFO     [psi4.optking.history:317] 	Steps to be used in Hessian update:  3 2

2025-12-23:11:07:37,26 INFO     [psi4.optking.history:418] 	Updated Hessian (in au) 
 	   0.513387

2025-12-23:11:07:37,26 INFO     [psi4.optking.molsys:944] Projected (PHP) Hessian matrix
	   0.513387

2025-12-23:11:07:37,26 INFO     [psi4.optking.opt_helper:182] 
	         Geometry (au)                                       Gradient (au)
  -0.0000000000   1.5229569957   0.0000000000		   0.0000000000  -0.0299327092   0.0000000000
   0.0000000000  -1.5229569957   0.0000000000		  -0.0000000000   0.0299327092   0.0000000000

2025-12-23:11:07:37,26 INFO     [psi4.optking.stepAlgorithms:368] 	Current Step Report 
 
	Current energy:      -149.1715690609
	Energy change for the previous step:
		Actual       :        -0.0093022978
		Projected    :        -0.0073461862

2025-12-23:11:07:37,26 INFO     [psi4.optking.stepAlgorithms:371] 	Energy ratio =    1.26628
2025-12-23:11:07:37,26 INFO     [psi4.optking.stepAlgorithms:929] 	Using RFO solution 1.
2025-12-23:11:07:37,26 INFO     [psi4.optking.displace:100] 	Determining Cartesian step for fragment 1.
2025-12-23:11:07:37,26 INFO     [psi4.optking.displace:415] 	Successfully converged to displaced geometry.
2025-12-23:11:07:37,26 INFO     [psi4.optking.displace:416] 	RMS(dx):  0.000e+00 	Max(dx):  0.000e+00 	RMS(dq):  0.000e+00
2025-12-23:11:07:37,27 INFO     [psi4.optking.displace:172] 

	        --- Internal Coordinate Step in ANG or DEG, aJ/ANG or AJ/DEG ---
	-------------------------------------------------------------------------------
	           Coordinate      Previous         Force          Change          New 
	           ----------      --------        ------          ------        ------
	               R(1,2)       1.61183        0.24661        0.03075       1.64258
	-------------------------------------------------------------------------------

2025-12-23:11:07:37,27 INFO     [psi4.optking.stepAlgorithms:113] 	|target step| :    0.0581074678
2025-12-23:11:07:37,27 INFO     [psi4.optking.stepAlgorithms:114] 	gradient     :   -0.0299327092
2025-12-23:11:07:37,27 INFO     [psi4.optking.stepAlgorithms:115] 	hessian      :    0.5133874048
2025-12-23:11:07:37,27 INFO     [psi4.optking.stepAlgorithms:113] 	|target step| :    0.0581074678
2025-12-23:11:07:37,27 INFO     [psi4.optking.stepAlgorithms:114] 	gradient     :   -0.0299327092
2025-12-23:11:07:37,27 INFO     [psi4.optking.stepAlgorithms:115] 	hessian      :    0.5133874048
2025-12-23:11:07:37,27 INFO     [psi4.optking.stepAlgorithms:206] 	Norm of achieved step-size    0.0581074678
2025-12-23:11:07:37,27 INFO     [psi4.optking.stepAlgorithms:208] 	Norm of achieved step-size (cart):    0.0410881846
2025-12-23:11:07:37,27 INFO     [psi4.optking.opt_helper:164] Molsys:

	                            ===> Fragment 1 <== 

	 Z (Atomic Numbers)          Masses                          Geom                  
	       8.000000            15.994915         -0.00000000  1.55201073  0.00000000   
	       8.000000            15.994915          0.00000000 -1.55201073  0.00000000   

	 - Coordinate -           - BOHR/RAD -       - ANG/DEG -
	 R(1,2)           =         3.104021           1.642577

2025-12-23:11:07:37,27 INFO     [psi4.optking.convcheck:76] Performing convergence check.
2025-12-23:11:07:37,27 INFO     [psi4.optking.convcheck:282] 
	                                 ==> Convergence Check <==                                  
    
	Measures of convergence in internal coordinates in au.
    
	Criteria marked as inactive (o), active & met (*), and active & unmet ( ).

	----------------------------------------------------------------------------------------------
	   Step    Total Energy     Delta E     Max Force     RMS Force      Max Disp      RMS Disp   
	----------------------------------------------------------------------------------------------
	  Convergence Criteria     1.00e-06 *    3.00e-04 *             o    1.20e-03 *             o
	----------------------------------------------------------------------------------------------
	     4    -149.17156906   -9.30e-03      2.99e-02      2.99e-02 o    5.81e-02      5.81e-02 o  ~
	----------------------------------------------------------------------------------------------


2025-12-23:11:07:37,27 INFO     [psi4.optking.stepAlgorithms:296] 	Convergence check returned False
2025-12-23:11:07:37,38 INFO     [psi4.driver.task_planner:259] PLANNING Atomic:  keywords={'DAMPING_PERCENTAGE': 1.0, 'GEOM_MAXITER': 500, 'SCF__GUESS': 'READ', 'GUESS': 'SAP', 'MAXITER': 500, 'REFERENCE': 'UKS', 'function_kwargs': {}}
2025-12-23:11:07:37,39 INFO     [psi4.driver.driver:638] Compute gradient(): method=b3lyp, basis=cc-pvdz, molecule=default, nre=20.6184141567532
2025-12-23:11:07:37,361 INFO     [psi4.driver.driver:641] Return gradient(): -149.17274492228083
2025-12-23:11:07:37,362 INFO     [psi4.driver.driver:642] [[ 0.00000000 -0.01104237  0.00000000]
 [-0.00000000  0.01104237  0.00000000]]
2025-12-23:11:07:37,363 INFO     [psi4.optking.history:269] 	Performing BFGS update.
2025-12-23:11:07:37,363 INFO     [psi4.optking.history:280] 	Using 4 previous steps for update.
2025-12-23:11:07:37,364 WARNING  [psi4.optking.history:301] 	Change in internal coordinate of 8.36e-01 exceeds limit of 5.00e-01.
2025-12-23:11:07:37,364 WARNING  [psi4.optking.history:306] 	Skipping Hessian update for step 1.
2025-12-23:11:07:37,364 INFO     [psi4.optking.history:317] 	Steps to be used in Hessian update:  4 3 2

2025-12-23:11:07:37,364 INFO     [psi4.optking.history:418] 	Updated Hessian (in au) 
 	   0.480858

2025-12-23:11:07:37,364 INFO     [psi4.optking.molsys:944] Projected (PHP) Hessian matrix
	   0.480858

2025-12-23:11:07:37,364 INFO     [psi4.optking.opt_helper:182] 
	         Geometry (au)                                       Gradient (au)
  -0.0000000000   1.5520107297   0.0000000000		   0.0000000000  -0.0110423733   0.0000000000
   0.0000000000  -1.5520107297   0.0000000000		  -0.0000000000   0.0110423733   0.0000000000

2025-12-23:11:07:37,364 INFO     [psi4.optking.stepAlgorithms:368] 	Current Step Report 
 
	Current energy:      -149.1727449223
	Energy change for the previous step:
		Actual       :        -0.0011758614
		Projected    :        -0.0008696570

2025-12-23:11:07:37,364 INFO     [psi4.optking.stepAlgorithms:371] 	Energy ratio =    1.35210
2025-12-23:11:07:37,364 INFO     [psi4.optking.stepAlgorithms:929] 	Using RFO solution 1.
2025-12-23:11:07:37,364 INFO     [psi4.optking.displace:100] 	Determining Cartesian step for fragment 1.
2025-12-23:11:07:37,364 INFO     [psi4.optking.displace:415] 	Successfully converged to displaced geometry.
2025-12-23:11:07:37,365 INFO     [psi4.optking.displace:416] 	RMS(dx):  0.000e+00 	Max(dx):  0.000e+00 	RMS(dq):  0.000e+00
2025-12-23:11:07:37,365 INFO     [psi4.optking.displace:172] 

	        --- Internal Coordinate Step in ANG or DEG, aJ/ANG or AJ/DEG ---
	-------------------------------------------------------------------------------
	           Coordinate      Previous         Force          Change          New 
	           ----------      --------        ------          ------        ------
	               R(1,2)       1.64258        0.09098        0.01215       1.65472
	-------------------------------------------------------------------------------

2025-12-23:11:07:37,365 INFO     [psi4.optking.stepAlgorithms:113] 	|target step| :    0.0229518057
2025-12-23:11:07:37,365 INFO     [psi4.optking.stepAlgorithms:114] 	gradient     :   -0.0110423733
2025-12-23:11:07:37,365 INFO     [psi4.optking.stepAlgorithms:115] 	hessian      :    0.4808578659
2025-12-23:11:07:37,365 INFO     [psi4.optking.stepAlgorithms:113] 	|target step| :    0.0229518057
2025-12-23:11:07:37,365 INFO     [psi4.optking.stepAlgorithms:114] 	gradient     :   -0.0110423733
2025-12-23:11:07:37,365 INFO     [psi4.optking.stepAlgorithms:115] 	hessian      :    0.4808578659
2025-12-23:11:07:37,365 INFO     [psi4.optking.stepAlgorithms:206] 	Norm of achieved step-size    0.0229518057
2025-12-23:11:07:37,365 INFO     [psi4.optking.stepAlgorithms:208] 	Norm of achieved step-size (cart):    0.0162293775
2025-12-23:11:07:37,365 INFO     [psi4.optking.opt_helper:164] Molsys:

	                            ===> Fragment 1 <== 

	 Z (Atomic Numbers)          Masses                          Geom                  
	       8.000000            15.994915         -0.00000000  1.56348663  0.00000000   
	       8.000000            15.994915          0.00000000 -1.56348663  0.00000000   

	 - Coordinate -           - BOHR/RAD -       - ANG/DEG -
	 R(1,2)           =         3.126973           1.654723

2025-12-23:11:07:37,365 INFO     [psi4.optking.convcheck:76] Performing convergence check.
2025-12-23:11:07:37,365 INFO     [psi4.optking.convcheck:282] 
	                                 ==> Convergence Check <==                                  
    
	Measures of convergence in internal coordinates in au.
    
	Criteria marked as inactive (o), active & met (*), and active & unmet ( ).

	----------------------------------------------------------------------------------------------
	   Step    Total Energy     Delta E     Max Force     RMS Force      Max Disp      RMS Disp   
	----------------------------------------------------------------------------------------------
	  Convergence Criteria     1.00e-06 *    3.00e-04 *             o    1.20e-03 *             o
	----------------------------------------------------------------------------------------------
	     5    -149.17274492   -1.18e-03      1.10e-02      1.10e-02 o    2.30e-02      2.30e-02 o  ~
	----------------------------------------------------------------------------------------------


2025-12-23:11:07:37,365 INFO     [psi4.optking.stepAlgorithms:296] 	Convergence check returned False
2025-12-23:11:07:37,375 INFO     [psi4.driver.task_planner:259] PLANNING Atomic:  keywords={'DAMPING_PERCENTAGE': 1.0, 'GEOM_MAXITER': 500, 'SCF__GUESS': 'READ', 'GUESS': 'SAP', 'MAXITER': 500, 'REFERENCE': 'UKS', 'function_kwargs': {}}
2025-12-23:11:07:37,377 INFO     [psi4.driver.driver:638] Compute gradient(): method=b3lyp, basis=cc-pvdz, molecule=default, nre=20.467076170732145
2025-12-23:11:07:37,686 INFO     [psi4.driver.driver:641] Return gradient(): -149.17292085604956
2025-12-23:11:07:37,687 INFO     [psi4.driver.driver:642] [[ 0.00000000 -0.00436512  0.00000000]
 [-0.00000000  0.00436512  0.00000000]]
2025-12-23:11:07:37,688 INFO     [psi4.optking.history:269] 	Performing BFGS update.
2025-12-23:11:07:37,688 INFO     [psi4.optking.history:280] 	Using 4 previous steps for update.
2025-12-23:11:07:37,688 INFO     [psi4.optking.history:317] 	Steps to be used in Hessian update:  5 4 3 2

2025-12-23:11:07:37,688 INFO     [psi4.optking.history:418] 	Updated Hessian (in au) 
 	   0.468725

2025-12-23:11:07:37,689 INFO     [psi4.optking.molsys:944] Projected (PHP) Hessian matrix
	   0.468725

2025-12-23:11:07:37,689 INFO     [psi4.optking.opt_helper:182] 
	         Geometry (au)                                       Gradient (au)
  -0.0000000000   1.5634866325   0.0000000000		   0.0000000000  -0.0043651189   0.0000000000
   0.0000000000  -1.5634866325   0.0000000000		  -0.0000000000   0.0043651189   0.0000000000

2025-12-23:11:07:37,689 INFO     [psi4.optking.stepAlgorithms:368] 	Current Step Report 
 
	Current energy:      -149.1729208560
	Energy change for the previous step:
		Actual       :        -0.0001759338
		Projected    :        -0.0001267212

2025-12-23:11:07:37,689 INFO     [psi4.optking.stepAlgorithms:371] 	Energy ratio =    1.38835
2025-12-23:11:07:37,689 INFO     [psi4.optking.stepAlgorithms:929] 	Using RFO solution 1.
2025-12-23:11:07:37,689 INFO     [psi4.optking.displace:100] 	Determining Cartesian step for fragment 1.
2025-12-23:11:07:37,689 INFO     [psi4.optking.displace:415] 	Successfully converged to displaced geometry.
2025-12-23:11:07:37,689 INFO     [psi4.optking.displace:416] 	RMS(dx):  0.000e+00 	Max(dx):  0.000e+00 	RMS(dq):  0.000e+00
2025-12-23:11:07:37,689 INFO     [psi4.optking.displace:172] 

	        --- Internal Coordinate Step in ANG or DEG, aJ/ANG or AJ/DEG ---
	-------------------------------------------------------------------------------
	           Coordinate      Previous         Force          Change          New 
	           ----------      --------        ------          ------        ------
	               R(1,2)       1.65472        0.03596        0.00493       1.65965
	-------------------------------------------------------------------------------

2025-12-23:11:07:37,689 INFO     [psi4.optking.stepAlgorithms:113] 	|target step| :    0.0093119396
2025-12-23:11:07:37,689 INFO     [psi4.optking.stepAlgorithms:114] 	gradient     :   -0.0043651189
2025-12-23:11:07:37,689 INFO     [psi4.optking.stepAlgorithms:115] 	hessian      :    0.4687251591
2025-12-23:11:07:37,689 INFO     [psi4.optking.stepAlgorithms:113] 	|target step| :    0.0093119396
2025-12-23:11:07:37,689 INFO     [psi4.optking.stepAlgorithms:114] 	gradient     :   -0.0043651189
2025-12-23:11:07:37,689 INFO     [psi4.optking.stepAlgorithms:115] 	hessian      :    0.4687251591
2025-12-23:11:07:37,689 INFO     [psi4.optking.stepAlgorithms:206] 	Norm of achieved step-size    0.0093119396
2025-12-23:11:07:37,689 INFO     [psi4.optking.stepAlgorithms:208] 	Norm of achieved step-size (cart):    0.0065845356
2025-12-23:11:07:37,689 INFO     [psi4.optking.opt_helper:164] Molsys:

	                            ===> Fragment 1 <== 

	 Z (Atomic Numbers)          Masses                          Geom                  
	       8.000000            15.994915         -0.00000000  1.56814260  0.00000000   
	       8.000000            15.994915          0.00000000 -1.56814260  0.00000000   

	 - Coordinate -           - BOHR/RAD -       - ANG/DEG -
	 R(1,2)           =         3.136285           1.659651

2025-12-23:11:07:37,690 INFO     [psi4.optking.convcheck:76] Performing convergence check.
2025-12-23:11:07:37,690 INFO     [psi4.optking.convcheck:282] 
	                                 ==> Convergence Check <==                                  
    
	Measures of convergence in internal coordinates in au.
    
	Criteria marked as inactive (o), active & met (*), and active & unmet ( ).

	----------------------------------------------------------------------------------------------
	   Step    Total Energy     Delta E     Max Force     RMS Force      Max Disp      RMS Disp   
	----------------------------------------------------------------------------------------------
	  Convergence Criteria     1.00e-06 *    3.00e-04 *             o    1.20e-03 *             o
	----------------------------------------------------------------------------------------------
	     6    -149.17292086   -1.76e-04      4.37e-03      4.37e-03 o    9.31e-03      9.31e-03 o  ~
	----------------------------------------------------------------------------------------------


2025-12-23:11:07:37,690 INFO     [psi4.optking.stepAlgorithms:296] 	Convergence check returned False
2025-12-23:11:07:37,700 INFO     [psi4.driver.task_planner:259] PLANNING Atomic:  keywords={'DAMPING_PERCENTAGE': 1.0, 'GEOM_MAXITER': 500, 'SCF__GUESS': 'READ', 'GUESS': 'SAP', 'MAXITER': 500, 'REFERENCE': 'UKS', 'function_kwargs': {}}
2025-12-23:11:07:37,701 INFO     [psi4.driver.driver:638] Compute gradient(): method=b3lyp, basis=cc-pvdz, molecule=default, nre=20.40630740652679
2025-12-23:11:07:37,994 INFO     [psi4.driver.driver:641] Return gradient(): -149.1729493478943
2025-12-23:11:07:37,995 INFO     [psi4.driver.driver:642] [[ 0.00000000 -0.00177392  0.00000000]
 [-0.00000000  0.00177392  0.00000000]]
2025-12-23:11:07:37,996 INFO     [psi4.optking.history:269] 	Performing BFGS update.
2025-12-23:11:07:37,996 INFO     [psi4.optking.history:280] 	Using 4 previous steps for update.
2025-12-23:11:07:37,996 INFO     [psi4.optking.history:317] 	Steps to be used in Hessian update:  6 5 4 3

2025-12-23:11:07:37,997 INFO     [psi4.optking.history:418] 	Updated Hessian (in au) 
 	   0.387257

2025-12-23:11:07:37,997 INFO     [psi4.optking.molsys:944] Projected (PHP) Hessian matrix
	   0.387257

2025-12-23:11:07:37,997 INFO     [psi4.optking.opt_helper:182] 
	         Geometry (au)                                       Gradient (au)
  -0.0000000000   1.5681426023   0.0000000000		   0.0000000000  -0.0017739232   0.0000000000
   0.0000000000  -1.5681426023   0.0000000000		  -0.0000000000   0.0017739232   0.0000000000

2025-12-23:11:07:37,997 INFO     [psi4.optking.stepAlgorithms:368] 	Current Step Report 
 
	Current energy:      -149.1729493479
	Energy change for the previous step:
		Actual       :        -0.0000284918
		Projected    :        -0.0000203239

2025-12-23:11:07:37,997 INFO     [psi4.optking.stepAlgorithms:371] 	Energy ratio =    1.40189
2025-12-23:11:07:37,997 INFO     [psi4.optking.stepAlgorithms:929] 	Using RFO solution 1.
2025-12-23:11:07:37,997 INFO     [psi4.optking.displace:100] 	Determining Cartesian step for fragment 1.
2025-12-23:11:07:37,997 INFO     [psi4.optking.displace:415] 	Successfully converged to displaced geometry.
2025-12-23:11:07:37,997 INFO     [psi4.optking.displace:416] 	RMS(dx):  0.000e+00 	Max(dx):  0.000e+00 	RMS(dq):  0.000e+00
2025-12-23:11:07:37,997 INFO     [psi4.optking.displace:172] 

	        --- Internal Coordinate Step in ANG or DEG, aJ/ANG or AJ/DEG ---
	-------------------------------------------------------------------------------
	           Coordinate      Previous         Force          Change          New 
	           ----------      --------        ------          ------        ------
	               R(1,2)       1.65965        0.01461        0.00242       1.66207
	-------------------------------------------------------------------------------

2025-12-23:11:07:37,997 INFO     [psi4.optking.stepAlgorithms:113] 	|target step| :    0.0045806390
2025-12-23:11:07:37,997 INFO     [psi4.optking.stepAlgorithms:114] 	gradient     :   -0.0017739232
2025-12-23:11:07:37,997 INFO     [psi4.optking.stepAlgorithms:115] 	hessian      :    0.3872573106
2025-12-23:11:07:37,997 INFO     [psi4.optking.stepAlgorithms:113] 	|target step| :    0.0045806390
2025-12-23:11:07:37,997 INFO     [psi4.optking.stepAlgorithms:114] 	gradient     :   -0.0017739232
2025-12-23:11:07:37,997 INFO     [psi4.optking.stepAlgorithms:115] 	hessian      :    0.3872573106
2025-12-23:11:07:37,997 INFO     [psi4.optking.stepAlgorithms:206] 	Norm of achieved step-size    0.0045806390
2025-12-23:11:07:37,997 INFO     [psi4.optking.stepAlgorithms:208] 	Norm of achieved step-size (cart):    0.0032390009
2025-12-23:11:07:37,998 INFO     [psi4.optking.opt_helper:164] Molsys:

	                            ===> Fragment 1 <== 

	 Z (Atomic Numbers)          Masses                          Geom                  
	       8.000000            15.994915         -0.00000000  1.57043292  0.00000000   
	       8.000000            15.994915          0.00000000 -1.57043292  0.00000000   

	 - Coordinate -           - BOHR/RAD -       - ANG/DEG -
	 R(1,2)           =         3.140866           1.662075

2025-12-23:11:07:37,998 INFO     [psi4.optking.convcheck:76] Performing convergence check.
2025-12-23:11:07:37,998 INFO     [psi4.optking.convcheck:282] 
	                                 ==> Convergence Check <==                                  
    
	Measures of convergence in internal coordinates in au.
    
	Criteria marked as inactive (o), active & met (*), and active & unmet ( ).

	----------------------------------------------------------------------------------------------
	   Step    Total Energy     Delta E     Max Force     RMS Force      Max Disp      RMS Disp   
	----------------------------------------------------------------------------------------------
	  Convergence Criteria     1.00e-06 *    3.00e-04 *             o    1.20e-03 *             o
	----------------------------------------------------------------------------------------------
	     7    -149.17294935   -2.85e-05      1.77e-03      1.77e-03 o    4.58e-03      4.58e-03 o  ~
	----------------------------------------------------------------------------------------------


2025-12-23:11:07:37,998 INFO     [psi4.optking.stepAlgorithms:296] 	Convergence check returned False
2025-12-23:11:07:38,8 INFO     [psi4.driver.task_planner:259] PLANNING Atomic:  keywords={'DAMPING_PERCENTAGE': 1.0, 'GEOM_MAXITER': 500, 'SCF__GUESS': 'READ', 'GUESS': 'SAP', 'MAXITER': 500, 'REFERENCE': 'UKS', 'function_kwargs': {}}
2025-12-23:11:07:38,9 INFO     [psi4.driver.driver:638] Compute gradient(): method=b3lyp, basis=cc-pvdz, molecule=default, nre=20.37654684600633
2025-12-23:11:07:38,289 INFO     [psi4.driver.driver:641] Return gradient(): -149.17295459587507
2025-12-23:11:07:38,290 INFO     [psi4.driver.driver:642] [[ 0.00000000 -0.00052354  0.00000000]
 [-0.00000000  0.00052354  0.00000000]]
2025-12-23:11:07:38,291 INFO     [psi4.optking.history:269] 	Performing BFGS update.
2025-12-23:11:07:38,291 INFO     [psi4.optking.history:280] 	Using 4 previous steps for update.
2025-12-23:11:07:38,292 INFO     [psi4.optking.history:317] 	Steps to be used in Hessian update:  7 6 5 4

2025-12-23:11:07:38,292 INFO     [psi4.optking.history:418] 	Updated Hessian (in au) 
 	   0.309727

2025-12-23:11:07:38,292 INFO     [psi4.optking.molsys:944] Projected (PHP) Hessian matrix
	   0.309727

2025-12-23:11:07:38,292 INFO     [psi4.optking.opt_helper:182] 
	         Geometry (au)                                       Gradient (au)
  -0.0000000000   1.5704329218   0.0000000000		   0.0000000000  -0.0005235357   0.0000000000
   0.0000000000  -1.5704329218   0.0000000000		  -0.0000000000   0.0005235357   0.0000000000

2025-12-23:11:07:38,292 INFO     [psi4.optking.stepAlgorithms:368] 	Current Step Report 
 
	Current energy:      -149.1729545959
	Energy change for the previous step:
		Actual       :        -0.0000052480
		Projected    :        -0.0000040629

2025-12-23:11:07:38,292 INFO     [psi4.optking.stepAlgorithms:371] 	Energy ratio =    1.29170
2025-12-23:11:07:38,292 INFO     [psi4.optking.stepAlgorithms:929] 	Using RFO solution 1.
2025-12-23:11:07:38,292 INFO     [psi4.optking.displace:100] 	Determining Cartesian step for fragment 1.
2025-12-23:11:07:38,292 INFO     [psi4.optking.displace:415] 	Successfully converged to displaced geometry.
2025-12-23:11:07:38,292 INFO     [psi4.optking.displace:416] 	RMS(dx):  0.000e+00 	Max(dx):  0.000e+00 	RMS(dq):  0.000e+00
2025-12-23:11:07:38,293 INFO     [psi4.optking.displace:172] 

	        --- Internal Coordinate Step in ANG or DEG, aJ/ANG or AJ/DEG ---
	-------------------------------------------------------------------------------
	           Coordinate      Previous         Force          Change          New 
	           ----------      --------        ------          ------        ------
	               R(1,2)       1.66207        0.00431        0.00089       1.66297
	-------------------------------------------------------------------------------

2025-12-23:11:07:38,293 INFO     [psi4.optking.stepAlgorithms:113] 	|target step| :    0.0016903072
2025-12-23:11:07:38,293 INFO     [psi4.optking.stepAlgorithms:114] 	gradient     :   -0.0005235357
2025-12-23:11:07:38,293 INFO     [psi4.optking.stepAlgorithms:115] 	hessian      :    0.3097272241
2025-12-23:11:07:38,293 INFO     [psi4.optking.stepAlgorithms:113] 	|target step| :    0.0016903072
2025-12-23:11:07:38,293 INFO     [psi4.optking.stepAlgorithms:114] 	gradient     :   -0.0005235357
2025-12-23:11:07:38,293 INFO     [psi4.optking.stepAlgorithms:115] 	hessian      :    0.3097272241
2025-12-23:11:07:38,293 INFO     [psi4.optking.stepAlgorithms:206] 	Norm of achieved step-size    0.0016903072
2025-12-23:11:07:38,293 INFO     [psi4.optking.stepAlgorithms:208] 	Norm of achieved step-size (cart):    0.0011952277
2025-12-23:11:07:38,293 INFO     [psi4.optking.opt_helper:164] Molsys:

	                            ===> Fragment 1 <== 

	 Z (Atomic Numbers)          Masses                          Geom                  
	       8.000000            15.994915         -0.00000000  1.57127808  0.00000000   
	       8.000000            15.994915          0.00000000 -1.57127808  0.00000000   

	 - Coordinate -           - BOHR/RAD -       - ANG/DEG -
	 R(1,2)           =         3.142556           1.662969

2025-12-23:11:07:38,293 INFO     [psi4.optking.convcheck:76] Performing convergence check.
2025-12-23:11:07:38,293 INFO     [psi4.optking.convcheck:282] 
	                                 ==> Convergence Check <==                                  
    
	Measures of convergence in internal coordinates in au.
    
	Criteria marked as inactive (o), active & met (*), and active & unmet ( ).

	----------------------------------------------------------------------------------------------
	   Step    Total Energy     Delta E     Max Force     RMS Force      Max Disp      RMS Disp   
	----------------------------------------------------------------------------------------------
	  Convergence Criteria     1.00e-06 *    3.00e-04 *             o    1.20e-03 *             o
	----------------------------------------------------------------------------------------------
	     8    -149.17295460   -5.25e-06      5.24e-04      5.24e-04 o    1.69e-03      1.69e-03 o  ~
	----------------------------------------------------------------------------------------------


2025-12-23:11:07:38,293 INFO     [psi4.optking.stepAlgorithms:296] 	Convergence check returned False
2025-12-23:11:07:38,304 INFO     [psi4.driver.task_planner:259] PLANNING Atomic:  keywords={'DAMPING_PERCENTAGE': 1.0, 'GEOM_MAXITER': 500, 'SCF__GUESS': 'READ', 'GUESS': 'SAP', 'MAXITER': 500, 'REFERENCE': 'UKS', 'function_kwargs': {}}
2025-12-23:11:07:38,305 INFO     [psi4.driver.driver:638] Compute gradient(): method=b3lyp, basis=cc-pvdz, molecule=default, nre=20.365586779679226
2025-12-23:11:07:38,598 INFO     [psi4.driver.driver:641] Return gradient(): -149.17295509228666
2025-12-23:11:07:38,598 INFO     [psi4.driver.driver:642] [[ 0.00000000 -0.00006612  0.00000000]
 [-0.00000000  0.00006612  0.00000000]]
2025-12-23:11:07:38,600 INFO     [psi4.optking.history:269] 	Performing BFGS update.
2025-12-23:11:07:38,600 INFO     [psi4.optking.history:280] 	Using 4 previous steps for update.
2025-12-23:11:07:38,600 INFO     [psi4.optking.history:317] 	Steps to be used in Hessian update:  8 7 6 5

2025-12-23:11:07:38,600 INFO     [psi4.optking.history:418] 	Updated Hessian (in au) 
 	   0.284841

2025-12-23:11:07:38,600 INFO     [psi4.optking.molsys:944] Projected (PHP) Hessian matrix
	   0.284841

2025-12-23:11:07:38,600 INFO     [psi4.optking.opt_helper:182] 
	         Geometry (au)                                       Gradient (au)
  -0.0000000000   1.5712780754   0.0000000000		   0.0000000000  -0.0000661180   0.0000000000
   0.0000000000  -1.5712780754   0.0000000000		  -0.0000000000   0.0000661180   0.0000000000

2025-12-23:11:07:38,600 INFO     [psi4.optking.stepAlgorithms:368] 	Current Step Report 
 
	Current energy:      -149.1729550923
	Energy change for the previous step:
		Actual       :        -0.0000004964
		Projected    :        -0.0000004425

2025-12-23:11:07:38,600 INFO     [psi4.optking.stepAlgorithms:371] 	Energy ratio =    1.12192
2025-12-23:11:07:38,600 INFO     [psi4.optking.stepAlgorithms:929] 	Using RFO solution 1.
2025-12-23:11:07:38,600 INFO     [psi4.optking.displace:100] 	Determining Cartesian step for fragment 1.
2025-12-23:11:07:38,601 INFO     [psi4.optking.displace:415] 	Successfully converged to displaced geometry.
2025-12-23:11:07:38,601 INFO     [psi4.optking.displace:416] 	RMS(dx):  0.000e+00 	Max(dx):  0.000e+00 	RMS(dq):  0.000e+00
2025-12-23:11:07:38,601 INFO     [psi4.optking.displace:172] 

	        --- Internal Coordinate Step in ANG or DEG, aJ/ANG or AJ/DEG ---
	-------------------------------------------------------------------------------
	           Coordinate      Previous         Force          Change          New 
	           ----------      --------        ------          ------        ------
	               R(1,2)       1.66297        0.00054        0.00012       1.66309
	-------------------------------------------------------------------------------

2025-12-23:11:07:38,601 INFO     [psi4.optking.stepAlgorithms:113] 	|target step| :    0.0002321226
2025-12-23:11:07:38,601 INFO     [psi4.optking.stepAlgorithms:114] 	gradient     :   -0.0000661180
2025-12-23:11:07:38,601 INFO     [psi4.optking.stepAlgorithms:115] 	hessian      :    0.2848408754
2025-12-23:11:07:38,601 INFO     [psi4.optking.stepAlgorithms:113] 	|target step| :    0.0002321226
2025-12-23:11:07:38,601 INFO     [psi4.optking.stepAlgorithms:114] 	gradient     :   -0.0000661180
2025-12-23:11:07:38,601 INFO     [psi4.optking.stepAlgorithms:115] 	hessian      :    0.2848408754
2025-12-23:11:07:38,601 INFO     [psi4.optking.stepAlgorithms:206] 	Norm of achieved step-size    0.0002321226
2025-12-23:11:07:38,601 INFO     [psi4.optking.stepAlgorithms:208] 	Norm of achieved step-size (cart):    0.0001641355
2025-12-23:11:07:38,601 INFO     [psi4.optking.opt_helper:164] Molsys:

	                            ===> Fragment 1 <== 

	 Z (Atomic Numbers)          Masses                          Geom                  
	       8.000000            15.994915         -0.00000000  1.57139414  0.00000000   
	       8.000000            15.994915          0.00000000 -1.57139414  0.00000000   

	 - Coordinate -           - BOHR/RAD -       - ANG/DEG -
	 R(1,2)           =         3.142788           1.663092

2025-12-23:11:07:38,601 INFO     [psi4.optking.convcheck:76] Performing convergence check.
2025-12-23:11:07:38,601 INFO     [psi4.optking.convcheck:282] 
	                                 ==> Convergence Check <==                                  
    
	Measures of convergence in internal coordinates in au.
    
	Criteria marked as inactive (o), active & met (*), and active & unmet ( ).

	----------------------------------------------------------------------------------------------
	   Step    Total Energy     Delta E     Max Force     RMS Force      Max Disp      RMS Disp   
	----------------------------------------------------------------------------------------------
	  Convergence Criteria     1.00e-06 *    3.00e-04 *             o    1.20e-03 *             o
	----------------------------------------------------------------------------------------------
	     9    -149.17295509   -4.96e-07 *    6.61e-05 *    6.61e-05 o    2.32e-04 *    2.32e-04 o  ~
	----------------------------------------------------------------------------------------------


2025-12-23:11:07:38,601 INFO     [psi4.optking.convcheck:206] 
	                      ===> Final Convergence Report <===                     

	----------------------------------------------------------------------------
	|   Required Criteria    |  One or More Criteria  |   Alternate Criteria   |
	----------------------------------------------------------------------------
	| [x]     max_force      | [x]       max_DE       |                        |
	|                        | [x]      max_disp      |                        |
	----------------------------------------------------------------------------


2025-12-23:11:07:38,601 INFO     [psi4.optking.stepAlgorithms:296] 	Convergence check returned True
2025-12-23:11:07:38,601 INFO     [psi4.optking.optimize:332] 	Converged in 9 steps!
2025-12-23:11:07:38,601 INFO     [psi4.optking.optimize:333] 	Final energy is   -149.1729550922867
2025-12-23:11:07:38,601 INFO     [psi4.optking.optimize:334] 	Final structure (Angstroms): 
	Fragment 1 (Ang)

	    O  -0.0000000000   0.8315459661   0.0000000000
	    O   0.0000000000  -0.8315459661   0.0000000000


2025-12-23:11:07:38,602 INFO     [psi4.optking.optimize:562] 	Optimization Finished

	==> Optimization Summary <==

        
	Measures of convergence in internal coordinates in au. (Any backward steps not shown.)
        
	---------------------------------------------------------------------------------------------------------------  ~
        
	 Step         Total Energy             Delta E       MAX Force       RMS Force        MAX Disp        RMS Disp   ~
        
	---------------------------------------------------------------------------------------------------------------  ~
        
	     1    -148.921864036025   -148.921864036025      0.85177799      0.85177799      0.50000024      0.50000024  ~
	     2    -149.145682502462     -0.223818466437      0.17277885      0.17277885      0.12523514      0.12523514  ~
	     3    -149.162266763061     -0.016584260599      0.09602402      0.09602402      0.15300726      0.15300726  ~
	     4    -149.171569060860     -0.009302297799      0.02993271      0.02993271      0.05810747      0.05810747  ~
	     5    -149.172744922281     -0.001175861421      0.01104237      0.01104237      0.02295181      0.02295181  ~
	     6    -149.172920856050     -0.000175933769      0.00436512      0.00436512      0.00931194      0.00931194  ~
	     7    -149.172949347894     -0.000028491845      0.00177392      0.00177392      0.00458064      0.00458064  ~
	     8    -149.172954595875     -0.000005247981      0.00052354      0.00052354      0.00169031      0.00169031  ~
	     9    -149.172955092287     -0.000000496412      0.00006612      0.00006612      0.00023212      0.00023212  ~
	----------------------------------------------------------------------------------------------------------------


2025-12-23:11:07:38,602 INFO     [psi4.optking.optimize:806] Preparing OptimizationResult
