2025-12-23:10:29:10,169 WARNING  [psi4.optking:38] Some dependencies such as QCElemental have not yet finished migration to pydantic v2. If issues are encountered please downgrade pydantic or upgrade QCElemental as appropriate
2025-12-23:10:29:10,331 INFO     [psi4.optking.optwrapper:234] Creating a UserComputer
2025-12-23:10:29:10,331 INFO     [psi4.optking.optwrapper:242] 
    			-----------------------------------------

    			 OPTKING 3.0: for geometry optimizations 

    			     By R.A. King, Bethel University     

    			        with contributions from          

    			    A.V. Copan, J. Cayton, A. Heide      

    			-----------------------------------------

    
2025-12-23:10:29:10,331 INFO     [psi4.optking.optwrapper:272] 
		 -- Optimization Parameters --
	GEOM_MAXITER                   =             500
	ALG_GEOM_MAXITER               =              50
	PRINT                          =               1
	OPT_TYPE                       =             MIN
	STEP_TYPE                      =             RFO
	PROGRAM                        =            PSI4
	STEEPEST_DESCENT_TYPE          =         OVERLAP
	CONJUGATE_GRADIENT_TYPE        =        FLETCHER
	OPT_COORDINATES                =        INTERNAL
	RFO_FOLLOW_ROOT                =           False
	RFO_ROOT                       =               0
	ACCEPT_SYMMETRY_BREAKING       =           False
	DYNAMIC_LVL                    =               0
	DYNAMIC_LVL_MAX                =               0
	IRC_STEP_SIZE                  =             0.2
	IRC_DIRECTION                  =         FORWARD
	IRC_POINTS                     =              20
	IRC_MODE                       =          NORMAL
	IRC_CONVERGENCE                =            -0.7
	INTRAFRAG_STEP_LIMIT           =             0.5
	INTRAFRAG_STEP_LIMIT_MIN       =           0.001
	INTRAFRAG_STEP_LIMIT_MAX       =             1.0
	INTERFRAG_STEP_LIMIT           =             0.5
	INTERFRAG_STEP_LIMIT_MIN       =           0.001
	INTERFRAG_STEP_LIMIT_MAX       =             1.0
	ENSURE_BT_CONVERGENCE          =           False
	SIMPLE_STEP_SCALING            =           False
	CONSECUTIVE_BACKSTEPS          =               0
	RFO_NORMALIZATION_MAX          =             100
	RSRFO_ALPHA_MAX                =     100000000.0
	PRINT_TRAJECTORY_XYZ_FILE      =           False
	WRITE_TRAJECTORY               =           False
	FROZEN_DISTANCE                =                
	FROZEN_BEND                    =                
	FROZEN_DIHEDRAL                =                
	FROZEN_OOFP                    =                
	FROZEN_CARTESIAN               =                
	FREEZE_ALL_DIHEDRALS           =           False
	UNFREEZE_DIHEDRALS             =                
	RANGED_DISTANCE                =                
	RANGED_BEND                    =                
	RANGED_DIHEDRAL                =                
	RANGED_OOFP                    =                
	RANGED_CARTESIAN               =                
	EXT_FORCE_DISTANCE             =                
	EXT_FORCE_BEND                 =                
	EXT_FORCE_DIHEDRAL             =                
	EXT_FORCE_OOFP                 =                
	EXT_FORCE_CARTESIAN            =                
	G_CONVERGENCE                  =           QCHEM
	MAX_FORCE_G_CONVERGENCE        =          0.0003
	RMS_FORCE_G_CONVERGENCE        =          0.0003
	MAX_ENERGY_G_CONVERGENCE       =           1e-06
	MAX_DISP_G_CONVERGENCE         =          0.0012
	RMS_DISP_G_CONVERGENCE         =          0.0012
	FLEXIBLE_G_CONVERGENCE         =           False
	HESS_UPDATE                    =            BFGS
	HESS_UPDATE_USE_LAST           =               4
	HESS_UPDATE_LIMIT              =            True
	HESS_UPDATE_LIMIT_MAX          =             1.0
	HESS_UPDATE_LIMIT_SCALE        =             0.5
	HESS_UPDATE_DEN_TOL            =           1e-07
	HESS_UPDATE_DQ_TOL             =             0.5
	CART_HESS_READ                 =           False
	HESSIAN_FILE                   =               .
	FULL_HESS_EVERY                =              -1
	INTRAFRAG_HESS                 =        SCHLEGEL
	H_GUESS_EVERY                  =           False
	BT_MAX_ITER                    =              25
	BT_DX_CONV                     =           1e-07
	BT_DX_RMS_CHANGE_CONV          =           1e-12
	BT_PINV_RCOND                  =           1e-06
	FRAG_MODE                      =          SINGLE
	FRAG_REF_ATOMS                 =              []
	FREEZE_INTRAFRAG               =           False
	INTERFRAG_MODE                 =           FIXED
	ADD_AUXILIARY_BONDS            =           False
	AUXILIARY_BOND_FACTOR          =             2.5
	INTERFRAG_DIST_INV             =           False
	INTERFRAG_COLLINEAR_TOL        =            0.01
	INTERFRAG_COORDS               =              []
	INTERFRAG_HESS                 =         DEFAULT
	COVALENT_CONNECT               =             1.3
	INTERFRAGMENT_CONNECT          =             1.8
	H_BOND_CONNECT                 =             4.3
	INCLUDE_OOFP                   =           False
	TEST_B                         =           False
	TEST_DERIVATIVE_B              =           False
	LINESEARCH_STEP                =             0.1
	LINESEARCH                     =           False
	SD_HESSIAN                     =             1.0
	FIX_VAL_NEAR_PI                =            1.57
	V3D_TORS_ANGLE_LIM             =           0.017
	V3D_TORS_COS_TOL               =           1e-10
	LINEAR_BEND_THRESHOLD          =            3.05
	SMALL_BEND_FIX_THRESHOLD       =            0.35
	REDUNDANT_EVAL_TOL             =           1e-10
	LINEAR_ALGEBRA_TOL             =           1e-10


2025-12-23:10:29:10,466 INFO     [psi4.optking.molsys:658] 	Increasing scaling to  1.500 to connect fragments.
2025-12-23:10:29:10,466 INFO     [psi4.optking.molsys:635] 	Connecting fragments with atoms 1 and 2
2025-12-23:10:29:10,466 INFO     [psi4.optking.molsys:654] 	All fragments are connected in connectivity matrix.
2025-12-23:10:29:10,466 INFO     [psi4.optking.molsys:515] 	Consolidating multiple fragments into one for optimization.
2025-12-23:10:29:10,467 INFO     [psi4.optking.opt_helper:164] Molsys:

	                            ===> Fragment 1 <== 

	 Z (Atomic Numbers)          Masses                          Geom                  
	       1.000000             1.007825          0.00000000  0.00000000  2.15343613   
	       9.000000            18.998403          0.00000000  0.00000000 -0.11423522   

	 - Coordinate -           - BOHR/RAD -       - ANG/DEG -
	 R(1,2)           =         2.267671           1.200000

2025-12-23:10:29:10,477 INFO     [psi4.driver.task_planner:259] PLANNING Atomic:  keywords={'DAMPING_PERCENTAGE': 1.0, 'GEOM_MAXITER': 500, 'GUESS': 'SAP', 'MAXITER': 500, 'REFERENCE': 'UKS', 'function_kwargs': {}}
2025-12-23:10:29:10,478 INFO     [psi4.driver.driver:638] Compute gradient(): method=b3lyp, basis=cc-pvdz, molecule=default, nre=3.968829080025001
2025-12-23:10:29:10,794 INFO     [psi4.driver.driver:641] Return gradient(): -98.32720757240125
2025-12-23:10:29:10,794 INFO     [psi4.driver.driver:642] [[-0.00000000  0.00000000 -0.19891548]
 [ 0.00000000 -0.00000000  0.19891430]]
2025-12-23:10:29:10,796 INFO     [psi4.optking.molsys:944] Projected (PHP) Hessian matrix
	   0.246653

2025-12-23:10:29:10,796 INFO     [psi4.optking.opt_helper:182] 
	         Geometry (au)                                       Gradient (au)
   0.0000000000   0.0000000000   2.1534361269		  -0.0000000000   0.0000000000  -0.1989154767
   0.0000000000   0.0000000000  -0.1142352236		   0.0000000000  -0.0000000000   0.1989142979

2025-12-23:10:29:10,796 INFO     [psi4.optking.stepAlgorithms:929] 	Using RFO solution 1.
2025-12-23:10:29:10,797 INFO     [psi4.optking.displace:100] 	Determining Cartesian step for fragment 1.
2025-12-23:10:29:10,797 INFO     [psi4.optking.displace:415] 	Successfully converged to displaced geometry.
2025-12-23:10:29:10,797 INFO     [psi4.optking.displace:416] 	RMS(dx):  1.282e-16 	Max(dx):  2.220e-16 	RMS(dq):  0.000e+00
2025-12-23:10:29:10,797 INFO     [psi4.optking.displace:172] 

	        --- Internal Coordinate Step in ANG or DEG, aJ/ANG or AJ/DEG ---
	-------------------------------------------------------------------------------
	           Coordinate      Previous         Force          Change          New 
	           ----------      --------        ------          ------        ------
	               R(1,2)       1.20000        1.63880        0.26459       1.46459
	-------------------------------------------------------------------------------

2025-12-23:10:29:10,797 INFO     [psi4.optking.stepAlgorithms:113] 	|target step| :    0.5000001854
2025-12-23:10:29:10,797 INFO     [psi4.optking.stepAlgorithms:114] 	gradient     :   -0.1989148873
2025-12-23:10:29:10,797 INFO     [psi4.optking.stepAlgorithms:115] 	hessian      :    0.2466528172
2025-12-23:10:29:10,797 INFO     [psi4.optking.stepAlgorithms:113] 	|target step| :    0.5000001854
2025-12-23:10:29:10,797 INFO     [psi4.optking.stepAlgorithms:114] 	gradient     :   -0.1989148873
2025-12-23:10:29:10,797 INFO     [psi4.optking.stepAlgorithms:115] 	hessian      :    0.2466528172
2025-12-23:10:29:10,797 INFO     [psi4.optking.stepAlgorithms:206] 	Norm of achieved step-size    0.5000001854
2025-12-23:10:29:10,797 INFO     [psi4.optking.stepAlgorithms:208] 	Norm of achieved step-size (cart):    0.3535535217
2025-12-23:10:29:10,797 INFO     [psi4.optking.opt_helper:164] Molsys:

	                            ===> Fragment 1 <== 

	 Z (Atomic Numbers)          Masses                          Geom                  
	       1.000000             1.007825          0.00000000  0.00000000  2.40343622   
	       9.000000            18.998403          0.00000000  0.00000000 -0.36423532   

	 - Coordinate -           - BOHR/RAD -       - ANG/DEG -
	 R(1,2)           =         2.767672           1.464589

2025-12-23:10:29:10,798 INFO     [psi4.optking.convcheck:76] Performing convergence check.
2025-12-23:10:29:10,798 INFO     [psi4.optking.convcheck:282] 
	                                 ==> Convergence Check <==                                  
    
	Measures of convergence in internal coordinates in au.
    
	Criteria marked as inactive (o), active & met (*), and active & unmet ( ).

	----------------------------------------------------------------------------------------------~
	   Step    Total Energy     Delta E     Max Force     RMS Force      Max Disp      RMS Disp   ~
	----------------------------------------------------------------------------------------------~
	  Convergence Criteria     1.00e-06 *    3.00e-04 *             o    1.20e-03 *             o~
	----------------------------------------------------------------------------------------------~
	     1     -98.32720757   -9.83e+01      1.99e-01      1.99e-01 o    5.00e-01      5.00e-01 o  ~
	----------------------------------------------------------------------------------------------


2025-12-23:10:29:10,798 INFO     [psi4.optking.stepAlgorithms:296] 	Convergence check returned False
2025-12-23:10:29:10,809 INFO     [psi4.driver.task_planner:259] PLANNING Atomic:  keywords={'DAMPING_PERCENTAGE': 1.0, 'GEOM_MAXITER': 500, 'SCF__GUESS': 'READ', 'GUESS': 'SAP', 'MAXITER': 500, 'REFERENCE': 'UKS', 'function_kwargs': {}}
2025-12-23:10:29:10,810 INFO     [psi4.driver.driver:638] Compute gradient(): method=b3lyp, basis=cc-pvdz, molecule=default, nre=3.2518309644253867
2025-12-23:10:29:11,57 INFO     [psi4.driver.driver:641] Return gradient(): -98.37707568265375
2025-12-23:10:29:11,57 INFO     [psi4.driver.driver:642] [[-0.00000000  0.00000000 -0.02524754]
 [ 0.00000000  0.00000000  0.02525083]]
2025-12-23:10:29:11,59 INFO     [psi4.optking.history:269] 	Performing BFGS update.
2025-12-23:10:29:11,59 INFO     [psi4.optking.history:280] 	Using 1 previous steps for update.
2025-12-23:10:29:11,59 INFO     [psi4.optking.history:317] 	Steps to be used in Hessian update:  1

2025-12-23:10:29:11,59 INFO     [psi4.optking.history:418] 	Updated Hessian (in au) 
 	   0.347331

2025-12-23:10:29:11,59 INFO     [psi4.optking.molsys:944] Projected (PHP) Hessian matrix
	   0.347331

2025-12-23:10:29:11,59 INFO     [psi4.optking.opt_helper:182] 
	         Geometry (au)                                       Gradient (au)
   0.0000000000   0.0000000000   2.6282485209		  -0.0000000000   0.0000000000  -0.0252475401
   0.0000000000   0.0000000000  -0.1394230151		   0.0000000000   0.0000000000   0.0252508315

2025-12-23:10:29:11,59 INFO     [psi4.optking.stepAlgorithms:368] 	Current Step Report 
 
	Current energy:       -98.3770756827
	Energy change for the previous step:
		Actual       :        -0.0498681103
		Projected    :        -0.0549006763

2025-12-23:10:29:11,59 INFO     [psi4.optking.stepAlgorithms:371] 	Energy ratio =    0.90833
2025-12-23:10:29:11,59 INFO     [psi4.optking.stepAlgorithms:399] 	Energy ratio indicates good step.
2025-12-23:10:29:11,59 INFO     [psi4.optking.stepAlgorithms:400] 	Intrafrag trust radius increased to      1.
2025-12-23:10:29:11,60 INFO     [psi4.optking.stepAlgorithms:929] 	Using RFO solution 1.
2025-12-23:10:29:11,60 INFO     [psi4.optking.displace:100] 	Determining Cartesian step for fragment 1.
2025-12-23:10:29:11,60 INFO     [psi4.optking.displace:415] 	Successfully converged to displaced geometry.
2025-12-23:10:29:11,60 INFO     [psi4.optking.displace:416] 	RMS(dx):  0.000e+00 	Max(dx):  0.000e+00 	RMS(dq):  0.000e+00
2025-12-23:10:29:11,60 INFO     [psi4.optking.displace:172] 

	        --- Internal Coordinate Step in ANG or DEG, aJ/ANG or AJ/DEG ---
	-------------------------------------------------------------------------------
	           Coordinate      Previous         Force          Change          New 
	           ----------      --------        ------          ------        ------
	               R(1,2)       1.46459        0.20802        0.03827       1.50286
	-------------------------------------------------------------------------------

2025-12-23:10:29:11,60 INFO     [psi4.optking.stepAlgorithms:113] 	|target step| :    0.0723146728
2025-12-23:10:29:11,60 INFO     [psi4.optking.stepAlgorithms:114] 	gradient     :   -0.0252491858
2025-12-23:10:29:11,60 INFO     [psi4.optking.stepAlgorithms:115] 	hessian      :    0.3473312742
2025-12-23:10:29:11,60 INFO     [psi4.optking.stepAlgorithms:113] 	|target step| :    0.0723146728
2025-12-23:10:29:11,60 INFO     [psi4.optking.stepAlgorithms:114] 	gradient     :   -0.0252491858
2025-12-23:10:29:11,60 INFO     [psi4.optking.stepAlgorithms:115] 	hessian      :    0.3473312742
2025-12-23:10:29:11,60 INFO     [psi4.optking.stepAlgorithms:206] 	Norm of achieved step-size    0.0723146728
2025-12-23:10:29:11,60 INFO     [psi4.optking.stepAlgorithms:208] 	Norm of achieved step-size (cart):    0.0511341955
2025-12-23:10:29:11,60 INFO     [psi4.optking.opt_helper:164] Molsys:

	                            ===> Fragment 1 <== 

	 Z (Atomic Numbers)          Masses                          Geom                  
	       1.000000             1.007825          0.00000000  0.00000000  2.66440586   
	       9.000000            18.998403          0.00000000  0.00000000 -0.17558035   

	 - Coordinate -           - BOHR/RAD -       - ANG/DEG -
	 R(1,2)           =         2.839986           1.502856

2025-12-23:10:29:11,61 INFO     [psi4.optking.convcheck:76] Performing convergence check.
2025-12-23:10:29:11,61 INFO     [psi4.optking.convcheck:282] 
	                                 ==> Convergence Check <==                                  
    
	Measures of convergence in internal coordinates in au.
    
	Criteria marked as inactive (o), active & met (*), and active & unmet ( ).

	----------------------------------------------------------------------------------------------
	   Step    Total Energy     Delta E     Max Force     RMS Force      Max Disp      RMS Disp   
	----------------------------------------------------------------------------------------------
	  Convergence Criteria     1.00e-06 *    3.00e-04 *             o    1.20e-03 *             o
	----------------------------------------------------------------------------------------------
	     2     -98.37707568   -4.99e-02      2.52e-02      2.52e-02 o    7.23e-02      7.23e-02 o  ~
	----------------------------------------------------------------------------------------------


2025-12-23:10:29:11,61 INFO     [psi4.optking.stepAlgorithms:296] 	Convergence check returned False
2025-12-23:10:29:11,71 INFO     [psi4.driver.task_planner:259] PLANNING Atomic:  keywords={'DAMPING_PERCENTAGE': 1.0, 'GEOM_MAXITER': 500, 'SCF__GUESS': 'READ', 'GUESS': 'SAP', 'MAXITER': 500, 'REFERENCE': 'UKS', 'function_kwargs': {}}
2025-12-23:10:29:11,73 INFO     [psi4.driver.driver:638] Compute gradient(): method=b3lyp, basis=cc-pvdz, molecule=default, nre=3.169029473557414
2025-12-23:10:29:11,331 INFO     [psi4.driver.driver:641] Return gradient(): -98.37837460807842
2025-12-23:10:29:11,331 INFO     [psi4.driver.driver:642] [[-0.00000000 -0.00000000 -0.01105553]
 [ 0.00000000 -0.00000000  0.01105809]]
2025-12-23:10:29:11,333 INFO     [psi4.optking.history:269] 	Performing BFGS update.
2025-12-23:10:29:11,333 INFO     [psi4.optking.history:280] 	Using 2 previous steps for update.
2025-12-23:10:29:11,333 WARNING  [psi4.optking.history:301] 	Change in internal coordinate of 5.72e-01 exceeds limit of 5.00e-01.
2025-12-23:10:29:11,333 WARNING  [psi4.optking.history:306] 	Skipping Hessian update for step 1.
2025-12-23:10:29:11,333 INFO     [psi4.optking.history:317] 	Steps to be used in Hessian update:  2

2025-12-23:10:29:11,333 INFO     [psi4.optking.history:418] 	Updated Hessian (in au) 
 	   0.196259

2025-12-23:10:29:11,333 INFO     [psi4.optking.molsys:944] Projected (PHP) Hessian matrix
	   0.196259

2025-12-23:10:29:11,333 INFO     [psi4.optking.opt_helper:182] 
	         Geometry (au)                                       Gradient (au)
   0.0000000000   0.0000000000   2.6969203012		  -0.0000000000  -0.0000000000  -0.0110555261
   0.0000000000   0.0000000000  -0.1430659075		   0.0000000000  -0.0000000000   0.0110580947

2025-12-23:10:29:11,333 INFO     [psi4.optking.stepAlgorithms:368] 	Current Step Report 
 
	Current energy:       -98.3783746081
	Energy change for the previous step:
		Actual       :        -0.0012989254
		Projected    :        -0.0009129433

2025-12-23:10:29:11,333 INFO     [psi4.optking.stepAlgorithms:371] 	Energy ratio =    1.42279
2025-12-23:10:29:11,333 INFO     [psi4.optking.stepAlgorithms:929] 	Using RFO solution 1.
2025-12-23:10:29:11,333 INFO     [psi4.optking.displace:100] 	Determining Cartesian step for fragment 1.
2025-12-23:10:29:11,334 INFO     [psi4.optking.displace:415] 	Successfully converged to displaced geometry.
2025-12-23:10:29:11,334 INFO     [psi4.optking.displace:416] 	RMS(dx):  0.000e+00 	Max(dx):  0.000e+00 	RMS(dq):  0.000e+00
2025-12-23:10:29:11,334 INFO     [psi4.optking.displace:172] 

	        --- Internal Coordinate Step in ANG or DEG, aJ/ANG or AJ/DEG ---
	-------------------------------------------------------------------------------
	           Coordinate      Previous         Force          Change          New 
	           ----------      --------        ------          ------        ------
	               R(1,2)       1.50286        0.09109        0.02972       1.53257
	-------------------------------------------------------------------------------

2025-12-23:10:29:11,334 INFO     [psi4.optking.stepAlgorithms:113] 	|target step| :    0.0561602817
2025-12-23:10:29:11,334 INFO     [psi4.optking.stepAlgorithms:114] 	gradient     :   -0.0110568104
2025-12-23:10:29:11,334 INFO     [psi4.optking.stepAlgorithms:115] 	hessian      :    0.1962585860
2025-12-23:10:29:11,334 INFO     [psi4.optking.stepAlgorithms:113] 	|target step| :    0.0561602817
2025-12-23:10:29:11,334 INFO     [psi4.optking.stepAlgorithms:114] 	gradient     :   -0.0110568104
2025-12-23:10:29:11,334 INFO     [psi4.optking.stepAlgorithms:115] 	hessian      :    0.1962585860
2025-12-23:10:29:11,334 INFO     [psi4.optking.stepAlgorithms:206] 	Norm of achieved step-size    0.0561602817
2025-12-23:10:29:11,334 INFO     [psi4.optking.stepAlgorithms:208] 	Norm of achieved step-size (cart):    0.0397113160
2025-12-23:10:29:11,334 INFO     [psi4.optking.opt_helper:164] Molsys:

	                            ===> Fragment 1 <== 

	 Z (Atomic Numbers)          Masses                          Geom                  
	       1.000000             1.007825          0.00000000  0.00000000  2.72500044   
	       9.000000            18.998403          0.00000000  0.00000000 -0.17114605   

	 - Coordinate -           - BOHR/RAD -       - ANG/DEG -
	 R(1,2)           =         2.896146           1.532575

2025-12-23:10:29:11,334 INFO     [psi4.optking.convcheck:76] Performing convergence check.
2025-12-23:10:29:11,334 INFO     [psi4.optking.convcheck:282] 
	                                 ==> Convergence Check <==                                  
    
	Measures of convergence in internal coordinates in au.
    
	Criteria marked as inactive (o), active & met (*), and active & unmet ( ).

	----------------------------------------------------------------------------------------------
	   Step    Total Energy     Delta E     Max Force     RMS Force      Max Disp      RMS Disp   
	----------------------------------------------------------------------------------------------
	  Convergence Criteria     1.00e-06 *    3.00e-04 *             o    1.20e-03 *             o
	----------------------------------------------------------------------------------------------
	     3     -98.37837461   -1.30e-03      1.11e-02      1.11e-02 o    5.62e-02      5.62e-02 o  ~
	----------------------------------------------------------------------------------------------


2025-12-23:10:29:11,334 INFO     [psi4.optking.stepAlgorithms:296] 	Convergence check returned False
2025-12-23:10:29:11,345 INFO     [psi4.driver.task_planner:259] PLANNING Atomic:  keywords={'DAMPING_PERCENTAGE': 1.0, 'GEOM_MAXITER': 500, 'SCF__GUESS': 'READ', 'GUESS': 'SAP', 'MAXITER': 500, 'REFERENCE': 'UKS', 'function_kwargs': {}}
2025-12-23:10:29:11,346 INFO     [psi4.driver.driver:638] Compute gradient(): method=b3lyp, basis=cc-pvdz, molecule=default, nre=3.1075776137931084
2025-12-23:10:29:11,607 INFO     [psi4.driver.driver:641] Return gradient(): -98.37872280987105
2025-12-23:10:29:11,608 INFO     [psi4.driver.driver:642] [[-0.00000000  0.00000000 -0.00156412]
 [ 0.00000000 -0.00000000  0.00156495]]
2025-12-23:10:29:11,609 INFO     [psi4.optking.history:269] 	Performing BFGS update.
2025-12-23:10:29:11,609 INFO     [psi4.optking.history:280] 	Using 3 previous steps for update.
2025-12-23:10:29:11,609 WARNING  [psi4.optking.history:301] 	Change in internal coordinate of 6.28e-01 exceeds limit of 5.00e-01.
2025-12-23:10:29:11,609 WARNING  [psi4.optking.history:306] 	Skipping Hessian update for step 1.
2025-12-23:10:29:11,609 INFO     [psi4.optking.history:317] 	Steps to be used in Hessian update:  3 2

2025-12-23:10:29:11,609 INFO     [psi4.optking.history:418] 	Updated Hessian (in au) 
 	   0.184352

2025-12-23:10:29:11,610 INFO     [psi4.optking.molsys:944] Projected (PHP) Hessian matrix
	   0.184352

2025-12-23:10:29:11,610 INFO     [psi4.optking.opt_helper:182] 
	         Geometry (au)                                       Gradient (au)
   0.0000000000   0.0000000000   2.7502514771		  -0.0000000000   0.0000000000  -0.0015641179
   0.0000000000   0.0000000000  -0.1458950134		   0.0000000000  -0.0000000000   0.0015649492

2025-12-23:10:29:11,610 INFO     [psi4.optking.stepAlgorithms:368] 	Current Step Report 
 
	Current energy:       -98.3787228099
	Energy change for the previous step:
		Actual       :        -0.0003482018
		Projected    :        -0.0003104768

2025-12-23:10:29:11,610 INFO     [psi4.optking.stepAlgorithms:371] 	Energy ratio =    1.12151
2025-12-23:10:29:11,610 INFO     [psi4.optking.stepAlgorithms:929] 	Using RFO solution 1.
2025-12-23:10:29:11,610 INFO     [psi4.optking.displace:100] 	Determining Cartesian step for fragment 1.
2025-12-23:10:29:11,610 INFO     [psi4.optking.displace:415] 	Successfully converged to displaced geometry.
2025-12-23:10:29:11,610 INFO     [psi4.optking.displace:416] 	RMS(dx):  1.282e-16 	Max(dx):  2.220e-16 	RMS(dq):  0.000e+00
2025-12-23:10:29:11,610 INFO     [psi4.optking.displace:172] 

	        --- Internal Coordinate Step in ANG or DEG, aJ/ANG or AJ/DEG ---
	-------------------------------------------------------------------------------
	           Coordinate      Previous         Force          Change          New 
	           ----------      --------        ------          ------        ------
	               R(1,2)       1.53257        0.01289        0.00449       1.53707
	-------------------------------------------------------------------------------

2025-12-23:10:29:11,610 INFO     [psi4.optking.stepAlgorithms:113] 	|target step| :    0.0084860399
2025-12-23:10:29:11,610 INFO     [psi4.optking.stepAlgorithms:114] 	gradient     :   -0.0015645336
2025-12-23:10:29:11,610 INFO     [psi4.optking.stepAlgorithms:115] 	hessian      :    0.1843522915
2025-12-23:10:29:11,610 INFO     [psi4.optking.stepAlgorithms:113] 	|target step| :    0.0084860399
2025-12-23:10:29:11,610 INFO     [psi4.optking.stepAlgorithms:114] 	gradient     :   -0.0015645336
2025-12-23:10:29:11,610 INFO     [psi4.optking.stepAlgorithms:115] 	hessian      :    0.1843522915
2025-12-23:10:29:11,610 INFO     [psi4.optking.stepAlgorithms:206] 	Norm of achieved step-size    0.0084860399
2025-12-23:10:29:11,610 INFO     [psi4.optking.stepAlgorithms:208] 	Norm of achieved step-size (cart):    0.0060005363
2025-12-23:10:29:11,610 INFO     [psi4.optking.opt_helper:164] Molsys:

	                            ===> Fragment 1 <== 

	 Z (Atomic Numbers)          Masses                          Geom                  
	       1.000000             1.007825          0.00000000  0.00000000  2.75449450   
	       9.000000            18.998403          0.00000000  0.00000000 -0.15013803   

	 - Coordinate -           - BOHR/RAD -       - ANG/DEG -
	 R(1,2)           =         2.904633           1.537065

2025-12-23:10:29:11,611 INFO     [psi4.optking.convcheck:76] Performing convergence check.
2025-12-23:10:29:11,611 INFO     [psi4.optking.convcheck:282] 
	                                 ==> Convergence Check <==                                  
    
	Measures of convergence in internal coordinates in au.
    
	Criteria marked as inactive (o), active & met (*), and active & unmet ( ).

	----------------------------------------------------------------------------------------------
	   Step    Total Energy     Delta E     Max Force     RMS Force      Max Disp      RMS Disp   
	----------------------------------------------------------------------------------------------
	  Convergence Criteria     1.00e-06 *    3.00e-04 *             o    1.20e-03 *             o
	----------------------------------------------------------------------------------------------
	     4     -98.37872281   -3.48e-04      1.56e-03      1.56e-03 o    8.49e-03      8.49e-03 o  ~
	----------------------------------------------------------------------------------------------


2025-12-23:10:29:11,611 INFO     [psi4.optking.stepAlgorithms:296] 	Convergence check returned False
2025-12-23:10:29:11,621 INFO     [psi4.driver.task_planner:259] PLANNING Atomic:  keywords={'DAMPING_PERCENTAGE': 1.0, 'GEOM_MAXITER': 500, 'SCF__GUESS': 'READ', 'GUESS': 'SAP', 'MAXITER': 500, 'REFERENCE': 'UKS', 'function_kwargs': {}}
2025-12-23:10:29:11,622 INFO     [psi4.driver.driver:638] Compute gradient(): method=b3lyp, basis=cc-pvdz, molecule=default, nre=3.098498658959323
2025-12-23:10:29:11,885 INFO     [psi4.driver.driver:641] Return gradient(): -98.37873042937525
2025-12-23:10:29:11,886 INFO     [psi4.driver.driver:642] [[-0.00000000  0.00000000 -0.00024163]
 [ 0.00000000 -0.00000000  0.00024227]]
2025-12-23:10:29:11,887 INFO     [psi4.optking.history:269] 	Performing BFGS update.
2025-12-23:10:29:11,887 INFO     [psi4.optking.history:280] 	Using 4 previous steps for update.
2025-12-23:10:29:11,887 WARNING  [psi4.optking.history:301] 	Change in internal coordinate of 6.37e-01 exceeds limit of 5.00e-01.
2025-12-23:10:29:11,887 WARNING  [psi4.optking.history:306] 	Skipping Hessian update for step 1.
2025-12-23:10:29:11,887 INFO     [psi4.optking.history:317] 	Steps to be used in Hessian update:  4 3 2

2025-12-23:10:29:11,887 INFO     [psi4.optking.history:418] 	Updated Hessian (in au) 
 	   0.182587

2025-12-23:10:29:11,887 INFO     [psi4.optking.molsys:944] Projected (PHP) Hessian matrix
	   0.182587

2025-12-23:10:29:11,887 INFO     [psi4.optking.opt_helper:182] 
	         Geometry (au)                                       Gradient (au)
   0.0000000000   0.0000000000   2.7583100279		  -0.0000000000   0.0000000000  -0.0002416339
   0.0000000000   0.0000000000  -0.1463225024		   0.0000000000  -0.0000000000   0.0002422731

2025-12-23:10:29:11,887 INFO     [psi4.optking.stepAlgorithms:368] 	Current Step Report 
 
	Current energy:       -98.3787304294
	Energy change for the previous step:
		Actual       :        -0.0000076195
		Projected    :        -0.0000066383

2025-12-23:10:29:11,887 INFO     [psi4.optking.stepAlgorithms:371] 	Energy ratio =    1.14780
2025-12-23:10:29:11,888 INFO     [psi4.optking.stepAlgorithms:929] 	Using RFO solution 1.
2025-12-23:10:29:11,888 INFO     [psi4.optking.displace:100] 	Determining Cartesian step for fragment 1.
2025-12-23:10:29:11,888 INFO     [psi4.optking.displace:415] 	Successfully converged to displaced geometry.
2025-12-23:10:29:11,888 INFO     [psi4.optking.displace:416] 	RMS(dx):  1.282e-16 	Max(dx):  2.220e-16 	RMS(dq):  4.441e-16
2025-12-23:10:29:11,888 INFO     [psi4.optking.displace:172] 

	        --- Internal Coordinate Step in ANG or DEG, aJ/ANG or AJ/DEG ---
	-------------------------------------------------------------------------------
	           Coordinate      Previous         Force          Change          New 
	           ----------      --------        ------          ------        ------
	               R(1,2)       1.53707        0.00199        0.00070       1.53777
	-------------------------------------------------------------------------------

2025-12-23:10:29:11,888 INFO     [psi4.optking.stepAlgorithms:113] 	|target step| :    0.0013251418
2025-12-23:10:29:11,888 INFO     [psi4.optking.stepAlgorithms:114] 	gradient     :   -0.0002419535
2025-12-23:10:29:11,888 INFO     [psi4.optking.stepAlgorithms:115] 	hessian      :    0.1825865275
2025-12-23:10:29:11,888 INFO     [psi4.optking.stepAlgorithms:113] 	|target step| :    0.0013251418
2025-12-23:10:29:11,888 INFO     [psi4.optking.stepAlgorithms:114] 	gradient     :   -0.0002419535
2025-12-23:10:29:11,888 INFO     [psi4.optking.stepAlgorithms:115] 	hessian      :    0.1825865275
2025-12-23:10:29:11,888 INFO     [psi4.optking.stepAlgorithms:206] 	Norm of achieved step-size    0.0013251418
2025-12-23:10:29:11,888 INFO     [psi4.optking.stepAlgorithms:208] 	Norm of achieved step-size (cart):    0.0009370168
2025-12-23:10:29:11,888 INFO     [psi4.optking.opt_helper:164] Molsys:

	                            ===> Fragment 1 <== 

	 Z (Atomic Numbers)          Masses                          Geom                  
	       1.000000             1.007825          0.00000000  0.00000000  2.75897260   
	       9.000000            18.998403          0.00000000  0.00000000 -0.14698507   

	 - Coordinate -           - BOHR/RAD -       - ANG/DEG -
	 R(1,2)           =         2.905958           1.537767

2025-12-23:10:29:11,888 INFO     [psi4.optking.convcheck:76] Performing convergence check.
2025-12-23:10:29:11,888 INFO     [psi4.optking.convcheck:282] 
	                                 ==> Convergence Check <==                                  
    
	Measures of convergence in internal coordinates in au.
    
	Criteria marked as inactive (o), active & met (*), and active & unmet ( ).

	----------------------------------------------------------------------------------------------
	   Step    Total Energy     Delta E     Max Force     RMS Force      Max Disp      RMS Disp   
	----------------------------------------------------------------------------------------------
	  Convergence Criteria     1.00e-06 *    3.00e-04 *             o    1.20e-03 *             o
	----------------------------------------------------------------------------------------------
	     5     -98.37873043   -7.62e-06      2.42e-04 *    2.42e-04 o    1.33e-03      1.33e-03 o  ~
	----------------------------------------------------------------------------------------------


2025-12-23:10:29:11,888 INFO     [psi4.optking.stepAlgorithms:296] 	Convergence check returned False
2025-12-23:10:29:11,898 INFO     [psi4.driver.task_planner:259] PLANNING Atomic:  keywords={'DAMPING_PERCENTAGE': 1.0, 'GEOM_MAXITER': 500, 'SCF__GUESS': 'READ', 'GUESS': 'SAP', 'MAXITER': 500, 'REFERENCE': 'UKS', 'function_kwargs': {}}
2025-12-23:10:29:11,900 INFO     [psi4.driver.driver:638] Compute gradient(): method=b3lyp, basis=cc-pvdz, molecule=default, nre=3.097085716805845
2025-12-23:10:29:12,136 INFO     [psi4.driver.driver:641] Return gradient(): -98.3787306109236
2025-12-23:10:29:12,136 INFO     [psi4.driver.driver:642] [[-0.00000000 -0.00000000 -0.00003772]
 [ 0.00000000  0.00000000  0.00003833]]
2025-12-23:10:29:12,137 INFO     [psi4.optking.history:269] 	Performing BFGS update.
2025-12-23:10:29:12,138 INFO     [psi4.optking.history:280] 	Using 4 previous steps for update.
2025-12-23:10:29:12,138 INFO     [psi4.optking.history:317] 	Steps to be used in Hessian update:  5 4 3 2

2025-12-23:10:29:12,138 INFO     [psi4.optking.history:418] 	Updated Hessian (in au) 
 	   0.182312

2025-12-23:10:29:12,138 INFO     [psi4.optking.molsys:944] Projected (PHP) Hessian matrix
	   0.182312

2025-12-23:10:29:12,138 INFO     [psi4.optking.opt_helper:182] 
	         Geometry (au)                                       Gradient (au)
   0.0000000000   0.0000000000   2.7595684149		  -0.0000000000  -0.0000000000  -0.0000377180
   0.0000000000   0.0000000000  -0.1463892572		   0.0000000000   0.0000000000   0.0000383311

2025-12-23:10:29:12,138 INFO     [psi4.optking.stepAlgorithms:368] 	Current Step Report 
 
	Current energy:       -98.3787306109
	Energy change for the previous step:
		Actual       :        -0.0000001815
		Projected    :        -0.0000001603

2025-12-23:10:29:12,138 INFO     [psi4.optking.stepAlgorithms:371] 	Energy ratio =    1.13247
2025-12-23:10:29:12,138 INFO     [psi4.optking.stepAlgorithms:929] 	Using RFO solution 1.
2025-12-23:10:29:12,138 INFO     [psi4.optking.displace:100] 	Determining Cartesian step for fragment 1.
2025-12-23:10:29:12,139 INFO     [psi4.optking.displace:415] 	Successfully converged to displaced geometry.
2025-12-23:10:29:12,139 INFO     [psi4.optking.displace:416] 	RMS(dx):  0.000e+00 	Max(dx):  0.000e+00 	RMS(dq):  0.000e+00
2025-12-23:10:29:12,139 INFO     [psi4.optking.displace:172] 

	        --- Internal Coordinate Step in ANG or DEG, aJ/ANG or AJ/DEG ---
	-------------------------------------------------------------------------------
	           Coordinate      Previous         Force          Change          New 
	           ----------      --------        ------          ------        ------
	               R(1,2)       1.53777        0.00031        0.00011       1.53788
	-------------------------------------------------------------------------------

2025-12-23:10:29:12,139 INFO     [psi4.optking.stepAlgorithms:113] 	|target step| :    0.0002085691
2025-12-23:10:29:12,139 INFO     [psi4.optking.stepAlgorithms:114] 	gradient     :   -0.0000380246
2025-12-23:10:29:12,139 INFO     [psi4.optking.stepAlgorithms:115] 	hessian      :    0.1823115604
2025-12-23:10:29:12,139 INFO     [psi4.optking.stepAlgorithms:113] 	|target step| :    0.0002085691
2025-12-23:10:29:12,139 INFO     [psi4.optking.stepAlgorithms:114] 	gradient     :   -0.0000380246
2025-12-23:10:29:12,139 INFO     [psi4.optking.stepAlgorithms:115] 	hessian      :    0.1823115604
2025-12-23:10:29:12,139 INFO     [psi4.optking.stepAlgorithms:206] 	Norm of achieved step-size    0.0002085691
2025-12-23:10:29:12,139 INFO     [psi4.optking.stepAlgorithms:208] 	Norm of achieved step-size (cart):    0.0001474806
2025-12-23:10:29:12,139 INFO     [psi4.optking.opt_helper:164] Molsys:

	                            ===> Fragment 1 <== 

	 Z (Atomic Numbers)          Masses                          Geom                  
	       1.000000             1.007825          0.00000000  0.00000000  2.75967270   
	       9.000000            18.998403          0.00000000  0.00000000 -0.14649354   

	 - Coordinate -           - BOHR/RAD -       - ANG/DEG -
	 R(1,2)           =         2.906166           1.537877

2025-12-23:10:29:12,139 INFO     [psi4.optking.convcheck:76] Performing convergence check.
2025-12-23:10:29:12,139 INFO     [psi4.optking.convcheck:282] 
	                                 ==> Convergence Check <==                                  
    
	Measures of convergence in internal coordinates in au.
    
	Criteria marked as inactive (o), active & met (*), and active & unmet ( ).

	----------------------------------------------------------------------------------------------
	   Step    Total Energy     Delta E     Max Force     RMS Force      Max Disp      RMS Disp   
	----------------------------------------------------------------------------------------------
	  Convergence Criteria     1.00e-06 *    3.00e-04 *             o    1.20e-03 *             o
	----------------------------------------------------------------------------------------------
	     6     -98.37873061   -1.82e-07 *    3.80e-05 *    3.80e-05 o    2.09e-04 *    2.09e-04 o  ~
	----------------------------------------------------------------------------------------------


2025-12-23:10:29:12,139 INFO     [psi4.optking.convcheck:206] 
	                      ===> Final Convergence Report <===                     

	----------------------------------------------------------------------------
	|   Required Criteria    |  One or More Criteria  |   Alternate Criteria   |
	----------------------------------------------------------------------------
	| [x]     max_force      | [x]       max_DE       |                        |
	|                        | [x]      max_disp      |                        |
	----------------------------------------------------------------------------


2025-12-23:10:29:12,139 INFO     [psi4.optking.stepAlgorithms:296] 	Convergence check returned True
2025-12-23:10:29:12,139 INFO     [psi4.optking.optimize:332] 	Converged in 6 steps!
2025-12-23:10:29:12,139 INFO     [psi4.optking.optimize:333] 	Final energy is    -98.3787306109236
2025-12-23:10:29:12,139 INFO     [psi4.optking.optimize:334] 	Final structure (Angstroms): 
	Fragment 1 (Ang)

	    H   0.0000000000   0.0000000000   1.4603559015
	    F   0.0000000000   0.0000000000  -0.0775210438


2025-12-23:10:29:12,140 INFO     [psi4.optking.optimize:562] 	Optimization Finished

	==> Optimization Summary <==

        
	Measures of convergence in internal coordinates in au. (Any backward steps not shown.)
        
	---------------------------------------------------------------------------------------------------------------  ~
        
	 Step         Total Energy             Delta E       MAX Force       RMS Force        MAX Disp        RMS Disp   ~
        
	---------------------------------------------------------------------------------------------------------------  ~
        
	     1     -98.327207572401    -98.327207572401      0.19891489      0.19891489      0.50000019      0.50000019  ~
	     2     -98.377075682654     -0.049868110253      0.02524919      0.02524919      0.07231467      0.07231467  ~
	     3     -98.378374608078     -0.001298925425      0.01105681      0.01105681      0.05616028      0.05616028  ~
	     4     -98.378722809871     -0.000348201793      0.00156453      0.00156453      0.00848604      0.00848604  ~
	     5     -98.378730429375     -0.000007619504      0.00024195      0.00024195      0.00132514      0.00132514  ~
	     6     -98.378730610924     -0.000000181548      0.00003802      0.00003802      0.00020857      0.00020857  ~
	----------------------------------------------------------------------------------------------------------------


2025-12-23:10:29:12,140 INFO     [psi4.optking.optimize:806] Preparing OptimizationResult
