2025-12-23:10:34:04,634 WARNING  [psi4.optking:38] Some dependencies such as QCElemental have not yet finished migration to pydantic v2. If issues are encountered please downgrade pydantic or upgrade QCElemental as appropriate
2025-12-23:10:34:04,793 INFO     [psi4.optking.optwrapper:234] Creating a UserComputer
2025-12-23:10:34:04,794 INFO     [psi4.optking.optwrapper:242] 
    			-----------------------------------------

    			 OPTKING 3.0: for geometry optimizations 

    			     By R.A. King, Bethel University     

    			        with contributions from          

    			    A.V. Copan, J. Cayton, A. Heide      

    			-----------------------------------------

    
2025-12-23:10:34:04,794 INFO     [psi4.optking.optwrapper:272] 
		 -- Optimization Parameters --
	GEOM_MAXITER                   =             500
	ALG_GEOM_MAXITER               =              50
	PRINT                          =               1
	OPT_TYPE                       =             MIN
	STEP_TYPE                      =             RFO
	PROGRAM                        =            PSI4
	STEEPEST_DESCENT_TYPE          =         OVERLAP
	CONJUGATE_GRADIENT_TYPE        =        FLETCHER
	OPT_COORDINATES                =        INTERNAL
	RFO_FOLLOW_ROOT                =           False
	RFO_ROOT                       =               0
	ACCEPT_SYMMETRY_BREAKING       =           False
	DYNAMIC_LVL                    =               0
	DYNAMIC_LVL_MAX                =               0
	IRC_STEP_SIZE                  =             0.2
	IRC_DIRECTION                  =         FORWARD
	IRC_POINTS                     =              20
	IRC_MODE                       =          NORMAL
	IRC_CONVERGENCE                =            -0.7
	INTRAFRAG_STEP_LIMIT           =             0.5
	INTRAFRAG_STEP_LIMIT_MIN       =           0.001
	INTRAFRAG_STEP_LIMIT_MAX       =             1.0
	INTERFRAG_STEP_LIMIT           =             0.5
	INTERFRAG_STEP_LIMIT_MIN       =           0.001
	INTERFRAG_STEP_LIMIT_MAX       =             1.0
	ENSURE_BT_CONVERGENCE          =           False
	SIMPLE_STEP_SCALING            =           False
	CONSECUTIVE_BACKSTEPS          =               0
	RFO_NORMALIZATION_MAX          =             100
	RSRFO_ALPHA_MAX                =     100000000.0
	PRINT_TRAJECTORY_XYZ_FILE      =           False
	WRITE_TRAJECTORY               =           False
	FROZEN_DISTANCE                =                
	FROZEN_BEND                    =                
	FROZEN_DIHEDRAL                =                
	FROZEN_OOFP                    =                
	FROZEN_CARTESIAN               =                
	FREEZE_ALL_DIHEDRALS           =           False
	UNFREEZE_DIHEDRALS             =                
	RANGED_DISTANCE                =                
	RANGED_BEND                    =                
	RANGED_DIHEDRAL                =                
	RANGED_OOFP                    =                
	RANGED_CARTESIAN               =                
	EXT_FORCE_DISTANCE             =                
	EXT_FORCE_BEND                 =                
	EXT_FORCE_DIHEDRAL             =                
	EXT_FORCE_OOFP                 =                
	EXT_FORCE_CARTESIAN            =                
	G_CONVERGENCE                  =           QCHEM
	MAX_FORCE_G_CONVERGENCE        =          0.0003
	RMS_FORCE_G_CONVERGENCE        =          0.0003
	MAX_ENERGY_G_CONVERGENCE       =           1e-06
	MAX_DISP_G_CONVERGENCE         =          0.0012
	RMS_DISP_G_CONVERGENCE         =          0.0012
	FLEXIBLE_G_CONVERGENCE         =           False
	HESS_UPDATE                    =            BFGS
	HESS_UPDATE_USE_LAST           =               4
	HESS_UPDATE_LIMIT              =            True
	HESS_UPDATE_LIMIT_MAX          =             1.0
	HESS_UPDATE_LIMIT_SCALE        =             0.5
	HESS_UPDATE_DEN_TOL            =           1e-07
	HESS_UPDATE_DQ_TOL             =             0.5
	CART_HESS_READ                 =           False
	HESSIAN_FILE                   =               .
	FULL_HESS_EVERY                =              -1
	INTRAFRAG_HESS                 =        SCHLEGEL
	H_GUESS_EVERY                  =           False
	BT_MAX_ITER                    =              25
	BT_DX_CONV                     =           1e-07
	BT_DX_RMS_CHANGE_CONV          =           1e-12
	BT_PINV_RCOND                  =           1e-06
	FRAG_MODE                      =          SINGLE
	FRAG_REF_ATOMS                 =              []
	FREEZE_INTRAFRAG               =           False
	INTERFRAG_MODE                 =           FIXED
	ADD_AUXILIARY_BONDS            =           False
	AUXILIARY_BOND_FACTOR          =             2.5
	INTERFRAG_DIST_INV             =           False
	INTERFRAG_COLLINEAR_TOL        =            0.01
	INTERFRAG_COORDS               =              []
	INTERFRAG_HESS                 =         DEFAULT
	COVALENT_CONNECT               =             1.3
	INTERFRAGMENT_CONNECT          =             1.8
	H_BOND_CONNECT                 =             4.3
	INCLUDE_OOFP                   =           False
	TEST_B                         =           False
	TEST_DERIVATIVE_B              =           False
	LINESEARCH_STEP                =             0.1
	LINESEARCH                     =           False
	SD_HESSIAN                     =             1.0
	FIX_VAL_NEAR_PI                =            1.57
	V3D_TORS_ANGLE_LIM             =           0.017
	V3D_TORS_COS_TOL               =           1e-10
	LINEAR_BEND_THRESHOLD          =            3.05
	SMALL_BEND_FIX_THRESHOLD       =            0.35
	REDUNDANT_EVAL_TOL             =           1e-10
	LINEAR_ALGEBRA_TOL             =           1e-10


2025-12-23:10:34:04,929 INFO     [psi4.optking.molsys:658] 	Increasing scaling to  1.500 to connect fragments.
2025-12-23:10:34:04,929 INFO     [psi4.optking.molsys:635] 	Connecting fragments with atoms 1 and 2
2025-12-23:10:34:04,930 INFO     [psi4.optking.molsys:654] 	All fragments are connected in connectivity matrix.
2025-12-23:10:34:04,930 INFO     [psi4.optking.molsys:515] 	Consolidating multiple fragments into one for optimization.
2025-12-23:10:34:04,930 INFO     [psi4.optking.opt_helper:164] Molsys:

	                            ===> Fragment 1 <== 

	 Z (Atomic Numbers)          Masses                          Geom                  
	       2.000000             4.002603          0.00000000  0.00000000  1.87305433   
	       9.000000            18.998403          0.00000000  0.00000000 -0.39461703   

	 - Coordinate -           - BOHR/RAD -       - ANG/DEG -
	 R(1,2)           =         2.267671           1.200000

2025-12-23:10:34:04,940 INFO     [psi4.driver.task_planner:259] PLANNING Atomic:  keywords={'DAMPING_PERCENTAGE': 1.0, 'GEOM_MAXITER': 500, 'GUESS': 'SAP', 'MAXITER': 500, 'REFERENCE': 'UKS', 'function_kwargs': {}}
2025-12-23:10:34:04,942 INFO     [psi4.driver.driver:638] Compute gradient(): method=b3lyp, basis=cc-pvdz, molecule=default, nre=7.937658160050002
2025-12-23:10:34:05,266 INFO     [psi4.driver.driver:641] Return gradient(): -102.4897288621981
2025-12-23:10:34:05,266 INFO     [psi4.driver.driver:642] [[-0.00000000  0.00000000 -0.38276994]
 [ 0.00000000  0.00000000  0.38276984]]
2025-12-23:10:34:05,268 INFO     [psi4.optking.molsys:944] Projected (PHP) Hessian matrix
	   0.246653

2025-12-23:10:34:05,268 INFO     [psi4.optking.opt_helper:182] 
	         Geometry (au)                                       Gradient (au)
   0.0000000000   0.0000000000   1.8730543254		  -0.0000000000   0.0000000000  -0.3827699388
   0.0000000000   0.0000000000  -0.3946170251		   0.0000000000   0.0000000000   0.3827698367

2025-12-23:10:34:05,268 INFO     [psi4.optking.stepAlgorithms:929] 	Using RFO solution 1.
2025-12-23:10:34:05,268 INFO     [psi4.optking.displace:100] 	Determining Cartesian step for fragment 1.
2025-12-23:10:34:05,269 INFO     [psi4.optking.displace:415] 	Successfully converged to displaced geometry.
2025-12-23:10:34:05,269 INFO     [psi4.optking.displace:416] 	RMS(dx):  0.000e+00 	Max(dx):  0.000e+00 	RMS(dq):  0.000e+00
2025-12-23:10:34:05,269 INFO     [psi4.optking.displace:172] 

	        --- Internal Coordinate Step in ANG or DEG, aJ/ANG or AJ/DEG ---
	-------------------------------------------------------------------------------
	           Coordinate      Previous         Force          Change          New 
	           ----------      --------        ------          ------        ------
	               R(1,2)       1.20000        3.15354        0.26459       1.46459
	-------------------------------------------------------------------------------

2025-12-23:10:34:05,269 INFO     [psi4.optking.stepAlgorithms:113] 	|target step| :    0.5000007448
2025-12-23:10:34:05,269 INFO     [psi4.optking.stepAlgorithms:114] 	gradient     :   -0.3827698877
2025-12-23:10:34:05,269 INFO     [psi4.optking.stepAlgorithms:115] 	hessian      :    0.2466528172
2025-12-23:10:34:05,269 INFO     [psi4.optking.stepAlgorithms:113] 	|target step| :    0.5000007448
2025-12-23:10:34:05,269 INFO     [psi4.optking.stepAlgorithms:114] 	gradient     :   -0.3827698877
2025-12-23:10:34:05,269 INFO     [psi4.optking.stepAlgorithms:115] 	hessian      :    0.2466528172
2025-12-23:10:34:05,269 INFO     [psi4.optking.stepAlgorithms:206] 	Norm of achieved step-size    0.5000007448
2025-12-23:10:34:05,269 INFO     [psi4.optking.stepAlgorithms:208] 	Norm of achieved step-size (cart):    0.3535539173
2025-12-23:10:34:05,269 INFO     [psi4.optking.opt_helper:164] Molsys:

	                            ===> Fragment 1 <== 

	 Z (Atomic Numbers)          Masses                          Geom                  
	       2.000000             4.002603          0.00000000  0.00000000  2.12305470   
	       9.000000            18.998403          0.00000000  0.00000000 -0.64461740   

	 - Coordinate -           - BOHR/RAD -       - ANG/DEG -
	 R(1,2)           =         2.767672           1.464589

2025-12-23:10:34:05,269 INFO     [psi4.optking.convcheck:76] Performing convergence check.
2025-12-23:10:34:05,269 INFO     [psi4.optking.convcheck:282] 
	                                 ==> Convergence Check <==                                  
    
	Measures of convergence in internal coordinates in au.
    
	Criteria marked as inactive (o), active & met (*), and active & unmet ( ).

	----------------------------------------------------------------------------------------------~
	   Step    Total Energy     Delta E     Max Force     RMS Force      Max Disp      RMS Disp   ~
	----------------------------------------------------------------------------------------------~
	  Convergence Criteria     1.00e-06 *    3.00e-04 *             o    1.20e-03 *             o~
	----------------------------------------------------------------------------------------------~
	     1    -102.48972886   -1.02e+02      3.83e-01      3.83e-01 o    5.00e-01      5.00e-01 o  ~
	----------------------------------------------------------------------------------------------


2025-12-23:10:34:05,269 INFO     [psi4.optking.stepAlgorithms:296] 	Convergence check returned False
2025-12-23:10:34:05,280 INFO     [psi4.driver.task_planner:259] PLANNING Atomic:  keywords={'DAMPING_PERCENTAGE': 1.0, 'GEOM_MAXITER': 500, 'SCF__GUESS': 'READ', 'GUESS': 'SAP', 'MAXITER': 500, 'REFERENCE': 'UKS', 'function_kwargs': {}}
2025-12-23:10:34:05,281 INFO     [psi4.driver.driver:638] Compute gradient(): method=b3lyp, basis=cc-pvdz, molecule=default, nre=6.503660614292348
2025-12-23:10:34:05,563 INFO     [psi4.driver.driver:641] Return gradient(): -102.6114576249315
2025-12-23:10:34:05,563 INFO     [psi4.driver.driver:642] [[-0.00000000  0.00000000 -0.14210882]
 [-0.00000000  0.00000000  0.14210783]]
2025-12-23:10:34:05,565 INFO     [psi4.optking.history:269] 	Performing BFGS update.
2025-12-23:10:34:05,565 INFO     [psi4.optking.history:280] 	Using 1 previous steps for update.
2025-12-23:10:34:05,565 INFO     [psi4.optking.history:317] 	Steps to be used in Hessian update:  1

2025-12-23:10:34:05,565 INFO     [psi4.optking.history:418] 	Updated Hessian (in au) 
 	   0.481322

2025-12-23:10:34:05,565 INFO     [psi4.optking.molsys:944] Projected (PHP) Hessian matrix
	   0.481322

2025-12-23:10:34:05,565 INFO     [psi4.optking.opt_helper:182] 
	         Geometry (au)                                       Gradient (au)
   0.0000000000   0.0000000000   2.2860456337		  -0.0000000000   0.0000000000  -0.1421088154
   0.0000000000   0.0000000000  -0.4816264617		  -0.0000000000   0.0000000000   0.1421078318

2025-12-23:10:34:05,565 INFO     [psi4.optking.stepAlgorithms:368] 	Current Step Report 
 
	Current energy:      -102.6114576249
	Energy change for the previous step:
		Actual       :        -0.1217287627
		Projected    :        -0.1284427514

2025-12-23:10:34:05,566 INFO     [psi4.optking.stepAlgorithms:371] 	Energy ratio =    0.94773
2025-12-23:10:34:05,566 INFO     [psi4.optking.stepAlgorithms:399] 	Energy ratio indicates good step.
2025-12-23:10:34:05,566 INFO     [psi4.optking.stepAlgorithms:400] 	Intrafrag trust radius increased to      1.
2025-12-23:10:34:05,566 INFO     [psi4.optking.stepAlgorithms:929] 	Using RFO solution 1.
2025-12-23:10:34:05,566 INFO     [psi4.optking.displace:100] 	Determining Cartesian step for fragment 1.
2025-12-23:10:34:05,566 INFO     [psi4.optking.displace:415] 	Successfully converged to displaced geometry.
2025-12-23:10:34:05,566 INFO     [psi4.optking.displace:416] 	RMS(dx):  0.000e+00 	Max(dx):  0.000e+00 	RMS(dq):  0.000e+00
2025-12-23:10:34:05,566 INFO     [psi4.optking.displace:172] 

	        --- Internal Coordinate Step in ANG or DEG, aJ/ANG or AJ/DEG ---
	-------------------------------------------------------------------------------
	           Coordinate      Previous         Force          Change          New 
	           ----------      --------        ------          ------        ------
	               R(1,2)       1.46459        1.17079        0.14458       1.60916
	-------------------------------------------------------------------------------

2025-12-23:10:34:05,566 INFO     [psi4.optking.stepAlgorithms:113] 	|target step| :    0.2732077386
2025-12-23:10:34:05,566 INFO     [psi4.optking.stepAlgorithms:114] 	gradient     :   -0.1421083236
2025-12-23:10:34:05,566 INFO     [psi4.optking.stepAlgorithms:115] 	hessian      :    0.4813224112
2025-12-23:10:34:05,566 INFO     [psi4.optking.stepAlgorithms:113] 	|target step| :    0.2732077386
2025-12-23:10:34:05,566 INFO     [psi4.optking.stepAlgorithms:114] 	gradient     :   -0.1421083236
2025-12-23:10:34:05,566 INFO     [psi4.optking.stepAlgorithms:115] 	hessian      :    0.4813224112
2025-12-23:10:34:05,566 INFO     [psi4.optking.stepAlgorithms:206] 	Norm of achieved step-size    0.2732077386
2025-12-23:10:34:05,566 INFO     [psi4.optking.stepAlgorithms:208] 	Norm of achieved step-size (cart):    0.1931870447
2025-12-23:10:34:05,566 INFO     [psi4.optking.opt_helper:164] Molsys:

	                            ===> Fragment 1 <== 

	 Z (Atomic Numbers)          Masses                          Geom                  
	       2.000000             4.002603          0.00000000  0.00000000  2.42264950   
	       9.000000            18.998403          0.00000000  0.00000000 -0.61823033   

	 - Coordinate -           - BOHR/RAD -       - ANG/DEG -
	 R(1,2)           =         3.040880           1.609164

2025-12-23:10:34:05,567 INFO     [psi4.optking.convcheck:76] Performing convergence check.
2025-12-23:10:34:05,567 INFO     [psi4.optking.convcheck:282] 
	                                 ==> Convergence Check <==                                  
    
	Measures of convergence in internal coordinates in au.
    
	Criteria marked as inactive (o), active & met (*), and active & unmet ( ).

	----------------------------------------------------------------------------------------------
	   Step    Total Energy     Delta E     Max Force     RMS Force      Max Disp      RMS Disp   
	----------------------------------------------------------------------------------------------
	  Convergence Criteria     1.00e-06 *    3.00e-04 *             o    1.20e-03 *             o
	----------------------------------------------------------------------------------------------
	     2    -102.61145762   -1.22e-01      1.42e-01      1.42e-01 o    2.73e-01      2.73e-01 o  ~
	----------------------------------------------------------------------------------------------


2025-12-23:10:34:05,567 INFO     [psi4.optking.stepAlgorithms:296] 	Convergence check returned False
2025-12-23:10:34:05,577 INFO     [psi4.driver.task_planner:259] PLANNING Atomic:  keywords={'DAMPING_PERCENTAGE': 1.0, 'GEOM_MAXITER': 500, 'SCF__GUESS': 'READ', 'GUESS': 'SAP', 'MAXITER': 500, 'REFERENCE': 'UKS', 'function_kwargs': {}}
2025-12-23:10:34:05,578 INFO     [psi4.driver.driver:638] Compute gradient(): method=b3lyp, basis=cc-pvdz, molecule=default, nre=5.9193394617664605
2025-12-23:10:34:05,836 INFO     [psi4.driver.driver:641] Return gradient(): -102.64131922646872
2025-12-23:10:34:05,836 INFO     [psi4.driver.driver:642] [[-0.00000000  0.00000000 -0.08185361]
 [ 0.00000000  0.00000000  0.08185345]]
2025-12-23:10:34:05,838 INFO     [psi4.optking.history:269] 	Performing BFGS update.
2025-12-23:10:34:05,838 INFO     [psi4.optking.history:280] 	Using 2 previous steps for update.
2025-12-23:10:34:05,838 WARNING  [psi4.optking.history:301] 	Change in internal coordinate of 7.73e-01 exceeds limit of 5.00e-01.
2025-12-23:10:34:05,838 WARNING  [psi4.optking.history:306] 	Skipping Hessian update for step 1.
2025-12-23:10:34:05,838 INFO     [psi4.optking.history:317] 	Steps to be used in Hessian update:  2

2025-12-23:10:34:05,838 INFO     [psi4.optking.history:418] 	Updated Hessian (in au) 
 	   0.220546

2025-12-23:10:34:05,838 INFO     [psi4.optking.molsys:944] Projected (PHP) Hessian matrix
	   0.220546

2025-12-23:10:34:05,838 INFO     [psi4.optking.opt_helper:182] 
	         Geometry (au)                                       Gradient (au)
   0.0000000000   0.0000000000   2.5117101404		  -0.0000000000   0.0000000000  -0.0818536112
   0.0000000000   0.0000000000  -0.5291696936		   0.0000000000   0.0000000000   0.0818534462

2025-12-23:10:34:05,838 INFO     [psi4.optking.stepAlgorithms:368] 	Current Step Report 
 
	Current energy:      -102.6413192265
	Energy change for the previous step:
		Actual       :        -0.0298616015
		Projected    :        -0.0194125469

2025-12-23:10:34:05,838 INFO     [psi4.optking.stepAlgorithms:371] 	Energy ratio =    1.53826
2025-12-23:10:34:05,839 INFO     [psi4.optking.stepAlgorithms:929] 	Using RFO solution 1.
2025-12-23:10:34:05,839 INFO     [psi4.optking.displace:100] 	Determining Cartesian step for fragment 1.
2025-12-23:10:34:05,839 INFO     [psi4.optking.displace:415] 	Successfully converged to displaced geometry.
2025-12-23:10:34:05,839 INFO     [psi4.optking.displace:416] 	RMS(dx):  1.282e-16 	Max(dx):  2.220e-16 	RMS(dq):  0.000e+00
2025-12-23:10:34:05,839 INFO     [psi4.optking.displace:172] 

	        --- Internal Coordinate Step in ANG or DEG, aJ/ANG or AJ/DEG ---
	-------------------------------------------------------------------------------
	           Coordinate      Previous         Force          Change          New 
	           ----------      --------        ------          ------        ------
	               R(1,2)       1.60916        0.67437        0.17494       1.78410
	-------------------------------------------------------------------------------

2025-12-23:10:34:05,839 INFO     [psi4.optking.stepAlgorithms:113] 	|target step| :    0.3305811550
2025-12-23:10:34:05,839 INFO     [psi4.optking.stepAlgorithms:114] 	gradient     :   -0.0818535287
2025-12-23:10:34:05,839 INFO     [psi4.optking.stepAlgorithms:115] 	hessian      :    0.2205457109
2025-12-23:10:34:05,839 INFO     [psi4.optking.stepAlgorithms:113] 	|target step| :    0.3305811550
2025-12-23:10:34:05,839 INFO     [psi4.optking.stepAlgorithms:114] 	gradient     :   -0.0818535287
2025-12-23:10:34:05,839 INFO     [psi4.optking.stepAlgorithms:115] 	hessian      :    0.2205457109
2025-12-23:10:34:05,839 INFO     [psi4.optking.stepAlgorithms:206] 	Norm of achieved step-size    0.3305811550
2025-12-23:10:34:05,839 INFO     [psi4.optking.stepAlgorithms:208] 	Norm of achieved step-size (cart):    0.2337561764
2025-12-23:10:34:05,839 INFO     [psi4.optking.opt_helper:164] Molsys:

	                            ===> Fragment 1 <== 

	 Z (Atomic Numbers)          Masses                          Geom                  
	       2.000000             4.002603          0.00000000  0.00000000  2.67700072   
	       9.000000            18.998403          0.00000000  0.00000000 -0.69446027   

	 - Coordinate -           - BOHR/RAD -       - ANG/DEG -
	 R(1,2)           =         3.371461           1.784100

2025-12-23:10:34:05,839 INFO     [psi4.optking.convcheck:76] Performing convergence check.
2025-12-23:10:34:05,840 INFO     [psi4.optking.convcheck:282] 
	                                 ==> Convergence Check <==                                  
    
	Measures of convergence in internal coordinates in au.
    
	Criteria marked as inactive (o), active & met (*), and active & unmet ( ).

	----------------------------------------------------------------------------------------------
	   Step    Total Energy     Delta E     Max Force     RMS Force      Max Disp      RMS Disp   
	----------------------------------------------------------------------------------------------
	  Convergence Criteria     1.00e-06 *    3.00e-04 *             o    1.20e-03 *             o
	----------------------------------------------------------------------------------------------
	     3    -102.64131923   -2.99e-02      8.19e-02      8.19e-02 o    3.31e-01      3.31e-01 o  ~
	----------------------------------------------------------------------------------------------


2025-12-23:10:34:05,840 INFO     [psi4.optking.stepAlgorithms:296] 	Convergence check returned False
2025-12-23:10:34:05,850 INFO     [psi4.driver.task_planner:259] PLANNING Atomic:  keywords={'DAMPING_PERCENTAGE': 1.0, 'GEOM_MAXITER': 500, 'SCF__GUESS': 'READ', 'GUESS': 'SAP', 'MAXITER': 500, 'REFERENCE': 'UKS', 'function_kwargs': {}}
2025-12-23:10:34:05,851 INFO     [psi4.driver.driver:638] Compute gradient(): method=b3lyp, basis=cc-pvdz, molecule=default, nre=5.338931715008163
2025-12-23:10:34:06,101 INFO     [psi4.driver.driver:641] Return gradient(): -102.66095985115301
2025-12-23:10:34:06,101 INFO     [psi4.driver.driver:642] [[-0.00000000  0.00000000 -0.04132679]
 [ 0.00000000 -0.00000000  0.04133283]]
2025-12-23:10:34:06,103 INFO     [psi4.optking.history:269] 	Performing BFGS update.
2025-12-23:10:34:06,103 INFO     [psi4.optking.history:280] 	Using 3 previous steps for update.
2025-12-23:10:34:06,103 WARNING  [psi4.optking.history:301] 	Change in internal coordinate of 6.04e-01 exceeds limit of 5.00e-01.
2025-12-23:10:34:06,103 WARNING  [psi4.optking.history:306] 	Skipping Hessian update for step 2.
2025-12-23:10:34:06,103 WARNING  [psi4.optking.history:301] 	Change in internal coordinate of 1.10e+00 exceeds limit of 5.00e-01.
2025-12-23:10:34:06,103 WARNING  [psi4.optking.history:306] 	Skipping Hessian update for step 1.
2025-12-23:10:34:06,103 INFO     [psi4.optking.history:317] 	Steps to be used in Hessian update:  3

2025-12-23:10:34:06,103 INFO     [psi4.optking.history:418] 	Updated Hessian (in au) 
 	   0.122583

2025-12-23:10:34:06,103 INFO     [psi4.optking.molsys:944] Projected (PHP) Hessian matrix
	   0.122583

2025-12-23:10:34:06,103 INFO     [psi4.optking.opt_helper:182] 
	         Geometry (au)                                       Gradient (au)
   0.0000000000   0.0000000000   2.7847640210		  -0.0000000000   0.0000000000  -0.0413267934
   0.0000000000   0.0000000000  -0.5866969680		   0.0000000000  -0.0000000000   0.0413328274

2025-12-23:10:34:06,103 INFO     [psi4.optking.stepAlgorithms:368] 	Current Step Report 
 
	Current energy:      -102.6609598512
	Energy change for the previous step:
		Actual       :        -0.0196406247
		Projected    :        -0.0135296170

2025-12-23:10:34:06,103 INFO     [psi4.optking.stepAlgorithms:371] 	Energy ratio =    1.45168
2025-12-23:10:34:06,104 INFO     [psi4.optking.stepAlgorithms:929] 	Using RFO solution 1.
2025-12-23:10:34:06,104 INFO     [psi4.optking.displace:100] 	Determining Cartesian step for fragment 1.
2025-12-23:10:34:06,104 INFO     [psi4.optking.displace:415] 	Successfully converged to displaced geometry.
2025-12-23:10:34:06,104 INFO     [psi4.optking.displace:416] 	RMS(dx):  0.000e+00 	Max(dx):  0.000e+00 	RMS(dq):  0.000e+00
2025-12-23:10:34:06,104 INFO     [psi4.optking.displace:172] 

	        --- Internal Coordinate Step in ANG or DEG, aJ/ANG or AJ/DEG ---
	-------------------------------------------------------------------------------
	           Coordinate      Previous         Force          Change          New 
	           ----------      --------        ------          ------        ------
	               R(1,2)       1.78410        0.34050        0.16175       1.94585
	-------------------------------------------------------------------------------

2025-12-23:10:34:06,104 INFO     [psi4.optking.stepAlgorithms:113] 	|target step| :    0.3056576041
2025-12-23:10:34:06,104 INFO     [psi4.optking.stepAlgorithms:114] 	gradient     :   -0.0413298104
2025-12-23:10:34:06,104 INFO     [psi4.optking.stepAlgorithms:115] 	hessian      :    0.1225832678
2025-12-23:10:34:06,104 INFO     [psi4.optking.stepAlgorithms:113] 	|target step| :    0.3056576041
2025-12-23:10:34:06,104 INFO     [psi4.optking.stepAlgorithms:114] 	gradient     :   -0.0413298104
2025-12-23:10:34:06,104 INFO     [psi4.optking.stepAlgorithms:115] 	hessian      :    0.1225832678
2025-12-23:10:34:06,104 INFO     [psi4.optking.stepAlgorithms:206] 	Norm of achieved step-size    0.3056576041
2025-12-23:10:34:06,104 INFO     [psi4.optking.stepAlgorithms:208] 	Norm of achieved step-size (cart):    0.2161325646
2025-12-23:10:34:06,104 INFO     [psi4.optking.opt_helper:164] Molsys:

	                            ===> Fragment 1 <== 

	 Z (Atomic Numbers)          Masses                          Geom                  
	       2.000000             4.002603          0.00000000  0.00000000  2.93759282   
	       9.000000            18.998403          0.00000000  0.00000000 -0.73952577   

	 - Coordinate -           - BOHR/RAD -       - ANG/DEG -
	 R(1,2)           =         3.677119           1.945847

2025-12-23:10:34:06,104 INFO     [psi4.optking.convcheck:76] Performing convergence check.
2025-12-23:10:34:06,105 INFO     [psi4.optking.convcheck:282] 
	                                 ==> Convergence Check <==                                  
    
	Measures of convergence in internal coordinates in au.
    
	Criteria marked as inactive (o), active & met (*), and active & unmet ( ).

	----------------------------------------------------------------------------------------------
	   Step    Total Energy     Delta E     Max Force     RMS Force      Max Disp      RMS Disp   
	----------------------------------------------------------------------------------------------
	  Convergence Criteria     1.00e-06 *    3.00e-04 *             o    1.20e-03 *             o
	----------------------------------------------------------------------------------------------
	     4    -102.66095985   -1.96e-02      4.13e-02      4.13e-02 o    3.06e-01      3.06e-01 o  ~
	----------------------------------------------------------------------------------------------


2025-12-23:10:34:06,105 INFO     [psi4.optking.stepAlgorithms:296] 	Convergence check returned False
2025-12-23:10:34:06,115 INFO     [psi4.driver.task_planner:259] PLANNING Atomic:  keywords={'DAMPING_PERCENTAGE': 1.0, 'GEOM_MAXITER': 500, 'SCF__GUESS': 'READ', 'GUESS': 'SAP', 'MAXITER': 500, 'REFERENCE': 'UKS', 'function_kwargs': {}}
2025-12-23:10:34:06,116 INFO     [psi4.driver.driver:638] Compute gradient(): method=b3lyp, basis=cc-pvdz, molecule=default, nre=4.8951371962280845
2025-12-23:10:34:06,372 INFO     [psi4.driver.driver:641] Return gradient(): -102.67021973751174
2025-12-23:10:34:06,372 INFO     [psi4.driver.driver:642] [[ 0.00000000 -0.00000000 -0.02121457]
 [ 0.00000000  0.00000000  0.02121887]]
2025-12-23:10:34:06,374 INFO     [psi4.optking.history:269] 	Performing BFGS update.
2025-12-23:10:34:06,374 INFO     [psi4.optking.history:280] 	Using 4 previous steps for update.
2025-12-23:10:34:06,374 WARNING  [psi4.optking.history:301] 	Change in internal coordinate of 6.36e-01 exceeds limit of 5.00e-01.
2025-12-23:10:34:06,374 WARNING  [psi4.optking.history:306] 	Skipping Hessian update for step 3.
2025-12-23:10:34:06,374 WARNING  [psi4.optking.history:301] 	Change in internal coordinate of 9.09e-01 exceeds limit of 5.00e-01.
2025-12-23:10:34:06,374 WARNING  [psi4.optking.history:306] 	Skipping Hessian update for step 2.
2025-12-23:10:34:06,374 WARNING  [psi4.optking.history:301] 	Change in internal coordinate of 1.41e+00 exceeds limit of 5.00e-01.
2025-12-23:10:34:06,374 WARNING  [psi4.optking.history:306] 	Skipping Hessian update for step 1.
2025-12-23:10:34:06,374 INFO     [psi4.optking.history:317] 	Steps to be used in Hessian update:  4

2025-12-23:10:34:06,374 INFO     [psi4.optking.history:418] 	Updated Hessian (in au) 
 	   0.065803

2025-12-23:10:34:06,374 INFO     [psi4.optking.molsys:944] Projected (PHP) Hessian matrix
	   0.065803

2025-12-23:10:34:06,374 INFO     [psi4.optking.opt_helper:182] 
	         Geometry (au)                                       Gradient (au)
   0.0000000000   0.0000000000   3.0372315125		   0.0000000000  -0.0000000000  -0.0212145733
   0.0000000000   0.0000000000  -0.6398870806		   0.0000000000   0.0000000000   0.0212188694

2025-12-23:10:34:06,374 INFO     [psi4.optking.stepAlgorithms:368] 	Current Step Report 
 
	Current energy:      -102.6702197375
	Energy change for the previous step:
		Actual       :        -0.0092598864
		Projected    :        -0.0063163854

2025-12-23:10:34:06,375 INFO     [psi4.optking.stepAlgorithms:371] 	Energy ratio =    1.46601
2025-12-23:10:34:06,375 INFO     [psi4.optking.stepAlgorithms:929] 	Using RFO solution 1.
2025-12-23:10:34:06,375 INFO     [psi4.optking.displace:100] 	Determining Cartesian step for fragment 1.
2025-12-23:10:34:06,375 INFO     [psi4.optking.displace:415] 	Successfully converged to displaced geometry.
2025-12-23:10:34:06,375 INFO     [psi4.optking.displace:416] 	RMS(dx):  0.000e+00 	Max(dx):  0.000e+00 	RMS(dq):  0.000e+00
2025-12-23:10:34:06,375 INFO     [psi4.optking.displace:172] 

	        --- Internal Coordinate Step in ANG or DEG, aJ/ANG or AJ/DEG ---
	-------------------------------------------------------------------------------
	           Coordinate      Previous         Force          Change          New 
	           ----------      --------        ------          ------        ------
	               R(1,2)       1.94585        0.17480        0.15583       2.10167
	-------------------------------------------------------------------------------

2025-12-23:10:34:06,375 INFO     [psi4.optking.stepAlgorithms:113] 	|target step| :    0.2944706388
2025-12-23:10:34:06,375 INFO     [psi4.optking.stepAlgorithms:114] 	gradient     :   -0.0212167214
2025-12-23:10:34:06,375 INFO     [psi4.optking.stepAlgorithms:115] 	hessian      :    0.0658026784
2025-12-23:10:34:06,375 INFO     [psi4.optking.stepAlgorithms:113] 	|target step| :    0.2944706388
2025-12-23:10:34:06,375 INFO     [psi4.optking.stepAlgorithms:114] 	gradient     :   -0.0212167214
2025-12-23:10:34:06,375 INFO     [psi4.optking.stepAlgorithms:115] 	hessian      :    0.0658026784
2025-12-23:10:34:06,375 INFO     [psi4.optking.stepAlgorithms:206] 	Norm of achieved step-size    0.2944706388
2025-12-23:10:34:06,375 INFO     [psi4.optking.stepAlgorithms:208] 	Norm of achieved step-size (cart):    0.2082221856
2025-12-23:10:34:06,375 INFO     [psi4.optking.opt_helper:164] Molsys:

	                            ===> Fragment 1 <== 

	 Z (Atomic Numbers)          Masses                          Geom                  
	       2.000000             4.002603          0.00000000  0.00000000  3.18446683   
	       9.000000            18.998403          0.00000000  0.00000000 -0.78712240   

	 - Coordinate -           - BOHR/RAD -       - ANG/DEG -
	 R(1,2)           =         3.971589           2.101675

2025-12-23:10:34:06,376 INFO     [psi4.optking.convcheck:76] Performing convergence check.
2025-12-23:10:34:06,376 INFO     [psi4.optking.convcheck:282] 
	                                 ==> Convergence Check <==                                  
    
	Measures of convergence in internal coordinates in au.
    
	Criteria marked as inactive (o), active & met (*), and active & unmet ( ).

	----------------------------------------------------------------------------------------------
	   Step    Total Energy     Delta E     Max Force     RMS Force      Max Disp      RMS Disp   
	----------------------------------------------------------------------------------------------
	  Convergence Criteria     1.00e-06 *    3.00e-04 *             o    1.20e-03 *             o
	----------------------------------------------------------------------------------------------
	     5    -102.67021974   -9.26e-03      2.12e-02      2.12e-02 o    2.94e-01      2.94e-01 o  ~
	----------------------------------------------------------------------------------------------


2025-12-23:10:34:06,376 INFO     [psi4.optking.stepAlgorithms:296] 	Convergence check returned False
2025-12-23:10:34:06,386 INFO     [psi4.driver.task_planner:259] PLANNING Atomic:  keywords={'DAMPING_PERCENTAGE': 1.0, 'GEOM_MAXITER': 500, 'SCF__GUESS': 'READ', 'GUESS': 'SAP', 'MAXITER': 500, 'REFERENCE': 'UKS', 'function_kwargs': {}}
2025-12-23:10:34:06,387 INFO     [psi4.driver.driver:638] Compute gradient(): method=b3lyp, basis=cc-pvdz, molecule=default, nre=4.532190755127657
2025-12-23:10:34:06,656 INFO     [psi4.driver.driver:641] Return gradient(): -102.67471395233132
2025-12-23:10:34:06,656 INFO     [psi4.driver.driver:642] [[ 0.00000000  0.00000000 -0.01032939]
 [-0.00000000 -0.00000000  0.01032885]]
2025-12-23:10:34:06,658 INFO     [psi4.optking.history:269] 	Performing BFGS update.
2025-12-23:10:34:06,658 INFO     [psi4.optking.history:280] 	Using 4 previous steps for update.
2025-12-23:10:34:06,658 WARNING  [psi4.optking.history:301] 	Change in internal coordinate of 6.00e-01 exceeds limit of 5.00e-01.
2025-12-23:10:34:06,658 WARNING  [psi4.optking.history:306] 	Skipping Hessian update for step 4.
2025-12-23:10:34:06,658 WARNING  [psi4.optking.history:301] 	Change in internal coordinate of 9.31e-01 exceeds limit of 5.00e-01.
2025-12-23:10:34:06,658 WARNING  [psi4.optking.history:306] 	Skipping Hessian update for step 3.
2025-12-23:10:34:06,658 WARNING  [psi4.optking.history:301] 	Change in internal coordinate of 1.20e+00 exceeds limit of 5.00e-01.
2025-12-23:10:34:06,658 WARNING  [psi4.optking.history:306] 	Skipping Hessian update for step 2.
2025-12-23:10:34:06,658 WARNING  [psi4.optking.history:301] 	Change in internal coordinate of 1.70e+00 exceeds limit of 5.00e-01.
2025-12-23:10:34:06,658 WARNING  [psi4.optking.history:306] 	Skipping Hessian update for step 1.
2025-12-23:10:34:06,658 INFO     [psi4.optking.history:317] 	Steps to be used in Hessian update:  5

2025-12-23:10:34:06,658 INFO     [psi4.optking.history:418] 	Updated Hessian (in au) 
 	   0.036973

2025-12-23:10:34:06,658 INFO     [psi4.optking.molsys:944] Projected (PHP) Hessian matrix
	   0.036973

2025-12-23:10:34:06,658 INFO     [psi4.optking.opt_helper:182] 
	         Geometry (au)                                       Gradient (au)
   0.0000000000   0.0000000000   3.2804587789		   0.0000000000   0.0000000000  -0.0103293905
   0.0000000000   0.0000000000  -0.6911304530		  -0.0000000000  -0.0000000000   0.0103288515

2025-12-23:10:34:06,658 INFO     [psi4.optking.stepAlgorithms:368] 	Current Step Report 
 
	Current energy:      -102.6747139523
	Energy change for the previous step:
		Actual       :        -0.0044942148
		Projected    :        -0.0031238508

2025-12-23:10:34:06,658 INFO     [psi4.optking.stepAlgorithms:371] 	Energy ratio =    1.43868
2025-12-23:10:34:06,658 INFO     [psi4.optking.stepAlgorithms:929] 	Using RFO solution 1.
2025-12-23:10:34:06,659 INFO     [psi4.optking.displace:100] 	Determining Cartesian step for fragment 1.
2025-12-23:10:34:06,659 INFO     [psi4.optking.displace:415] 	Successfully converged to displaced geometry.
2025-12-23:10:34:06,659 INFO     [psi4.optking.displace:416] 	RMS(dx):  2.564e-16 	Max(dx):  4.441e-16 	RMS(dq):  8.882e-16
2025-12-23:10:34:06,659 INFO     [psi4.optking.displace:172] 

	        --- Internal Coordinate Step in ANG or DEG, aJ/ANG or AJ/DEG ---
	-------------------------------------------------------------------------------
	           Coordinate      Previous         Force          Change          New 
	           ----------      --------        ------          ------        ------
	               R(1,2)       2.10167        0.08510        0.13781       2.23948
	-------------------------------------------------------------------------------

2025-12-23:10:34:06,659 INFO     [psi4.optking.stepAlgorithms:113] 	|target step| :    0.2604196344
2025-12-23:10:34:06,659 INFO     [psi4.optking.stepAlgorithms:114] 	gradient     :   -0.0103291210
2025-12-23:10:34:06,659 INFO     [psi4.optking.stepAlgorithms:115] 	hessian      :    0.0369734668
2025-12-23:10:34:06,659 INFO     [psi4.optking.stepAlgorithms:113] 	|target step| :    0.2604196344
2025-12-23:10:34:06,659 INFO     [psi4.optking.stepAlgorithms:114] 	gradient     :   -0.0103291210
2025-12-23:10:34:06,659 INFO     [psi4.optking.stepAlgorithms:115] 	hessian      :    0.0369734668
2025-12-23:10:34:06,659 INFO     [psi4.optking.stepAlgorithms:206] 	Norm of achieved step-size    0.2604196344
2025-12-23:10:34:06,659 INFO     [psi4.optking.stepAlgorithms:208] 	Norm of achieved step-size (cart):    0.1841444894
2025-12-23:10:34:06,659 INFO     [psi4.optking.opt_helper:164] Molsys:

	                            ===> Fragment 1 <== 

	 Z (Atomic Numbers)          Masses                          Geom                  
	       2.000000             4.002603          0.00000000  0.00000000  3.41066860   
	       9.000000            18.998403          0.00000000  0.00000000 -0.82134027   

	 - Coordinate -           - BOHR/RAD -       - ANG/DEG -
	 R(1,2)           =         4.232009           2.239483

2025-12-23:10:34:06,659 INFO     [psi4.optking.convcheck:76] Performing convergence check.
2025-12-23:10:34:06,659 INFO     [psi4.optking.convcheck:282] 
	                                 ==> Convergence Check <==                                  
    
	Measures of convergence in internal coordinates in au.
    
	Criteria marked as inactive (o), active & met (*), and active & unmet ( ).

	----------------------------------------------------------------------------------------------
	   Step    Total Energy     Delta E     Max Force     RMS Force      Max Disp      RMS Disp   
	----------------------------------------------------------------------------------------------
	  Convergence Criteria     1.00e-06 *    3.00e-04 *             o    1.20e-03 *             o
	----------------------------------------------------------------------------------------------
	     6    -102.67471395   -4.49e-03      1.03e-02      1.03e-02 o    2.60e-01      2.60e-01 o  ~
	----------------------------------------------------------------------------------------------


2025-12-23:10:34:06,659 INFO     [psi4.optking.stepAlgorithms:296] 	Convergence check returned False
2025-12-23:10:34:06,669 INFO     [psi4.driver.task_planner:259] PLANNING Atomic:  keywords={'DAMPING_PERCENTAGE': 1.0, 'GEOM_MAXITER': 500, 'SCF__GUESS': 'READ', 'GUESS': 'SAP', 'MAXITER': 500, 'REFERENCE': 'UKS', 'function_kwargs': {}}
2025-12-23:10:34:06,671 INFO     [psi4.driver.driver:638] Compute gradient(): method=b3lyp, basis=cc-pvdz, molecule=default, nre=4.25329921765456
2025-12-23:10:34:06,944 INFO     [psi4.driver.driver:641] Return gradient(): -102.67662165387017
2025-12-23:10:34:06,944 INFO     [psi4.driver.driver:642] [[ 0.00000000  0.00000000 -0.00481991]
 [ 0.00000000  0.00000000  0.00481760]]
2025-12-23:10:34:06,946 INFO     [psi4.optking.history:269] 	Performing BFGS update.
2025-12-23:10:34:06,946 INFO     [psi4.optking.history:280] 	Using 4 previous steps for update.
2025-12-23:10:34:06,946 WARNING  [psi4.optking.history:301] 	Change in internal coordinate of 5.55e-01 exceeds limit of 5.00e-01.
2025-12-23:10:34:06,946 WARNING  [psi4.optking.history:306] 	Skipping Hessian update for step 5.
2025-12-23:10:34:06,946 WARNING  [psi4.optking.history:301] 	Change in internal coordinate of 8.61e-01 exceeds limit of 5.00e-01.
2025-12-23:10:34:06,946 WARNING  [psi4.optking.history:306] 	Skipping Hessian update for step 4.
2025-12-23:10:34:06,946 WARNING  [psi4.optking.history:301] 	Change in internal coordinate of 1.19e+00 exceeds limit of 5.00e-01.
2025-12-23:10:34:06,946 WARNING  [psi4.optking.history:306] 	Skipping Hessian update for step 3.
2025-12-23:10:34:06,946 WARNING  [psi4.optking.history:301] 	Change in internal coordinate of 1.46e+00 exceeds limit of 5.00e-01.
2025-12-23:10:34:06,946 WARNING  [psi4.optking.history:306] 	Skipping Hessian update for step 2.
2025-12-23:10:34:06,946 WARNING  [psi4.optking.history:301] 	Change in internal coordinate of 1.96e+00 exceeds limit of 5.00e-01.
2025-12-23:10:34:06,946 WARNING  [psi4.optking.history:306] 	Skipping Hessian update for step 1.
2025-12-23:10:34:06,946 INFO     [psi4.optking.history:317] 	Steps to be used in Hessian update:  6

2025-12-23:10:34:06,946 INFO     [psi4.optking.history:418] 	Updated Hessian (in au) 
 	   0.021160

2025-12-23:10:34:06,946 INFO     [psi4.optking.molsys:944] Projected (PHP) Hessian matrix
	   0.021160

2025-12-23:10:34:06,946 INFO     [psi4.optking.opt_helper:182] 
	         Geometry (au)                                       Gradient (au)
   0.0000000000   0.0000000000   3.4955605495		   0.0000000000   0.0000000000  -0.0048199120
   0.0000000000   0.0000000000  -0.7364483168		   0.0000000000   0.0000000000   0.0048175967

2025-12-23:10:34:06,946 INFO     [psi4.optking.stepAlgorithms:368] 	Current Step Report 
 
	Current energy:      -102.6766216539
	Energy change for the previous step:
		Actual       :        -0.0019077015
		Projected    :        -0.0013449530

2025-12-23:10:34:06,946 INFO     [psi4.optking.stepAlgorithms:371] 	Energy ratio =    1.41842
2025-12-23:10:34:06,946 INFO     [psi4.optking.stepAlgorithms:929] 	Using RFO solution 1.
2025-12-23:10:34:06,947 INFO     [psi4.optking.displace:100] 	Determining Cartesian step for fragment 1.
2025-12-23:10:34:06,947 INFO     [psi4.optking.displace:415] 	Successfully converged to displaced geometry.
2025-12-23:10:34:06,947 INFO     [psi4.optking.displace:416] 	RMS(dx):  0.000e+00 	Max(dx):  0.000e+00 	RMS(dq):  0.000e+00
2025-12-23:10:34:06,947 INFO     [psi4.optking.displace:172] 

	        --- Internal Coordinate Step in ANG or DEG, aJ/ANG or AJ/DEG ---
	-------------------------------------------------------------------------------
	           Coordinate      Previous         Force          Change          New 
	           ----------      --------        ------          ------        ------
	               R(1,2)       2.23948        0.03970        0.11484       2.35432
	-------------------------------------------------------------------------------

2025-12-23:10:34:06,947 INFO     [psi4.optking.stepAlgorithms:113] 	|target step| :    0.2170093780
2025-12-23:10:34:06,947 INFO     [psi4.optking.stepAlgorithms:114] 	gradient     :   -0.0048187544
2025-12-23:10:34:06,947 INFO     [psi4.optking.stepAlgorithms:115] 	hessian      :    0.0211595668
2025-12-23:10:34:06,947 INFO     [psi4.optking.stepAlgorithms:113] 	|target step| :    0.2170093780
2025-12-23:10:34:06,947 INFO     [psi4.optking.stepAlgorithms:114] 	gradient     :   -0.0048187544
2025-12-23:10:34:06,947 INFO     [psi4.optking.stepAlgorithms:115] 	hessian      :    0.0211595668
2025-12-23:10:34:06,947 INFO     [psi4.optking.stepAlgorithms:206] 	Norm of achieved step-size    0.2170093780
2025-12-23:10:34:06,947 INFO     [psi4.optking.stepAlgorithms:208] 	Norm of achieved step-size (cart):    0.1534488027
2025-12-23:10:34:06,947 INFO     [psi4.optking.opt_helper:164] Molsys:

	                            ===> Fragment 1 <== 

	 Z (Atomic Numbers)          Masses                          Geom                  
	       2.000000             4.002603          0.00000000  0.00000000  3.60406524   
	       9.000000            18.998403          0.00000000  0.00000000 -0.84495301   

	 - Coordinate -           - BOHR/RAD -       - ANG/DEG -
	 R(1,2)           =         4.449018           2.354319

2025-12-23:10:34:06,947 INFO     [psi4.optking.convcheck:76] Performing convergence check.
2025-12-23:10:34:06,947 INFO     [psi4.optking.convcheck:282] 
	                                 ==> Convergence Check <==                                  
    
	Measures of convergence in internal coordinates in au.
    
	Criteria marked as inactive (o), active & met (*), and active & unmet ( ).

	----------------------------------------------------------------------------------------------
	   Step    Total Energy     Delta E     Max Force     RMS Force      Max Disp      RMS Disp   
	----------------------------------------------------------------------------------------------
	  Convergence Criteria     1.00e-06 *    3.00e-04 *             o    1.20e-03 *             o
	----------------------------------------------------------------------------------------------
	     7    -102.67662165   -1.91e-03      4.82e-03      4.82e-03 o    2.17e-01      2.17e-01 o  ~
	----------------------------------------------------------------------------------------------


2025-12-23:10:34:06,947 INFO     [psi4.optking.stepAlgorithms:296] 	Convergence check returned False
2025-12-23:10:34:06,958 INFO     [psi4.driver.task_planner:259] PLANNING Atomic:  keywords={'DAMPING_PERCENTAGE': 1.0, 'GEOM_MAXITER': 500, 'SCF__GUESS': 'READ', 'GUESS': 'SAP', 'MAXITER': 500, 'REFERENCE': 'UKS', 'function_kwargs': {}}
2025-12-23:10:34:06,959 INFO     [psi4.driver.driver:638] Compute gradient(): method=b3lyp, basis=cc-pvdz, molecule=default, nre=4.045836409712863
2025-12-23:10:34:07,220 INFO     [psi4.driver.driver:641] Return gradient(): -102.67735104916144
2025-12-23:10:34:07,220 INFO     [psi4.driver.driver:642] [[ 0.00000000  0.00000000 -0.00213169]
 [ 0.00000000  0.00000000  0.00213156]]
2025-12-23:10:34:07,222 INFO     [psi4.optking.history:269] 	Performing BFGS update.
2025-12-23:10:34:07,222 INFO     [psi4.optking.history:280] 	Using 4 previous steps for update.
2025-12-23:10:34:07,222 WARNING  [psi4.optking.history:301] 	Change in internal coordinate of 7.72e-01 exceeds limit of 5.00e-01.
2025-12-23:10:34:07,222 WARNING  [psi4.optking.history:306] 	Skipping Hessian update for step 5.
2025-12-23:10:34:07,222 WARNING  [psi4.optking.history:301] 	Change in internal coordinate of 1.08e+00 exceeds limit of 5.00e-01.
2025-12-23:10:34:07,222 WARNING  [psi4.optking.history:306] 	Skipping Hessian update for step 4.
2025-12-23:10:34:07,222 WARNING  [psi4.optking.history:301] 	Change in internal coordinate of 1.41e+00 exceeds limit of 5.00e-01.
2025-12-23:10:34:07,222 WARNING  [psi4.optking.history:306] 	Skipping Hessian update for step 3.
2025-12-23:10:34:07,222 WARNING  [psi4.optking.history:301] 	Change in internal coordinate of 1.68e+00 exceeds limit of 5.00e-01.
2025-12-23:10:34:07,222 WARNING  [psi4.optking.history:306] 	Skipping Hessian update for step 2.
2025-12-23:10:34:07,222 WARNING  [psi4.optking.history:301] 	Change in internal coordinate of 2.18e+00 exceeds limit of 5.00e-01.
2025-12-23:10:34:07,222 WARNING  [psi4.optking.history:306] 	Skipping Hessian update for step 1.
2025-12-23:10:34:07,222 INFO     [psi4.optking.history:317] 	Steps to be used in Hessian update:  7 6

2025-12-23:10:34:07,222 INFO     [psi4.optking.history:418] 	Updated Hessian (in au) 
 	   0.017170

2025-12-23:10:34:07,222 INFO     [psi4.optking.molsys:944] Projected (PHP) Hessian matrix
	   0.017170

2025-12-23:10:34:07,222 INFO     [psi4.optking.opt_helper:182] 
	         Geometry (au)                                       Gradient (au)
   0.0000000000   0.0000000000   3.6748062563		   0.0000000000   0.0000000000  -0.0021316888
   0.0000000000   0.0000000000  -0.7742119879		   0.0000000000   0.0000000000   0.0021315581

2025-12-23:10:34:07,222 INFO     [psi4.optking.stepAlgorithms:368] 	Current Step Report 
 
	Current energy:      -102.6773510492
	Energy change for the previous step:
		Actual       :        -0.0007293953
		Projected    :        -0.0005228574

2025-12-23:10:34:07,222 INFO     [psi4.optking.stepAlgorithms:371] 	Energy ratio =    1.39502
2025-12-23:10:34:07,222 INFO     [psi4.optking.stepAlgorithms:929] 	Using RFO solution 1.
2025-12-23:10:34:07,223 INFO     [psi4.optking.displace:100] 	Determining Cartesian step for fragment 1.
2025-12-23:10:34:07,223 INFO     [psi4.optking.displace:415] 	Successfully converged to displaced geometry.
2025-12-23:10:34:07,223 INFO     [psi4.optking.displace:416] 	RMS(dx):  0.000e+00 	Max(dx):  0.000e+00 	RMS(dq):  0.000e+00
2025-12-23:10:34:07,223 INFO     [psi4.optking.displace:172] 

	        --- Internal Coordinate Step in ANG or DEG, aJ/ANG or AJ/DEG ---
	-------------------------------------------------------------------------------
	           Coordinate      Previous         Force          Change          New 
	           ----------      --------        ------          ------        ------
	               R(1,2)       2.35432        0.01756        0.06471       2.41903
	-------------------------------------------------------------------------------

2025-12-23:10:34:07,223 INFO     [psi4.optking.stepAlgorithms:113] 	|target step| :    0.1222908743
2025-12-23:10:34:07,223 INFO     [psi4.optking.stepAlgorithms:114] 	gradient     :   -0.0021316235
2025-12-23:10:34:07,223 INFO     [psi4.optking.stepAlgorithms:115] 	hessian      :    0.0171700867
2025-12-23:10:34:07,223 INFO     [psi4.optking.stepAlgorithms:113] 	|target step| :    0.1222908743
2025-12-23:10:34:07,223 INFO     [psi4.optking.stepAlgorithms:114] 	gradient     :   -0.0021316235
2025-12-23:10:34:07,223 INFO     [psi4.optking.stepAlgorithms:115] 	hessian      :    0.0171700867
2025-12-23:10:34:07,223 INFO     [psi4.optking.stepAlgorithms:206] 	Norm of achieved step-size    0.1222908743
2025-12-23:10:34:07,223 INFO     [psi4.optking.stepAlgorithms:208] 	Norm of achieved step-size (cart):    0.0864727065
2025-12-23:10:34:07,223 INFO     [psi4.optking.opt_helper:164] Molsys:

	                            ===> Fragment 1 <== 

	 Z (Atomic Numbers)          Masses                          Geom                  
	       2.000000             4.002603          0.00000000  0.00000000  3.73595169   
	       9.000000            18.998403          0.00000000  0.00000000 -0.83535743   

	 - Coordinate -           - BOHR/RAD -       - ANG/DEG -
	 R(1,2)           =         4.571309           2.419033

2025-12-23:10:34:07,223 INFO     [psi4.optking.convcheck:76] Performing convergence check.
2025-12-23:10:34:07,223 INFO     [psi4.optking.convcheck:282] 
	                                 ==> Convergence Check <==                                  
    
	Measures of convergence in internal coordinates in au.
    
	Criteria marked as inactive (o), active & met (*), and active & unmet ( ).

	----------------------------------------------------------------------------------------------
	   Step    Total Energy     Delta E     Max Force     RMS Force      Max Disp      RMS Disp   
	----------------------------------------------------------------------------------------------
	  Convergence Criteria     1.00e-06 *    3.00e-04 *             o    1.20e-03 *             o
	----------------------------------------------------------------------------------------------
	     8    -102.67735105   -7.29e-04      2.13e-03      2.13e-03 o    1.22e-01      1.22e-01 o  ~
	----------------------------------------------------------------------------------------------


2025-12-23:10:34:07,223 INFO     [psi4.optking.stepAlgorithms:296] 	Convergence check returned False
2025-12-23:10:34:07,234 INFO     [psi4.driver.task_planner:259] PLANNING Atomic:  keywords={'DAMPING_PERCENTAGE': 1.0, 'GEOM_MAXITER': 500, 'SCF__GUESS': 'READ', 'GUESS': 'SAP', 'MAXITER': 500, 'REFERENCE': 'UKS', 'function_kwargs': {}}
2025-12-23:10:34:07,235 INFO     [psi4.driver.driver:638] Compute gradient(): method=b3lyp, basis=cc-pvdz, molecule=default, nre=3.9376028908116893
2025-12-23:10:34:07,474 INFO     [psi4.driver.driver:641] Return gradient(): -102.67754847620486
2025-12-23:10:34:07,475 INFO     [psi4.driver.driver:642] [[-0.00000000  0.00000000 -0.00115405]
 [-0.00000000  0.00000000  0.00114732]]
2025-12-23:10:34:07,476 INFO     [psi4.optking.history:269] 	Performing BFGS update.
2025-12-23:10:34:07,477 INFO     [psi4.optking.history:280] 	Using 4 previous steps for update.
2025-12-23:10:34:07,477 WARNING  [psi4.optking.history:301] 	Change in internal coordinate of 6.00e-01 exceeds limit of 5.00e-01.
2025-12-23:10:34:07,477 WARNING  [psi4.optking.history:306] 	Skipping Hessian update for step 6.
2025-12-23:10:34:07,477 WARNING  [psi4.optking.history:301] 	Change in internal coordinate of 8.94e-01 exceeds limit of 5.00e-01.
2025-12-23:10:34:07,477 WARNING  [psi4.optking.history:306] 	Skipping Hessian update for step 5.
2025-12-23:10:34:07,477 WARNING  [psi4.optking.history:301] 	Change in internal coordinate of 1.20e+00 exceeds limit of 5.00e-01.
2025-12-23:10:34:07,477 WARNING  [psi4.optking.history:306] 	Skipping Hessian update for step 4.
2025-12-23:10:34:07,477 WARNING  [psi4.optking.history:301] 	Change in internal coordinate of 1.53e+00 exceeds limit of 5.00e-01.
2025-12-23:10:34:07,477 WARNING  [psi4.optking.history:306] 	Skipping Hessian update for step 3.
2025-12-23:10:34:07,477 WARNING  [psi4.optking.history:301] 	Change in internal coordinate of 1.80e+00 exceeds limit of 5.00e-01.
2025-12-23:10:34:07,477 WARNING  [psi4.optking.history:306] 	Skipping Hessian update for step 2.
2025-12-23:10:34:07,477 WARNING  [psi4.optking.history:301] 	Change in internal coordinate of 2.30e+00 exceeds limit of 5.00e-01.
2025-12-23:10:34:07,477 WARNING  [psi4.optking.history:306] 	Skipping Hessian update for step 1.
2025-12-23:10:34:07,477 INFO     [psi4.optking.history:317] 	Steps to be used in Hessian update:  8 7

2025-12-23:10:34:07,477 INFO     [psi4.optking.history:418] 	Updated Hessian (in au) 
 	   0.010811

2025-12-23:10:34:07,477 INFO     [psi4.optking.molsys:944] Projected (PHP) Hessian matrix
	   0.010811

2025-12-23:10:34:07,477 INFO     [psi4.optking.opt_helper:182] 
	         Geometry (au)                                       Gradient (au)
   0.0000000000   0.0000000000   3.7758162422		  -0.0000000000   0.0000000000  -0.0011540502
   0.0000000000   0.0000000000  -0.7954928764		  -0.0000000000   0.0000000000   0.0011473223

2025-12-23:10:34:07,477 INFO     [psi4.optking.stepAlgorithms:368] 	Current Step Report 
 
	Current energy:      -102.6775484762
	Energy change for the previous step:
		Actual       :        -0.0001974270
		Projected    :        -0.0001303390

2025-12-23:10:34:07,477 INFO     [psi4.optking.stepAlgorithms:371] 	Energy ratio =    1.51472
2025-12-23:10:34:07,478 INFO     [psi4.optking.stepAlgorithms:929] 	Using RFO solution 1.
2025-12-23:10:34:07,478 INFO     [psi4.optking.displace:100] 	Determining Cartesian step for fragment 1.
2025-12-23:10:34:07,478 INFO     [psi4.optking.displace:415] 	Successfully converged to displaced geometry.
2025-12-23:10:34:07,478 INFO     [psi4.optking.displace:416] 	RMS(dx):  0.000e+00 	Max(dx):  0.000e+00 	RMS(dq):  0.000e+00
2025-12-23:10:34:07,478 INFO     [psi4.optking.displace:172] 

	        --- Internal Coordinate Step in ANG or DEG, aJ/ANG or AJ/DEG ---
	-------------------------------------------------------------------------------
	           Coordinate      Previous         Force          Change          New 
	           ----------      --------        ------          ------        ------
	               R(1,2)       2.41903        0.00948        0.05570       2.47473
	-------------------------------------------------------------------------------

2025-12-23:10:34:07,478 INFO     [psi4.optking.stepAlgorithms:113] 	|target step| :    0.1052603924
2025-12-23:10:34:07,478 INFO     [psi4.optking.stepAlgorithms:114] 	gradient     :   -0.0011506863
2025-12-23:10:34:07,478 INFO     [psi4.optking.stepAlgorithms:115] 	hessian      :    0.0108106849
2025-12-23:10:34:07,478 INFO     [psi4.optking.stepAlgorithms:113] 	|target step| :    0.1052603924
2025-12-23:10:34:07,478 INFO     [psi4.optking.stepAlgorithms:114] 	gradient     :   -0.0011506863
2025-12-23:10:34:07,478 INFO     [psi4.optking.stepAlgorithms:115] 	hessian      :    0.0108106849
2025-12-23:10:34:07,478 INFO     [psi4.optking.stepAlgorithms:206] 	Norm of achieved step-size    0.1052603924
2025-12-23:10:34:07,478 INFO     [psi4.optking.stepAlgorithms:208] 	Norm of achieved step-size (cart):    0.0744303372
2025-12-23:10:34:07,478 INFO     [psi4.optking.opt_helper:164] Molsys:

	                            ===> Fragment 1 <== 

	 Z (Atomic Numbers)          Masses                          Geom                  
	       2.000000             4.002603          0.00000000  0.00000000  3.82844644   
	       9.000000            18.998403          0.00000000  0.00000000 -0.84812307   

	 - Coordinate -           - BOHR/RAD -       - ANG/DEG -
	 R(1,2)           =         4.676570           2.474734

2025-12-23:10:34:07,478 INFO     [psi4.optking.convcheck:76] Performing convergence check.
2025-12-23:10:34:07,478 INFO     [psi4.optking.convcheck:282] 
	                                 ==> Convergence Check <==                                  
    
	Measures of convergence in internal coordinates in au.
    
	Criteria marked as inactive (o), active & met (*), and active & unmet ( ).

	----------------------------------------------------------------------------------------------
	   Step    Total Energy     Delta E     Max Force     RMS Force      Max Disp      RMS Disp   
	----------------------------------------------------------------------------------------------
	  Convergence Criteria     1.00e-06 *    3.00e-04 *             o    1.20e-03 *             o
	----------------------------------------------------------------------------------------------
	     9    -102.67754848   -1.97e-04      1.15e-03      1.15e-03 o    1.05e-01      1.05e-01 o  ~
	----------------------------------------------------------------------------------------------


2025-12-23:10:34:07,478 INFO     [psi4.optking.stepAlgorithms:296] 	Convergence check returned False
2025-12-23:10:34:07,489 INFO     [psi4.driver.task_planner:259] PLANNING Atomic:  keywords={'DAMPING_PERCENTAGE': 1.0, 'GEOM_MAXITER': 500, 'SCF__GUESS': 'READ', 'GUESS': 'SAP', 'MAXITER': 500, 'REFERENCE': 'UKS', 'function_kwargs': {}}
2025-12-23:10:34:07,491 INFO     [psi4.driver.driver:638] Compute gradient(): method=b3lyp, basis=cc-pvdz, molecule=default, nre=3.848975185320765
2025-12-23:10:34:07,733 INFO     [psi4.driver.driver:641] Return gradient(): -102.6776356867718
2025-12-23:10:34:07,734 INFO     [psi4.driver.driver:642] [[ 0.00000000  0.00000000 -0.00053922]
 [ 0.00000000  0.00000000  0.00053520]]
2025-12-23:10:34:07,735 INFO     [psi4.optking.history:269] 	Performing BFGS update.
2025-12-23:10:34:07,735 INFO     [psi4.optking.history:280] 	Using 4 previous steps for update.
2025-12-23:10:34:07,735 WARNING  [psi4.optking.history:301] 	Change in internal coordinate of 7.05e-01 exceeds limit of 5.00e-01.
2025-12-23:10:34:07,735 WARNING  [psi4.optking.history:306] 	Skipping Hessian update for step 6.
2025-12-23:10:34:07,735 WARNING  [psi4.optking.history:301] 	Change in internal coordinate of 9.99e-01 exceeds limit of 5.00e-01.
2025-12-23:10:34:07,735 WARNING  [psi4.optking.history:306] 	Skipping Hessian update for step 5.
2025-12-23:10:34:07,735 WARNING  [psi4.optking.history:301] 	Change in internal coordinate of 1.31e+00 exceeds limit of 5.00e-01.
2025-12-23:10:34:07,735 WARNING  [psi4.optking.history:306] 	Skipping Hessian update for step 4.
2025-12-23:10:34:07,735 WARNING  [psi4.optking.history:301] 	Change in internal coordinate of 1.64e+00 exceeds limit of 5.00e-01.
2025-12-23:10:34:07,735 WARNING  [psi4.optking.history:306] 	Skipping Hessian update for step 3.
2025-12-23:10:34:07,735 WARNING  [psi4.optking.history:301] 	Change in internal coordinate of 1.91e+00 exceeds limit of 5.00e-01.
2025-12-23:10:34:07,735 WARNING  [psi4.optking.history:306] 	Skipping Hessian update for step 2.
2025-12-23:10:34:07,736 WARNING  [psi4.optking.history:301] 	Change in internal coordinate of 2.41e+00 exceeds limit of 5.00e-01.
2025-12-23:10:34:07,736 WARNING  [psi4.optking.history:306] 	Skipping Hessian update for step 1.
2025-12-23:10:34:07,736 INFO     [psi4.optking.history:317] 	Steps to be used in Hessian update:  9 8 7

2025-12-23:10:34:07,736 INFO     [psi4.optking.history:418] 	Updated Hessian (in au) 
 	   0.009631

2025-12-23:10:34:07,736 INFO     [psi4.optking.molsys:944] Projected (PHP) Hessian matrix
	   0.009631

2025-12-23:10:34:07,736 INFO     [psi4.optking.opt_helper:182] 
	         Geometry (au)                                       Gradient (au)
   0.0000000000   0.0000000000   3.8627593670		   0.0000000000   0.0000000000  -0.0005392247
   0.0000000000   0.0000000000  -0.8138101439		   0.0000000000   0.0000000000   0.0005351963

2025-12-23:10:34:07,736 INFO     [psi4.optking.stepAlgorithms:368] 	Current Step Report 
 
	Current energy:      -102.6776356868
	Energy change for the previous step:
		Actual       :        -0.0000872106
		Projected    :        -0.0000605608

2025-12-23:10:34:07,736 INFO     [psi4.optking.stepAlgorithms:371] 	Energy ratio =    1.44005
2025-12-23:10:34:07,736 INFO     [psi4.optking.stepAlgorithms:929] 	Using RFO solution 1.
2025-12-23:10:34:07,736 INFO     [psi4.optking.displace:100] 	Determining Cartesian step for fragment 1.
2025-12-23:10:34:07,736 INFO     [psi4.optking.displace:415] 	Successfully converged to displaced geometry.
2025-12-23:10:34:07,736 INFO     [psi4.optking.displace:416] 	RMS(dx):  0.000e+00 	Max(dx):  0.000e+00 	RMS(dq):  0.000e+00
2025-12-23:10:34:07,736 INFO     [psi4.optking.displace:172] 

	        --- Internal Coordinate Step in ANG or DEG, aJ/ANG or AJ/DEG ---
	-------------------------------------------------------------------------------
	           Coordinate      Previous         Force          Change          New 
	           ----------      --------        ------          ------        ------
	               R(1,2)       2.47473        0.00443        0.02943       2.50416
	-------------------------------------------------------------------------------

2025-12-23:10:34:07,736 INFO     [psi4.optking.stepAlgorithms:113] 	|target step| :    0.0556070856
2025-12-23:10:34:07,736 INFO     [psi4.optking.stepAlgorithms:114] 	gradient     :   -0.0005372105
2025-12-23:10:34:07,736 INFO     [psi4.optking.stepAlgorithms:115] 	hessian      :    0.0096309557
2025-12-23:10:34:07,736 INFO     [psi4.optking.stepAlgorithms:113] 	|target step| :    0.0556070856
2025-12-23:10:34:07,737 INFO     [psi4.optking.stepAlgorithms:114] 	gradient     :   -0.0005372105
2025-12-23:10:34:07,737 INFO     [psi4.optking.stepAlgorithms:115] 	hessian      :    0.0096309557
2025-12-23:10:34:07,737 INFO     [psi4.optking.stepAlgorithms:206] 	Norm of achieved step-size    0.0556070856
2025-12-23:10:34:07,737 INFO     [psi4.optking.stepAlgorithms:208] 	Norm of achieved step-size (cart):    0.0393201473
2025-12-23:10:34:07,737 INFO     [psi4.optking.opt_helper:164] Molsys:

	                            ===> Fragment 1 <== 

	 Z (Atomic Numbers)          Masses                          Geom                  
	       2.000000             4.002603          0.00000000  0.00000000  3.89056291   
	       9.000000            18.998403          0.00000000  0.00000000 -0.84161369   

	 - Coordinate -           - BOHR/RAD -       - ANG/DEG -
	 R(1,2)           =         4.732177           2.504160

2025-12-23:10:34:07,737 INFO     [psi4.optking.convcheck:76] Performing convergence check.
2025-12-23:10:34:07,737 INFO     [psi4.optking.convcheck:282] 
	                                 ==> Convergence Check <==                                  
    
	Measures of convergence in internal coordinates in au.
    
	Criteria marked as inactive (o), active & met (*), and active & unmet ( ).

	----------------------------------------------------------------------------------------------
	   Step    Total Energy     Delta E     Max Force     RMS Force      Max Disp      RMS Disp   
	----------------------------------------------------------------------------------------------
	  Convergence Criteria     1.00e-06 *    3.00e-04 *             o    1.20e-03 *             o
	----------------------------------------------------------------------------------------------
	    10    -102.67763569   -8.72e-05      5.37e-04      5.37e-04 o    5.56e-02      5.56e-02 o  ~
	----------------------------------------------------------------------------------------------


2025-12-23:10:34:07,737 INFO     [psi4.optking.stepAlgorithms:296] 	Convergence check returned False
2025-12-23:10:34:07,747 INFO     [psi4.driver.task_planner:259] PLANNING Atomic:  keywords={'DAMPING_PERCENTAGE': 1.0, 'GEOM_MAXITER': 500, 'SCF__GUESS': 'READ', 'GUESS': 'SAP', 'MAXITER': 500, 'REFERENCE': 'UKS', 'function_kwargs': {}}
2025-12-23:10:34:07,748 INFO     [psi4.driver.driver:638] Compute gradient(): method=b3lyp, basis=cc-pvdz, molecule=default, nre=3.8037464648264523
2025-12-23:10:34:07,993 INFO     [psi4.driver.driver:641] Return gradient(): -102.67765822490477
2025-12-23:10:34:07,993 INFO     [psi4.driver.driver:642] [[ 0.00000000 -0.00000000 -0.00028568]
 [-0.00000000  0.00000000  0.00028293]]
2025-12-23:10:34:07,994 INFO     [psi4.optking.history:269] 	Performing BFGS update.
2025-12-23:10:34:07,994 INFO     [psi4.optking.history:280] 	Using 4 previous steps for update.
2025-12-23:10:34:07,995 WARNING  [psi4.optking.history:301] 	Change in internal coordinate of 5.00e-01 exceeds limit of 5.00e-01.
2025-12-23:10:34:07,995 WARNING  [psi4.optking.history:306] 	Skipping Hessian update for step 7.
2025-12-23:10:34:07,995 WARNING  [psi4.optking.history:301] 	Change in internal coordinate of 7.61e-01 exceeds limit of 5.00e-01.
2025-12-23:10:34:07,995 WARNING  [psi4.optking.history:306] 	Skipping Hessian update for step 6.
2025-12-23:10:34:07,995 WARNING  [psi4.optking.history:301] 	Change in internal coordinate of 1.06e+00 exceeds limit of 5.00e-01.
2025-12-23:10:34:07,995 WARNING  [psi4.optking.history:306] 	Skipping Hessian update for step 5.
2025-12-23:10:34:07,995 WARNING  [psi4.optking.history:301] 	Change in internal coordinate of 1.36e+00 exceeds limit of 5.00e-01.
2025-12-23:10:34:07,995 WARNING  [psi4.optking.history:306] 	Skipping Hessian update for step 4.
2025-12-23:10:34:07,995 WARNING  [psi4.optking.history:301] 	Change in internal coordinate of 1.69e+00 exceeds limit of 5.00e-01.
2025-12-23:10:34:07,995 WARNING  [psi4.optking.history:306] 	Skipping Hessian update for step 3.
2025-12-23:10:34:07,995 WARNING  [psi4.optking.history:301] 	Change in internal coordinate of 1.96e+00 exceeds limit of 5.00e-01.
2025-12-23:10:34:07,995 WARNING  [psi4.optking.history:306] 	Skipping Hessian update for step 2.
2025-12-23:10:34:07,995 WARNING  [psi4.optking.history:301] 	Change in internal coordinate of 2.46e+00 exceeds limit of 5.00e-01.
2025-12-23:10:34:07,995 WARNING  [psi4.optking.history:306] 	Skipping Hessian update for step 1.
2025-12-23:10:34:07,995 INFO     [psi4.optking.history:317] 	Steps to be used in Hessian update:  10 9 8

2025-12-23:10:34:07,995 INFO     [psi4.optking.history:418] 	Updated Hessian (in au) 
 	   0.006524

2025-12-23:10:34:07,995 INFO     [psi4.optking.molsys:944] Projected (PHP) Hessian matrix
	   0.006524

2025-12-23:10:34:07,995 INFO     [psi4.optking.opt_helper:182] 
	         Geometry (au)                                       Gradient (au)
   0.0000000000   0.0000000000   3.9086897846		   0.0000000000  -0.0000000000  -0.0002856776
   0.0000000000   0.0000000000  -0.8234868119		  -0.0000000000   0.0000000000   0.0002829346

2025-12-23:10:34:07,995 INFO     [psi4.optking.stepAlgorithms:368] 	Current Step Report 
 
	Current energy:      -102.6776582249
	Energy change for the previous step:
		Actual       :        -0.0000225381
		Projected    :        -0.0000149364

2025-12-23:10:34:07,995 INFO     [psi4.optking.stepAlgorithms:371] 	Energy ratio =    1.50894
2025-12-23:10:34:07,995 INFO     [psi4.optking.stepAlgorithms:929] 	Using RFO solution 1.
2025-12-23:10:34:07,996 INFO     [psi4.optking.displace:100] 	Determining Cartesian step for fragment 1.
2025-12-23:10:34:07,996 INFO     [psi4.optking.displace:415] 	Successfully converged to displaced geometry.
2025-12-23:10:34:07,996 INFO     [psi4.optking.displace:416] 	RMS(dx):  0.000e+00 	Max(dx):  0.000e+00 	RMS(dq):  0.000e+00
2025-12-23:10:34:07,996 INFO     [psi4.optking.displace:172] 

	        --- Internal Coordinate Step in ANG or DEG, aJ/ANG or AJ/DEG ---
	-------------------------------------------------------------------------------
	           Coordinate      Previous         Force          Change          New 
	           ----------      --------        ------          ------        ------
	               R(1,2)       2.50416        0.00234        0.02302       2.52718
	-------------------------------------------------------------------------------

2025-12-23:10:34:07,996 INFO     [psi4.optking.stepAlgorithms:113] 	|target step| :    0.0434962267
2025-12-23:10:34:07,996 INFO     [psi4.optking.stepAlgorithms:114] 	gradient     :   -0.0002843061
2025-12-23:10:34:07,996 INFO     [psi4.optking.stepAlgorithms:115] 	hessian      :    0.0065239728
2025-12-23:10:34:07,996 INFO     [psi4.optking.stepAlgorithms:113] 	|target step| :    0.0434962267
2025-12-23:10:34:07,996 INFO     [psi4.optking.stepAlgorithms:114] 	gradient     :   -0.0002843061
2025-12-23:10:34:07,996 INFO     [psi4.optking.stepAlgorithms:115] 	hessian      :    0.0065239728
2025-12-23:10:34:07,996 INFO     [psi4.optking.stepAlgorithms:206] 	Norm of achieved step-size    0.0434962267
2025-12-23:10:34:07,996 INFO     [psi4.optking.stepAlgorithms:208] 	Norm of achieved step-size (cart):    0.0307564769
2025-12-23:10:34:07,996 INFO     [psi4.optking.opt_helper:164] Molsys:

	                            ===> Fragment 1 <== 

	 Z (Atomic Numbers)          Masses                          Geom                  
	       2.000000             4.002603          0.00000000  0.00000000  3.93043790   
	       9.000000            18.998403          0.00000000  0.00000000 -0.84523493   

	 - Coordinate -           - BOHR/RAD -       - ANG/DEG -
	 R(1,2)           =         4.775673           2.527177

2025-12-23:10:34:07,996 INFO     [psi4.optking.convcheck:76] Performing convergence check.
2025-12-23:10:34:07,996 INFO     [psi4.optking.convcheck:282] 
	                                 ==> Convergence Check <==                                  
    
	Measures of convergence in internal coordinates in au.
    
	Criteria marked as inactive (o), active & met (*), and active & unmet ( ).

	----------------------------------------------------------------------------------------------
	   Step    Total Energy     Delta E     Max Force     RMS Force      Max Disp      RMS Disp   
	----------------------------------------------------------------------------------------------
	  Convergence Criteria     1.00e-06 *    3.00e-04 *             o    1.20e-03 *             o
	----------------------------------------------------------------------------------------------
	    11    -102.67765822   -2.25e-05      2.84e-04 *    2.84e-04 o    4.35e-02      4.35e-02 o  ~
	----------------------------------------------------------------------------------------------


2025-12-23:10:34:07,996 INFO     [psi4.optking.stepAlgorithms:296] 	Convergence check returned False
2025-12-23:10:34:08,7 INFO     [psi4.driver.task_planner:259] PLANNING Atomic:  keywords={'DAMPING_PERCENTAGE': 1.0, 'GEOM_MAXITER': 500, 'SCF__GUESS': 'READ', 'GUESS': 'SAP', 'MAXITER': 500, 'REFERENCE': 'UKS', 'function_kwargs': {}}
2025-12-23:10:34:08,8 INFO     [psi4.driver.driver:638] Compute gradient(): method=b3lyp, basis=cc-pvdz, molecule=default, nre=3.76910242100265
2025-12-23:10:34:08,244 INFO     [psi4.driver.driver:641] Return gradient(): -102.67766670203467
2025-12-23:10:34:08,244 INFO     [psi4.driver.driver:642] [[ 0.00000000 -0.00000000 -0.00011749]
 [ 0.00000000  0.00000000  0.00011472]]
2025-12-23:10:34:08,246 INFO     [psi4.optking.history:269] 	Performing BFGS update.
2025-12-23:10:34:08,246 INFO     [psi4.optking.history:280] 	Using 4 previous steps for update.
2025-12-23:10:34:08,246 INFO     [psi4.optking.history:317] 	Steps to be used in Hessian update:  11 10 9 8

2025-12-23:10:34:08,246 INFO     [psi4.optking.history:418] 	Updated Hessian (in au) 
 	   0.006170

2025-12-23:10:34:08,247 INFO     [psi4.optking.molsys:944] Projected (PHP) Hessian matrix
	   0.006170

2025-12-23:10:34:08,247 INFO     [psi4.optking.opt_helper:182] 
	         Geometry (au)                                       Gradient (au)
   0.0000000000   0.0000000000   3.9446168583		   0.0000000000  -0.0000000000  -0.0001174861
   0.0000000000   0.0000000000  -0.8310559650		   0.0000000000   0.0000000000   0.0001147243

2025-12-23:10:34:08,247 INFO     [psi4.optking.stepAlgorithms:368] 	Current Step Report 
 
	Current energy:      -102.6776667020
	Energy change for the previous step:
		Actual       :        -0.0000084771
		Projected    :        -0.0000061831

2025-12-23:10:34:08,247 INFO     [psi4.optking.stepAlgorithms:371] 	Energy ratio =    1.37101
2025-12-23:10:34:08,247 INFO     [psi4.optking.stepAlgorithms:929] 	Using RFO solution 1.
2025-12-23:10:34:08,247 INFO     [psi4.optking.displace:100] 	Determining Cartesian step for fragment 1.
2025-12-23:10:34:08,247 INFO     [psi4.optking.displace:415] 	Successfully converged to displaced geometry.
2025-12-23:10:34:08,247 INFO     [psi4.optking.displace:416] 	RMS(dx):  0.000e+00 	Max(dx):  0.000e+00 	RMS(dq):  0.000e+00
2025-12-23:10:34:08,247 INFO     [psi4.optking.displace:172] 

	        --- Internal Coordinate Step in ANG or DEG, aJ/ANG or AJ/DEG ---
	-------------------------------------------------------------------------------
	           Coordinate      Previous         Force          Change          New 
	           ----------      --------        ------          ------        ------
	               R(1,2)       2.52718        0.00096        0.00995       2.53713
	-------------------------------------------------------------------------------

2025-12-23:10:34:08,247 INFO     [psi4.optking.stepAlgorithms:113] 	|target step| :    0.0188104849
2025-12-23:10:34:08,247 INFO     [psi4.optking.stepAlgorithms:114] 	gradient     :   -0.0001161052
2025-12-23:10:34:08,247 INFO     [psi4.optking.stepAlgorithms:115] 	hessian      :    0.0061701822
2025-12-23:10:34:08,247 INFO     [psi4.optking.stepAlgorithms:113] 	|target step| :    0.0188104849
2025-12-23:10:34:08,247 INFO     [psi4.optking.stepAlgorithms:114] 	gradient     :   -0.0001161052
2025-12-23:10:34:08,247 INFO     [psi4.optking.stepAlgorithms:115] 	hessian      :    0.0061701822
2025-12-23:10:34:08,247 INFO     [psi4.optking.stepAlgorithms:206] 	Norm of achieved step-size    0.0188104849
2025-12-23:10:34:08,247 INFO     [psi4.optking.stepAlgorithms:208] 	Norm of achieved step-size (cart):    0.0133010215
2025-12-23:10:34:08,247 INFO     [psi4.optking.opt_helper:164] Molsys:

	                            ===> Fragment 1 <== 

	 Z (Atomic Numbers)          Masses                          Geom                  
	       2.000000             4.002603          0.00000000  0.00000000  3.95402210   
	       9.000000            18.998403          0.00000000  0.00000000 -0.84046121   

	 - Coordinate -           - BOHR/RAD -       - ANG/DEG -
	 R(1,2)           =         4.794483           2.537131

2025-12-23:10:34:08,248 INFO     [psi4.optking.convcheck:76] Performing convergence check.
2025-12-23:10:34:08,248 INFO     [psi4.optking.convcheck:282] 
	                                 ==> Convergence Check <==                                  
    
	Measures of convergence in internal coordinates in au.
    
	Criteria marked as inactive (o), active & met (*), and active & unmet ( ).

	----------------------------------------------------------------------------------------------
	   Step    Total Energy     Delta E     Max Force     RMS Force      Max Disp      RMS Disp   
	----------------------------------------------------------------------------------------------
	  Convergence Criteria     1.00e-06 *    3.00e-04 *             o    1.20e-03 *             o
	----------------------------------------------------------------------------------------------
	    12    -102.67766670   -8.48e-06      1.16e-04 *    1.16e-04 o    1.88e-02      1.88e-02 o  ~
	----------------------------------------------------------------------------------------------


2025-12-23:10:34:08,248 INFO     [psi4.optking.stepAlgorithms:296] 	Convergence check returned False
2025-12-23:10:34:08,258 INFO     [psi4.driver.task_planner:259] PLANNING Atomic:  keywords={'DAMPING_PERCENTAGE': 1.0, 'GEOM_MAXITER': 500, 'SCF__GUESS': 'READ', 'GUESS': 'SAP', 'MAXITER': 500, 'REFERENCE': 'UKS', 'function_kwargs': {}}
2025-12-23:10:34:08,260 INFO     [psi4.driver.driver:638] Compute gradient(): method=b3lyp, basis=cc-pvdz, molecule=default, nre=3.754314874618937
2025-12-23:10:34:08,488 INFO     [psi4.driver.driver:641] Return gradient(): -102.67766819531339
2025-12-23:10:34:08,488 INFO     [psi4.driver.driver:642] [[ 0.00000000  0.00000000 -0.00005227]
 [-0.00000000  0.00000000  0.00004922]]
2025-12-23:10:34:08,489 INFO     [psi4.optking.history:269] 	Performing BFGS update.
2025-12-23:10:34:08,490 INFO     [psi4.optking.history:280] 	Using 4 previous steps for update.
2025-12-23:10:34:08,490 INFO     [psi4.optking.history:317] 	Steps to be used in Hessian update:  12 11 10 9

2025-12-23:10:34:08,490 INFO     [psi4.optking.history:418] 	Updated Hessian (in au) 
 	   0.004929

2025-12-23:10:34:08,490 INFO     [psi4.optking.molsys:944] Projected (PHP) Hessian matrix
	   0.004929

2025-12-23:10:34:08,490 INFO     [psi4.optking.opt_helper:182] 
	         Geometry (au)                                       Gradient (au)
   0.0000000000   0.0000000000   3.9601539687		   0.0000000000   0.0000000000  -0.0000522686
   0.0000000000   0.0000000000  -0.8343293395		  -0.0000000000   0.0000000000   0.0000492155

2025-12-23:10:34:08,490 INFO     [psi4.optking.stepAlgorithms:368] 	Current Step Report 
 
	Current energy:      -102.6776681953
	Energy change for the previous step:
		Actual       :        -0.0000014933
		Projected    :        -0.0000010920

2025-12-23:10:34:08,490 INFO     [psi4.optking.stepAlgorithms:371] 	Energy ratio =    1.36747
2025-12-23:10:34:08,490 INFO     [psi4.optking.stepAlgorithms:929] 	Using RFO solution 1.
2025-12-23:10:34:08,490 INFO     [psi4.optking.displace:100] 	Determining Cartesian step for fragment 1.
2025-12-23:10:34:08,490 INFO     [psi4.optking.displace:415] 	Successfully converged to displaced geometry.
2025-12-23:10:34:08,490 INFO     [psi4.optking.displace:416] 	RMS(dx):  0.000e+00 	Max(dx):  0.000e+00 	RMS(dq):  0.000e+00
2025-12-23:10:34:08,491 INFO     [psi4.optking.displace:172] 

	        --- Internal Coordinate Step in ANG or DEG, aJ/ANG or AJ/DEG ---
	-------------------------------------------------------------------------------
	           Coordinate      Previous         Force          Change          New 
	           ----------      --------        ------          ------        ------
	               R(1,2)       2.53713        0.00042        0.00545       2.54258
	-------------------------------------------------------------------------------

2025-12-23:10:34:08,491 INFO     [psi4.optking.stepAlgorithms:113] 	|target step| :    0.0102942609
2025-12-23:10:34:08,491 INFO     [psi4.optking.stepAlgorithms:114] 	gradient     :   -0.0000507420
2025-12-23:10:34:08,491 INFO     [psi4.optking.stepAlgorithms:115] 	hessian      :    0.0049286354
2025-12-23:10:34:08,491 INFO     [psi4.optking.stepAlgorithms:113] 	|target step| :    0.0102942609
2025-12-23:10:34:08,491 INFO     [psi4.optking.stepAlgorithms:114] 	gradient     :   -0.0000507420
2025-12-23:10:34:08,491 INFO     [psi4.optking.stepAlgorithms:115] 	hessian      :    0.0049286354
2025-12-23:10:34:08,491 INFO     [psi4.optking.stepAlgorithms:206] 	Norm of achieved step-size    0.0102942609
2025-12-23:10:34:08,491 INFO     [psi4.optking.stepAlgorithms:208] 	Norm of achieved step-size (cart):    0.0072791417
2025-12-23:10:34:08,491 INFO     [psi4.optking.opt_helper:164] Molsys:

	                            ===> Fragment 1 <== 

	 Z (Atomic Numbers)          Masses                          Geom                  
	       2.000000             4.002603          0.00000000  0.00000000  3.96530110   
	       9.000000            18.998403          0.00000000  0.00000000 -0.83947647   

	 - Coordinate -           - BOHR/RAD -       - ANG/DEG -
	 R(1,2)           =         4.804778           2.542579

2025-12-23:10:34:08,491 INFO     [psi4.optking.convcheck:76] Performing convergence check.
2025-12-23:10:34:08,491 INFO     [psi4.optking.convcheck:282] 
	                                 ==> Convergence Check <==                                  
    
	Measures of convergence in internal coordinates in au.
    
	Criteria marked as inactive (o), active & met (*), and active & unmet ( ).

	----------------------------------------------------------------------------------------------
	   Step    Total Energy     Delta E     Max Force     RMS Force      Max Disp      RMS Disp   
	----------------------------------------------------------------------------------------------
	  Convergence Criteria     1.00e-06 *    3.00e-04 *             o    1.20e-03 *             o
	----------------------------------------------------------------------------------------------
	    13    -102.67766820   -1.49e-06      5.07e-05 *    5.07e-05 o    1.03e-02      1.03e-02 o  ~
	----------------------------------------------------------------------------------------------


2025-12-23:10:34:08,491 INFO     [psi4.optking.stepAlgorithms:296] 	Convergence check returned False
2025-12-23:10:34:08,501 INFO     [psi4.driver.task_planner:259] PLANNING Atomic:  keywords={'DAMPING_PERCENTAGE': 1.0, 'GEOM_MAXITER': 500, 'SCF__GUESS': 'READ', 'GUESS': 'SAP', 'MAXITER': 500, 'REFERENCE': 'UKS', 'function_kwargs': {}}
2025-12-23:10:34:08,503 INFO     [psi4.driver.driver:638] Compute gradient(): method=b3lyp, basis=cc-pvdz, molecule=default, nre=3.746271235480641
2025-12-23:10:34:08,741 INFO     [psi4.driver.driver:641] Return gradient(): -102.67766850324962
2025-12-23:10:34:08,741 INFO     [psi4.driver.driver:642] [[ 0.00000000  0.00000000 -0.00001839]
 [-0.00000000  0.00000000  0.00001512]]
2025-12-23:10:34:08,743 INFO     [psi4.optking.history:269] 	Performing BFGS update.
2025-12-23:10:34:08,743 INFO     [psi4.optking.history:280] 	Using 4 previous steps for update.
2025-12-23:10:34:08,743 INFO     [psi4.optking.history:317] 	Steps to be used in Hessian update:  13 12 11 10

2025-12-23:10:34:08,743 INFO     [psi4.optking.history:418] 	Updated Hessian (in au) 
 	   0.004059

2025-12-23:10:34:08,743 INFO     [psi4.optking.molsys:944] Projected (PHP) Hessian matrix
	   0.004059

2025-12-23:10:34:08,743 INFO     [psi4.optking.opt_helper:182] 
	         Geometry (au)                                       Gradient (au)
   0.0000000000   0.0000000000   3.9686568366		   0.0000000000   0.0000000000  -0.0000183922
   0.0000000000   0.0000000000  -0.8361207325		  -0.0000000000   0.0000000000   0.0000151219

2025-12-23:10:34:08,743 INFO     [psi4.optking.stepAlgorithms:368] 	Current Step Report 
 
	Current energy:      -102.6776685032
	Energy change for the previous step:
		Actual       :        -0.0000003079
		Projected    :        -0.0000002612

2025-12-23:10:34:08,743 INFO     [psi4.optking.stepAlgorithms:371] 	Energy ratio =    1.17904
2025-12-23:10:34:08,744 INFO     [psi4.optking.stepAlgorithms:929] 	Using RFO solution 1.
2025-12-23:10:34:08,744 INFO     [psi4.optking.displace:100] 	Determining Cartesian step for fragment 1.
2025-12-23:10:34:08,744 INFO     [psi4.optking.displace:415] 	Successfully converged to displaced geometry.
2025-12-23:10:34:08,744 INFO     [psi4.optking.displace:416] 	RMS(dx):  0.000e+00 	Max(dx):  0.000e+00 	RMS(dq):  0.000e+00
2025-12-23:10:34:08,744 INFO     [psi4.optking.displace:172] 

	        --- Internal Coordinate Step in ANG or DEG, aJ/ANG or AJ/DEG ---
	-------------------------------------------------------------------------------
	           Coordinate      Previous         Force          Change          New 
	           ----------      --------        ------          ------        ------
	               R(1,2)       2.54258        0.00014        0.00218       2.54476
	-------------------------------------------------------------------------------

2025-12-23:10:34:08,744 INFO     [psi4.optking.stepAlgorithms:113] 	|target step| :    0.0041278486
2025-12-23:10:34:08,744 INFO     [psi4.optking.stepAlgorithms:114] 	gradient     :   -0.0000167571
2025-12-23:10:34:08,744 INFO     [psi4.optking.stepAlgorithms:115] 	hessian      :    0.0040594442
2025-12-23:10:34:08,744 INFO     [psi4.optking.stepAlgorithms:113] 	|target step| :    0.0041278486
2025-12-23:10:34:08,744 INFO     [psi4.optking.stepAlgorithms:114] 	gradient     :   -0.0000167571
2025-12-23:10:34:08,744 INFO     [psi4.optking.stepAlgorithms:115] 	hessian      :    0.0040594442
2025-12-23:10:34:08,744 INFO     [psi4.optking.stepAlgorithms:206] 	Norm of achieved step-size    0.0041278486
2025-12-23:10:34:08,744 INFO     [psi4.optking.stepAlgorithms:208] 	Norm of achieved step-size (cart):    0.0029188297
2025-12-23:10:34:08,744 INFO     [psi4.optking.opt_helper:164] Molsys:

	                            ===> Fragment 1 <== 

	 Z (Atomic Numbers)          Masses                          Geom                  
	       2.000000             4.002603          0.00000000  0.00000000  3.97072076   
	       9.000000            18.998403          0.00000000  0.00000000 -0.83818466   

	 - Coordinate -           - BOHR/RAD -       - ANG/DEG -
	 R(1,2)           =         4.808905           2.544763

2025-12-23:10:34:08,744 INFO     [psi4.optking.convcheck:76] Performing convergence check.
2025-12-23:10:34:08,745 INFO     [psi4.optking.convcheck:282] 
	                                 ==> Convergence Check <==                                  
    
	Measures of convergence in internal coordinates in au.
    
	Criteria marked as inactive (o), active & met (*), and active & unmet ( ).

	----------------------------------------------------------------------------------------------
	   Step    Total Energy     Delta E     Max Force     RMS Force      Max Disp      RMS Disp   
	----------------------------------------------------------------------------------------------
	  Convergence Criteria     1.00e-06 *    3.00e-04 *             o    1.20e-03 *             o
	----------------------------------------------------------------------------------------------
	    14    -102.67766850   -3.08e-07 *    1.68e-05 *    1.68e-05 o    4.13e-03      4.13e-03 o  ~
	----------------------------------------------------------------------------------------------


2025-12-23:10:34:08,745 INFO     [psi4.optking.convcheck:206] 
	                      ===> Final Convergence Report <===                     

	----------------------------------------------------------------------------
	|   Required Criteria    |  One or More Criteria  |   Alternate Criteria   |
	----------------------------------------------------------------------------
	| [x]     max_force      | [x]       max_DE       |                        |
	|                        | [ ]      max_disp      |                        |
	----------------------------------------------------------------------------


2025-12-23:10:34:08,745 INFO     [psi4.optking.stepAlgorithms:296] 	Convergence check returned True
2025-12-23:10:34:08,745 INFO     [psi4.optking.optimize:332] 	Converged in 14 steps!
2025-12-23:10:34:08,745 INFO     [psi4.optking.optimize:333] 	Final energy is   -102.6776685032496
2025-12-23:10:34:08,745 INFO     [psi4.optking.optimize:334] 	Final structure (Angstroms): 
	Fragment 1 (Ang)

	   He   0.0000000000   0.0000000000   2.1012149366
	    F   0.0000000000   0.0000000000  -0.4435482187


2025-12-23:10:34:08,745 INFO     [psi4.optking.optimize:562] 	Optimization Finished

	==> Optimization Summary <==

        
	Measures of convergence in internal coordinates in au. (Any backward steps not shown.)
        
	---------------------------------------------------------------------------------------------------------------  ~
        
	 Step         Total Energy             Delta E       MAX Force       RMS Force        MAX Disp        RMS Disp   ~
        
	---------------------------------------------------------------------------------------------------------------  ~
        
	     1    -102.489728862198   -102.489728862198      0.38276989      0.38276989      0.50000074      0.50000074  ~
	     2    -102.611457624932     -0.121728762733      0.14210832      0.14210832      0.27320774      0.27320774  ~
	     3    -102.641319226469     -0.029861601537      0.08185353      0.08185353      0.33058115      0.33058115  ~
	     4    -102.660959851153     -0.019640624684      0.04132981      0.04132981      0.30565760      0.30565760  ~
	     5    -102.670219737512     -0.009259886359      0.02121672      0.02121672      0.29447064      0.29447064  ~
	     6    -102.674713952331     -0.004494214820      0.01032912      0.01032912      0.26041963      0.26041963  ~
	     7    -102.676621653870     -0.001907701539      0.00481875      0.00481875      0.21700938      0.21700938  ~
	     8    -102.677351049161     -0.000729395291      0.00213162      0.00213162      0.12229087      0.12229087  ~
	     9    -102.677548476205     -0.000197427043      0.00115069      0.00115069      0.10526039      0.10526039  ~
	    10    -102.677635686772     -0.000087210567      0.00053721      0.00053721      0.05560709      0.05560709  ~
	    11    -102.677658224905     -0.000022538133      0.00028431      0.00028431      0.04349623      0.04349623  ~
	    12    -102.677666702035     -0.000008477130      0.00011611      0.00011611      0.01881048      0.01881048  ~
	    13    -102.677668195313     -0.000001493279      0.00005074      0.00005074      0.01029426      0.01029426  ~
	    14    -102.677668503250     -0.000000307936      0.00001676      0.00001676      0.00412785      0.00412785  ~
	----------------------------------------------------------------------------------------------------------------


2025-12-23:10:34:08,745 INFO     [psi4.optking.optimize:806] Preparing OptimizationResult
