2025-12-23:10:48:34,947 WARNING  [psi4.optking:38] Some dependencies such as QCElemental have not yet finished migration to pydantic v2. If issues are encountered please downgrade pydantic or upgrade QCElemental as appropriate
2025-12-23:10:48:35,110 INFO     [psi4.optking.optwrapper:234] Creating a UserComputer
2025-12-23:10:48:35,110 INFO     [psi4.optking.optwrapper:242] 
    			-----------------------------------------

    			 OPTKING 3.0: for geometry optimizations 

    			     By R.A. King, Bethel University     

    			        with contributions from          

    			    A.V. Copan, J. Cayton, A. Heide      

    			-----------------------------------------

    
2025-12-23:10:48:35,110 INFO     [psi4.optking.optwrapper:272] 
		 -- Optimization Parameters --
	GEOM_MAXITER                   =             500
	ALG_GEOM_MAXITER               =              50
	PRINT                          =               1
	OPT_TYPE                       =             MIN
	STEP_TYPE                      =             RFO
	PROGRAM                        =            PSI4
	STEEPEST_DESCENT_TYPE          =         OVERLAP
	CONJUGATE_GRADIENT_TYPE        =        FLETCHER
	OPT_COORDINATES                =        INTERNAL
	RFO_FOLLOW_ROOT                =           False
	RFO_ROOT                       =               0
	ACCEPT_SYMMETRY_BREAKING       =           False
	DYNAMIC_LVL                    =               0
	DYNAMIC_LVL_MAX                =               0
	IRC_STEP_SIZE                  =             0.2
	IRC_DIRECTION                  =         FORWARD
	IRC_POINTS                     =              20
	IRC_MODE                       =          NORMAL
	IRC_CONVERGENCE                =            -0.7
	INTRAFRAG_STEP_LIMIT           =             0.5
	INTRAFRAG_STEP_LIMIT_MIN       =           0.001
	INTRAFRAG_STEP_LIMIT_MAX       =             1.0
	INTERFRAG_STEP_LIMIT           =             0.5
	INTERFRAG_STEP_LIMIT_MIN       =           0.001
	INTERFRAG_STEP_LIMIT_MAX       =             1.0
	ENSURE_BT_CONVERGENCE          =           False
	SIMPLE_STEP_SCALING            =           False
	CONSECUTIVE_BACKSTEPS          =               0
	RFO_NORMALIZATION_MAX          =             100
	RSRFO_ALPHA_MAX                =     100000000.0
	PRINT_TRAJECTORY_XYZ_FILE      =           False
	WRITE_TRAJECTORY               =           False
	FROZEN_DISTANCE                =                
	FROZEN_BEND                    =                
	FROZEN_DIHEDRAL                =                
	FROZEN_OOFP                    =                
	FROZEN_CARTESIAN               =                
	FREEZE_ALL_DIHEDRALS           =           False
	UNFREEZE_DIHEDRALS             =                
	RANGED_DISTANCE                =                
	RANGED_BEND                    =                
	RANGED_DIHEDRAL                =                
	RANGED_OOFP                    =                
	RANGED_CARTESIAN               =                
	EXT_FORCE_DISTANCE             =                
	EXT_FORCE_BEND                 =                
	EXT_FORCE_DIHEDRAL             =                
	EXT_FORCE_OOFP                 =                
	EXT_FORCE_CARTESIAN            =                
	G_CONVERGENCE                  =           QCHEM
	MAX_FORCE_G_CONVERGENCE        =          0.0003
	RMS_FORCE_G_CONVERGENCE        =          0.0003
	MAX_ENERGY_G_CONVERGENCE       =           1e-06
	MAX_DISP_G_CONVERGENCE         =          0.0012
	RMS_DISP_G_CONVERGENCE         =          0.0012
	FLEXIBLE_G_CONVERGENCE         =           False
	HESS_UPDATE                    =            BFGS
	HESS_UPDATE_USE_LAST           =               4
	HESS_UPDATE_LIMIT              =            True
	HESS_UPDATE_LIMIT_MAX          =             1.0
	HESS_UPDATE_LIMIT_SCALE        =             0.5
	HESS_UPDATE_DEN_TOL            =           1e-07
	HESS_UPDATE_DQ_TOL             =             0.5
	CART_HESS_READ                 =           False
	HESSIAN_FILE                   =               .
	FULL_HESS_EVERY                =              -1
	INTRAFRAG_HESS                 =        SCHLEGEL
	H_GUESS_EVERY                  =           False
	BT_MAX_ITER                    =              25
	BT_DX_CONV                     =           1e-07
	BT_DX_RMS_CHANGE_CONV          =           1e-12
	BT_PINV_RCOND                  =           1e-06
	FRAG_MODE                      =          SINGLE
	FRAG_REF_ATOMS                 =              []
	FREEZE_INTRAFRAG               =           False
	INTERFRAG_MODE                 =           FIXED
	ADD_AUXILIARY_BONDS            =           False
	AUXILIARY_BOND_FACTOR          =             2.5
	INTERFRAG_DIST_INV             =           False
	INTERFRAG_COLLINEAR_TOL        =            0.01
	INTERFRAG_COORDS               =              []
	INTERFRAG_HESS                 =         DEFAULT
	COVALENT_CONNECT               =             1.3
	INTERFRAGMENT_CONNECT          =             1.8
	H_BOND_CONNECT                 =             4.3
	INCLUDE_OOFP                   =           False
	TEST_B                         =           False
	TEST_DERIVATIVE_B              =           False
	LINESEARCH_STEP                =             0.1
	LINESEARCH                     =           False
	SD_HESSIAN                     =             1.0
	FIX_VAL_NEAR_PI                =            1.57
	V3D_TORS_ANGLE_LIM             =           0.017
	V3D_TORS_COS_TOL               =           1e-10
	LINEAR_BEND_THRESHOLD          =            3.05
	SMALL_BEND_FIX_THRESHOLD       =            0.35
	REDUNDANT_EVAL_TOL             =           1e-10
	LINEAR_ALGEBRA_TOL             =           1e-10


2025-12-23:10:48:35,244 INFO     [psi4.optking.opt_helper:164] Molsys:

	                            ===> Fragment 1 <== 

	 Z (Atomic Numbers)          Masses                          Geom                  
	       4.000000             9.012183          0.00000000  0.00000000  1.75657503   
	      15.000000            30.973762          0.00000000  0.00000000 -0.51109632   

	 - Coordinate -           - BOHR/RAD -       - ANG/DEG -
	 R(1,2)           =         2.267671           1.200000

2025-12-23:10:48:35,255 INFO     [psi4.driver.task_planner:259] PLANNING Atomic:  keywords={'DAMPING_PERCENTAGE': 1.0, 'GEOM_MAXITER': 500, 'GUESS': 'SAP', 'MAXITER': 500, 'REFERENCE': 'UKS', 'function_kwargs': {}}
2025-12-23:10:48:35,256 INFO     [psi4.driver.driver:638] Compute gradient(): method=b3lyp, basis=cc-pvdz, molecule=default, nre=26.458860533500005
2025-12-23:10:48:35,894 INFO     [psi4.driver.driver:641] Return gradient(): -355.62527766596446
2025-12-23:10:48:35,894 INFO     [psi4.driver.driver:642] [[ 0.00000000  0.00000000 -1.00676953]
 [-0.00000000 -0.00000000  1.00676644]]
2025-12-23:10:48:35,896 INFO     [psi4.optking.molsys:944] Projected (PHP) Hessian matrix
	   4.182219

2025-12-23:10:48:35,896 INFO     [psi4.optking.opt_helper:182] 
	         Geometry (au)                                       Gradient (au)
   0.0000000000   0.0000000000   1.7565750313		   0.0000000000   0.0000000000  -1.0067695335
   0.0000000000   0.0000000000  -0.5110963192		  -0.0000000000  -0.0000000000   1.0067664395

2025-12-23:10:48:35,897 INFO     [psi4.optking.stepAlgorithms:929] 	Using RFO solution 1.
2025-12-23:10:48:35,897 INFO     [psi4.optking.displace:100] 	Determining Cartesian step for fragment 1.
2025-12-23:10:48:35,897 INFO     [psi4.optking.displace:415] 	Successfully converged to displaced geometry.
2025-12-23:10:48:35,897 INFO     [psi4.optking.displace:416] 	RMS(dx):  0.000e+00 	Max(dx):  0.000e+00 	RMS(dq):  0.000e+00
2025-12-23:10:48:35,897 INFO     [psi4.optking.displace:172] 

	        --- Internal Coordinate Step in ANG or DEG, aJ/ANG or AJ/DEG ---
	-------------------------------------------------------------------------------
	           Coordinate      Previous         Force          Change          New 
	           ----------      --------        ------          ------        ------
	               R(1,2)       1.20000        8.29448        0.12075       1.32075
	-------------------------------------------------------------------------------

2025-12-23:10:48:35,897 INFO     [psi4.optking.stepAlgorithms:113] 	|target step| :    0.2281909592
2025-12-23:10:48:35,897 INFO     [psi4.optking.stepAlgorithms:114] 	gradient     :   -1.0067679865
2025-12-23:10:48:35,897 INFO     [psi4.optking.stepAlgorithms:115] 	hessian      :    4.1822185214
2025-12-23:10:48:35,897 INFO     [psi4.optking.stepAlgorithms:113] 	|target step| :    0.2281909592
2025-12-23:10:48:35,897 INFO     [psi4.optking.stepAlgorithms:114] 	gradient     :   -1.0067679865
2025-12-23:10:48:35,897 INFO     [psi4.optking.stepAlgorithms:115] 	hessian      :    4.1822185214
2025-12-23:10:48:35,897 INFO     [psi4.optking.stepAlgorithms:206] 	Norm of achieved step-size    0.2281909592
2025-12-23:10:48:35,897 INFO     [psi4.optking.stepAlgorithms:208] 	Norm of achieved step-size (cart):    0.1613553747
2025-12-23:10:48:35,897 INFO     [psi4.optking.opt_helper:164] Molsys:

	                            ===> Fragment 1 <== 

	 Z (Atomic Numbers)          Masses                          Geom                  
	       4.000000             9.012183          0.00000000  0.00000000  1.87067051   
	      15.000000            30.973762          0.00000000  0.00000000 -0.62519180   

	 - Coordinate -           - BOHR/RAD -       - ANG/DEG -
	 R(1,2)           =         2.495862           1.320753

2025-12-23:10:48:35,897 INFO     [psi4.optking.convcheck:76] Performing convergence check.
2025-12-23:10:48:35,898 INFO     [psi4.optking.convcheck:282] 
	                                 ==> Convergence Check <==                                  
    
	Measures of convergence in internal coordinates in au.
    
	Criteria marked as inactive (o), active & met (*), and active & unmet ( ).

	----------------------------------------------------------------------------------------------~
	   Step    Total Energy     Delta E     Max Force     RMS Force      Max Disp      RMS Disp   ~
	----------------------------------------------------------------------------------------------~
	  Convergence Criteria     1.00e-06 *    3.00e-04 *             o    1.20e-03 *             o~
	----------------------------------------------------------------------------------------------~
	     1    -355.62527767   -3.56e+02      1.01e+00      1.01e+00 o    2.28e-01      2.28e-01 o  ~
	----------------------------------------------------------------------------------------------


2025-12-23:10:48:35,898 INFO     [psi4.optking.stepAlgorithms:296] 	Convergence check returned False
2025-12-23:10:48:35,908 INFO     [psi4.driver.task_planner:259] PLANNING Atomic:  keywords={'DAMPING_PERCENTAGE': 1.0, 'GEOM_MAXITER': 500, 'SCF__GUESS': 'READ', 'GUESS': 'SAP', 'MAXITER': 500, 'REFERENCE': 'UKS', 'function_kwargs': {}}
2025-12-23:10:48:35,909 INFO     [psi4.driver.driver:638] Compute gradient(): method=b3lyp, basis=cc-pvdz, molecule=default, nre=24.039787677846867
2025-12-23:10:48:36,516 INFO     [psi4.driver.driver:641] Return gradient(): -355.812117172365
2025-12-23:10:48:36,516 INFO     [psi4.driver.driver:642] [[-0.00000000  0.00000000 -0.64872403]
 [-0.00000000  0.00000000  0.64874552]]
2025-12-23:10:48:36,517 INFO     [psi4.optking.history:269] 	Performing BFGS update.
2025-12-23:10:48:36,517 INFO     [psi4.optking.history:280] 	Using 1 previous steps for update.
2025-12-23:10:48:36,518 INFO     [psi4.optking.history:317] 	Steps to be used in Hessian update:  1

2025-12-23:10:48:36,518 INFO     [psi4.optking.history:418] 	Updated Hessian (in au) 
 	   2.091109

2025-12-23:10:48:36,518 INFO     [psi4.optking.molsys:944] Projected (PHP) Hessian matrix
	   2.091109

2025-12-23:10:48:36,518 INFO     [psi4.optking.opt_helper:182] 
	         Geometry (au)                                       Gradient (au)
   0.0000000000   0.0000000000   1.9333354518		  -0.0000000000   0.0000000000  -0.6487240285
   0.0000000000   0.0000000000  -0.5625268580		  -0.0000000000   0.0000000000   0.6487455193

2025-12-23:10:48:36,518 INFO     [psi4.optking.stepAlgorithms:368] 	Current Step Report 
 
	Current energy:      -355.8121171724
	Energy change for the previous step:
		Actual       :        -0.1868395064
		Projected    :        -0.1148676763

2025-12-23:10:48:36,518 INFO     [psi4.optking.stepAlgorithms:371] 	Energy ratio =    1.62656
2025-12-23:10:48:36,518 INFO     [psi4.optking.stepAlgorithms:399] 	Energy ratio indicates good step.
2025-12-23:10:48:36,518 INFO     [psi4.optking.stepAlgorithms:400] 	Intrafrag trust radius increased to      1.
2025-12-23:10:48:36,518 INFO     [psi4.optking.stepAlgorithms:929] 	Using RFO solution 1.
2025-12-23:10:48:36,518 INFO     [psi4.optking.displace:100] 	Determining Cartesian step for fragment 1.
2025-12-23:10:48:36,519 INFO     [psi4.optking.displace:415] 	Successfully converged to displaced geometry.
2025-12-23:10:48:36,519 INFO     [psi4.optking.displace:416] 	RMS(dx):  0.000e+00 	Max(dx):  0.000e+00 	RMS(dq):  0.000e+00
2025-12-23:10:48:36,519 INFO     [psi4.optking.displace:172] 

	        --- Internal Coordinate Step in ANG or DEG, aJ/ANG or AJ/DEG ---
	-------------------------------------------------------------------------------
	           Coordinate      Previous         Force          Change          New 
	           ----------      --------        ------          ------        ------
	               R(1,2)       1.32075        5.34475        0.15083       1.47159
	-------------------------------------------------------------------------------

2025-12-23:10:48:36,519 INFO     [psi4.optking.stepAlgorithms:113] 	|target step| :    0.2850305386
2025-12-23:10:48:36,519 INFO     [psi4.optking.stepAlgorithms:114] 	gradient     :   -0.6487347739
2025-12-23:10:48:36,519 INFO     [psi4.optking.stepAlgorithms:115] 	hessian      :    2.0911092607
2025-12-23:10:48:36,519 INFO     [psi4.optking.stepAlgorithms:113] 	|target step| :    0.2850305386
2025-12-23:10:48:36,519 INFO     [psi4.optking.stepAlgorithms:114] 	gradient     :   -0.6487347739
2025-12-23:10:48:36,519 INFO     [psi4.optking.stepAlgorithms:115] 	hessian      :    2.0911092607
2025-12-23:10:48:36,519 INFO     [psi4.optking.stepAlgorithms:206] 	Norm of achieved step-size    0.2850305386
2025-12-23:10:48:36,519 INFO     [psi4.optking.stepAlgorithms:208] 	Norm of achieved step-size (cart):    0.2015470267
2025-12-23:10:48:36,519 INFO     [psi4.optking.opt_helper:164] Molsys:

	                            ===> Fragment 1 <== 

	 Z (Atomic Numbers)          Masses                          Geom                  
	       4.000000             9.012183          0.00000000  0.00000000  2.07585072   
	      15.000000            30.973762          0.00000000  0.00000000 -0.70504213   

	 - Coordinate -           - BOHR/RAD -       - ANG/DEG -
	 R(1,2)           =         2.780893           1.471585

2025-12-23:10:48:36,519 INFO     [psi4.optking.convcheck:76] Performing convergence check.
2025-12-23:10:48:36,519 INFO     [psi4.optking.convcheck:282] 
	                                 ==> Convergence Check <==                                  
    
	Measures of convergence in internal coordinates in au.
    
	Criteria marked as inactive (o), active & met (*), and active & unmet ( ).

	----------------------------------------------------------------------------------------------
	   Step    Total Energy     Delta E     Max Force     RMS Force      Max Disp      RMS Disp   
	----------------------------------------------------------------------------------------------
	  Convergence Criteria     1.00e-06 *    3.00e-04 *             o    1.20e-03 *             o
	----------------------------------------------------------------------------------------------
	     2    -355.81211717   -1.87e-01      6.49e-01      6.49e-01 o    2.85e-01      2.85e-01 o  ~
	----------------------------------------------------------------------------------------------


2025-12-23:10:48:36,519 INFO     [psi4.optking.stepAlgorithms:296] 	Convergence check returned False
2025-12-23:10:48:36,529 INFO     [psi4.driver.task_planner:259] PLANNING Atomic:  keywords={'DAMPING_PERCENTAGE': 1.0, 'GEOM_MAXITER': 500, 'SCF__GUESS': 'READ', 'GUESS': 'SAP', 'MAXITER': 500, 'REFERENCE': 'UKS', 'function_kwargs': {}}
2025-12-23:10:48:36,531 INFO     [psi4.driver.driver:638] Compute gradient(): method=b3lyp, basis=cc-pvdz, molecule=default, nre=21.575804344939964
2025-12-23:10:48:37,146 INFO     [psi4.driver.driver:641] Return gradient(): -355.9496275192565
2025-12-23:10:48:37,146 INFO     [psi4.driver.driver:642] [[ 0.00000000  0.00000000 -0.33927484]
 [-0.00000000  0.00000000  0.33926836]]
2025-12-23:10:48:37,148 INFO     [psi4.optking.history:269] 	Performing BFGS update.
2025-12-23:10:48:37,148 INFO     [psi4.optking.history:280] 	Using 2 previous steps for update.
2025-12-23:10:48:37,148 WARNING  [psi4.optking.history:301] 	Change in internal coordinate of 5.13e-01 exceeds limit of 5.00e-01.
2025-12-23:10:48:37,148 WARNING  [psi4.optking.history:306] 	Skipping Hessian update for step 1.
2025-12-23:10:48:37,148 INFO     [psi4.optking.history:317] 	Steps to be used in Hessian update:  2

2025-12-23:10:48:37,148 INFO     [psi4.optking.history:418] 	Updated Hessian (in au) 
 	   1.085719

2025-12-23:10:48:37,148 INFO     [psi4.optking.molsys:944] Projected (PHP) Hessian matrix
	   1.085719

2025-12-23:10:48:37,148 INFO     [psi4.optking.opt_helper:182] 
	         Geometry (au)                                       Gradient (au)
   0.0000000000   0.0000000000   2.1541247329		   0.0000000000   0.0000000000  -0.3392748424
   0.0000000000   0.0000000000  -0.6267681155		  -0.0000000000   0.0000000000   0.3392683567

2025-12-23:10:48:37,148 INFO     [psi4.optking.stepAlgorithms:368] 	Current Step Report 
 
	Current energy:      -355.9496275193
	Energy change for the previous step:
		Actual       :        -0.1375103469
		Projected    :        -0.0924546110

2025-12-23:10:48:37,148 INFO     [psi4.optking.stepAlgorithms:371] 	Energy ratio =    1.48733
2025-12-23:10:48:37,149 INFO     [psi4.optking.stepAlgorithms:929] 	Using RFO solution 1.
2025-12-23:10:48:37,149 INFO     [psi4.optking.displace:100] 	Determining Cartesian step for fragment 1.
2025-12-23:10:48:37,149 INFO     [psi4.optking.displace:415] 	Successfully converged to displaced geometry.
2025-12-23:10:48:37,149 INFO     [psi4.optking.displace:416] 	RMS(dx):  0.000e+00 	Max(dx):  0.000e+00 	RMS(dq):  0.000e+00
2025-12-23:10:48:37,149 INFO     [psi4.optking.displace:172] 

	        --- Internal Coordinate Step in ANG or DEG, aJ/ANG or AJ/DEG ---
	-------------------------------------------------------------------------------
	           Coordinate      Previous         Force          Change          New 
	           ----------      --------        ------          ------        ------
	               R(1,2)       1.47159        2.79516        0.15176       1.62335
	-------------------------------------------------------------------------------

2025-12-23:10:48:37,149 INFO     [psi4.optking.stepAlgorithms:113] 	|target step| :    0.2867849718
2025-12-23:10:48:37,149 INFO     [psi4.optking.stepAlgorithms:114] 	gradient     :   -0.3392715996
2025-12-23:10:48:37,149 INFO     [psi4.optking.stepAlgorithms:115] 	hessian      :    1.0857193615
2025-12-23:10:48:37,149 INFO     [psi4.optking.stepAlgorithms:113] 	|target step| :    0.2867849718
2025-12-23:10:48:37,149 INFO     [psi4.optking.stepAlgorithms:114] 	gradient     :   -0.3392715996
2025-12-23:10:48:37,149 INFO     [psi4.optking.stepAlgorithms:115] 	hessian      :    1.0857193615
2025-12-23:10:48:37,149 INFO     [psi4.optking.stepAlgorithms:206] 	Norm of achieved step-size    0.2867849718
2025-12-23:10:48:37,149 INFO     [psi4.optking.stepAlgorithms:208] 	Norm of achieved step-size (cart):    0.2027875983
2025-12-23:10:48:37,149 INFO     [psi4.optking.opt_helper:164] Molsys:

	                            ===> Fragment 1 <== 

	 Z (Atomic Numbers)          Masses                          Geom                  
	       4.000000             9.012183          0.00000000  0.00000000  2.29751722   
	      15.000000            30.973762          0.00000000  0.00000000 -0.77016060   

	 - Coordinate -           - BOHR/RAD -       - ANG/DEG -
	 R(1,2)           =         3.067678           1.623345

2025-12-23:10:48:37,149 INFO     [psi4.optking.convcheck:76] Performing convergence check.
2025-12-23:10:48:37,150 INFO     [psi4.optking.convcheck:282] 
	                                 ==> Convergence Check <==                                  
    
	Measures of convergence in internal coordinates in au.
    
	Criteria marked as inactive (o), active & met (*), and active & unmet ( ).

	----------------------------------------------------------------------------------------------
	   Step    Total Energy     Delta E     Max Force     RMS Force      Max Disp      RMS Disp   
	----------------------------------------------------------------------------------------------
	  Convergence Criteria     1.00e-06 *    3.00e-04 *             o    1.20e-03 *             o
	----------------------------------------------------------------------------------------------
	     3    -355.94962752   -1.38e-01      3.39e-01      3.39e-01 o    2.87e-01      2.87e-01 o  ~
	----------------------------------------------------------------------------------------------


2025-12-23:10:48:37,150 INFO     [psi4.optking.stepAlgorithms:296] 	Convergence check returned False
2025-12-23:10:48:37,160 INFO     [psi4.driver.task_planner:259] PLANNING Atomic:  keywords={'DAMPING_PERCENTAGE': 1.0, 'GEOM_MAXITER': 500, 'SCF__GUESS': 'READ', 'GUESS': 'SAP', 'MAXITER': 500, 'REFERENCE': 'UKS', 'function_kwargs': {}}
2025-12-23:10:48:37,161 INFO     [psi4.driver.driver:638] Compute gradient(): method=b3lyp, basis=cc-pvdz, molecule=default, nre=19.5587683966489
2025-12-23:10:48:37,781 INFO     [psi4.driver.driver:641] Return gradient(): -356.0172028327511
2025-12-23:10:48:37,782 INFO     [psi4.driver.driver:642] [[ 0.00000000  0.00000000 -0.14884209]
 [-0.00000000  0.00000000  0.14881065]]
2025-12-23:10:48:37,783 INFO     [psi4.optking.history:269] 	Performing BFGS update.
2025-12-23:10:48:37,783 INFO     [psi4.optking.history:280] 	Using 3 previous steps for update.
2025-12-23:10:48:37,783 WARNING  [psi4.optking.history:301] 	Change in internal coordinate of 5.72e-01 exceeds limit of 5.00e-01.
2025-12-23:10:48:37,783 WARNING  [psi4.optking.history:306] 	Skipping Hessian update for step 2.
2025-12-23:10:48:37,783 WARNING  [psi4.optking.history:301] 	Change in internal coordinate of 8.00e-01 exceeds limit of 5.00e-01.
2025-12-23:10:48:37,783 WARNING  [psi4.optking.history:306] 	Skipping Hessian update for step 1.
2025-12-23:10:48:37,783 INFO     [psi4.optking.history:317] 	Steps to be used in Hessian update:  3

2025-12-23:10:48:37,783 INFO     [psi4.optking.history:418] 	Updated Hessian (in au) 
 	   0.664070

2025-12-23:10:48:37,784 INFO     [psi4.optking.molsys:944] Projected (PHP) Hessian matrix
	   0.664070

2025-12-23:10:48:37,784 INFO     [psi4.optking.opt_helper:182] 
	         Geometry (au)                                       Gradient (au)
   0.0000000000   0.0000000000   2.3762730264		   0.0000000000   0.0000000000  -0.1488420913
   0.0000000000   0.0000000000  -0.6914047938		  -0.0000000000   0.0000000000   0.1488106455

2025-12-23:10:48:37,784 INFO     [psi4.optking.stepAlgorithms:368] 	Current Step Report 
 
	Current energy:      -356.0172028328
	Energy change for the previous step:
		Actual       :        -0.0675753135
		Projected    :        -0.0486489981

2025-12-23:10:48:37,784 INFO     [psi4.optking.stepAlgorithms:371] 	Energy ratio =    1.38904
2025-12-23:10:48:37,784 INFO     [psi4.optking.stepAlgorithms:929] 	Using RFO solution 1.
2025-12-23:10:48:37,784 INFO     [psi4.optking.displace:100] 	Determining Cartesian step for fragment 1.
2025-12-23:10:48:37,784 INFO     [psi4.optking.displace:415] 	Successfully converged to displaced geometry.
2025-12-23:10:48:37,784 INFO     [psi4.optking.displace:416] 	RMS(dx):  0.000e+00 	Max(dx):  0.000e+00 	RMS(dq):  0.000e+00
2025-12-23:10:48:37,784 INFO     [psi4.optking.displace:172] 

	        --- Internal Coordinate Step in ANG or DEG, aJ/ANG or AJ/DEG ---
	-------------------------------------------------------------------------------
	           Coordinate      Previous         Force          Change          New 
	           ----------      --------        ------          ------        ------
	               R(1,2)       1.62335        1.22614        0.11317       1.73652
	-------------------------------------------------------------------------------

2025-12-23:10:48:37,784 INFO     [psi4.optking.stepAlgorithms:113] 	|target step| :    0.2138622936
2025-12-23:10:48:37,784 INFO     [psi4.optking.stepAlgorithms:114] 	gradient     :   -0.1488263684
2025-12-23:10:48:37,784 INFO     [psi4.optking.stepAlgorithms:115] 	hessian      :    0.6640697732
2025-12-23:10:48:37,784 INFO     [psi4.optking.stepAlgorithms:113] 	|target step| :    0.2138622936
2025-12-23:10:48:37,784 INFO     [psi4.optking.stepAlgorithms:114] 	gradient     :   -0.1488263684
2025-12-23:10:48:37,784 INFO     [psi4.optking.stepAlgorithms:115] 	hessian      :    0.6640697732
2025-12-23:10:48:37,784 INFO     [psi4.optking.stepAlgorithms:206] 	Norm of achieved step-size    0.2138622936
2025-12-23:10:48:37,784 INFO     [psi4.optking.stepAlgorithms:208] 	Norm of achieved step-size (cart):    0.1512234780
2025-12-23:10:48:37,784 INFO     [psi4.optking.opt_helper:164] Molsys:

	                            ===> Fragment 1 <== 

	 Z (Atomic Numbers)          Masses                          Geom                  
	       4.000000             9.012183          0.00000000  0.00000000  2.48320417   
	      15.000000            30.973762          0.00000000  0.00000000 -0.79833594   

	 - Coordinate -           - BOHR/RAD -       - ANG/DEG -
	 R(1,2)           =         3.281540           1.736516

2025-12-23:10:48:37,785 INFO     [psi4.optking.convcheck:76] Performing convergence check.
2025-12-23:10:48:37,785 INFO     [psi4.optking.convcheck:282] 
	                                 ==> Convergence Check <==                                  
    
	Measures of convergence in internal coordinates in au.
    
	Criteria marked as inactive (o), active & met (*), and active & unmet ( ).

	----------------------------------------------------------------------------------------------
	   Step    Total Energy     Delta E     Max Force     RMS Force      Max Disp      RMS Disp   
	----------------------------------------------------------------------------------------------
	  Convergence Criteria     1.00e-06 *    3.00e-04 *             o    1.20e-03 *             o
	----------------------------------------------------------------------------------------------
	     4    -356.01720283   -6.76e-02      1.49e-01      1.49e-01 o    2.14e-01      2.14e-01 o  ~
	----------------------------------------------------------------------------------------------


2025-12-23:10:48:37,785 INFO     [psi4.optking.stepAlgorithms:296] 	Convergence check returned False
2025-12-23:10:48:37,795 INFO     [psi4.driver.task_planner:259] PLANNING Atomic:  keywords={'DAMPING_PERCENTAGE': 1.0, 'GEOM_MAXITER': 500, 'SCF__GUESS': 'READ', 'GUESS': 'SAP', 'MAXITER': 500, 'REFERENCE': 'UKS', 'function_kwargs': {}}
2025-12-23:10:48:37,796 INFO     [psi4.driver.driver:638] Compute gradient(): method=b3lyp, basis=cc-pvdz, molecule=default, nre=18.28409768604471
2025-12-23:10:48:38,363 INFO     [psi4.driver.driver:641] Return gradient(): -356.0390907544471
2025-12-23:10:48:38,363 INFO     [psi4.driver.driver:642] [[ 0.00000000  0.00000000 -0.06217299]
 [ 0.00000000 -0.00000000  0.06214755]]
2025-12-23:10:48:38,364 INFO     [psi4.optking.history:269] 	Performing BFGS update.
2025-12-23:10:48:38,365 INFO     [psi4.optking.history:280] 	Using 4 previous steps for update.
2025-12-23:10:48:38,365 WARNING  [psi4.optking.history:301] 	Change in internal coordinate of 5.01e-01 exceeds limit of 5.00e-01.
2025-12-23:10:48:38,365 WARNING  [psi4.optking.history:306] 	Skipping Hessian update for step 3.
2025-12-23:10:48:38,365 WARNING  [psi4.optking.history:301] 	Change in internal coordinate of 7.86e-01 exceeds limit of 5.00e-01.
2025-12-23:10:48:38,365 WARNING  [psi4.optking.history:306] 	Skipping Hessian update for step 2.
2025-12-23:10:48:38,365 WARNING  [psi4.optking.history:301] 	Change in internal coordinate of 1.01e+00 exceeds limit of 5.00e-01.
2025-12-23:10:48:38,365 WARNING  [psi4.optking.history:306] 	Skipping Hessian update for step 1.
2025-12-23:10:48:38,365 INFO     [psi4.optking.history:317] 	Steps to be used in Hessian update:  4

2025-12-23:10:48:38,365 INFO     [psi4.optking.history:418] 	Updated Hessian (in au) 
 	   0.405243

2025-12-23:10:48:38,365 INFO     [psi4.optking.molsys:944] Projected (PHP) Hessian matrix
	   0.405243

2025-12-23:10:48:38,365 INFO     [psi4.optking.opt_helper:182] 
	         Geometry (au)                                       Gradient (au)
   0.0000000000   0.0000000000   2.5419342299		   0.0000000000   0.0000000000  -0.0621729936
   0.0000000000   0.0000000000  -0.7396058838		   0.0000000000  -0.0000000000   0.0621475529

2025-12-23:10:48:38,365 INFO     [psi4.optking.stepAlgorithms:368] 	Current Step Report 
 
	Current energy:      -356.0390907544
	Energy change for the previous step:
		Actual       :        -0.0218879217
		Projected    :        -0.0159141742

2025-12-23:10:48:38,365 INFO     [psi4.optking.stepAlgorithms:371] 	Energy ratio =    1.37537
2025-12-23:10:48:38,365 INFO     [psi4.optking.stepAlgorithms:929] 	Using RFO solution 1.
2025-12-23:10:48:38,365 INFO     [psi4.optking.displace:100] 	Determining Cartesian step for fragment 1.
2025-12-23:10:48:38,366 INFO     [psi4.optking.displace:415] 	Successfully converged to displaced geometry.
2025-12-23:10:48:38,366 INFO     [psi4.optking.displace:416] 	RMS(dx):  0.000e+00 	Max(dx):  0.000e+00 	RMS(dq):  0.000e+00
2025-12-23:10:48:38,366 INFO     [psi4.optking.displace:172] 

	        --- Internal Coordinate Step in ANG or DEG, aJ/ANG or AJ/DEG ---
	-------------------------------------------------------------------------------
	           Coordinate      Previous         Force          Change          New 
	           ----------      --------        ------          ------        ------
	               R(1,2)       1.73652        0.51212        0.07935       1.81586
	-------------------------------------------------------------------------------

2025-12-23:10:48:38,366 INFO     [psi4.optking.stepAlgorithms:113] 	|target step| :    0.1499417034
2025-12-23:10:48:38,366 INFO     [psi4.optking.stepAlgorithms:114] 	gradient     :   -0.0621602732
2025-12-23:10:48:38,366 INFO     [psi4.optking.stepAlgorithms:115] 	hessian      :    0.4052425217
2025-12-23:10:48:38,366 INFO     [psi4.optking.stepAlgorithms:113] 	|target step| :    0.1499417034
2025-12-23:10:48:38,366 INFO     [psi4.optking.stepAlgorithms:114] 	gradient     :   -0.0621602732
2025-12-23:10:48:38,366 INFO     [psi4.optking.stepAlgorithms:115] 	hessian      :    0.4052425217
2025-12-23:10:48:38,366 INFO     [psi4.optking.stepAlgorithms:206] 	Norm of achieved step-size    0.1499417034
2025-12-23:10:48:38,366 INFO     [psi4.optking.stepAlgorithms:208] 	Norm of achieved step-size (cart):    0.1060247953
2025-12-23:10:48:38,366 INFO     [psi4.optking.opt_helper:164] Molsys:

	                            ===> Fragment 1 <== 

	 Z (Atomic Numbers)          Masses                          Geom                  
	       4.000000             9.012183          0.00000000  0.00000000  2.61690508   
	      15.000000            30.973762          0.00000000  0.00000000 -0.81457674   

	 - Coordinate -           - BOHR/RAD -       - ANG/DEG -
	 R(1,2)           =         3.431482           1.815862

2025-12-23:10:48:38,366 INFO     [psi4.optking.convcheck:76] Performing convergence check.
2025-12-23:10:48:38,366 INFO     [psi4.optking.convcheck:282] 
	                                 ==> Convergence Check <==                                  
    
	Measures of convergence in internal coordinates in au.
    
	Criteria marked as inactive (o), active & met (*), and active & unmet ( ).

	----------------------------------------------------------------------------------------------
	   Step    Total Energy     Delta E     Max Force     RMS Force      Max Disp      RMS Disp   
	----------------------------------------------------------------------------------------------
	  Convergence Criteria     1.00e-06 *    3.00e-04 *             o    1.20e-03 *             o
	----------------------------------------------------------------------------------------------
	     5    -356.03909075   -2.19e-02      6.22e-02      6.22e-02 o    1.50e-01      1.50e-01 o  ~
	----------------------------------------------------------------------------------------------


2025-12-23:10:48:38,366 INFO     [psi4.optking.stepAlgorithms:296] 	Convergence check returned False
2025-12-23:10:48:38,377 INFO     [psi4.driver.task_planner:259] PLANNING Atomic:  keywords={'DAMPING_PERCENTAGE': 1.0, 'GEOM_MAXITER': 500, 'SCF__GUESS': 'READ', 'GUESS': 'SAP', 'MAXITER': 500, 'REFERENCE': 'UKS', 'function_kwargs': {}}
2025-12-23:10:48:38,378 INFO     [psi4.driver.driver:638] Compute gradient(): method=b3lyp, basis=cc-pvdz, molecule=default, nre=17.48515749081668
2025-12-23:10:48:38,977 INFO     [psi4.driver.driver:641] Return gradient(): -356.04515405015286
2025-12-23:10:48:38,977 INFO     [psi4.driver.driver:642] [[ 0.00000000  0.00000000 -0.02096209]
 [-0.00000000  0.00000000  0.02094247]]
2025-12-23:10:48:38,979 INFO     [psi4.optking.history:269] 	Performing BFGS update.
2025-12-23:10:48:38,979 INFO     [psi4.optking.history:280] 	Using 4 previous steps for update.
2025-12-23:10:48:38,979 WARNING  [psi4.optking.history:301] 	Change in internal coordinate of 6.51e-01 exceeds limit of 5.00e-01.
2025-12-23:10:48:38,979 WARNING  [psi4.optking.history:306] 	Skipping Hessian update for step 3.
2025-12-23:10:48:38,979 WARNING  [psi4.optking.history:301] 	Change in internal coordinate of 9.36e-01 exceeds limit of 5.00e-01.
2025-12-23:10:48:38,979 WARNING  [psi4.optking.history:306] 	Skipping Hessian update for step 2.
2025-12-23:10:48:38,979 WARNING  [psi4.optking.history:301] 	Change in internal coordinate of 1.16e+00 exceeds limit of 5.00e-01.
2025-12-23:10:48:38,979 WARNING  [psi4.optking.history:306] 	Skipping Hessian update for step 1.
2025-12-23:10:48:38,979 INFO     [psi4.optking.history:317] 	Steps to be used in Hessian update:  5 4

2025-12-23:10:48:38,980 INFO     [psi4.optking.history:418] 	Updated Hessian (in au) 
 	   0.351492

2025-12-23:10:48:38,980 INFO     [psi4.optking.molsys:944] Projected (PHP) Hessian matrix
	   0.351492

2025-12-23:10:48:38,980 INFO     [psi4.optking.opt_helper:182] 
	         Geometry (au)                                       Gradient (au)
   0.0000000000   0.0000000000   2.6580815068		   0.0000000000   0.0000000000  -0.0209620855
   0.0000000000   0.0000000000  -0.7734003103		  -0.0000000000   0.0000000000   0.0209424741

2025-12-23:10:48:38,980 INFO     [psi4.optking.stepAlgorithms:368] 	Current Step Report 
 
	Current energy:      -356.0451540502
	Energy change for the previous step:
		Actual       :        -0.0060632957
		Projected    :        -0.0046602086

2025-12-23:10:48:38,980 INFO     [psi4.optking.stepAlgorithms:371] 	Energy ratio =    1.30108
2025-12-23:10:48:38,980 INFO     [psi4.optking.stepAlgorithms:929] 	Using RFO solution 1.
2025-12-23:10:48:38,980 INFO     [psi4.optking.displace:100] 	Determining Cartesian step for fragment 1.
2025-12-23:10:48:38,980 INFO     [psi4.optking.displace:415] 	Successfully converged to displaced geometry.
2025-12-23:10:48:38,980 INFO     [psi4.optking.displace:416] 	RMS(dx):  0.000e+00 	Max(dx):  0.000e+00 	RMS(dq):  0.000e+00
2025-12-23:10:48:38,980 INFO     [psi4.optking.displace:172] 

	        --- Internal Coordinate Step in ANG or DEG, aJ/ANG or AJ/DEG ---
	-------------------------------------------------------------------------------
	           Coordinate      Previous         Force          Change          New 
	           ----------      --------        ------          ------        ------
	               R(1,2)       1.81586        0.17262        0.03143       1.84729
	-------------------------------------------------------------------------------

2025-12-23:10:48:38,980 INFO     [psi4.optking.stepAlgorithms:113] 	|target step| :    0.0593992799
2025-12-23:10:48:38,980 INFO     [psi4.optking.stepAlgorithms:114] 	gradient     :   -0.0209522798
2025-12-23:10:48:38,980 INFO     [psi4.optking.stepAlgorithms:115] 	hessian      :    0.3514917088
2025-12-23:10:48:38,980 INFO     [psi4.optking.stepAlgorithms:113] 	|target step| :    0.0593992799
2025-12-23:10:48:38,980 INFO     [psi4.optking.stepAlgorithms:114] 	gradient     :   -0.0209522798
2025-12-23:10:48:38,980 INFO     [psi4.optking.stepAlgorithms:115] 	hessian      :    0.3514917088
2025-12-23:10:48:38,980 INFO     [psi4.optking.stepAlgorithms:206] 	Norm of achieved step-size    0.0593992799
2025-12-23:10:48:38,980 INFO     [psi4.optking.stepAlgorithms:208] 	Norm of achieved step-size (cart):    0.0420016336
2025-12-23:10:48:38,981 INFO     [psi4.optking.opt_helper:164] Molsys:

	                            ===> Fragment 1 <== 

	 Z (Atomic Numbers)          Masses                          Geom                  
	       4.000000             9.012183          0.00000000  0.00000000  2.68778115   
	      15.000000            30.973762          0.00000000  0.00000000 -0.80309995   

	 - Coordinate -           - BOHR/RAD -       - ANG/DEG -
	 R(1,2)           =         3.490881           1.847295

2025-12-23:10:48:38,981 INFO     [psi4.optking.convcheck:76] Performing convergence check.
2025-12-23:10:48:38,981 INFO     [psi4.optking.convcheck:282] 
	                                 ==> Convergence Check <==                                  
    
	Measures of convergence in internal coordinates in au.
    
	Criteria marked as inactive (o), active & met (*), and active & unmet ( ).

	----------------------------------------------------------------------------------------------
	   Step    Total Energy     Delta E     Max Force     RMS Force      Max Disp      RMS Disp   
	----------------------------------------------------------------------------------------------
	  Convergence Criteria     1.00e-06 *    3.00e-04 *             o    1.20e-03 *             o
	----------------------------------------------------------------------------------------------
	     6    -356.04515405   -6.06e-03      2.10e-02      2.10e-02 o    5.94e-02      5.94e-02 o  ~
	----------------------------------------------------------------------------------------------


2025-12-23:10:48:38,981 INFO     [psi4.optking.stepAlgorithms:296] 	Convergence check returned False
2025-12-23:10:48:38,991 INFO     [psi4.driver.task_planner:259] PLANNING Atomic:  keywords={'DAMPING_PERCENTAGE': 1.0, 'GEOM_MAXITER': 500, 'SCF__GUESS': 'READ', 'GUESS': 'SAP', 'MAXITER': 500, 'REFERENCE': 'UKS', 'function_kwargs': {}}
2025-12-23:10:48:38,992 INFO     [psi4.driver.driver:638] Compute gradient(): method=b3lyp, basis=cc-pvdz, molecule=default, nre=17.18763782869399
2025-12-23:10:48:39,584 INFO     [psi4.driver.driver:641] Return gradient(): -356.0460076758095
2025-12-23:10:48:39,584 INFO     [psi4.driver.driver:642] [[ 0.00000000 -0.00000000 -0.00808259]
 [ 0.00000000  0.00000000  0.00806734]]
2025-12-23:10:48:39,586 INFO     [psi4.optking.history:269] 	Performing BFGS update.
2025-12-23:10:48:39,586 INFO     [psi4.optking.history:280] 	Using 4 previous steps for update.
2025-12-23:10:48:39,586 WARNING  [psi4.optking.history:301] 	Change in internal coordinate of 7.10e-01 exceeds limit of 5.00e-01.
2025-12-23:10:48:39,586 WARNING  [psi4.optking.history:306] 	Skipping Hessian update for step 3.
2025-12-23:10:48:39,586 WARNING  [psi4.optking.history:301] 	Change in internal coordinate of 9.95e-01 exceeds limit of 5.00e-01.
2025-12-23:10:48:39,586 WARNING  [psi4.optking.history:306] 	Skipping Hessian update for step 2.
2025-12-23:10:48:39,586 WARNING  [psi4.optking.history:301] 	Change in internal coordinate of 1.22e+00 exceeds limit of 5.00e-01.
2025-12-23:10:48:39,586 WARNING  [psi4.optking.history:306] 	Skipping Hessian update for step 1.
2025-12-23:10:48:39,586 INFO     [psi4.optking.history:317] 	Steps to be used in Hessian update:  6 5 4

2025-12-23:10:48:39,586 INFO     [psi4.optking.history:418] 	Updated Hessian (in au) 
 	   0.332586

2025-12-23:10:48:39,586 INFO     [psi4.optking.molsys:944] Projected (PHP) Hessian matrix
	   0.332586

2025-12-23:10:48:39,586 INFO     [psi4.optking.opt_helper:182] 
	         Geometry (au)                                       Gradient (au)
   0.0000000000   0.0000000000   2.7040931531		   0.0000000000  -0.0000000000  -0.0080825924
   0.0000000000   0.0000000000  -0.7867879440		   0.0000000000   0.0000000000   0.0080673413

2025-12-23:10:48:39,586 INFO     [psi4.optking.stepAlgorithms:368] 	Current Step Report 
 
	Current energy:      -356.0460076758
	Energy change for the previous step:
		Actual       :        -0.0008536257
		Projected    :        -0.0006222752

2025-12-23:10:48:39,586 INFO     [psi4.optking.stepAlgorithms:371] 	Energy ratio =    1.37178
2025-12-23:10:48:39,587 INFO     [psi4.optking.stepAlgorithms:929] 	Using RFO solution 1.
2025-12-23:10:48:39,587 INFO     [psi4.optking.displace:100] 	Determining Cartesian step for fragment 1.
2025-12-23:10:48:39,587 INFO     [psi4.optking.displace:415] 	Successfully converged to displaced geometry.
2025-12-23:10:48:39,587 INFO     [psi4.optking.displace:416] 	RMS(dx):  1.282e-16 	Max(dx):  2.220e-16 	RMS(dq):  4.441e-16
2025-12-23:10:48:39,587 INFO     [psi4.optking.displace:172] 

	        --- Internal Coordinate Step in ANG or DEG, aJ/ANG or AJ/DEG ---
	-------------------------------------------------------------------------------
	           Coordinate      Previous         Force          Change          New 
	           ----------      --------        ------          ------        ------
	               R(1,2)       1.84729        0.06653        0.01284       1.86014
	-------------------------------------------------------------------------------

2025-12-23:10:48:39,587 INFO     [psi4.optking.stepAlgorithms:113] 	|target step| :    0.0242650538
2025-12-23:10:48:39,587 INFO     [psi4.optking.stepAlgorithms:114] 	gradient     :   -0.0080749669
2025-12-23:10:48:39,587 INFO     [psi4.optking.stepAlgorithms:115] 	hessian      :    0.3325858026
2025-12-23:10:48:39,587 INFO     [psi4.optking.stepAlgorithms:113] 	|target step| :    0.0242650538
2025-12-23:10:48:39,587 INFO     [psi4.optking.stepAlgorithms:114] 	gradient     :   -0.0080749669
2025-12-23:10:48:39,587 INFO     [psi4.optking.stepAlgorithms:115] 	hessian      :    0.3325858026
2025-12-23:10:48:39,587 INFO     [psi4.optking.stepAlgorithms:206] 	Norm of achieved step-size    0.0242650538
2025-12-23:10:48:39,587 INFO     [psi4.optking.stepAlgorithms:208] 	Norm of achieved step-size (cart):    0.0171579841
2025-12-23:10:48:39,587 INFO     [psi4.optking.opt_helper:164] Molsys:

	                            ===> Fragment 1 <== 

	 Z (Atomic Numbers)          Masses                          Geom                  
	       4.000000             9.012183          0.00000000  0.00000000  2.71622568   
	      15.000000            30.973762          0.00000000  0.00000000 -0.79892047   

	 - Coordinate -           - BOHR/RAD -       - ANG/DEG -
	 R(1,2)           =         3.515146           1.860135

2025-12-23:10:48:39,587 INFO     [psi4.optking.convcheck:76] Performing convergence check.
2025-12-23:10:48:39,587 INFO     [psi4.optking.convcheck:282] 
	                                 ==> Convergence Check <==                                  
    
	Measures of convergence in internal coordinates in au.
    
	Criteria marked as inactive (o), active & met (*), and active & unmet ( ).

	----------------------------------------------------------------------------------------------
	   Step    Total Energy     Delta E     Max Force     RMS Force      Max Disp      RMS Disp   
	----------------------------------------------------------------------------------------------
	  Convergence Criteria     1.00e-06 *    3.00e-04 *             o    1.20e-03 *             o
	----------------------------------------------------------------------------------------------
	     7    -356.04600768   -8.54e-04      8.07e-03      8.07e-03 o    2.43e-02      2.43e-02 o  ~
	----------------------------------------------------------------------------------------------


2025-12-23:10:48:39,587 INFO     [psi4.optking.stepAlgorithms:296] 	Convergence check returned False
2025-12-23:10:48:39,597 INFO     [psi4.driver.task_planner:259] PLANNING Atomic:  keywords={'DAMPING_PERCENTAGE': 1.0, 'GEOM_MAXITER': 500, 'SCF__GUESS': 'READ', 'GUESS': 'SAP', 'MAXITER': 500, 'REFERENCE': 'UKS', 'function_kwargs': {}}
2025-12-23:10:48:39,599 INFO     [psi4.driver.driver:638] Compute gradient(): method=b3lyp, basis=cc-pvdz, molecule=default, nre=17.06899156521369
2025-12-23:10:48:40,173 INFO     [psi4.driver.driver:641] Return gradient(): -356.04614521096494
2025-12-23:10:48:40,173 INFO     [psi4.driver.driver:642] [[ 0.00000000  0.00000000 -0.00330855]
 [-0.00000000  0.00000000  0.00329454]]
2025-12-23:10:48:40,175 INFO     [psi4.optking.history:269] 	Performing BFGS update.
2025-12-23:10:48:40,175 INFO     [psi4.optking.history:280] 	Using 4 previous steps for update.
2025-12-23:10:48:40,175 INFO     [psi4.optking.history:317] 	Steps to be used in Hessian update:  7 6 5 4

2025-12-23:10:48:40,176 INFO     [psi4.optking.history:418] 	Updated Hessian (in au) 
 	   0.325218

2025-12-23:10:48:40,176 INFO     [psi4.optking.molsys:944] Projected (PHP) Hessian matrix
	   0.325218

2025-12-23:10:48:40,176 INFO     [psi4.optking.opt_helper:182] 
	         Geometry (au)                                       Gradient (au)
   0.0000000000   0.0000000000   2.7228892576		   0.0000000000   0.0000000000  -0.0033085531
   0.0000000000   0.0000000000  -0.7922568933		  -0.0000000000   0.0000000000   0.0032945397

2025-12-23:10:48:40,176 INFO     [psi4.optking.stepAlgorithms:368] 	Current Step Report 
 
	Current energy:      -356.0461452110
	Energy change for the previous step:
		Actual       :        -0.0001375352
		Projected    :        -0.0000979698

2025-12-23:10:48:40,176 INFO     [psi4.optking.stepAlgorithms:371] 	Energy ratio =    1.40385
2025-12-23:10:48:40,176 INFO     [psi4.optking.stepAlgorithms:929] 	Using RFO solution 1.
2025-12-23:10:48:40,176 INFO     [psi4.optking.displace:100] 	Determining Cartesian step for fragment 1.
2025-12-23:10:48:40,176 INFO     [psi4.optking.displace:415] 	Successfully converged to displaced geometry.
2025-12-23:10:48:40,176 INFO     [psi4.optking.displace:416] 	RMS(dx):  0.000e+00 	Max(dx):  0.000e+00 	RMS(dq):  0.000e+00
2025-12-23:10:48:40,176 INFO     [psi4.optking.displace:172] 

	        --- Internal Coordinate Step in ANG or DEG, aJ/ANG or AJ/DEG ---
	-------------------------------------------------------------------------------
	           Coordinate      Previous         Force          Change          New 
	           ----------      --------        ------          ------        ------
	               R(1,2)       1.86014        0.02720        0.00537       1.86551
	-------------------------------------------------------------------------------

2025-12-23:10:48:40,176 INFO     [psi4.optking.stepAlgorithms:113] 	|target step| :    0.0101507442
2025-12-23:10:48:40,176 INFO     [psi4.optking.stepAlgorithms:114] 	gradient     :   -0.0033015464
2025-12-23:10:48:40,176 INFO     [psi4.optking.stepAlgorithms:115] 	hessian      :    0.3252181483
2025-12-23:10:48:40,176 INFO     [psi4.optking.stepAlgorithms:113] 	|target step| :    0.0101507442
2025-12-23:10:48:40,176 INFO     [psi4.optking.stepAlgorithms:114] 	gradient     :   -0.0033015464
2025-12-23:10:48:40,176 INFO     [psi4.optking.stepAlgorithms:115] 	hessian      :    0.3252181483
2025-12-23:10:48:40,176 INFO     [psi4.optking.stepAlgorithms:206] 	Norm of achieved step-size    0.0101507442
2025-12-23:10:48:40,176 INFO     [psi4.optking.stepAlgorithms:208] 	Norm of achieved step-size (cart):    0.0071776601
2025-12-23:10:48:40,177 INFO     [psi4.optking.opt_helper:164] Molsys:

	                            ===> Fragment 1 <== 

	 Z (Atomic Numbers)          Masses                          Geom                  
	       4.000000             9.012183          0.00000000  0.00000000  2.72796463   
	      15.000000            30.973762          0.00000000  0.00000000 -0.79733227   

	 - Coordinate -           - BOHR/RAD -       - ANG/DEG -
	 R(1,2)           =         3.525297           1.865507

2025-12-23:10:48:40,177 INFO     [psi4.optking.convcheck:76] Performing convergence check.
2025-12-23:10:48:40,177 INFO     [psi4.optking.convcheck:282] 
	                                 ==> Convergence Check <==                                  
    
	Measures of convergence in internal coordinates in au.
    
	Criteria marked as inactive (o), active & met (*), and active & unmet ( ).

	----------------------------------------------------------------------------------------------
	   Step    Total Energy     Delta E     Max Force     RMS Force      Max Disp      RMS Disp   
	----------------------------------------------------------------------------------------------
	  Convergence Criteria     1.00e-06 *    3.00e-04 *             o    1.20e-03 *             o
	----------------------------------------------------------------------------------------------
	     8    -356.04614521   -1.38e-04      3.30e-03      3.30e-03 o    1.02e-02      1.02e-02 o  ~
	----------------------------------------------------------------------------------------------


2025-12-23:10:48:40,177 INFO     [psi4.optking.stepAlgorithms:296] 	Convergence check returned False
2025-12-23:10:48:40,187 INFO     [psi4.driver.task_planner:259] PLANNING Atomic:  keywords={'DAMPING_PERCENTAGE': 1.0, 'GEOM_MAXITER': 500, 'SCF__GUESS': 'READ', 'GUESS': 'SAP', 'MAXITER': 500, 'REFERENCE': 'UKS', 'function_kwargs': {}}
2025-12-23:10:48:40,189 INFO     [psi4.driver.driver:638] Compute gradient(): method=b3lyp, basis=cc-pvdz, molecule=default, nre=17.019843089784608
2025-12-23:10:48:40,735 INFO     [psi4.driver.driver:641] Return gradient(): -356.04616898153563
2025-12-23:10:48:40,736 INFO     [psi4.driver.driver:642] [[-0.00000000  0.00000000 -0.00139066]
 [-0.00000000  0.00000000  0.00137705]]
2025-12-23:10:48:40,737 INFO     [psi4.optking.history:269] 	Performing BFGS update.
2025-12-23:10:48:40,737 INFO     [psi4.optking.history:280] 	Using 4 previous steps for update.
2025-12-23:10:48:40,738 INFO     [psi4.optking.history:317] 	Steps to be used in Hessian update:  8 7 6 5

2025-12-23:10:48:40,738 INFO     [psi4.optking.history:418] 	Updated Hessian (in au) 
 	   0.249332

2025-12-23:10:48:40,738 INFO     [psi4.optking.molsys:944] Projected (PHP) Hessian matrix
	   0.249332

2025-12-23:10:48:40,738 INFO     [psi4.optking.opt_helper:182] 
	         Geometry (au)                                       Gradient (au)
   0.0000000000   0.0000000000   2.7307521888		  -0.0000000000   0.0000000000  -0.0013906590
   0.0000000000   0.0000000000  -0.7945447063		  -0.0000000000   0.0000000000   0.0013770458

2025-12-23:10:48:40,738 INFO     [psi4.optking.stepAlgorithms:368] 	Current Step Report 
 
	Current energy:      -356.0461689815
	Energy change for the previous step:
		Actual       :        -0.0000237706
		Projected    :        -0.0000167566

2025-12-23:10:48:40,738 INFO     [psi4.optking.stepAlgorithms:371] 	Energy ratio =    1.41858
2025-12-23:10:48:40,738 INFO     [psi4.optking.stepAlgorithms:929] 	Using RFO solution 1.
2025-12-23:10:48:40,738 INFO     [psi4.optking.displace:100] 	Determining Cartesian step for fragment 1.
2025-12-23:10:48:40,739 INFO     [psi4.optking.displace:415] 	Successfully converged to displaced geometry.
2025-12-23:10:48:40,739 INFO     [psi4.optking.displace:416] 	RMS(dx):  1.282e-16 	Max(dx):  2.220e-16 	RMS(dq):  0.000e+00
2025-12-23:10:48:40,739 INFO     [psi4.optking.displace:172] 

	        --- Internal Coordinate Step in ANG or DEG, aJ/ANG or AJ/DEG ---
	-------------------------------------------------------------------------------
	           Coordinate      Previous         Force          Change          New 
	           ----------      --------        ------          ------        ------
	               R(1,2)       1.86551        0.01140        0.00294       1.86844
	-------------------------------------------------------------------------------

2025-12-23:10:48:40,739 INFO     [psi4.optking.stepAlgorithms:113] 	|target step| :    0.0055500640
2025-12-23:10:48:40,739 INFO     [psi4.optking.stepAlgorithms:114] 	gradient     :   -0.0013838524
2025-12-23:10:48:40,739 INFO     [psi4.optking.stepAlgorithms:115] 	hessian      :    0.2493322256
2025-12-23:10:48:40,739 INFO     [psi4.optking.stepAlgorithms:113] 	|target step| :    0.0055500640
2025-12-23:10:48:40,739 INFO     [psi4.optking.stepAlgorithms:114] 	gradient     :   -0.0013838524
2025-12-23:10:48:40,739 INFO     [psi4.optking.stepAlgorithms:115] 	hessian      :    0.2493322256
2025-12-23:10:48:40,739 INFO     [psi4.optking.stepAlgorithms:206] 	Norm of achieved step-size    0.0055500640
2025-12-23:10:48:40,739 INFO     [psi4.optking.stepAlgorithms:208] 	Norm of achieved step-size (cart):    0.0039244879
2025-12-23:10:48:40,739 INFO     [psi4.optking.opt_helper:164] Molsys:

	                            ===> Fragment 1 <== 

	 Z (Atomic Numbers)          Masses                          Geom                  
	       4.000000             9.012183          0.00000000  0.00000000  2.73352722   
	      15.000000            30.973762          0.00000000  0.00000000 -0.79731974   

	 - Coordinate -           - BOHR/RAD -       - ANG/DEG -
	 R(1,2)           =         3.530847           1.868444

2025-12-23:10:48:40,739 INFO     [psi4.optking.convcheck:76] Performing convergence check.
2025-12-23:10:48:40,739 INFO     [psi4.optking.convcheck:282] 
	                                 ==> Convergence Check <==                                  
    
	Measures of convergence in internal coordinates in au.
    
	Criteria marked as inactive (o), active & met (*), and active & unmet ( ).

	----------------------------------------------------------------------------------------------
	   Step    Total Energy     Delta E     Max Force     RMS Force      Max Disp      RMS Disp   
	----------------------------------------------------------------------------------------------
	  Convergence Criteria     1.00e-06 *    3.00e-04 *             o    1.20e-03 *             o
	----------------------------------------------------------------------------------------------
	     9    -356.04616898   -2.38e-05      1.38e-03      1.38e-03 o    5.55e-03      5.55e-03 o  ~
	----------------------------------------------------------------------------------------------


2025-12-23:10:48:40,739 INFO     [psi4.optking.stepAlgorithms:296] 	Convergence check returned False
2025-12-23:10:48:40,749 INFO     [psi4.driver.task_planner:259] PLANNING Atomic:  keywords={'DAMPING_PERCENTAGE': 1.0, 'GEOM_MAXITER': 500, 'SCF__GUESS': 'READ', 'GUESS': 'SAP', 'MAXITER': 500, 'REFERENCE': 'UKS', 'function_kwargs': {}}
2025-12-23:10:48:40,751 INFO     [psi4.driver.driver:638] Compute gradient(): method=b3lyp, basis=cc-pvdz, molecule=default, nre=16.99308995672246
2025-12-23:10:48:41,278 INFO     [psi4.driver.driver:641] Return gradient(): -356.0461738148794
2025-12-23:10:48:41,278 INFO     [psi4.driver.driver:642] [[-0.00000000  0.00000000 -0.00036131]
 [ 0.00000000  0.00000000  0.00034789]]
2025-12-23:10:48:41,280 INFO     [psi4.optking.history:269] 	Performing BFGS update.
2025-12-23:10:48:41,280 INFO     [psi4.optking.history:280] 	Using 4 previous steps for update.
2025-12-23:10:48:41,280 INFO     [psi4.optking.history:317] 	Steps to be used in Hessian update:  9 8 7 6

2025-12-23:10:48:41,280 INFO     [psi4.optking.history:418] 	Updated Hessian (in au) 
 	   0.207293

2025-12-23:10:48:41,280 INFO     [psi4.optking.molsys:944] Projected (PHP) Hessian matrix
	   0.207293

2025-12-23:10:48:41,281 INFO     [psi4.optking.opt_helper:182] 
	         Geometry (au)                                       Gradient (au)
   0.0000000000   0.0000000000   2.7350513585		  -0.0000000000   0.0000000000  -0.0003613068
   0.0000000000   0.0000000000  -0.7957956007		   0.0000000000   0.0000000000   0.0003478869

2025-12-23:10:48:41,281 INFO     [psi4.optking.stepAlgorithms:368] 	Current Step Report 
 
	Current energy:      -356.0461738149
	Energy change for the previous step:
		Actual       :        -0.0000048333
		Projected    :        -0.0000038402

2025-12-23:10:48:41,281 INFO     [psi4.optking.stepAlgorithms:371] 	Energy ratio =    1.25861
2025-12-23:10:48:41,281 INFO     [psi4.optking.stepAlgorithms:929] 	Using RFO solution 1.
2025-12-23:10:48:41,281 INFO     [psi4.optking.displace:100] 	Determining Cartesian step for fragment 1.
2025-12-23:10:48:41,281 INFO     [psi4.optking.displace:415] 	Successfully converged to displaced geometry.
2025-12-23:10:48:41,281 INFO     [psi4.optking.displace:416] 	RMS(dx):  0.000e+00 	Max(dx):  0.000e+00 	RMS(dq):  0.000e+00
2025-12-23:10:48:41,281 INFO     [psi4.optking.displace:172] 

	        --- Internal Coordinate Step in ANG or DEG, aJ/ANG or AJ/DEG ---
	-------------------------------------------------------------------------------
	           Coordinate      Previous         Force          Change          New 
	           ----------      --------        ------          ------        ------
	               R(1,2)       1.86844        0.00292        0.00091       1.86935
	-------------------------------------------------------------------------------

2025-12-23:10:48:41,281 INFO     [psi4.optking.stepAlgorithms:113] 	|target step| :    0.0017106031
2025-12-23:10:48:41,281 INFO     [psi4.optking.stepAlgorithms:114] 	gradient     :   -0.0003545968
2025-12-23:10:48:41,281 INFO     [psi4.optking.stepAlgorithms:115] 	hessian      :    0.2072928451
2025-12-23:10:48:41,281 INFO     [psi4.optking.stepAlgorithms:113] 	|target step| :    0.0017106031
2025-12-23:10:48:41,281 INFO     [psi4.optking.stepAlgorithms:114] 	gradient     :   -0.0003545968
2025-12-23:10:48:41,281 INFO     [psi4.optking.stepAlgorithms:115] 	hessian      :    0.2072928451
2025-12-23:10:48:41,281 INFO     [psi4.optking.stepAlgorithms:206] 	Norm of achieved step-size    0.0017106031
2025-12-23:10:48:41,281 INFO     [psi4.optking.stepAlgorithms:208] 	Norm of achieved step-size (cart):    0.0012095790
2025-12-23:10:48:41,281 INFO     [psi4.optking.opt_helper:164] Molsys:

	                            ===> Fragment 1 <== 

	 Z (Atomic Numbers)          Masses                          Geom                  
	       4.000000             9.012183          0.00000000  0.00000000  2.73590666   
	      15.000000            30.973762          0.00000000  0.00000000 -0.79665090   

	 - Coordinate -           - BOHR/RAD -       - ANG/DEG -
	 R(1,2)           =         3.532558           1.869349

2025-12-23:10:48:41,282 INFO     [psi4.optking.convcheck:76] Performing convergence check.
2025-12-23:10:48:41,282 INFO     [psi4.optking.convcheck:282] 
	                                 ==> Convergence Check <==                                  
    
	Measures of convergence in internal coordinates in au.
    
	Criteria marked as inactive (o), active & met (*), and active & unmet ( ).

	----------------------------------------------------------------------------------------------
	   Step    Total Energy     Delta E     Max Force     RMS Force      Max Disp      RMS Disp   
	----------------------------------------------------------------------------------------------
	  Convergence Criteria     1.00e-06 *    3.00e-04 *             o    1.20e-03 *             o
	----------------------------------------------------------------------------------------------
	    10    -356.04617381   -4.83e-06      3.55e-04      3.55e-04 o    1.71e-03      1.71e-03 o  ~
	----------------------------------------------------------------------------------------------


2025-12-23:10:48:41,282 INFO     [psi4.optking.stepAlgorithms:296] 	Convergence check returned False
2025-12-23:10:48:41,292 INFO     [psi4.driver.task_planner:259] PLANNING Atomic:  keywords={'DAMPING_PERCENTAGE': 1.0, 'GEOM_MAXITER': 500, 'SCF__GUESS': 'READ', 'GUESS': 'SAP', 'MAXITER': 500, 'REFERENCE': 'UKS', 'function_kwargs': {}}
2025-12-23:10:48:41,293 INFO     [psi4.driver.driver:638] Compute gradient(): method=b3lyp, basis=cc-pvdz, molecule=default, nre=16.98486123533011
2025-12-23:10:48:41,832 INFO     [psi4.driver.driver:641] Return gradient(): -356.04617416608687
2025-12-23:10:48:41,832 INFO     [psi4.driver.driver:642] [[ 0.00000000  0.00000000 -0.00004677]
 [ 0.00000000  0.00000000  0.00003340]]
2025-12-23:10:48:41,834 INFO     [psi4.optking.history:269] 	Performing BFGS update.
2025-12-23:10:48:41,834 INFO     [psi4.optking.history:280] 	Using 4 previous steps for update.
2025-12-23:10:48:41,834 INFO     [psi4.optking.history:317] 	Steps to be used in Hessian update:  10 9 8 7

2025-12-23:10:48:41,834 INFO     [psi4.optking.history:418] 	Updated Hessian (in au) 
 	   0.192792

2025-12-23:10:48:41,834 INFO     [psi4.optking.molsys:944] Projected (PHP) Hessian matrix
	   0.192792

2025-12-23:10:48:41,834 INFO     [psi4.optking.opt_helper:182] 
	         Geometry (au)                                       Gradient (au)
   0.0000000000   0.0000000000   2.7363764194		   0.0000000000   0.0000000000  -0.0000467665
   0.0000000000   0.0000000000  -0.7961811428		   0.0000000000   0.0000000000   0.0000334028

2025-12-23:10:48:41,834 INFO     [psi4.optking.stepAlgorithms:368] 	Current Step Report 
 
	Current energy:      -356.0461741661
	Energy change for the previous step:
		Actual       :        -0.0000003512
		Projected    :        -0.0000003033

2025-12-23:10:48:41,834 INFO     [psi4.optking.stepAlgorithms:371] 	Energy ratio =    1.15800
2025-12-23:10:48:41,834 INFO     [psi4.optking.stepAlgorithms:929] 	Using RFO solution 1.
2025-12-23:10:48:41,834 INFO     [psi4.optking.displace:100] 	Determining Cartesian step for fragment 1.
2025-12-23:10:48:41,835 INFO     [psi4.optking.displace:415] 	Successfully converged to displaced geometry.
2025-12-23:10:48:41,835 INFO     [psi4.optking.displace:416] 	RMS(dx):  0.000e+00 	Max(dx):  0.000e+00 	RMS(dq):  0.000e+00
2025-12-23:10:48:41,835 INFO     [psi4.optking.displace:172] 

	        --- Internal Coordinate Step in ANG or DEG, aJ/ANG or AJ/DEG ---
	-------------------------------------------------------------------------------
	           Coordinate      Previous         Force          Change          New 
	           ----------      --------        ------          ------        ------
	               R(1,2)       1.86935        0.00033        0.00011       1.86946
	-------------------------------------------------------------------------------

2025-12-23:10:48:41,835 INFO     [psi4.optking.stepAlgorithms:113] 	|target step| :    0.0002079166
2025-12-23:10:48:41,835 INFO     [psi4.optking.stepAlgorithms:114] 	gradient     :   -0.0000400846
2025-12-23:10:48:41,835 INFO     [psi4.optking.stepAlgorithms:115] 	hessian      :    0.1927918366
2025-12-23:10:48:41,835 INFO     [psi4.optking.stepAlgorithms:113] 	|target step| :    0.0002079166
2025-12-23:10:48:41,835 INFO     [psi4.optking.stepAlgorithms:114] 	gradient     :   -0.0000400846
2025-12-23:10:48:41,835 INFO     [psi4.optking.stepAlgorithms:115] 	hessian      :    0.1927918366
2025-12-23:10:48:41,835 INFO     [psi4.optking.stepAlgorithms:206] 	Norm of achieved step-size    0.0002079166
2025-12-23:10:48:41,835 INFO     [psi4.optking.stepAlgorithms:208] 	Norm of achieved step-size (cart):    0.0001470192
2025-12-23:10:48:41,835 INFO     [psi4.optking.opt_helper:164] Molsys:

	                            ===> Fragment 1 <== 

	 Z (Atomic Numbers)          Masses                          Geom                  
	       4.000000             9.012183          0.00000000  0.00000000  2.73648038   
	      15.000000            30.973762          0.00000000  0.00000000 -0.79628510   

	 - Coordinate -           - BOHR/RAD -       - ANG/DEG -
	 R(1,2)           =         3.532765           1.869459

2025-12-23:10:48:41,835 INFO     [psi4.optking.convcheck:76] Performing convergence check.
2025-12-23:10:48:41,835 INFO     [psi4.optking.convcheck:282] 
	                                 ==> Convergence Check <==                                  
    
	Measures of convergence in internal coordinates in au.
    
	Criteria marked as inactive (o), active & met (*), and active & unmet ( ).

	----------------------------------------------------------------------------------------------
	   Step    Total Energy     Delta E     Max Force     RMS Force      Max Disp      RMS Disp   
	----------------------------------------------------------------------------------------------
	  Convergence Criteria     1.00e-06 *    3.00e-04 *             o    1.20e-03 *             o
	----------------------------------------------------------------------------------------------
	    11    -356.04617417   -3.51e-07 *    4.01e-05 *    4.01e-05 o    2.08e-04 *    2.08e-04 o  ~
	----------------------------------------------------------------------------------------------


2025-12-23:10:48:41,835 INFO     [psi4.optking.convcheck:206] 
	                      ===> Final Convergence Report <===                     

	----------------------------------------------------------------------------
	|   Required Criteria    |  One or More Criteria  |   Alternate Criteria   |
	----------------------------------------------------------------------------
	| [x]     max_force      | [x]       max_DE       |                        |
	|                        | [x]      max_disp      |                        |
	----------------------------------------------------------------------------


2025-12-23:10:48:41,835 INFO     [psi4.optking.stepAlgorithms:296] 	Convergence check returned True
2025-12-23:10:48:41,835 INFO     [psi4.optking.optimize:332] 	Converged in 11 steps!
2025-12-23:10:48:41,835 INFO     [psi4.optking.optimize:333] 	Final energy is   -356.0461741660869
2025-12-23:10:48:41,835 INFO     [psi4.optking.optimize:334] 	Final structure (Angstroms): 
	Fragment 1 (Ang)

	   Be   0.0000000000   0.0000000000   1.4480830533
	    P   0.0000000000   0.0000000000  -0.4213759287


2025-12-23:10:48:41,836 INFO     [psi4.optking.optimize:562] 	Optimization Finished

	==> Optimization Summary <==

        
	Measures of convergence in internal coordinates in au. (Any backward steps not shown.)
        
	---------------------------------------------------------------------------------------------------------------  ~
        
	 Step         Total Energy             Delta E       MAX Force       RMS Force        MAX Disp        RMS Disp   ~
        
	---------------------------------------------------------------------------------------------------------------  ~
        
	     1    -355.625277665964   -355.625277665964      1.00676799      1.00676799      0.22819096      0.22819096  ~
	     2    -355.812117172365     -0.186839506401      0.64873477      0.64873477      0.28503054      0.28503054  ~
	     3    -355.949627519257     -0.137510346892      0.33927160      0.33927160      0.28678497      0.28678497  ~
	     4    -356.017202832751     -0.067575313495      0.14882637      0.14882637      0.21386229      0.21386229  ~
	     5    -356.039090754447     -0.021887921696      0.06216027      0.06216027      0.14994170      0.14994170  ~
	     6    -356.045154050153     -0.006063295706      0.02095228      0.02095228      0.05939928      0.05939928  ~
	     7    -356.046007675810     -0.000853625657      0.00807497      0.00807497      0.02426505      0.02426505  ~
	     8    -356.046145210965     -0.000137535155      0.00330155      0.00330155      0.01015074      0.01015074  ~
	     9    -356.046168981536     -0.000023770571      0.00138385      0.00138385      0.00555006      0.00555006  ~
	    10    -356.046173814879     -0.000004833344      0.00035460      0.00035460      0.00171060      0.00171060  ~
	    11    -356.046174166087     -0.000000351207      0.00004008      0.00004008      0.00020792      0.00020792  ~
	----------------------------------------------------------------------------------------------------------------


2025-12-23:10:48:41,836 INFO     [psi4.optking.optimize:806] Preparing OptimizationResult
