2025-12-23:11:15:44,983 WARNING  [psi4.optking:38] Some dependencies such as QCElemental have not yet finished migration to pydantic v2. If issues are encountered please downgrade pydantic or upgrade QCElemental as appropriate
2025-12-23:11:15:45,145 INFO     [psi4.optking.optwrapper:234] Creating a UserComputer
2025-12-23:11:15:45,145 INFO     [psi4.optking.optwrapper:242] 
    			-----------------------------------------

    			 OPTKING 3.0: for geometry optimizations 

    			     By R.A. King, Bethel University     

    			        with contributions from          

    			    A.V. Copan, J. Cayton, A. Heide      

    			-----------------------------------------

    
2025-12-23:11:15:45,145 INFO     [psi4.optking.optwrapper:272] 
		 -- Optimization Parameters --
	GEOM_MAXITER                   =             500
	ALG_GEOM_MAXITER               =              50
	PRINT                          =               1
	OPT_TYPE                       =             MIN
	STEP_TYPE                      =             RFO
	PROGRAM                        =            PSI4
	STEEPEST_DESCENT_TYPE          =         OVERLAP
	CONJUGATE_GRADIENT_TYPE        =        FLETCHER
	OPT_COORDINATES                =        INTERNAL
	RFO_FOLLOW_ROOT                =           False
	RFO_ROOT                       =               0
	ACCEPT_SYMMETRY_BREAKING       =           False
	DYNAMIC_LVL                    =               0
	DYNAMIC_LVL_MAX                =               0
	IRC_STEP_SIZE                  =             0.2
	IRC_DIRECTION                  =         FORWARD
	IRC_POINTS                     =              20
	IRC_MODE                       =          NORMAL
	IRC_CONVERGENCE                =            -0.7
	INTRAFRAG_STEP_LIMIT           =             0.5
	INTRAFRAG_STEP_LIMIT_MIN       =           0.001
	INTRAFRAG_STEP_LIMIT_MAX       =             1.0
	INTERFRAG_STEP_LIMIT           =             0.5
	INTERFRAG_STEP_LIMIT_MIN       =           0.001
	INTERFRAG_STEP_LIMIT_MAX       =             1.0
	ENSURE_BT_CONVERGENCE          =           False
	SIMPLE_STEP_SCALING            =           False
	CONSECUTIVE_BACKSTEPS          =               0
	RFO_NORMALIZATION_MAX          =             100
	RSRFO_ALPHA_MAX                =     100000000.0
	PRINT_TRAJECTORY_XYZ_FILE      =           False
	WRITE_TRAJECTORY               =           False
	FROZEN_DISTANCE                =                
	FROZEN_BEND                    =                
	FROZEN_DIHEDRAL                =                
	FROZEN_OOFP                    =                
	FROZEN_CARTESIAN               =                
	FREEZE_ALL_DIHEDRALS           =           False
	UNFREEZE_DIHEDRALS             =                
	RANGED_DISTANCE                =                
	RANGED_BEND                    =                
	RANGED_DIHEDRAL                =                
	RANGED_OOFP                    =                
	RANGED_CARTESIAN               =                
	EXT_FORCE_DISTANCE             =                
	EXT_FORCE_BEND                 =                
	EXT_FORCE_DIHEDRAL             =                
	EXT_FORCE_OOFP                 =                
	EXT_FORCE_CARTESIAN            =                
	G_CONVERGENCE                  =           QCHEM
	MAX_FORCE_G_CONVERGENCE        =          0.0003
	RMS_FORCE_G_CONVERGENCE        =          0.0003
	MAX_ENERGY_G_CONVERGENCE       =           1e-06
	MAX_DISP_G_CONVERGENCE         =          0.0012
	RMS_DISP_G_CONVERGENCE         =          0.0012
	FLEXIBLE_G_CONVERGENCE         =           False
	HESS_UPDATE                    =            BFGS
	HESS_UPDATE_USE_LAST           =               4
	HESS_UPDATE_LIMIT              =            True
	HESS_UPDATE_LIMIT_MAX          =             1.0
	HESS_UPDATE_LIMIT_SCALE        =             0.5
	HESS_UPDATE_DEN_TOL            =           1e-07
	HESS_UPDATE_DQ_TOL             =             0.5
	CART_HESS_READ                 =           False
	HESSIAN_FILE                   =               .
	FULL_HESS_EVERY                =              -1
	INTRAFRAG_HESS                 =        SCHLEGEL
	H_GUESS_EVERY                  =           False
	BT_MAX_ITER                    =              25
	BT_DX_CONV                     =           1e-07
	BT_DX_RMS_CHANGE_CONV          =           1e-12
	BT_PINV_RCOND                  =           1e-06
	FRAG_MODE                      =          SINGLE
	FRAG_REF_ATOMS                 =              []
	FREEZE_INTRAFRAG               =           False
	INTERFRAG_MODE                 =           FIXED
	ADD_AUXILIARY_BONDS            =           False
	AUXILIARY_BOND_FACTOR          =             2.5
	INTERFRAG_DIST_INV             =           False
	INTERFRAG_COLLINEAR_TOL        =            0.01
	INTERFRAG_COORDS               =              []
	INTERFRAG_HESS                 =         DEFAULT
	COVALENT_CONNECT               =             1.3
	INTERFRAGMENT_CONNECT          =             1.8
	H_BOND_CONNECT                 =             4.3
	INCLUDE_OOFP                   =           False
	TEST_B                         =           False
	TEST_DERIVATIVE_B              =           False
	LINESEARCH_STEP                =             0.1
	LINESEARCH                     =           False
	SD_HESSIAN                     =             1.0
	FIX_VAL_NEAR_PI                =            1.57
	V3D_TORS_ANGLE_LIM             =           0.017
	V3D_TORS_COS_TOL               =           1e-10
	LINEAR_BEND_THRESHOLD          =            3.05
	SMALL_BEND_FIX_THRESHOLD       =            0.35
	REDUNDANT_EVAL_TOL             =           1e-10
	LINEAR_ALGEBRA_TOL             =           1e-10


2025-12-23:11:15:45,274 INFO     [psi4.optking.opt_helper:164] Molsys:

	                            ===> Fragment 1 <== 

	 Z (Atomic Numbers)          Masses                          Geom                  
	       9.000000            18.998403          0.00000000  0.00000000  1.35054879   
	      14.000000            27.976927          0.00000000  0.00000000 -0.91712256   

	 - Coordinate -           - BOHR/RAD -       - ANG/DEG -
	 R(1,2)           =         2.267671           1.200000

2025-12-23:11:15:45,284 INFO     [psi4.driver.task_planner:259] PLANNING Atomic:  keywords={'DAMPING_PERCENTAGE': 1.0, 'GEOM_MAXITER': 500, 'GUESS': 'SAP', 'MAXITER': 500, 'REFERENCE': 'UKS', 'function_kwargs': {}}
2025-12-23:11:15:45,286 INFO     [psi4.driver.driver:638] Compute gradient(): method=b3lyp, basis=cc-pvdz, molecule=default, nre=55.56360712035001
2025-12-23:11:15:45,899 INFO     [psi4.driver.driver:641] Return gradient(): -388.972772175803
2025-12-23:11:15:45,899 INFO     [psi4.driver.driver:642] [[ 0.00000000  0.00000000 -1.05151701]
 [ 0.00000000 -0.00000000  1.05149142]]
2025-12-23:11:15:45,901 INFO     [psi4.optking.molsys:944] Projected (PHP) Hessian matrix
	   4.182219

2025-12-23:11:15:45,901 INFO     [psi4.optking.opt_helper:182] 
	         Geometry (au)                                       Gradient (au)
   0.0000000000   0.0000000000   1.3505487921		   0.0000000000   0.0000000000  -1.0515170069
   0.0000000000   0.0000000000  -0.9171225585		   0.0000000000  -0.0000000000   1.0514914208

2025-12-23:11:15:45,901 INFO     [psi4.optking.stepAlgorithms:929] 	Using RFO solution 1.
2025-12-23:11:15:45,901 INFO     [psi4.optking.displace:100] 	Determining Cartesian step for fragment 1.
2025-12-23:11:15:45,902 INFO     [psi4.optking.displace:415] 	Successfully converged to displaced geometry.
2025-12-23:11:15:45,902 INFO     [psi4.optking.displace:416] 	RMS(dx):  0.000e+00 	Max(dx):  0.000e+00 	RMS(dq):  0.000e+00
2025-12-23:11:15:45,902 INFO     [psi4.optking.displace:172] 

	        --- Internal Coordinate Step in ANG or DEG, aJ/ANG or AJ/DEG ---
	-------------------------------------------------------------------------------
	           Coordinate      Previous         Force          Change          New 
	           ----------      --------        ------          ------        ------
	               R(1,2)       1.20000        8.66305        0.12556       1.32556
	-------------------------------------------------------------------------------

2025-12-23:11:15:45,902 INFO     [psi4.optking.stepAlgorithms:113] 	|target step| :    0.2372684271
2025-12-23:11:15:45,902 INFO     [psi4.optking.stepAlgorithms:114] 	gradient     :   -1.0515042138
2025-12-23:11:15:45,902 INFO     [psi4.optking.stepAlgorithms:115] 	hessian      :    4.1822185214
2025-12-23:11:15:45,902 INFO     [psi4.optking.stepAlgorithms:113] 	|target step| :    0.2372684271
2025-12-23:11:15:45,902 INFO     [psi4.optking.stepAlgorithms:114] 	gradient     :   -1.0515042138
2025-12-23:11:15:45,902 INFO     [psi4.optking.stepAlgorithms:115] 	hessian      :    4.1822185214
2025-12-23:11:15:45,902 INFO     [psi4.optking.stepAlgorithms:206] 	Norm of achieved step-size    0.2372684271
2025-12-23:11:15:45,902 INFO     [psi4.optking.stepAlgorithms:208] 	Norm of achieved step-size (cart):    0.1677741138
2025-12-23:11:15:45,902 INFO     [psi4.optking.opt_helper:164] Molsys:

	                            ===> Fragment 1 <== 

	 Z (Atomic Numbers)          Masses                          Geom                  
	       9.000000            18.998403          0.00000000  0.00000000  1.46918301   
	      14.000000            27.976927          0.00000000  0.00000000 -1.03575677   

	 - Coordinate -           - BOHR/RAD -       - ANG/DEG -
	 R(1,2)           =         2.504940           1.325557

2025-12-23:11:15:45,902 INFO     [psi4.optking.convcheck:76] Performing convergence check.
2025-12-23:11:15:45,902 INFO     [psi4.optking.convcheck:282] 
	                                 ==> Convergence Check <==                                  
    
	Measures of convergence in internal coordinates in au.
    
	Criteria marked as inactive (o), active & met (*), and active & unmet ( ).

	----------------------------------------------------------------------------------------------~
	   Step    Total Energy     Delta E     Max Force     RMS Force      Max Disp      RMS Disp   ~
	----------------------------------------------------------------------------------------------~
	  Convergence Criteria     1.00e-06 *    3.00e-04 *             o    1.20e-03 *             o~
	----------------------------------------------------------------------------------------------~
	     1    -388.97277218   -3.89e+02      1.05e+00      1.05e+00 o    2.37e-01      2.37e-01 o  ~
	----------------------------------------------------------------------------------------------


2025-12-23:11:15:45,902 INFO     [psi4.optking.stepAlgorithms:296] 	Convergence check returned False
2025-12-23:11:15:45,914 INFO     [psi4.driver.task_planner:259] PLANNING Atomic:  keywords={'DAMPING_PERCENTAGE': 1.0, 'GEOM_MAXITER': 500, 'SCF__GUESS': 'READ', 'GUESS': 'SAP', 'MAXITER': 500, 'REFERENCE': 'UKS', 'function_kwargs': {}}
2025-12-23:11:15:45,915 INFO     [psi4.driver.driver:638] Compute gradient(): method=b3lyp, basis=cc-pvdz, molecule=default, nre=50.30061046755158
2025-12-23:11:15:46,445 INFO     [psi4.driver.driver:641] Return gradient(): -389.1543268832179
2025-12-23:11:15:46,445 INFO     [psi4.driver.driver:642] [[ 0.00000000  0.00000000 -0.53336153]
 [ 0.00000000  0.00000000  0.53325526]]
2025-12-23:11:15:46,447 INFO     [psi4.optking.history:269] 	Performing BFGS update.
2025-12-23:11:15:46,447 INFO     [psi4.optking.history:280] 	Using 1 previous steps for update.
2025-12-23:11:15:46,447 INFO     [psi4.optking.history:317] 	Steps to be used in Hessian update:  1

2025-12-23:11:15:46,447 INFO     [psi4.optking.history:418] 	Updated Hessian (in au) 
 	   2.184007

2025-12-23:11:15:46,447 INFO     [psi4.optking.molsys:944] Projected (PHP) Hessian matrix
	   2.184007

2025-12-23:11:15:46,447 INFO     [psi4.optking.opt_helper:182] 
	         Geometry (au)                                       Gradient (au)
   0.0000000000   0.0000000000   1.4918578876		   0.0000000000   0.0000000000  -0.5333615318
   0.0000000000   0.0000000000  -1.0130818900		   0.0000000000   0.0000000000   0.5332552622

2025-12-23:11:15:46,447 INFO     [psi4.optking.stepAlgorithms:368] 	Current Step Report 
 
	Current energy:      -389.1543268832
	Energy change for the previous step:
		Actual       :        -0.1815547074
		Projected    :        -0.1247443755

2025-12-23:11:15:46,447 INFO     [psi4.optking.stepAlgorithms:371] 	Energy ratio =    1.45541
2025-12-23:11:15:46,447 INFO     [psi4.optking.stepAlgorithms:399] 	Energy ratio indicates good step.
2025-12-23:11:15:46,447 INFO     [psi4.optking.stepAlgorithms:400] 	Intrafrag trust radius increased to      1.
2025-12-23:11:15:46,447 INFO     [psi4.optking.stepAlgorithms:929] 	Using RFO solution 1.
2025-12-23:11:15:46,447 INFO     [psi4.optking.displace:100] 	Determining Cartesian step for fragment 1.
2025-12-23:11:15:46,448 INFO     [psi4.optking.displace:415] 	Successfully converged to displaced geometry.
2025-12-23:11:15:46,448 INFO     [psi4.optking.displace:416] 	RMS(dx):  0.000e+00 	Max(dx):  0.000e+00 	RMS(dq):  0.000e+00
2025-12-23:11:15:46,448 INFO     [psi4.optking.displace:172] 

	        --- Internal Coordinate Step in ANG or DEG, aJ/ANG or AJ/DEG ---
	-------------------------------------------------------------------------------
	           Coordinate      Previous         Force          Change          New 
	           ----------      --------        ------          ------        ------
	               R(1,2)       1.32556        4.39378        0.12232       1.44787
	-------------------------------------------------------------------------------

2025-12-23:11:15:46,448 INFO     [psi4.optking.stepAlgorithms:113] 	|target step| :    0.2311419466
2025-12-23:11:15:46,448 INFO     [psi4.optking.stepAlgorithms:114] 	gradient     :   -0.5333083970
2025-12-23:11:15:46,448 INFO     [psi4.optking.stepAlgorithms:115] 	hessian      :    2.1840066258
2025-12-23:11:15:46,448 INFO     [psi4.optking.stepAlgorithms:113] 	|target step| :    0.2311419466
2025-12-23:11:15:46,448 INFO     [psi4.optking.stepAlgorithms:114] 	gradient     :   -0.5333083970
2025-12-23:11:15:46,448 INFO     [psi4.optking.stepAlgorithms:115] 	hessian      :    2.1840066258
2025-12-23:11:15:46,448 INFO     [psi4.optking.stepAlgorithms:206] 	Norm of achieved step-size    0.2311419466
2025-12-23:11:15:46,448 INFO     [psi4.optking.stepAlgorithms:208] 	Norm of achieved step-size (cart):    0.1634420379
2025-12-23:11:15:46,448 INFO     [psi4.optking.opt_helper:164] Molsys:

	                            ===> Fragment 1 <== 

	 Z (Atomic Numbers)          Masses                          Geom                  
	       9.000000            18.998403          0.00000000  0.00000000  1.60742886   
	      14.000000            27.976927          0.00000000  0.00000000 -1.12865286   

	 - Coordinate -           - BOHR/RAD -       - ANG/DEG -
	 R(1,2)           =         2.736082           1.447872

2025-12-23:11:15:46,448 INFO     [psi4.optking.convcheck:76] Performing convergence check.
2025-12-23:11:15:46,448 INFO     [psi4.optking.convcheck:282] 
	                                 ==> Convergence Check <==                                  
    
	Measures of convergence in internal coordinates in au.
    
	Criteria marked as inactive (o), active & met (*), and active & unmet ( ).

	----------------------------------------------------------------------------------------------
	   Step    Total Energy     Delta E     Max Force     RMS Force      Max Disp      RMS Disp   
	----------------------------------------------------------------------------------------------
	  Convergence Criteria     1.00e-06 *    3.00e-04 *             o    1.20e-03 *             o
	----------------------------------------------------------------------------------------------
	     2    -389.15432688   -1.82e-01      5.33e-01      5.33e-01 o    2.31e-01      2.31e-01 o  ~
	----------------------------------------------------------------------------------------------


2025-12-23:11:15:46,448 INFO     [psi4.optking.stepAlgorithms:296] 	Convergence check returned False
2025-12-23:11:15:46,459 INFO     [psi4.driver.task_planner:259] PLANNING Atomic:  keywords={'DAMPING_PERCENTAGE': 1.0, 'GEOM_MAXITER': 500, 'SCF__GUESS': 'READ', 'GUESS': 'SAP', 'MAXITER': 500, 'REFERENCE': 'UKS', 'function_kwargs': {}}
2025-12-23:11:15:46,460 INFO     [psi4.driver.driver:638] Compute gradient(): method=b3lyp, basis=cc-pvdz, molecule=default, nre=46.05125602935585
2025-12-23:11:15:46,989 INFO     [psi4.driver.driver:641] Return gradient(): -389.24285224450136
2025-12-23:11:15:46,989 INFO     [psi4.driver.driver:642] [[ 0.00000000 -0.00000000 -0.25959438]
 [ 0.00000000  0.00000000  0.25954675]]
2025-12-23:11:15:46,991 INFO     [psi4.optking.history:269] 	Performing BFGS update.
2025-12-23:11:15:46,991 INFO     [psi4.optking.history:280] 	Using 2 previous steps for update.
2025-12-23:11:15:46,991 INFO     [psi4.optking.history:317] 	Steps to be used in Hessian update:  2 1

2025-12-23:11:15:46,991 INFO     [psi4.optking.history:418] 	Updated Hessian (in au) 
 	   1.690683

2025-12-23:11:15:46,991 INFO     [psi4.optking.molsys:944] Projected (PHP) Hessian matrix
	   1.690683

2025-12-23:11:15:46,991 INFO     [psi4.optking.opt_helper:182] 
	         Geometry (au)                                       Gradient (au)
   0.0000000000   0.0000000000   1.6295182575		   0.0000000000  -0.0000000000  -0.2595943820
   0.0000000000   0.0000000000  -1.1065634668		   0.0000000000   0.0000000000   0.2595467468

2025-12-23:11:15:46,991 INFO     [psi4.optking.stepAlgorithms:368] 	Current Step Report 
 
	Current energy:      -389.2428522445
	Energy change for the previous step:
		Actual       :        -0.0885253613
		Projected    :        -0.0616349705

2025-12-23:11:15:46,991 INFO     [psi4.optking.stepAlgorithms:371] 	Energy ratio =    1.43628
2025-12-23:11:15:46,991 INFO     [psi4.optking.stepAlgorithms:929] 	Using RFO solution 1.
2025-12-23:11:15:46,991 INFO     [psi4.optking.displace:100] 	Determining Cartesian step for fragment 1.
2025-12-23:11:15:46,992 INFO     [psi4.optking.displace:415] 	Successfully converged to displaced geometry.
2025-12-23:11:15:46,992 INFO     [psi4.optking.displace:416] 	RMS(dx):  1.282e-16 	Max(dx):  2.220e-16 	RMS(dq):  4.441e-16
2025-12-23:11:15:46,992 INFO     [psi4.optking.displace:172] 

	        --- Internal Coordinate Step in ANG or DEG, aJ/ANG or AJ/DEG ---
	-------------------------------------------------------------------------------
	           Coordinate      Previous         Force          Change          New 
	           ----------      --------        ------          ------        ------
	               R(1,2)       1.44787        2.13853        0.07941       1.52729
	-------------------------------------------------------------------------------

2025-12-23:11:15:46,992 INFO     [psi4.optking.stepAlgorithms:113] 	|target step| :    0.1500722134
2025-12-23:11:15:46,992 INFO     [psi4.optking.stepAlgorithms:114] 	gradient     :   -0.2595705644
2025-12-23:11:15:46,992 INFO     [psi4.optking.stepAlgorithms:115] 	hessian      :    1.6906834134
2025-12-23:11:15:46,992 INFO     [psi4.optking.stepAlgorithms:113] 	|target step| :    0.1500722134
2025-12-23:11:15:46,992 INFO     [psi4.optking.stepAlgorithms:114] 	gradient     :   -0.2595705644
2025-12-23:11:15:46,992 INFO     [psi4.optking.stepAlgorithms:115] 	hessian      :    1.6906834134
2025-12-23:11:15:46,992 INFO     [psi4.optking.stepAlgorithms:206] 	Norm of achieved step-size    0.1500722134
2025-12-23:11:15:46,992 INFO     [psi4.optking.stepAlgorithms:208] 	Norm of achieved step-size (cart):    0.1061170798
2025-12-23:11:15:46,992 INFO     [psi4.optking.opt_helper:164] Molsys:

	                            ===> Fragment 1 <== 

	 Z (Atomic Numbers)          Masses                          Geom                  
	       9.000000            18.998403          0.00000000  0.00000000  1.70455436   
	      14.000000            27.976927          0.00000000  0.00000000 -1.18159957   

	 - Coordinate -           - BOHR/RAD -       - ANG/DEG -
	 R(1,2)           =         2.886154           1.527287

2025-12-23:11:15:46,992 INFO     [psi4.optking.convcheck:76] Performing convergence check.
2025-12-23:11:15:46,992 INFO     [psi4.optking.convcheck:282] 
	                                 ==> Convergence Check <==                                  
    
	Measures of convergence in internal coordinates in au.
    
	Criteria marked as inactive (o), active & met (*), and active & unmet ( ).

	----------------------------------------------------------------------------------------------
	   Step    Total Energy     Delta E     Max Force     RMS Force      Max Disp      RMS Disp   
	----------------------------------------------------------------------------------------------
	  Convergence Criteria     1.00e-06 *    3.00e-04 *             o    1.20e-03 *             o
	----------------------------------------------------------------------------------------------
	     3    -389.24285224   -8.85e-02      2.60e-01      2.60e-01 o    1.50e-01      1.50e-01 o  ~
	----------------------------------------------------------------------------------------------


2025-12-23:11:15:46,992 INFO     [psi4.optking.stepAlgorithms:296] 	Convergence check returned False
2025-12-23:11:15:47,3 INFO     [psi4.driver.task_planner:259] PLANNING Atomic:  keywords={'DAMPING_PERCENTAGE': 1.0, 'GEOM_MAXITER': 500, 'SCF__GUESS': 'READ', 'GUESS': 'SAP', 'MAXITER': 500, 'REFERENCE': 'UKS', 'function_kwargs': {}}
2025-12-23:11:15:47,4 INFO     [psi4.driver.driver:638] Compute gradient(): method=b3lyp, basis=cc-pvdz, molecule=default, nre=43.65671503406395
2025-12-23:11:15:47,588 INFO     [psi4.driver.driver:641] Return gradient(): -389.27314593300764
2025-12-23:11:15:47,588 INFO     [psi4.driver.driver:642] [[ 0.00000000  0.00000000 -0.15122443]
 [ 0.00000000  0.00000000  0.15114416]]
2025-12-23:11:15:47,589 INFO     [psi4.optking.history:269] 	Performing BFGS update.
2025-12-23:11:15:47,590 INFO     [psi4.optking.history:280] 	Using 3 previous steps for update.
2025-12-23:11:15:47,590 WARNING  [psi4.optking.history:301] 	Change in internal coordinate of 6.18e-01 exceeds limit of 5.00e-01.
2025-12-23:11:15:47,590 WARNING  [psi4.optking.history:306] 	Skipping Hessian update for step 1.
2025-12-23:11:15:47,590 INFO     [psi4.optking.history:317] 	Steps to be used in Hessian update:  3 2

2025-12-23:11:15:47,590 INFO     [psi4.optking.history:418] 	Updated Hessian (in au) 
 	   1.002387

2025-12-23:11:15:47,590 INFO     [psi4.optking.molsys:944] Projected (PHP) Hessian matrix
	   1.002387

2025-12-23:11:15:47,590 INFO     [psi4.optking.opt_helper:182] 
	         Geometry (au)                                       Gradient (au)
   0.0000000000   0.0000000000   1.7188962207		   0.0000000000   0.0000000000  -0.1512244294
   0.0000000000   0.0000000000  -1.1672577170		   0.0000000000   0.0000000000   0.1511441608

2025-12-23:11:15:47,590 INFO     [psi4.optking.stepAlgorithms:368] 	Current Step Report 
 
	Current energy:      -389.2731459330
	Energy change for the previous step:
		Actual       :        -0.0302936885
		Projected    :        -0.0194771646

2025-12-23:11:15:47,590 INFO     [psi4.optking.stepAlgorithms:371] 	Energy ratio =    1.55534
2025-12-23:11:15:47,590 INFO     [psi4.optking.stepAlgorithms:929] 	Using RFO solution 1.
2025-12-23:11:15:47,590 INFO     [psi4.optking.displace:100] 	Determining Cartesian step for fragment 1.
2025-12-23:11:15:47,591 INFO     [psi4.optking.displace:415] 	Successfully converged to displaced geometry.
2025-12-23:11:15:47,591 INFO     [psi4.optking.displace:416] 	RMS(dx):  1.282e-16 	Max(dx):  2.220e-16 	RMS(dq):  4.441e-16
2025-12-23:11:15:47,591 INFO     [psi4.optking.displace:172] 

	        --- Internal Coordinate Step in ANG or DEG, aJ/ANG or AJ/DEG ---
	-------------------------------------------------------------------------------
	           Coordinate      Previous         Force          Change          New 
	           ----------      --------        ------          ------        ------
	               R(1,2)       1.52729        1.24557        0.07808       1.60536
	-------------------------------------------------------------------------------

2025-12-23:11:15:47,591 INFO     [psi4.optking.stepAlgorithms:113] 	|target step| :    0.1475410849
2025-12-23:11:15:47,591 INFO     [psi4.optking.stepAlgorithms:114] 	gradient     :   -0.1511842951
2025-12-23:11:15:47,591 INFO     [psi4.optking.stepAlgorithms:115] 	hessian      :    1.0023869572
2025-12-23:11:15:47,591 INFO     [psi4.optking.stepAlgorithms:113] 	|target step| :    0.1475410849
2025-12-23:11:15:47,591 INFO     [psi4.optking.stepAlgorithms:114] 	gradient     :   -0.1511842951
2025-12-23:11:15:47,591 INFO     [psi4.optking.stepAlgorithms:115] 	hessian      :    1.0023869572
2025-12-23:11:15:47,591 INFO     [psi4.optking.stepAlgorithms:206] 	Norm of achieved step-size    0.1475410849
2025-12-23:11:15:47,591 INFO     [psi4.optking.stepAlgorithms:208] 	Norm of achieved step-size (cart):    0.1043273017
2025-12-23:11:15:47,591 INFO     [psi4.optking.opt_helper:164] Molsys:

	                            ===> Fragment 1 <== 

	 Z (Atomic Numbers)          Masses                          Geom                  
	       9.000000            18.998403          0.00000000  0.00000000  1.79266676   
	      14.000000            27.976927          0.00000000  0.00000000 -1.24102826   

	 - Coordinate -           - BOHR/RAD -       - ANG/DEG -
	 R(1,2)           =         3.033695           1.605362

2025-12-23:11:15:47,591 INFO     [psi4.optking.convcheck:76] Performing convergence check.
2025-12-23:11:15:47,591 INFO     [psi4.optking.convcheck:282] 
	                                 ==> Convergence Check <==                                  
    
	Measures of convergence in internal coordinates in au.
    
	Criteria marked as inactive (o), active & met (*), and active & unmet ( ).

	----------------------------------------------------------------------------------------------
	   Step    Total Energy     Delta E     Max Force     RMS Force      Max Disp      RMS Disp   
	----------------------------------------------------------------------------------------------
	  Convergence Criteria     1.00e-06 *    3.00e-04 *             o    1.20e-03 *             o
	----------------------------------------------------------------------------------------------
	     4    -389.27314593   -3.03e-02      1.51e-01      1.51e-01 o    1.48e-01      1.48e-01 o  ~
	----------------------------------------------------------------------------------------------


2025-12-23:11:15:47,591 INFO     [psi4.optking.stepAlgorithms:296] 	Convergence check returned False
2025-12-23:11:15:47,601 INFO     [psi4.driver.task_planner:259] PLANNING Atomic:  keywords={'DAMPING_PERCENTAGE': 1.0, 'GEOM_MAXITER': 500, 'SCF__GUESS': 'READ', 'GUESS': 'SAP', 'MAXITER': 500, 'REFERENCE': 'UKS', 'function_kwargs': {}}
2025-12-23:11:15:47,602 INFO     [psi4.driver.driver:638] Compute gradient(): method=b3lyp, basis=cc-pvdz, molecule=default, nre=41.53350915729949
2025-12-23:11:15:48,102 INFO     [psi4.driver.driver:641] Return gradient(): -389.2897392928063
2025-12-23:11:15:48,102 INFO     [psi4.driver.driver:642] [[-0.00000000 -0.00000000 -0.07858525]
 [ 0.00000000  0.00000000  0.07851956]]
2025-12-23:11:15:48,104 INFO     [psi4.optking.history:269] 	Performing BFGS update.
2025-12-23:11:15:48,104 INFO     [psi4.optking.history:280] 	Using 4 previous steps for update.
2025-12-23:11:15:48,104 WARNING  [psi4.optking.history:301] 	Change in internal coordinate of 5.29e-01 exceeds limit of 5.00e-01.
2025-12-23:11:15:48,104 WARNING  [psi4.optking.history:306] 	Skipping Hessian update for step 2.
2025-12-23:11:15:48,104 WARNING  [psi4.optking.history:301] 	Change in internal coordinate of 7.66e-01 exceeds limit of 5.00e-01.
2025-12-23:11:15:48,104 WARNING  [psi4.optking.history:306] 	Skipping Hessian update for step 1.
2025-12-23:11:15:48,104 INFO     [psi4.optking.history:317] 	Steps to be used in Hessian update:  4 3

2025-12-23:11:15:48,104 INFO     [psi4.optking.history:418] 	Updated Hessian (in au) 
 	   0.608233

2025-12-23:11:15:48,104 INFO     [psi4.optking.molsys:944] Projected (PHP) Hessian matrix
	   0.608233

2025-12-23:11:15:48,104 INFO     [psi4.optking.opt_helper:182] 
	         Geometry (au)                                       Gradient (au)
   0.0000000000   0.0000000000   1.8067667289		  -0.0000000000  -0.0000000000  -0.0785852510
   0.0000000000   0.0000000000  -1.2269282937		   0.0000000000   0.0000000000   0.0785195590

2025-12-23:11:15:48,104 INFO     [psi4.optking.stepAlgorithms:368] 	Current Step Report 
 
	Current energy:      -389.2897392928
	Energy change for the previous step:
		Actual       :        -0.0165933598
		Projected    :        -0.0111529475

2025-12-23:11:15:48,104 INFO     [psi4.optking.stepAlgorithms:371] 	Energy ratio =    1.48780
2025-12-23:11:15:48,104 INFO     [psi4.optking.stepAlgorithms:929] 	Using RFO solution 1.
2025-12-23:11:15:48,105 INFO     [psi4.optking.displace:100] 	Determining Cartesian step for fragment 1.
2025-12-23:11:15:48,105 INFO     [psi4.optking.displace:415] 	Successfully converged to displaced geometry.
2025-12-23:11:15:48,105 INFO     [psi4.optking.displace:416] 	RMS(dx):  1.282e-16 	Max(dx):  2.220e-16 	RMS(dq):  4.441e-16
2025-12-23:11:15:48,105 INFO     [psi4.optking.displace:172] 

	        --- Internal Coordinate Step in ANG or DEG, aJ/ANG or AJ/DEG ---
	-------------------------------------------------------------------------------
	           Coordinate      Previous         Force          Change          New 
	           ----------      --------        ------          ------        ------
	               R(1,2)       1.60536        0.64717        0.06724       1.67260
	-------------------------------------------------------------------------------

2025-12-23:11:15:48,105 INFO     [psi4.optking.stepAlgorithms:113] 	|target step| :    0.1270634713
2025-12-23:11:15:48,105 INFO     [psi4.optking.stepAlgorithms:114] 	gradient     :   -0.0785524050
2025-12-23:11:15:48,105 INFO     [psi4.optking.stepAlgorithms:115] 	hessian      :    0.6082327652
2025-12-23:11:15:48,105 INFO     [psi4.optking.stepAlgorithms:113] 	|target step| :    0.1270634713
2025-12-23:11:15:48,105 INFO     [psi4.optking.stepAlgorithms:114] 	gradient     :   -0.0785524050
2025-12-23:11:15:48,105 INFO     [psi4.optking.stepAlgorithms:115] 	hessian      :    0.6082327652
2025-12-23:11:15:48,105 INFO     [psi4.optking.stepAlgorithms:206] 	Norm of achieved step-size    0.1270634713
2025-12-23:11:15:48,105 INFO     [psi4.optking.stepAlgorithms:208] 	Norm of achieved step-size (cart):    0.0898474422
2025-12-23:11:15:48,105 INFO     [psi4.optking.opt_helper:164] Molsys:

	                            ===> Fragment 1 <== 

	 Z (Atomic Numbers)          Masses                          Geom                  
	       9.000000            18.998403          0.00000000  0.00000000  1.87029846   
	      14.000000            27.976927          0.00000000  0.00000000 -1.29046003   

	 - Coordinate -           - BOHR/RAD -       - ANG/DEG -
	 R(1,2)           =         3.160758           1.672601

2025-12-23:11:15:48,105 INFO     [psi4.optking.convcheck:76] Performing convergence check.
2025-12-23:11:15:48,105 INFO     [psi4.optking.convcheck:282] 
	                                 ==> Convergence Check <==                                  
    
	Measures of convergence in internal coordinates in au.
    
	Criteria marked as inactive (o), active & met (*), and active & unmet ( ).

	----------------------------------------------------------------------------------------------
	   Step    Total Energy     Delta E     Max Force     RMS Force      Max Disp      RMS Disp   
	----------------------------------------------------------------------------------------------
	  Convergence Criteria     1.00e-06 *    3.00e-04 *             o    1.20e-03 *             o
	----------------------------------------------------------------------------------------------
	     5    -389.28973929   -1.66e-02      7.86e-02      7.86e-02 o    1.27e-01      1.27e-01 o  ~
	----------------------------------------------------------------------------------------------


2025-12-23:11:15:48,105 INFO     [psi4.optking.stepAlgorithms:296] 	Convergence check returned False
2025-12-23:11:15:48,115 INFO     [psi4.driver.task_planner:259] PLANNING Atomic:  keywords={'DAMPING_PERCENTAGE': 1.0, 'GEOM_MAXITER': 500, 'SCF__GUESS': 'READ', 'GUESS': 'SAP', 'MAXITER': 500, 'REFERENCE': 'UKS', 'function_kwargs': {}}
2025-12-23:11:15:48,116 INFO     [psi4.driver.driver:638] Compute gradient(): method=b3lyp, basis=cc-pvdz, molecule=default, nre=39.8638492130343
2025-12-23:11:15:48,627 INFO     [psi4.driver.driver:641] Return gradient(): -389.2967875890301
2025-12-23:11:15:48,627 INFO     [psi4.driver.driver:642] [[ 0.00000000  0.00000000 -0.03504207]
 [ 0.00000000  0.00000000  0.03496130]]
2025-12-23:11:15:48,628 INFO     [psi4.optking.history:269] 	Performing BFGS update.
2025-12-23:11:15:48,628 INFO     [psi4.optking.history:280] 	Using 4 previous steps for update.
2025-12-23:11:15:48,629 WARNING  [psi4.optking.history:301] 	Change in internal coordinate of 6.56e-01 exceeds limit of 5.00e-01.
2025-12-23:11:15:48,629 WARNING  [psi4.optking.history:306] 	Skipping Hessian update for step 2.
2025-12-23:11:15:48,629 WARNING  [psi4.optking.history:301] 	Change in internal coordinate of 8.93e-01 exceeds limit of 5.00e-01.
2025-12-23:11:15:48,629 WARNING  [psi4.optking.history:306] 	Skipping Hessian update for step 1.
2025-12-23:11:15:48,629 INFO     [psi4.optking.history:317] 	Steps to be used in Hessian update:  5 4 3

2025-12-23:11:15:48,629 INFO     [psi4.optking.history:418] 	Updated Hessian (in au) 
 	   0.528800

2025-12-23:11:15:48,629 INFO     [psi4.optking.molsys:944] Projected (PHP) Hessian matrix
	   0.528800

2025-12-23:11:15:48,629 INFO     [psi4.optking.opt_helper:182] 
	         Geometry (au)                                       Gradient (au)
   0.0000000000   0.0000000000   1.8824414591		   0.0000000000   0.0000000000  -0.0350420729
   0.0000000000   0.0000000000  -1.2783170348		   0.0000000000   0.0000000000   0.0349612992

2025-12-23:11:15:48,629 INFO     [psi4.optking.stepAlgorithms:368] 	Current Step Report 
 
	Current energy:      -389.2967875890
	Energy change for the previous step:
		Actual       :        -0.0070482962
		Projected    :        -0.0049905706

2025-12-23:11:15:48,629 INFO     [psi4.optking.stepAlgorithms:371] 	Energy ratio =    1.41232
2025-12-23:11:15:48,629 INFO     [psi4.optking.stepAlgorithms:929] 	Using RFO solution 1.
2025-12-23:11:15:48,629 INFO     [psi4.optking.displace:100] 	Determining Cartesian step for fragment 1.
2025-12-23:11:15:48,630 INFO     [psi4.optking.displace:415] 	Successfully converged to displaced geometry.
2025-12-23:11:15:48,630 INFO     [psi4.optking.displace:416] 	RMS(dx):  1.282e-16 	Max(dx):  2.220e-16 	RMS(dq):  4.441e-16
2025-12-23:11:15:48,630 INFO     [psi4.optking.displace:172] 

	        --- Internal Coordinate Step in ANG or DEG, aJ/ANG or AJ/DEG ---
	-------------------------------------------------------------------------------
	           Coordinate      Previous         Force          Change          New 
	           ----------      --------        ------          ------        ------
	               R(1,2)       1.67260        0.28837        0.03487       1.70748
	-------------------------------------------------------------------------------

2025-12-23:11:15:48,630 INFO     [psi4.optking.stepAlgorithms:113] 	|target step| :    0.0659033576
2025-12-23:11:15:48,630 INFO     [psi4.optking.stepAlgorithms:114] 	gradient     :   -0.0350016860
2025-12-23:11:15:48,630 INFO     [psi4.optking.stepAlgorithms:115] 	hessian      :    0.5287995351
2025-12-23:11:15:48,630 INFO     [psi4.optking.stepAlgorithms:113] 	|target step| :    0.0659033576
2025-12-23:11:15:48,630 INFO     [psi4.optking.stepAlgorithms:114] 	gradient     :   -0.0350016860
2025-12-23:11:15:48,630 INFO     [psi4.optking.stepAlgorithms:115] 	hessian      :    0.5287995351
2025-12-23:11:15:48,630 INFO     [psi4.optking.stepAlgorithms:206] 	Norm of achieved step-size    0.0659033576
2025-12-23:11:15:48,630 INFO     [psi4.optking.stepAlgorithms:208] 	Norm of achieved step-size (cart):    0.0466007111
2025-12-23:11:15:48,630 INFO     [psi4.optking.opt_helper:164] Molsys:

	                            ===> Fragment 1 <== 

	 Z (Atomic Numbers)          Masses                          Geom                  
	       9.000000            18.998403          0.00000000  0.00000000  1.91539314   
	      14.000000            27.976927          0.00000000  0.00000000 -1.31126871   

	 - Coordinate -           - BOHR/RAD -       - ANG/DEG -
	 R(1,2)           =         3.226662           1.707476

2025-12-23:11:15:48,630 INFO     [psi4.optking.convcheck:76] Performing convergence check.
2025-12-23:11:15:48,630 INFO     [psi4.optking.convcheck:282] 
	                                 ==> Convergence Check <==                                  
    
	Measures of convergence in internal coordinates in au.
    
	Criteria marked as inactive (o), active & met (*), and active & unmet ( ).

	----------------------------------------------------------------------------------------------
	   Step    Total Energy     Delta E     Max Force     RMS Force      Max Disp      RMS Disp   
	----------------------------------------------------------------------------------------------
	  Convergence Criteria     1.00e-06 *    3.00e-04 *             o    1.20e-03 *             o
	----------------------------------------------------------------------------------------------
	     6    -389.29678759   -7.05e-03      3.50e-02      3.50e-02 o    6.59e-02      6.59e-02 o  ~
	----------------------------------------------------------------------------------------------


2025-12-23:11:15:48,630 INFO     [psi4.optking.stepAlgorithms:296] 	Convergence check returned False
2025-12-23:11:15:48,640 INFO     [psi4.driver.task_planner:259] PLANNING Atomic:  keywords={'DAMPING_PERCENTAGE': 1.0, 'GEOM_MAXITER': 500, 'SCF__GUESS': 'READ', 'GUESS': 'SAP', 'MAXITER': 500, 'REFERENCE': 'UKS', 'function_kwargs': {}}
2025-12-23:11:15:48,642 INFO     [psi4.driver.driver:638] Compute gradient(): method=b3lyp, basis=cc-pvdz, molecule=default, nre=39.04964505032597
2025-12-23:11:15:49,187 INFO     [psi4.driver.driver:641] Return gradient(): -389.2985006773346
2025-12-23:11:15:49,188 INFO     [psi4.driver.driver:642] [[-0.00000000  0.00000000 -0.01770374]
 [-0.00000000  0.00000000  0.01761236]]
2025-12-23:11:15:49,189 INFO     [psi4.optking.history:269] 	Performing BFGS update.
2025-12-23:11:15:49,189 INFO     [psi4.optking.history:280] 	Using 4 previous steps for update.
2025-12-23:11:15:49,189 INFO     [psi4.optking.history:317] 	Steps to be used in Hessian update:  6 5 4 3

2025-12-23:11:15:49,190 INFO     [psi4.optking.history:418] 	Updated Hessian (in au) 
 	   0.493115

2025-12-23:11:15:49,190 INFO     [psi4.optking.molsys:944] Projected (PHP) Hessian matrix
	   0.493115

2025-12-23:11:15:49,190 INFO     [psi4.optking.opt_helper:182] 
	         Geometry (au)                                       Gradient (au)
   0.0000000000   0.0000000000   1.9216912825		  -0.0000000000   0.0000000000  -0.0177037369
   0.0000000000   0.0000000000  -1.3049705690		  -0.0000000000   0.0000000000   0.0176123561

2025-12-23:11:15:49,190 INFO     [psi4.optking.stepAlgorithms:368] 	Current Step Report 
 
	Current energy:      -389.2985006773
	Energy change for the previous step:
		Actual       :        -0.0017130883
		Projected    :        -0.0011533643

2025-12-23:11:15:49,190 INFO     [psi4.optking.stepAlgorithms:371] 	Energy ratio =    1.48530
2025-12-23:11:15:49,190 INFO     [psi4.optking.stepAlgorithms:929] 	Using RFO solution 1.
2025-12-23:11:15:49,190 INFO     [psi4.optking.displace:100] 	Determining Cartesian step for fragment 1.
2025-12-23:11:15:49,190 INFO     [psi4.optking.displace:415] 	Successfully converged to displaced geometry.
2025-12-23:11:15:49,190 INFO     [psi4.optking.displace:416] 	RMS(dx):  1.282e-16 	Max(dx):  2.220e-16 	RMS(dq):  4.441e-16
2025-12-23:11:15:49,190 INFO     [psi4.optking.displace:172] 

	        --- Internal Coordinate Step in ANG or DEG, aJ/ANG or AJ/DEG ---
	-------------------------------------------------------------------------------
	           Coordinate      Previous         Force          Change          New 
	           ----------      --------        ------          ------        ------
	               R(1,2)       1.70748        0.14548        0.01893       1.72640
	-------------------------------------------------------------------------------

2025-12-23:11:15:49,190 INFO     [psi4.optking.stepAlgorithms:113] 	|target step| :    0.0357633704
2025-12-23:11:15:49,190 INFO     [psi4.optking.stepAlgorithms:114] 	gradient     :   -0.0176580465
2025-12-23:11:15:49,190 INFO     [psi4.optking.stepAlgorithms:115] 	hessian      :    0.4931152006
2025-12-23:11:15:49,190 INFO     [psi4.optking.stepAlgorithms:113] 	|target step| :    0.0357633704
2025-12-23:11:15:49,190 INFO     [psi4.optking.stepAlgorithms:114] 	gradient     :   -0.0176580465
2025-12-23:11:15:49,190 INFO     [psi4.optking.stepAlgorithms:115] 	hessian      :    0.4931152006
2025-12-23:11:15:49,190 INFO     [psi4.optking.stepAlgorithms:206] 	Norm of achieved step-size    0.0357633704
2025-12-23:11:15:49,190 INFO     [psi4.optking.stepAlgorithms:208] 	Norm of achieved step-size (cart):    0.0252885217
2025-12-23:11:15:49,191 INFO     [psi4.optking.opt_helper:164] Molsys:

	                            ===> Fragment 1 <== 

	 Z (Atomic Numbers)          Masses                          Geom                  
	       9.000000            18.998403          0.00000000  0.00000000  1.93957297   
	      14.000000            27.976927          0.00000000  0.00000000 -1.32285225   

	 - Coordinate -           - BOHR/RAD -       - ANG/DEG -
	 R(1,2)           =         3.262425           1.726401

2025-12-23:11:15:49,191 INFO     [psi4.optking.convcheck:76] Performing convergence check.
2025-12-23:11:15:49,191 INFO     [psi4.optking.convcheck:282] 
	                                 ==> Convergence Check <==                                  
    
	Measures of convergence in internal coordinates in au.
    
	Criteria marked as inactive (o), active & met (*), and active & unmet ( ).

	----------------------------------------------------------------------------------------------
	   Step    Total Energy     Delta E     Max Force     RMS Force      Max Disp      RMS Disp   
	----------------------------------------------------------------------------------------------
	  Convergence Criteria     1.00e-06 *    3.00e-04 *             o    1.20e-03 *             o
	----------------------------------------------------------------------------------------------
	     7    -389.29850068   -1.71e-03      1.77e-02      1.77e-02 o    3.58e-02      3.58e-02 o  ~
	----------------------------------------------------------------------------------------------


2025-12-23:11:15:49,191 INFO     [psi4.optking.stepAlgorithms:296] 	Convergence check returned False
2025-12-23:11:15:49,201 INFO     [psi4.driver.task_planner:259] PLANNING Atomic:  keywords={'DAMPING_PERCENTAGE': 1.0, 'GEOM_MAXITER': 500, 'SCF__GUESS': 'READ', 'GUESS': 'SAP', 'MAXITER': 500, 'REFERENCE': 'UKS', 'function_kwargs': {}}
2025-12-23:11:15:49,202 INFO     [psi4.driver.driver:638] Compute gradient(): method=b3lyp, basis=cc-pvdz, molecule=default, nre=38.62157488063796
2025-12-23:11:15:49,708 INFO     [psi4.driver.driver:641] Return gradient(): -389.2989812756091
2025-12-23:11:15:49,708 INFO     [psi4.driver.driver:642] [[ 0.00000000 -0.00000000 -0.00953217]
 [-0.00000000  0.00000000  0.00944062]]
2025-12-23:11:15:49,710 INFO     [psi4.optking.history:269] 	Performing BFGS update.
2025-12-23:11:15:49,710 INFO     [psi4.optking.history:280] 	Using 4 previous steps for update.
2025-12-23:11:15:49,710 INFO     [psi4.optking.history:317] 	Steps to be used in Hessian update:  7 6 5 4

2025-12-23:11:15:49,710 INFO     [psi4.optking.history:418] 	Updated Hessian (in au) 
 	   0.376584

2025-12-23:11:15:49,710 INFO     [psi4.optking.molsys:944] Projected (PHP) Hessian matrix
	   0.376584

2025-12-23:11:15:49,710 INFO     [psi4.optking.opt_helper:182] 
	         Geometry (au)                                       Gradient (au)
   0.0000000000   0.0000000000   1.9429907431		   0.0000000000  -0.0000000000  -0.0095321682
   0.0000000000   0.0000000000  -1.3194344788		  -0.0000000000   0.0000000000   0.0094406243

2025-12-23:11:15:49,710 INFO     [psi4.optking.stepAlgorithms:368] 	Current Step Report 
 
	Current energy:      -389.2989812756
	Energy change for the previous step:
		Actual       :        -0.0004805983
		Projected    :        -0.0003157556

2025-12-23:11:15:49,710 INFO     [psi4.optking.stepAlgorithms:371] 	Energy ratio =    1.52206
2025-12-23:11:15:49,711 INFO     [psi4.optking.stepAlgorithms:929] 	Using RFO solution 1.
2025-12-23:11:15:49,711 INFO     [psi4.optking.displace:100] 	Determining Cartesian step for fragment 1.
2025-12-23:11:15:49,711 INFO     [psi4.optking.displace:415] 	Successfully converged to displaced geometry.
2025-12-23:11:15:49,711 INFO     [psi4.optking.displace:416] 	RMS(dx):  0.000e+00 	Max(dx):  0.000e+00 	RMS(dq):  0.000e+00
2025-12-23:11:15:49,711 INFO     [psi4.optking.displace:172] 

	        --- Internal Coordinate Step in ANG or DEG, aJ/ANG or AJ/DEG ---
	-------------------------------------------------------------------------------
	           Coordinate      Previous         Force          Change          New 
	           ----------      --------        ------          ------        ------
	               R(1,2)       1.72640        0.07816        0.01332       1.73972
	-------------------------------------------------------------------------------

2025-12-23:11:15:49,711 INFO     [psi4.optking.stepAlgorithms:113] 	|target step| :    0.0251746592
2025-12-23:11:15:49,711 INFO     [psi4.optking.stepAlgorithms:114] 	gradient     :   -0.0094863963
2025-12-23:11:15:49,711 INFO     [psi4.optking.stepAlgorithms:115] 	hessian      :    0.3765844081
2025-12-23:11:15:49,711 INFO     [psi4.optking.stepAlgorithms:113] 	|target step| :    0.0251746592
2025-12-23:11:15:49,711 INFO     [psi4.optking.stepAlgorithms:114] 	gradient     :   -0.0094863963
2025-12-23:11:15:49,711 INFO     [psi4.optking.stepAlgorithms:115] 	hessian      :    0.3765844081
2025-12-23:11:15:49,711 INFO     [psi4.optking.stepAlgorithms:206] 	Norm of achieved step-size    0.0251746592
2025-12-23:11:15:49,711 INFO     [psi4.optking.stepAlgorithms:208] 	Norm of achieved step-size (cart):    0.0178011722
2025-12-23:11:15:49,711 INFO     [psi4.optking.opt_helper:164] Molsys:

	                            ===> Fragment 1 <== 

	 Z (Atomic Numbers)          Masses                          Geom                  
	       9.000000            18.998403          0.00000000  0.00000000  1.95557807   
	      14.000000            27.976927          0.00000000  0.00000000 -1.33202181   

	 - Coordinate -           - BOHR/RAD -       - ANG/DEG -
	 R(1,2)           =         3.287600           1.739723

2025-12-23:11:15:49,711 INFO     [psi4.optking.convcheck:76] Performing convergence check.
2025-12-23:11:15:49,711 INFO     [psi4.optking.convcheck:282] 
	                                 ==> Convergence Check <==                                  
    
	Measures of convergence in internal coordinates in au.
    
	Criteria marked as inactive (o), active & met (*), and active & unmet ( ).

	----------------------------------------------------------------------------------------------
	   Step    Total Energy     Delta E     Max Force     RMS Force      Max Disp      RMS Disp   
	----------------------------------------------------------------------------------------------
	  Convergence Criteria     1.00e-06 *    3.00e-04 *             o    1.20e-03 *             o
	----------------------------------------------------------------------------------------------
	     8    -389.29898128   -4.81e-04      9.49e-03      9.49e-03 o    2.52e-02      2.52e-02 o  ~
	----------------------------------------------------------------------------------------------


2025-12-23:11:15:49,712 INFO     [psi4.optking.stepAlgorithms:296] 	Convergence check returned False
2025-12-23:11:15:49,722 INFO     [psi4.driver.task_planner:259] PLANNING Atomic:  keywords={'DAMPING_PERCENTAGE': 1.0, 'GEOM_MAXITER': 500, 'SCF__GUESS': 'READ', 'GUESS': 'SAP', 'MAXITER': 500, 'REFERENCE': 'UKS', 'function_kwargs': {}}
2025-12-23:11:15:49,723 INFO     [psi4.driver.driver:638] Compute gradient(): method=b3lyp, basis=cc-pvdz, molecule=default, nre=38.3258317795115
2025-12-23:11:15:50,278 INFO     [psi4.driver.driver:641] Return gradient(): -389.29915146414345
2025-12-23:11:15:50,279 INFO     [psi4.driver.driver:642] [[-0.00000000  0.00000000 -0.00425019]
 [ 0.00000000  0.00000000  0.00416117]]
2025-12-23:11:15:50,280 INFO     [psi4.optking.history:269] 	Performing BFGS update.
2025-12-23:11:15:50,280 INFO     [psi4.optking.history:280] 	Using 4 previous steps for update.
2025-12-23:11:15:50,280 INFO     [psi4.optking.history:317] 	Steps to be used in Hessian update:  8 7 6 5

2025-12-23:11:15:50,281 INFO     [psi4.optking.history:418] 	Updated Hessian (in au) 
 	   0.292813

2025-12-23:11:15:50,281 INFO     [psi4.optking.molsys:944] Projected (PHP) Hessian matrix
	   0.292813

2025-12-23:11:15:50,281 INFO     [psi4.optking.opt_helper:182] 
	         Geometry (au)                                       Gradient (au)
   0.0000000000   0.0000000000   1.9579839235		  -0.0000000000   0.0000000000  -0.0042501935
   0.0000000000   0.0000000000  -1.3296159576		   0.0000000000   0.0000000000   0.0041611747

2025-12-23:11:15:50,281 INFO     [psi4.optking.stepAlgorithms:368] 	Current Step Report 
 
	Current energy:      -389.2991514641
	Energy change for the previous step:
		Actual       :        -0.0001701885
		Projected    :        -0.0001194084

2025-12-23:11:15:50,281 INFO     [psi4.optking.stepAlgorithms:371] 	Energy ratio =    1.42526
2025-12-23:11:15:50,281 INFO     [psi4.optking.stepAlgorithms:929] 	Using RFO solution 1.
2025-12-23:11:15:50,281 INFO     [psi4.optking.displace:100] 	Determining Cartesian step for fragment 1.
2025-12-23:11:15:50,281 INFO     [psi4.optking.displace:415] 	Successfully converged to displaced geometry.
2025-12-23:11:15:50,281 INFO     [psi4.optking.displace:416] 	RMS(dx):  0.000e+00 	Max(dx):  0.000e+00 	RMS(dq):  0.000e+00
2025-12-23:11:15:50,281 INFO     [psi4.optking.displace:172] 

	        --- Internal Coordinate Step in ANG or DEG, aJ/ANG or AJ/DEG ---
	-------------------------------------------------------------------------------
	           Coordinate      Previous         Force          Change          New 
	           ----------      --------        ------          ------        ------
	               R(1,2)       1.73972        0.03465        0.00760       1.74732
	-------------------------------------------------------------------------------

2025-12-23:11:15:50,281 INFO     [psi4.optking.stepAlgorithms:113] 	|target step| :    0.0143600605
2025-12-23:11:15:50,281 INFO     [psi4.optking.stepAlgorithms:114] 	gradient     :   -0.0042056841
2025-12-23:11:15:50,281 INFO     [psi4.optking.stepAlgorithms:115] 	hessian      :    0.2928133057
2025-12-23:11:15:50,281 INFO     [psi4.optking.stepAlgorithms:113] 	|target step| :    0.0143600605
2025-12-23:11:15:50,281 INFO     [psi4.optking.stepAlgorithms:114] 	gradient     :   -0.0042056841
2025-12-23:11:15:50,281 INFO     [psi4.optking.stepAlgorithms:115] 	hessian      :    0.2928133057
2025-12-23:11:15:50,281 INFO     [psi4.optking.stepAlgorithms:206] 	Norm of achieved step-size    0.0143600605
2025-12-23:11:15:50,281 INFO     [psi4.optking.stepAlgorithms:208] 	Norm of achieved step-size (cart):    0.0101540962
2025-12-23:11:15:50,282 INFO     [psi4.optking.opt_helper:164] Molsys:

	                            ===> Fragment 1 <== 

	 Z (Atomic Numbers)          Masses                          Geom                  
	       9.000000            18.998403          0.00000000  0.00000000  1.96516395   
	      14.000000            27.976927          0.00000000  0.00000000 -1.33679599   

	 - Coordinate -           - BOHR/RAD -       - ANG/DEG -
	 R(1,2)           =         3.301960           1.747322

2025-12-23:11:15:50,282 INFO     [psi4.optking.convcheck:76] Performing convergence check.
2025-12-23:11:15:50,282 INFO     [psi4.optking.convcheck:282] 
	                                 ==> Convergence Check <==                                  
    
	Measures of convergence in internal coordinates in au.
    
	Criteria marked as inactive (o), active & met (*), and active & unmet ( ).

	----------------------------------------------------------------------------------------------
	   Step    Total Energy     Delta E     Max Force     RMS Force      Max Disp      RMS Disp   
	----------------------------------------------------------------------------------------------
	  Convergence Criteria     1.00e-06 *    3.00e-04 *             o    1.20e-03 *             o
	----------------------------------------------------------------------------------------------
	     9    -389.29915146   -1.70e-04      4.21e-03      4.21e-03 o    1.44e-02      1.44e-02 o  ~
	----------------------------------------------------------------------------------------------


2025-12-23:11:15:50,282 INFO     [psi4.optking.stepAlgorithms:296] 	Convergence check returned False
2025-12-23:11:15:50,292 INFO     [psi4.driver.task_planner:259] PLANNING Atomic:  keywords={'DAMPING_PERCENTAGE': 1.0, 'GEOM_MAXITER': 500, 'SCF__GUESS': 'READ', 'GUESS': 'SAP', 'MAXITER': 500, 'REFERENCE': 'UKS', 'function_kwargs': {}}
2025-12-23:11:15:50,294 INFO     [psi4.driver.driver:638] Compute gradient(): method=b3lyp, basis=cc-pvdz, molecule=default, nre=38.159154632026045
2025-12-23:11:15:50,844 INFO     [psi4.driver.driver:641] Return gradient(): -389.29919059951027
2025-12-23:11:15:50,844 INFO     [psi4.driver.driver:642] [[ 0.00000000 -0.00000000 -0.00140098]
 [ 0.00000000  0.00000000  0.00131426]]
2025-12-23:11:15:50,846 INFO     [psi4.optking.history:269] 	Performing BFGS update.
2025-12-23:11:15:50,846 INFO     [psi4.optking.history:280] 	Using 4 previous steps for update.
2025-12-23:11:15:50,846 INFO     [psi4.optking.history:317] 	Steps to be used in Hessian update:  9 8 7 6

2025-12-23:11:15:50,846 INFO     [psi4.optking.history:418] 	Updated Hessian (in au) 
 	   0.238270

2025-12-23:11:15:50,846 INFO     [psi4.optking.molsys:944] Projected (PHP) Hessian matrix
	   0.238270

2025-12-23:11:15:50,846 INFO     [psi4.optking.opt_helper:182] 
	         Geometry (au)                                       Gradient (au)
   0.0000000000   0.0000000000   1.9665362926		   0.0000000000  -0.0000000000  -0.0014009761
   0.0000000000   0.0000000000  -1.3354236490		   0.0000000000   0.0000000000   0.0013142571

2025-12-23:11:15:50,847 INFO     [psi4.optking.stepAlgorithms:368] 	Current Step Report 
 
	Current energy:      -389.2991905995
	Energy change for the previous step:
		Actual       :        -0.0000391354
		Projected    :        -0.0000301969

2025-12-23:11:15:50,847 INFO     [psi4.optking.stepAlgorithms:371] 	Energy ratio =    1.29600
2025-12-23:11:15:50,847 INFO     [psi4.optking.stepAlgorithms:929] 	Using RFO solution 1.
2025-12-23:11:15:50,847 INFO     [psi4.optking.displace:100] 	Determining Cartesian step for fragment 1.
2025-12-23:11:15:50,847 INFO     [psi4.optking.displace:415] 	Successfully converged to displaced geometry.
2025-12-23:11:15:50,847 INFO     [psi4.optking.displace:416] 	RMS(dx):  0.000e+00 	Max(dx):  0.000e+00 	RMS(dq):  0.000e+00
2025-12-23:11:15:50,847 INFO     [psi4.optking.displace:172] 

	        --- Internal Coordinate Step in ANG or DEG, aJ/ANG or AJ/DEG ---
	-------------------------------------------------------------------------------
	           Coordinate      Previous         Force          Change          New 
	           ----------      --------        ------          ------        ------
	               R(1,2)       1.74732        0.01119        0.00302       1.75034
	-------------------------------------------------------------------------------

2025-12-23:11:15:50,847 INFO     [psi4.optking.stepAlgorithms:113] 	|target step| :    0.0056976223
2025-12-23:11:15:50,847 INFO     [psi4.optking.stepAlgorithms:114] 	gradient     :   -0.0013576166
2025-12-23:11:15:50,847 INFO     [psi4.optking.stepAlgorithms:115] 	hessian      :    0.2382700038
2025-12-23:11:15:50,847 INFO     [psi4.optking.stepAlgorithms:113] 	|target step| :    0.0056976223
2025-12-23:11:15:50,847 INFO     [psi4.optking.stepAlgorithms:114] 	gradient     :   -0.0013576166
2025-12-23:11:15:50,847 INFO     [psi4.optking.stepAlgorithms:115] 	hessian      :    0.2382700038
2025-12-23:11:15:50,847 INFO     [psi4.optking.stepAlgorithms:206] 	Norm of achieved step-size    0.0056976223
2025-12-23:11:15:50,847 INFO     [psi4.optking.stepAlgorithms:208] 	Norm of achieved step-size (cart):    0.0040288274
2025-12-23:11:15:50,847 INFO     [psi4.optking.opt_helper:164] Molsys:

	                            ===> Fragment 1 <== 

	 Z (Atomic Numbers)          Masses                          Geom                  
	       9.000000            18.998403          0.00000000  0.00000000  1.96938510   
	      14.000000            27.976927          0.00000000  0.00000000 -1.33827246   

	 - Coordinate -           - BOHR/RAD -       - ANG/DEG -
	 R(1,2)           =         3.307658           1.750337

2025-12-23:11:15:50,848 INFO     [psi4.optking.convcheck:76] Performing convergence check.
2025-12-23:11:15:50,848 INFO     [psi4.optking.convcheck:282] 
	                                 ==> Convergence Check <==                                  
    
	Measures of convergence in internal coordinates in au.
    
	Criteria marked as inactive (o), active & met (*), and active & unmet ( ).

	----------------------------------------------------------------------------------------------
	   Step    Total Energy     Delta E     Max Force     RMS Force      Max Disp      RMS Disp   
	----------------------------------------------------------------------------------------------
	  Convergence Criteria     1.00e-06 *    3.00e-04 *             o    1.20e-03 *             o
	----------------------------------------------------------------------------------------------
	    10    -389.29919060   -3.91e-05      1.36e-03      1.36e-03 o    5.70e-03      5.70e-03 o  ~
	----------------------------------------------------------------------------------------------


2025-12-23:11:15:50,848 INFO     [psi4.optking.stepAlgorithms:296] 	Convergence check returned False
2025-12-23:11:15:50,858 INFO     [psi4.driver.task_planner:259] PLANNING Atomic:  keywords={'DAMPING_PERCENTAGE': 1.0, 'GEOM_MAXITER': 500, 'SCF__GUESS': 'READ', 'GUESS': 'SAP', 'MAXITER': 500, 'REFERENCE': 'UKS', 'function_kwargs': {}}
2025-12-23:11:15:50,859 INFO     [psi4.driver.driver:638] Compute gradient(): method=b3lyp, basis=cc-pvdz, molecule=default, nre=38.093423386800474
2025-12-23:11:15:51,399 INFO     [psi4.driver.driver:641] Return gradient(): -389.2991949519847
2025-12-23:11:15:51,400 INFO     [psi4.driver.driver:642] [[ 0.00000000  0.00000000 -0.00030231]
 [ 0.00000000  0.00000000  0.00021662]]
2025-12-23:11:15:51,401 INFO     [psi4.optking.history:269] 	Performing BFGS update.
2025-12-23:11:15:51,401 INFO     [psi4.optking.history:280] 	Using 4 previous steps for update.
2025-12-23:11:15:51,401 INFO     [psi4.optking.history:317] 	Steps to be used in Hessian update:  10 9 8 7

2025-12-23:11:15:51,402 INFO     [psi4.optking.history:418] 	Updated Hessian (in au) 
 	   0.214809

2025-12-23:11:15:51,402 INFO     [psi4.optking.molsys:944] Projected (PHP) Hessian matrix
	   0.214809

2025-12-23:11:15:51,402 INFO     [psi4.optking.opt_helper:182] 
	         Geometry (au)                                       Gradient (au)
   0.0000000000   0.0000000000   1.9699296048		   0.0000000000   0.0000000000  -0.0003023117
   0.0000000000   0.0000000000  -1.3377279591		   0.0000000000   0.0000000000   0.0002166189

2025-12-23:11:15:51,402 INFO     [psi4.optking.stepAlgorithms:368] 	Current Step Report 
 
	Current energy:      -389.2991949520
	Energy change for the previous step:
		Actual       :        -0.0000043525
		Projected    :        -0.0000038676

2025-12-23:11:15:51,402 INFO     [psi4.optking.stepAlgorithms:371] 	Energy ratio =    1.12537
2025-12-23:11:15:51,402 INFO     [psi4.optking.stepAlgorithms:929] 	Using RFO solution 1.
2025-12-23:11:15:51,402 INFO     [psi4.optking.displace:100] 	Determining Cartesian step for fragment 1.
2025-12-23:11:15:51,402 INFO     [psi4.optking.displace:415] 	Successfully converged to displaced geometry.
2025-12-23:11:15:51,402 INFO     [psi4.optking.displace:416] 	RMS(dx):  0.000e+00 	Max(dx):  0.000e+00 	RMS(dq):  0.000e+00
2025-12-23:11:15:51,402 INFO     [psi4.optking.displace:172] 

	        --- Internal Coordinate Step in ANG or DEG, aJ/ANG or AJ/DEG ---
	-------------------------------------------------------------------------------
	           Coordinate      Previous         Force          Change          New 
	           ----------      --------        ------          ------        ------
	               R(1,2)       1.75034        0.00214        0.00064       1.75098
	-------------------------------------------------------------------------------

2025-12-23:11:15:51,402 INFO     [psi4.optking.stepAlgorithms:113] 	|target step| :    0.0012078886
2025-12-23:11:15:51,402 INFO     [psi4.optking.stepAlgorithms:114] 	gradient     :   -0.0002594653
2025-12-23:11:15:51,402 INFO     [psi4.optking.stepAlgorithms:115] 	hessian      :    0.2148086695
2025-12-23:11:15:51,402 INFO     [psi4.optking.stepAlgorithms:113] 	|target step| :    0.0012078886
2025-12-23:11:15:51,402 INFO     [psi4.optking.stepAlgorithms:114] 	gradient     :   -0.0002594653
2025-12-23:11:15:51,402 INFO     [psi4.optking.stepAlgorithms:115] 	hessian      :    0.2148086695
2025-12-23:11:15:51,402 INFO     [psi4.optking.stepAlgorithms:206] 	Norm of achieved step-size    0.0012078886
2025-12-23:11:15:51,402 INFO     [psi4.optking.stepAlgorithms:208] 	Norm of achieved step-size (cart):    0.0008541062
2025-12-23:11:15:51,403 INFO     [psi4.optking.opt_helper:164] Molsys:

	                            ===> Fragment 1 <== 

	 Z (Atomic Numbers)          Masses                          Geom                  
	       9.000000            18.998403          0.00000000  0.00000000  1.97053355   
	      14.000000            27.976927          0.00000000  0.00000000 -1.33833190   

	 - Coordinate -           - BOHR/RAD -       - ANG/DEG -
	 R(1,2)           =         3.308865           1.750976

2025-12-23:11:15:51,403 INFO     [psi4.optking.convcheck:76] Performing convergence check.
2025-12-23:11:15:51,403 INFO     [psi4.optking.convcheck:282] 
	                                 ==> Convergence Check <==                                  
    
	Measures of convergence in internal coordinates in au.
    
	Criteria marked as inactive (o), active & met (*), and active & unmet ( ).

	----------------------------------------------------------------------------------------------
	   Step    Total Energy     Delta E     Max Force     RMS Force      Max Disp      RMS Disp   
	----------------------------------------------------------------------------------------------
	  Convergence Criteria     1.00e-06 *    3.00e-04 *             o    1.20e-03 *             o
	----------------------------------------------------------------------------------------------
	    11    -389.29919495   -4.35e-06      2.59e-04 *    2.59e-04 o    1.21e-03      1.21e-03 o  ~
	----------------------------------------------------------------------------------------------


2025-12-23:11:15:51,403 INFO     [psi4.optking.stepAlgorithms:296] 	Convergence check returned False
2025-12-23:11:15:51,412 INFO     [psi4.driver.task_planner:259] PLANNING Atomic:  keywords={'DAMPING_PERCENTAGE': 1.0, 'GEOM_MAXITER': 500, 'SCF__GUESS': 'READ', 'GUESS': 'SAP', 'MAXITER': 500, 'REFERENCE': 'UKS', 'function_kwargs': {}}
2025-12-23:11:15:51,414 INFO     [psi4.driver.driver:638] Compute gradient(): method=b3lyp, basis=cc-pvdz, molecule=default, nre=38.079517529462066
2025-12-23:11:15:51,930 INFO     [psi4.driver.driver:641] Return gradient(): -389.2991950757742
2025-12-23:11:15:51,930 INFO     [psi4.driver.driver:642] [[ 0.00000000  0.00000000 -0.00007168]
 [ 0.00000000 -0.00000000 -0.00001379]]
2025-12-23:11:15:51,932 INFO     [psi4.optking.history:269] 	Performing BFGS update.
2025-12-23:11:15:51,932 INFO     [psi4.optking.history:280] 	Using 4 previous steps for update.
2025-12-23:11:15:51,932 INFO     [psi4.optking.history:317] 	Steps to be used in Hessian update:  11 10 9 8

2025-12-23:11:15:51,932 INFO     [psi4.optking.history:418] 	Updated Hessian (in au) 
 	   0.203648

2025-12-23:11:15:51,932 INFO     [psi4.optking.molsys:944] Projected (PHP) Hessian matrix
	   0.203648

2025-12-23:11:15:51,932 INFO     [psi4.optking.opt_helper:182] 
	         Geometry (au)                                       Gradient (au)
   0.0000000000   0.0000000000   1.9706489826		   0.0000000000   0.0000000000  -0.0000716813
   0.0000000000   0.0000000000  -1.3382164698		   0.0000000000  -0.0000000000  -0.0000137885

2025-12-23:11:15:51,932 INFO     [psi4.optking.stepAlgorithms:368] 	Current Step Report 
 
	Current energy:      -389.2991950758
	Energy change for the previous step:
		Actual       :        -0.0000001238
		Projected    :        -0.0000001567

2025-12-23:11:15:51,932 INFO     [psi4.optking.stepAlgorithms:371] 	Energy ratio =    0.78996
2025-12-23:11:15:51,933 INFO     [psi4.optking.stepAlgorithms:929] 	Using RFO solution 1.
2025-12-23:11:15:51,933 INFO     [psi4.optking.displace:100] 	Determining Cartesian step for fragment 1.
2025-12-23:11:15:51,933 INFO     [psi4.optking.displace:415] 	Successfully converged to displaced geometry.
2025-12-23:11:15:51,933 INFO     [psi4.optking.displace:416] 	RMS(dx):  0.000e+00 	Max(dx):  0.000e+00 	RMS(dq):  0.000e+00
2025-12-23:11:15:51,933 INFO     [psi4.optking.displace:172] 

	        --- Internal Coordinate Step in ANG or DEG, aJ/ANG or AJ/DEG ---
	-------------------------------------------------------------------------------
	           Coordinate      Previous         Force          Change          New 
	           ----------      --------        ------          ------        ------
	               R(1,2)       1.75098        0.00024        0.00008       1.75105
	-------------------------------------------------------------------------------

2025-12-23:11:15:51,933 INFO     [psi4.optking.stepAlgorithms:113] 	|target step| :    0.0001421395
2025-12-23:11:15:51,933 INFO     [psi4.optking.stepAlgorithms:114] 	gradient     :   -0.0000289464
2025-12-23:11:15:51,933 INFO     [psi4.optking.stepAlgorithms:115] 	hessian      :    0.2036477801
2025-12-23:11:15:51,933 INFO     [psi4.optking.stepAlgorithms:113] 	|target step| :    0.0001421395
2025-12-23:11:15:51,933 INFO     [psi4.optking.stepAlgorithms:114] 	gradient     :   -0.0000289464
2025-12-23:11:15:51,933 INFO     [psi4.optking.stepAlgorithms:115] 	hessian      :    0.2036477801
2025-12-23:11:15:51,933 INFO     [psi4.optking.stepAlgorithms:206] 	Norm of achieved step-size    0.0001421395
2025-12-23:11:15:51,933 INFO     [psi4.optking.stepAlgorithms:208] 	Norm of achieved step-size (cart):    0.0001005078
2025-12-23:11:15:51,933 INFO     [psi4.optking.opt_helper:164] Molsys:

	                            ===> Fragment 1 <== 

	 Z (Atomic Numbers)          Masses                          Geom                  
	       9.000000            18.998403          0.00000000  0.00000000  1.97072005   
	      14.000000            27.976927          0.00000000  0.00000000 -1.33828754   

	 - Coordinate -           - BOHR/RAD -       - ANG/DEG -
	 R(1,2)           =         3.309008           1.751051

2025-12-23:11:15:51,933 INFO     [psi4.optking.convcheck:76] Performing convergence check.
2025-12-23:11:15:51,933 INFO     [psi4.optking.convcheck:282] 
	                                 ==> Convergence Check <==                                  
    
	Measures of convergence in internal coordinates in au.
    
	Criteria marked as inactive (o), active & met (*), and active & unmet ( ).

	----------------------------------------------------------------------------------------------
	   Step    Total Energy     Delta E     Max Force     RMS Force      Max Disp      RMS Disp   
	----------------------------------------------------------------------------------------------
	  Convergence Criteria     1.00e-06 *    3.00e-04 *             o    1.20e-03 *             o
	----------------------------------------------------------------------------------------------
	    12    -389.29919508   -1.24e-07 *    2.89e-05 *    2.89e-05 o    1.42e-04 *    1.42e-04 o  ~
	----------------------------------------------------------------------------------------------


2025-12-23:11:15:51,933 INFO     [psi4.optking.convcheck:206] 
	                      ===> Final Convergence Report <===                     

	----------------------------------------------------------------------------
	|   Required Criteria    |  One or More Criteria  |   Alternate Criteria   |
	----------------------------------------------------------------------------
	| [x]     max_force      | [x]       max_DE       |                        |
	|                        | [x]      max_disp      |                        |
	----------------------------------------------------------------------------


2025-12-23:11:15:51,933 INFO     [psi4.optking.stepAlgorithms:296] 	Convergence check returned True
2025-12-23:11:15:51,933 INFO     [psi4.optking.optimize:332] 	Converged in 12 steps!
2025-12-23:11:15:51,933 INFO     [psi4.optking.optimize:333] 	Final energy is   -389.2991950757742
2025-12-23:11:15:51,933 INFO     [psi4.optking.optimize:334] 	Final structure (Angstroms): 
	Fragment 1 (Ang)

	    F   0.0000000000   0.0000000000   1.0428601403
	   Si   0.0000000000   0.0000000000  -0.7081912673


2025-12-23:11:15:51,934 INFO     [psi4.optking.optimize:562] 	Optimization Finished

	==> Optimization Summary <==

        
	Measures of convergence in internal coordinates in au. (Any backward steps not shown.)
        
	---------------------------------------------------------------------------------------------------------------  ~
        
	 Step         Total Energy             Delta E       MAX Force       RMS Force        MAX Disp        RMS Disp   ~
        
	---------------------------------------------------------------------------------------------------------------  ~
        
	     1    -388.972772175803   -388.972772175803      1.05150421      1.05150421      0.23726843      0.23726843  ~
	     2    -389.154326883218     -0.181554707415      0.53330840      0.53330840      0.23114195      0.23114195  ~
	     3    -389.242852244501     -0.088525361283      0.25957056      0.25957056      0.15007221      0.15007221  ~
	     4    -389.273145933008     -0.030293688506      0.15118430      0.15118430      0.14754108      0.14754108  ~
	     5    -389.289739292806     -0.016593359799      0.07855240      0.07855240      0.12706347      0.12706347  ~
	     6    -389.296787589030     -0.007048296224      0.03500169      0.03500169      0.06590336      0.06590336  ~
	     7    -389.298500677335     -0.001713088304      0.01765805      0.01765805      0.03576337      0.03576337  ~
	     8    -389.298981275609     -0.000480598275      0.00948640      0.00948640      0.02517466      0.02517466  ~
	     9    -389.299151464143     -0.000170188534      0.00420568      0.00420568      0.01436006      0.01436006  ~
	    10    -389.299190599510     -0.000039135367      0.00135762      0.00135762      0.00569762      0.00569762  ~
	    11    -389.299194951985     -0.000004352474      0.00025947      0.00025947      0.00120789      0.00120789  ~
	    12    -389.299195075774     -0.000000123790      0.00002895      0.00002895      0.00014214      0.00014214  ~
	----------------------------------------------------------------------------------------------------------------


2025-12-23:11:15:51,934 INFO     [psi4.optking.optimize:806] Preparing OptimizationResult
