2025-12-23:11:09:25,589 WARNING  [psi4.optking:38] Some dependencies such as QCElemental have not yet finished migration to pydantic v2. If issues are encountered please downgrade pydantic or upgrade QCElemental as appropriate
2025-12-23:11:09:25,749 INFO     [psi4.optking.optwrapper:234] Creating a UserComputer
2025-12-23:11:09:25,749 INFO     [psi4.optking.optwrapper:242] 
    			-----------------------------------------

    			 OPTKING 3.0: for geometry optimizations 

    			     By R.A. King, Bethel University     

    			        with contributions from          

    			    A.V. Copan, J. Cayton, A. Heide      

    			-----------------------------------------

    
2025-12-23:11:09:25,750 INFO     [psi4.optking.optwrapper:272] 
		 -- Optimization Parameters --
	GEOM_MAXITER                   =             500
	ALG_GEOM_MAXITER               =              50
	PRINT                          =               1
	OPT_TYPE                       =             MIN
	STEP_TYPE                      =             RFO
	PROGRAM                        =            PSI4
	STEEPEST_DESCENT_TYPE          =         OVERLAP
	CONJUGATE_GRADIENT_TYPE        =        FLETCHER
	OPT_COORDINATES                =        INTERNAL
	RFO_FOLLOW_ROOT                =           False
	RFO_ROOT                       =               0
	ACCEPT_SYMMETRY_BREAKING       =           False
	DYNAMIC_LVL                    =               0
	DYNAMIC_LVL_MAX                =               0
	IRC_STEP_SIZE                  =             0.2
	IRC_DIRECTION                  =         FORWARD
	IRC_POINTS                     =              20
	IRC_MODE                       =          NORMAL
	IRC_CONVERGENCE                =            -0.7
	INTRAFRAG_STEP_LIMIT           =             0.5
	INTRAFRAG_STEP_LIMIT_MIN       =           0.001
	INTRAFRAG_STEP_LIMIT_MAX       =             1.0
	INTERFRAG_STEP_LIMIT           =             0.5
	INTERFRAG_STEP_LIMIT_MIN       =           0.001
	INTERFRAG_STEP_LIMIT_MAX       =             1.0
	ENSURE_BT_CONVERGENCE          =           False
	SIMPLE_STEP_SCALING            =           False
	CONSECUTIVE_BACKSTEPS          =               0
	RFO_NORMALIZATION_MAX          =             100
	RSRFO_ALPHA_MAX                =     100000000.0
	PRINT_TRAJECTORY_XYZ_FILE      =           False
	WRITE_TRAJECTORY               =           False
	FROZEN_DISTANCE                =                
	FROZEN_BEND                    =                
	FROZEN_DIHEDRAL                =                
	FROZEN_OOFP                    =                
	FROZEN_CARTESIAN               =                
	FREEZE_ALL_DIHEDRALS           =           False
	UNFREEZE_DIHEDRALS             =                
	RANGED_DISTANCE                =                
	RANGED_BEND                    =                
	RANGED_DIHEDRAL                =                
	RANGED_OOFP                    =                
	RANGED_CARTESIAN               =                
	EXT_FORCE_DISTANCE             =                
	EXT_FORCE_BEND                 =                
	EXT_FORCE_DIHEDRAL             =                
	EXT_FORCE_OOFP                 =                
	EXT_FORCE_CARTESIAN            =                
	G_CONVERGENCE                  =           QCHEM
	MAX_FORCE_G_CONVERGENCE        =          0.0003
	RMS_FORCE_G_CONVERGENCE        =          0.0003
	MAX_ENERGY_G_CONVERGENCE       =           1e-06
	MAX_DISP_G_CONVERGENCE         =          0.0012
	RMS_DISP_G_CONVERGENCE         =          0.0012
	FLEXIBLE_G_CONVERGENCE         =           False
	HESS_UPDATE                    =            BFGS
	HESS_UPDATE_USE_LAST           =               4
	HESS_UPDATE_LIMIT              =            True
	HESS_UPDATE_LIMIT_MAX          =             1.0
	HESS_UPDATE_LIMIT_SCALE        =             0.5
	HESS_UPDATE_DEN_TOL            =           1e-07
	HESS_UPDATE_DQ_TOL             =             0.5
	CART_HESS_READ                 =           False
	HESSIAN_FILE                   =               .
	FULL_HESS_EVERY                =              -1
	INTRAFRAG_HESS                 =        SCHLEGEL
	H_GUESS_EVERY                  =           False
	BT_MAX_ITER                    =              25
	BT_DX_CONV                     =           1e-07
	BT_DX_RMS_CHANGE_CONV          =           1e-12
	BT_PINV_RCOND                  =           1e-06
	FRAG_MODE                      =          SINGLE
	FRAG_REF_ATOMS                 =              []
	FREEZE_INTRAFRAG               =           False
	INTERFRAG_MODE                 =           FIXED
	ADD_AUXILIARY_BONDS            =           False
	AUXILIARY_BOND_FACTOR          =             2.5
	INTERFRAG_DIST_INV             =           False
	INTERFRAG_COLLINEAR_TOL        =            0.01
	INTERFRAG_COORDS               =              []
	INTERFRAG_HESS                 =         DEFAULT
	COVALENT_CONNECT               =             1.3
	INTERFRAGMENT_CONNECT          =             1.8
	H_BOND_CONNECT                 =             4.3
	INCLUDE_OOFP                   =           False
	TEST_B                         =           False
	TEST_DERIVATIVE_B              =           False
	LINESEARCH_STEP                =             0.1
	LINESEARCH                     =           False
	SD_HESSIAN                     =             1.0
	FIX_VAL_NEAR_PI                =            1.57
	V3D_TORS_ANGLE_LIM             =           0.017
	V3D_TORS_COS_TOL               =           1e-10
	LINEAR_BEND_THRESHOLD          =            3.05
	SMALL_BEND_FIX_THRESHOLD       =            0.35
	REDUNDANT_EVAL_TOL             =           1e-10
	LINEAR_ALGEBRA_TOL             =           1e-10


2025-12-23:11:09:25,883 INFO     [psi4.optking.opt_helper:164] Molsys:

	                            ===> Fragment 1 <== 

	 Z (Atomic Numbers)          Masses                          Geom                  
	       8.000000            15.994915          0.00000000  0.00000000  1.42369268   
	      13.000000            26.981539          0.00000000  0.00000000 -0.84397867   

	 - Coordinate -           - BOHR/RAD -       - ANG/DEG -
	 R(1,2)           =         2.267671           1.200000

2025-12-23:11:09:25,893 INFO     [psi4.driver.task_planner:259] PLANNING Atomic:  keywords={'DAMPING_PERCENTAGE': 1.0, 'GEOM_MAXITER': 500, 'GUESS': 'SAP', 'MAXITER': 500, 'REFERENCE': 'UKS', 'function_kwargs': {}}
2025-12-23:11:09:25,895 INFO     [psi4.driver.driver:638] Compute gradient(): method=b3lyp, basis=cc-pvdz, molecule=default, nre=45.86202492473334
2025-12-23:11:09:26,477 INFO     [psi4.driver.driver:641] Return gradient(): -317.3740590954254
2025-12-23:11:09:26,477 INFO     [psi4.driver.driver:642] [[ 0.00000000 -0.00000000 -1.17135877]
 [ 0.00000000  0.00000000  1.17135521]]
2025-12-23:11:09:26,478 INFO     [psi4.optking.molsys:944] Projected (PHP) Hessian matrix
	   4.182219

2025-12-23:11:09:26,478 INFO     [psi4.optking.opt_helper:182] 
	         Geometry (au)                                       Gradient (au)
   0.0000000000   0.0000000000   1.4236926836		   0.0000000000  -0.0000000000  -1.1713587748
   0.0000000000   0.0000000000  -0.8439786669		   0.0000000000   0.0000000000   1.1713552071

2025-12-23:11:09:26,479 INFO     [psi4.optking.stepAlgorithms:929] 	Using RFO solution 1.
2025-12-23:11:09:26,479 INFO     [psi4.optking.displace:100] 	Determining Cartesian step for fragment 1.
2025-12-23:11:09:26,479 INFO     [psi4.optking.displace:415] 	Successfully converged to displaced geometry.
2025-12-23:11:09:26,479 INFO     [psi4.optking.displace:416] 	RMS(dx):  0.000e+00 	Max(dx):  0.000e+00 	RMS(dq):  0.000e+00
2025-12-23:11:09:26,479 INFO     [psi4.optking.displace:172] 

	        --- Internal Coordinate Step in ANG or DEG, aJ/ANG or AJ/DEG ---
	-------------------------------------------------------------------------------
	           Coordinate      Previous         Force          Change          New 
	           ----------      --------        ------          ------        ------
	               R(1,2)       1.20000        9.65049        0.13812       1.33812
	-------------------------------------------------------------------------------

2025-12-23:11:09:26,479 INFO     [psi4.optking.stepAlgorithms:113] 	|target step| :    0.2610008234
2025-12-23:11:09:26,479 INFO     [psi4.optking.stepAlgorithms:114] 	gradient     :   -1.1713569910
2025-12-23:11:09:26,479 INFO     [psi4.optking.stepAlgorithms:115] 	hessian      :    4.1822185214
2025-12-23:11:09:26,479 INFO     [psi4.optking.stepAlgorithms:113] 	|target step| :    0.2610008234
2025-12-23:11:09:26,479 INFO     [psi4.optking.stepAlgorithms:114] 	gradient     :   -1.1713569910
2025-12-23:11:09:26,479 INFO     [psi4.optking.stepAlgorithms:115] 	hessian      :    4.1822185214
2025-12-23:11:09:26,479 INFO     [psi4.optking.stepAlgorithms:206] 	Norm of achieved step-size    0.2610008234
2025-12-23:11:09:26,480 INFO     [psi4.optking.stepAlgorithms:208] 	Norm of achieved step-size (cart):    0.1845554521
2025-12-23:11:09:26,480 INFO     [psi4.optking.opt_helper:164] Molsys:

	                            ===> Fragment 1 <== 

	 Z (Atomic Numbers)          Masses                          Geom                  
	       8.000000            15.994915          0.00000000  0.00000000  1.55419310   
	      13.000000            26.981539          0.00000000  0.00000000 -0.97447908   

	 - Coordinate -           - BOHR/RAD -       - ANG/DEG -
	 R(1,2)           =         2.528672           1.338116

2025-12-23:11:09:26,480 INFO     [psi4.optking.convcheck:76] Performing convergence check.
2025-12-23:11:09:26,480 INFO     [psi4.optking.convcheck:282] 
	                                 ==> Convergence Check <==                                  
    
	Measures of convergence in internal coordinates in au.
    
	Criteria marked as inactive (o), active & met (*), and active & unmet ( ).

	----------------------------------------------------------------------------------------------~
	   Step    Total Energy     Delta E     Max Force     RMS Force      Max Disp      RMS Disp   ~
	----------------------------------------------------------------------------------------------~
	  Convergence Criteria     1.00e-06 *    3.00e-04 *             o    1.20e-03 *             o~
	----------------------------------------------------------------------------------------------~
	     1    -317.37405910   -3.17e+02      1.17e+00      1.17e+00 o    2.61e-01      2.61e-01 o  ~
	----------------------------------------------------------------------------------------------


2025-12-23:11:09:26,480 INFO     [psi4.optking.stepAlgorithms:296] 	Convergence check returned False
2025-12-23:11:09:26,491 INFO     [psi4.driver.task_planner:259] PLANNING Atomic:  keywords={'DAMPING_PERCENTAGE': 1.0, 'GEOM_MAXITER': 500, 'SCF__GUESS': 'READ', 'GUESS': 'SAP', 'MAXITER': 500, 'REFERENCE': 'UKS', 'function_kwargs': {}}
2025-12-23:11:09:26,492 INFO     [psi4.driver.driver:638] Compute gradient(): method=b3lyp, basis=cc-pvdz, molecule=default, nre=41.128304835167356
2025-12-23:11:09:27,46 INFO     [psi4.driver.driver:641] Return gradient(): -317.58604959939805
2025-12-23:11:09:27,46 INFO     [psi4.driver.driver:642] [[ 0.00000000 -0.00000000 -0.52698206]
 [ 0.00000000  0.00000000  0.52689790]]
2025-12-23:11:09:27,48 INFO     [psi4.optking.history:269] 	Performing BFGS update.
2025-12-23:11:09:27,48 INFO     [psi4.optking.history:280] 	Using 1 previous steps for update.
2025-12-23:11:09:27,48 INFO     [psi4.optking.history:317] 	Steps to be used in Hessian update:  1

2025-12-23:11:09:27,48 INFO     [psi4.optking.history:418] 	Updated Hessian (in au) 
 	   2.469023

2025-12-23:11:09:27,48 INFO     [psi4.optking.molsys:944] Projected (PHP) Hessian matrix
	   2.469023

2025-12-23:11:09:27,48 INFO     [psi4.optking.opt_helper:182] 
	         Geometry (au)                                       Gradient (au)
   0.0000000000   0.0000000000   1.5875545954		   0.0000000000  -0.0000000000  -0.5269820563
   0.0000000000   0.0000000000  -0.9411175786		   0.0000000000   0.0000000000   0.5268978997

2025-12-23:11:09:27,48 INFO     [psi4.optking.stepAlgorithms:368] 	Current Step Report 
 
	Current energy:      -317.5860495994
	Energy change for the previous step:
		Actual       :        -0.2119905040
		Projected    :        -0.1528625696

2025-12-23:11:09:27,48 INFO     [psi4.optking.stepAlgorithms:371] 	Energy ratio =    1.38680
2025-12-23:11:09:27,48 INFO     [psi4.optking.stepAlgorithms:399] 	Energy ratio indicates good step.
2025-12-23:11:09:27,48 INFO     [psi4.optking.stepAlgorithms:400] 	Intrafrag trust radius increased to      1.
2025-12-23:11:09:27,49 INFO     [psi4.optking.stepAlgorithms:929] 	Using RFO solution 1.
2025-12-23:11:09:27,49 INFO     [psi4.optking.displace:100] 	Determining Cartesian step for fragment 1.
2025-12-23:11:09:27,49 INFO     [psi4.optking.displace:415] 	Successfully converged to displaced geometry.
2025-12-23:11:09:27,49 INFO     [psi4.optking.displace:416] 	RMS(dx):  0.000e+00 	Max(dx):  0.000e+00 	RMS(dq):  0.000e+00
2025-12-23:11:09:27,49 INFO     [psi4.optking.displace:172] 

	        --- Internal Coordinate Step in ANG or DEG, aJ/ANG or AJ/DEG ---
	-------------------------------------------------------------------------------
	           Coordinate      Previous         Force          Change          New 
	           ----------      --------        ------          ------        ------
	               R(1,2)       1.33812        4.34131        0.10821       1.44633
	-------------------------------------------------------------------------------

2025-12-23:11:09:27,49 INFO     [psi4.optking.stepAlgorithms:113] 	|target step| :    0.2044955415
2025-12-23:11:09:27,49 INFO     [psi4.optking.stepAlgorithms:114] 	gradient     :   -0.5269399780
2025-12-23:11:09:27,49 INFO     [psi4.optking.stepAlgorithms:115] 	hessian      :    2.4690229114
2025-12-23:11:09:27,49 INFO     [psi4.optking.stepAlgorithms:113] 	|target step| :    0.2044955415
2025-12-23:11:09:27,49 INFO     [psi4.optking.stepAlgorithms:114] 	gradient     :   -0.5269399780
2025-12-23:11:09:27,49 INFO     [psi4.optking.stepAlgorithms:115] 	hessian      :    2.4690229114
2025-12-23:11:09:27,49 INFO     [psi4.optking.stepAlgorithms:206] 	Norm of achieved step-size    0.2044955415
2025-12-23:11:09:27,49 INFO     [psi4.optking.stepAlgorithms:208] 	Norm of achieved step-size (cart):    0.1446001841
2025-12-23:11:09:27,49 INFO     [psi4.optking.opt_helper:164] Molsys:

	                            ===> Fragment 1 <== 

	 Z (Atomic Numbers)          Masses                          Geom                  
	       8.000000            15.994915          0.00000000  0.00000000  1.68980237   
	      13.000000            26.981539          0.00000000  0.00000000 -1.04336535   

	 - Coordinate -           - BOHR/RAD -       - ANG/DEG -
	 R(1,2)           =         2.733168           1.446330

2025-12-23:11:09:27,49 INFO     [psi4.optking.convcheck:76] Performing convergence check.
2025-12-23:11:09:27,49 INFO     [psi4.optking.convcheck:282] 
	                                 ==> Convergence Check <==                                  
    
	Measures of convergence in internal coordinates in au.
    
	Criteria marked as inactive (o), active & met (*), and active & unmet ( ).

	----------------------------------------------------------------------------------------------
	   Step    Total Energy     Delta E     Max Force     RMS Force      Max Disp      RMS Disp   
	----------------------------------------------------------------------------------------------
	  Convergence Criteria     1.00e-06 *    3.00e-04 *             o    1.20e-03 *             o
	----------------------------------------------------------------------------------------------
	     2    -317.58604960   -2.12e-01      5.27e-01      5.27e-01 o    2.04e-01      2.04e-01 o  ~
	----------------------------------------------------------------------------------------------


2025-12-23:11:09:27,50 INFO     [psi4.optking.stepAlgorithms:296] 	Convergence check returned False
2025-12-23:11:09:27,60 INFO     [psi4.driver.task_planner:259] PLANNING Atomic:  keywords={'DAMPING_PERCENTAGE': 1.0, 'GEOM_MAXITER': 500, 'SCF__GUESS': 'READ', 'GUESS': 'SAP', 'MAXITER': 500, 'REFERENCE': 'UKS', 'function_kwargs': {}}
2025-12-23:11:09:27,61 INFO     [psi4.driver.driver:638] Compute gradient(): method=b3lyp, basis=cc-pvdz, molecule=default, nre=38.05108607502317
2025-12-23:11:09:27,600 INFO     [psi4.driver.driver:641] Return gradient(): -317.66371310977354
2025-12-23:11:09:27,600 INFO     [psi4.driver.driver:642] [[ 0.00000000  0.00000000 -0.25661328]
 [ 0.00000000 -0.00000000  0.25657122]]
2025-12-23:11:09:27,601 INFO     [psi4.optking.history:269] 	Performing BFGS update.
2025-12-23:11:09:27,602 INFO     [psi4.optking.history:280] 	Using 2 previous steps for update.
2025-12-23:11:09:27,602 INFO     [psi4.optking.history:317] 	Steps to be used in Hessian update:  2 1

2025-12-23:11:09:27,602 INFO     [psi4.optking.history:418] 	Updated Hessian (in au) 
 	   1.965138

2025-12-23:11:09:27,602 INFO     [psi4.optking.molsys:944] Projected (PHP) Hessian matrix
	   1.965138

2025-12-23:11:09:27,602 INFO     [psi4.optking.opt_helper:182] 
	         Geometry (au)                                       Gradient (au)
   0.0000000000   0.0000000000   1.7159412799		   0.0000000000   0.0000000000  -0.2566132847
   0.0000000000   0.0000000000  -1.0172264356		   0.0000000000  -0.0000000000   0.2565712152

2025-12-23:11:09:27,602 INFO     [psi4.optking.stepAlgorithms:368] 	Current Step Report 
 
	Current energy:      -317.6637131098
	Energy change for the previous step:
		Actual       :        -0.0776635104
		Projected    :        -0.0538784381

2025-12-23:11:09:27,602 INFO     [psi4.optking.stepAlgorithms:371] 	Energy ratio =    1.44146
2025-12-23:11:09:27,602 INFO     [psi4.optking.stepAlgorithms:929] 	Using RFO solution 1.
2025-12-23:11:09:27,602 INFO     [psi4.optking.displace:100] 	Determining Cartesian step for fragment 1.
2025-12-23:11:09:27,603 INFO     [psi4.optking.displace:415] 	Successfully converged to displaced geometry.
2025-12-23:11:09:27,603 INFO     [psi4.optking.displace:416] 	RMS(dx):  0.000e+00 	Max(dx):  0.000e+00 	RMS(dq):  0.000e+00
2025-12-23:11:09:27,603 INFO     [psi4.optking.displace:172] 

	        --- Internal Coordinate Step in ANG or DEG, aJ/ANG or AJ/DEG ---
	-------------------------------------------------------------------------------
	           Coordinate      Previous         Force          Change          New 
	           ----------      --------        ------          ------        ------
	               R(1,2)       1.44633        2.11399        0.06796       1.51429
	-------------------------------------------------------------------------------

2025-12-23:11:09:27,603 INFO     [psi4.optking.stepAlgorithms:113] 	|target step| :    0.1284187919
2025-12-23:11:09:27,603 INFO     [psi4.optking.stepAlgorithms:114] 	gradient     :   -0.2565922499
2025-12-23:11:09:27,603 INFO     [psi4.optking.stepAlgorithms:115] 	hessian      :    1.9651383124
2025-12-23:11:09:27,603 INFO     [psi4.optking.stepAlgorithms:113] 	|target step| :    0.1284187919
2025-12-23:11:09:27,603 INFO     [psi4.optking.stepAlgorithms:114] 	gradient     :   -0.2565922499
2025-12-23:11:09:27,603 INFO     [psi4.optking.stepAlgorithms:115] 	hessian      :    1.9651383124
2025-12-23:11:09:27,603 INFO     [psi4.optking.stepAlgorithms:206] 	Norm of achieved step-size    0.1284187919
2025-12-23:11:09:27,603 INFO     [psi4.optking.stepAlgorithms:208] 	Norm of achieved step-size (cart):    0.0908057986
2025-12-23:11:09:27,603 INFO     [psi4.optking.opt_helper:164] Molsys:

	                            ===> Fragment 1 <== 

	 Z (Atomic Numbers)          Masses                          Geom                  
	       8.000000            15.994915          0.00000000  0.00000000  1.78015068   
	      13.000000            26.981539          0.00000000  0.00000000 -1.08143583   

	 - Coordinate -           - BOHR/RAD -       - ANG/DEG -
	 R(1,2)           =         2.861587           1.514286

2025-12-23:11:09:27,603 INFO     [psi4.optking.convcheck:76] Performing convergence check.
2025-12-23:11:09:27,603 INFO     [psi4.optking.convcheck:282] 
	                                 ==> Convergence Check <==                                  
    
	Measures of convergence in internal coordinates in au.
    
	Criteria marked as inactive (o), active & met (*), and active & unmet ( ).

	----------------------------------------------------------------------------------------------
	   Step    Total Energy     Delta E     Max Force     RMS Force      Max Disp      RMS Disp   
	----------------------------------------------------------------------------------------------
	  Convergence Criteria     1.00e-06 *    3.00e-04 *             o    1.20e-03 *             o
	----------------------------------------------------------------------------------------------
	     3    -317.66371311   -7.77e-02      2.57e-01      2.57e-01 o    1.28e-01      1.28e-01 o  ~
	----------------------------------------------------------------------------------------------


2025-12-23:11:09:27,603 INFO     [psi4.optking.stepAlgorithms:296] 	Convergence check returned False
2025-12-23:11:09:27,613 INFO     [psi4.driver.task_planner:259] PLANNING Atomic:  keywords={'DAMPING_PERCENTAGE': 1.0, 'GEOM_MAXITER': 500, 'SCF__GUESS': 'READ', 'GUESS': 'SAP', 'MAXITER': 500, 'REFERENCE': 'UKS', 'function_kwargs': {}}
2025-12-23:11:09:27,615 INFO     [psi4.driver.driver:638] Compute gradient(): method=b3lyp, basis=cc-pvdz, molecule=default, nre=36.343475806201404
2025-12-23:11:09:28,162 INFO     [psi4.driver.driver:641] Return gradient(): -317.68921930686395
2025-12-23:11:09:28,163 INFO     [psi4.driver.driver:642] [[ 0.00000000  0.00000000 -0.14659810]
 [ 0.00000000  0.00000000  0.14651622]]
2025-12-23:11:09:28,164 INFO     [psi4.optking.history:269] 	Performing BFGS update.
2025-12-23:11:09:28,164 INFO     [psi4.optking.history:280] 	Using 3 previous steps for update.
2025-12-23:11:09:28,164 WARNING  [psi4.optking.history:301] 	Change in internal coordinate of 5.94e-01 exceeds limit of 5.00e-01.
2025-12-23:11:09:28,164 WARNING  [psi4.optking.history:306] 	Skipping Hessian update for step 1.
2025-12-23:11:09:28,164 INFO     [psi4.optking.history:317] 	Steps to be used in Hessian update:  3 2

2025-12-23:11:09:28,165 INFO     [psi4.optking.history:418] 	Updated Hessian (in au) 
 	   1.142585

2025-12-23:11:09:28,165 INFO     [psi4.optking.molsys:944] Projected (PHP) Hessian matrix
	   1.142585

2025-12-23:11:09:28,165 INFO     [psi4.optking.opt_helper:182] 
	         Geometry (au)                                       Gradient (au)
   0.0000000000   0.0000000000   1.7965653503		   0.0000000000   0.0000000000  -0.1465981029
   0.0000000000   0.0000000000  -1.0650211571		   0.0000000000   0.0000000000   0.1465162239

2025-12-23:11:09:28,165 INFO     [psi4.optking.stepAlgorithms:368] 	Current Step Report 
 
	Current energy:      -317.6892193069
	Energy change for the previous step:
		Actual       :        -0.0255061971
		Projected    :        -0.0164756334

2025-12-23:11:09:28,165 INFO     [psi4.optking.stepAlgorithms:371] 	Energy ratio =    1.54812
2025-12-23:11:09:28,165 INFO     [psi4.optking.stepAlgorithms:929] 	Using RFO solution 1.
2025-12-23:11:09:28,165 INFO     [psi4.optking.displace:100] 	Determining Cartesian step for fragment 1.
2025-12-23:11:09:28,165 INFO     [psi4.optking.displace:415] 	Successfully converged to displaced geometry.
2025-12-23:11:09:28,165 INFO     [psi4.optking.displace:416] 	RMS(dx):  0.000e+00 	Max(dx):  0.000e+00 	RMS(dq):  0.000e+00
2025-12-23:11:09:28,165 INFO     [psi4.optking.displace:172] 

	        --- Internal Coordinate Step in ANG or DEG, aJ/ANG or AJ/DEG ---
	-------------------------------------------------------------------------------
	           Coordinate      Previous         Force          Change          New 
	           ----------      --------        ------          ------        ------
	               R(1,2)       1.51429        1.20744        0.06680       1.58108
	-------------------------------------------------------------------------------

2025-12-23:11:09:28,165 INFO     [psi4.optking.stepAlgorithms:113] 	|target step| :    0.1262244526
2025-12-23:11:09:28,165 INFO     [psi4.optking.stepAlgorithms:114] 	gradient     :   -0.1465571634
2025-12-23:11:09:28,165 INFO     [psi4.optking.stepAlgorithms:115] 	hessian      :    1.1425846725
2025-12-23:11:09:28,165 INFO     [psi4.optking.stepAlgorithms:113] 	|target step| :    0.1262244526
2025-12-23:11:09:28,165 INFO     [psi4.optking.stepAlgorithms:114] 	gradient     :   -0.1465571634
2025-12-23:11:09:28,165 INFO     [psi4.optking.stepAlgorithms:115] 	hessian      :    1.1425846725
2025-12-23:11:09:28,165 INFO     [psi4.optking.stepAlgorithms:206] 	Norm of achieved step-size    0.1262244526
2025-12-23:11:09:28,165 INFO     [psi4.optking.stepAlgorithms:208] 	Norm of achieved step-size (cart):    0.0892541664
2025-12-23:11:09:28,165 INFO     [psi4.optking.opt_helper:164] Molsys:

	                            ===> Fragment 1 <== 

	 Z (Atomic Numbers)          Masses                          Geom                  
	       8.000000            15.994915          0.00000000  0.00000000  1.85967758   
	      13.000000            26.981539          0.00000000  0.00000000 -1.12813338   

	 - Coordinate -           - BOHR/RAD -       - ANG/DEG -
	 R(1,2)           =         2.987811           1.581081

2025-12-23:11:09:28,166 INFO     [psi4.optking.convcheck:76] Performing convergence check.
2025-12-23:11:09:28,166 INFO     [psi4.optking.convcheck:282] 
	                                 ==> Convergence Check <==                                  
    
	Measures of convergence in internal coordinates in au.
    
	Criteria marked as inactive (o), active & met (*), and active & unmet ( ).

	----------------------------------------------------------------------------------------------
	   Step    Total Energy     Delta E     Max Force     RMS Force      Max Disp      RMS Disp   
	----------------------------------------------------------------------------------------------
	  Convergence Criteria     1.00e-06 *    3.00e-04 *             o    1.20e-03 *             o
	----------------------------------------------------------------------------------------------
	     4    -317.68921931   -2.55e-02      1.47e-01      1.47e-01 o    1.26e-01      1.26e-01 o  ~
	----------------------------------------------------------------------------------------------


2025-12-23:11:09:28,166 INFO     [psi4.optking.stepAlgorithms:296] 	Convergence check returned False
2025-12-23:11:09:28,176 INFO     [psi4.driver.task_planner:259] PLANNING Atomic:  keywords={'DAMPING_PERCENTAGE': 1.0, 'GEOM_MAXITER': 500, 'SCF__GUESS': 'READ', 'GUESS': 'SAP', 'MAXITER': 500, 'REFERENCE': 'UKS', 'function_kwargs': {}}
2025-12-23:11:09:28,177 INFO     [psi4.driver.driver:638] Compute gradient(): method=b3lyp, basis=cc-pvdz, molecule=default, nre=34.80809240958592
2025-12-23:11:09:28,685 INFO     [psi4.driver.driver:641] Return gradient(): -317.70249968681594
2025-12-23:11:09:28,685 INFO     [psi4.driver.driver:642] [[ 0.00000000  0.00000000 -0.06805151]
 [ 0.00000000  0.00000000  0.06803215]]
2025-12-23:11:09:28,687 INFO     [psi4.optking.history:269] 	Performing BFGS update.
2025-12-23:11:09:28,687 INFO     [psi4.optking.history:280] 	Using 4 previous steps for update.
2025-12-23:11:09:28,687 WARNING  [psi4.optking.history:301] 	Change in internal coordinate of 7.20e-01 exceeds limit of 5.00e-01.
2025-12-23:11:09:28,687 WARNING  [psi4.optking.history:306] 	Skipping Hessian update for step 1.
2025-12-23:11:09:28,687 INFO     [psi4.optking.history:317] 	Steps to be used in Hessian update:  4 3 2

2025-12-23:11:09:28,687 INFO     [psi4.optking.history:418] 	Updated Hessian (in au) 
 	   0.999476

2025-12-23:11:09:28,688 INFO     [psi4.optking.molsys:944] Projected (PHP) Hessian matrix
	   0.999476

2025-12-23:11:09:28,688 INFO     [psi4.optking.opt_helper:182] 
	         Geometry (au)                                       Gradient (au)
   0.0000000000   0.0000000000   1.8758117674		   0.0000000000   0.0000000000  -0.0680515100
   0.0000000000   0.0000000000  -1.1119991927		   0.0000000000   0.0000000000   0.0680321533

2025-12-23:11:09:28,688 INFO     [psi4.optking.stepAlgorithms:368] 	Current Step Report 
 
	Current energy:      -317.7024996868
	Energy change for the previous step:
		Actual       :        -0.0132803800
		Projected    :        -0.0092495489

2025-12-23:11:09:28,688 INFO     [psi4.optking.stepAlgorithms:371] 	Energy ratio =    1.43579
2025-12-23:11:09:28,688 INFO     [psi4.optking.stepAlgorithms:929] 	Using RFO solution 1.
2025-12-23:11:09:28,688 INFO     [psi4.optking.displace:100] 	Determining Cartesian step for fragment 1.
2025-12-23:11:09:28,688 INFO     [psi4.optking.displace:415] 	Successfully converged to displaced geometry.
2025-12-23:11:09:28,688 INFO     [psi4.optking.displace:416] 	RMS(dx):  0.000e+00 	Max(dx):  0.000e+00 	RMS(dq):  0.000e+00
2025-12-23:11:09:28,688 INFO     [psi4.optking.displace:172] 

	        --- Internal Coordinate Step in ANG or DEG, aJ/ANG or AJ/DEG ---
	-------------------------------------------------------------------------------
	           Coordinate      Previous         Force          Change          New 
	           ----------      --------        ------          ------        ------
	               R(1,2)       1.58108        0.56058        0.03586       1.61694
	-------------------------------------------------------------------------------

2025-12-23:11:09:28,688 INFO     [psi4.optking.stepAlgorithms:113] 	|target step| :    0.0677648944
2025-12-23:11:09:28,688 INFO     [psi4.optking.stepAlgorithms:114] 	gradient     :   -0.0680418317
2025-12-23:11:09:28,688 INFO     [psi4.optking.stepAlgorithms:115] 	hessian      :    0.9994758889
2025-12-23:11:09:28,688 INFO     [psi4.optking.stepAlgorithms:113] 	|target step| :    0.0677648944
2025-12-23:11:09:28,688 INFO     [psi4.optking.stepAlgorithms:114] 	gradient     :   -0.0680418317
2025-12-23:11:09:28,688 INFO     [psi4.optking.stepAlgorithms:115] 	hessian      :    0.9994758889
2025-12-23:11:09:28,688 INFO     [psi4.optking.stepAlgorithms:206] 	Norm of achieved step-size    0.0677648944
2025-12-23:11:09:28,688 INFO     [psi4.optking.stepAlgorithms:208] 	Norm of achieved step-size (cart):    0.0479170163
2025-12-23:11:09:28,688 INFO     [psi4.optking.opt_helper:164] Molsys:

	                            ===> Fragment 1 <== 

	 Z (Atomic Numbers)          Masses                          Geom                  
	       8.000000            15.994915          0.00000000  0.00000000  1.90969421   
	      13.000000            26.981539          0.00000000  0.00000000 -1.14588164   

	 - Coordinate -           - BOHR/RAD -       - ANG/DEG -
	 R(1,2)           =         3.055576           1.616941

2025-12-23:11:09:28,689 INFO     [psi4.optking.convcheck:76] Performing convergence check.
2025-12-23:11:09:28,689 INFO     [psi4.optking.convcheck:282] 
	                                 ==> Convergence Check <==                                  
    
	Measures of convergence in internal coordinates in au.
    
	Criteria marked as inactive (o), active & met (*), and active & unmet ( ).

	----------------------------------------------------------------------------------------------
	   Step    Total Energy     Delta E     Max Force     RMS Force      Max Disp      RMS Disp   
	----------------------------------------------------------------------------------------------
	  Convergence Criteria     1.00e-06 *    3.00e-04 *             o    1.20e-03 *             o
	----------------------------------------------------------------------------------------------
	     5    -317.70249969   -1.33e-02      6.80e-02      6.80e-02 o    6.78e-02      6.78e-02 o  ~
	----------------------------------------------------------------------------------------------


2025-12-23:11:09:28,689 INFO     [psi4.optking.stepAlgorithms:296] 	Convergence check returned False
2025-12-23:11:09:28,699 INFO     [psi4.driver.task_planner:259] PLANNING Atomic:  keywords={'DAMPING_PERCENTAGE': 1.0, 'GEOM_MAXITER': 500, 'SCF__GUESS': 'READ', 'GUESS': 'SAP', 'MAXITER': 500, 'REFERENCE': 'UKS', 'function_kwargs': {}}
2025-12-23:11:09:28,700 INFO     [psi4.driver.driver:638] Compute gradient(): method=b3lyp, basis=cc-pvdz, molecule=default, nre=34.03613752501931
2025-12-23:11:09:29,233 INFO     [psi4.driver.driver:641] Return gradient(): -317.7059613210669
2025-12-23:11:09:29,233 INFO     [psi4.driver.driver:642] [[ 0.00000000  0.00000000 -0.03513311]
 [ 0.00000000 -0.00000000  0.03513305]]
2025-12-23:11:09:29,235 INFO     [psi4.optking.history:269] 	Performing BFGS update.
2025-12-23:11:09:29,235 INFO     [psi4.optking.history:280] 	Using 4 previous steps for update.
2025-12-23:11:09:29,235 WARNING  [psi4.optking.history:301] 	Change in internal coordinate of 5.27e-01 exceeds limit of 5.00e-01.
2025-12-23:11:09:29,235 WARNING  [psi4.optking.history:306] 	Skipping Hessian update for step 2.
2025-12-23:11:09:29,235 WARNING  [psi4.optking.history:301] 	Change in internal coordinate of 7.88e-01 exceeds limit of 5.00e-01.
2025-12-23:11:09:29,235 WARNING  [psi4.optking.history:306] 	Skipping Hessian update for step 1.
2025-12-23:11:09:29,235 INFO     [psi4.optking.history:317] 	Steps to be used in Hessian update:  5 4 3

2025-12-23:11:09:29,235 INFO     [psi4.optking.history:418] 	Updated Hessian (in au) 
 	   0.686891

2025-12-23:11:09:29,236 INFO     [psi4.optking.molsys:944] Projected (PHP) Hessian matrix
	   0.686891

2025-12-23:11:09:29,236 INFO     [psi4.optking.opt_helper:182] 
	         Geometry (au)                                       Gradient (au)
   0.0000000000   0.0000000000   1.9183560207		   0.0000000000   0.0000000000  -0.0351331150
   0.0000000000   0.0000000000  -1.1372198337		   0.0000000000  -0.0000000000   0.0351330453

2025-12-23:11:09:29,236 INFO     [psi4.optking.stepAlgorithms:368] 	Current Step Report 
 
	Current energy:      -317.7059613211
	Energy change for the previous step:
		Actual       :        -0.0034616343
		Projected    :        -0.0023054238

2025-12-23:11:09:29,236 INFO     [psi4.optking.stepAlgorithms:371] 	Energy ratio =    1.50152
2025-12-23:11:09:29,236 INFO     [psi4.optking.stepAlgorithms:929] 	Using RFO solution 1.
2025-12-23:11:09:29,236 INFO     [psi4.optking.displace:100] 	Determining Cartesian step for fragment 1.
2025-12-23:11:09:29,236 INFO     [psi4.optking.displace:415] 	Successfully converged to displaced geometry.
2025-12-23:11:09:29,236 INFO     [psi4.optking.displace:416] 	RMS(dx):  1.282e-16 	Max(dx):  2.220e-16 	RMS(dq):  4.441e-16
2025-12-23:11:09:29,236 INFO     [psi4.optking.displace:172] 

	        --- Internal Coordinate Step in ANG or DEG, aJ/ANG or AJ/DEG ---
	-------------------------------------------------------------------------------
	           Coordinate      Previous         Force          Change          New 
	           ----------      --------        ------          ------        ------
	               R(1,2)       1.61694        0.28945        0.02700       1.64394
	-------------------------------------------------------------------------------

2025-12-23:11:09:29,236 INFO     [psi4.optking.stepAlgorithms:113] 	|target step| :    0.0510148746
2025-12-23:11:09:29,236 INFO     [psi4.optking.stepAlgorithms:114] 	gradient     :   -0.0351330801
2025-12-23:11:09:29,236 INFO     [psi4.optking.stepAlgorithms:115] 	hessian      :    0.6868907544
2025-12-23:11:09:29,236 INFO     [psi4.optking.stepAlgorithms:113] 	|target step| :    0.0510148746
2025-12-23:11:09:29,236 INFO     [psi4.optking.stepAlgorithms:114] 	gradient     :   -0.0351330801
2025-12-23:11:09:29,236 INFO     [psi4.optking.stepAlgorithms:115] 	hessian      :    0.6868907544
2025-12-23:11:09:29,236 INFO     [psi4.optking.stepAlgorithms:206] 	Norm of achieved step-size    0.0510148746
2025-12-23:11:09:29,236 INFO     [psi4.optking.stepAlgorithms:208] 	Norm of achieved step-size (cart):    0.0360729637
2025-12-23:11:09:29,236 INFO     [psi4.optking.opt_helper:164] Molsys:

	                            ===> Fragment 1 <== 

	 Z (Atomic Numbers)          Masses                          Geom                  
	       8.000000            15.994915          0.00000000  0.00000000  1.94386346   
	      13.000000            26.981539          0.00000000  0.00000000 -1.16272727   

	 - Coordinate -           - BOHR/RAD -       - ANG/DEG -
	 R(1,2)           =         3.106591           1.643937

2025-12-23:11:09:29,237 INFO     [psi4.optking.convcheck:76] Performing convergence check.
2025-12-23:11:09:29,237 INFO     [psi4.optking.convcheck:282] 
	                                 ==> Convergence Check <==                                  
    
	Measures of convergence in internal coordinates in au.
    
	Criteria marked as inactive (o), active & met (*), and active & unmet ( ).

	----------------------------------------------------------------------------------------------
	   Step    Total Energy     Delta E     Max Force     RMS Force      Max Disp      RMS Disp   
	----------------------------------------------------------------------------------------------
	  Convergence Criteria     1.00e-06 *    3.00e-04 *             o    1.20e-03 *             o
	----------------------------------------------------------------------------------------------
	     6    -317.70596132   -3.46e-03      3.51e-02      3.51e-02 o    5.10e-02      5.10e-02 o  ~
	----------------------------------------------------------------------------------------------


2025-12-23:11:09:29,237 INFO     [psi4.optking.stepAlgorithms:296] 	Convergence check returned False
2025-12-23:11:09:29,247 INFO     [psi4.driver.task_planner:259] PLANNING Atomic:  keywords={'DAMPING_PERCENTAGE': 1.0, 'GEOM_MAXITER': 500, 'SCF__GUESS': 'READ', 'GUESS': 'SAP', 'MAXITER': 500, 'REFERENCE': 'UKS', 'function_kwargs': {}}
2025-12-23:11:09:29,248 INFO     [psi4.driver.driver:638] Compute gradient(): method=b3lyp, basis=cc-pvdz, molecule=default, nre=33.47721314847587
2025-12-23:11:09:29,822 INFO     [psi4.driver.driver:641] Return gradient(): -317.70719713693006
2025-12-23:11:09:29,822 INFO     [psi4.driver.driver:642] [[-0.00000000 -0.00000000 -0.01388137]
 [ 0.00000000 -0.00000000  0.01386144]]
2025-12-23:11:09:29,824 INFO     [psi4.optking.history:269] 	Performing BFGS update.
2025-12-23:11:09:29,824 INFO     [psi4.optking.history:280] 	Using 4 previous steps for update.
2025-12-23:11:09:29,824 INFO     [psi4.optking.history:317] 	Steps to be used in Hessian update:  6 5 4 3

2025-12-23:11:09:29,824 INFO     [psi4.optking.history:418] 	Updated Hessian (in au) 
 	   0.649989

2025-12-23:11:09:29,825 INFO     [psi4.optking.molsys:944] Projected (PHP) Hessian matrix
	   0.649989

2025-12-23:11:09:29,825 INFO     [psi4.optking.opt_helper:182] 
	         Geometry (au)                                       Gradient (au)
   0.0000000000   0.0000000000   1.9503842525		  -0.0000000000  -0.0000000000  -0.0138813742
   0.0000000000   0.0000000000  -1.1562064765		   0.0000000000  -0.0000000000   0.0138614449

2025-12-23:11:09:29,825 INFO     [psi4.optking.stepAlgorithms:368] 	Current Step Report 
 
	Current energy:      -317.7071971369
	Energy change for the previous step:
		Actual       :        -0.0012358159
		Projected    :        -0.0008961548

2025-12-23:11:09:29,825 INFO     [psi4.optking.stepAlgorithms:371] 	Energy ratio =    1.37902
2025-12-23:11:09:29,825 INFO     [psi4.optking.stepAlgorithms:929] 	Using RFO solution 1.
2025-12-23:11:09:29,825 INFO     [psi4.optking.displace:100] 	Determining Cartesian step for fragment 1.
2025-12-23:11:09:29,825 INFO     [psi4.optking.displace:415] 	Successfully converged to displaced geometry.
2025-12-23:11:09:29,825 INFO     [psi4.optking.displace:416] 	RMS(dx):  1.282e-16 	Max(dx):  2.220e-16 	RMS(dq):  4.441e-16
2025-12-23:11:09:29,825 INFO     [psi4.optking.displace:172] 

	        --- Internal Coordinate Step in ANG or DEG, aJ/ANG or AJ/DEG ---
	-------------------------------------------------------------------------------
	           Coordinate      Previous         Force          Change          New 
	           ----------      --------        ------          ------        ------
	               R(1,2)       1.64394        0.11428        0.01129       1.65523
	-------------------------------------------------------------------------------

2025-12-23:11:09:29,825 INFO     [psi4.optking.stepAlgorithms:113] 	|target step| :    0.0213312815
2025-12-23:11:09:29,825 INFO     [psi4.optking.stepAlgorithms:114] 	gradient     :   -0.0138714096
2025-12-23:11:09:29,825 INFO     [psi4.optking.stepAlgorithms:115] 	hessian      :    0.6499889712
2025-12-23:11:09:29,825 INFO     [psi4.optking.stepAlgorithms:113] 	|target step| :    0.0213312815
2025-12-23:11:09:29,825 INFO     [psi4.optking.stepAlgorithms:114] 	gradient     :   -0.0138714096
2025-12-23:11:09:29,825 INFO     [psi4.optking.stepAlgorithms:115] 	hessian      :    0.6499889712
2025-12-23:11:09:29,825 INFO     [psi4.optking.stepAlgorithms:206] 	Norm of achieved step-size    0.0213312815
2025-12-23:11:09:29,825 INFO     [psi4.optking.stepAlgorithms:208] 	Norm of achieved step-size (cart):    0.0150834938
2025-12-23:11:09:29,825 INFO     [psi4.optking.opt_helper:164] Molsys:

	                            ===> Fragment 1 <== 

	 Z (Atomic Numbers)          Masses                          Geom                  
	       8.000000            15.994915          0.00000000  0.00000000  1.96104989   
	      13.000000            26.981539          0.00000000  0.00000000 -1.16687212   

	 - Coordinate -           - BOHR/RAD -       - ANG/DEG -
	 R(1,2)           =         3.127922           1.655225

2025-12-23:11:09:29,826 INFO     [psi4.optking.convcheck:76] Performing convergence check.
2025-12-23:11:09:29,826 INFO     [psi4.optking.convcheck:282] 
	                                 ==> Convergence Check <==                                  
    
	Measures of convergence in internal coordinates in au.
    
	Criteria marked as inactive (o), active & met (*), and active & unmet ( ).

	----------------------------------------------------------------------------------------------
	   Step    Total Energy     Delta E     Max Force     RMS Force      Max Disp      RMS Disp   
	----------------------------------------------------------------------------------------------
	  Convergence Criteria     1.00e-06 *    3.00e-04 *             o    1.20e-03 *             o
	----------------------------------------------------------------------------------------------
	     7    -317.70719714   -1.24e-03      1.39e-02      1.39e-02 o    2.13e-02      2.13e-02 o  ~
	----------------------------------------------------------------------------------------------


2025-12-23:11:09:29,826 INFO     [psi4.optking.stepAlgorithms:296] 	Convergence check returned False
2025-12-23:11:09:29,836 INFO     [psi4.driver.task_planner:259] PLANNING Atomic:  keywords={'DAMPING_PERCENTAGE': 1.0, 'GEOM_MAXITER': 500, 'SCF__GUESS': 'READ', 'GUESS': 'SAP', 'MAXITER': 500, 'REFERENCE': 'UKS', 'function_kwargs': {}}
2025-12-23:11:09:29,837 INFO     [psi4.driver.driver:638] Compute gradient(): method=b3lyp, basis=cc-pvdz, molecule=default, nre=33.2489108262187
2025-12-23:11:09:30,381 INFO     [psi4.driver.driver:641] Return gradient(): -317.70740496169196
2025-12-23:11:09:30,381 INFO     [psi4.driver.driver:642] [[ 0.00000000  0.00000000 -0.00579911]
 [ 0.00000000  0.00000000  0.00576763]]
2025-12-23:11:09:30,383 INFO     [psi4.optking.history:269] 	Performing BFGS update.
2025-12-23:11:09:30,383 INFO     [psi4.optking.history:280] 	Using 4 previous steps for update.
2025-12-23:11:09:30,383 INFO     [psi4.optking.history:317] 	Steps to be used in Hessian update:  7 6 5 4

2025-12-23:11:09:30,383 INFO     [psi4.optking.history:418] 	Updated Hessian (in au) 
 	   0.528558

2025-12-23:11:09:30,383 INFO     [psi4.optking.molsys:944] Projected (PHP) Hessian matrix
	   0.528558

2025-12-23:11:09:30,383 INFO     [psi4.optking.opt_helper:182] 
	         Geometry (au)                                       Gradient (au)
   0.0000000000   0.0000000000   1.9637764883		   0.0000000000   0.0000000000  -0.0057991053
   0.0000000000   0.0000000000  -1.1641455222		   0.0000000000   0.0000000000   0.0057676282

2025-12-23:11:09:30,383 INFO     [psi4.optking.stepAlgorithms:368] 	Current Step Report 
 
	Current energy:      -317.7074049617
	Energy change for the previous step:
		Actual       :        -0.0002078248
		Projected    :        -0.0001479475

2025-12-23:11:09:30,383 INFO     [psi4.optking.stepAlgorithms:371] 	Energy ratio =    1.40472
2025-12-23:11:09:30,383 INFO     [psi4.optking.stepAlgorithms:929] 	Using RFO solution 1.
2025-12-23:11:09:30,384 INFO     [psi4.optking.displace:100] 	Determining Cartesian step for fragment 1.
2025-12-23:11:09:30,384 INFO     [psi4.optking.displace:415] 	Successfully converged to displaced geometry.
2025-12-23:11:09:30,384 INFO     [psi4.optking.displace:416] 	RMS(dx):  0.000e+00 	Max(dx):  0.000e+00 	RMS(dq):  0.000e+00
2025-12-23:11:09:30,384 INFO     [psi4.optking.displace:172] 

	        --- Internal Coordinate Step in ANG or DEG, aJ/ANG or AJ/DEG ---
	-------------------------------------------------------------------------------
	           Coordinate      Previous         Force          Change          New 
	           ----------      --------        ------          ------        ------
	               R(1,2)       1.65523        0.04765        0.00579       1.66101
	-------------------------------------------------------------------------------

2025-12-23:11:09:30,384 INFO     [psi4.optking.stepAlgorithms:113] 	|target step| :    0.0109404702
2025-12-23:11:09:30,384 INFO     [psi4.optking.stepAlgorithms:114] 	gradient     :   -0.0057833668
2025-12-23:11:09:30,384 INFO     [psi4.optking.stepAlgorithms:115] 	hessian      :    0.5285581342
2025-12-23:11:09:30,384 INFO     [psi4.optking.stepAlgorithms:113] 	|target step| :    0.0109404702
2025-12-23:11:09:30,384 INFO     [psi4.optking.stepAlgorithms:114] 	gradient     :   -0.0057833668
2025-12-23:11:09:30,384 INFO     [psi4.optking.stepAlgorithms:115] 	hessian      :    0.5285581342
2025-12-23:11:09:30,384 INFO     [psi4.optking.stepAlgorithms:206] 	Norm of achieved step-size    0.0109404702
2025-12-23:11:09:30,384 INFO     [psi4.optking.stepAlgorithms:208] 	Norm of achieved step-size (cart):    0.0077360807
2025-12-23:11:09:30,384 INFO     [psi4.optking.opt_helper:164] Molsys:

	                            ===> Fragment 1 <== 

	 Z (Atomic Numbers)          Masses                          Geom                  
	       8.000000            15.994915          0.00000000  0.00000000  1.96924672   
	      13.000000            26.981539          0.00000000  0.00000000 -1.16961576   

	 - Coordinate -           - BOHR/RAD -       - ANG/DEG -
	 R(1,2)           =         3.138862           1.661014

2025-12-23:11:09:30,384 INFO     [psi4.optking.convcheck:76] Performing convergence check.
2025-12-23:11:09:30,384 INFO     [psi4.optking.convcheck:282] 
	                                 ==> Convergence Check <==                                  
    
	Measures of convergence in internal coordinates in au.
    
	Criteria marked as inactive (o), active & met (*), and active & unmet ( ).

	----------------------------------------------------------------------------------------------
	   Step    Total Energy     Delta E     Max Force     RMS Force      Max Disp      RMS Disp   
	----------------------------------------------------------------------------------------------
	  Convergence Criteria     1.00e-06 *    3.00e-04 *             o    1.20e-03 *             o
	----------------------------------------------------------------------------------------------
	     8    -317.70740496   -2.08e-04      5.78e-03      5.78e-03 o    1.09e-02      1.09e-02 o  ~
	----------------------------------------------------------------------------------------------


2025-12-23:11:09:30,384 INFO     [psi4.optking.stepAlgorithms:296] 	Convergence check returned False
2025-12-23:11:09:30,395 INFO     [psi4.driver.task_planner:259] PLANNING Atomic:  keywords={'DAMPING_PERCENTAGE': 1.0, 'GEOM_MAXITER': 500, 'SCF__GUESS': 'READ', 'GUESS': 'SAP', 'MAXITER': 500, 'REFERENCE': 'UKS', 'function_kwargs': {}}
2025-12-23:11:09:30,396 INFO     [psi4.driver.driver:638] Compute gradient(): method=b3lyp, basis=cc-pvdz, molecule=default, nre=33.13302211779092
2025-12-23:11:09:30,945 INFO     [psi4.driver.driver:641] Return gradient(): -317.70744587479913
2025-12-23:11:09:30,946 INFO     [psi4.driver.driver:642] [[ 0.00000000  0.00000000 -0.00182562]
 [ 0.00000000 -0.00000000  0.00178852]]
2025-12-23:11:09:30,947 INFO     [psi4.optking.history:269] 	Performing BFGS update.
2025-12-23:11:09:30,947 INFO     [psi4.optking.history:280] 	Using 4 previous steps for update.
2025-12-23:11:09:30,948 INFO     [psi4.optking.history:317] 	Steps to be used in Hessian update:  8 7 6 5

2025-12-23:11:09:30,948 INFO     [psi4.optking.history:418] 	Updated Hessian (in au) 
 	   0.438491

2025-12-23:11:09:30,948 INFO     [psi4.optking.molsys:944] Projected (PHP) Hessian matrix
	   0.438491

2025-12-23:11:09:30,948 INFO     [psi4.optking.opt_helper:182] 
	         Geometry (au)                                       Gradient (au)
   0.0000000000   0.0000000000   1.9706451500		   0.0000000000   0.0000000000  -0.0018256208
   0.0000000000   0.0000000000  -1.1682173307		   0.0000000000  -0.0000000000   0.0017885202

2025-12-23:11:09:30,948 INFO     [psi4.optking.stepAlgorithms:368] 	Current Step Report 
 
	Current energy:      -317.7074458748
	Energy change for the previous step:
		Actual       :        -0.0000409131
		Projected    :        -0.0000316364

2025-12-23:11:09:30,948 INFO     [psi4.optking.stepAlgorithms:371] 	Energy ratio =    1.29323
2025-12-23:11:09:30,948 INFO     [psi4.optking.stepAlgorithms:929] 	Using RFO solution 1.
2025-12-23:11:09:30,948 INFO     [psi4.optking.displace:100] 	Determining Cartesian step for fragment 1.
2025-12-23:11:09:30,948 INFO     [psi4.optking.displace:415] 	Successfully converged to displaced geometry.
2025-12-23:11:09:30,948 INFO     [psi4.optking.displace:416] 	RMS(dx):  1.282e-16 	Max(dx):  2.220e-16 	RMS(dq):  4.441e-16
2025-12-23:11:09:30,948 INFO     [psi4.optking.displace:172] 

	        --- Internal Coordinate Step in ANG or DEG, aJ/ANG or AJ/DEG ---
	-------------------------------------------------------------------------------
	           Coordinate      Previous         Force          Change          New 
	           ----------      --------        ------          ------        ------
	               R(1,2)       1.66101        0.01489        0.00218       1.66320
	-------------------------------------------------------------------------------

2025-12-23:11:09:30,948 INFO     [psi4.optking.stepAlgorithms:113] 	|target step| :    0.0041210402
2025-12-23:11:09:30,949 INFO     [psi4.optking.stepAlgorithms:114] 	gradient     :   -0.0018070705
2025-12-23:11:09:30,949 INFO     [psi4.optking.stepAlgorithms:115] 	hessian      :    0.4384911906
2025-12-23:11:09:30,949 INFO     [psi4.optking.stepAlgorithms:113] 	|target step| :    0.0041210402
2025-12-23:11:09:30,949 INFO     [psi4.optking.stepAlgorithms:114] 	gradient     :   -0.0018070705
2025-12-23:11:09:30,949 INFO     [psi4.optking.stepAlgorithms:115] 	hessian      :    0.4384911906
2025-12-23:11:09:30,949 INFO     [psi4.optking.stepAlgorithms:206] 	Norm of achieved step-size    0.0041210402
2025-12-23:11:09:30,949 INFO     [psi4.optking.stepAlgorithms:208] 	Norm of achieved step-size (cart):    0.0029140154
2025-12-23:11:09:30,949 INFO     [psi4.optking.opt_helper:164] Molsys:

	                            ===> Fragment 1 <== 

	 Z (Atomic Numbers)          Masses                          Geom                  
	       8.000000            15.994915          0.00000000  0.00000000  1.97270567   
	      13.000000            26.981539          0.00000000  0.00000000 -1.17027785   

	 - Coordinate -           - BOHR/RAD -       - ANG/DEG -
	 R(1,2)           =         3.142984           1.663195

2025-12-23:11:09:30,949 INFO     [psi4.optking.convcheck:76] Performing convergence check.
2025-12-23:11:09:30,949 INFO     [psi4.optking.convcheck:282] 
	                                 ==> Convergence Check <==                                  
    
	Measures of convergence in internal coordinates in au.
    
	Criteria marked as inactive (o), active & met (*), and active & unmet ( ).

	----------------------------------------------------------------------------------------------
	   Step    Total Energy     Delta E     Max Force     RMS Force      Max Disp      RMS Disp   
	----------------------------------------------------------------------------------------------
	  Convergence Criteria     1.00e-06 *    3.00e-04 *             o    1.20e-03 *             o
	----------------------------------------------------------------------------------------------
	     9    -317.70744587   -4.09e-05      1.81e-03      1.81e-03 o    4.12e-03      4.12e-03 o  ~
	----------------------------------------------------------------------------------------------


2025-12-23:11:09:30,949 INFO     [psi4.optking.stepAlgorithms:296] 	Convergence check returned False
2025-12-23:11:09:30,959 INFO     [psi4.driver.task_planner:259] PLANNING Atomic:  keywords={'DAMPING_PERCENTAGE': 1.0, 'GEOM_MAXITER': 500, 'SCF__GUESS': 'READ', 'GUESS': 'SAP', 'MAXITER': 500, 'REFERENCE': 'UKS', 'function_kwargs': {}}
2025-12-23:11:09:30,960 INFO     [psi4.driver.driver:638] Compute gradient(): method=b3lyp, basis=cc-pvdz, molecule=default, nre=33.08957851915158
2025-12-23:11:09:31,492 INFO     [psi4.driver.driver:641] Return gradient(): -317.7074500844886
2025-12-23:11:09:31,492 INFO     [psi4.driver.driver:642] [[ 0.00000000 -0.00000000 -0.00035823]
 [-0.00000000  0.00000000  0.00031912]]
2025-12-23:11:09:31,494 INFO     [psi4.optking.history:269] 	Performing BFGS update.
2025-12-23:11:09:31,494 INFO     [psi4.optking.history:280] 	Using 4 previous steps for update.
2025-12-23:11:09:31,494 INFO     [psi4.optking.history:317] 	Steps to be used in Hessian update:  9 8 7 6

2025-12-23:11:09:31,494 INFO     [psi4.optking.history:418] 	Updated Hessian (in au) 
 	   0.398070

2025-12-23:11:09:31,494 INFO     [psi4.optking.molsys:944] Projected (PHP) Hessian matrix
	   0.398070

2025-12-23:11:09:31,494 INFO     [psi4.optking.opt_helper:182] 
	         Geometry (au)                                       Gradient (au)
   0.0000000000   0.0000000000   1.9732324274		   0.0000000000  -0.0000000000  -0.0003582283
   0.0000000000   0.0000000000  -1.1697510935		  -0.0000000000   0.0000000000   0.0003191188

2025-12-23:11:09:31,494 INFO     [psi4.optking.stepAlgorithms:368] 	Current Step Report 
 
	Current energy:      -317.7074500845
	Energy change for the previous step:
		Actual       :        -0.0000042097
		Projected    :        -0.0000037235

2025-12-23:11:09:31,494 INFO     [psi4.optking.stepAlgorithms:371] 	Energy ratio =    1.13057
2025-12-23:11:09:31,495 INFO     [psi4.optking.stepAlgorithms:929] 	Using RFO solution 1.
2025-12-23:11:09:31,495 INFO     [psi4.optking.displace:100] 	Determining Cartesian step for fragment 1.
2025-12-23:11:09:31,495 INFO     [psi4.optking.displace:415] 	Successfully converged to displaced geometry.
2025-12-23:11:09:31,495 INFO     [psi4.optking.displace:416] 	RMS(dx):  0.000e+00 	Max(dx):  0.000e+00 	RMS(dq):  0.000e+00
2025-12-23:11:09:31,495 INFO     [psi4.optking.displace:172] 

	        --- Internal Coordinate Step in ANG or DEG, aJ/ANG or AJ/DEG ---
	-------------------------------------------------------------------------------
	           Coordinate      Previous         Force          Change          New 
	           ----------      --------        ------          ------        ------
	               R(1,2)       1.66320        0.00279        0.00045       1.66365
	-------------------------------------------------------------------------------

2025-12-23:11:09:31,495 INFO     [psi4.optking.stepAlgorithms:113] 	|target step| :    0.0008507874
2025-12-23:11:09:31,495 INFO     [psi4.optking.stepAlgorithms:114] 	gradient     :   -0.0003386735
2025-12-23:11:09:31,495 INFO     [psi4.optking.stepAlgorithms:115] 	hessian      :    0.3980704209
2025-12-23:11:09:31,495 INFO     [psi4.optking.stepAlgorithms:113] 	|target step| :    0.0008507874
2025-12-23:11:09:31,495 INFO     [psi4.optking.stepAlgorithms:114] 	gradient     :   -0.0003386735
2025-12-23:11:09:31,495 INFO     [psi4.optking.stepAlgorithms:115] 	hessian      :    0.3980704209
2025-12-23:11:09:31,495 INFO     [psi4.optking.stepAlgorithms:206] 	Norm of achieved step-size    0.0008507874
2025-12-23:11:09:31,495 INFO     [psi4.optking.stepAlgorithms:208] 	Norm of achieved step-size (cart):    0.0006015975
2025-12-23:11:09:31,495 INFO     [psi4.optking.opt_helper:164] Molsys:

	                            ===> Fragment 1 <== 

	 Z (Atomic Numbers)          Masses                          Geom                  
	       8.000000            15.994915          0.00000000  0.00000000  1.97365782   
	      13.000000            26.981539          0.00000000  0.00000000 -1.17017649   

	 - Coordinate -           - BOHR/RAD -       - ANG/DEG -
	 R(1,2)           =         3.143834           1.663645

2025-12-23:11:09:31,495 INFO     [psi4.optking.convcheck:76] Performing convergence check.
2025-12-23:11:09:31,496 INFO     [psi4.optking.convcheck:282] 
	                                 ==> Convergence Check <==                                  
    
	Measures of convergence in internal coordinates in au.
    
	Criteria marked as inactive (o), active & met (*), and active & unmet ( ).

	----------------------------------------------------------------------------------------------
	   Step    Total Energy     Delta E     Max Force     RMS Force      Max Disp      RMS Disp   
	----------------------------------------------------------------------------------------------
	  Convergence Criteria     1.00e-06 *    3.00e-04 *             o    1.20e-03 *             o
	----------------------------------------------------------------------------------------------
	    10    -317.70745008   -4.21e-06      3.39e-04      3.39e-04 o    8.51e-04 *    8.51e-04 o  ~
	----------------------------------------------------------------------------------------------


2025-12-23:11:09:31,496 INFO     [psi4.optking.stepAlgorithms:296] 	Convergence check returned False
2025-12-23:11:09:31,506 INFO     [psi4.driver.task_planner:259] PLANNING Atomic:  keywords={'DAMPING_PERCENTAGE': 1.0, 'GEOM_MAXITER': 500, 'SCF__GUESS': 'READ', 'GUESS': 'SAP', 'MAXITER': 500, 'REFERENCE': 'UKS', 'function_kwargs': {}}
2025-12-23:11:09:31,507 INFO     [psi4.driver.driver:638] Compute gradient(): method=b3lyp, basis=cc-pvdz, molecule=default, nre=33.08062378626843
2025-12-23:11:09:32,59 INFO     [psi4.driver.driver:641] Return gradient(): -317.7074502225992
2025-12-23:11:09:32,59 INFO     [psi4.driver.driver:642] [[ 0.00000000  0.00000000 -0.00005726]
 [ 0.00000000  0.00000000  0.00001774]]
2025-12-23:11:09:32,61 INFO     [psi4.optking.history:269] 	Performing BFGS update.
2025-12-23:11:09:32,61 INFO     [psi4.optking.history:280] 	Using 4 previous steps for update.
2025-12-23:11:09:32,61 INFO     [psi4.optking.history:317] 	Steps to be used in Hessian update:  10 9 8 7

2025-12-23:11:09:32,61 INFO     [psi4.optking.history:418] 	Updated Hessian (in au) 
 	   0.371444

2025-12-23:11:09:32,61 INFO     [psi4.optking.molsys:944] Projected (PHP) Hessian matrix
	   0.371444

2025-12-23:11:09:32,61 INFO     [psi4.optking.opt_helper:182] 
	         Geometry (au)                                       Gradient (au)
   0.0000000000   0.0000000000   1.9737665700		   0.0000000000   0.0000000000  -0.0000572575
   0.0000000000   0.0000000000  -1.1700677384		   0.0000000000   0.0000000000   0.0000177419

2025-12-23:11:09:32,61 INFO     [psi4.optking.stepAlgorithms:368] 	Current Step Report 
 
	Current energy:      -317.7074502226
	Energy change for the previous step:
		Actual       :        -0.0000001381
		Projected    :        -0.0000001441

2025-12-23:11:09:32,61 INFO     [psi4.optking.stepAlgorithms:371] 	Energy ratio =    0.95864
2025-12-23:11:09:32,61 INFO     [psi4.optking.stepAlgorithms:929] 	Using RFO solution 1.
2025-12-23:11:09:32,61 INFO     [psi4.optking.displace:100] 	Determining Cartesian step for fragment 1.
2025-12-23:11:09:32,62 INFO     [psi4.optking.displace:415] 	Successfully converged to displaced geometry.
2025-12-23:11:09:32,62 INFO     [psi4.optking.displace:416] 	RMS(dx):  0.000e+00 	Max(dx):  0.000e+00 	RMS(dq):  0.000e+00
2025-12-23:11:09:32,62 INFO     [psi4.optking.displace:172] 

	        --- Internal Coordinate Step in ANG or DEG, aJ/ANG or AJ/DEG ---
	-------------------------------------------------------------------------------
	           Coordinate      Previous         Force          Change          New 
	           ----------      --------        ------          ------        ------
	               R(1,2)       1.66365        0.00031        0.00005       1.66370
	-------------------------------------------------------------------------------

2025-12-23:11:09:32,62 INFO     [psi4.optking.stepAlgorithms:113] 	|target step| :    0.0001009564
2025-12-23:11:09:32,62 INFO     [psi4.optking.stepAlgorithms:114] 	gradient     :   -0.0000374997
2025-12-23:11:09:32,62 INFO     [psi4.optking.stepAlgorithms:115] 	hessian      :    0.3714441559
2025-12-23:11:09:32,62 INFO     [psi4.optking.stepAlgorithms:113] 	|target step| :    0.0001009564
2025-12-23:11:09:32,62 INFO     [psi4.optking.stepAlgorithms:114] 	gradient     :   -0.0000374997
2025-12-23:11:09:32,62 INFO     [psi4.optking.stepAlgorithms:115] 	hessian      :    0.3714441559
2025-12-23:11:09:32,62 INFO     [psi4.optking.stepAlgorithms:206] 	Norm of achieved step-size    0.0001009564
2025-12-23:11:09:32,62 INFO     [psi4.optking.stepAlgorithms:208] 	Norm of achieved step-size (cart):    0.0000713870
2025-12-23:11:09:32,62 INFO     [psi4.optking.opt_helper:164] Molsys:

	                            ===> Fragment 1 <== 

	 Z (Atomic Numbers)          Masses                          Geom                  
	       8.000000            15.994915          0.00000000  0.00000000  1.97381705   
	      13.000000            26.981539          0.00000000  0.00000000 -1.17011822   

	 - Coordinate -           - BOHR/RAD -       - ANG/DEG -
	 R(1,2)           =         3.143935           1.663699

2025-12-23:11:09:32,62 INFO     [psi4.optking.convcheck:76] Performing convergence check.
2025-12-23:11:09:32,62 INFO     [psi4.optking.convcheck:282] 
	                                 ==> Convergence Check <==                                  
    
	Measures of convergence in internal coordinates in au.
    
	Criteria marked as inactive (o), active & met (*), and active & unmet ( ).

	----------------------------------------------------------------------------------------------
	   Step    Total Energy     Delta E     Max Force     RMS Force      Max Disp      RMS Disp   
	----------------------------------------------------------------------------------------------
	  Convergence Criteria     1.00e-06 *    3.00e-04 *             o    1.20e-03 *             o
	----------------------------------------------------------------------------------------------
	    11    -317.70745022   -1.38e-07 *    3.75e-05 *    3.75e-05 o    1.01e-04 *    1.01e-04 o  ~
	----------------------------------------------------------------------------------------------


2025-12-23:11:09:32,62 INFO     [psi4.optking.convcheck:206] 
	                      ===> Final Convergence Report <===                     

	----------------------------------------------------------------------------
	|   Required Criteria    |  One or More Criteria  |   Alternate Criteria   |
	----------------------------------------------------------------------------
	| [x]     max_force      | [x]       max_DE       |                        |
	|                        | [x]      max_disp      |                        |
	----------------------------------------------------------------------------


2025-12-23:11:09:32,62 INFO     [psi4.optking.stepAlgorithms:296] 	Convergence check returned True
2025-12-23:11:09:32,62 INFO     [psi4.optking.optimize:332] 	Converged in 11 steps!
2025-12-23:11:09:32,62 INFO     [psi4.optking.optimize:333] 	Final energy is   -317.7074502225992
2025-12-23:11:09:32,62 INFO     [psi4.optking.optimize:334] 	Final structure (Angstroms): 
	Fragment 1 (Ang)

	    O   0.0000000000   0.0000000000   1.0444989999
	   Al   0.0000000000   0.0000000000  -0.6191998940


2025-12-23:11:09:32,63 INFO     [psi4.optking.optimize:562] 	Optimization Finished

	==> Optimization Summary <==

        
	Measures of convergence in internal coordinates in au. (Any backward steps not shown.)
        
	---------------------------------------------------------------------------------------------------------------  ~
        
	 Step         Total Energy             Delta E       MAX Force       RMS Force        MAX Disp        RMS Disp   ~
        
	---------------------------------------------------------------------------------------------------------------  ~
        
	     1    -317.374059095425   -317.374059095425      1.17135699      1.17135699      0.26100082      0.26100082  ~
	     2    -317.586049599398     -0.211990503973      0.52693998      0.52693998      0.20449554      0.20449554  ~
	     3    -317.663713109774     -0.077663510375      0.25659225      0.25659225      0.12841879      0.12841879  ~
	     4    -317.689219306864     -0.025506197090      0.14655716      0.14655716      0.12622445      0.12622445  ~
	     5    -317.702499686816     -0.013280379952      0.06804183      0.06804183      0.06776489      0.06776489  ~
	     6    -317.705961321067     -0.003461634251      0.03513308      0.03513308      0.05101487      0.05101487  ~
	     7    -317.707197136930     -0.001235815863      0.01387141      0.01387141      0.02133128      0.02133128  ~
	     8    -317.707404961692     -0.000207824762      0.00578337      0.00578337      0.01094047      0.01094047  ~
	     9    -317.707445874799     -0.000040913107      0.00180707      0.00180707      0.00412104      0.00412104  ~
	    10    -317.707450084489     -0.000004209689      0.00033867      0.00033867      0.00085079      0.00085079  ~
	    11    -317.707450222599     -0.000000138111      0.00003750      0.00003750      0.00010096      0.00010096  ~
	----------------------------------------------------------------------------------------------------------------


2025-12-23:11:09:32,63 INFO     [psi4.optking.optimize:806] Preparing OptimizationResult
