2025-12-23:10:56:06,116 WARNING  [psi4.optking:38] Some dependencies such as QCElemental have not yet finished migration to pydantic v2. If issues are encountered please downgrade pydantic or upgrade QCElemental as appropriate
2025-12-23:10:56:06,275 INFO     [psi4.optking.optwrapper:234] Creating a UserComputer
2025-12-23:10:56:06,275 INFO     [psi4.optking.optwrapper:242] 
    			-----------------------------------------

    			 OPTKING 3.0: for geometry optimizations 

    			     By R.A. King, Bethel University     

    			        with contributions from          

    			    A.V. Copan, J. Cayton, A. Heide      

    			-----------------------------------------

    
2025-12-23:10:56:06,276 INFO     [psi4.optking.optwrapper:272] 
		 -- Optimization Parameters --
	GEOM_MAXITER                   =             500
	ALG_GEOM_MAXITER               =              50
	PRINT                          =               1
	OPT_TYPE                       =             MIN
	STEP_TYPE                      =             RFO
	PROGRAM                        =            PSI4
	STEEPEST_DESCENT_TYPE          =         OVERLAP
	CONJUGATE_GRADIENT_TYPE        =        FLETCHER
	OPT_COORDINATES                =        INTERNAL
	RFO_FOLLOW_ROOT                =           False
	RFO_ROOT                       =               0
	ACCEPT_SYMMETRY_BREAKING       =           False
	DYNAMIC_LVL                    =               0
	DYNAMIC_LVL_MAX                =               0
	IRC_STEP_SIZE                  =             0.2
	IRC_DIRECTION                  =         FORWARD
	IRC_POINTS                     =              20
	IRC_MODE                       =          NORMAL
	IRC_CONVERGENCE                =            -0.7
	INTRAFRAG_STEP_LIMIT           =             0.5
	INTRAFRAG_STEP_LIMIT_MIN       =           0.001
	INTRAFRAG_STEP_LIMIT_MAX       =             1.0
	INTERFRAG_STEP_LIMIT           =             0.5
	INTERFRAG_STEP_LIMIT_MIN       =           0.001
	INTERFRAG_STEP_LIMIT_MAX       =             1.0
	ENSURE_BT_CONVERGENCE          =           False
	SIMPLE_STEP_SCALING            =           False
	CONSECUTIVE_BACKSTEPS          =               0
	RFO_NORMALIZATION_MAX          =             100
	RSRFO_ALPHA_MAX                =     100000000.0
	PRINT_TRAJECTORY_XYZ_FILE      =           False
	WRITE_TRAJECTORY               =           False
	FROZEN_DISTANCE                =                
	FROZEN_BEND                    =                
	FROZEN_DIHEDRAL                =                
	FROZEN_OOFP                    =                
	FROZEN_CARTESIAN               =                
	FREEZE_ALL_DIHEDRALS           =           False
	UNFREEZE_DIHEDRALS             =                
	RANGED_DISTANCE                =                
	RANGED_BEND                    =                
	RANGED_DIHEDRAL                =                
	RANGED_OOFP                    =                
	RANGED_CARTESIAN               =                
	EXT_FORCE_DISTANCE             =                
	EXT_FORCE_BEND                 =                
	EXT_FORCE_DIHEDRAL             =                
	EXT_FORCE_OOFP                 =                
	EXT_FORCE_CARTESIAN            =                
	G_CONVERGENCE                  =           QCHEM
	MAX_FORCE_G_CONVERGENCE        =          0.0003
	RMS_FORCE_G_CONVERGENCE        =          0.0003
	MAX_ENERGY_G_CONVERGENCE       =           1e-06
	MAX_DISP_G_CONVERGENCE         =          0.0012
	RMS_DISP_G_CONVERGENCE         =          0.0012
	FLEXIBLE_G_CONVERGENCE         =           False
	HESS_UPDATE                    =            BFGS
	HESS_UPDATE_USE_LAST           =               4
	HESS_UPDATE_LIMIT              =            True
	HESS_UPDATE_LIMIT_MAX          =             1.0
	HESS_UPDATE_LIMIT_SCALE        =             0.5
	HESS_UPDATE_DEN_TOL            =           1e-07
	HESS_UPDATE_DQ_TOL             =             0.5
	CART_HESS_READ                 =           False
	HESSIAN_FILE                   =               .
	FULL_HESS_EVERY                =              -1
	INTRAFRAG_HESS                 =        SCHLEGEL
	H_GUESS_EVERY                  =           False
	BT_MAX_ITER                    =              25
	BT_DX_CONV                     =           1e-07
	BT_DX_RMS_CHANGE_CONV          =           1e-12
	BT_PINV_RCOND                  =           1e-06
	FRAG_MODE                      =          SINGLE
	FRAG_REF_ATOMS                 =              []
	FREEZE_INTRAFRAG               =           False
	INTERFRAG_MODE                 =           FIXED
	ADD_AUXILIARY_BONDS            =           False
	AUXILIARY_BOND_FACTOR          =             2.5
	INTERFRAG_DIST_INV             =           False
	INTERFRAG_COLLINEAR_TOL        =            0.01
	INTERFRAG_COORDS               =              []
	INTERFRAG_HESS                 =         DEFAULT
	COVALENT_CONNECT               =             1.3
	INTERFRAGMENT_CONNECT          =             1.8
	H_BOND_CONNECT                 =             4.3
	INCLUDE_OOFP                   =           False
	TEST_B                         =           False
	TEST_DERIVATIVE_B              =           False
	LINESEARCH_STEP                =             0.1
	LINESEARCH                     =           False
	SD_HESSIAN                     =             1.0
	FIX_VAL_NEAR_PI                =            1.57
	V3D_TORS_ANGLE_LIM             =           0.017
	V3D_TORS_COS_TOL               =           1e-10
	LINEAR_BEND_THRESHOLD          =            3.05
	SMALL_BEND_FIX_THRESHOLD       =            0.35
	REDUNDANT_EVAL_TOL             =           1e-10
	LINEAR_ALGEBRA_TOL             =           1e-10


2025-12-23:10:56:06,415 INFO     [psi4.optking.opt_helper:164] Molsys:

	                            ===> Fragment 1 <== 

	 Z (Atomic Numbers)          Masses                          Geom                  
	       6.000000            12.000000          0.00000000  0.00000000  1.38981787   
	       9.000000            18.998403          0.00000000  0.00000000 -0.87785348   

	 - Coordinate -           - BOHR/RAD -       - ANG/DEG -
	 R(1,2)           =         2.267671           1.200000

2025-12-23:10:56:06,425 INFO     [psi4.driver.task_planner:259] PLANNING Atomic:  keywords={'DAMPING_PERCENTAGE': 1.0, 'GEOM_MAXITER': 500, 'GUESS': 'SAP', 'MAXITER': 500, 'REFERENCE': 'UKS', 'function_kwargs': {}}
2025-12-23:10:56:06,426 INFO     [psi4.driver.driver:638] Compute gradient(): method=b3lyp, basis=cc-pvdz, molecule=default, nre=23.812974480150004
2025-12-23:10:56:06,815 INFO     [psi4.driver.driver:641] Return gradient(): -137.7301459162606
2025-12-23:10:56:06,815 INFO     [psi4.driver.driver:642] [[ 0.00000000  0.00000000 -0.24165460]
 [ 0.00000000  0.00000000  0.24166655]]
2025-12-23:10:56:06,817 INFO     [psi4.optking.molsys:944] Projected (PHP) Hessian matrix
	   1.048231

2025-12-23:10:56:06,817 INFO     [psi4.optking.opt_helper:182] 
	         Geometry (au)                                       Gradient (au)
   0.0000000000   0.0000000000   1.3898178668		   0.0000000000   0.0000000000  -0.2416545978
   0.0000000000   0.0000000000  -0.8778534837		   0.0000000000   0.0000000000   0.2416665505

2025-12-23:10:56:06,817 INFO     [psi4.optking.stepAlgorithms:929] 	Using RFO solution 1.
2025-12-23:10:56:06,817 INFO     [psi4.optking.displace:100] 	Determining Cartesian step for fragment 1.
2025-12-23:10:56:06,817 INFO     [psi4.optking.displace:415] 	Successfully converged to displaced geometry.
2025-12-23:10:56:06,817 INFO     [psi4.optking.displace:416] 	RMS(dx):  1.282e-16 	Max(dx):  2.220e-16 	RMS(dq):  0.000e+00
2025-12-23:10:56:06,817 INFO     [psi4.optking.displace:172] 

	        --- Internal Coordinate Step in ANG or DEG, aJ/ANG or AJ/DEG ---
	-------------------------------------------------------------------------------
	           Coordinate      Previous         Force          Change          New 
	           ----------      --------        ------          ------        ------
	               R(1,2)       1.20000        1.99097        0.11612       1.31612
	-------------------------------------------------------------------------------

2025-12-23:10:56:06,817 INFO     [psi4.optking.stepAlgorithms:113] 	|target step| :    0.2194399418
2025-12-23:10:56:06,817 INFO     [psi4.optking.stepAlgorithms:114] 	gradient     :   -0.2416605741
2025-12-23:10:56:06,817 INFO     [psi4.optking.stepAlgorithms:115] 	hessian      :    1.0482306732
2025-12-23:10:56:06,817 INFO     [psi4.optking.stepAlgorithms:113] 	|target step| :    0.2194399418
2025-12-23:10:56:06,817 INFO     [psi4.optking.stepAlgorithms:114] 	gradient     :   -0.2416605741
2025-12-23:10:56:06,817 INFO     [psi4.optking.stepAlgorithms:115] 	hessian      :    1.0482306732
2025-12-23:10:56:06,817 INFO     [psi4.optking.stepAlgorithms:206] 	Norm of achieved step-size    0.2194399418
2025-12-23:10:56:06,817 INFO     [psi4.optking.stepAlgorithms:208] 	Norm of achieved step-size (cart):    0.1551674709
2025-12-23:10:56:06,818 INFO     [psi4.optking.opt_helper:164] Molsys:

	                            ===> Fragment 1 <== 

	 Z (Atomic Numbers)          Masses                          Geom                  
	       6.000000            12.000000          0.00000000  0.00000000  1.49953784   
	       9.000000            18.998403          0.00000000  0.00000000 -0.98757345   

	 - Coordinate -           - BOHR/RAD -       - ANG/DEG -
	 R(1,2)           =         2.487111           1.316123

2025-12-23:10:56:06,818 INFO     [psi4.optking.convcheck:76] Performing convergence check.
2025-12-23:10:56:06,818 INFO     [psi4.optking.convcheck:282] 
	                                 ==> Convergence Check <==                                  
    
	Measures of convergence in internal coordinates in au.
    
	Criteria marked as inactive (o), active & met (*), and active & unmet ( ).

	----------------------------------------------------------------------------------------------~
	   Step    Total Energy     Delta E     Max Force     RMS Force      Max Disp      RMS Disp   ~
	----------------------------------------------------------------------------------------------~
	  Convergence Criteria     1.00e-06 *    3.00e-04 *             o    1.20e-03 *             o~
	----------------------------------------------------------------------------------------------~
	     1    -137.73014592   -1.38e+02      2.42e-01      2.42e-01 o    2.19e-01      2.19e-01 o  ~
	----------------------------------------------------------------------------------------------


2025-12-23:10:56:06,818 INFO     [psi4.optking.stepAlgorithms:296] 	Convergence check returned False
2025-12-23:10:56:06,829 INFO     [psi4.driver.task_planner:259] PLANNING Atomic:  keywords={'DAMPING_PERCENTAGE': 1.0, 'GEOM_MAXITER': 500, 'SCF__GUESS': 'READ', 'GUESS': 'SAP', 'MAXITER': 500, 'REFERENCE': 'UKS', 'function_kwargs': {}}
2025-12-23:10:56:06,830 INFO     [psi4.driver.driver:638] Compute gradient(): method=b3lyp, basis=cc-pvdz, molecule=default, nre=21.711935515854936
2025-12-23:10:56:07,225 INFO     [psi4.driver.driver:641] Return gradient(): -137.7649486429908
2025-12-23:10:56:07,225 INFO     [psi4.driver.driver:642] [[ 0.00000000  0.00000000 -0.09270988]
 [ 0.00000000 -0.00000000  0.09272234]]
2025-12-23:10:56:07,227 INFO     [psi4.optking.history:269] 	Performing BFGS update.
2025-12-23:10:56:07,227 INFO     [psi4.optking.history:280] 	Using 1 previous steps for update.
2025-12-23:10:56:07,227 INFO     [psi4.optking.history:317] 	Steps to be used in Hessian update:  1

2025-12-23:10:56:07,227 INFO     [psi4.optking.history:418] 	Updated Hessian (in au) 
 	   0.678748

2025-12-23:10:56:07,227 INFO     [psi4.optking.molsys:944] Projected (PHP) Hessian matrix
	   0.678748

2025-12-23:10:56:07,227 INFO     [psi4.optking.opt_helper:182] 
	         Geometry (au)                                       Gradient (au)
   0.0000000000   0.0000000000   1.5243089392		   0.0000000000   0.0000000000  -0.0927098849
   0.0000000000   0.0000000000  -0.9628023531		   0.0000000000  -0.0000000000   0.0927223399

2025-12-23:10:56:07,227 INFO     [psi4.optking.stepAlgorithms:368] 	Current Step Report 
 
	Current energy:      -137.7649486430
	Energy change for the previous step:
		Actual       :        -0.0348027267
		Projected    :        -0.0265149912

2025-12-23:10:56:07,227 INFO     [psi4.optking.stepAlgorithms:371] 	Energy ratio =    1.31257
2025-12-23:10:56:07,227 INFO     [psi4.optking.stepAlgorithms:399] 	Energy ratio indicates good step.
2025-12-23:10:56:07,227 INFO     [psi4.optking.stepAlgorithms:400] 	Intrafrag trust radius increased to      1.
2025-12-23:10:56:07,228 INFO     [psi4.optking.stepAlgorithms:929] 	Using RFO solution 1.
2025-12-23:10:56:07,228 INFO     [psi4.optking.displace:100] 	Determining Cartesian step for fragment 1.
2025-12-23:10:56:07,228 INFO     [psi4.optking.displace:415] 	Successfully converged to displaced geometry.
2025-12-23:10:56:07,228 INFO     [psi4.optking.displace:416] 	RMS(dx):  0.000e+00 	Max(dx):  0.000e+00 	RMS(dq):  0.000e+00
2025-12-23:10:56:07,228 INFO     [psi4.optking.displace:172] 

	        --- Internal Coordinate Step in ANG or DEG, aJ/ANG or AJ/DEG ---
	-------------------------------------------------------------------------------
	           Coordinate      Previous         Force          Change          New 
	           ----------      --------        ------          ------        ------
	               R(1,2)       1.31612        0.76386        0.07098       1.38711
	-------------------------------------------------------------------------------

2025-12-23:10:56:07,228 INFO     [psi4.optking.stepAlgorithms:113] 	|target step| :    0.1341407676
2025-12-23:10:56:07,228 INFO     [psi4.optking.stepAlgorithms:114] 	gradient     :   -0.0927161124
2025-12-23:10:56:07,228 INFO     [psi4.optking.stepAlgorithms:115] 	hessian      :    0.6787481829
2025-12-23:10:56:07,228 INFO     [psi4.optking.stepAlgorithms:113] 	|target step| :    0.1341407676
2025-12-23:10:56:07,228 INFO     [psi4.optking.stepAlgorithms:114] 	gradient     :   -0.0927161124
2025-12-23:10:56:07,228 INFO     [psi4.optking.stepAlgorithms:115] 	hessian      :    0.6787481829
2025-12-23:10:56:07,228 INFO     [psi4.optking.stepAlgorithms:206] 	Norm of achieved step-size    0.1341407676
2025-12-23:10:56:07,228 INFO     [psi4.optking.stepAlgorithms:208] 	Norm of achieved step-size (cart):    0.0948518464
2025-12-23:10:56:07,228 INFO     [psi4.optking.opt_helper:164] Molsys:

	                            ===> Fragment 1 <== 

	 Z (Atomic Numbers)          Masses                          Geom                  
	       6.000000            12.000000          0.00000000  0.00000000  1.59137932   
	       9.000000            18.998403          0.00000000  0.00000000 -1.02987274   

	 - Coordinate -           - BOHR/RAD -       - ANG/DEG -
	 R(1,2)           =         2.621252           1.387107

2025-12-23:10:56:07,229 INFO     [psi4.optking.convcheck:76] Performing convergence check.
2025-12-23:10:56:07,229 INFO     [psi4.optking.convcheck:282] 
	                                 ==> Convergence Check <==                                  
    
	Measures of convergence in internal coordinates in au.
    
	Criteria marked as inactive (o), active & met (*), and active & unmet ( ).

	----------------------------------------------------------------------------------------------
	   Step    Total Energy     Delta E     Max Force     RMS Force      Max Disp      RMS Disp   
	----------------------------------------------------------------------------------------------
	  Convergence Criteria     1.00e-06 *    3.00e-04 *             o    1.20e-03 *             o
	----------------------------------------------------------------------------------------------
	     2    -137.76494864   -3.48e-02      9.27e-02      9.27e-02 o    1.34e-01      1.34e-01 o  ~
	----------------------------------------------------------------------------------------------


2025-12-23:10:56:07,229 INFO     [psi4.optking.stepAlgorithms:296] 	Convergence check returned False
2025-12-23:10:56:07,240 INFO     [psi4.driver.task_planner:259] PLANNING Atomic:  keywords={'DAMPING_PERCENTAGE': 1.0, 'GEOM_MAXITER': 500, 'SCF__GUESS': 'READ', 'GUESS': 'SAP', 'MAXITER': 500, 'REFERENCE': 'UKS', 'function_kwargs': {}}
2025-12-23:10:56:07,241 INFO     [psi4.driver.driver:638] Compute gradient(): method=b3lyp, basis=cc-pvdz, molecule=default, nre=20.600842179693675
2025-12-23:10:56:07,561 INFO     [psi4.driver.driver:641] Return gradient(): -137.7737094214665
2025-12-23:10:56:07,561 INFO     [psi4.driver.driver:642] [[ 0.00000000  0.00000000 -0.04155726]
 [-0.00000000  0.00000000  0.04157403]]
2025-12-23:10:56:07,563 INFO     [psi4.optking.history:269] 	Performing BFGS update.
2025-12-23:10:56:07,563 INFO     [psi4.optking.history:280] 	Using 2 previous steps for update.
2025-12-23:10:56:07,563 INFO     [psi4.optking.history:317] 	Steps to be used in Hessian update:  2 1

2025-12-23:10:56:07,563 INFO     [psi4.optking.history:418] 	Updated Hessian (in au) 
 	   0.565910

2025-12-23:10:56:07,563 INFO     [psi4.optking.molsys:944] Projected (PHP) Hessian matrix
	   0.565910

2025-12-23:10:56:07,563 INFO     [psi4.optking.opt_helper:182] 
	         Geometry (au)                                       Gradient (au)
   0.0000000000   0.0000000000   1.6065215735		   0.0000000000   0.0000000000  -0.0415572607
   0.0000000000   0.0000000000  -1.0147304864		  -0.0000000000   0.0000000000   0.0415740318

2025-12-23:10:56:07,563 INFO     [psi4.optking.stepAlgorithms:368] 	Current Step Report 
 
	Current energy:      -137.7737094215
	Energy change for the previous step:
		Actual       :        -0.0087607785
		Projected    :        -0.0062185052

2025-12-23:10:56:07,563 INFO     [psi4.optking.stepAlgorithms:371] 	Energy ratio =    1.40882
2025-12-23:10:56:07,563 INFO     [psi4.optking.stepAlgorithms:929] 	Using RFO solution 1.
2025-12-23:10:56:07,563 INFO     [psi4.optking.displace:100] 	Determining Cartesian step for fragment 1.
2025-12-23:10:56:07,564 INFO     [psi4.optking.displace:415] 	Successfully converged to displaced geometry.
2025-12-23:10:56:07,564 INFO     [psi4.optking.displace:416] 	RMS(dx):  0.000e+00 	Max(dx):  0.000e+00 	RMS(dq):  0.000e+00
2025-12-23:10:56:07,564 INFO     [psi4.optking.displace:172] 

	        --- Internal Coordinate Step in ANG or DEG, aJ/ANG or AJ/DEG ---
	-------------------------------------------------------------------------------
	           Coordinate      Previous         Force          Change          New 
	           ----------      --------        ------          ------        ------
	               R(1,2)       1.38711        0.34245        0.03866       1.42577
	-------------------------------------------------------------------------------

2025-12-23:10:56:07,564 INFO     [psi4.optking.stepAlgorithms:113] 	|target step| :    0.0730571675
2025-12-23:10:56:07,564 INFO     [psi4.optking.stepAlgorithms:114] 	gradient     :   -0.0415656462
2025-12-23:10:56:07,564 INFO     [psi4.optking.stepAlgorithms:115] 	hessian      :    0.5659101942
2025-12-23:10:56:07,564 INFO     [psi4.optking.stepAlgorithms:113] 	|target step| :    0.0730571675
2025-12-23:10:56:07,564 INFO     [psi4.optking.stepAlgorithms:114] 	gradient     :   -0.0415656462
2025-12-23:10:56:07,564 INFO     [psi4.optking.stepAlgorithms:115] 	hessian      :    0.5659101942
2025-12-23:10:56:07,564 INFO     [psi4.optking.stepAlgorithms:206] 	Norm of achieved step-size    0.0730571675
2025-12-23:10:56:07,564 INFO     [psi4.optking.stepAlgorithms:208] 	Norm of achieved step-size (cart):    0.0516592186
2025-12-23:10:56:07,564 INFO     [psi4.optking.opt_helper:164] Molsys:

	                            ===> Fragment 1 <== 

	 Z (Atomic Numbers)          Masses                          Geom                  
	       6.000000            12.000000          0.00000000  0.00000000  1.64305016   
	       9.000000            18.998403          0.00000000  0.00000000 -1.05125907   

	 - Coordinate -           - BOHR/RAD -       - ANG/DEG -
	 R(1,2)           =         2.694309           1.425767

2025-12-23:10:56:07,564 INFO     [psi4.optking.convcheck:76] Performing convergence check.
2025-12-23:10:56:07,564 INFO     [psi4.optking.convcheck:282] 
	                                 ==> Convergence Check <==                                  
    
	Measures of convergence in internal coordinates in au.
    
	Criteria marked as inactive (o), active & met (*), and active & unmet ( ).

	----------------------------------------------------------------------------------------------
	   Step    Total Energy     Delta E     Max Force     RMS Force      Max Disp      RMS Disp   
	----------------------------------------------------------------------------------------------
	  Convergence Criteria     1.00e-06 *    3.00e-04 *             o    1.20e-03 *             o
	----------------------------------------------------------------------------------------------
	     3    -137.77370942   -8.76e-03      4.16e-02      4.16e-02 o    7.31e-02      7.31e-02 o  ~
	----------------------------------------------------------------------------------------------


2025-12-23:10:56:07,564 INFO     [psi4.optking.stepAlgorithms:296] 	Convergence check returned False
2025-12-23:10:56:07,575 INFO     [psi4.driver.task_planner:259] PLANNING Atomic:  keywords={'DAMPING_PERCENTAGE': 1.0, 'GEOM_MAXITER': 500, 'SCF__GUESS': 'READ', 'GUESS': 'SAP', 'MAXITER': 500, 'REFERENCE': 'UKS', 'function_kwargs': {}}
2025-12-23:10:56:07,576 INFO     [psi4.driver.driver:638] Compute gradient(): method=b3lyp, basis=cc-pvdz, molecule=default, nre=20.042242905877874
2025-12-23:10:56:07,867 INFO     [psi4.driver.driver:641] Return gradient(): -137.77599089169368
2025-12-23:10:56:07,868 INFO     [psi4.driver.driver:642] [[ 0.00000000  0.00000000 -0.02167820]
 [ 0.00000000 -0.00000000  0.02169193]]
2025-12-23:10:56:07,869 INFO     [psi4.optking.history:269] 	Performing BFGS update.
2025-12-23:10:56:07,869 INFO     [psi4.optking.history:280] 	Using 3 previous steps for update.
2025-12-23:10:56:07,869 INFO     [psi4.optking.history:317] 	Steps to be used in Hessian update:  3 2 1

2025-12-23:10:56:07,870 INFO     [psi4.optking.history:418] 	Updated Hessian (in au) 
 	   0.515602

2025-12-23:10:56:07,870 INFO     [psi4.optking.molsys:944] Projected (PHP) Hessian matrix
	   0.515602

2025-12-23:10:56:07,870 INFO     [psi4.optking.opt_helper:182] 
	         Geometry (au)                                       Gradient (au)
   0.0000000000   0.0000000000   1.6512970903		   0.0000000000   0.0000000000  -0.0216781980
   0.0000000000   0.0000000000  -1.0430121371		   0.0000000000  -0.0000000000   0.0216919295

2025-12-23:10:56:07,870 INFO     [psi4.optking.stepAlgorithms:368] 	Current Step Report 
 
	Current energy:      -137.7759908917
	Energy change for the previous step:
		Actual       :        -0.0022814702
		Projected    :        -0.0015183342

2025-12-23:10:56:07,870 INFO     [psi4.optking.stepAlgorithms:371] 	Energy ratio =    1.50261
2025-12-23:10:56:07,870 INFO     [psi4.optking.stepAlgorithms:929] 	Using RFO solution 1.
2025-12-23:10:56:07,870 INFO     [psi4.optking.displace:100] 	Determining Cartesian step for fragment 1.
2025-12-23:10:56:07,870 INFO     [psi4.optking.displace:415] 	Successfully converged to displaced geometry.
2025-12-23:10:56:07,870 INFO     [psi4.optking.displace:416] 	RMS(dx):  0.000e+00 	Max(dx):  0.000e+00 	RMS(dq):  0.000e+00
2025-12-23:10:56:07,870 INFO     [psi4.optking.displace:172] 

	        --- Internal Coordinate Step in ANG or DEG, aJ/ANG or AJ/DEG ---
	-------------------------------------------------------------------------------
	           Coordinate      Previous         Force          Change          New 
	           ----------      --------        ------          ------        ------
	               R(1,2)       1.42577        0.17866        0.02222       1.44798
	-------------------------------------------------------------------------------

2025-12-23:10:56:07,870 INFO     [psi4.optking.stepAlgorithms:113] 	|target step| :    0.0419835933
2025-12-23:10:56:07,870 INFO     [psi4.optking.stepAlgorithms:114] 	gradient     :   -0.0216850637
2025-12-23:10:56:07,870 INFO     [psi4.optking.stepAlgorithms:115] 	hessian      :    0.5156023933
2025-12-23:10:56:07,870 INFO     [psi4.optking.stepAlgorithms:113] 	|target step| :    0.0419835933
2025-12-23:10:56:07,870 INFO     [psi4.optking.stepAlgorithms:114] 	gradient     :   -0.0216850637
2025-12-23:10:56:07,870 INFO     [psi4.optking.stepAlgorithms:115] 	hessian      :    0.5156023933
2025-12-23:10:56:07,870 INFO     [psi4.optking.stepAlgorithms:206] 	Norm of achieved step-size    0.0419835933
2025-12-23:10:56:07,870 INFO     [psi4.optking.stepAlgorithms:208] 	Norm of achieved step-size (cart):    0.0296868835
2025-12-23:10:56:07,871 INFO     [psi4.optking.opt_helper:164] Molsys:

	                            ===> Fragment 1 <== 

	 Z (Atomic Numbers)          Masses                          Geom                  
	       6.000000            12.000000          0.00000000  0.00000000  1.67228889   
	       9.000000            18.998403          0.00000000  0.00000000 -1.06400393   

	 - Coordinate -           - BOHR/RAD -       - ANG/DEG -
	 R(1,2)           =         2.736293           1.447984

2025-12-23:10:56:07,871 INFO     [psi4.optking.convcheck:76] Performing convergence check.
2025-12-23:10:56:07,871 INFO     [psi4.optking.convcheck:282] 
	                                 ==> Convergence Check <==                                  
    
	Measures of convergence in internal coordinates in au.
    
	Criteria marked as inactive (o), active & met (*), and active & unmet ( ).

	----------------------------------------------------------------------------------------------
	   Step    Total Energy     Delta E     Max Force     RMS Force      Max Disp      RMS Disp   
	----------------------------------------------------------------------------------------------
	  Convergence Criteria     1.00e-06 *    3.00e-04 *             o    1.20e-03 *             o
	----------------------------------------------------------------------------------------------
	     4    -137.77599089   -2.28e-03      2.17e-02      2.17e-02 o    4.20e-02      4.20e-02 o  ~
	----------------------------------------------------------------------------------------------


2025-12-23:10:56:07,871 INFO     [psi4.optking.stepAlgorithms:296] 	Convergence check returned False
2025-12-23:10:56:07,881 INFO     [psi4.driver.task_planner:259] PLANNING Atomic:  keywords={'DAMPING_PERCENTAGE': 1.0, 'GEOM_MAXITER': 500, 'SCF__GUESS': 'READ', 'GUESS': 'SAP', 'MAXITER': 500, 'REFERENCE': 'UKS', 'function_kwargs': {}}
2025-12-23:10:56:07,882 INFO     [psi4.driver.driver:638] Compute gradient(): method=b3lyp, basis=cc-pvdz, molecule=default, nre=19.734729993538796
2025-12-23:10:56:08,178 INFO     [psi4.driver.driver:641] Return gradient(): -137.77669717909603
2025-12-23:10:56:08,179 INFO     [psi4.driver.driver:642] [[ 0.00000000  0.00000000 -0.01219536]
 [ 0.00000000  0.00000000  0.01221196]]
2025-12-23:10:56:08,180 INFO     [psi4.optking.history:269] 	Performing BFGS update.
2025-12-23:10:56:08,180 INFO     [psi4.optking.history:280] 	Using 4 previous steps for update.
2025-12-23:10:56:08,180 INFO     [psi4.optking.history:317] 	Steps to be used in Hessian update:  4 3 2 1

2025-12-23:10:56:08,180 INFO     [psi4.optking.history:418] 	Updated Hessian (in au) 
 	   0.489642

2025-12-23:10:56:08,181 INFO     [psi4.optking.molsys:944] Projected (PHP) Hessian matrix
	   0.489642

2025-12-23:10:56:08,181 INFO     [psi4.optking.opt_helper:182] 
	         Geometry (au)                                       Gradient (au)
   0.0000000000   0.0000000000   1.6770281329		   0.0000000000   0.0000000000  -0.0121953608
   0.0000000000   0.0000000000  -1.0592646878		   0.0000000000   0.0000000000   0.0122119641

2025-12-23:10:56:08,181 INFO     [psi4.optking.stepAlgorithms:368] 	Current Step Report 
 
	Current energy:      -137.7766971791
	Energy change for the previous step:
		Actual       :        -0.0007062874
		Projected    :        -0.0004552084

2025-12-23:10:56:08,181 INFO     [psi4.optking.stepAlgorithms:371] 	Energy ratio =    1.55157
2025-12-23:10:56:08,181 INFO     [psi4.optking.stepAlgorithms:929] 	Using RFO solution 1.
2025-12-23:10:56:08,181 INFO     [psi4.optking.displace:100] 	Determining Cartesian step for fragment 1.
2025-12-23:10:56:08,181 INFO     [psi4.optking.displace:415] 	Successfully converged to displaced geometry.
2025-12-23:10:56:08,181 INFO     [psi4.optking.displace:416] 	RMS(dx):  0.000e+00 	Max(dx):  0.000e+00 	RMS(dq):  0.000e+00
2025-12-23:10:56:08,181 INFO     [psi4.optking.displace:172] 

	        --- Internal Coordinate Step in ANG or DEG, aJ/ANG or AJ/DEG ---
	-------------------------------------------------------------------------------
	           Coordinate      Previous         Force          Change          New 
	           ----------      --------        ------          ------        ------
	               R(1,2)       1.44798        0.10054        0.01318       1.46116
	-------------------------------------------------------------------------------

2025-12-23:10:56:08,181 INFO     [psi4.optking.stepAlgorithms:113] 	|target step| :    0.0249081630
2025-12-23:10:56:08,181 INFO     [psi4.optking.stepAlgorithms:114] 	gradient     :   -0.0122036625
2025-12-23:10:56:08,181 INFO     [psi4.optking.stepAlgorithms:115] 	hessian      :    0.4896423367
2025-12-23:10:56:08,181 INFO     [psi4.optking.stepAlgorithms:113] 	|target step| :    0.0249081630
2025-12-23:10:56:08,181 INFO     [psi4.optking.stepAlgorithms:114] 	gradient     :   -0.0122036625
2025-12-23:10:56:08,181 INFO     [psi4.optking.stepAlgorithms:115] 	hessian      :    0.4896423367
2025-12-23:10:56:08,181 INFO     [psi4.optking.stepAlgorithms:206] 	Norm of achieved step-size    0.0249081630
2025-12-23:10:56:08,181 INFO     [psi4.optking.stepAlgorithms:208] 	Norm of achieved step-size (cart):    0.0176127309
2025-12-23:10:56:08,181 INFO     [psi4.optking.opt_helper:164] Molsys:

	                            ===> Fragment 1 <== 

	 Z (Atomic Numbers)          Masses                          Geom                  
	       6.000000            12.000000          0.00000000  0.00000000  1.68948221   
	       9.000000            18.998403          0.00000000  0.00000000 -1.07171877   

	 - Coordinate -           - BOHR/RAD -       - ANG/DEG -
	 R(1,2)           =         2.761201           1.461165

2025-12-23:10:56:08,182 INFO     [psi4.optking.convcheck:76] Performing convergence check.
2025-12-23:10:56:08,182 INFO     [psi4.optking.convcheck:282] 
	                                 ==> Convergence Check <==                                  
    
	Measures of convergence in internal coordinates in au.
    
	Criteria marked as inactive (o), active & met (*), and active & unmet ( ).

	----------------------------------------------------------------------------------------------
	   Step    Total Energy     Delta E     Max Force     RMS Force      Max Disp      RMS Disp   
	----------------------------------------------------------------------------------------------
	  Convergence Criteria     1.00e-06 *    3.00e-04 *             o    1.20e-03 *             o
	----------------------------------------------------------------------------------------------
	     5    -137.77669718   -7.06e-04      1.22e-02      1.22e-02 o    2.49e-02      2.49e-02 o  ~
	----------------------------------------------------------------------------------------------


2025-12-23:10:56:08,182 INFO     [psi4.optking.stepAlgorithms:296] 	Convergence check returned False
2025-12-23:10:56:08,192 INFO     [psi4.driver.task_planner:259] PLANNING Atomic:  keywords={'DAMPING_PERCENTAGE': 1.0, 'GEOM_MAXITER': 500, 'SCF__GUESS': 'READ', 'GUESS': 'SAP', 'MAXITER': 500, 'REFERENCE': 'UKS', 'function_kwargs': {}}
2025-12-23:10:56:08,193 INFO     [psi4.driver.driver:638] Compute gradient(): method=b3lyp, basis=cc-pvdz, molecule=default, nre=19.556707504973954
2025-12-23:10:56:08,477 INFO     [psi4.driver.driver:641] Return gradient(): -137.7769369848714
2025-12-23:10:56:08,477 INFO     [psi4.driver.driver:642] [[ 0.00000000  0.00000000 -0.00714508]
 [ 0.00000000 -0.00000000  0.00716295]]
2025-12-23:10:56:08,479 INFO     [psi4.optking.history:269] 	Performing BFGS update.
2025-12-23:10:56:08,479 INFO     [psi4.optking.history:280] 	Using 4 previous steps for update.
2025-12-23:10:56:08,479 INFO     [psi4.optking.history:317] 	Steps to be used in Hessian update:  5 4 3 2

2025-12-23:10:56:08,479 INFO     [psi4.optking.history:418] 	Updated Hessian (in au) 
 	   0.312168

2025-12-23:10:56:08,479 INFO     [psi4.optking.molsys:944] Projected (PHP) Hessian matrix
	   0.312168

2025-12-23:10:56:08,479 INFO     [psi4.optking.opt_helper:182] 
	         Geometry (au)                                       Gradient (au)
   0.0000000000   0.0000000000   1.6922939296		   0.0000000000   0.0000000000  -0.0071450797
   0.0000000000   0.0000000000  -1.0689070540		   0.0000000000  -0.0000000000   0.0071629499

2025-12-23:10:56:08,479 INFO     [psi4.optking.stepAlgorithms:368] 	Current Step Report 
 
	Current energy:      -137.7769369849
	Energy change for the previous step:
		Actual       :        -0.0002398058
		Projected    :        -0.0001519854

2025-12-23:10:56:08,479 INFO     [psi4.optking.stepAlgorithms:371] 	Energy ratio =    1.57782
2025-12-23:10:56:08,480 INFO     [psi4.optking.stepAlgorithms:929] 	Using RFO solution 1.
2025-12-23:10:56:08,480 INFO     [psi4.optking.displace:100] 	Determining Cartesian step for fragment 1.
2025-12-23:10:56:08,480 INFO     [psi4.optking.displace:415] 	Successfully converged to displaced geometry.
2025-12-23:10:56:08,480 INFO     [psi4.optking.displace:416] 	RMS(dx):  0.000e+00 	Max(dx):  0.000e+00 	RMS(dq):  0.000e+00
2025-12-23:10:56:08,480 INFO     [psi4.optking.displace:172] 

	        --- Internal Coordinate Step in ANG or DEG, aJ/ANG or AJ/DEG ---
	-------------------------------------------------------------------------------
	           Coordinate      Previous         Force          Change          New 
	           ----------      --------        ------          ------        ------
	               R(1,2)       1.46116        0.05894        0.01212       1.47329
	-------------------------------------------------------------------------------

2025-12-23:10:56:08,480 INFO     [psi4.optking.stepAlgorithms:113] 	|target step| :    0.0229051533
2025-12-23:10:56:08,480 INFO     [psi4.optking.stepAlgorithms:114] 	gradient     :   -0.0071540148
2025-12-23:10:56:08,480 INFO     [psi4.optking.stepAlgorithms:115] 	hessian      :    0.3121682438
2025-12-23:10:56:08,480 INFO     [psi4.optking.stepAlgorithms:113] 	|target step| :    0.0229051533
2025-12-23:10:56:08,480 INFO     [psi4.optking.stepAlgorithms:114] 	gradient     :   -0.0071540148
2025-12-23:10:56:08,480 INFO     [psi4.optking.stepAlgorithms:115] 	hessian      :    0.3121682438
2025-12-23:10:56:08,480 INFO     [psi4.optking.stepAlgorithms:206] 	Norm of achieved step-size    0.0229051533
2025-12-23:10:56:08,480 INFO     [psi4.optking.stepAlgorithms:208] 	Norm of achieved step-size (cart):    0.0161963892
2025-12-23:10:56:08,480 INFO     [psi4.optking.opt_helper:164] Molsys:

	                            ===> Fragment 1 <== 

	 Z (Atomic Numbers)          Masses                          Geom                  
	       6.000000            12.000000          0.00000000  0.00000000  1.70374651   
	       9.000000            18.998403          0.00000000  0.00000000 -1.08035963   

	 - Coordinate -           - BOHR/RAD -       - ANG/DEG -
	 R(1,2)           =         2.784106           1.473286

2025-12-23:10:56:08,480 INFO     [psi4.optking.convcheck:76] Performing convergence check.
2025-12-23:10:56:08,481 INFO     [psi4.optking.convcheck:282] 
	                                 ==> Convergence Check <==                                  
    
	Measures of convergence in internal coordinates in au.
    
	Criteria marked as inactive (o), active & met (*), and active & unmet ( ).

	----------------------------------------------------------------------------------------------
	   Step    Total Energy     Delta E     Max Force     RMS Force      Max Disp      RMS Disp   
	----------------------------------------------------------------------------------------------
	  Convergence Criteria     1.00e-06 *    3.00e-04 *             o    1.20e-03 *             o
	----------------------------------------------------------------------------------------------
	     6    -137.77693698   -2.40e-04      7.15e-03      7.15e-03 o    2.29e-02      2.29e-02 o  ~
	----------------------------------------------------------------------------------------------


2025-12-23:10:56:08,481 INFO     [psi4.optking.stepAlgorithms:296] 	Convergence check returned False
2025-12-23:10:56:08,492 INFO     [psi4.driver.task_planner:259] PLANNING Atomic:  keywords={'DAMPING_PERCENTAGE': 1.0, 'GEOM_MAXITER': 500, 'SCF__GUESS': 'READ', 'GUESS': 'SAP', 'MAXITER': 500, 'REFERENCE': 'UKS', 'function_kwargs': {}}
2025-12-23:10:56:08,493 INFO     [psi4.driver.driver:638] Compute gradient(): method=b3lyp, basis=cc-pvdz, molecule=default, nre=19.395812279988615
2025-12-23:10:56:08,794 INFO     [psi4.driver.driver:641] Return gradient(): -137.77705057691088
2025-12-23:10:56:08,794 INFO     [psi4.driver.driver:642] [[-0.00000000  0.00000000 -0.00284464]
 [-0.00000000  0.00000000  0.00286258]]
2025-12-23:10:56:08,796 INFO     [psi4.optking.history:269] 	Performing BFGS update.
2025-12-23:10:56:08,796 INFO     [psi4.optking.history:280] 	Using 4 previous steps for update.
2025-12-23:10:56:08,796 INFO     [psi4.optking.history:317] 	Steps to be used in Hessian update:  6 5 4 3

2025-12-23:10:56:08,796 INFO     [psi4.optking.history:418] 	Updated Hessian (in au) 
 	   0.237710

2025-12-23:10:56:08,797 INFO     [psi4.optking.molsys:944] Projected (PHP) Hessian matrix
	   0.237710

2025-12-23:10:56:08,797 INFO     [psi4.optking.opt_helper:182] 
	         Geometry (au)                                       Gradient (au)
   0.0000000000   0.0000000000   1.7063321152		  -0.0000000000   0.0000000000  -0.0028446378
   0.0000000000   0.0000000000  -1.0777740217		  -0.0000000000   0.0000000000   0.0028625827

2025-12-23:10:56:08,797 INFO     [psi4.optking.stepAlgorithms:368] 	Current Step Report 
 
	Current energy:      -137.7770505769
	Energy change for the previous step:
		Actual       :        -0.0001135920
		Projected    :        -0.0000819319

2025-12-23:10:56:08,797 INFO     [psi4.optking.stepAlgorithms:371] 	Energy ratio =    1.38642
2025-12-23:10:56:08,797 INFO     [psi4.optking.stepAlgorithms:929] 	Using RFO solution 1.
2025-12-23:10:56:08,797 INFO     [psi4.optking.displace:100] 	Determining Cartesian step for fragment 1.
2025-12-23:10:56:08,797 INFO     [psi4.optking.displace:415] 	Successfully converged to displaced geometry.
2025-12-23:10:56:08,797 INFO     [psi4.optking.displace:416] 	RMS(dx):  0.000e+00 	Max(dx):  0.000e+00 	RMS(dq):  0.000e+00
2025-12-23:10:56:08,797 INFO     [psi4.optking.displace:172] 

	        --- Internal Coordinate Step in ANG or DEG, aJ/ANG or AJ/DEG ---
	-------------------------------------------------------------------------------
	           Coordinate      Previous         Force          Change          New 
	           ----------      --------        ------          ------        ------
	               R(1,2)       1.47329        0.02351        0.00635       1.47964
	-------------------------------------------------------------------------------

2025-12-23:10:56:08,797 INFO     [psi4.optking.stepAlgorithms:113] 	|target step| :    0.0120028591
2025-12-23:10:56:08,797 INFO     [psi4.optking.stepAlgorithms:114] 	gradient     :   -0.0028536103
2025-12-23:10:56:08,797 INFO     [psi4.optking.stepAlgorithms:115] 	hessian      :    0.2377099590
2025-12-23:10:56:08,797 INFO     [psi4.optking.stepAlgorithms:113] 	|target step| :    0.0120028591
2025-12-23:10:56:08,797 INFO     [psi4.optking.stepAlgorithms:114] 	gradient     :   -0.0028536103
2025-12-23:10:56:08,797 INFO     [psi4.optking.stepAlgorithms:115] 	hessian      :    0.2377099590
2025-12-23:10:56:08,797 INFO     [psi4.optking.stepAlgorithms:206] 	Norm of achieved step-size    0.0120028591
2025-12-23:10:56:08,797 INFO     [psi4.optking.stepAlgorithms:208] 	Norm of achieved step-size (cart):    0.0084873031
2025-12-23:10:56:08,798 INFO     [psi4.optking.opt_helper:164] Molsys:

	                            ===> Fragment 1 <== 

	 Z (Atomic Numbers)          Masses                          Geom                  
	       6.000000            12.000000          0.00000000  0.00000000  1.71233354   
	       9.000000            18.998403          0.00000000  0.00000000 -1.08377545   

	 - Coordinate -           - BOHR/RAD -       - ANG/DEG -
	 R(1,2)           =         2.796109           1.479637

2025-12-23:10:56:08,798 INFO     [psi4.optking.convcheck:76] Performing convergence check.
2025-12-23:10:56:08,798 INFO     [psi4.optking.convcheck:282] 
	                                 ==> Convergence Check <==                                  
    
	Measures of convergence in internal coordinates in au.
    
	Criteria marked as inactive (o), active & met (*), and active & unmet ( ).

	----------------------------------------------------------------------------------------------
	   Step    Total Energy     Delta E     Max Force     RMS Force      Max Disp      RMS Disp   
	----------------------------------------------------------------------------------------------
	  Convergence Criteria     1.00e-06 *    3.00e-04 *             o    1.20e-03 *             o
	----------------------------------------------------------------------------------------------
	     7    -137.77705058   -1.14e-04      2.85e-03      2.85e-03 o    1.20e-02      1.20e-02 o  ~
	----------------------------------------------------------------------------------------------


2025-12-23:10:56:08,798 INFO     [psi4.optking.stepAlgorithms:296] 	Convergence check returned False
2025-12-23:10:56:08,808 INFO     [psi4.driver.task_planner:259] PLANNING Atomic:  keywords={'DAMPING_PERCENTAGE': 1.0, 'GEOM_MAXITER': 500, 'SCF__GUESS': 'READ', 'GUESS': 'SAP', 'MAXITER': 500, 'REFERENCE': 'UKS', 'function_kwargs': {}}
2025-12-23:10:56:08,810 INFO     [psi4.driver.driver:638] Compute gradient(): method=b3lyp, basis=cc-pvdz, molecule=default, nre=19.312551862551796
2025-12-23:10:56:09,128 INFO     [psi4.driver.driver:641] Return gradient(): -137.7770717414055
2025-12-23:10:56:09,128 INFO     [psi4.driver.driver:642] [[-0.00000000  0.00000000 -0.00071446]
 [-0.00000000  0.00000000  0.00073208]]
2025-12-23:10:56:09,129 INFO     [psi4.optking.history:269] 	Performing BFGS update.
2025-12-23:10:56:09,129 INFO     [psi4.optking.history:280] 	Using 4 previous steps for update.
2025-12-23:10:56:09,130 INFO     [psi4.optking.history:317] 	Steps to be used in Hessian update:  7 6 5 4

2025-12-23:10:56:09,130 INFO     [psi4.optking.history:418] 	Updated Hessian (in au) 
 	   0.205912

2025-12-23:10:56:09,130 INFO     [psi4.optking.molsys:944] Projected (PHP) Hessian matrix
	   0.205912

2025-12-23:10:56:09,130 INFO     [psi4.optking.opt_helper:182] 
	         Geometry (au)                                       Gradient (au)
   0.0000000000   0.0000000000   1.7136884670		  -0.0000000000   0.0000000000  -0.0007144581
   0.0000000000   0.0000000000  -1.0824205291		  -0.0000000000   0.0000000000   0.0007320834

2025-12-23:10:56:09,130 INFO     [psi4.optking.stepAlgorithms:368] 	Current Step Report 
 
	Current energy:      -137.7770717414
	Energy change for the previous step:
		Actual       :        -0.0000211645
		Projected    :        -0.0000171257

2025-12-23:10:56:09,130 INFO     [psi4.optking.stepAlgorithms:371] 	Energy ratio =    1.23583
2025-12-23:10:56:09,130 INFO     [psi4.optking.stepAlgorithms:929] 	Using RFO solution 1.
2025-12-23:10:56:09,130 INFO     [psi4.optking.displace:100] 	Determining Cartesian step for fragment 1.
2025-12-23:10:56:09,130 INFO     [psi4.optking.displace:415] 	Successfully converged to displaced geometry.
2025-12-23:10:56:09,130 INFO     [psi4.optking.displace:416] 	RMS(dx):  0.000e+00 	Max(dx):  0.000e+00 	RMS(dq):  0.000e+00
2025-12-23:10:56:09,130 INFO     [psi4.optking.displace:172] 

	        --- Internal Coordinate Step in ANG or DEG, aJ/ANG or AJ/DEG ---
	-------------------------------------------------------------------------------
	           Coordinate      Previous         Force          Change          New 
	           ----------      --------        ------          ------        ------
	               R(1,2)       1.47964        0.00596        0.00186       1.48150
	-------------------------------------------------------------------------------

2025-12-23:10:56:09,131 INFO     [psi4.optking.stepAlgorithms:113] 	|target step| :    0.0035124804
2025-12-23:10:56:09,131 INFO     [psi4.optking.stepAlgorithms:114] 	gradient     :   -0.0007232708
2025-12-23:10:56:09,131 INFO     [psi4.optking.stepAlgorithms:115] 	hessian      :    0.2059119904
2025-12-23:10:56:09,131 INFO     [psi4.optking.stepAlgorithms:113] 	|target step| :    0.0035124804
2025-12-23:10:56:09,131 INFO     [psi4.optking.stepAlgorithms:114] 	gradient     :   -0.0007232708
2025-12-23:10:56:09,131 INFO     [psi4.optking.stepAlgorithms:115] 	hessian      :    0.2059119904
2025-12-23:10:56:09,131 INFO     [psi4.optking.stepAlgorithms:206] 	Norm of achieved step-size    0.0035124804
2025-12-23:10:56:09,131 INFO     [psi4.optking.stepAlgorithms:208] 	Norm of achieved step-size (cart):    0.0024836987
2025-12-23:10:56:09,131 INFO     [psi4.optking.opt_helper:164] Molsys:

	                            ===> Fragment 1 <== 

	 Z (Atomic Numbers)          Masses                          Geom                  
	       6.000000            12.000000          0.00000000  0.00000000  1.71544471   
	       9.000000            18.998403          0.00000000  0.00000000 -1.08417677   

	 - Coordinate -           - BOHR/RAD -       - ANG/DEG -
	 R(1,2)           =         2.799621           1.481496

2025-12-23:10:56:09,131 INFO     [psi4.optking.convcheck:76] Performing convergence check.
2025-12-23:10:56:09,131 INFO     [psi4.optking.convcheck:282] 
	                                 ==> Convergence Check <==                                  
    
	Measures of convergence in internal coordinates in au.
    
	Criteria marked as inactive (o), active & met (*), and active & unmet ( ).

	----------------------------------------------------------------------------------------------
	   Step    Total Energy     Delta E     Max Force     RMS Force      Max Disp      RMS Disp   
	----------------------------------------------------------------------------------------------
	  Convergence Criteria     1.00e-06 *    3.00e-04 *             o    1.20e-03 *             o
	----------------------------------------------------------------------------------------------
	     8    -137.77707174   -2.12e-05      7.23e-04      7.23e-04 o    3.51e-03      3.51e-03 o  ~
	----------------------------------------------------------------------------------------------


2025-12-23:10:56:09,131 INFO     [psi4.optking.stepAlgorithms:296] 	Convergence check returned False
2025-12-23:10:56:09,141 INFO     [psi4.driver.task_planner:259] PLANNING Atomic:  keywords={'DAMPING_PERCENTAGE': 1.0, 'GEOM_MAXITER': 500, 'SCF__GUESS': 'READ', 'GUESS': 'SAP', 'MAXITER': 500, 'REFERENCE': 'UKS', 'function_kwargs': {}}
2025-12-23:10:56:09,142 INFO     [psi4.driver.driver:638] Compute gradient(): method=b3lyp, basis=cc-pvdz, molecule=default, nre=19.288321815432248
2025-12-23:10:56:09,487 INFO     [psi4.driver.driver:641] Return gradient(): -137.77707314761287
2025-12-23:10:56:09,487 INFO     [psi4.driver.driver:642] [[ 0.00000000  0.00000000 -0.00010649]
 [ 0.00000000 -0.00000000  0.00012399]]
2025-12-23:10:56:09,489 INFO     [psi4.optking.history:269] 	Performing BFGS update.
2025-12-23:10:56:09,489 INFO     [psi4.optking.history:280] 	Using 4 previous steps for update.
2025-12-23:10:56:09,489 INFO     [psi4.optking.history:317] 	Steps to be used in Hessian update:  8 7 6 5

2025-12-23:10:56:09,489 INFO     [psi4.optking.history:418] 	Updated Hessian (in au) 
 	   0.190884

2025-12-23:10:56:09,489 INFO     [psi4.optking.molsys:944] Projected (PHP) Hessian matrix
	   0.190884

2025-12-23:10:56:09,489 INFO     [psi4.optking.opt_helper:182] 
	         Geometry (au)                                       Gradient (au)
   0.0000000000   0.0000000000   1.7158412075		   0.0000000000   0.0000000000  -0.0001064881
   0.0000000000   0.0000000000  -1.0837802690		   0.0000000000  -0.0000000000   0.0001239875

2025-12-23:10:56:09,489 INFO     [psi4.optking.stepAlgorithms:368] 	Current Step Report 
 
	Current energy:      -137.7770731476
	Energy change for the previous step:
		Actual       :        -0.0000014062
		Projected    :        -0.0000012702

2025-12-23:10:56:09,489 INFO     [psi4.optking.stepAlgorithms:371] 	Energy ratio =    1.10704
2025-12-23:10:56:09,490 INFO     [psi4.optking.stepAlgorithms:929] 	Using RFO solution 1.
2025-12-23:10:56:09,490 INFO     [psi4.optking.displace:100] 	Determining Cartesian step for fragment 1.
2025-12-23:10:56:09,490 INFO     [psi4.optking.displace:415] 	Successfully converged to displaced geometry.
2025-12-23:10:56:09,490 INFO     [psi4.optking.displace:416] 	RMS(dx):  0.000e+00 	Max(dx):  0.000e+00 	RMS(dq):  0.000e+00
2025-12-23:10:56:09,490 INFO     [psi4.optking.displace:172] 

	        --- Internal Coordinate Step in ANG or DEG, aJ/ANG or AJ/DEG ---
	-------------------------------------------------------------------------------
	           Coordinate      Previous         Force          Change          New 
	           ----------      --------        ------          ------        ------
	               R(1,2)       1.48150        0.00095        0.00032       1.48182
	-------------------------------------------------------------------------------

2025-12-23:10:56:09,490 INFO     [psi4.optking.stepAlgorithms:113] 	|target step| :    0.0006037058
2025-12-23:10:56:09,490 INFO     [psi4.optking.stepAlgorithms:114] 	gradient     :   -0.0001152378
2025-12-23:10:56:09,490 INFO     [psi4.optking.stepAlgorithms:115] 	hessian      :    0.1908839611
2025-12-23:10:56:09,490 INFO     [psi4.optking.stepAlgorithms:113] 	|target step| :    0.0006037058
2025-12-23:10:56:09,490 INFO     [psi4.optking.stepAlgorithms:114] 	gradient     :   -0.0001152378
2025-12-23:10:56:09,490 INFO     [psi4.optking.stepAlgorithms:115] 	hessian      :    0.1908839611
2025-12-23:10:56:09,490 INFO     [psi4.optking.stepAlgorithms:206] 	Norm of achieved step-size    0.0006037058
2025-12-23:10:56:09,490 INFO     [psi4.optking.stepAlgorithms:208] 	Norm of achieved step-size (cart):    0.0004268845
2025-12-23:10:56:09,490 INFO     [psi4.optking.opt_helper:164] Molsys:

	                            ===> Fragment 1 <== 

	 Z (Atomic Numbers)          Masses                          Geom                  
	       6.000000            12.000000          0.00000000  0.00000000  1.71614306   
	       9.000000            18.998403          0.00000000  0.00000000 -1.08408212   

	 - Coordinate -           - BOHR/RAD -       - ANG/DEG -
	 R(1,2)           =         2.800225           1.481815

2025-12-23:10:56:09,491 INFO     [psi4.optking.convcheck:76] Performing convergence check.
2025-12-23:10:56:09,491 INFO     [psi4.optking.convcheck:282] 
	                                 ==> Convergence Check <==                                  
    
	Measures of convergence in internal coordinates in au.
    
	Criteria marked as inactive (o), active & met (*), and active & unmet ( ).

	----------------------------------------------------------------------------------------------
	   Step    Total Energy     Delta E     Max Force     RMS Force      Max Disp      RMS Disp   
	----------------------------------------------------------------------------------------------
	  Convergence Criteria     1.00e-06 *    3.00e-04 *             o    1.20e-03 *             o
	----------------------------------------------------------------------------------------------
	     9    -137.77707315   -1.41e-06      1.15e-04 *    1.15e-04 o    6.04e-04 *    6.04e-04 o  ~
	----------------------------------------------------------------------------------------------


2025-12-23:10:56:09,491 INFO     [psi4.optking.convcheck:206] 
	                      ===> Final Convergence Report <===                     

	----------------------------------------------------------------------------
	|   Required Criteria    |  One or More Criteria  |   Alternate Criteria   |
	----------------------------------------------------------------------------
	| [x]     max_force      | [ ]       max_DE       |                        |
	|                        | [x]      max_disp      |                        |
	----------------------------------------------------------------------------


2025-12-23:10:56:09,491 INFO     [psi4.optking.stepAlgorithms:296] 	Convergence check returned True
2025-12-23:10:56:09,491 INFO     [psi4.optking.optimize:332] 	Converged in 9 steps!
2025-12-23:10:56:09,491 INFO     [psi4.optking.optimize:333] 	Final energy is   -137.7770731476129
2025-12-23:10:56:09,491 INFO     [psi4.optking.optimize:334] 	Final structure (Angstroms): 
	Fragment 1 (Ang)

	    C   0.0000000000   0.0000000000   0.9081437978
	    F   0.0000000000   0.0000000000  -0.5736715534


2025-12-23:10:56:09,491 INFO     [psi4.optking.optimize:562] 	Optimization Finished

	==> Optimization Summary <==

        
	Measures of convergence in internal coordinates in au. (Any backward steps not shown.)
        
	---------------------------------------------------------------------------------------------------------------  ~
        
	 Step         Total Energy             Delta E       MAX Force       RMS Force        MAX Disp        RMS Disp   ~
        
	---------------------------------------------------------------------------------------------------------------  ~
        
	     1    -137.730145916261   -137.730145916261      0.24166057      0.24166057      0.21943994      0.21943994  ~
	     2    -137.764948642991     -0.034802726730      0.09271611      0.09271611      0.13414077      0.13414077  ~
	     3    -137.773709421466     -0.008760778476      0.04156565      0.04156565      0.07305717      0.07305717  ~
	     4    -137.775990891694     -0.002281470227      0.02168506      0.02168506      0.04198359      0.04198359  ~
	     5    -137.776697179096     -0.000706287402      0.01220366      0.01220366      0.02490816      0.02490816  ~
	     6    -137.776936984871     -0.000239805775      0.00715401      0.00715401      0.02290515      0.02290515  ~
	     7    -137.777050576911     -0.000113592039      0.00285361      0.00285361      0.01200286      0.01200286  ~
	     8    -137.777071741406     -0.000021164495      0.00072327      0.00072327      0.00351248      0.00351248  ~
	     9    -137.777073147613     -0.000001406207      0.00011524      0.00011524      0.00060371      0.00060371  ~
	----------------------------------------------------------------------------------------------------------------


2025-12-23:10:56:09,491 INFO     [psi4.optking.optimize:806] Preparing OptimizationResult
