2025-12-23:10:38:43,144 WARNING  [psi4.optking:38] Some dependencies such as QCElemental have not yet finished migration to pydantic v2. If issues are encountered please downgrade pydantic or upgrade QCElemental as appropriate
2025-12-23:10:38:43,308 INFO     [psi4.optking.optwrapper:234] Creating a UserComputer
2025-12-23:10:38:43,308 INFO     [psi4.optking.optwrapper:242] 
    			-----------------------------------------

    			 OPTKING 3.0: for geometry optimizations 

    			     By R.A. King, Bethel University     

    			        with contributions from          

    			    A.V. Copan, J. Cayton, A. Heide      

    			-----------------------------------------

    
2025-12-23:10:38:43,309 INFO     [psi4.optking.optwrapper:272] 
		 -- Optimization Parameters --
	GEOM_MAXITER                   =             500
	ALG_GEOM_MAXITER               =              50
	PRINT                          =               1
	OPT_TYPE                       =             MIN
	STEP_TYPE                      =             RFO
	PROGRAM                        =            PSI4
	STEEPEST_DESCENT_TYPE          =         OVERLAP
	CONJUGATE_GRADIENT_TYPE        =        FLETCHER
	OPT_COORDINATES                =        INTERNAL
	RFO_FOLLOW_ROOT                =           False
	RFO_ROOT                       =               0
	ACCEPT_SYMMETRY_BREAKING       =           False
	DYNAMIC_LVL                    =               0
	DYNAMIC_LVL_MAX                =               0
	IRC_STEP_SIZE                  =             0.2
	IRC_DIRECTION                  =         FORWARD
	IRC_POINTS                     =              20
	IRC_MODE                       =          NORMAL
	IRC_CONVERGENCE                =            -0.7
	INTRAFRAG_STEP_LIMIT           =             0.5
	INTRAFRAG_STEP_LIMIT_MIN       =           0.001
	INTRAFRAG_STEP_LIMIT_MAX       =             1.0
	INTERFRAG_STEP_LIMIT           =             0.5
	INTERFRAG_STEP_LIMIT_MIN       =           0.001
	INTERFRAG_STEP_LIMIT_MAX       =             1.0
	ENSURE_BT_CONVERGENCE          =           False
	SIMPLE_STEP_SCALING            =           False
	CONSECUTIVE_BACKSTEPS          =               0
	RFO_NORMALIZATION_MAX          =             100
	RSRFO_ALPHA_MAX                =     100000000.0
	PRINT_TRAJECTORY_XYZ_FILE      =           False
	WRITE_TRAJECTORY               =           False
	FROZEN_DISTANCE                =                
	FROZEN_BEND                    =                
	FROZEN_DIHEDRAL                =                
	FROZEN_OOFP                    =                
	FROZEN_CARTESIAN               =                
	FREEZE_ALL_DIHEDRALS           =           False
	UNFREEZE_DIHEDRALS             =                
	RANGED_DISTANCE                =                
	RANGED_BEND                    =                
	RANGED_DIHEDRAL                =                
	RANGED_OOFP                    =                
	RANGED_CARTESIAN               =                
	EXT_FORCE_DISTANCE             =                
	EXT_FORCE_BEND                 =                
	EXT_FORCE_DIHEDRAL             =                
	EXT_FORCE_OOFP                 =                
	EXT_FORCE_CARTESIAN            =                
	G_CONVERGENCE                  =           QCHEM
	MAX_FORCE_G_CONVERGENCE        =          0.0003
	RMS_FORCE_G_CONVERGENCE        =          0.0003
	MAX_ENERGY_G_CONVERGENCE       =           1e-06
	MAX_DISP_G_CONVERGENCE         =          0.0012
	RMS_DISP_G_CONVERGENCE         =          0.0012
	FLEXIBLE_G_CONVERGENCE         =           False
	HESS_UPDATE                    =            BFGS
	HESS_UPDATE_USE_LAST           =               4
	HESS_UPDATE_LIMIT              =            True
	HESS_UPDATE_LIMIT_MAX          =             1.0
	HESS_UPDATE_LIMIT_SCALE        =             0.5
	HESS_UPDATE_DEN_TOL            =           1e-07
	HESS_UPDATE_DQ_TOL             =             0.5
	CART_HESS_READ                 =           False
	HESSIAN_FILE                   =               .
	FULL_HESS_EVERY                =              -1
	INTRAFRAG_HESS                 =        SCHLEGEL
	H_GUESS_EVERY                  =           False
	BT_MAX_ITER                    =              25
	BT_DX_CONV                     =           1e-07
	BT_DX_RMS_CHANGE_CONV          =           1e-12
	BT_PINV_RCOND                  =           1e-06
	FRAG_MODE                      =          SINGLE
	FRAG_REF_ATOMS                 =              []
	FREEZE_INTRAFRAG               =           False
	INTERFRAG_MODE                 =           FIXED
	ADD_AUXILIARY_BONDS            =           False
	AUXILIARY_BOND_FACTOR          =             2.5
	INTERFRAG_DIST_INV             =           False
	INTERFRAG_COLLINEAR_TOL        =            0.01
	INTERFRAG_COORDS               =              []
	INTERFRAG_HESS                 =         DEFAULT
	COVALENT_CONNECT               =             1.3
	INTERFRAGMENT_CONNECT          =             1.8
	H_BOND_CONNECT                 =             4.3
	INCLUDE_OOFP                   =           False
	TEST_B                         =           False
	TEST_DERIVATIVE_B              =           False
	LINESEARCH_STEP                =             0.1
	LINESEARCH                     =           False
	SD_HESSIAN                     =             1.0
	FIX_VAL_NEAR_PI                =            1.57
	V3D_TORS_ANGLE_LIM             =           0.017
	V3D_TORS_COS_TOL               =           1e-10
	LINEAR_BEND_THRESHOLD          =            3.05
	SMALL_BEND_FIX_THRESHOLD       =            0.35
	REDUNDANT_EVAL_TOL             =           1e-10
	LINEAR_ALGEBRA_TOL             =           1e-10


2025-12-23:10:38:43,449 INFO     [psi4.optking.opt_helper:164] Molsys:

	                            ===> Fragment 1 <== 

	 Z (Atomic Numbers)          Masses                          Geom                  
	       3.000000             7.016003          0.00000000  0.00000000  1.27504564   
	       4.000000             9.012183          0.00000000  0.00000000 -0.99262571   

	 - Coordinate -           - BOHR/RAD -       - ANG/DEG -
	 R(1,2)           =         2.267671           1.200000

2025-12-23:10:38:43,460 INFO     [psi4.driver.task_planner:259] PLANNING Atomic:  keywords={'DAMPING_PERCENTAGE': 1.0, 'GEOM_MAXITER': 500, 'GUESS': 'SAP', 'MAXITER': 500, 'REFERENCE': 'UKS', 'function_kwargs': {}}
2025-12-23:10:38:43,462 INFO     [psi4.driver.driver:638] Compute gradient(): method=b3lyp, basis=cc-pvdz, molecule=default, nre=5.291772106700001
2025-12-23:10:38:43,926 INFO     [psi4.driver.driver:641] Return gradient(): -21.982957150425964
2025-12-23:10:38:43,926 INFO     [psi4.driver.driver:642] [[ 0.00000000 -0.00000000 -0.26216058]
 [-0.00000000  0.00000000  0.26212594]]
2025-12-23:10:38:43,928 INFO     [psi4.optking.molsys:944] Projected (PHP) Hessian matrix
	   1.048231

2025-12-23:10:38:43,928 INFO     [psi4.optking.opt_helper:182] 
	         Geometry (au)                                       Gradient (au)
   0.0000000000   0.0000000000   1.2750456416		   0.0000000000  -0.0000000000  -0.2621605799
   0.0000000000   0.0000000000  -0.9926257089		  -0.0000000000   0.0000000000   0.2621259428

2025-12-23:10:38:43,928 INFO     [psi4.optking.stepAlgorithms:929] 	Using RFO solution 1.
2025-12-23:10:38:43,928 INFO     [psi4.optking.displace:100] 	Determining Cartesian step for fragment 1.
2025-12-23:10:38:43,928 INFO     [psi4.optking.displace:415] 	Successfully converged to displaced geometry.
2025-12-23:10:38:43,928 INFO     [psi4.optking.displace:416] 	RMS(dx):  0.000e+00 	Max(dx):  0.000e+00 	RMS(dq):  0.000e+00
2025-12-23:10:38:43,928 INFO     [psi4.optking.displace:172] 

	        --- Internal Coordinate Step in ANG or DEG, aJ/ANG or AJ/DEG ---
	-------------------------------------------------------------------------------
	           Coordinate      Previous         Force          Change          New 
	           ----------      --------        ------          ------        ------
	               R(1,2)       1.20000        2.15973        0.12496       1.32496
	-------------------------------------------------------------------------------

2025-12-23:10:38:43,928 INFO     [psi4.optking.stepAlgorithms:113] 	|target step| :    0.2361369382
2025-12-23:10:38:43,929 INFO     [psi4.optking.stepAlgorithms:114] 	gradient     :   -0.2621432613
2025-12-23:10:38:43,929 INFO     [psi4.optking.stepAlgorithms:115] 	hessian      :    1.0482306732
2025-12-23:10:38:43,929 INFO     [psi4.optking.stepAlgorithms:113] 	|target step| :    0.2361369382
2025-12-23:10:38:43,929 INFO     [psi4.optking.stepAlgorithms:114] 	gradient     :   -0.2621432613
2025-12-23:10:38:43,929 INFO     [psi4.optking.stepAlgorithms:115] 	hessian      :    1.0482306732
2025-12-23:10:38:43,929 INFO     [psi4.optking.stepAlgorithms:206] 	Norm of achieved step-size    0.2361369382
2025-12-23:10:38:43,929 INFO     [psi4.optking.stepAlgorithms:208] 	Norm of achieved step-size (cart):    0.1669740303
2025-12-23:10:38:43,929 INFO     [psi4.optking.opt_helper:164] Molsys:

	                            ===> Fragment 1 <== 

	 Z (Atomic Numbers)          Masses                          Geom                  
	       3.000000             7.016003          0.00000000  0.00000000  1.39311411   
	       4.000000             9.012183          0.00000000  0.00000000 -1.11069418   

	 - Coordinate -           - BOHR/RAD -       - ANG/DEG -
	 R(1,2)           =         2.503808           1.324958

2025-12-23:10:38:43,929 INFO     [psi4.optking.convcheck:76] Performing convergence check.
2025-12-23:10:38:43,929 INFO     [psi4.optking.convcheck:282] 
	                                 ==> Convergence Check <==                                  
    
	Measures of convergence in internal coordinates in au.
    
	Criteria marked as inactive (o), active & met (*), and active & unmet ( ).

	----------------------------------------------------------------------------------------------~
	   Step    Total Energy     Delta E     Max Force     RMS Force      Max Disp      RMS Disp   ~
	----------------------------------------------------------------------------------------------~
	  Convergence Criteria     1.00e-06 *    3.00e-04 *             o    1.20e-03 *             o~
	----------------------------------------------------------------------------------------------~
	     1     -21.98295715   -2.20e+01      2.62e-01      2.62e-01 o    2.36e-01      2.36e-01 o  ~
	----------------------------------------------------------------------------------------------


2025-12-23:10:38:43,929 INFO     [psi4.optking.stepAlgorithms:296] 	Convergence check returned False
2025-12-23:10:38:43,940 INFO     [psi4.driver.task_planner:259] PLANNING Atomic:  keywords={'DAMPING_PERCENTAGE': 1.0, 'GEOM_MAXITER': 500, 'SCF__GUESS': 'READ', 'GUESS': 'SAP', 'MAXITER': 500, 'REFERENCE': 'UKS', 'function_kwargs': {}}
2025-12-23:10:38:43,941 INFO     [psi4.driver.driver:638] Compute gradient(): method=b3lyp, basis=cc-pvdz, molecule=default, nre=4.7926992069529115
2025-12-23:10:38:44,340 INFO     [psi4.driver.driver:641] Return gradient(): -22.037041590682332
2025-12-23:10:38:44,341 INFO     [psi4.driver.driver:642] [[-0.00000000 -0.00000000 -0.19905171]
 [ 0.00000000  0.00000000  0.19904778]]
2025-12-23:10:38:44,342 INFO     [psi4.optking.history:269] 	Performing BFGS update.
2025-12-23:10:38:44,342 INFO     [psi4.optking.history:280] 	Using 1 previous steps for update.
2025-12-23:10:38:44,343 INFO     [psi4.optking.history:317] 	Steps to be used in Hessian update:  1

2025-12-23:10:38:44,343 INFO     [psi4.optking.history:418] 	Updated Hessian (in au) 
 	   0.267190

2025-12-23:10:38:44,343 INFO     [psi4.optking.molsys:944] Projected (PHP) Hessian matrix
	   0.267190

2025-12-23:10:38:44,343 INFO     [psi4.optking.opt_helper:182] 
	         Geometry (au)                                       Gradient (au)
   0.0000000000   0.0000000000   1.4078185736		  -0.0000000000  -0.0000000000  -0.1990517053
   0.0000000000   0.0000000000  -1.0959897152		   0.0000000000   0.0000000000   0.1990477796

2025-12-23:10:38:44,343 INFO     [psi4.optking.stepAlgorithms:368] 	Current Step Report 
 
	Current energy:       -22.0370415907
	Energy change for the previous step:
		Actual       :        -0.0540844403
		Projected    :        -0.0309508536

2025-12-23:10:38:44,343 INFO     [psi4.optking.stepAlgorithms:371] 	Energy ratio =    1.74743
2025-12-23:10:38:44,343 INFO     [psi4.optking.stepAlgorithms:399] 	Energy ratio indicates good step.
2025-12-23:10:38:44,343 INFO     [psi4.optking.stepAlgorithms:400] 	Intrafrag trust radius increased to      1.
2025-12-23:10:38:44,343 INFO     [psi4.optking.stepAlgorithms:929] 	Using RFO solution 1.
2025-12-23:10:38:44,343 INFO     [psi4.optking.displace:100] 	Determining Cartesian step for fragment 1.
2025-12-23:10:38:44,343 INFO     [psi4.optking.displace:415] 	Successfully converged to displaced geometry.
2025-12-23:10:38:44,343 INFO     [psi4.optking.displace:416] 	RMS(dx):  0.000e+00 	Max(dx):  0.000e+00 	RMS(dq):  0.000e+00
2025-12-23:10:38:44,344 INFO     [psi4.optking.displace:172] 

	        --- Internal Coordinate Step in ANG or DEG, aJ/ANG or AJ/DEG ---
	-------------------------------------------------------------------------------
	           Coordinate      Previous         Force          Change          New 
	           ----------      --------        ------          ------        ------
	               R(1,2)       1.32496        1.63992        0.28215       1.60711
	-------------------------------------------------------------------------------

2025-12-23:10:38:44,344 INFO     [psi4.optking.stepAlgorithms:113] 	|target step| :    0.5331865321
2025-12-23:10:38:44,344 INFO     [psi4.optking.stepAlgorithms:114] 	gradient     :   -0.1990497424
2025-12-23:10:38:44,344 INFO     [psi4.optking.stepAlgorithms:115] 	hessian      :    0.2671903827
2025-12-23:10:38:44,344 INFO     [psi4.optking.stepAlgorithms:113] 	|target step| :    0.5331865321
2025-12-23:10:38:44,344 INFO     [psi4.optking.stepAlgorithms:114] 	gradient     :   -0.1990497424
2025-12-23:10:38:44,344 INFO     [psi4.optking.stepAlgorithms:115] 	hessian      :    0.2671903827
2025-12-23:10:38:44,344 INFO     [psi4.optking.stepAlgorithms:206] 	Norm of achieved step-size    0.5331865321
2025-12-23:10:38:44,344 INFO     [psi4.optking.stepAlgorithms:208] 	Norm of achieved step-size (cart):    0.3770198125
2025-12-23:10:38:44,344 INFO     [psi4.optking.opt_helper:164] Molsys:

	                            ===> Fragment 1 <== 

	 Z (Atomic Numbers)          Masses                          Geom                  
	       3.000000             7.016003          0.00000000  0.00000000  1.67441184   
	       4.000000             9.012183          0.00000000  0.00000000 -1.36258298   

	 - Coordinate -           - BOHR/RAD -       - ANG/DEG -
	 R(1,2)           =         3.036995           1.607108

2025-12-23:10:38:44,344 INFO     [psi4.optking.convcheck:76] Performing convergence check.
2025-12-23:10:38:44,344 INFO     [psi4.optking.convcheck:282] 
	                                 ==> Convergence Check <==                                  
    
	Measures of convergence in internal coordinates in au.
    
	Criteria marked as inactive (o), active & met (*), and active & unmet ( ).

	----------------------------------------------------------------------------------------------
	   Step    Total Energy     Delta E     Max Force     RMS Force      Max Disp      RMS Disp   
	----------------------------------------------------------------------------------------------
	  Convergence Criteria     1.00e-06 *    3.00e-04 *             o    1.20e-03 *             o
	----------------------------------------------------------------------------------------------
	     2     -22.03704159   -5.41e-02      1.99e-01      1.99e-01 o    5.33e-01      5.33e-01 o  ~
	----------------------------------------------------------------------------------------------


2025-12-23:10:38:44,344 INFO     [psi4.optking.stepAlgorithms:296] 	Convergence check returned False
2025-12-23:10:38:44,354 INFO     [psi4.driver.task_planner:259] PLANNING Atomic:  keywords={'DAMPING_PERCENTAGE': 1.0, 'GEOM_MAXITER': 500, 'SCF__GUESS': 'READ', 'GUESS': 'SAP', 'MAXITER': 500, 'REFERENCE': 'UKS', 'function_kwargs': {}}
2025-12-23:10:38:44,355 INFO     [psi4.driver.driver:638] Compute gradient(): method=b3lyp, basis=cc-pvdz, molecule=default, nre=3.95127443667912
2025-12-23:10:38:44,730 INFO     [psi4.driver.driver:641] Return gradient(): -22.114281531854854
2025-12-23:10:38:44,730 INFO     [psi4.driver.driver:642] [[-0.00000000  0.00000000 -0.09762148]
 [ 0.00000000  0.00000000  0.09761900]]
2025-12-23:10:38:44,732 INFO     [psi4.optking.history:269] 	Performing BFGS update.
2025-12-23:10:38:44,732 INFO     [psi4.optking.history:280] 	Using 2 previous steps for update.
2025-12-23:10:38:44,732 WARNING  [psi4.optking.history:301] 	Change in internal coordinate of 5.33e-01 exceeds limit of 5.00e-01.
2025-12-23:10:38:44,732 WARNING  [psi4.optking.history:306] 	Skipping Hessian update for step 2.
2025-12-23:10:38:44,732 INFO     [psi4.optking.history:317] 	Steps to be used in Hessian update:  1

2025-12-23:10:38:44,732 INFO     [psi4.optking.history:418] 	Updated Hessian (in au) 
 	   0.213854

2025-12-23:10:38:44,733 INFO     [psi4.optking.molsys:944] Projected (PHP) Hessian matrix
	   0.213854

2025-12-23:10:38:44,733 INFO     [psi4.optking.opt_helper:182] 
	         Geometry (au)                                       Gradient (au)
   0.0000000000   0.0000000000   1.7076138520		  -0.0000000000   0.0000000000  -0.0976214802
   0.0000000000   0.0000000000  -1.3293809688		   0.0000000000   0.0000000000   0.0976189981

2025-12-23:10:38:44,733 INFO     [psi4.optking.stepAlgorithms:368] 	Current Step Report 
 
	Current energy:       -22.1142815319
	Energy change for the previous step:
		Actual       :        -0.0772399412
		Projected    :        -0.0530653209

2025-12-23:10:38:44,733 INFO     [psi4.optking.stepAlgorithms:371] 	Energy ratio =    1.45556
2025-12-23:10:38:44,733 INFO     [psi4.optking.stepAlgorithms:929] 	Using RFO solution 1.
2025-12-23:10:38:44,733 INFO     [psi4.optking.displace:100] 	Determining Cartesian step for fragment 1.
2025-12-23:10:38:44,733 INFO     [psi4.optking.displace:415] 	Successfully converged to displaced geometry.
2025-12-23:10:38:44,733 INFO     [psi4.optking.displace:416] 	RMS(dx):  0.000e+00 	Max(dx):  0.000e+00 	RMS(dq):  0.000e+00
2025-12-23:10:38:44,733 INFO     [psi4.optking.displace:172] 

	        --- Internal Coordinate Step in ANG or DEG, aJ/ANG or AJ/DEG ---
	-------------------------------------------------------------------------------
	           Coordinate      Previous         Force          Change          New 
	           ----------      --------        ------          ------        ------
	               R(1,2)       1.60711        0.80427        0.20523       1.81234
	-------------------------------------------------------------------------------

2025-12-23:10:38:44,733 INFO     [psi4.optking.stepAlgorithms:113] 	|target step| :    0.3878228014
2025-12-23:10:38:44,733 INFO     [psi4.optking.stepAlgorithms:114] 	gradient     :   -0.0976202392
2025-12-23:10:38:44,733 INFO     [psi4.optking.stepAlgorithms:115] 	hessian      :    0.2138541569
2025-12-23:10:38:44,733 INFO     [psi4.optking.stepAlgorithms:113] 	|target step| :    0.3878228014
2025-12-23:10:38:44,733 INFO     [psi4.optking.stepAlgorithms:114] 	gradient     :   -0.0976202392
2025-12-23:10:38:44,733 INFO     [psi4.optking.stepAlgorithms:115] 	hessian      :    0.2138541569
2025-12-23:10:38:44,733 INFO     [psi4.optking.stepAlgorithms:206] 	Norm of achieved step-size    0.3878228014
2025-12-23:10:38:44,733 INFO     [psi4.optking.stepAlgorithms:208] 	Norm of achieved step-size (cart):    0.2742321327
2025-12-23:10:38:44,734 INFO     [psi4.optking.opt_helper:164] Molsys:

	                            ===> Fragment 1 <== 

	 Z (Atomic Numbers)          Masses                          Geom                  
	       3.000000             7.016003          0.00000000  0.00000000  1.90152525   
	       4.000000             9.012183          0.00000000  0.00000000 -1.52329237   

	 - Coordinate -           - BOHR/RAD -       - ANG/DEG -
	 R(1,2)           =         3.424818           1.812335

2025-12-23:10:38:44,734 INFO     [psi4.optking.convcheck:76] Performing convergence check.
2025-12-23:10:38:44,734 INFO     [psi4.optking.convcheck:282] 
	                                 ==> Convergence Check <==                                  
    
	Measures of convergence in internal coordinates in au.
    
	Criteria marked as inactive (o), active & met (*), and active & unmet ( ).

	----------------------------------------------------------------------------------------------
	   Step    Total Energy     Delta E     Max Force     RMS Force      Max Disp      RMS Disp   
	----------------------------------------------------------------------------------------------
	  Convergence Criteria     1.00e-06 *    3.00e-04 *             o    1.20e-03 *             o
	----------------------------------------------------------------------------------------------
	     3     -22.11428153   -7.72e-02      9.76e-02      9.76e-02 o    3.88e-01      3.88e-01 o  ~
	----------------------------------------------------------------------------------------------


2025-12-23:10:38:44,734 INFO     [psi4.optking.stepAlgorithms:296] 	Convergence check returned False
2025-12-23:10:38:44,745 INFO     [psi4.driver.task_planner:259] PLANNING Atomic:  keywords={'DAMPING_PERCENTAGE': 1.0, 'GEOM_MAXITER': 500, 'SCF__GUESS': 'READ', 'GUESS': 'SAP', 'MAXITER': 500, 'REFERENCE': 'UKS', 'function_kwargs': {}}
2025-12-23:10:38:44,746 INFO     [psi4.driver.driver:638] Compute gradient(): method=b3lyp, basis=cc-pvdz, molecule=default, nre=3.5038362107643315
2025-12-23:10:38:45,188 INFO     [psi4.driver.driver:641] Return gradient(): -22.141978780811
2025-12-23:10:38:45,189 INFO     [psi4.driver.driver:642] [[ 0.00000000 -0.00000000 -0.04849812]
 [ 0.00000000  0.00000000  0.04849961]]
2025-12-23:10:38:45,190 INFO     [psi4.optking.history:269] 	Performing BFGS update.
2025-12-23:10:38:45,190 INFO     [psi4.optking.history:280] 	Using 3 previous steps for update.
2025-12-23:10:38:45,190 WARNING  [psi4.optking.history:301] 	Change in internal coordinate of 9.21e-01 exceeds limit of 5.00e-01.
2025-12-23:10:38:45,190 WARNING  [psi4.optking.history:306] 	Skipping Hessian update for step 2.
2025-12-23:10:38:45,190 WARNING  [psi4.optking.history:301] 	Change in internal coordinate of 1.16e+00 exceeds limit of 5.00e-01.
2025-12-23:10:38:45,190 WARNING  [psi4.optking.history:306] 	Skipping Hessian update for step 1.
2025-12-23:10:38:45,191 INFO     [psi4.optking.history:317] 	Steps to be used in Hessian update:  3

2025-12-23:10:38:45,191 INFO     [psi4.optking.history:418] 	Updated Hessian (in au) 
 	   0.126659

2025-12-23:10:38:45,191 INFO     [psi4.optking.molsys:944] Projected (PHP) Hessian matrix
	   0.126659

2025-12-23:10:38:45,191 INFO     [psi4.optking.opt_helper:182] 
	         Geometry (au)                                       Gradient (au)
   0.0000000000   0.0000000000   1.9256753328		   0.0000000000  -0.0000000000  -0.0484981206
   0.0000000000   0.0000000000  -1.4991422894		   0.0000000000   0.0000000000   0.0484996149

2025-12-23:10:38:45,191 INFO     [psi4.optking.stepAlgorithms:368] 	Current Step Report 
 
	Current energy:       -22.1419787808
	Energy change for the previous step:
		Actual       :        -0.0276972490
		Projected    :        -0.0189296773

2025-12-23:10:38:45,191 INFO     [psi4.optking.stepAlgorithms:371] 	Energy ratio =    1.46317
2025-12-23:10:38:45,191 INFO     [psi4.optking.stepAlgorithms:929] 	Using RFO solution 1.
2025-12-23:10:38:45,191 INFO     [psi4.optking.displace:100] 	Determining Cartesian step for fragment 1.
2025-12-23:10:38:45,191 INFO     [psi4.optking.displace:415] 	Successfully converged to displaced geometry.
2025-12-23:10:38:45,191 INFO     [psi4.optking.displace:416] 	RMS(dx):  0.000e+00 	Max(dx):  0.000e+00 	RMS(dq):  0.000e+00
2025-12-23:10:38:45,191 INFO     [psi4.optking.displace:172] 

	        --- Internal Coordinate Step in ANG or DEG, aJ/ANG or AJ/DEG ---
	-------------------------------------------------------------------------------
	           Coordinate      Previous         Force          Change          New 
	           ----------      --------        ------          ------        ------
	               R(1,2)       1.81234        0.39957        0.17935       1.99169
	-------------------------------------------------------------------------------

2025-12-23:10:38:45,191 INFO     [psi4.optking.stepAlgorithms:113] 	|target step| :    0.3389236586
2025-12-23:10:38:45,191 INFO     [psi4.optking.stepAlgorithms:114] 	gradient     :   -0.0484988678
2025-12-23:10:38:45,191 INFO     [psi4.optking.stepAlgorithms:115] 	hessian      :    0.1266593177
2025-12-23:10:38:45,191 INFO     [psi4.optking.stepAlgorithms:113] 	|target step| :    0.3389236586
2025-12-23:10:38:45,191 INFO     [psi4.optking.stepAlgorithms:114] 	gradient     :   -0.0484988678
2025-12-23:10:38:45,191 INFO     [psi4.optking.stepAlgorithms:115] 	hessian      :    0.1266593177
2025-12-23:10:38:45,191 INFO     [psi4.optking.stepAlgorithms:206] 	Norm of achieved step-size    0.3389236586
2025-12-23:10:38:45,191 INFO     [psi4.optking.stepAlgorithms:208] 	Norm of achieved step-size (cart):    0.2396552173
2025-12-23:10:38:45,192 INFO     [psi4.optking.opt_helper:164] Molsys:

	                            ===> Fragment 1 <== 

	 Z (Atomic Numbers)          Masses                          Geom                  
	       3.000000             7.016003          0.00000000  0.00000000  2.09513716   
	       4.000000             9.012183          0.00000000  0.00000000 -1.66860412   

	 - Coordinate -           - BOHR/RAD -       - ANG/DEG -
	 R(1,2)           =         3.763741           1.991686

2025-12-23:10:38:45,192 INFO     [psi4.optking.convcheck:76] Performing convergence check.
2025-12-23:10:38:45,192 INFO     [psi4.optking.convcheck:282] 
	                                 ==> Convergence Check <==                                  
    
	Measures of convergence in internal coordinates in au.
    
	Criteria marked as inactive (o), active & met (*), and active & unmet ( ).

	----------------------------------------------------------------------------------------------
	   Step    Total Energy     Delta E     Max Force     RMS Force      Max Disp      RMS Disp   
	----------------------------------------------------------------------------------------------
	  Convergence Criteria     1.00e-06 *    3.00e-04 *             o    1.20e-03 *             o
	----------------------------------------------------------------------------------------------
	     4     -22.14197878   -2.77e-02      4.85e-02      4.85e-02 o    3.39e-01      3.39e-01 o  ~
	----------------------------------------------------------------------------------------------


2025-12-23:10:38:45,192 INFO     [psi4.optking.stepAlgorithms:296] 	Convergence check returned False
2025-12-23:10:38:45,203 INFO     [psi4.driver.task_planner:259] PLANNING Atomic:  keywords={'DAMPING_PERCENTAGE': 1.0, 'GEOM_MAXITER': 500, 'SCF__GUESS': 'READ', 'GUESS': 'SAP', 'MAXITER': 500, 'REFERENCE': 'UKS', 'function_kwargs': {}}
2025-12-23:10:38:45,204 INFO     [psi4.driver.driver:638] Compute gradient(): method=b3lyp, basis=cc-pvdz, molecule=default, nre=3.188316917808548
2025-12-23:10:38:45,649 INFO     [psi4.driver.driver:641] Return gradient(): -22.153293673877165
2025-12-23:10:38:45,649 INFO     [psi4.driver.driver:642] [[-0.00000000  0.00000000 -0.02029577]
 [-0.00000000 -0.00000000  0.02030092]]
2025-12-23:10:38:45,651 INFO     [psi4.optking.history:269] 	Performing BFGS update.
2025-12-23:10:38:45,651 INFO     [psi4.optking.history:280] 	Using 4 previous steps for update.
2025-12-23:10:38:45,651 WARNING  [psi4.optking.history:301] 	Change in internal coordinate of 7.27e-01 exceeds limit of 5.00e-01.
2025-12-23:10:38:45,651 WARNING  [psi4.optking.history:306] 	Skipping Hessian update for step 3.
2025-12-23:10:38:45,651 WARNING  [psi4.optking.history:301] 	Change in internal coordinate of 1.26e+00 exceeds limit of 5.00e-01.
2025-12-23:10:38:45,651 WARNING  [psi4.optking.history:306] 	Skipping Hessian update for step 2.
2025-12-23:10:38:45,651 WARNING  [psi4.optking.history:301] 	Change in internal coordinate of 1.50e+00 exceeds limit of 5.00e-01.
2025-12-23:10:38:45,651 WARNING  [psi4.optking.history:306] 	Skipping Hessian update for step 1.
2025-12-23:10:38:45,651 INFO     [psi4.optking.history:317] 	Steps to be used in Hessian update:  4

2025-12-23:10:38:45,651 INFO     [psi4.optking.history:418] 	Updated Hessian (in au) 
 	   0.083206

2025-12-23:10:38:45,651 INFO     [psi4.optking.molsys:944] Projected (PHP) Hessian matrix
	   0.083206

2025-12-23:10:38:45,651 INFO     [psi4.optking.opt_helper:182] 
	         Geometry (au)                                       Gradient (au)
   0.0000000000   0.0000000000   2.1162422479		  -0.0000000000   0.0000000000  -0.0202957702
   0.0000000000   0.0000000000  -1.6474990329		  -0.0000000000  -0.0000000000   0.0203009221

2025-12-23:10:38:45,651 INFO     [psi4.optking.stepAlgorithms:368] 	Current Step Report 
 
	Current energy:       -22.1532936739
	Energy change for the previous step:
		Actual       :        -0.0113148931
		Projected    :        -0.0082187069

2025-12-23:10:38:45,651 INFO     [psi4.optking.stepAlgorithms:371] 	Energy ratio =    1.37672
2025-12-23:10:38:45,651 INFO     [psi4.optking.stepAlgorithms:929] 	Using RFO solution 1.
2025-12-23:10:38:45,651 INFO     [psi4.optking.displace:100] 	Determining Cartesian step for fragment 1.
2025-12-23:10:38:45,652 INFO     [psi4.optking.displace:415] 	Successfully converged to displaced geometry.
2025-12-23:10:38:45,652 INFO     [psi4.optking.displace:416] 	RMS(dx):  1.282e-16 	Max(dx):  2.220e-16 	RMS(dq):  0.000e+00
2025-12-23:10:38:45,652 INFO     [psi4.optking.displace:172] 

	        --- Internal Coordinate Step in ANG or DEG, aJ/ANG or AJ/DEG ---
	-------------------------------------------------------------------------------
	           Coordinate      Previous         Force          Change          New 
	           ----------      --------        ------          ------        ------
	               R(1,2)       1.99169        0.16723        0.12221       2.11390
	-------------------------------------------------------------------------------

2025-12-23:10:38:45,652 INFO     [psi4.optking.stepAlgorithms:113] 	|target step| :    0.2309415994
2025-12-23:10:38:45,652 INFO     [psi4.optking.stepAlgorithms:114] 	gradient     :   -0.0202983462
2025-12-23:10:38:45,652 INFO     [psi4.optking.stepAlgorithms:115] 	hessian      :    0.0832061170
2025-12-23:10:38:45,652 INFO     [psi4.optking.stepAlgorithms:113] 	|target step| :    0.2309415994
2025-12-23:10:38:45,652 INFO     [psi4.optking.stepAlgorithms:114] 	gradient     :   -0.0202983462
2025-12-23:10:38:45,652 INFO     [psi4.optking.stepAlgorithms:115] 	hessian      :    0.0832061170
2025-12-23:10:38:45,652 INFO     [psi4.optking.stepAlgorithms:206] 	Norm of achieved step-size    0.2309415994
2025-12-23:10:38:45,652 INFO     [psi4.optking.stepAlgorithms:208] 	Norm of achieved step-size (cart):    0.1633003710
2025-12-23:10:38:45,652 INFO     [psi4.optking.opt_helper:164] Molsys:

	                            ===> Fragment 1 <== 

	 Z (Atomic Numbers)          Masses                          Geom                  
	       3.000000             7.016003          0.00000000  0.00000000  2.23171305   
	       4.000000             9.012183          0.00000000  0.00000000 -1.76296983   

	 - Coordinate -           - BOHR/RAD -       - ANG/DEG -
	 R(1,2)           =         3.994683           2.113895

2025-12-23:10:38:45,652 INFO     [psi4.optking.convcheck:76] Performing convergence check.
2025-12-23:10:38:45,652 INFO     [psi4.optking.convcheck:282] 
	                                 ==> Convergence Check <==                                  
    
	Measures of convergence in internal coordinates in au.
    
	Criteria marked as inactive (o), active & met (*), and active & unmet ( ).

	----------------------------------------------------------------------------------------------
	   Step    Total Energy     Delta E     Max Force     RMS Force      Max Disp      RMS Disp   
	----------------------------------------------------------------------------------------------
	  Convergence Criteria     1.00e-06 *    3.00e-04 *             o    1.20e-03 *             o
	----------------------------------------------------------------------------------------------
	     5     -22.15329367   -1.13e-02      2.03e-02      2.03e-02 o    2.31e-01      2.31e-01 o  ~
	----------------------------------------------------------------------------------------------


2025-12-23:10:38:45,652 INFO     [psi4.optking.stepAlgorithms:296] 	Convergence check returned False
2025-12-23:10:38:45,662 INFO     [psi4.driver.task_planner:259] PLANNING Atomic:  keywords={'DAMPING_PERCENTAGE': 1.0, 'GEOM_MAXITER': 500, 'SCF__GUESS': 'READ', 'GUESS': 'SAP', 'MAXITER': 500, 'REFERENCE': 'UKS', 'function_kwargs': {}}
2025-12-23:10:38:45,663 INFO     [psi4.driver.driver:638] Compute gradient(): method=b3lyp, basis=cc-pvdz, molecule=default, nre=3.0039931478393287
2025-12-23:10:38:46,114 INFO     [psi4.driver.driver:641] Return gradient(): -22.156392841505284
2025-12-23:10:38:46,114 INFO     [psi4.driver.driver:642] [[ 0.00000000  0.00000000 -0.00726006]
 [ 0.00000000  0.00000000  0.00726373]]
2025-12-23:10:38:46,116 INFO     [psi4.optking.history:269] 	Performing BFGS update.
2025-12-23:10:38:46,116 INFO     [psi4.optking.history:280] 	Using 4 previous steps for update.
2025-12-23:10:38:46,116 WARNING  [psi4.optking.history:301] 	Change in internal coordinate of 5.70e-01 exceeds limit of 5.00e-01.
2025-12-23:10:38:46,116 WARNING  [psi4.optking.history:306] 	Skipping Hessian update for step 4.
2025-12-23:10:38:46,116 WARNING  [psi4.optking.history:301] 	Change in internal coordinate of 9.58e-01 exceeds limit of 5.00e-01.
2025-12-23:10:38:46,116 WARNING  [psi4.optking.history:306] 	Skipping Hessian update for step 3.
2025-12-23:10:38:46,116 WARNING  [psi4.optking.history:301] 	Change in internal coordinate of 1.49e+00 exceeds limit of 5.00e-01.
2025-12-23:10:38:46,116 WARNING  [psi4.optking.history:306] 	Skipping Hessian update for step 2.
2025-12-23:10:38:46,116 WARNING  [psi4.optking.history:301] 	Change in internal coordinate of 1.73e+00 exceeds limit of 5.00e-01.
2025-12-23:10:38:46,116 WARNING  [psi4.optking.history:306] 	Skipping Hessian update for step 1.
2025-12-23:10:38:46,116 INFO     [psi4.optking.history:317] 	Steps to be used in Hessian update:  5

2025-12-23:10:38:46,116 INFO     [psi4.optking.history:418] 	Updated Hessian (in au) 
 	   0.056449

2025-12-23:10:38:46,116 INFO     [psi4.optking.molsys:944] Projected (PHP) Hessian matrix
	   0.056449

2025-12-23:10:38:46,116 INFO     [psi4.optking.opt_helper:182] 
	         Geometry (au)                                       Gradient (au)
   0.0000000000   0.0000000000   2.2460939920		   0.0000000000   0.0000000000  -0.0072600551
   0.0000000000   0.0000000000  -1.7485888883		   0.0000000000   0.0000000000   0.0072637260

2025-12-23:10:38:46,116 INFO     [psi4.optking.stepAlgorithms:368] 	Current Step Report 
 
	Current energy:       -22.1563928415
	Energy change for the previous step:
		Actual       :        -0.0030991676
		Projected    :        -0.0023438663

2025-12-23:10:38:46,116 INFO     [psi4.optking.stepAlgorithms:371] 	Energy ratio =    1.32225
2025-12-23:10:38:46,117 INFO     [psi4.optking.stepAlgorithms:929] 	Using RFO solution 1.
2025-12-23:10:38:46,117 INFO     [psi4.optking.displace:100] 	Determining Cartesian step for fragment 1.
2025-12-23:10:38:46,117 INFO     [psi4.optking.displace:415] 	Successfully converged to displaced geometry.
2025-12-23:10:38:46,117 INFO     [psi4.optking.displace:416] 	RMS(dx):  0.000e+00 	Max(dx):  0.000e+00 	RMS(dq):  0.000e+00
2025-12-23:10:38:46,117 INFO     [psi4.optking.displace:172] 

	        --- Internal Coordinate Step in ANG or DEG, aJ/ANG or AJ/DEG ---
	-------------------------------------------------------------------------------
	           Coordinate      Previous         Force          Change          New 
	           ----------      --------        ------          ------        ------
	               R(1,2)       2.11390        0.05983        0.06699       2.18088
	-------------------------------------------------------------------------------

2025-12-23:10:38:46,117 INFO     [psi4.optking.stepAlgorithms:113] 	|target step| :    0.1265835048
2025-12-23:10:38:46,117 INFO     [psi4.optking.stepAlgorithms:114] 	gradient     :   -0.0072618906
2025-12-23:10:38:46,117 INFO     [psi4.optking.stepAlgorithms:115] 	hessian      :    0.0564491441
2025-12-23:10:38:46,117 INFO     [psi4.optking.stepAlgorithms:113] 	|target step| :    0.1265835048
2025-12-23:10:38:46,117 INFO     [psi4.optking.stepAlgorithms:114] 	gradient     :   -0.0072618906
2025-12-23:10:38:46,117 INFO     [psi4.optking.stepAlgorithms:115] 	hessian      :    0.0564491441
2025-12-23:10:38:46,117 INFO     [psi4.optking.stepAlgorithms:206] 	Norm of achieved step-size    0.1265835048
2025-12-23:10:38:46,117 INFO     [psi4.optking.stepAlgorithms:208] 	Norm of achieved step-size (cart):    0.0895080546
2025-12-23:10:38:46,117 INFO     [psi4.optking.opt_helper:164] Molsys:

	                            ===> Fragment 1 <== 

	 Z (Atomic Numbers)          Masses                          Geom                  
	       3.000000             7.016003          0.00000000  0.00000000  2.30938574   
	       4.000000             9.012183          0.00000000  0.00000000 -1.81188064   

	 - Coordinate -           - BOHR/RAD -       - ANG/DEG -
	 R(1,2)           =         4.121266           2.180880

2025-12-23:10:38:46,117 INFO     [psi4.optking.convcheck:76] Performing convergence check.
2025-12-23:10:38:46,117 INFO     [psi4.optking.convcheck:282] 
	                                 ==> Convergence Check <==                                  
    
	Measures of convergence in internal coordinates in au.
    
	Criteria marked as inactive (o), active & met (*), and active & unmet ( ).

	----------------------------------------------------------------------------------------------
	   Step    Total Energy     Delta E     Max Force     RMS Force      Max Disp      RMS Disp   
	----------------------------------------------------------------------------------------------
	  Convergence Criteria     1.00e-06 *    3.00e-04 *             o    1.20e-03 *             o
	----------------------------------------------------------------------------------------------
	     6     -22.15639284   -3.10e-03      7.26e-03      7.26e-03 o    1.27e-01      1.27e-01 o  ~
	----------------------------------------------------------------------------------------------


2025-12-23:10:38:46,118 INFO     [psi4.optking.stepAlgorithms:296] 	Convergence check returned False
2025-12-23:10:38:46,128 INFO     [psi4.driver.task_planner:259] PLANNING Atomic:  keywords={'DAMPING_PERCENTAGE': 1.0, 'GEOM_MAXITER': 500, 'SCF__GUESS': 'READ', 'GUESS': 'SAP', 'MAXITER': 500, 'REFERENCE': 'UKS', 'function_kwargs': {}}
2025-12-23:10:38:46,130 INFO     [psi4.driver.driver:638] Compute gradient(): method=b3lyp, basis=cc-pvdz, molecule=default, nre=2.9117263673354397
2025-12-23:10:38:46,571 INFO     [psi4.driver.driver:641] Return gradient(): -22.15695412257697
2025-12-23:10:38:46,571 INFO     [psi4.driver.driver:642] [[ 0.00000000  0.00000000 -0.00178460]
 [ 0.00000000 -0.00000000  0.00178857]]
2025-12-23:10:38:46,572 INFO     [psi4.optking.history:269] 	Performing BFGS update.
2025-12-23:10:38:46,573 INFO     [psi4.optking.history:280] 	Using 4 previous steps for update.
2025-12-23:10:38:46,573 WARNING  [psi4.optking.history:301] 	Change in internal coordinate of 6.96e-01 exceeds limit of 5.00e-01.
2025-12-23:10:38:46,573 WARNING  [psi4.optking.history:306] 	Skipping Hessian update for step 4.
2025-12-23:10:38:46,573 WARNING  [psi4.optking.history:301] 	Change in internal coordinate of 1.08e+00 exceeds limit of 5.00e-01.
2025-12-23:10:38:46,573 WARNING  [psi4.optking.history:306] 	Skipping Hessian update for step 3.
2025-12-23:10:38:46,573 WARNING  [psi4.optking.history:301] 	Change in internal coordinate of 1.62e+00 exceeds limit of 5.00e-01.
2025-12-23:10:38:46,573 WARNING  [psi4.optking.history:306] 	Skipping Hessian update for step 2.
2025-12-23:10:38:46,573 WARNING  [psi4.optking.history:301] 	Change in internal coordinate of 1.85e+00 exceeds limit of 5.00e-01.
2025-12-23:10:38:46,573 WARNING  [psi4.optking.history:306] 	Skipping Hessian update for step 1.
2025-12-23:10:38:46,573 INFO     [psi4.optking.history:317] 	Steps to be used in Hessian update:  6 5

2025-12-23:10:38:46,573 INFO     [psi4.optking.history:418] 	Updated Hessian (in au) 
 	   0.051778

2025-12-23:10:38:46,573 INFO     [psi4.optking.molsys:944] Projected (PHP) Hessian matrix
	   0.051778

2025-12-23:10:38:46,573 INFO     [psi4.optking.opt_helper:182] 
	         Geometry (au)                                       Gradient (au)
   0.0000000000   0.0000000000   2.3172682148		   0.0000000000   0.0000000000  -0.0017845997
   0.0000000000   0.0000000000  -1.8039981702		   0.0000000000  -0.0000000000   0.0017885730

2025-12-23:10:38:46,573 INFO     [psi4.optking.stepAlgorithms:368] 	Current Step Report 
 
	Current energy:       -22.1569541226
	Energy change for the previous step:
		Actual       :        -0.0005612811
		Projected    :        -0.0004596178

2025-12-23:10:38:46,573 INFO     [psi4.optking.stepAlgorithms:371] 	Energy ratio =    1.22119
2025-12-23:10:38:46,573 INFO     [psi4.optking.stepAlgorithms:929] 	Using RFO solution 1.
2025-12-23:10:38:46,573 INFO     [psi4.optking.displace:100] 	Determining Cartesian step for fragment 1.
2025-12-23:10:38:46,574 INFO     [psi4.optking.displace:415] 	Successfully converged to displaced geometry.
2025-12-23:10:38:46,574 INFO     [psi4.optking.displace:416] 	RMS(dx):  0.000e+00 	Max(dx):  0.000e+00 	RMS(dq):  0.000e+00
2025-12-23:10:38:46,574 INFO     [psi4.optking.displace:172] 

	        --- Internal Coordinate Step in ANG or DEG, aJ/ANG or AJ/DEG ---
	-------------------------------------------------------------------------------
	           Coordinate      Previous         Force          Change          New 
	           ----------      --------        ------          ------        ------
	               R(1,2)       2.18088        0.01472        0.01824       2.19912
	-------------------------------------------------------------------------------

2025-12-23:10:38:46,574 INFO     [psi4.optking.stepAlgorithms:113] 	|target step| :    0.0344640808
2025-12-23:10:38:46,574 INFO     [psi4.optking.stepAlgorithms:114] 	gradient     :   -0.0017865864
2025-12-23:10:38:46,574 INFO     [psi4.optking.stepAlgorithms:115] 	hessian      :    0.0517775104
2025-12-23:10:38:46,574 INFO     [psi4.optking.stepAlgorithms:113] 	|target step| :    0.0344640808
2025-12-23:10:38:46,574 INFO     [psi4.optking.stepAlgorithms:114] 	gradient     :   -0.0017865864
2025-12-23:10:38:46,574 INFO     [psi4.optking.stepAlgorithms:115] 	hessian      :    0.0517775104
2025-12-23:10:38:46,574 INFO     [psi4.optking.stepAlgorithms:206] 	Norm of achieved step-size    0.0344640808
2025-12-23:10:38:46,574 INFO     [psi4.optking.stepAlgorithms:208] 	Norm of achieved step-size (cart):    0.0243697853
2025-12-23:10:38:46,574 INFO     [psi4.optking.opt_helper:164] Molsys:

	                            ===> Fragment 1 <== 

	 Z (Atomic Numbers)          Masses                          Geom                  
	       3.000000             7.016003          0.00000000  0.00000000  2.33450026   
	       4.000000             9.012183          0.00000000  0.00000000 -1.82123021   

	 - Coordinate -           - BOHR/RAD -       - ANG/DEG -
	 R(1,2)           =         4.155730           2.199118

2025-12-23:10:38:46,574 INFO     [psi4.optking.convcheck:76] Performing convergence check.
2025-12-23:10:38:46,574 INFO     [psi4.optking.convcheck:282] 
	                                 ==> Convergence Check <==                                  
    
	Measures of convergence in internal coordinates in au.
    
	Criteria marked as inactive (o), active & met (*), and active & unmet ( ).

	----------------------------------------------------------------------------------------------
	   Step    Total Energy     Delta E     Max Force     RMS Force      Max Disp      RMS Disp   
	----------------------------------------------------------------------------------------------
	  Convergence Criteria     1.00e-06 *    3.00e-04 *             o    1.20e-03 *             o
	----------------------------------------------------------------------------------------------
	     7     -22.15695412   -5.61e-04      1.79e-03      1.79e-03 o    3.45e-02      3.45e-02 o  ~
	----------------------------------------------------------------------------------------------


2025-12-23:10:38:46,574 INFO     [psi4.optking.stepAlgorithms:296] 	Convergence check returned False
2025-12-23:10:38:46,585 INFO     [psi4.driver.task_planner:259] PLANNING Atomic:  keywords={'DAMPING_PERCENTAGE': 1.0, 'GEOM_MAXITER': 500, 'SCF__GUESS': 'READ', 'GUESS': 'SAP', 'MAXITER': 500, 'REFERENCE': 'UKS', 'function_kwargs': {}}
2025-12-23:10:38:46,586 INFO     [psi4.driver.driver:638] Compute gradient(): method=b3lyp, basis=cc-pvdz, molecule=default, nre=2.887578994516146
2025-12-23:10:38:46,972 INFO     [psi4.driver.driver:641] Return gradient(): -22.156992758334578
2025-12-23:10:38:46,973 INFO     [psi4.driver.driver:642] [[-0.00000000  0.00000000 -0.00046947]
 [ 0.00000000  0.00000000  0.00047329]]
2025-12-23:10:38:46,974 INFO     [psi4.optking.history:269] 	Performing BFGS update.
2025-12-23:10:38:46,974 INFO     [psi4.optking.history:280] 	Using 4 previous steps for update.
2025-12-23:10:38:46,974 WARNING  [psi4.optking.history:301] 	Change in internal coordinate of 7.31e-01 exceeds limit of 5.00e-01.
2025-12-23:10:38:46,974 WARNING  [psi4.optking.history:306] 	Skipping Hessian update for step 4.
2025-12-23:10:38:46,974 WARNING  [psi4.optking.history:301] 	Change in internal coordinate of 1.12e+00 exceeds limit of 5.00e-01.
2025-12-23:10:38:46,974 WARNING  [psi4.optking.history:306] 	Skipping Hessian update for step 3.
2025-12-23:10:38:46,975 WARNING  [psi4.optking.history:301] 	Change in internal coordinate of 1.65e+00 exceeds limit of 5.00e-01.
2025-12-23:10:38:46,975 WARNING  [psi4.optking.history:306] 	Skipping Hessian update for step 2.
2025-12-23:10:38:46,975 WARNING  [psi4.optking.history:301] 	Change in internal coordinate of 1.89e+00 exceeds limit of 5.00e-01.
2025-12-23:10:38:46,975 WARNING  [psi4.optking.history:306] 	Skipping Hessian update for step 1.
2025-12-23:10:38:46,975 INFO     [psi4.optking.history:317] 	Steps to be used in Hessian update:  7 6 5

2025-12-23:10:38:46,975 INFO     [psi4.optking.history:418] 	Updated Hessian (in au) 
 	   0.050580

2025-12-23:10:38:46,975 INFO     [psi4.optking.molsys:944] Projected (PHP) Hessian matrix
	   0.050580

2025-12-23:10:38:46,975 INFO     [psi4.optking.opt_helper:182] 
	         Geometry (au)                                       Gradient (au)
   0.0000000000   0.0000000000   2.3366463650		  -0.0000000000   0.0000000000  -0.0004694715
   0.0000000000   0.0000000000  -1.8190841008		   0.0000000000   0.0000000000   0.0004732934

2025-12-23:10:38:46,975 INFO     [psi4.optking.stepAlgorithms:368] 	Current Step Report 
 
	Current energy:       -22.1569927583
	Energy change for the previous step:
		Actual       :        -0.0000386358
		Projected    :        -0.0000307865

2025-12-23:10:38:46,975 INFO     [psi4.optking.stepAlgorithms:371] 	Energy ratio =    1.25496
2025-12-23:10:38:46,975 INFO     [psi4.optking.stepAlgorithms:929] 	Using RFO solution 1.
2025-12-23:10:38:46,975 INFO     [psi4.optking.displace:100] 	Determining Cartesian step for fragment 1.
2025-12-23:10:38:46,975 INFO     [psi4.optking.displace:415] 	Successfully converged to displaced geometry.
2025-12-23:10:38:46,975 INFO     [psi4.optking.displace:416] 	RMS(dx):  0.000e+00 	Max(dx):  0.000e+00 	RMS(dq):  0.000e+00
2025-12-23:10:38:46,975 INFO     [psi4.optking.displace:172] 

	        --- Internal Coordinate Step in ANG or DEG, aJ/ANG or AJ/DEG ---
	-------------------------------------------------------------------------------
	           Coordinate      Previous         Force          Change          New 
	           ----------      --------        ------          ------        ------
	               R(1,2)       2.19912        0.00388        0.00493       2.20405
	-------------------------------------------------------------------------------

2025-12-23:10:38:46,976 INFO     [psi4.optking.stepAlgorithms:113] 	|target step| :    0.0093186620
2025-12-23:10:38:46,976 INFO     [psi4.optking.stepAlgorithms:114] 	gradient     :   -0.0004713824
2025-12-23:10:38:46,976 INFO     [psi4.optking.stepAlgorithms:115] 	hessian      :    0.0505803846
2025-12-23:10:38:46,976 INFO     [psi4.optking.stepAlgorithms:113] 	|target step| :    0.0093186620
2025-12-23:10:38:46,976 INFO     [psi4.optking.stepAlgorithms:114] 	gradient     :   -0.0004713824
2025-12-23:10:38:46,976 INFO     [psi4.optking.stepAlgorithms:115] 	hessian      :    0.0505803846
2025-12-23:10:38:46,976 INFO     [psi4.optking.stepAlgorithms:206] 	Norm of achieved step-size    0.0093186620
2025-12-23:10:38:46,976 INFO     [psi4.optking.stepAlgorithms:208] 	Norm of achieved step-size (cart):    0.0065892891
2025-12-23:10:38:46,976 INFO     [psi4.optking.opt_helper:164] Molsys:

	                            ===> Fragment 1 <== 

	 Z (Atomic Numbers)          Masses                          Geom                  
	       3.000000             7.016003          0.00000000  0.00000000  2.34130570   
	       4.000000             9.012183          0.00000000  0.00000000 -1.82374343   

	 - Coordinate -           - BOHR/RAD -       - ANG/DEG -
	 R(1,2)           =         4.165049           2.204049

2025-12-23:10:38:46,976 INFO     [psi4.optking.convcheck:76] Performing convergence check.
2025-12-23:10:38:46,976 INFO     [psi4.optking.convcheck:282] 
	                                 ==> Convergence Check <==                                  
    
	Measures of convergence in internal coordinates in au.
    
	Criteria marked as inactive (o), active & met (*), and active & unmet ( ).

	----------------------------------------------------------------------------------------------
	   Step    Total Energy     Delta E     Max Force     RMS Force      Max Disp      RMS Disp   
	----------------------------------------------------------------------------------------------
	  Convergence Criteria     1.00e-06 *    3.00e-04 *             o    1.20e-03 *             o
	----------------------------------------------------------------------------------------------
	     8     -22.15699276   -3.86e-05      4.71e-04      4.71e-04 o    9.32e-03      9.32e-03 o  ~
	----------------------------------------------------------------------------------------------


2025-12-23:10:38:46,976 INFO     [psi4.optking.stepAlgorithms:296] 	Convergence check returned False
2025-12-23:10:38:46,987 INFO     [psi4.driver.task_planner:259] PLANNING Atomic:  keywords={'DAMPING_PERCENTAGE': 1.0, 'GEOM_MAXITER': 500, 'SCF__GUESS': 'READ', 'GUESS': 'SAP', 'MAXITER': 500, 'REFERENCE': 'UKS', 'function_kwargs': {}}
2025-12-23:10:38:46,988 INFO     [psi4.driver.driver:638] Compute gradient(): method=b3lyp, basis=cc-pvdz, molecule=default, nre=2.881118477029998
2025-12-23:10:38:47,360 INFO     [psi4.driver.driver:641] Return gradient(): -22.156995529823785
2025-12-23:10:38:47,360 INFO     [psi4.driver.driver:642] [[-0.00000000 -0.00000000 -0.00012597]
 [ 0.00000000  0.00000000  0.00012978]]
2025-12-23:10:38:47,362 INFO     [psi4.optking.history:269] 	Performing BFGS update.
2025-12-23:10:38:47,362 INFO     [psi4.optking.history:280] 	Using 4 previous steps for update.
2025-12-23:10:38:47,362 INFO     [psi4.optking.history:317] 	Steps to be used in Hessian update:  8 7 6 5

2025-12-23:10:38:47,362 INFO     [psi4.optking.history:418] 	Updated Hessian (in au) 
 	   0.050262

2025-12-23:10:38:47,362 INFO     [psi4.optking.molsys:944] Projected (PHP) Hessian matrix
	   0.050262

2025-12-23:10:38:47,362 INFO     [psi4.optking.opt_helper:182] 
	         Geometry (au)                                       Gradient (au)
   0.0000000000   0.0000000000   2.3418859776		  -0.0000000000  -0.0000000000  -0.0001259653
   0.0000000000   0.0000000000  -1.8231631502		   0.0000000000   0.0000000000   0.0001297810

2025-12-23:10:38:47,362 INFO     [psi4.optking.stepAlgorithms:368] 	Current Step Report 
 
	Current energy:       -22.1569955298
	Energy change for the previous step:
		Actual       :        -0.0000027715
		Projected    :        -0.0000021963

2025-12-23:10:38:47,363 INFO     [psi4.optking.stepAlgorithms:371] 	Energy ratio =    1.26187
2025-12-23:10:38:47,363 INFO     [psi4.optking.stepAlgorithms:929] 	Using RFO solution 1.
2025-12-23:10:38:47,363 INFO     [psi4.optking.displace:100] 	Determining Cartesian step for fragment 1.
2025-12-23:10:38:47,363 INFO     [psi4.optking.displace:415] 	Successfully converged to displaced geometry.
2025-12-23:10:38:47,363 INFO     [psi4.optking.displace:416] 	RMS(dx):  0.000e+00 	Max(dx):  0.000e+00 	RMS(dq):  0.000e+00
2025-12-23:10:38:47,363 INFO     [psi4.optking.displace:172] 

	        --- Internal Coordinate Step in ANG or DEG, aJ/ANG or AJ/DEG ---
	-------------------------------------------------------------------------------
	           Coordinate      Previous         Force          Change          New 
	           ----------      --------        ------          ------        ------
	               R(1,2)       2.20405        0.00105        0.00135       2.20540
	-------------------------------------------------------------------------------

2025-12-23:10:38:47,363 INFO     [psi4.optking.stepAlgorithms:113] 	|target step| :    0.0025441234
2025-12-23:10:38:47,363 INFO     [psi4.optking.stepAlgorithms:114] 	gradient     :   -0.0001278732
2025-12-23:10:38:47,363 INFO     [psi4.optking.stepAlgorithms:115] 	hessian      :    0.0502618455
2025-12-23:10:38:47,363 INFO     [psi4.optking.stepAlgorithms:113] 	|target step| :    0.0025441234
2025-12-23:10:38:47,363 INFO     [psi4.optking.stepAlgorithms:114] 	gradient     :   -0.0001278732
2025-12-23:10:38:47,363 INFO     [psi4.optking.stepAlgorithms:115] 	hessian      :    0.0502618455
2025-12-23:10:38:47,363 INFO     [psi4.optking.stepAlgorithms:206] 	Norm of achieved step-size    0.0025441234
2025-12-23:10:38:47,363 INFO     [psi4.optking.stepAlgorithms:208] 	Norm of achieved step-size (cart):    0.0017989669
2025-12-23:10:38:47,363 INFO     [psi4.optking.opt_helper:164] Molsys:

	                            ===> Fragment 1 <== 

	 Z (Atomic Numbers)          Masses                          Geom                  
	       3.000000             7.016003          0.00000000  0.00000000  2.34315804   
	       4.000000             9.012183          0.00000000  0.00000000 -1.82443521   

	 - Coordinate -           - BOHR/RAD -       - ANG/DEG -
	 R(1,2)           =         4.167593           2.205395

2025-12-23:10:38:47,364 INFO     [psi4.optking.convcheck:76] Performing convergence check.
2025-12-23:10:38:47,364 INFO     [psi4.optking.convcheck:282] 
	                                 ==> Convergence Check <==                                  
    
	Measures of convergence in internal coordinates in au.
    
	Criteria marked as inactive (o), active & met (*), and active & unmet ( ).

	----------------------------------------------------------------------------------------------
	   Step    Total Energy     Delta E     Max Force     RMS Force      Max Disp      RMS Disp   
	----------------------------------------------------------------------------------------------
	  Convergence Criteria     1.00e-06 *    3.00e-04 *             o    1.20e-03 *             o
	----------------------------------------------------------------------------------------------
	     9     -22.15699553   -2.77e-06      1.28e-04 *    1.28e-04 o    2.54e-03      2.54e-03 o  ~
	----------------------------------------------------------------------------------------------


2025-12-23:10:38:47,364 INFO     [psi4.optking.stepAlgorithms:296] 	Convergence check returned False
2025-12-23:10:38:47,374 INFO     [psi4.driver.task_planner:259] PLANNING Atomic:  keywords={'DAMPING_PERCENTAGE': 1.0, 'GEOM_MAXITER': 500, 'SCF__GUESS': 'READ', 'GUESS': 'SAP', 'MAXITER': 500, 'REFERENCE': 'UKS', 'function_kwargs': {}}
2025-12-23:10:38:47,376 INFO     [psi4.driver.driver:638] Compute gradient(): method=b3lyp, basis=cc-pvdz, molecule=default, nre=2.879359687126563
2025-12-23:10:38:47,703 INFO     [psi4.driver.driver:641] Return gradient(): -22.156995729302373
2025-12-23:10:38:47,704 INFO     [psi4.driver.driver:642] [[-0.00000000  0.00000000 -0.00003306]
 [ 0.00000000  0.00000000  0.00003688]]
2025-12-23:10:38:47,705 INFO     [psi4.optking.history:269] 	Performing BFGS update.
2025-12-23:10:38:47,705 INFO     [psi4.optking.history:280] 	Using 4 previous steps for update.
2025-12-23:10:38:47,705 INFO     [psi4.optking.history:317] 	Steps to be used in Hessian update:  9 8 7 6

2025-12-23:10:38:47,706 INFO     [psi4.optking.history:418] 	Updated Hessian (in au) 
 	   0.041796

2025-12-23:10:38:47,706 INFO     [psi4.optking.molsys:944] Projected (PHP) Hessian matrix
	   0.041796

2025-12-23:10:38:47,706 INFO     [psi4.optking.opt_helper:182] 
	         Geometry (au)                                       Gradient (au)
   0.0000000000   0.0000000000   2.3433164642		  -0.0000000000   0.0000000000  -0.0000330615
   0.0000000000   0.0000000000  -1.8242767870		   0.0000000000   0.0000000000   0.0000368790

2025-12-23:10:38:47,706 INFO     [psi4.optking.stepAlgorithms:368] 	Current Step Report 
 
	Current energy:       -22.1569957293
	Energy change for the previous step:
		Actual       :        -0.0000001995
		Projected    :        -0.0000001627

2025-12-23:10:38:47,706 INFO     [psi4.optking.stepAlgorithms:371] 	Energy ratio =    1.22633
2025-12-23:10:38:47,706 INFO     [psi4.optking.stepAlgorithms:929] 	Using RFO solution 1.
2025-12-23:10:38:47,706 INFO     [psi4.optking.displace:100] 	Determining Cartesian step for fragment 1.
2025-12-23:10:38:47,706 INFO     [psi4.optking.displace:415] 	Successfully converged to displaced geometry.
2025-12-23:10:38:47,706 INFO     [psi4.optking.displace:416] 	RMS(dx):  0.000e+00 	Max(dx):  0.000e+00 	RMS(dq):  0.000e+00
2025-12-23:10:38:47,706 INFO     [psi4.optking.displace:172] 

	        --- Internal Coordinate Step in ANG or DEG, aJ/ANG or AJ/DEG ---
	-------------------------------------------------------------------------------
	           Coordinate      Previous         Force          Change          New 
	           ----------      --------        ------          ------        ------
	               R(1,2)       2.20540        0.00029        0.00044       2.20584
	-------------------------------------------------------------------------------

2025-12-23:10:38:47,706 INFO     [psi4.optking.stepAlgorithms:113] 	|target step| :    0.0008366923
2025-12-23:10:38:47,706 INFO     [psi4.optking.stepAlgorithms:114] 	gradient     :   -0.0000349702
2025-12-23:10:38:47,706 INFO     [psi4.optking.stepAlgorithms:115] 	hessian      :    0.0417957599
2025-12-23:10:38:47,706 INFO     [psi4.optking.stepAlgorithms:113] 	|target step| :    0.0008366923
2025-12-23:10:38:47,706 INFO     [psi4.optking.stepAlgorithms:114] 	gradient     :   -0.0000349702
2025-12-23:10:38:47,706 INFO     [psi4.optking.stepAlgorithms:115] 	hessian      :    0.0417957599
2025-12-23:10:38:47,706 INFO     [psi4.optking.stepAlgorithms:206] 	Norm of achieved step-size    0.0008366923
2025-12-23:10:38:47,706 INFO     [psi4.optking.stepAlgorithms:208] 	Norm of achieved step-size (cart):    0.0005916308
2025-12-23:10:38:47,707 INFO     [psi4.optking.opt_helper:164] Molsys:

	                            ===> Fragment 1 <== 

	 Z (Atomic Numbers)          Masses                          Geom                  
	       3.000000             7.016003          0.00000000  0.00000000  2.34373481   
	       4.000000             9.012183          0.00000000  0.00000000 -1.82469513   

	 - Coordinate -           - BOHR/RAD -       - ANG/DEG -
	 R(1,2)           =         4.168430           2.205838

2025-12-23:10:38:47,707 INFO     [psi4.optking.convcheck:76] Performing convergence check.
2025-12-23:10:38:47,707 INFO     [psi4.optking.convcheck:282] 
	                                 ==> Convergence Check <==                                  
    
	Measures of convergence in internal coordinates in au.
    
	Criteria marked as inactive (o), active & met (*), and active & unmet ( ).

	----------------------------------------------------------------------------------------------
	   Step    Total Energy     Delta E     Max Force     RMS Force      Max Disp      RMS Disp   
	----------------------------------------------------------------------------------------------
	  Convergence Criteria     1.00e-06 *    3.00e-04 *             o    1.20e-03 *             o
	----------------------------------------------------------------------------------------------
	    10     -22.15699573   -1.99e-07 *    3.50e-05 *    3.50e-05 o    8.37e-04 *    8.37e-04 o  ~
	----------------------------------------------------------------------------------------------


2025-12-23:10:38:47,707 INFO     [psi4.optking.convcheck:206] 
	                      ===> Final Convergence Report <===                     

	----------------------------------------------------------------------------
	|   Required Criteria    |  One or More Criteria  |   Alternate Criteria   |
	----------------------------------------------------------------------------
	| [x]     max_force      | [x]       max_DE       |                        |
	|                        | [x]      max_disp      |                        |
	----------------------------------------------------------------------------


2025-12-23:10:38:47,707 INFO     [psi4.optking.stepAlgorithms:296] 	Convergence check returned True
2025-12-23:10:38:47,707 INFO     [psi4.optking.optimize:332] 	Converged in 10 steps!
2025-12-23:10:38:47,707 INFO     [psi4.optking.optimize:333] 	Final energy is    -22.1569957293024
2025-12-23:10:38:47,707 INFO     [psi4.optking.optimize:334] 	Final structure (Angstroms): 
	Fragment 1 (Ang)

	   Li   0.0000000000   0.0000000000   1.2402510495
	   Be   0.0000000000   0.0000000000  -0.9655870809


2025-12-23:10:38:47,708 INFO     [psi4.optking.optimize:562] 	Optimization Finished

	==> Optimization Summary <==

        
	Measures of convergence in internal coordinates in au. (Any backward steps not shown.)
        
	---------------------------------------------------------------------------------------------------------------  ~
        
	 Step         Total Energy             Delta E       MAX Force       RMS Force        MAX Disp        RMS Disp   ~
        
	---------------------------------------------------------------------------------------------------------------  ~
        
	     1     -21.982957150426    -21.982957150426      0.26214326      0.26214326      0.23613694      0.23613694  ~
	     2     -22.037041590682     -0.054084440256      0.19904974      0.19904974      0.53318653      0.53318653  ~
	     3     -22.114281531855     -0.077239941173      0.09762024      0.09762024      0.38782280      0.38782280  ~
	     4     -22.141978780811     -0.027697248956      0.04849887      0.04849887      0.33892366      0.33892366  ~
	     5     -22.153293673877     -0.011314893066      0.02029835      0.02029835      0.23094160      0.23094160  ~
	     6     -22.156392841505     -0.003099167628      0.00726189      0.00726189      0.12658350      0.12658350  ~
	     7     -22.156954122577     -0.000561281072      0.00178659      0.00178659      0.03446408      0.03446408  ~
	     8     -22.156992758335     -0.000038635758      0.00047138      0.00047138      0.00931866      0.00931866  ~
	     9     -22.156995529824     -0.000002771489      0.00012787      0.00012787      0.00254412      0.00254412  ~
	    10     -22.156995729302     -0.000000199479      0.00003497      0.00003497      0.00083669      0.00083669  ~
	----------------------------------------------------------------------------------------------------------------


2025-12-23:10:38:47,708 INFO     [psi4.optking.optimize:806] Preparing OptimizationResult
